2026-07-16 07:35:21,991 [INFO] train: ========================================================================
2026-07-16 07:35:21,991 [INFO] train: model=sam_med3d config=configs/lowshot/ls_samMed3d_ft_pt_f010.yaml
2026-07-16 07:35:21,992 [INFO] train: output=/scratch/lskrlj/runs/ls_samMed3d_ft_pt_f010 device=cuda (NVIDIA A100-SXM4-40GB)
2026-07-16 07:35:21,992 [INFO] train: epochs=500 batch_size=2 grad_accum=2 eff_batch=4 lr=0.0002 amp=True
2026-07-16 07:35:21,992 [INFO] train: ========================================================================
2026-07-16 07:35:21,995 [INFO] train: splits: train=1082 val=57 classes=117
2026-07-16 07:35:21,996 [INFO] train: low-shot: train_fraction=0.1000 seed=1234 -> 108/1082 train cases
2026-07-16 07:35:22,215 [INFO] train: disk cache: /scratch/lskrlj/cache/TotalSeg/833d9d046402 (fingerprint=833d9d046402)
2026-07-16 07:36:16,953 [INFO] train: model sam_med3d, trainable params: 101981912 / 101981912 total (freeze_backbone=False)
2026-07-16 07:36:26,157 [WARNING] trainer: --resume set but no checkpoint found in /scratch/lskrlj/runs/ls_samMed3d_ft_pt_f010; starting fresh
2026-07-16 07:36:26,157 [INFO] trainer: start: epochs 1-500/500 device=cuda amp=bf16 train_batches=54 val_batches=57
2026-07-16 07:36:53,816 [INFO] trainer: epoch 1 step 50/54 loss=10.4060 lr=1.85e-05
2026-07-16 07:36:55,660 [INFO] trainer: epoch 1 done train_loss=10.3682 dt=29.5s
2026-07-16 07:37:19,412 [INFO] trainer: epoch 2 step 50/54 loss=9.0929 lr=3.85e-05
2026-07-16 07:37:21,257 [INFO] trainer: epoch 2 done train_loss=9.0465 dt=25.6s
2026-07-16 07:37:45,079 [INFO] trainer: epoch 3 step 50/54 loss=7.8916 lr=5.85e-05
2026-07-16 07:37:46,927 [INFO] trainer: epoch 3 done train_loss=7.8557 dt=25.7s
2026-07-16 07:38:10,830 [INFO] trainer: epoch 4 step 50/54 loss=7.2532 lr=7.85e-05
2026-07-16 07:38:12,676 [INFO] trainer: epoch 4 done train_loss=7.2441 dt=25.7s
2026-07-16 07:38:36,445 [INFO] trainer: epoch 5 step 50/54 loss=6.8457 lr=9.85e-05
2026-07-16 07:38:38,288 [INFO] trainer: epoch 5 done train_loss=6.8252 dt=25.6s
2026-07-16 07:39:02,107 [INFO] trainer: epoch 6 step 50/54 loss=6.4192 lr=1.19e-04
2026-07-16 07:39:03,957 [INFO] trainer: epoch 6 done train_loss=6.4117 dt=25.7s
2026-07-16 07:39:29,248 [INFO] trainer: epoch 7 step 50/54 loss=6.1322 lr=1.39e-04
2026-07-16 07:39:31,094 [INFO] trainer: epoch 7 done train_loss=6.1240 dt=27.1s
2026-07-16 07:39:55,084 [INFO] trainer: epoch 8 step 50/54 loss=5.8246 lr=1.59e-04
2026-07-16 07:39:56,935 [INFO] trainer: epoch 8 done train_loss=5.8047 dt=25.8s
2026-07-16 07:40:20,716 [INFO] trainer: epoch 9 step 50/54 loss=5.4372 lr=1.79e-04
2026-07-16 07:40:22,559 [INFO] trainer: epoch 9 done train_loss=5.4313 dt=25.6s
2026-07-16 07:40:46,235 [INFO] trainer: epoch 10 step 50/54 loss=5.1855 lr=1.99e-04
2026-07-16 07:40:48,079 [INFO] trainer: epoch 10 done train_loss=5.1827 dt=25.5s
2026-07-16 07:41:13,618 [INFO] trainer: epoch 11 step 50/54 loss=4.8733 lr=2.00e-04
2026-07-16 07:41:15,467 [INFO] trainer: epoch 11 done train_loss=4.8607 dt=25.7s
2026-07-16 07:41:39,293 [INFO] trainer: epoch 12 step 50/54 loss=4.5998 lr=2.00e-04
2026-07-16 07:41:41,139 [INFO] trainer: epoch 12 done train_loss=4.5898 dt=25.7s
2026-07-16 07:42:04,956 [INFO] trainer: epoch 13 step 50/54 loss=4.3601 lr=2.00e-04
2026-07-16 07:42:06,805 [INFO] trainer: epoch 13 done train_loss=4.3537 dt=25.7s
2026-07-16 07:42:30,530 [INFO] trainer: epoch 14 step 50/54 loss=4.1334 lr=2.00e-04
2026-07-16 07:42:32,376 [INFO] trainer: epoch 14 done train_loss=4.1236 dt=25.6s
2026-07-16 07:42:56,028 [INFO] trainer: epoch 15 step 50/54 loss=3.9345 lr=2.00e-04
2026-07-16 07:42:57,876 [INFO] trainer: epoch 15 done train_loss=3.9338 dt=25.5s
2026-07-16 07:43:21,620 [INFO] trainer: epoch 16 step 50/54 loss=3.7924 lr=2.00e-04
2026-07-16 07:43:23,462 [INFO] trainer: epoch 16 done train_loss=3.7927 dt=25.6s
2026-07-16 07:43:47,206 [INFO] trainer: epoch 17 step 50/54 loss=3.6753 lr=2.00e-04
2026-07-16 07:43:49,052 [INFO] trainer: epoch 17 done train_loss=3.6604 dt=25.6s
2026-07-16 07:44:12,828 [INFO] trainer: epoch 18 step 50/54 loss=3.5277 lr=2.00e-04
2026-07-16 07:44:14,680 [INFO] trainer: epoch 18 done train_loss=3.5086 dt=25.6s
2026-07-16 07:44:38,502 [INFO] trainer: epoch 19 step 50/54 loss=3.3628 lr=2.00e-04
2026-07-16 07:44:40,349 [INFO] trainer: epoch 19 done train_loss=3.3623 dt=25.7s
2026-07-16 07:45:04,102 [INFO] trainer: epoch 20 step 50/54 loss=3.2104 lr=2.00e-04
2026-07-16 07:45:05,948 [INFO] trainer: epoch 20 done train_loss=3.2156 dt=25.6s
2026-07-16 07:45:31,456 [INFO] trainer: epoch 21 step 50/54 loss=3.1455 lr=2.00e-04
2026-07-16 07:45:33,300 [INFO] trainer: epoch 21 done train_loss=3.1433 dt=25.7s
2026-07-16 07:45:57,081 [INFO] trainer: epoch 22 step 50/54 loss=3.0014 lr=2.00e-04
2026-07-16 07:45:58,923 [INFO] trainer: epoch 22 done train_loss=3.0111 dt=25.6s
2026-07-16 07:46:22,643 [INFO] trainer: epoch 23 step 50/54 loss=2.9834 lr=2.00e-04
2026-07-16 07:46:24,490 [INFO] trainer: epoch 23 done train_loss=2.9757 dt=25.6s
2026-07-16 07:46:48,335 [INFO] trainer: epoch 24 step 50/54 loss=2.8741 lr=2.00e-04
2026-07-16 07:46:50,181 [INFO] trainer: epoch 24 done train_loss=2.8712 dt=25.7s
2026-07-16 07:47:14,102 [INFO] trainer: epoch 25 step 50/54 loss=2.8258 lr=2.00e-04
2026-07-16 07:47:15,941 [INFO] trainer: epoch 25 done train_loss=2.8328 dt=25.8s
2026-07-16 07:49:17,613 [INFO] trainer: epoch 25 val_mean_dice=0.0412
2026-07-16 07:49:43,082 [INFO] trainer: epoch 26 step 50/54 loss=2.7854 lr=1.99e-04
2026-07-16 07:49:44,916 [INFO] trainer: epoch 26 done train_loss=2.7886 dt=25.6s
2026-07-16 07:50:08,653 [INFO] trainer: epoch 27 step 50/54 loss=2.7075 lr=1.99e-04
2026-07-16 07:50:10,490 [INFO] trainer: epoch 27 done train_loss=2.7009 dt=25.6s
2026-07-16 07:50:34,179 [INFO] trainer: epoch 28 step 50/54 loss=2.6654 lr=1.99e-04
2026-07-16 07:50:36,014 [INFO] trainer: epoch 28 done train_loss=2.6674 dt=25.5s
2026-07-16 07:50:59,725 [INFO] trainer: epoch 29 step 50/54 loss=2.6376 lr=1.99e-04
2026-07-16 07:51:01,559 [INFO] trainer: epoch 29 done train_loss=2.6335 dt=25.5s
2026-07-16 07:51:25,337 [INFO] trainer: epoch 30 step 50/54 loss=2.5672 lr=1.99e-04
2026-07-16 07:51:27,171 [INFO] trainer: epoch 30 done train_loss=2.5659 dt=25.6s
2026-07-16 07:51:52,801 [INFO] trainer: epoch 31 step 50/54 loss=2.5368 lr=1.99e-04
2026-07-16 07:51:54,637 [INFO] trainer: epoch 31 done train_loss=2.5366 dt=25.7s
2026-07-16 07:52:18,638 [INFO] trainer: epoch 32 step 50/54 loss=2.5270 lr=1.99e-04
2026-07-16 07:52:20,482 [INFO] trainer: epoch 32 done train_loss=2.5270 dt=25.8s
2026-07-16 07:52:44,321 [INFO] trainer: epoch 33 step 50/54 loss=2.4597 lr=1.99e-04
2026-07-16 07:52:46,165 [INFO] trainer: epoch 33 done train_loss=2.4640 dt=25.7s
2026-07-16 07:53:09,872 [INFO] trainer: epoch 34 step 50/54 loss=2.4428 lr=1.99e-04
2026-07-16 07:53:11,707 [INFO] trainer: epoch 34 done train_loss=2.4469 dt=25.5s
2026-07-16 07:53:35,485 [INFO] trainer: epoch 35 step 50/54 loss=2.3943 lr=1.99e-04
2026-07-16 07:53:37,321 [INFO] trainer: epoch 35 done train_loss=2.3988 dt=25.6s
2026-07-16 07:54:01,138 [INFO] trainer: epoch 36 step 50/54 loss=2.3816 lr=1.99e-04
2026-07-16 07:54:02,974 [INFO] trainer: epoch 36 done train_loss=2.3743 dt=25.7s
2026-07-16 07:54:26,665 [INFO] trainer: epoch 37 step 50/54 loss=2.3332 lr=1.99e-04
2026-07-16 07:54:28,501 [INFO] trainer: epoch 37 done train_loss=2.3368 dt=25.5s
2026-07-16 07:54:52,217 [INFO] trainer: epoch 38 step 50/54 loss=2.3203 lr=1.98e-04
2026-07-16 07:54:54,059 [INFO] trainer: epoch 38 done train_loss=2.3267 dt=25.6s
2026-07-16 07:55:17,631 [INFO] trainer: epoch 39 step 50/54 loss=2.2942 lr=1.98e-04
2026-07-16 07:55:19,475 [INFO] trainer: epoch 39 done train_loss=2.2874 dt=25.4s
2026-07-16 07:55:43,078 [INFO] trainer: epoch 40 step 50/54 loss=2.2964 lr=1.98e-04
2026-07-16 07:55:44,912 [INFO] trainer: epoch 40 done train_loss=2.2925 dt=25.4s
2026-07-16 07:56:10,554 [INFO] trainer: epoch 41 step 50/54 loss=2.2595 lr=1.98e-04
2026-07-16 07:56:12,391 [INFO] trainer: epoch 41 done train_loss=2.2612 dt=25.6s
2026-07-16 07:56:36,007 [INFO] trainer: epoch 42 step 50/54 loss=2.2355 lr=1.98e-04
2026-07-16 07:56:37,842 [INFO] trainer: epoch 42 done train_loss=2.2313 dt=25.5s
2026-07-16 07:57:01,616 [INFO] trainer: epoch 43 step 50/54 loss=2.2128 lr=1.98e-04
2026-07-16 07:57:03,453 [INFO] trainer: epoch 43 done train_loss=2.2149 dt=25.6s
2026-07-16 07:57:27,213 [INFO] trainer: epoch 44 step 50/54 loss=2.1663 lr=1.98e-04
2026-07-16 07:57:29,048 [INFO] trainer: epoch 44 done train_loss=2.1590 dt=25.6s
2026-07-16 07:57:52,749 [INFO] trainer: epoch 45 step 50/54 loss=2.1832 lr=1.98e-04
2026-07-16 07:57:54,585 [INFO] trainer: epoch 45 done train_loss=2.1825 dt=25.5s
2026-07-16 07:58:18,273 [INFO] trainer: epoch 46 step 50/54 loss=2.1835 lr=1.97e-04
2026-07-16 07:58:20,109 [INFO] trainer: epoch 46 done train_loss=2.1769 dt=25.5s
2026-07-16 07:58:43,758 [INFO] trainer: epoch 47 step 50/54 loss=2.1676 lr=1.97e-04
2026-07-16 07:58:45,593 [INFO] trainer: epoch 47 done train_loss=2.1632 dt=25.5s
2026-07-16 07:59:09,249 [INFO] trainer: epoch 48 step 50/54 loss=2.1448 lr=1.97e-04
2026-07-16 07:59:11,084 [INFO] trainer: epoch 48 done train_loss=2.1355 dt=25.5s
2026-07-16 07:59:34,833 [INFO] trainer: epoch 49 step 50/54 loss=2.1055 lr=1.97e-04
2026-07-16 07:59:36,671 [INFO] trainer: epoch 49 done train_loss=2.1033 dt=25.6s
2026-07-16 08:00:00,656 [INFO] trainer: epoch 50 step 50/54 loss=2.0928 lr=1.97e-04
2026-07-16 08:00:02,498 [INFO] trainer: epoch 50 done train_loss=2.0924 dt=25.8s
2026-07-16 08:01:59,386 [INFO] trainer: epoch 50 val_mean_dice=0.2732
2026-07-16 08:02:27,252 [INFO] trainer: epoch 51 step 50/54 loss=2.0897 lr=1.97e-04
2026-07-16 08:02:29,087 [INFO] trainer: epoch 51 done train_loss=2.0985 dt=25.5s
2026-07-16 08:02:52,651 [INFO] trainer: epoch 52 step 50/54 loss=2.0477 lr=1.96e-04
2026-07-16 08:02:54,485 [INFO] trainer: epoch 52 done train_loss=2.0504 dt=25.4s
2026-07-16 08:03:18,159 [INFO] trainer: epoch 53 step 50/54 loss=2.0540 lr=1.96e-04
2026-07-16 08:03:20,005 [INFO] trainer: epoch 53 done train_loss=2.0494 dt=25.5s
2026-07-16 08:03:43,776 [INFO] trainer: epoch 54 step 50/54 loss=2.0428 lr=1.96e-04
2026-07-16 08:03:45,611 [INFO] trainer: epoch 54 done train_loss=2.0388 dt=25.6s
2026-07-16 08:04:09,450 [INFO] trainer: epoch 55 step 50/54 loss=2.0609 lr=1.96e-04
2026-07-16 08:04:11,289 [INFO] trainer: epoch 55 done train_loss=2.0552 dt=25.7s
2026-07-16 08:04:34,928 [INFO] trainer: epoch 56 step 50/54 loss=2.0512 lr=1.96e-04
2026-07-16 08:04:36,767 [INFO] trainer: epoch 56 done train_loss=2.0545 dt=25.5s
2026-07-16 08:05:00,449 [INFO] trainer: epoch 57 step 50/54 loss=2.0077 lr=1.96e-04
2026-07-16 08:05:02,288 [INFO] trainer: epoch 57 done train_loss=2.0119 dt=25.5s
2026-07-16 08:05:25,801 [INFO] trainer: epoch 58 step 50/54 loss=2.0027 lr=1.95e-04
2026-07-16 08:05:27,641 [INFO] trainer: epoch 58 done train_loss=1.9956 dt=25.4s
2026-07-16 08:05:51,302 [INFO] trainer: epoch 59 step 50/54 loss=1.9810 lr=1.95e-04
2026-07-16 08:05:53,144 [INFO] trainer: epoch 59 done train_loss=1.9852 dt=25.5s
2026-07-16 08:06:16,789 [INFO] trainer: epoch 60 step 50/54 loss=1.9612 lr=1.95e-04
2026-07-16 08:06:18,633 [INFO] trainer: epoch 60 done train_loss=1.9605 dt=25.5s
2026-07-16 08:06:44,312 [INFO] trainer: epoch 61 step 50/54 loss=1.9729 lr=1.95e-04
2026-07-16 08:06:46,149 [INFO] trainer: epoch 61 done train_loss=1.9663 dt=25.6s
2026-07-16 08:07:09,880 [INFO] trainer: epoch 62 step 50/54 loss=1.9570 lr=1.95e-04
2026-07-16 08:07:11,724 [INFO] trainer: epoch 62 done train_loss=1.9600 dt=25.6s
2026-07-16 08:07:35,461 [INFO] trainer: epoch 63 step 50/54 loss=1.9430 lr=1.94e-04
2026-07-16 08:07:37,304 [INFO] trainer: epoch 63 done train_loss=1.9394 dt=25.6s
2026-07-16 08:08:01,013 [INFO] trainer: epoch 64 step 50/54 loss=1.9246 lr=1.94e-04
2026-07-16 08:08:02,855 [INFO] trainer: epoch 64 done train_loss=1.9330 dt=25.6s
2026-07-16 08:08:26,595 [INFO] trainer: epoch 65 step 50/54 loss=1.9072 lr=1.94e-04
2026-07-16 08:08:28,431 [INFO] trainer: epoch 65 done train_loss=1.9113 dt=25.6s
2026-07-16 08:08:52,266 [INFO] trainer: epoch 66 step 50/54 loss=1.9016 lr=1.94e-04
2026-07-16 08:08:54,103 [INFO] trainer: epoch 66 done train_loss=1.9019 dt=25.7s
2026-07-16 08:09:17,809 [INFO] trainer: epoch 67 step 50/54 loss=1.9147 lr=1.93e-04
2026-07-16 08:09:19,646 [INFO] trainer: epoch 67 done train_loss=1.9195 dt=25.5s
2026-07-16 08:09:43,383 [INFO] trainer: epoch 68 step 50/54 loss=1.8817 lr=1.93e-04
2026-07-16 08:09:45,224 [INFO] trainer: epoch 68 done train_loss=1.8781 dt=25.6s
2026-07-16 08:10:08,962 [INFO] trainer: epoch 69 step 50/54 loss=1.8909 lr=1.93e-04
2026-07-16 08:10:10,802 [INFO] trainer: epoch 69 done train_loss=1.8843 dt=25.6s
2026-07-16 08:10:34,529 [INFO] trainer: epoch 70 step 50/54 loss=1.8862 lr=1.93e-04
2026-07-16 08:10:36,363 [INFO] trainer: epoch 70 done train_loss=1.8960 dt=25.6s
2026-07-16 08:11:02,017 [INFO] trainer: epoch 71 step 50/54 loss=1.8621 lr=1.93e-04
2026-07-16 08:11:03,853 [INFO] trainer: epoch 71 done train_loss=1.8624 dt=25.5s
2026-07-16 08:11:27,514 [INFO] trainer: epoch 72 step 50/54 loss=1.8396 lr=1.92e-04
2026-07-16 08:11:29,356 [INFO] trainer: epoch 72 done train_loss=1.8430 dt=25.5s
2026-07-16 08:11:53,108 [INFO] trainer: epoch 73 step 50/54 loss=1.8558 lr=1.92e-04
2026-07-16 08:11:54,943 [INFO] trainer: epoch 73 done train_loss=1.8626 dt=25.6s
2026-07-16 08:12:18,661 [INFO] trainer: epoch 74 step 50/54 loss=1.8528 lr=1.92e-04
2026-07-16 08:12:20,495 [INFO] trainer: epoch 74 done train_loss=1.8328 dt=25.6s
2026-07-16 08:12:44,312 [INFO] trainer: epoch 75 step 50/54 loss=1.8173 lr=1.92e-04
2026-07-16 08:12:46,152 [INFO] trainer: epoch 75 done train_loss=1.8119 dt=25.7s
2026-07-16 08:14:42,926 [INFO] trainer: epoch 75 val_mean_dice=0.4718
2026-07-16 08:15:08,672 [INFO] trainer: epoch 76 step 50/54 loss=1.8309 lr=1.91e-04
2026-07-16 08:15:10,507 [INFO] trainer: epoch 76 done train_loss=1.8216 dt=25.9s
2026-07-16 08:15:34,274 [INFO] trainer: epoch 77 step 50/54 loss=1.7790 lr=1.91e-04
2026-07-16 08:15:36,109 [INFO] trainer: epoch 77 done train_loss=1.7858 dt=25.6s
2026-07-16 08:15:59,927 [INFO] trainer: epoch 78 step 50/54 loss=1.7795 lr=1.91e-04
2026-07-16 08:16:01,763 [INFO] trainer: epoch 78 done train_loss=1.7785 dt=25.7s
2026-07-16 08:16:25,371 [INFO] trainer: epoch 79 step 50/54 loss=1.8154 lr=1.90e-04
2026-07-16 08:16:27,206 [INFO] trainer: epoch 79 done train_loss=1.8249 dt=25.4s
2026-07-16 08:16:50,961 [INFO] trainer: epoch 80 step 50/54 loss=1.7871 lr=1.90e-04
2026-07-16 08:16:52,794 [INFO] trainer: epoch 80 done train_loss=1.7899 dt=25.6s
2026-07-16 08:17:18,341 [INFO] trainer: epoch 81 step 50/54 loss=1.7619 lr=1.90e-04
2026-07-16 08:17:20,182 [INFO] trainer: epoch 81 done train_loss=1.7597 dt=25.6s
2026-07-16 08:17:43,945 [INFO] trainer: epoch 82 step 50/54 loss=1.7678 lr=1.90e-04
2026-07-16 08:17:45,786 [INFO] trainer: epoch 82 done train_loss=1.7722 dt=25.6s
2026-07-16 08:18:09,516 [INFO] trainer: epoch 83 step 50/54 loss=1.7736 lr=1.89e-04
2026-07-16 08:18:11,349 [INFO] trainer: epoch 83 done train_loss=1.7751 dt=25.6s
2026-07-16 08:18:35,042 [INFO] trainer: epoch 84 step 50/54 loss=1.7536 lr=1.89e-04
2026-07-16 08:18:36,877 [INFO] trainer: epoch 84 done train_loss=1.7511 dt=25.5s
2026-07-16 08:19:00,813 [INFO] trainer: epoch 85 step 50/54 loss=1.7671 lr=1.89e-04
2026-07-16 08:19:02,648 [INFO] trainer: epoch 85 done train_loss=1.7667 dt=25.8s
2026-07-16 08:19:26,276 [INFO] trainer: epoch 86 step 50/54 loss=1.7469 lr=1.88e-04
2026-07-16 08:19:28,110 [INFO] trainer: epoch 86 done train_loss=1.7454 dt=25.5s
2026-07-16 08:19:51,805 [INFO] trainer: epoch 87 step 50/54 loss=1.7284 lr=1.88e-04
2026-07-16 08:19:53,639 [INFO] trainer: epoch 87 done train_loss=1.7169 dt=25.5s
2026-07-16 08:20:17,426 [INFO] trainer: epoch 88 step 50/54 loss=1.7285 lr=1.88e-04
2026-07-16 08:20:19,268 [INFO] trainer: epoch 88 done train_loss=1.7275 dt=25.6s
2026-07-16 08:20:43,140 [INFO] trainer: epoch 89 step 50/54 loss=1.7219 lr=1.88e-04
2026-07-16 08:20:44,981 [INFO] trainer: epoch 89 done train_loss=1.7160 dt=25.7s
2026-07-16 08:21:08,683 [INFO] trainer: epoch 90 step 50/54 loss=1.7168 lr=1.87e-04
2026-07-16 08:21:10,524 [INFO] trainer: epoch 90 done train_loss=1.7290 dt=25.5s
2026-07-16 08:21:36,478 [INFO] trainer: epoch 91 step 50/54 loss=1.7224 lr=1.87e-04
2026-07-16 08:21:38,313 [INFO] trainer: epoch 91 done train_loss=1.7238 dt=25.7s
2026-07-16 08:22:02,101 [INFO] trainer: epoch 92 step 50/54 loss=1.6955 lr=1.87e-04
2026-07-16 08:22:03,946 [INFO] trainer: epoch 92 done train_loss=1.6889 dt=25.6s
2026-07-16 08:22:27,754 [INFO] trainer: epoch 93 step 50/54 loss=1.6786 lr=1.86e-04
2026-07-16 08:22:29,595 [INFO] trainer: epoch 93 done train_loss=1.6811 dt=25.6s
2026-07-16 08:22:53,228 [INFO] trainer: epoch 94 step 50/54 loss=1.6682 lr=1.86e-04
2026-07-16 08:22:55,062 [INFO] trainer: epoch 94 done train_loss=1.6671 dt=25.5s
2026-07-16 08:23:18,687 [INFO] trainer: epoch 95 step 50/54 loss=1.6706 lr=1.86e-04
2026-07-16 08:23:20,522 [INFO] trainer: epoch 95 done train_loss=1.6749 dt=25.5s
2026-07-16 08:23:44,147 [INFO] trainer: epoch 96 step 50/54 loss=1.6846 lr=1.85e-04
2026-07-16 08:23:45,984 [INFO] trainer: epoch 96 done train_loss=1.6819 dt=25.5s
2026-07-16 08:24:09,631 [INFO] trainer: epoch 97 step 50/54 loss=1.6337 lr=1.85e-04
2026-07-16 08:24:11,468 [INFO] trainer: epoch 97 done train_loss=1.6344 dt=25.5s
2026-07-16 08:24:35,148 [INFO] trainer: epoch 98 step 50/54 loss=1.6342 lr=1.85e-04
2026-07-16 08:24:36,986 [INFO] trainer: epoch 98 done train_loss=1.6384 dt=25.5s
2026-07-16 08:25:00,774 [INFO] trainer: epoch 99 step 50/54 loss=1.6282 lr=1.84e-04
2026-07-16 08:25:02,611 [INFO] trainer: epoch 99 done train_loss=1.6351 dt=25.6s
2026-07-16 08:25:26,288 [INFO] trainer: epoch 100 step 50/54 loss=1.6567 lr=1.84e-04
2026-07-16 08:25:28,125 [INFO] trainer: epoch 100 done train_loss=1.6579 dt=25.5s
2026-07-16 08:27:26,998 [INFO] trainer: epoch 100 val_mean_dice=0.5640
2026-07-16 08:27:54,725 [INFO] trainer: epoch 101 step 50/54 loss=1.6533 lr=1.84e-04
2026-07-16 08:27:56,561 [INFO] trainer: epoch 101 done train_loss=1.6559 dt=25.8s
2026-07-16 08:28:20,278 [INFO] trainer: epoch 102 step 50/54 loss=1.6384 lr=1.83e-04
2026-07-16 08:28:22,116 [INFO] trainer: epoch 102 done train_loss=1.6472 dt=25.6s
2026-07-16 08:28:45,866 [INFO] trainer: epoch 103 step 50/54 loss=1.6480 lr=1.83e-04
2026-07-16 08:28:47,717 [INFO] trainer: epoch 103 done train_loss=1.6495 dt=25.6s
2026-07-16 08:29:11,557 [INFO] trainer: epoch 104 step 50/54 loss=1.6362 lr=1.82e-04
2026-07-16 08:29:13,397 [INFO] trainer: epoch 104 done train_loss=1.6288 dt=25.7s
2026-07-16 08:29:36,956 [INFO] trainer: epoch 105 step 50/54 loss=1.5763 lr=1.82e-04
2026-07-16 08:29:38,791 [INFO] trainer: epoch 105 done train_loss=1.5730 dt=25.4s
2026-07-16 08:30:02,445 [INFO] trainer: epoch 106 step 50/54 loss=1.6407 lr=1.82e-04
2026-07-16 08:30:04,287 [INFO] trainer: epoch 106 done train_loss=1.6341 dt=25.5s
2026-07-16 08:30:28,158 [INFO] trainer: epoch 107 step 50/54 loss=1.5833 lr=1.81e-04
2026-07-16 08:30:29,999 [INFO] trainer: epoch 107 done train_loss=1.5976 dt=25.7s
2026-07-16 08:30:53,845 [INFO] trainer: epoch 108 step 50/54 loss=1.6025 lr=1.81e-04
2026-07-16 08:30:55,690 [INFO] trainer: epoch 108 done train_loss=1.6140 dt=25.7s
2026-07-16 08:31:19,489 [INFO] trainer: epoch 109 step 50/54 loss=1.6056 lr=1.81e-04
2026-07-16 08:31:21,336 [INFO] trainer: epoch 109 done train_loss=1.6085 dt=25.6s
2026-07-16 08:31:45,104 [INFO] trainer: epoch 110 step 50/54 loss=1.6101 lr=1.80e-04
2026-07-16 08:31:46,951 [INFO] trainer: epoch 110 done train_loss=1.6055 dt=25.6s
2026-07-16 08:32:12,597 [INFO] trainer: epoch 111 step 50/54 loss=1.6098 lr=1.80e-04
2026-07-16 08:32:14,436 [INFO] trainer: epoch 111 done train_loss=1.6128 dt=25.7s
2026-07-16 08:32:38,100 [INFO] trainer: epoch 112 step 50/54 loss=1.6164 lr=1.79e-04
2026-07-16 08:32:39,942 [INFO] trainer: epoch 112 done train_loss=1.5970 dt=25.5s
2026-07-16 08:33:03,640 [INFO] trainer: epoch 113 step 50/54 loss=1.5834 lr=1.79e-04
2026-07-16 08:33:05,477 [INFO] trainer: epoch 113 done train_loss=1.5928 dt=25.5s
2026-07-16 08:33:29,292 [INFO] trainer: epoch 114 step 50/54 loss=1.5866 lr=1.79e-04
2026-07-16 08:33:31,134 [INFO] trainer: epoch 114 done train_loss=1.5875 dt=25.7s
2026-07-16 08:33:54,888 [INFO] trainer: epoch 115 step 50/54 loss=1.5553 lr=1.78e-04
2026-07-16 08:33:56,731 [INFO] trainer: epoch 115 done train_loss=1.5700 dt=25.6s
2026-07-16 08:34:20,491 [INFO] trainer: epoch 116 step 50/54 loss=1.5553 lr=1.78e-04
2026-07-16 08:34:22,334 [INFO] trainer: epoch 116 done train_loss=1.5434 dt=25.6s
2026-07-16 08:34:46,148 [INFO] trainer: epoch 117 step 50/54 loss=1.5549 lr=1.78e-04
2026-07-16 08:34:47,982 [INFO] trainer: epoch 117 done train_loss=1.5555 dt=25.6s
2026-07-16 08:35:11,681 [INFO] trainer: epoch 118 step 50/54 loss=1.6064 lr=1.77e-04
2026-07-16 08:35:13,519 [INFO] trainer: epoch 118 done train_loss=1.6029 dt=25.5s
2026-07-16 08:35:37,291 [INFO] trainer: epoch 119 step 50/54 loss=1.5440 lr=1.77e-04
2026-07-16 08:35:39,131 [INFO] trainer: epoch 119 done train_loss=1.5461 dt=25.6s
2026-07-16 08:36:02,950 [INFO] trainer: epoch 120 step 50/54 loss=1.5507 lr=1.76e-04
2026-07-16 08:36:04,788 [INFO] trainer: epoch 120 done train_loss=1.5661 dt=25.7s
2026-07-16 08:36:30,370 [INFO] trainer: epoch 121 step 50/54 loss=1.5496 lr=1.76e-04
2026-07-16 08:36:32,205 [INFO] trainer: epoch 121 done train_loss=1.5480 dt=25.7s
2026-07-16 08:36:55,944 [INFO] trainer: epoch 122 step 50/54 loss=1.5188 lr=1.75e-04
2026-07-16 08:36:57,778 [INFO] trainer: epoch 122 done train_loss=1.5129 dt=25.6s
2026-07-16 08:37:21,370 [INFO] trainer: epoch 123 step 50/54 loss=1.5469 lr=1.75e-04
2026-07-16 08:37:23,205 [INFO] trainer: epoch 123 done train_loss=1.5511 dt=25.4s
2026-07-16 08:37:46,994 [INFO] trainer: epoch 124 step 50/54 loss=1.5234 lr=1.75e-04
2026-07-16 08:37:48,835 [INFO] trainer: epoch 124 done train_loss=1.5346 dt=25.6s
2026-07-16 08:38:12,707 [INFO] trainer: epoch 125 step 50/54 loss=1.5520 lr=1.74e-04
2026-07-16 08:38:14,543 [INFO] trainer: epoch 125 done train_loss=1.5514 dt=25.7s
2026-07-16 08:40:13,674 [INFO] trainer: epoch 125 val_mean_dice=0.6030
2026-07-16 08:40:40,146 [INFO] trainer: epoch 126 step 50/54 loss=1.5410 lr=1.74e-04
2026-07-16 08:40:41,991 [INFO] trainer: epoch 126 done train_loss=1.5387 dt=26.5s
2026-07-16 08:41:05,680 [INFO] trainer: epoch 127 step 50/54 loss=1.5244 lr=1.73e-04
2026-07-16 08:41:07,514 [INFO] trainer: epoch 127 done train_loss=1.5364 dt=25.5s
2026-07-16 08:41:31,675 [INFO] trainer: epoch 128 step 50/54 loss=1.5105 lr=1.73e-04
2026-07-16 08:41:33,511 [INFO] trainer: epoch 128 done train_loss=1.5167 dt=26.0s
2026-07-16 08:41:57,398 [INFO] trainer: epoch 129 step 50/54 loss=1.5334 lr=1.72e-04
2026-07-16 08:41:59,229 [INFO] trainer: epoch 129 done train_loss=1.5383 dt=25.7s
2026-07-16 08:42:22,948 [INFO] trainer: epoch 130 step 50/54 loss=1.5293 lr=1.72e-04
2026-07-16 08:42:24,790 [INFO] trainer: epoch 130 done train_loss=1.5320 dt=25.6s
2026-07-16 08:42:52,964 [INFO] trainer: epoch 131 step 50/54 loss=1.5257 lr=1.72e-04
2026-07-16 08:42:54,802 [INFO] trainer: epoch 131 done train_loss=1.5212 dt=25.7s
2026-07-16 08:43:18,510 [INFO] trainer: epoch 132 step 50/54 loss=1.5128 lr=1.71e-04
2026-07-16 08:43:20,346 [INFO] trainer: epoch 132 done train_loss=1.5094 dt=25.5s
2026-07-16 08:43:44,125 [INFO] trainer: epoch 133 step 50/54 loss=1.4828 lr=1.71e-04
2026-07-16 08:43:45,965 [INFO] trainer: epoch 133 done train_loss=1.4952 dt=25.6s
2026-07-16 08:44:09,646 [INFO] trainer: epoch 134 step 50/54 loss=1.5034 lr=1.70e-04
2026-07-16 08:44:11,481 [INFO] trainer: epoch 134 done train_loss=1.5042 dt=25.5s
2026-07-16 08:44:35,165 [INFO] trainer: epoch 135 step 50/54 loss=1.4675 lr=1.70e-04
2026-07-16 08:44:37,008 [INFO] trainer: epoch 135 done train_loss=1.4689 dt=25.5s
2026-07-16 08:45:00,748 [INFO] trainer: epoch 136 step 50/54 loss=1.4806 lr=1.69e-04
2026-07-16 08:45:02,587 [INFO] trainer: epoch 136 done train_loss=1.4881 dt=25.6s
2026-07-16 08:45:26,287 [INFO] trainer: epoch 137 step 50/54 loss=1.5015 lr=1.69e-04
2026-07-16 08:45:28,125 [INFO] trainer: epoch 137 done train_loss=1.5017 dt=25.5s
2026-07-16 08:45:51,964 [INFO] trainer: epoch 138 step 50/54 loss=1.5023 lr=1.68e-04
2026-07-16 08:45:53,799 [INFO] trainer: epoch 138 done train_loss=1.5034 dt=25.7s
2026-07-16 08:46:17,602 [INFO] trainer: epoch 139 step 50/54 loss=1.5043 lr=1.68e-04
2026-07-16 08:46:19,436 [INFO] trainer: epoch 139 done train_loss=1.4931 dt=25.6s
2026-07-16 08:46:43,197 [INFO] trainer: epoch 140 step 50/54 loss=1.5365 lr=1.67e-04
2026-07-16 08:46:45,038 [INFO] trainer: epoch 140 done train_loss=1.5270 dt=25.6s
2026-07-16 08:47:10,660 [INFO] trainer: epoch 141 step 50/54 loss=1.4815 lr=1.67e-04
2026-07-16 08:47:12,499 [INFO] trainer: epoch 141 done train_loss=1.4861 dt=25.6s
2026-07-16 08:47:36,204 [INFO] trainer: epoch 142 step 50/54 loss=1.4877 lr=1.66e-04
2026-07-16 08:47:38,045 [INFO] trainer: epoch 142 done train_loss=1.4893 dt=25.5s
2026-07-16 08:48:01,899 [INFO] trainer: epoch 143 step 50/54 loss=1.4728 lr=1.66e-04
2026-07-16 08:48:03,736 [INFO] trainer: epoch 143 done train_loss=1.4735 dt=25.7s
2026-07-16 08:48:27,487 [INFO] trainer: epoch 144 step 50/54 loss=1.4595 lr=1.66e-04
2026-07-16 08:48:29,323 [INFO] trainer: epoch 144 done train_loss=1.4670 dt=25.6s
2026-07-16 08:48:53,050 [INFO] trainer: epoch 145 step 50/54 loss=1.4684 lr=1.65e-04
2026-07-16 08:48:54,884 [INFO] trainer: epoch 145 done train_loss=1.4675 dt=25.6s
2026-07-16 08:49:18,498 [INFO] trainer: epoch 146 step 50/54 loss=1.4772 lr=1.65e-04
2026-07-16 08:49:20,335 [INFO] trainer: epoch 146 done train_loss=1.4762 dt=25.5s
2026-07-16 08:49:44,065 [INFO] trainer: epoch 147 step 50/54 loss=1.5204 lr=1.64e-04
2026-07-16 08:49:45,903 [INFO] trainer: epoch 147 done train_loss=1.5092 dt=25.6s
2026-07-16 08:50:09,540 [INFO] trainer: epoch 148 step 50/54 loss=1.4914 lr=1.64e-04
2026-07-16 08:50:11,379 [INFO] trainer: epoch 148 done train_loss=1.5054 dt=25.5s
2026-07-16 08:50:34,993 [INFO] trainer: epoch 149 step 50/54 loss=1.5049 lr=1.63e-04
2026-07-16 08:50:36,833 [INFO] trainer: epoch 149 done train_loss=1.5053 dt=25.5s
2026-07-16 08:51:00,506 [INFO] trainer: epoch 150 step 50/54 loss=1.4519 lr=1.63e-04
2026-07-16 08:51:02,343 [INFO] trainer: epoch 150 done train_loss=1.4532 dt=25.5s
2026-07-16 08:53:05,471 [INFO] trainer: epoch 150 val_mean_dice=0.6211
2026-07-16 08:53:33,016 [INFO] trainer: epoch 151 step 50/54 loss=1.4752 lr=1.62e-04
2026-07-16 08:53:34,850 [INFO] trainer: epoch 151 done train_loss=1.4826 dt=25.6s
2026-07-16 08:53:58,611 [INFO] trainer: epoch 152 step 50/54 loss=1.4622 lr=1.62e-04
2026-07-16 08:54:00,445 [INFO] trainer: epoch 152 done train_loss=1.4569 dt=25.6s
2026-07-16 08:54:24,109 [INFO] trainer: epoch 153 step 50/54 loss=1.4257 lr=1.61e-04
2026-07-16 08:54:25,950 [INFO] trainer: epoch 153 done train_loss=1.4338 dt=25.5s
2026-07-16 08:54:49,669 [INFO] trainer: epoch 154 step 50/54 loss=1.4907 lr=1.61e-04
2026-07-16 08:54:51,508 [INFO] trainer: epoch 154 done train_loss=1.4875 dt=25.6s
2026-07-16 08:55:15,089 [INFO] trainer: epoch 155 step 50/54 loss=1.4365 lr=1.60e-04
2026-07-16 08:55:16,925 [INFO] trainer: epoch 155 done train_loss=1.4442 dt=25.4s
2026-07-16 08:55:40,684 [INFO] trainer: epoch 156 step 50/54 loss=1.4635 lr=1.60e-04
2026-07-16 08:55:42,517 [INFO] trainer: epoch 156 done train_loss=1.4665 dt=25.6s
2026-07-16 08:56:06,232 [INFO] trainer: epoch 157 step 50/54 loss=1.4750 lr=1.59e-04
2026-07-16 08:56:08,072 [INFO] trainer: epoch 157 done train_loss=1.4731 dt=25.6s
2026-07-16 08:56:31,939 [INFO] trainer: epoch 158 step 50/54 loss=1.4557 lr=1.59e-04
2026-07-16 08:56:33,773 [INFO] trainer: epoch 158 done train_loss=1.4611 dt=25.7s
2026-07-16 08:56:57,483 [INFO] trainer: epoch 159 step 50/54 loss=1.4243 lr=1.58e-04
2026-07-16 08:56:59,322 [INFO] trainer: epoch 159 done train_loss=1.4294 dt=25.5s
2026-07-16 08:57:22,936 [INFO] trainer: epoch 160 step 50/54 loss=1.4458 lr=1.57e-04
2026-07-16 08:57:24,776 [INFO] trainer: epoch 160 done train_loss=1.4490 dt=25.5s
2026-07-16 08:57:50,240 [INFO] trainer: epoch 161 step 50/54 loss=1.4314 lr=1.57e-04
2026-07-16 08:57:52,078 [INFO] trainer: epoch 161 done train_loss=1.4321 dt=25.6s
2026-07-16 08:58:15,858 [INFO] trainer: epoch 162 step 50/54 loss=1.4490 lr=1.56e-04
2026-07-16 08:58:17,693 [INFO] trainer: epoch 162 done train_loss=1.4525 dt=25.6s
2026-07-16 08:58:41,406 [INFO] trainer: epoch 163 step 50/54 loss=1.4462 lr=1.56e-04
2026-07-16 08:58:43,241 [INFO] trainer: epoch 163 done train_loss=1.4465 dt=25.5s
2026-07-16 08:59:06,971 [INFO] trainer: epoch 164 step 50/54 loss=1.4340 lr=1.55e-04
2026-07-16 08:59:08,810 [INFO] trainer: epoch 164 done train_loss=1.4273 dt=25.6s
2026-07-16 08:59:32,516 [INFO] trainer: epoch 165 step 50/54 loss=1.4048 lr=1.55e-04
2026-07-16 08:59:34,357 [INFO] trainer: epoch 165 done train_loss=1.4093 dt=25.5s
2026-07-16 08:59:58,145 [INFO] trainer: epoch 166 step 50/54 loss=1.4660 lr=1.54e-04
2026-07-16 08:59:59,977 [INFO] trainer: epoch 166 done train_loss=1.4646 dt=25.6s
2026-07-16 09:00:23,637 [INFO] trainer: epoch 167 step 50/54 loss=1.4346 lr=1.54e-04
2026-07-16 09:00:25,471 [INFO] trainer: epoch 167 done train_loss=1.4403 dt=25.5s
2026-07-16 09:00:49,162 [INFO] trainer: epoch 168 step 50/54 loss=1.4140 lr=1.53e-04
2026-07-16 09:00:50,998 [INFO] trainer: epoch 168 done train_loss=1.4312 dt=25.5s
2026-07-16 09:01:14,730 [INFO] trainer: epoch 169 step 50/54 loss=1.4350 lr=1.53e-04
2026-07-16 09:01:16,571 [INFO] trainer: epoch 169 done train_loss=1.4356 dt=25.6s
2026-07-16 09:01:40,183 [INFO] trainer: epoch 170 step 50/54 loss=1.4115 lr=1.52e-04
2026-07-16 09:01:42,015 [INFO] trainer: epoch 170 done train_loss=1.4132 dt=25.4s
2026-07-16 09:02:07,655 [INFO] trainer: epoch 171 step 50/54 loss=1.4181 lr=1.52e-04
2026-07-16 09:02:09,497 [INFO] trainer: epoch 171 done train_loss=1.4127 dt=25.5s
2026-07-16 09:02:33,283 [INFO] trainer: epoch 172 step 50/54 loss=1.4564 lr=1.51e-04
2026-07-16 09:02:35,121 [INFO] trainer: epoch 172 done train_loss=1.4506 dt=25.6s
2026-07-16 09:02:58,873 [INFO] trainer: epoch 173 step 50/54 loss=1.4136 lr=1.50e-04
2026-07-16 09:03:00,720 [INFO] trainer: epoch 173 done train_loss=1.4190 dt=25.6s
2026-07-16 09:03:24,557 [INFO] trainer: epoch 174 step 50/54 loss=1.4145 lr=1.50e-04
2026-07-16 09:03:26,400 [INFO] trainer: epoch 174 done train_loss=1.4214 dt=25.7s
2026-07-16 09:03:50,150 [INFO] trainer: epoch 175 step 50/54 loss=1.4356 lr=1.49e-04
2026-07-16 09:03:51,991 [INFO] trainer: epoch 175 done train_loss=1.4298 dt=25.6s
2026-07-16 09:05:49,878 [INFO] trainer: epoch 175 val_mean_dice=0.6347
2026-07-16 09:06:15,781 [INFO] trainer: epoch 176 step 50/54 loss=1.4064 lr=1.49e-04
2026-07-16 09:06:17,616 [INFO] trainer: epoch 176 done train_loss=1.4110 dt=25.9s
2026-07-16 09:06:41,374 [INFO] trainer: epoch 177 step 50/54 loss=1.4345 lr=1.48e-04
2026-07-16 09:06:43,209 [INFO] trainer: epoch 177 done train_loss=1.4311 dt=25.6s
2026-07-16 09:07:06,946 [INFO] trainer: epoch 178 step 50/54 loss=1.4267 lr=1.48e-04
2026-07-16 09:07:08,788 [INFO] trainer: epoch 178 done train_loss=1.4241 dt=25.6s
2026-07-16 09:07:32,573 [INFO] trainer: epoch 179 step 50/54 loss=1.4656 lr=1.47e-04
2026-07-16 09:07:34,409 [INFO] trainer: epoch 179 done train_loss=1.4635 dt=25.6s
2026-07-16 09:07:58,017 [INFO] trainer: epoch 180 step 50/54 loss=1.4022 lr=1.47e-04
2026-07-16 09:07:59,856 [INFO] trainer: epoch 180 done train_loss=1.3922 dt=25.4s
2026-07-16 09:08:25,628 [INFO] trainer: epoch 181 step 50/54 loss=1.4169 lr=1.46e-04
2026-07-16 09:08:27,470 [INFO] trainer: epoch 181 done train_loss=1.4195 dt=25.7s
2026-07-16 09:08:51,086 [INFO] trainer: epoch 182 step 50/54 loss=1.3975 lr=1.45e-04
2026-07-16 09:08:52,923 [INFO] trainer: epoch 182 done train_loss=1.3925 dt=25.5s
2026-07-16 09:09:16,623 [INFO] trainer: epoch 183 step 50/54 loss=1.3693 lr=1.45e-04
2026-07-16 09:09:18,463 [INFO] trainer: epoch 183 done train_loss=1.3828 dt=25.5s
2026-07-16 09:09:42,231 [INFO] trainer: epoch 184 step 50/54 loss=1.3894 lr=1.44e-04
2026-07-16 09:09:44,071 [INFO] trainer: epoch 184 done train_loss=1.3878 dt=25.6s
2026-07-16 09:10:07,793 [INFO] trainer: epoch 185 step 50/54 loss=1.4069 lr=1.44e-04
2026-07-16 09:10:09,639 [INFO] trainer: epoch 185 done train_loss=1.4193 dt=25.6s
2026-07-16 09:10:33,326 [INFO] trainer: epoch 186 step 50/54 loss=1.4295 lr=1.43e-04
2026-07-16 09:10:35,165 [INFO] trainer: epoch 186 done train_loss=1.4405 dt=25.5s
2026-07-16 09:10:58,747 [INFO] trainer: epoch 187 step 50/54 loss=1.4339 lr=1.43e-04
2026-07-16 09:11:00,582 [INFO] trainer: epoch 187 done train_loss=1.4313 dt=25.4s
2026-07-16 09:11:24,186 [INFO] trainer: epoch 188 step 50/54 loss=1.4462 lr=1.42e-04
2026-07-16 09:11:26,027 [INFO] trainer: epoch 188 done train_loss=1.4379 dt=25.4s
2026-07-16 09:11:49,771 [INFO] trainer: epoch 189 step 50/54 loss=1.4290 lr=1.41e-04
2026-07-16 09:11:51,606 [INFO] trainer: epoch 189 done train_loss=1.4311 dt=25.6s
2026-07-16 09:12:15,391 [INFO] trainer: epoch 190 step 50/54 loss=1.3616 lr=1.41e-04
2026-07-16 09:12:17,232 [INFO] trainer: epoch 190 done train_loss=1.3632 dt=25.6s
2026-07-16 09:12:43,262 [INFO] trainer: epoch 191 step 50/54 loss=1.4361 lr=1.40e-04
2026-07-16 09:12:45,097 [INFO] trainer: epoch 191 done train_loss=1.4343 dt=25.5s
2026-07-16 09:13:09,009 [INFO] trainer: epoch 192 step 50/54 loss=1.4372 lr=1.40e-04
2026-07-16 09:13:10,848 [INFO] trainer: epoch 192 done train_loss=1.4383 dt=25.8s
2026-07-16 09:13:34,605 [INFO] trainer: epoch 193 step 50/54 loss=1.4445 lr=1.39e-04
2026-07-16 09:13:36,443 [INFO] trainer: epoch 193 done train_loss=1.4410 dt=25.6s
2026-07-16 09:14:00,222 [INFO] trainer: epoch 194 step 50/54 loss=1.4009 lr=1.38e-04
2026-07-16 09:14:02,058 [INFO] trainer: epoch 194 done train_loss=1.3992 dt=25.6s
2026-07-16 09:14:25,811 [INFO] trainer: epoch 195 step 50/54 loss=1.3816 lr=1.38e-04
2026-07-16 09:14:27,650 [INFO] trainer: epoch 195 done train_loss=1.3768 dt=25.6s
2026-07-16 09:14:51,449 [INFO] trainer: epoch 196 step 50/54 loss=1.3706 lr=1.37e-04
2026-07-16 09:14:53,283 [INFO] trainer: epoch 196 done train_loss=1.3720 dt=25.6s
2026-07-16 09:15:17,049 [INFO] trainer: epoch 197 step 50/54 loss=1.3974 lr=1.37e-04
2026-07-16 09:15:18,884 [INFO] trainer: epoch 197 done train_loss=1.4036 dt=25.6s
2026-07-16 09:15:42,561 [INFO] trainer: epoch 198 step 50/54 loss=1.4136 lr=1.36e-04
2026-07-16 09:15:44,395 [INFO] trainer: epoch 198 done train_loss=1.4204 dt=25.5s
2026-07-16 09:16:08,028 [INFO] trainer: epoch 199 step 50/54 loss=1.4025 lr=1.36e-04
2026-07-16 09:16:09,870 [INFO] trainer: epoch 199 done train_loss=1.3951 dt=25.5s
2026-07-16 09:16:33,699 [INFO] trainer: epoch 200 step 50/54 loss=1.3996 lr=1.35e-04
2026-07-16 09:16:35,538 [INFO] trainer: epoch 200 done train_loss=1.3930 dt=25.7s
2026-07-16 09:18:32,840 [INFO] trainer: epoch 200 val_mean_dice=0.6352
2026-07-16 09:19:05,800 [INFO] trainer: epoch 201 step 50/54 loss=1.4006 lr=1.34e-04
2026-07-16 09:19:07,633 [INFO] trainer: epoch 201 done train_loss=1.4006 dt=26.3s
2026-07-16 09:19:31,407 [INFO] trainer: epoch 202 step 50/54 loss=1.4120 lr=1.34e-04
2026-07-16 09:19:33,240 [INFO] trainer: epoch 202 done train_loss=1.3985 dt=25.6s
2026-07-16 09:19:57,030 [INFO] trainer: epoch 203 step 50/54 loss=1.3639 lr=1.33e-04
2026-07-16 09:19:58,870 [INFO] trainer: epoch 203 done train_loss=1.3682 dt=25.6s
2026-07-16 09:20:22,666 [INFO] trainer: epoch 204 step 50/54 loss=1.3840 lr=1.33e-04
2026-07-16 09:20:24,503 [INFO] trainer: epoch 204 done train_loss=1.3822 dt=25.6s
2026-07-16 09:21:00,124 [INFO] trainer: epoch 205 step 50/54 loss=1.3977 lr=1.32e-04
2026-07-16 09:21:01,962 [INFO] trainer: epoch 205 done train_loss=1.4081 dt=37.5s
2026-07-16 09:21:25,826 [INFO] trainer: epoch 206 step 50/54 loss=1.3970 lr=1.31e-04
2026-07-16 09:21:27,661 [INFO] trainer: epoch 206 done train_loss=1.4017 dt=25.7s
2026-07-16 09:21:51,461 [INFO] trainer: epoch 207 step 50/54 loss=1.3724 lr=1.31e-04
2026-07-16 09:21:53,303 [INFO] trainer: epoch 207 done train_loss=1.3699 dt=25.6s
2026-07-16 09:22:16,946 [INFO] trainer: epoch 208 step 50/54 loss=1.4094 lr=1.30e-04
2026-07-16 09:22:18,785 [INFO] trainer: epoch 208 done train_loss=1.3969 dt=25.5s
2026-07-16 09:22:42,610 [INFO] trainer: epoch 209 step 50/54 loss=1.3660 lr=1.29e-04
2026-07-16 09:22:44,449 [INFO] trainer: epoch 209 done train_loss=1.3655 dt=25.7s
2026-07-16 09:23:08,120 [INFO] trainer: epoch 210 step 50/54 loss=1.3639 lr=1.29e-04
2026-07-16 09:23:09,953 [INFO] trainer: epoch 210 done train_loss=1.3535 dt=25.5s
2026-07-16 09:23:47,983 [INFO] trainer: epoch 211 step 50/54 loss=1.4065 lr=1.28e-04
2026-07-16 09:23:49,823 [INFO] trainer: epoch 211 done train_loss=1.4010 dt=25.4s
2026-07-16 09:24:13,441 [INFO] trainer: epoch 212 step 50/54 loss=1.3621 lr=1.28e-04
2026-07-16 09:24:15,275 [INFO] trainer: epoch 212 done train_loss=1.3590 dt=25.5s
2026-07-16 09:24:39,162 [INFO] trainer: epoch 213 step 50/54 loss=1.4034 lr=1.27e-04
2026-07-16 09:24:41,003 [INFO] trainer: epoch 213 done train_loss=1.4121 dt=25.7s
2026-07-16 09:25:04,835 [INFO] trainer: epoch 214 step 50/54 loss=1.3572 lr=1.26e-04
2026-07-16 09:25:06,675 [INFO] trainer: epoch 214 done train_loss=1.3613 dt=25.7s
2026-07-16 09:25:30,324 [INFO] trainer: epoch 215 step 50/54 loss=1.3521 lr=1.26e-04
2026-07-16 09:25:32,163 [INFO] trainer: epoch 215 done train_loss=1.3651 dt=25.5s
2026-07-16 09:25:55,777 [INFO] trainer: epoch 216 step 50/54 loss=1.3512 lr=1.25e-04
2026-07-16 09:25:57,611 [INFO] trainer: epoch 216 done train_loss=1.3527 dt=25.4s
2026-07-16 09:26:21,306 [INFO] trainer: epoch 217 step 50/54 loss=1.3785 lr=1.25e-04
2026-07-16 09:26:23,143 [INFO] trainer: epoch 217 done train_loss=1.3728 dt=25.5s
2026-07-16 09:26:46,764 [INFO] trainer: epoch 218 step 50/54 loss=1.3864 lr=1.24e-04
2026-07-16 09:26:48,602 [INFO] trainer: epoch 218 done train_loss=1.3862 dt=25.5s
2026-07-16 09:27:12,262 [INFO] trainer: epoch 219 step 50/54 loss=1.3517 lr=1.23e-04
2026-07-16 09:27:14,102 [INFO] trainer: epoch 219 done train_loss=1.3407 dt=25.5s
2026-07-16 09:27:37,754 [INFO] trainer: epoch 220 step 50/54 loss=1.3526 lr=1.23e-04
2026-07-16 09:27:39,589 [INFO] trainer: epoch 220 done train_loss=1.3465 dt=25.5s
2026-07-16 09:28:05,121 [INFO] trainer: epoch 221 step 50/54 loss=1.3763 lr=1.22e-04
2026-07-16 09:28:06,962 [INFO] trainer: epoch 221 done train_loss=1.3886 dt=25.6s
2026-07-16 09:28:30,534 [INFO] trainer: epoch 222 step 50/54 loss=1.3490 lr=1.21e-04
2026-07-16 09:28:32,376 [INFO] trainer: epoch 222 done train_loss=1.3588 dt=25.4s
2026-07-16 09:28:56,058 [INFO] trainer: epoch 223 step 50/54 loss=1.3544 lr=1.21e-04
2026-07-16 09:28:57,897 [INFO] trainer: epoch 223 done train_loss=1.3640 dt=25.5s
2026-07-16 09:29:21,788 [INFO] trainer: epoch 224 step 50/54 loss=1.3901 lr=1.20e-04
2026-07-16 09:29:23,620 [INFO] trainer: epoch 224 done train_loss=1.3766 dt=25.7s
2026-07-16 09:29:47,393 [INFO] trainer: epoch 225 step 50/54 loss=1.3168 lr=1.20e-04
2026-07-16 09:29:49,235 [INFO] trainer: epoch 225 done train_loss=1.3172 dt=25.6s
2026-07-16 09:31:45,957 [INFO] trainer: epoch 225 val_mean_dice=0.6471
2026-07-16 09:32:12,171 [INFO] trainer: epoch 226 step 50/54 loss=1.3711 lr=1.19e-04
2026-07-16 09:32:14,007 [INFO] trainer: epoch 226 done train_loss=1.3879 dt=26.1s
2026-07-16 09:32:37,598 [INFO] trainer: epoch 227 step 50/54 loss=1.3381 lr=1.18e-04
2026-07-16 09:32:39,437 [INFO] trainer: epoch 227 done train_loss=1.3498 dt=25.4s
2026-07-16 09:33:03,088 [INFO] trainer: epoch 228 step 50/54 loss=1.3486 lr=1.18e-04
2026-07-16 09:33:04,925 [INFO] trainer: epoch 228 done train_loss=1.3610 dt=25.5s
2026-07-16 09:33:28,581 [INFO] trainer: epoch 229 step 50/54 loss=1.3679 lr=1.17e-04
2026-07-16 09:33:30,427 [INFO] trainer: epoch 229 done train_loss=1.3700 dt=25.5s
2026-07-16 09:33:53,992 [INFO] trainer: epoch 230 step 50/54 loss=1.3360 lr=1.16e-04
2026-07-16 09:33:55,826 [INFO] trainer: epoch 230 done train_loss=1.3299 dt=25.4s
2026-07-16 09:34:27,171 [INFO] trainer: epoch 231 step 50/54 loss=1.3362 lr=1.16e-04
2026-07-16 09:34:29,009 [INFO] trainer: epoch 231 done train_loss=1.3370 dt=25.5s
2026-07-16 09:34:52,724 [INFO] trainer: epoch 232 step 50/54 loss=1.3745 lr=1.15e-04
2026-07-16 09:34:54,559 [INFO] trainer: epoch 232 done train_loss=1.3716 dt=25.5s
2026-07-16 09:35:18,196 [INFO] trainer: epoch 233 step 50/54 loss=1.3563 lr=1.15e-04
2026-07-16 09:35:20,029 [INFO] trainer: epoch 233 done train_loss=1.3738 dt=25.5s
2026-07-16 09:35:43,650 [INFO] trainer: epoch 234 step 50/54 loss=1.3451 lr=1.14e-04
2026-07-16 09:35:45,489 [INFO] trainer: epoch 234 done train_loss=1.3616 dt=25.5s
2026-07-16 09:36:09,358 [INFO] trainer: epoch 235 step 50/54 loss=1.3682 lr=1.13e-04
2026-07-16 09:36:11,199 [INFO] trainer: epoch 235 done train_loss=1.3660 dt=25.7s
2026-07-16 09:36:35,084 [INFO] trainer: epoch 236 step 50/54 loss=1.3144 lr=1.13e-04
2026-07-16 09:36:36,919 [INFO] trainer: epoch 236 done train_loss=1.3135 dt=25.7s
2026-07-16 09:37:00,574 [INFO] trainer: epoch 237 step 50/54 loss=1.3699 lr=1.12e-04
2026-07-16 09:37:02,409 [INFO] trainer: epoch 237 done train_loss=1.3618 dt=25.5s
2026-07-16 09:37:26,235 [INFO] trainer: epoch 238 step 50/54 loss=1.3142 lr=1.11e-04
2026-07-16 09:37:28,079 [INFO] trainer: epoch 238 done train_loss=1.3156 dt=25.7s
2026-07-16 09:37:51,697 [INFO] trainer: epoch 239 step 50/54 loss=1.3465 lr=1.11e-04
2026-07-16 09:37:53,535 [INFO] trainer: epoch 239 done train_loss=1.3447 dt=25.5s
2026-07-16 09:38:17,273 [INFO] trainer: epoch 240 step 50/54 loss=1.3329 lr=1.10e-04
2026-07-16 09:38:19,143 [INFO] trainer: epoch 240 done train_loss=1.3395 dt=25.6s
2026-07-16 09:38:44,556 [INFO] trainer: epoch 241 step 50/54 loss=1.3539 lr=1.09e-04
2026-07-16 09:38:46,397 [INFO] trainer: epoch 241 done train_loss=1.3486 dt=25.6s
2026-07-16 09:39:10,055 [INFO] trainer: epoch 242 step 50/54 loss=1.3637 lr=1.09e-04
2026-07-16 09:39:11,897 [INFO] trainer: epoch 242 done train_loss=1.3678 dt=25.5s
2026-07-16 09:39:35,558 [INFO] trainer: epoch 243 step 50/54 loss=1.3147 lr=1.08e-04
2026-07-16 09:39:37,395 [INFO] trainer: epoch 243 done train_loss=1.3295 dt=25.5s
2026-07-16 09:40:01,037 [INFO] trainer: epoch 244 step 50/54 loss=1.3174 lr=1.08e-04
2026-07-16 09:40:02,877 [INFO] trainer: epoch 244 done train_loss=1.3165 dt=25.5s
2026-07-16 09:40:26,613 [INFO] trainer: epoch 245 step 50/54 loss=1.3478 lr=1.07e-04
2026-07-16 09:40:28,453 [INFO] trainer: epoch 245 done train_loss=1.3356 dt=25.6s
2026-07-16 09:40:52,175 [INFO] trainer: epoch 246 step 50/54 loss=1.3467 lr=1.06e-04
2026-07-16 09:40:54,007 [INFO] trainer: epoch 246 done train_loss=1.3438 dt=25.6s
2026-07-16 09:41:17,554 [INFO] trainer: epoch 247 step 50/54 loss=1.2993 lr=1.06e-04
2026-07-16 09:41:19,390 [INFO] trainer: epoch 247 done train_loss=1.2931 dt=25.4s
2026-07-16 09:41:43,083 [INFO] trainer: epoch 248 step 50/54 loss=1.3380 lr=1.05e-04
2026-07-16 09:41:44,925 [INFO] trainer: epoch 248 done train_loss=1.3347 dt=25.5s
2026-07-16 09:42:08,636 [INFO] trainer: epoch 249 step 50/54 loss=1.3426 lr=1.04e-04
2026-07-16 09:42:10,474 [INFO] trainer: epoch 249 done train_loss=1.3410 dt=25.5s
2026-07-16 09:42:34,134 [INFO] trainer: epoch 250 step 50/54 loss=1.3256 lr=1.04e-04
2026-07-16 09:42:35,970 [INFO] trainer: epoch 250 done train_loss=1.3262 dt=25.5s
2026-07-16 09:44:33,028 [INFO] trainer: epoch 250 val_mean_dice=0.6520
2026-07-16 09:45:00,877 [INFO] trainer: epoch 251 step 50/54 loss=1.3350 lr=1.03e-04
2026-07-16 09:45:02,717 [INFO] trainer: epoch 251 done train_loss=1.3275 dt=26.2s
2026-07-16 09:45:26,461 [INFO] trainer: epoch 252 step 50/54 loss=1.3030 lr=1.02e-04
2026-07-16 09:45:28,302 [INFO] trainer: epoch 252 done train_loss=1.3003 dt=25.6s
2026-07-16 09:45:51,975 [INFO] trainer: epoch 253 step 50/54 loss=1.3112 lr=1.02e-04
2026-07-16 09:45:53,812 [INFO] trainer: epoch 253 done train_loss=1.3105 dt=25.5s
2026-07-16 09:46:17,607 [INFO] trainer: epoch 254 step 50/54 loss=1.3137 lr=1.01e-04
2026-07-16 09:46:19,457 [INFO] trainer: epoch 254 done train_loss=1.3161 dt=25.6s
2026-07-16 09:46:43,328 [INFO] trainer: epoch 255 step 50/54 loss=1.3200 lr=1.01e-04
2026-07-16 09:46:45,161 [INFO] trainer: epoch 255 done train_loss=1.3178 dt=25.7s
2026-07-16 09:47:08,750 [INFO] trainer: epoch 256 step 50/54 loss=1.3267 lr=9.99e-05
2026-07-16 09:47:10,585 [INFO] trainer: epoch 256 done train_loss=1.3274 dt=25.4s
2026-07-16 09:47:34,117 [INFO] trainer: epoch 257 step 50/54 loss=1.3000 lr=9.93e-05
2026-07-16 09:47:35,953 [INFO] trainer: epoch 257 done train_loss=1.3067 dt=25.4s
2026-07-16 09:47:59,843 [INFO] trainer: epoch 258 step 50/54 loss=1.2637 lr=9.86e-05
2026-07-16 09:48:01,685 [INFO] trainer: epoch 258 done train_loss=1.2634 dt=25.7s
2026-07-16 09:48:25,360 [INFO] trainer: epoch 259 step 50/54 loss=1.2975 lr=9.80e-05
2026-07-16 09:48:27,199 [INFO] trainer: epoch 259 done train_loss=1.2933 dt=25.5s
2026-07-16 09:48:50,891 [INFO] trainer: epoch 260 step 50/54 loss=1.2937 lr=9.74e-05
2026-07-16 09:48:52,725 [INFO] trainer: epoch 260 done train_loss=1.3104 dt=25.5s
2026-07-16 09:49:18,653 [INFO] trainer: epoch 261 step 50/54 loss=1.2944 lr=9.67e-05
2026-07-16 09:49:20,487 [INFO] trainer: epoch 261 done train_loss=1.2970 dt=25.5s
2026-07-16 09:49:44,295 [INFO] trainer: epoch 262 step 50/54 loss=1.2776 lr=9.61e-05
2026-07-16 09:49:46,135 [INFO] trainer: epoch 262 done train_loss=1.2712 dt=25.6s
2026-07-16 09:50:09,920 [INFO] trainer: epoch 263 step 50/54 loss=1.2737 lr=9.54e-05
2026-07-16 09:50:11,763 [INFO] trainer: epoch 263 done train_loss=1.2737 dt=25.6s
2026-07-16 09:50:35,648 [INFO] trainer: epoch 264 step 50/54 loss=1.2930 lr=9.48e-05
2026-07-16 09:50:37,485 [INFO] trainer: epoch 264 done train_loss=1.2887 dt=25.7s
2026-07-16 09:51:01,105 [INFO] trainer: epoch 265 step 50/54 loss=1.2994 lr=9.42e-05
2026-07-16 09:51:02,938 [INFO] trainer: epoch 265 done train_loss=1.2967 dt=25.5s
2026-07-16 09:51:26,608 [INFO] trainer: epoch 266 step 50/54 loss=1.3010 lr=9.35e-05
2026-07-16 09:51:28,446 [INFO] trainer: epoch 266 done train_loss=1.2935 dt=25.5s
2026-07-16 09:51:52,359 [INFO] trainer: epoch 267 step 50/54 loss=1.3090 lr=9.29e-05
2026-07-16 09:51:54,200 [INFO] trainer: epoch 267 done train_loss=1.3030 dt=25.8s
2026-07-16 09:52:17,979 [INFO] trainer: epoch 268 step 50/54 loss=1.2682 lr=9.23e-05
2026-07-16 09:52:19,814 [INFO] trainer: epoch 268 done train_loss=1.2692 dt=25.6s
2026-07-16 09:52:43,473 [INFO] trainer: epoch 269 step 50/54 loss=1.3224 lr=9.16e-05
2026-07-16 09:52:45,312 [INFO] trainer: epoch 269 done train_loss=1.3236 dt=25.5s
2026-07-16 09:53:09,151 [INFO] trainer: epoch 270 step 50/54 loss=1.2944 lr=9.10e-05
2026-07-16 09:53:10,990 [INFO] trainer: epoch 270 done train_loss=1.2898 dt=25.7s
2026-07-16 09:54:11,967 [INFO] trainer: epoch 271 step 50/54 loss=1.2999 lr=9.04e-05
2026-07-16 09:54:13,800 [INFO] trainer: epoch 271 done train_loss=1.3076 dt=25.8s
2026-07-16 09:54:37,560 [INFO] trainer: epoch 272 step 50/54 loss=1.2705 lr=8.97e-05
2026-07-16 09:54:39,392 [INFO] trainer: epoch 272 done train_loss=1.2804 dt=25.6s
2026-07-16 09:55:03,146 [INFO] trainer: epoch 273 step 50/54 loss=1.2832 lr=8.91e-05
2026-07-16 09:55:04,987 [INFO] trainer: epoch 273 done train_loss=1.2766 dt=25.6s
2026-07-16 09:55:28,869 [INFO] trainer: epoch 274 step 50/54 loss=1.2793 lr=8.85e-05
2026-07-16 09:55:30,703 [INFO] trainer: epoch 274 done train_loss=1.2701 dt=25.7s
2026-07-16 09:55:54,327 [INFO] trainer: epoch 275 step 50/54 loss=1.2807 lr=8.78e-05
2026-07-16 09:55:56,166 [INFO] trainer: epoch 275 done train_loss=1.2822 dt=25.5s
2026-07-16 09:58:51,791 [INFO] trainer: epoch 275 val_mean_dice=0.6481
2026-07-16 09:59:53,461 [INFO] trainer: epoch 276 step 50/54 loss=1.2908 lr=8.72e-05
2026-07-16 09:59:55,299 [INFO] trainer: epoch 276 done train_loss=1.2916 dt=63.4s
2026-07-16 10:00:18,995 [INFO] trainer: epoch 277 step 50/54 loss=1.2344 lr=8.66e-05
2026-07-16 10:00:20,834 [INFO] trainer: epoch 277 done train_loss=1.2270 dt=25.5s
2026-07-16 10:00:44,512 [INFO] trainer: epoch 278 step 50/54 loss=1.2637 lr=8.59e-05
2026-07-16 10:00:46,352 [INFO] trainer: epoch 278 done train_loss=1.2703 dt=25.5s
2026-07-16 10:01:10,158 [INFO] trainer: epoch 279 step 50/54 loss=1.2763 lr=8.53e-05
2026-07-16 10:01:12,000 [INFO] trainer: epoch 279 done train_loss=1.2814 dt=25.6s
2026-07-16 10:01:35,849 [INFO] trainer: epoch 280 step 50/54 loss=1.3184 lr=8.47e-05
2026-07-16 10:01:37,689 [INFO] trainer: epoch 280 done train_loss=1.3176 dt=25.7s
2026-07-16 10:02:04,017 [INFO] trainer: epoch 281 step 50/54 loss=1.2991 lr=8.40e-05
2026-07-16 10:02:05,850 [INFO] trainer: epoch 281 done train_loss=1.2958 dt=25.6s
2026-07-16 10:02:29,554 [INFO] trainer: epoch 282 step 50/54 loss=1.2565 lr=8.34e-05
2026-07-16 10:02:31,387 [INFO] trainer: epoch 282 done train_loss=1.2677 dt=25.5s
2026-07-16 10:02:55,123 [INFO] trainer: epoch 283 step 50/54 loss=1.2574 lr=8.28e-05
2026-07-16 10:02:56,959 [INFO] trainer: epoch 283 done train_loss=1.2622 dt=25.6s
2026-07-16 10:03:20,675 [INFO] trainer: epoch 284 step 50/54 loss=1.2709 lr=8.22e-05
2026-07-16 10:03:22,510 [INFO] trainer: epoch 284 done train_loss=1.2645 dt=25.6s
2026-07-16 10:03:46,231 [INFO] trainer: epoch 285 step 50/54 loss=1.2885 lr=8.15e-05
2026-07-16 10:03:48,074 [INFO] trainer: epoch 285 done train_loss=1.2818 dt=25.6s
2026-07-16 10:04:11,782 [INFO] trainer: epoch 286 step 50/54 loss=1.2556 lr=8.09e-05
2026-07-16 10:04:13,626 [INFO] trainer: epoch 286 done train_loss=1.2717 dt=25.6s
2026-07-16 10:04:37,515 [INFO] trainer: epoch 287 step 50/54 loss=1.2789 lr=8.03e-05
2026-07-16 10:04:39,356 [INFO] trainer: epoch 287 done train_loss=1.2941 dt=25.7s
2026-07-16 10:05:03,180 [INFO] trainer: epoch 288 step 50/54 loss=1.2681 lr=7.97e-05
2026-07-16 10:05:05,014 [INFO] trainer: epoch 288 done train_loss=1.2654 dt=25.7s
2026-07-16 10:05:28,810 [INFO] trainer: epoch 289 step 50/54 loss=1.2627 lr=7.90e-05
2026-07-16 10:05:30,647 [INFO] trainer: epoch 289 done train_loss=1.2603 dt=25.6s
2026-07-16 10:05:54,343 [INFO] trainer: epoch 290 step 50/54 loss=1.2890 lr=7.84e-05
2026-07-16 10:05:56,183 [INFO] trainer: epoch 290 done train_loss=1.2836 dt=25.5s
2026-07-16 10:06:22,206 [INFO] trainer: epoch 291 step 50/54 loss=1.2762 lr=7.78e-05
2026-07-16 10:06:24,047 [INFO] trainer: epoch 291 done train_loss=1.2766 dt=25.8s
2026-07-16 10:06:47,928 [INFO] trainer: epoch 292 step 50/54 loss=1.2522 lr=7.72e-05
2026-07-16 10:06:49,766 [INFO] trainer: epoch 292 done train_loss=1.2471 dt=25.7s
2026-07-16 10:07:13,618 [INFO] trainer: epoch 293 step 50/54 loss=1.2583 lr=7.65e-05
2026-07-16 10:07:15,461 [INFO] trainer: epoch 293 done train_loss=1.2619 dt=25.7s
2026-07-16 10:07:39,240 [INFO] trainer: epoch 294 step 50/54 loss=1.2728 lr=7.59e-05
2026-07-16 10:07:41,075 [INFO] trainer: epoch 294 done train_loss=1.2850 dt=25.6s
2026-07-16 10:08:04,753 [INFO] trainer: epoch 295 step 50/54 loss=1.2633 lr=7.53e-05
2026-07-16 10:08:06,588 [INFO] trainer: epoch 295 done train_loss=1.2606 dt=25.5s
2026-07-16 10:08:30,382 [INFO] trainer: epoch 296 step 50/54 loss=1.3097 lr=7.47e-05
2026-07-16 10:08:32,223 [INFO] trainer: epoch 296 done train_loss=1.2954 dt=25.6s
2026-07-16 10:08:55,885 [INFO] trainer: epoch 297 step 50/54 loss=1.2782 lr=7.41e-05
2026-07-16 10:08:57,718 [INFO] trainer: epoch 297 done train_loss=1.2694 dt=25.5s
2026-07-16 10:09:21,870 [INFO] trainer: epoch 298 step 50/54 loss=1.2745 lr=7.35e-05
2026-07-16 10:09:23,704 [INFO] trainer: epoch 298 done train_loss=1.2720 dt=26.0s
2026-07-16 10:09:47,494 [INFO] trainer: epoch 299 step 50/54 loss=1.2606 lr=7.28e-05
2026-07-16 10:09:49,340 [INFO] trainer: epoch 299 done train_loss=1.2717 dt=25.6s
2026-07-16 10:10:13,349 [INFO] trainer: epoch 300 step 50/54 loss=1.2575 lr=7.22e-05
2026-07-16 10:10:15,185 [INFO] trainer: epoch 300 done train_loss=1.2577 dt=25.8s
2026-07-16 10:12:11,951 [INFO] trainer: epoch 300 val_mean_dice=0.6605
2026-07-16 10:12:39,471 [INFO] trainer: epoch 301 step 50/54 loss=1.2316 lr=7.16e-05
2026-07-16 10:12:41,308 [INFO] trainer: epoch 301 done train_loss=1.2305 dt=25.7s
2026-07-16 10:13:05,059 [INFO] trainer: epoch 302 step 50/54 loss=1.2525 lr=7.10e-05
2026-07-16 10:13:06,899 [INFO] trainer: epoch 302 done train_loss=1.2513 dt=25.6s
2026-07-16 10:13:30,749 [INFO] trainer: epoch 303 step 50/54 loss=1.2497 lr=7.04e-05
2026-07-16 10:13:32,584 [INFO] trainer: epoch 303 done train_loss=1.2569 dt=25.7s
2026-07-16 10:13:56,271 [INFO] trainer: epoch 304 step 50/54 loss=1.2497 lr=6.98e-05
2026-07-16 10:13:58,108 [INFO] trainer: epoch 304 done train_loss=1.2442 dt=25.5s
2026-07-16 10:14:21,789 [INFO] trainer: epoch 305 step 50/54 loss=1.2300 lr=6.92e-05
2026-07-16 10:14:23,623 [INFO] trainer: epoch 305 done train_loss=1.2319 dt=25.5s
2026-07-16 10:14:47,447 [INFO] trainer: epoch 306 step 50/54 loss=1.3018 lr=6.86e-05
2026-07-16 10:14:49,286 [INFO] trainer: epoch 306 done train_loss=1.3134 dt=25.7s
2026-07-16 10:15:13,145 [INFO] trainer: epoch 307 step 50/54 loss=1.2715 lr=6.80e-05
2026-07-16 10:15:14,978 [INFO] trainer: epoch 307 done train_loss=1.2658 dt=25.7s
2026-07-16 10:15:38,734 [INFO] trainer: epoch 308 step 50/54 loss=1.2190 lr=6.74e-05
2026-07-16 10:15:40,570 [INFO] trainer: epoch 308 done train_loss=1.2290 dt=25.6s
2026-07-16 10:16:04,219 [INFO] trainer: epoch 309 step 50/54 loss=1.2558 lr=6.68e-05
2026-07-16 10:16:06,059 [INFO] trainer: epoch 309 done train_loss=1.2662 dt=25.5s
2026-07-16 10:16:29,830 [INFO] trainer: epoch 310 step 50/54 loss=1.2625 lr=6.62e-05
2026-07-16 10:16:31,666 [INFO] trainer: epoch 310 done train_loss=1.2710 dt=25.6s
2026-07-16 10:17:02,607 [INFO] trainer: epoch 311 step 50/54 loss=1.2531 lr=6.56e-05
2026-07-16 10:17:04,450 [INFO] trainer: epoch 311 done train_loss=1.2421 dt=25.7s
2026-07-16 10:17:28,260 [INFO] trainer: epoch 312 step 50/54 loss=1.2031 lr=6.50e-05
2026-07-16 10:17:30,104 [INFO] trainer: epoch 312 done train_loss=1.1999 dt=25.7s
2026-07-16 10:17:53,809 [INFO] trainer: epoch 313 step 50/54 loss=1.2479 lr=6.44e-05
2026-07-16 10:17:55,647 [INFO] trainer: epoch 313 done train_loss=1.2427 dt=25.5s
2026-07-16 10:18:19,342 [INFO] trainer: epoch 314 step 50/54 loss=1.2742 lr=6.38e-05
2026-07-16 10:18:21,185 [INFO] trainer: epoch 314 done train_loss=1.2747 dt=25.5s
2026-07-16 10:18:45,086 [INFO] trainer: epoch 315 step 50/54 loss=1.2397 lr=6.32e-05
2026-07-16 10:18:46,922 [INFO] trainer: epoch 315 done train_loss=1.2319 dt=25.7s
2026-07-16 10:19:10,578 [INFO] trainer: epoch 316 step 50/54 loss=1.2551 lr=6.26e-05
2026-07-16 10:19:12,413 [INFO] trainer: epoch 316 done train_loss=1.2495 dt=25.5s
2026-07-16 10:19:36,340 [INFO] trainer: epoch 317 step 50/54 loss=1.2465 lr=6.20e-05
2026-07-16 10:19:38,179 [INFO] trainer: epoch 317 done train_loss=1.2516 dt=25.8s
2026-07-16 10:20:02,077 [INFO] trainer: epoch 318 step 50/54 loss=1.2267 lr=6.14e-05
2026-07-16 10:20:03,913 [INFO] trainer: epoch 318 done train_loss=1.2246 dt=25.7s
2026-07-16 10:20:27,770 [INFO] trainer: epoch 319 step 50/54 loss=1.2707 lr=6.09e-05
2026-07-16 10:20:29,606 [INFO] trainer: epoch 319 done train_loss=1.2712 dt=25.7s
2026-07-16 10:20:53,543 [INFO] trainer: epoch 320 step 50/54 loss=1.2940 lr=6.03e-05
2026-07-16 10:20:55,382 [INFO] trainer: epoch 320 done train_loss=1.2787 dt=25.8s
2026-07-16 10:21:21,301 [INFO] trainer: epoch 321 step 50/54 loss=1.2336 lr=5.97e-05
2026-07-16 10:21:23,137 [INFO] trainer: epoch 321 done train_loss=1.2286 dt=25.7s
2026-07-16 10:21:46,930 [INFO] trainer: epoch 322 step 50/54 loss=1.1960 lr=5.91e-05
2026-07-16 10:21:48,768 [INFO] trainer: epoch 322 done train_loss=1.2031 dt=25.6s
2026-07-16 10:22:12,549 [INFO] trainer: epoch 323 step 50/54 loss=1.2032 lr=5.85e-05
2026-07-16 10:22:14,390 [INFO] trainer: epoch 323 done train_loss=1.2124 dt=25.6s
2026-07-16 10:22:38,087 [INFO] trainer: epoch 324 step 50/54 loss=1.2396 lr=5.79e-05
2026-07-16 10:22:39,928 [INFO] trainer: epoch 324 done train_loss=1.2375 dt=25.5s
2026-07-16 10:23:03,780 [INFO] trainer: epoch 325 step 50/54 loss=1.2625 lr=5.74e-05
2026-07-16 10:23:05,616 [INFO] trainer: epoch 325 done train_loss=1.2635 dt=25.7s
2026-07-16 10:25:02,743 [INFO] trainer: epoch 325 val_mean_dice=0.6604
2026-07-16 10:25:26,557 [INFO] trainer: epoch 326 step 50/54 loss=1.2708 lr=5.68e-05
2026-07-16 10:25:28,394 [INFO] trainer: epoch 326 done train_loss=1.2774 dt=25.6s
2026-07-16 10:25:52,230 [INFO] trainer: epoch 327 step 50/54 loss=1.2773 lr=5.62e-05
2026-07-16 10:25:54,070 [INFO] trainer: epoch 327 done train_loss=1.2628 dt=25.7s
2026-07-16 10:26:17,822 [INFO] trainer: epoch 328 step 50/54 loss=1.2698 lr=5.57e-05
2026-07-16 10:26:19,662 [INFO] trainer: epoch 328 done train_loss=1.2661 dt=25.6s
2026-07-16 10:26:43,391 [INFO] trainer: epoch 329 step 50/54 loss=1.2839 lr=5.51e-05
2026-07-16 10:26:45,227 [INFO] trainer: epoch 329 done train_loss=1.2735 dt=25.6s
2026-07-16 10:27:08,999 [INFO] trainer: epoch 330 step 50/54 loss=1.2256 lr=5.45e-05
2026-07-16 10:27:10,834 [INFO] trainer: epoch 330 done train_loss=1.2328 dt=25.6s
2026-07-16 10:27:36,662 [INFO] trainer: epoch 331 step 50/54 loss=1.2280 lr=5.40e-05
2026-07-16 10:27:38,508 [INFO] trainer: epoch 331 done train_loss=1.2374 dt=25.7s
2026-07-16 10:28:02,183 [INFO] trainer: epoch 332 step 50/54 loss=1.2157 lr=5.34e-05
2026-07-16 10:28:04,022 [INFO] trainer: epoch 332 done train_loss=1.2184 dt=25.5s
2026-07-16 10:28:27,893 [INFO] trainer: epoch 333 step 50/54 loss=1.2552 lr=5.28e-05
2026-07-16 10:28:29,733 [INFO] trainer: epoch 333 done train_loss=1.2562 dt=25.7s
2026-07-16 10:28:53,760 [INFO] trainer: epoch 334 step 50/54 loss=1.2047 lr=5.23e-05
2026-07-16 10:28:55,596 [INFO] trainer: epoch 334 done train_loss=1.2218 dt=25.9s
2026-07-16 10:29:19,492 [INFO] trainer: epoch 335 step 50/54 loss=1.2121 lr=5.17e-05
2026-07-16 10:29:21,327 [INFO] trainer: epoch 335 done train_loss=1.2094 dt=25.7s
2026-07-16 10:29:45,291 [INFO] trainer: epoch 336 step 50/54 loss=1.2354 lr=5.12e-05
2026-07-16 10:29:47,134 [INFO] trainer: epoch 336 done train_loss=1.2331 dt=25.8s
2026-07-16 10:30:10,882 [INFO] trainer: epoch 337 step 50/54 loss=1.2454 lr=5.06e-05
2026-07-16 10:30:12,722 [INFO] trainer: epoch 337 done train_loss=1.2326 dt=25.6s
2026-07-16 10:30:36,430 [INFO] trainer: epoch 338 step 50/54 loss=1.2487 lr=5.01e-05
2026-07-16 10:30:38,271 [INFO] trainer: epoch 338 done train_loss=1.2449 dt=25.5s
2026-07-16 10:31:01,986 [INFO] trainer: epoch 339 step 50/54 loss=1.2577 lr=4.95e-05
2026-07-16 10:31:03,820 [INFO] trainer: epoch 339 done train_loss=1.2671 dt=25.5s
2026-07-16 10:31:27,452 [INFO] trainer: epoch 340 step 50/54 loss=1.2410 lr=4.90e-05
2026-07-16 10:31:29,287 [INFO] trainer: epoch 340 done train_loss=1.2381 dt=25.5s
2026-07-16 10:33:21,631 [INFO] trainer: epoch 341 step 50/54 loss=1.2545 lr=4.84e-05
2026-07-16 10:33:23,466 [INFO] trainer: epoch 341 done train_loss=1.2524 dt=25.6s
2026-07-16 10:33:47,176 [INFO] trainer: epoch 342 step 50/54 loss=1.2183 lr=4.79e-05
2026-07-16 10:33:49,011 [INFO] trainer: epoch 342 done train_loss=1.2316 dt=25.5s
2026-07-16 10:34:12,716 [INFO] trainer: epoch 343 step 50/54 loss=1.2071 lr=4.73e-05
2026-07-16 10:34:14,553 [INFO] trainer: epoch 343 done train_loss=1.2096 dt=25.5s
2026-07-16 10:34:38,311 [INFO] trainer: epoch 344 step 50/54 loss=1.2252 lr=4.68e-05
2026-07-16 10:34:40,146 [INFO] trainer: epoch 344 done train_loss=1.2301 dt=25.6s
2026-07-16 10:35:03,778 [INFO] trainer: epoch 345 step 50/54 loss=1.2238 lr=4.63e-05
2026-07-16 10:35:05,618 [INFO] trainer: epoch 345 done train_loss=1.2218 dt=25.5s
2026-07-16 10:35:29,425 [INFO] trainer: epoch 346 step 50/54 loss=1.2426 lr=4.57e-05
2026-07-16 10:35:31,265 [INFO] trainer: epoch 346 done train_loss=1.2541 dt=25.6s
2026-07-16 10:35:54,927 [INFO] trainer: epoch 347 step 50/54 loss=1.2016 lr=4.52e-05
2026-07-16 10:35:56,766 [INFO] trainer: epoch 347 done train_loss=1.1972 dt=25.5s
2026-07-16 10:36:20,684 [INFO] trainer: epoch 348 step 50/54 loss=1.2420 lr=4.47e-05
2026-07-16 10:36:22,525 [INFO] trainer: epoch 348 done train_loss=1.2395 dt=25.8s
2026-07-16 10:36:46,133 [INFO] trainer: epoch 349 step 50/54 loss=1.2055 lr=4.41e-05
2026-07-16 10:36:47,976 [INFO] trainer: epoch 349 done train_loss=1.2145 dt=25.5s
2026-07-16 10:37:11,751 [INFO] trainer: epoch 350 step 50/54 loss=1.2091 lr=4.36e-05
2026-07-16 10:37:13,585 [INFO] trainer: epoch 350 done train_loss=1.2099 dt=25.6s
2026-07-16 10:39:10,163 [INFO] trainer: epoch 350 val_mean_dice=0.6660
2026-07-16 10:39:37,531 [INFO] trainer: epoch 351 step 50/54 loss=1.2042 lr=4.31e-05
2026-07-16 10:39:39,368 [INFO] trainer: epoch 351 done train_loss=1.2027 dt=25.6s
2026-07-16 10:40:03,119 [INFO] trainer: epoch 352 step 50/54 loss=1.2564 lr=4.26e-05
2026-07-16 10:40:04,952 [INFO] trainer: epoch 352 done train_loss=1.2761 dt=25.6s
2026-07-16 10:40:28,731 [INFO] trainer: epoch 353 step 50/54 loss=1.2455 lr=4.21e-05
2026-07-16 10:40:30,574 [INFO] trainer: epoch 353 done train_loss=1.2440 dt=25.6s
2026-07-16 10:40:54,371 [INFO] trainer: epoch 354 step 50/54 loss=1.2402 lr=4.15e-05
2026-07-16 10:40:56,211 [INFO] trainer: epoch 354 done train_loss=1.2468 dt=25.6s
2026-07-16 10:41:19,962 [INFO] trainer: epoch 355 step 50/54 loss=1.2271 lr=4.10e-05
2026-07-16 10:41:21,802 [INFO] trainer: epoch 355 done train_loss=1.2205 dt=25.6s
2026-07-16 10:41:45,420 [INFO] trainer: epoch 356 step 50/54 loss=1.2011 lr=4.05e-05
2026-07-16 10:41:47,261 [INFO] trainer: epoch 356 done train_loss=1.2067 dt=25.5s
2026-07-16 10:42:10,889 [INFO] trainer: epoch 357 step 50/54 loss=1.2353 lr=4.00e-05
2026-07-16 10:42:12,724 [INFO] trainer: epoch 357 done train_loss=1.2297 dt=25.5s
2026-07-16 10:42:36,377 [INFO] trainer: epoch 358 step 50/54 loss=1.2088 lr=3.95e-05
2026-07-16 10:42:38,213 [INFO] trainer: epoch 358 done train_loss=1.2212 dt=25.5s
2026-07-16 10:43:02,030 [INFO] trainer: epoch 359 step 50/54 loss=1.2365 lr=3.90e-05
2026-07-16 10:43:03,875 [INFO] trainer: epoch 359 done train_loss=1.2253 dt=25.7s
2026-07-16 10:43:27,599 [INFO] trainer: epoch 360 step 50/54 loss=1.2476 lr=3.85e-05
2026-07-16 10:43:29,435 [INFO] trainer: epoch 360 done train_loss=1.2437 dt=25.6s
2026-07-16 10:44:04,790 [INFO] trainer: epoch 361 step 50/54 loss=1.2057 lr=3.80e-05
2026-07-16 10:44:06,630 [INFO] trainer: epoch 361 done train_loss=1.2105 dt=25.6s
2026-07-16 10:44:30,322 [INFO] trainer: epoch 362 step 50/54 loss=1.2004 lr=3.75e-05
2026-07-16 10:44:32,163 [INFO] trainer: epoch 362 done train_loss=1.2035 dt=25.5s
2026-07-16 10:44:55,805 [INFO] trainer: epoch 363 step 50/54 loss=1.2352 lr=3.70e-05
2026-07-16 10:44:57,640 [INFO] trainer: epoch 363 done train_loss=1.2304 dt=25.5s
2026-07-16 10:45:21,337 [INFO] trainer: epoch 364 step 50/54 loss=1.2561 lr=3.65e-05
2026-07-16 10:45:23,177 [INFO] trainer: epoch 364 done train_loss=1.2532 dt=25.5s
2026-07-16 10:45:46,868 [INFO] trainer: epoch 365 step 50/54 loss=1.2205 lr=3.60e-05
2026-07-16 10:45:48,706 [INFO] trainer: epoch 365 done train_loss=1.2179 dt=25.5s
2026-07-16 10:46:12,346 [INFO] trainer: epoch 366 step 50/54 loss=1.2191 lr=3.56e-05
2026-07-16 10:46:14,177 [INFO] trainer: epoch 366 done train_loss=1.2117 dt=25.5s
2026-07-16 10:46:38,017 [INFO] trainer: epoch 367 step 50/54 loss=1.1686 lr=3.51e-05
2026-07-16 10:46:39,855 [INFO] trainer: epoch 367 done train_loss=1.1689 dt=25.7s
2026-07-16 10:47:03,572 [INFO] trainer: epoch 368 step 50/54 loss=1.2407 lr=3.46e-05
2026-07-16 10:47:05,414 [INFO] trainer: epoch 368 done train_loss=1.2345 dt=25.6s
2026-07-16 10:47:29,167 [INFO] trainer: epoch 369 step 50/54 loss=1.1955 lr=3.41e-05
2026-07-16 10:47:31,008 [INFO] trainer: epoch 369 done train_loss=1.1941 dt=25.6s
2026-07-16 10:47:54,795 [INFO] trainer: epoch 370 step 50/54 loss=1.1978 lr=3.36e-05
2026-07-16 10:47:56,631 [INFO] trainer: epoch 370 done train_loss=1.1967 dt=25.6s
2026-07-16 10:48:21,975 [INFO] trainer: epoch 371 step 50/54 loss=1.2004 lr=3.32e-05
2026-07-16 10:48:23,808 [INFO] trainer: epoch 371 done train_loss=1.2021 dt=25.5s
2026-07-16 10:48:47,479 [INFO] trainer: epoch 372 step 50/54 loss=1.2025 lr=3.27e-05
2026-07-16 10:48:49,316 [INFO] trainer: epoch 372 done train_loss=1.1952 dt=25.5s
2026-07-16 10:49:13,038 [INFO] trainer: epoch 373 step 50/54 loss=1.2059 lr=3.22e-05
2026-07-16 10:49:14,879 [INFO] trainer: epoch 373 done train_loss=1.2044 dt=25.6s
2026-07-16 10:49:38,620 [INFO] trainer: epoch 374 step 50/54 loss=1.2251 lr=3.18e-05
2026-07-16 10:49:40,458 [INFO] trainer: epoch 374 done train_loss=1.2204 dt=25.6s
2026-07-16 10:50:04,242 [INFO] trainer: epoch 375 step 50/54 loss=1.2331 lr=3.13e-05
2026-07-16 10:50:06,084 [INFO] trainer: epoch 375 done train_loss=1.2389 dt=25.6s
2026-07-16 10:52:07,910 [INFO] trainer: epoch 375 val_mean_dice=0.6663
2026-07-16 10:52:34,101 [INFO] trainer: epoch 376 step 50/54 loss=1.2089 lr=3.09e-05
2026-07-16 10:52:35,935 [INFO] trainer: epoch 376 done train_loss=1.2118 dt=26.2s
2026-07-16 10:52:59,648 [INFO] trainer: epoch 377 step 50/54 loss=1.2254 lr=3.04e-05
2026-07-16 10:53:01,489 [INFO] trainer: epoch 377 done train_loss=1.2242 dt=25.6s
2026-07-16 10:53:25,309 [INFO] trainer: epoch 378 step 50/54 loss=1.2027 lr=3.00e-05
2026-07-16 10:53:27,150 [INFO] trainer: epoch 378 done train_loss=1.2031 dt=25.7s
2026-07-16 10:53:50,930 [INFO] trainer: epoch 379 step 50/54 loss=1.2279 lr=2.95e-05
2026-07-16 10:53:52,771 [INFO] trainer: epoch 379 done train_loss=1.2306 dt=25.6s
2026-07-16 10:54:16,656 [INFO] trainer: epoch 380 step 50/54 loss=1.2126 lr=2.91e-05
2026-07-16 10:54:18,495 [INFO] trainer: epoch 380 done train_loss=1.2213 dt=25.7s
2026-07-16 10:54:43,880 [INFO] trainer: epoch 381 step 50/54 loss=1.2178 lr=2.86e-05
2026-07-16 10:54:45,714 [INFO] trainer: epoch 381 done train_loss=1.2194 dt=25.5s
2026-07-16 10:55:09,441 [INFO] trainer: epoch 382 step 50/54 loss=1.2380 lr=2.82e-05
2026-07-16 10:55:11,281 [INFO] trainer: epoch 382 done train_loss=1.2286 dt=25.6s
2026-07-16 10:55:35,040 [INFO] trainer: epoch 383 step 50/54 loss=1.1990 lr=2.77e-05
2026-07-16 10:55:36,875 [INFO] trainer: epoch 383 done train_loss=1.1845 dt=25.6s
2026-07-16 10:56:00,715 [INFO] trainer: epoch 384 step 50/54 loss=1.1835 lr=2.73e-05
2026-07-16 10:56:02,555 [INFO] trainer: epoch 384 done train_loss=1.1946 dt=25.7s
2026-07-16 10:56:26,299 [INFO] trainer: epoch 385 step 50/54 loss=1.2267 lr=2.69e-05
2026-07-16 10:56:28,139 [INFO] trainer: epoch 385 done train_loss=1.2261 dt=25.6s
2026-07-16 10:56:51,880 [INFO] trainer: epoch 386 step 50/54 loss=1.2127 lr=2.64e-05
2026-07-16 10:56:53,721 [INFO] trainer: epoch 386 done train_loss=1.2228 dt=25.6s
2026-07-16 10:57:17,389 [INFO] trainer: epoch 387 step 50/54 loss=1.2094 lr=2.60e-05
2026-07-16 10:57:19,223 [INFO] trainer: epoch 387 done train_loss=1.2125 dt=25.5s
2026-07-16 10:57:42,918 [INFO] trainer: epoch 388 step 50/54 loss=1.2271 lr=2.56e-05
2026-07-16 10:57:44,760 [INFO] trainer: epoch 388 done train_loss=1.2235 dt=25.5s
2026-07-16 10:58:08,368 [INFO] trainer: epoch 389 step 50/54 loss=1.1993 lr=2.52e-05
2026-07-16 10:58:10,210 [INFO] trainer: epoch 389 done train_loss=1.2024 dt=25.4s
2026-07-16 10:58:33,953 [INFO] trainer: epoch 390 step 50/54 loss=1.2249 lr=2.48e-05
2026-07-16 10:58:35,792 [INFO] trainer: epoch 390 done train_loss=1.2325 dt=25.6s
2026-07-16 10:59:08,511 [INFO] trainer: epoch 391 step 50/54 loss=1.2213 lr=2.44e-05
2026-07-16 10:59:10,345 [INFO] trainer: epoch 391 done train_loss=1.2227 dt=25.7s
2026-07-16 10:59:34,110 [INFO] trainer: epoch 392 step 50/54 loss=1.2230 lr=2.39e-05
2026-07-16 10:59:35,944 [INFO] trainer: epoch 392 done train_loss=1.2218 dt=25.6s
2026-07-16 10:59:59,651 [INFO] trainer: epoch 393 step 50/54 loss=1.2205 lr=2.35e-05
2026-07-16 11:00:01,491 [INFO] trainer: epoch 393 done train_loss=1.2107 dt=25.5s
2026-07-16 11:00:25,203 [INFO] trainer: epoch 394 step 50/54 loss=1.2113 lr=2.31e-05
2026-07-16 11:00:27,045 [INFO] trainer: epoch 394 done train_loss=1.2135 dt=25.6s
2026-07-16 11:00:50,740 [INFO] trainer: epoch 395 step 50/54 loss=1.2520 lr=2.27e-05
2026-07-16 11:00:52,574 [INFO] trainer: epoch 395 done train_loss=1.2555 dt=25.5s
2026-07-16 11:01:16,405 [INFO] trainer: epoch 396 step 50/54 loss=1.1959 lr=2.23e-05
2026-07-16 11:01:18,238 [INFO] trainer: epoch 396 done train_loss=1.1940 dt=25.7s
2026-07-16 11:01:42,163 [INFO] trainer: epoch 397 step 50/54 loss=1.1863 lr=2.19e-05
2026-07-16 11:01:44,002 [INFO] trainer: epoch 397 done train_loss=1.1850 dt=25.8s
2026-07-16 11:02:07,689 [INFO] trainer: epoch 398 step 50/54 loss=1.1836 lr=2.16e-05
2026-07-16 11:02:09,524 [INFO] trainer: epoch 398 done train_loss=1.1855 dt=25.5s
2026-07-16 11:02:33,145 [INFO] trainer: epoch 399 step 50/54 loss=1.1867 lr=2.12e-05
2026-07-16 11:02:34,994 [INFO] trainer: epoch 399 done train_loss=1.1928 dt=25.5s
2026-07-16 11:02:58,589 [INFO] trainer: epoch 400 step 50/54 loss=1.1916 lr=2.08e-05
2026-07-16 11:03:00,431 [INFO] trainer: epoch 400 done train_loss=1.1856 dt=25.4s
2026-07-16 11:04:59,549 [INFO] trainer: epoch 400 val_mean_dice=0.6693
2026-07-16 11:05:27,805 [INFO] trainer: epoch 401 step 50/54 loss=1.1839 lr=2.04e-05
2026-07-16 11:05:29,641 [INFO] trainer: epoch 401 done train_loss=1.1785 dt=26.2s
2026-07-16 11:05:53,431 [INFO] trainer: epoch 402 step 50/54 loss=1.2219 lr=2.00e-05
2026-07-16 11:05:55,268 [INFO] trainer: epoch 402 done train_loss=1.2265 dt=25.6s
2026-07-16 11:06:18,988 [INFO] trainer: epoch 403 step 50/54 loss=1.2229 lr=1.97e-05
2026-07-16 11:06:20,828 [INFO] trainer: epoch 403 done train_loss=1.2185 dt=25.6s
2026-07-16 11:06:44,530 [INFO] trainer: epoch 404 step 50/54 loss=1.1638 lr=1.93e-05
2026-07-16 11:06:46,368 [INFO] trainer: epoch 404 done train_loss=1.1581 dt=25.5s
2026-07-16 11:07:10,348 [INFO] trainer: epoch 405 step 50/54 loss=1.2017 lr=1.89e-05
2026-07-16 11:07:12,183 [INFO] trainer: epoch 405 done train_loss=1.2126 dt=25.8s
2026-07-16 11:07:35,778 [INFO] trainer: epoch 406 step 50/54 loss=1.2309 lr=1.86e-05
2026-07-16 11:07:37,615 [INFO] trainer: epoch 406 done train_loss=1.2243 dt=25.4s
2026-07-16 11:08:01,168 [INFO] trainer: epoch 407 step 50/54 loss=1.1695 lr=1.82e-05
2026-07-16 11:08:03,003 [INFO] trainer: epoch 407 done train_loss=1.1685 dt=25.4s
2026-07-16 11:08:26,739 [INFO] trainer: epoch 408 step 50/54 loss=1.1945 lr=1.78e-05
2026-07-16 11:08:28,579 [INFO] trainer: epoch 408 done train_loss=1.1893 dt=25.6s
2026-07-16 11:08:52,337 [INFO] trainer: epoch 409 step 50/54 loss=1.1596 lr=1.75e-05
2026-07-16 11:08:54,171 [INFO] trainer: epoch 409 done train_loss=1.1631 dt=25.6s
2026-07-16 11:09:17,912 [INFO] trainer: epoch 410 step 50/54 loss=1.2135 lr=1.71e-05
2026-07-16 11:09:19,747 [INFO] trainer: epoch 410 done train_loss=1.2170 dt=25.6s
2026-07-16 11:09:46,059 [INFO] trainer: epoch 411 step 50/54 loss=1.2196 lr=1.68e-05
2026-07-16 11:09:47,893 [INFO] trainer: epoch 411 done train_loss=1.2094 dt=25.5s
2026-07-16 11:10:11,936 [INFO] trainer: epoch 412 step 50/54 loss=1.1977 lr=1.64e-05
2026-07-16 11:10:13,775 [INFO] trainer: epoch 412 done train_loss=1.2072 dt=25.9s
2026-07-16 11:10:37,484 [INFO] trainer: epoch 413 step 50/54 loss=1.1966 lr=1.61e-05
2026-07-16 11:10:39,320 [INFO] trainer: epoch 413 done train_loss=1.1995 dt=25.5s
2026-07-16 11:11:03,009 [INFO] trainer: epoch 414 step 50/54 loss=1.1866 lr=1.58e-05
2026-07-16 11:11:04,846 [INFO] trainer: epoch 414 done train_loss=1.1999 dt=25.5s
2026-07-16 11:11:28,798 [INFO] trainer: epoch 415 step 50/54 loss=1.2183 lr=1.54e-05
2026-07-16 11:11:30,633 [INFO] trainer: epoch 415 done train_loss=1.2081 dt=25.8s
2026-07-16 11:11:54,776 [INFO] trainer: epoch 416 step 50/54 loss=1.2345 lr=1.51e-05
2026-07-16 11:11:56,618 [INFO] trainer: epoch 416 done train_loss=1.2293 dt=26.0s
2026-07-16 11:12:20,387 [INFO] trainer: epoch 417 step 50/54 loss=1.2054 lr=1.48e-05
2026-07-16 11:12:22,229 [INFO] trainer: epoch 417 done train_loss=1.2198 dt=25.6s
2026-07-16 11:12:45,981 [INFO] trainer: epoch 418 step 50/54 loss=1.1708 lr=1.45e-05
2026-07-16 11:12:47,821 [INFO] trainer: epoch 418 done train_loss=1.1734 dt=25.6s
2026-07-16 11:13:11,575 [INFO] trainer: epoch 419 step 50/54 loss=1.2646 lr=1.41e-05
2026-07-16 11:13:13,410 [INFO] trainer: epoch 419 done train_loss=1.2533 dt=25.6s
2026-07-16 11:13:37,183 [INFO] trainer: epoch 420 step 50/54 loss=1.1922 lr=1.38e-05
2026-07-16 11:13:39,019 [INFO] trainer: epoch 420 done train_loss=1.1921 dt=25.6s
2026-07-16 11:14:09,936 [INFO] trainer: epoch 421 step 50/54 loss=1.2031 lr=1.35e-05
2026-07-16 11:14:11,771 [INFO] trainer: epoch 421 done train_loss=1.1980 dt=25.4s
2026-07-16 11:14:35,606 [INFO] trainer: epoch 422 step 50/54 loss=1.1827 lr=1.32e-05
2026-07-16 11:14:37,440 [INFO] trainer: epoch 422 done train_loss=1.1859 dt=25.7s
2026-07-16 11:15:01,171 [INFO] trainer: epoch 423 step 50/54 loss=1.1941 lr=1.29e-05
2026-07-16 11:15:03,014 [INFO] trainer: epoch 423 done train_loss=1.1902 dt=25.6s
2026-07-16 11:15:26,643 [INFO] trainer: epoch 424 step 50/54 loss=1.2021 lr=1.26e-05
2026-07-16 11:15:28,478 [INFO] trainer: epoch 424 done train_loss=1.1935 dt=25.5s
2026-07-16 11:15:52,055 [INFO] trainer: epoch 425 step 50/54 loss=1.1798 lr=1.23e-05
2026-07-16 11:15:53,891 [INFO] trainer: epoch 425 done train_loss=1.1908 dt=25.4s
2026-07-16 11:17:52,669 [INFO] trainer: epoch 425 val_mean_dice=0.6720
2026-07-16 11:18:18,307 [INFO] trainer: epoch 426 step 50/54 loss=1.2256 lr=1.20e-05
2026-07-16 11:18:20,145 [INFO] trainer: epoch 426 done train_loss=1.2218 dt=25.6s
2026-07-16 11:18:43,884 [INFO] trainer: epoch 427 step 50/54 loss=1.1801 lr=1.17e-05
2026-07-16 11:18:45,724 [INFO] trainer: epoch 427 done train_loss=1.1852 dt=25.6s
2026-07-16 11:19:09,492 [INFO] trainer: epoch 428 step 50/54 loss=1.1900 lr=1.14e-05
2026-07-16 11:19:11,326 [INFO] trainer: epoch 428 done train_loss=1.1894 dt=25.6s
2026-07-16 11:19:35,197 [INFO] trainer: epoch 429 step 50/54 loss=1.2200 lr=1.12e-05
2026-07-16 11:19:37,032 [INFO] trainer: epoch 429 done train_loss=1.2232 dt=25.7s
2026-07-16 11:20:00,782 [INFO] trainer: epoch 430 step 50/54 loss=1.1560 lr=1.09e-05
2026-07-16 11:20:02,624 [INFO] trainer: epoch 430 done train_loss=1.1460 dt=25.6s
2026-07-16 11:20:28,054 [INFO] trainer: epoch 431 step 50/54 loss=1.2081 lr=1.06e-05
2026-07-16 11:20:29,893 [INFO] trainer: epoch 431 done train_loss=1.2011 dt=25.5s
2026-07-16 11:20:53,546 [INFO] trainer: epoch 432 step 50/54 loss=1.1891 lr=1.03e-05
2026-07-16 11:20:55,383 [INFO] trainer: epoch 432 done train_loss=1.1967 dt=25.5s
2026-07-16 11:21:19,157 [INFO] trainer: epoch 433 step 50/54 loss=1.1842 lr=1.01e-05
2026-07-16 11:21:20,995 [INFO] trainer: epoch 433 done train_loss=1.1798 dt=25.6s
2026-07-16 11:21:44,716 [INFO] trainer: epoch 434 step 50/54 loss=1.1879 lr=9.80e-06
2026-07-16 11:21:46,552 [INFO] trainer: epoch 434 done train_loss=1.1890 dt=25.6s
2026-07-16 11:22:10,336 [INFO] trainer: epoch 435 step 50/54 loss=1.1748 lr=9.54e-06
2026-07-16 11:22:12,172 [INFO] trainer: epoch 435 done train_loss=1.1805 dt=25.6s
2026-07-16 11:22:35,994 [INFO] trainer: epoch 436 step 50/54 loss=1.1513 lr=9.28e-06
2026-07-16 11:22:37,829 [INFO] trainer: epoch 436 done train_loss=1.1672 dt=25.7s
2026-07-16 11:23:01,517 [INFO] trainer: epoch 437 step 50/54 loss=1.1917 lr=9.03e-06
2026-07-16 11:23:03,352 [INFO] trainer: epoch 437 done train_loss=1.1885 dt=25.5s
2026-07-16 11:23:26,878 [INFO] trainer: epoch 438 step 50/54 loss=1.2098 lr=8.78e-06
2026-07-16 11:23:28,711 [INFO] trainer: epoch 438 done train_loss=1.2052 dt=25.4s
2026-07-16 11:23:52,519 [INFO] trainer: epoch 439 step 50/54 loss=1.1739 lr=8.53e-06
2026-07-16 11:23:54,354 [INFO] trainer: epoch 439 done train_loss=1.1700 dt=25.6s
2026-07-16 11:24:18,217 [INFO] trainer: epoch 440 step 50/54 loss=1.1790 lr=8.29e-06
2026-07-16 11:24:20,052 [INFO] trainer: epoch 440 done train_loss=1.1703 dt=25.7s
2026-07-16 11:24:53,481 [INFO] trainer: epoch 441 step 50/54 loss=1.1981 lr=8.05e-06
2026-07-16 11:24:55,331 [INFO] trainer: epoch 441 done train_loss=1.1929 dt=25.7s
2026-07-16 11:25:19,123 [INFO] trainer: epoch 442 step 50/54 loss=1.2203 lr=7.82e-06
2026-07-16 11:25:20,959 [INFO] trainer: epoch 442 done train_loss=1.2070 dt=25.6s
2026-07-16 11:25:44,633 [INFO] trainer: epoch 443 step 50/54 loss=1.1950 lr=7.59e-06
2026-07-16 11:25:46,467 [INFO] trainer: epoch 443 done train_loss=1.1918 dt=25.5s
2026-07-16 11:26:10,208 [INFO] trainer: epoch 444 step 50/54 loss=1.1590 lr=7.36e-06
2026-07-16 11:26:12,043 [INFO] trainer: epoch 444 done train_loss=1.1603 dt=25.6s
2026-07-16 11:26:35,866 [INFO] trainer: epoch 445 step 50/54 loss=1.2085 lr=7.14e-06
2026-07-16 11:26:37,710 [INFO] trainer: epoch 445 done train_loss=1.2099 dt=25.7s
2026-07-16 11:27:01,566 [INFO] trainer: epoch 446 step 50/54 loss=1.1547 lr=6.92e-06
2026-07-16 11:27:03,408 [INFO] trainer: epoch 446 done train_loss=1.1641 dt=25.7s
2026-07-16 11:27:27,160 [INFO] trainer: epoch 447 step 50/54 loss=1.2021 lr=6.71e-06
2026-07-16 11:27:29,001 [INFO] trainer: epoch 447 done train_loss=1.2012 dt=25.6s
2026-07-16 11:27:52,684 [INFO] trainer: epoch 448 step 50/54 loss=1.1832 lr=6.49e-06
2026-07-16 11:27:54,525 [INFO] trainer: epoch 448 done train_loss=1.1793 dt=25.5s
2026-07-16 11:28:18,217 [INFO] trainer: epoch 449 step 50/54 loss=1.1896 lr=6.29e-06
2026-07-16 11:28:20,053 [INFO] trainer: epoch 449 done train_loss=1.1935 dt=25.5s
2026-07-16 11:28:43,730 [INFO] trainer: epoch 450 step 50/54 loss=1.1984 lr=6.08e-06
2026-07-16 11:28:45,565 [INFO] trainer: epoch 450 done train_loss=1.2129 dt=25.5s
2026-07-16 11:30:42,536 [INFO] trainer: epoch 450 val_mean_dice=0.6714
2026-07-16 11:31:08,270 [INFO] trainer: epoch 451 step 50/54 loss=1.2086 lr=5.88e-06
2026-07-16 11:31:10,104 [INFO] trainer: epoch 451 done train_loss=1.2089 dt=25.8s
2026-07-16 11:31:34,001 [INFO] trainer: epoch 452 step 50/54 loss=1.1759 lr=5.69e-06
2026-07-16 11:31:35,842 [INFO] trainer: epoch 452 done train_loss=1.1750 dt=25.7s
2026-07-16 11:31:59,395 [INFO] trainer: epoch 453 step 50/54 loss=1.1542 lr=5.50e-06
2026-07-16 11:32:01,231 [INFO] trainer: epoch 453 done train_loss=1.1725 dt=25.4s
2026-07-16 11:32:25,098 [INFO] trainer: epoch 454 step 50/54 loss=1.1955 lr=5.31e-06
2026-07-16 11:32:26,939 [INFO] trainer: epoch 454 done train_loss=1.2063 dt=25.7s
2026-07-16 11:32:50,657 [INFO] trainer: epoch 455 step 50/54 loss=1.1908 lr=5.13e-06
2026-07-16 11:32:52,497 [INFO] trainer: epoch 455 done train_loss=1.1895 dt=25.6s
2026-07-16 11:33:16,145 [INFO] trainer: epoch 456 step 50/54 loss=1.2351 lr=4.95e-06
2026-07-16 11:33:17,986 [INFO] trainer: epoch 456 done train_loss=1.2390 dt=25.5s
2026-07-16 11:33:41,708 [INFO] trainer: epoch 457 step 50/54 loss=1.1824 lr=4.77e-06
2026-07-16 11:33:43,550 [INFO] trainer: epoch 457 done train_loss=1.1854 dt=25.6s
2026-07-16 11:34:07,190 [INFO] trainer: epoch 458 step 50/54 loss=1.1776 lr=4.60e-06
2026-07-16 11:34:09,026 [INFO] trainer: epoch 458 done train_loss=1.1628 dt=25.5s
2026-07-16 11:34:32,777 [INFO] trainer: epoch 459 step 50/54 loss=1.1906 lr=4.43e-06
2026-07-16 11:34:34,619 [INFO] trainer: epoch 459 done train_loss=1.1857 dt=25.6s
2026-07-16 11:34:58,354 [INFO] trainer: epoch 460 step 50/54 loss=1.1762 lr=4.27e-06
2026-07-16 11:35:00,189 [INFO] trainer: epoch 460 done train_loss=1.1673 dt=25.6s
2026-07-16 11:35:25,539 [INFO] trainer: epoch 461 step 50/54 loss=1.1764 lr=4.11e-06
2026-07-16 11:35:27,373 [INFO] trainer: epoch 461 done train_loss=1.1828 dt=25.5s
2026-07-16 11:35:51,013 [INFO] trainer: epoch 462 step 50/54 loss=1.2003 lr=3.95e-06
2026-07-16 11:35:52,849 [INFO] trainer: epoch 462 done train_loss=1.1878 dt=25.5s
2026-07-16 11:36:16,504 [INFO] trainer: epoch 463 step 50/54 loss=1.2425 lr=3.80e-06
2026-07-16 11:36:18,348 [INFO] trainer: epoch 463 done train_loss=1.2333 dt=25.5s
2026-07-16 11:36:42,093 [INFO] trainer: epoch 464 step 50/54 loss=1.1751 lr=3.65e-06
2026-07-16 11:36:43,928 [INFO] trainer: epoch 464 done train_loss=1.1756 dt=25.6s
2026-07-16 11:37:07,698 [INFO] trainer: epoch 465 step 50/54 loss=1.2296 lr=3.51e-06
2026-07-16 11:37:09,533 [INFO] trainer: epoch 465 done train_loss=1.2279 dt=25.6s
2026-07-16 11:37:33,215 [INFO] trainer: epoch 466 step 50/54 loss=1.1942 lr=3.36e-06
2026-07-16 11:37:35,056 [INFO] trainer: epoch 466 done train_loss=1.1811 dt=25.5s
2026-07-16 11:37:58,774 [INFO] trainer: epoch 467 step 50/54 loss=1.2071 lr=3.23e-06
2026-07-16 11:38:00,617 [INFO] trainer: epoch 467 done train_loss=1.2036 dt=25.6s
2026-07-16 11:38:24,377 [INFO] trainer: epoch 468 step 50/54 loss=1.1929 lr=3.10e-06
2026-07-16 11:38:26,212 [INFO] trainer: epoch 468 done train_loss=1.1884 dt=25.6s
2026-07-16 11:38:49,929 [INFO] trainer: epoch 469 step 50/54 loss=1.1932 lr=2.97e-06
2026-07-16 11:38:51,766 [INFO] trainer: epoch 469 done train_loss=1.1869 dt=25.6s
2026-07-16 11:39:15,354 [INFO] trainer: epoch 470 step 50/54 loss=1.2300 lr=2.84e-06
2026-07-16 11:39:17,193 [INFO] trainer: epoch 470 done train_loss=1.2222 dt=25.4s
2026-07-16 11:39:42,590 [INFO] trainer: epoch 471 step 50/54 loss=1.2163 lr=2.72e-06
2026-07-16 11:39:44,425 [INFO] trainer: epoch 471 done train_loss=1.2181 dt=25.5s
2026-07-16 11:40:08,290 [INFO] trainer: epoch 472 step 50/54 loss=1.2169 lr=2.61e-06
2026-07-16 11:40:10,123 [INFO] trainer: epoch 472 done train_loss=1.2110 dt=25.7s
2026-07-16 11:40:33,809 [INFO] trainer: epoch 473 step 50/54 loss=1.1934 lr=2.50e-06
2026-07-16 11:40:35,645 [INFO] trainer: epoch 473 done train_loss=1.1954 dt=25.5s
2026-07-16 11:40:59,270 [INFO] trainer: epoch 474 step 50/54 loss=1.2210 lr=2.39e-06
2026-07-16 11:41:01,113 [INFO] trainer: epoch 474 done train_loss=1.2261 dt=25.5s
2026-07-16 11:41:24,890 [INFO] trainer: epoch 475 step 50/54 loss=1.1932 lr=2.28e-06
2026-07-16 11:41:26,732 [INFO] trainer: epoch 475 done train_loss=1.1841 dt=25.6s
2026-07-16 11:43:28,600 [INFO] trainer: epoch 475 val_mean_dice=0.6709
2026-07-16 11:43:54,336 [INFO] trainer: epoch 476 step 50/54 loss=1.2328 lr=2.18e-06
2026-07-16 11:43:58,690 [INFO] trainer: epoch 476 done train_loss=1.2277 dt=30.1s
2026-07-16 11:44:32,819 [INFO] trainer: epoch 477 step 50/54 loss=1.1763 lr=2.09e-06
2026-07-16 11:44:34,655 [INFO] trainer: epoch 477 done train_loss=1.1828 dt=36.0s
2026-07-16 11:44:58,451 [INFO] trainer: epoch 478 step 50/54 loss=1.1904 lr=1.99e-06
2026-07-16 11:45:00,293 [INFO] trainer: epoch 478 done train_loss=1.1944 dt=25.6s
2026-07-16 11:45:24,160 [INFO] trainer: epoch 479 step 50/54 loss=1.2230 lr=1.91e-06
2026-07-16 11:45:26,001 [INFO] trainer: epoch 479 done train_loss=1.2188 dt=25.7s
2026-07-16 11:45:49,659 [INFO] trainer: epoch 480 step 50/54 loss=1.1831 lr=1.82e-06
2026-07-16 11:45:51,494 [INFO] trainer: epoch 480 done train_loss=1.1789 dt=25.5s
2026-07-16 11:46:16,940 [INFO] trainer: epoch 481 step 50/54 loss=1.1658 lr=1.74e-06
2026-07-16 11:46:18,787 [INFO] trainer: epoch 481 done train_loss=1.1687 dt=25.5s
2026-07-16 11:46:42,466 [INFO] trainer: epoch 482 step 50/54 loss=1.2310 lr=1.67e-06
2026-07-16 11:46:44,300 [INFO] trainer: epoch 482 done train_loss=1.2309 dt=25.5s
2026-07-16 11:47:07,989 [INFO] trainer: epoch 483 step 50/54 loss=1.2146 lr=1.60e-06
2026-07-16 11:47:09,824 [INFO] trainer: epoch 483 done train_loss=1.2210 dt=25.5s
2026-07-16 11:47:33,406 [INFO] trainer: epoch 484 step 50/54 loss=1.1830 lr=1.53e-06
2026-07-16 11:47:35,250 [INFO] trainer: epoch 484 done train_loss=1.1936 dt=25.4s
2026-07-16 11:47:58,871 [INFO] trainer: epoch 485 step 50/54 loss=1.1987 lr=1.46e-06
2026-07-16 11:48:00,707 [INFO] trainer: epoch 485 done train_loss=1.1877 dt=25.5s
2026-07-16 11:48:24,386 [INFO] trainer: epoch 486 step 50/54 loss=1.1803 lr=1.40e-06
2026-07-16 11:48:26,223 [INFO] trainer: epoch 486 done train_loss=1.1720 dt=25.5s
2026-07-16 11:48:49,960 [INFO] trainer: epoch 487 step 50/54 loss=1.1937 lr=1.35e-06
2026-07-16 11:48:51,795 [INFO] trainer: epoch 487 done train_loss=1.1877 dt=25.6s
2026-07-16 11:49:15,637 [INFO] trainer: epoch 488 step 50/54 loss=1.1787 lr=1.30e-06
2026-07-16 11:49:17,482 [INFO] trainer: epoch 488 done train_loss=1.1863 dt=25.7s
2026-07-16 11:49:41,190 [INFO] trainer: epoch 489 step 50/54 loss=1.2055 lr=1.25e-06
2026-07-16 11:49:43,027 [INFO] trainer: epoch 489 done train_loss=1.2022 dt=25.5s
2026-07-16 11:50:06,879 [INFO] trainer: epoch 490 step 50/54 loss=1.1977 lr=1.21e-06
2026-07-16 11:50:08,724 [INFO] trainer: epoch 490 done train_loss=1.2014 dt=25.7s
2026-07-16 11:50:34,407 [INFO] trainer: epoch 491 step 50/54 loss=1.1668 lr=1.17e-06
2026-07-16 11:50:36,244 [INFO] trainer: epoch 491 done train_loss=1.1713 dt=25.7s
2026-07-16 11:51:00,093 [INFO] trainer: epoch 492 step 50/54 loss=1.1490 lr=1.13e-06
2026-07-16 11:51:01,935 [INFO] trainer: epoch 492 done train_loss=1.1552 dt=25.7s
2026-07-16 11:51:25,787 [INFO] trainer: epoch 493 step 50/54 loss=1.1890 lr=1.10e-06
2026-07-16 11:51:27,623 [INFO] trainer: epoch 493 done train_loss=1.1879 dt=25.7s
2026-07-16 11:51:51,372 [INFO] trainer: epoch 494 step 50/54 loss=1.1684 lr=1.08e-06
2026-07-16 11:51:53,208 [INFO] trainer: epoch 494 done train_loss=1.1721 dt=25.6s
2026-07-16 11:52:16,883 [INFO] trainer: epoch 495 step 50/54 loss=1.1453 lr=1.05e-06
2026-07-16 11:52:18,720 [INFO] trainer: epoch 495 done train_loss=1.1526 dt=25.5s
2026-07-16 11:52:42,333 [INFO] trainer: epoch 496 step 50/54 loss=1.1757 lr=1.03e-06
2026-07-16 11:52:44,168 [INFO] trainer: epoch 496 done train_loss=1.1802 dt=25.4s
2026-07-16 11:53:07,816 [INFO] trainer: epoch 497 step 50/54 loss=1.2047 lr=1.02e-06
2026-07-16 11:53:09,660 [INFO] trainer: epoch 497 done train_loss=1.2130 dt=25.5s
2026-07-16 11:53:33,375 [INFO] trainer: epoch 498 step 50/54 loss=1.1571 lr=1.01e-06
2026-07-16 11:53:35,214 [INFO] trainer: epoch 498 done train_loss=1.1647 dt=25.6s
2026-07-16 11:53:58,884 [INFO] trainer: epoch 499 step 50/54 loss=1.2200 lr=1.00e-06
2026-07-16 11:54:00,726 [INFO] trainer: epoch 499 done train_loss=1.2200 dt=25.5s
2026-07-16 11:54:24,443 [INFO] trainer: epoch 500 step 50/54 loss=1.1896 lr=1.00e-06
2026-07-16 11:54:26,285 [INFO] trainer: epoch 500 done train_loss=1.1831 dt=25.6s
2026-07-16 11:56:23,611 [INFO] trainer: epoch 500 val_mean_dice=0.6711
2026-07-16 11:56:25,678 [INFO] trainer: total time 15599.5 s, best dice 0.6720 (epochs 1-500 / 500)
