2026-07-16 07:21:45,168 [INFO] train: ========================================================================
2026-07-16 07:21:45,170 [INFO] train: model=suprem_segresnet config=configs/lowshot/ls_supSegres_frz_pt_f010.yaml
2026-07-16 07:21:45,170 [INFO] train: output=/scratch/lskrlj/runs/ls_supSegres_frz_pt_f010 device=cuda (NVIDIA A100-SXM4-40GB)
2026-07-16 07:21:45,170 [INFO] train: epochs=500 batch_size=2 grad_accum=2 eff_batch=4 lr=0.0002 amp=True
2026-07-16 07:21:45,170 [INFO] train: ========================================================================
2026-07-16 07:21:45,173 [INFO] train: splits: train=1082 val=57 classes=117
2026-07-16 07:21:45,173 [INFO] train: low-shot: train_fraction=0.1000 seed=1234 -> 108/1082 train cases
2026-07-16 07:22:08,914 [INFO] train: disk cache: /scratch/lskrlj/cache/TotalSeg/833d9d046402 (fingerprint=833d9d046402)
2026-07-16 07:26:01,313 [INFO] train: model suprem_segresnet, trainable params: 9768152 / 14466216 total (freeze_backbone=True)
2026-07-16 07:26:33,249 [WARNING] trainer: --resume set but no checkpoint found in /scratch/lskrlj/runs/ls_supSegres_frz_pt_f010; starting fresh
2026-07-16 07:26:33,250 [INFO] trainer: start: epochs 1-500/500 device=cuda amp=bf16 train_batches=54 val_batches=57
2026-07-16 07:26:47,470 [INFO] trainer: epoch 1 step 50/54 loss=10.5620 lr=1.85e-05
2026-07-16 07:26:48,256 [INFO] trainer: epoch 1 done train_loss=10.5418 dt=15.0s
2026-07-16 07:26:59,070 [INFO] trainer: epoch 2 step 50/54 loss=9.8323 lr=3.85e-05
2026-07-16 07:26:59,857 [INFO] trainer: epoch 2 done train_loss=9.7953 dt=11.6s
2026-07-16 07:27:10,741 [INFO] trainer: epoch 3 step 50/54 loss=8.9346 lr=5.85e-05
2026-07-16 07:27:11,527 [INFO] trainer: epoch 3 done train_loss=8.9021 dt=11.7s
2026-07-16 07:27:22,304 [INFO] trainer: epoch 4 step 50/54 loss=8.1995 lr=7.85e-05
2026-07-16 07:27:23,091 [INFO] trainer: epoch 4 done train_loss=8.1754 dt=11.6s
2026-07-16 07:27:33,940 [INFO] trainer: epoch 5 step 50/54 loss=7.5985 lr=9.85e-05
2026-07-16 07:27:34,727 [INFO] trainer: epoch 5 done train_loss=7.5781 dt=11.6s
2026-07-16 07:27:45,626 [INFO] trainer: epoch 6 step 50/54 loss=7.0383 lr=1.19e-04
2026-07-16 07:27:46,414 [INFO] trainer: epoch 6 done train_loss=7.0334 dt=11.7s
2026-07-16 07:27:57,251 [INFO] trainer: epoch 7 step 50/54 loss=6.5690 lr=1.39e-04
2026-07-16 07:27:58,042 [INFO] trainer: epoch 7 done train_loss=6.5441 dt=11.6s
2026-07-16 07:28:08,923 [INFO] trainer: epoch 8 step 50/54 loss=6.0867 lr=1.59e-04
2026-07-16 07:28:09,711 [INFO] trainer: epoch 8 done train_loss=6.0654 dt=11.7s
2026-07-16 07:28:20,596 [INFO] trainer: epoch 9 step 50/54 loss=5.6393 lr=1.79e-04
2026-07-16 07:28:21,384 [INFO] trainer: epoch 9 done train_loss=5.6316 dt=11.7s
2026-07-16 07:28:32,167 [INFO] trainer: epoch 10 step 50/54 loss=5.2507 lr=1.99e-04
2026-07-16 07:28:32,954 [INFO] trainer: epoch 10 done train_loss=5.2438 dt=11.6s
2026-07-16 07:28:43,993 [INFO] trainer: epoch 11 step 50/54 loss=4.8904 lr=2.00e-04
2026-07-16 07:28:44,780 [INFO] trainer: epoch 11 done train_loss=4.8815 dt=11.6s
2026-07-16 07:28:55,718 [INFO] trainer: epoch 12 step 50/54 loss=4.6224 lr=2.00e-04
2026-07-16 07:28:56,505 [INFO] trainer: epoch 12 done train_loss=4.6120 dt=11.7s
2026-07-16 07:29:07,341 [INFO] trainer: epoch 13 step 50/54 loss=4.3254 lr=2.00e-04
2026-07-16 07:29:08,129 [INFO] trainer: epoch 13 done train_loss=4.3193 dt=11.6s
2026-07-16 07:29:18,812 [INFO] trainer: epoch 14 step 50/54 loss=4.0967 lr=2.00e-04
2026-07-16 07:29:19,599 [INFO] trainer: epoch 14 done train_loss=4.0942 dt=11.5s
2026-07-16 07:29:30,453 [INFO] trainer: epoch 15 step 50/54 loss=3.9421 lr=2.00e-04
2026-07-16 07:29:31,241 [INFO] trainer: epoch 15 done train_loss=3.9297 dt=11.6s
2026-07-16 07:29:42,025 [INFO] trainer: epoch 16 step 50/54 loss=3.7523 lr=2.00e-04
2026-07-16 07:29:42,814 [INFO] trainer: epoch 16 done train_loss=3.7363 dt=11.6s
2026-07-16 07:29:53,648 [INFO] trainer: epoch 17 step 50/54 loss=3.6200 lr=2.00e-04
2026-07-16 07:29:54,435 [INFO] trainer: epoch 17 done train_loss=3.6114 dt=11.6s
2026-07-16 07:30:05,357 [INFO] trainer: epoch 18 step 50/54 loss=3.4668 lr=2.00e-04
2026-07-16 07:30:06,143 [INFO] trainer: epoch 18 done train_loss=3.4659 dt=11.7s
2026-07-16 07:30:16,922 [INFO] trainer: epoch 19 step 50/54 loss=3.3662 lr=2.00e-04
2026-07-16 07:30:17,710 [INFO] trainer: epoch 19 done train_loss=3.3736 dt=11.6s
2026-07-16 07:30:28,650 [INFO] trainer: epoch 20 step 50/54 loss=3.2699 lr=2.00e-04
2026-07-16 07:30:29,436 [INFO] trainer: epoch 20 done train_loss=3.2631 dt=11.7s
2026-07-16 07:30:40,411 [INFO] trainer: epoch 21 step 50/54 loss=3.1360 lr=2.00e-04
2026-07-16 07:30:41,198 [INFO] trainer: epoch 21 done train_loss=3.1225 dt=11.6s
2026-07-16 07:30:52,163 [INFO] trainer: epoch 22 step 50/54 loss=3.0766 lr=2.00e-04
2026-07-16 07:30:52,952 [INFO] trainer: epoch 22 done train_loss=3.0806 dt=11.8s
2026-07-16 07:31:03,733 [INFO] trainer: epoch 23 step 50/54 loss=3.0231 lr=2.00e-04
2026-07-16 07:31:04,521 [INFO] trainer: epoch 23 done train_loss=3.0104 dt=11.6s
2026-07-16 07:31:15,351 [INFO] trainer: epoch 24 step 50/54 loss=2.9725 lr=2.00e-04
2026-07-16 07:31:16,142 [INFO] trainer: epoch 24 done train_loss=2.9777 dt=11.6s
2026-07-16 07:31:27,040 [INFO] trainer: epoch 25 step 50/54 loss=2.8846 lr=2.00e-04
2026-07-16 07:31:27,830 [INFO] trainer: epoch 25 done train_loss=2.9001 dt=11.7s
2026-07-16 07:33:02,062 [INFO] trainer: epoch 25 val_mean_dice=0.0185
2026-07-16 07:33:13,112 [INFO] trainer: epoch 26 step 50/54 loss=2.8896 lr=1.99e-04
2026-07-16 07:33:13,901 [INFO] trainer: epoch 26 done train_loss=2.8930 dt=11.7s
2026-07-16 07:33:24,929 [INFO] trainer: epoch 27 step 50/54 loss=2.8025 lr=1.99e-04
2026-07-16 07:33:25,722 [INFO] trainer: epoch 27 done train_loss=2.7943 dt=11.8s
2026-07-16 07:33:36,605 [INFO] trainer: epoch 28 step 50/54 loss=2.7785 lr=1.99e-04
2026-07-16 07:33:37,393 [INFO] trainer: epoch 28 done train_loss=2.7758 dt=11.7s
2026-07-16 07:33:48,056 [INFO] trainer: epoch 29 step 50/54 loss=2.7484 lr=1.99e-04
2026-07-16 07:33:48,845 [INFO] trainer: epoch 29 done train_loss=2.7486 dt=11.5s
2026-07-16 07:33:59,884 [INFO] trainer: epoch 30 step 50/54 loss=2.7578 lr=1.99e-04
2026-07-16 07:34:00,672 [INFO] trainer: epoch 30 done train_loss=2.7426 dt=11.8s
2026-07-16 07:34:11,747 [INFO] trainer: epoch 31 step 50/54 loss=2.6749 lr=1.99e-04
2026-07-16 07:34:12,536 [INFO] trainer: epoch 31 done train_loss=2.6814 dt=11.6s
2026-07-16 07:34:23,465 [INFO] trainer: epoch 32 step 50/54 loss=2.6378 lr=1.99e-04
2026-07-16 07:34:24,254 [INFO] trainer: epoch 32 done train_loss=2.6393 dt=11.7s
2026-07-16 07:34:35,240 [INFO] trainer: epoch 33 step 50/54 loss=2.6226 lr=1.99e-04
2026-07-16 07:34:36,029 [INFO] trainer: epoch 33 done train_loss=2.6215 dt=11.8s
2026-07-16 07:34:46,879 [INFO] trainer: epoch 34 step 50/54 loss=2.6156 lr=1.99e-04
2026-07-16 07:34:47,668 [INFO] trainer: epoch 34 done train_loss=2.6099 dt=11.6s
2026-07-16 07:34:58,742 [INFO] trainer: epoch 35 step 50/54 loss=2.5556 lr=1.99e-04
2026-07-16 07:34:59,531 [INFO] trainer: epoch 35 done train_loss=2.5578 dt=11.9s
2026-07-16 07:35:10,407 [INFO] trainer: epoch 36 step 50/54 loss=2.5536 lr=1.99e-04
2026-07-16 07:35:11,196 [INFO] trainer: epoch 36 done train_loss=2.5433 dt=11.7s
2026-07-16 07:35:22,216 [INFO] trainer: epoch 37 step 50/54 loss=2.5385 lr=1.99e-04
2026-07-16 07:35:23,006 [INFO] trainer: epoch 37 done train_loss=2.5470 dt=11.8s
2026-07-16 07:35:33,826 [INFO] trainer: epoch 38 step 50/54 loss=2.4756 lr=1.98e-04
2026-07-16 07:35:34,617 [INFO] trainer: epoch 38 done train_loss=2.4671 dt=11.6s
2026-07-16 07:35:45,461 [INFO] trainer: epoch 39 step 50/54 loss=2.4501 lr=1.98e-04
2026-07-16 07:35:46,250 [INFO] trainer: epoch 39 done train_loss=2.4532 dt=11.6s
2026-07-16 07:35:57,225 [INFO] trainer: epoch 40 step 50/54 loss=2.4263 lr=1.98e-04
2026-07-16 07:35:58,015 [INFO] trainer: epoch 40 done train_loss=2.4226 dt=11.8s
2026-07-16 07:36:09,137 [INFO] trainer: epoch 41 step 50/54 loss=2.4170 lr=1.98e-04
2026-07-16 07:36:09,926 [INFO] trainer: epoch 41 done train_loss=2.4029 dt=11.7s
2026-07-16 07:36:20,820 [INFO] trainer: epoch 42 step 50/54 loss=2.4012 lr=1.98e-04
2026-07-16 07:36:21,611 [INFO] trainer: epoch 42 done train_loss=2.3998 dt=11.7s
2026-07-16 07:36:32,401 [INFO] trainer: epoch 43 step 50/54 loss=2.3671 lr=1.98e-04
2026-07-16 07:36:33,191 [INFO] trainer: epoch 43 done train_loss=2.3610 dt=11.6s
2026-07-16 07:36:44,076 [INFO] trainer: epoch 44 step 50/54 loss=2.3407 lr=1.98e-04
2026-07-16 07:36:44,866 [INFO] trainer: epoch 44 done train_loss=2.3378 dt=11.7s
2026-07-16 07:36:55,892 [INFO] trainer: epoch 45 step 50/54 loss=2.2901 lr=1.98e-04
2026-07-16 07:36:56,683 [INFO] trainer: epoch 45 done train_loss=2.2937 dt=11.8s
2026-07-16 07:37:07,595 [INFO] trainer: epoch 46 step 50/54 loss=2.2822 lr=1.97e-04
2026-07-16 07:37:08,383 [INFO] trainer: epoch 46 done train_loss=2.2883 dt=11.7s
2026-07-16 07:37:19,194 [INFO] trainer: epoch 47 step 50/54 loss=2.2577 lr=1.97e-04
2026-07-16 07:37:19,981 [INFO] trainer: epoch 47 done train_loss=2.2528 dt=11.6s
2026-07-16 07:37:31,049 [INFO] trainer: epoch 48 step 50/54 loss=2.2454 lr=1.97e-04
2026-07-16 07:37:31,838 [INFO] trainer: epoch 48 done train_loss=2.2352 dt=11.9s
2026-07-16 07:37:42,825 [INFO] trainer: epoch 49 step 50/54 loss=2.2252 lr=1.97e-04
2026-07-16 07:37:43,615 [INFO] trainer: epoch 49 done train_loss=2.2187 dt=11.8s
2026-07-16 07:37:54,469 [INFO] trainer: epoch 50 step 50/54 loss=2.2027 lr=1.97e-04
2026-07-16 07:37:55,260 [INFO] trainer: epoch 50 done train_loss=2.2049 dt=11.6s
2026-07-16 07:38:40,571 [INFO] trainer: epoch 50 val_mean_dice=0.1763
2026-07-16 07:38:51,787 [INFO] trainer: epoch 51 step 50/54 loss=2.1503 lr=1.97e-04
2026-07-16 07:38:52,578 [INFO] trainer: epoch 51 done train_loss=2.1665 dt=11.6s
2026-07-16 07:39:03,376 [INFO] trainer: epoch 52 step 50/54 loss=2.1645 lr=1.96e-04
2026-07-16 07:39:04,164 [INFO] trainer: epoch 52 done train_loss=2.1650 dt=11.6s
2026-07-16 07:39:15,077 [INFO] trainer: epoch 53 step 50/54 loss=2.1477 lr=1.96e-04
2026-07-16 07:39:15,865 [INFO] trainer: epoch 53 done train_loss=2.1425 dt=11.7s
2026-07-16 07:39:26,831 [INFO] trainer: epoch 54 step 50/54 loss=2.1279 lr=1.96e-04
2026-07-16 07:39:27,620 [INFO] trainer: epoch 54 done train_loss=2.1191 dt=11.8s
2026-07-16 07:39:38,559 [INFO] trainer: epoch 55 step 50/54 loss=2.1120 lr=1.96e-04
2026-07-16 07:39:39,347 [INFO] trainer: epoch 55 done train_loss=2.1116 dt=11.7s
2026-07-16 07:39:50,278 [INFO] trainer: epoch 56 step 50/54 loss=2.0835 lr=1.96e-04
2026-07-16 07:39:51,066 [INFO] trainer: epoch 56 done train_loss=2.0818 dt=11.7s
2026-07-16 07:40:01,818 [INFO] trainer: epoch 57 step 50/54 loss=2.0478 lr=1.96e-04
2026-07-16 07:40:02,606 [INFO] trainer: epoch 57 done train_loss=2.0533 dt=11.5s
2026-07-16 07:40:13,536 [INFO] trainer: epoch 58 step 50/54 loss=2.0279 lr=1.95e-04
2026-07-16 07:40:14,325 [INFO] trainer: epoch 58 done train_loss=2.0234 dt=11.7s
2026-07-16 07:40:25,091 [INFO] trainer: epoch 59 step 50/54 loss=2.0373 lr=1.95e-04
2026-07-16 07:40:25,881 [INFO] trainer: epoch 59 done train_loss=2.0279 dt=11.6s
2026-07-16 07:40:36,740 [INFO] trainer: epoch 60 step 50/54 loss=2.0034 lr=1.95e-04
2026-07-16 07:40:37,530 [INFO] trainer: epoch 60 done train_loss=2.0085 dt=11.6s
2026-07-16 07:40:48,589 [INFO] trainer: epoch 61 step 50/54 loss=2.0083 lr=1.95e-04
2026-07-16 07:40:49,378 [INFO] trainer: epoch 61 done train_loss=2.0019 dt=11.6s
2026-07-16 07:41:00,221 [INFO] trainer: epoch 62 step 50/54 loss=1.9903 lr=1.95e-04
2026-07-16 07:41:01,009 [INFO] trainer: epoch 62 done train_loss=1.9852 dt=11.6s
2026-07-16 07:41:11,843 [INFO] trainer: epoch 63 step 50/54 loss=1.9863 lr=1.94e-04
2026-07-16 07:41:12,630 [INFO] trainer: epoch 63 done train_loss=1.9846 dt=11.6s
2026-07-16 07:41:23,605 [INFO] trainer: epoch 64 step 50/54 loss=1.9580 lr=1.94e-04
2026-07-16 07:41:24,393 [INFO] trainer: epoch 64 done train_loss=1.9564 dt=11.8s
2026-07-16 07:41:35,289 [INFO] trainer: epoch 65 step 50/54 loss=1.9383 lr=1.94e-04
2026-07-16 07:41:36,077 [INFO] trainer: epoch 65 done train_loss=1.9289 dt=11.7s
2026-07-16 07:41:46,897 [INFO] trainer: epoch 66 step 50/54 loss=1.9168 lr=1.94e-04
2026-07-16 07:41:47,685 [INFO] trainer: epoch 66 done train_loss=1.9027 dt=11.6s
2026-07-16 07:41:58,337 [INFO] trainer: epoch 67 step 50/54 loss=1.8900 lr=1.93e-04
2026-07-16 07:41:59,124 [INFO] trainer: epoch 67 done train_loss=1.8803 dt=11.4s
2026-07-16 07:42:10,105 [INFO] trainer: epoch 68 step 50/54 loss=1.8921 lr=1.93e-04
2026-07-16 07:42:10,893 [INFO] trainer: epoch 68 done train_loss=1.8872 dt=11.8s
2026-07-16 07:42:21,784 [INFO] trainer: epoch 69 step 50/54 loss=1.8691 lr=1.93e-04
2026-07-16 07:42:22,572 [INFO] trainer: epoch 69 done train_loss=1.8712 dt=11.7s
2026-07-16 07:42:33,560 [INFO] trainer: epoch 70 step 50/54 loss=1.8627 lr=1.93e-04
2026-07-16 07:42:34,348 [INFO] trainer: epoch 70 done train_loss=1.8672 dt=11.8s
2026-07-16 07:42:45,418 [INFO] trainer: epoch 71 step 50/54 loss=1.8325 lr=1.93e-04
2026-07-16 07:42:46,206 [INFO] trainer: epoch 71 done train_loss=1.8422 dt=11.6s
2026-07-16 07:42:57,056 [INFO] trainer: epoch 72 step 50/54 loss=1.8384 lr=1.92e-04
2026-07-16 07:42:57,843 [INFO] trainer: epoch 72 done train_loss=1.8389 dt=11.6s
2026-07-16 07:43:08,656 [INFO] trainer: epoch 73 step 50/54 loss=1.8326 lr=1.92e-04
2026-07-16 07:43:09,442 [INFO] trainer: epoch 73 done train_loss=1.8295 dt=11.6s
2026-07-16 07:43:20,274 [INFO] trainer: epoch 74 step 50/54 loss=1.8126 lr=1.92e-04
2026-07-16 07:43:21,060 [INFO] trainer: epoch 74 done train_loss=1.8204 dt=11.6s
2026-07-16 07:43:31,802 [INFO] trainer: epoch 75 step 50/54 loss=1.8041 lr=1.92e-04
2026-07-16 07:43:32,590 [INFO] trainer: epoch 75 done train_loss=1.7983 dt=11.5s
2026-07-16 07:44:13,982 [INFO] trainer: epoch 75 val_mean_dice=0.4453
2026-07-16 07:44:25,396 [INFO] trainer: epoch 76 step 50/54 loss=1.7710 lr=1.91e-04
2026-07-16 07:44:26,184 [INFO] trainer: epoch 76 done train_loss=1.7696 dt=12.0s
2026-07-16 07:44:37,030 [INFO] trainer: epoch 77 step 50/54 loss=1.7273 lr=1.91e-04
2026-07-16 07:44:37,816 [INFO] trainer: epoch 77 done train_loss=1.7420 dt=11.6s
2026-07-16 07:44:48,627 [INFO] trainer: epoch 78 step 50/54 loss=1.7355 lr=1.91e-04
2026-07-16 07:44:49,414 [INFO] trainer: epoch 78 done train_loss=1.7435 dt=11.6s
2026-07-16 07:45:00,316 [INFO] trainer: epoch 79 step 50/54 loss=1.7476 lr=1.90e-04
2026-07-16 07:45:01,102 [INFO] trainer: epoch 79 done train_loss=1.7442 dt=11.7s
2026-07-16 07:45:12,080 [INFO] trainer: epoch 80 step 50/54 loss=1.7634 lr=1.90e-04
2026-07-16 07:45:12,867 [INFO] trainer: epoch 80 done train_loss=1.7745 dt=11.8s
2026-07-16 07:45:24,291 [INFO] trainer: epoch 81 step 50/54 loss=1.7098 lr=1.90e-04
2026-07-16 07:45:25,078 [INFO] trainer: epoch 81 done train_loss=1.7072 dt=12.0s
2026-07-16 07:45:36,010 [INFO] trainer: epoch 82 step 50/54 loss=1.6985 lr=1.90e-04
2026-07-16 07:45:36,798 [INFO] trainer: epoch 82 done train_loss=1.6966 dt=11.7s
2026-07-16 07:45:47,589 [INFO] trainer: epoch 83 step 50/54 loss=1.6567 lr=1.89e-04
2026-07-16 07:45:48,377 [INFO] trainer: epoch 83 done train_loss=1.6729 dt=11.6s
2026-07-16 07:45:59,195 [INFO] trainer: epoch 84 step 50/54 loss=1.6712 lr=1.89e-04
2026-07-16 07:45:59,982 [INFO] trainer: epoch 84 done train_loss=1.6750 dt=11.6s
2026-07-16 07:46:10,954 [INFO] trainer: epoch 85 step 50/54 loss=1.6607 lr=1.89e-04
2026-07-16 07:46:11,742 [INFO] trainer: epoch 85 done train_loss=1.6674 dt=11.8s
2026-07-16 07:46:22,611 [INFO] trainer: epoch 86 step 50/54 loss=1.6397 lr=1.88e-04
2026-07-16 07:46:23,398 [INFO] trainer: epoch 86 done train_loss=1.6309 dt=11.7s
2026-07-16 07:46:34,354 [INFO] trainer: epoch 87 step 50/54 loss=1.6452 lr=1.88e-04
2026-07-16 07:46:35,142 [INFO] trainer: epoch 87 done train_loss=1.6478 dt=11.7s
2026-07-16 07:46:46,205 [INFO] trainer: epoch 88 step 50/54 loss=1.6646 lr=1.88e-04
2026-07-16 07:46:46,993 [INFO] trainer: epoch 88 done train_loss=1.6731 dt=11.9s
2026-07-16 07:46:57,953 [INFO] trainer: epoch 89 step 50/54 loss=1.6387 lr=1.88e-04
2026-07-16 07:46:58,741 [INFO] trainer: epoch 89 done train_loss=1.6444 dt=11.7s
2026-07-16 07:47:09,518 [INFO] trainer: epoch 90 step 50/54 loss=1.6342 lr=1.87e-04
2026-07-16 07:47:10,307 [INFO] trainer: epoch 90 done train_loss=1.6449 dt=11.6s
2026-07-16 07:47:21,516 [INFO] trainer: epoch 91 step 50/54 loss=1.6406 lr=1.87e-04
2026-07-16 07:47:22,304 [INFO] trainer: epoch 91 done train_loss=1.6279 dt=11.8s
2026-07-16 07:47:33,303 [INFO] trainer: epoch 92 step 50/54 loss=1.6372 lr=1.87e-04
2026-07-16 07:47:34,092 [INFO] trainer: epoch 92 done train_loss=1.6332 dt=11.8s
2026-07-16 07:47:45,061 [INFO] trainer: epoch 93 step 50/54 loss=1.6130 lr=1.86e-04
2026-07-16 07:47:45,849 [INFO] trainer: epoch 93 done train_loss=1.6165 dt=11.8s
2026-07-16 07:47:56,619 [INFO] trainer: epoch 94 step 50/54 loss=1.6048 lr=1.86e-04
2026-07-16 07:47:57,408 [INFO] trainer: epoch 94 done train_loss=1.6004 dt=11.6s
2026-07-16 07:48:08,428 [INFO] trainer: epoch 95 step 50/54 loss=1.5924 lr=1.86e-04
2026-07-16 07:48:09,217 [INFO] trainer: epoch 95 done train_loss=1.5884 dt=11.8s
2026-07-16 07:48:20,028 [INFO] trainer: epoch 96 step 50/54 loss=1.5939 lr=1.85e-04
2026-07-16 07:48:20,817 [INFO] trainer: epoch 96 done train_loss=1.6017 dt=11.6s
2026-07-16 07:48:31,689 [INFO] trainer: epoch 97 step 50/54 loss=1.5787 lr=1.85e-04
2026-07-16 07:48:32,476 [INFO] trainer: epoch 97 done train_loss=1.5732 dt=11.7s
2026-07-16 07:48:43,364 [INFO] trainer: epoch 98 step 50/54 loss=1.5750 lr=1.85e-04
2026-07-16 07:48:44,152 [INFO] trainer: epoch 98 done train_loss=1.5913 dt=11.7s
2026-07-16 07:48:54,978 [INFO] trainer: epoch 99 step 50/54 loss=1.5544 lr=1.84e-04
2026-07-16 07:48:55,765 [INFO] trainer: epoch 99 done train_loss=1.5591 dt=11.6s
2026-07-16 07:49:06,722 [INFO] trainer: epoch 100 step 50/54 loss=1.5578 lr=1.84e-04
2026-07-16 07:49:07,510 [INFO] trainer: epoch 100 done train_loss=1.5515 dt=11.7s
2026-07-16 07:49:48,859 [INFO] trainer: epoch 100 val_mean_dice=0.6108
2026-07-16 07:50:00,086 [INFO] trainer: epoch 101 step 50/54 loss=1.5607 lr=1.84e-04
2026-07-16 07:50:00,875 [INFO] trainer: epoch 101 done train_loss=1.5758 dt=11.6s
2026-07-16 07:50:11,674 [INFO] trainer: epoch 102 step 50/54 loss=1.5502 lr=1.83e-04
2026-07-16 07:50:12,462 [INFO] trainer: epoch 102 done train_loss=1.5432 dt=11.6s
2026-07-16 07:50:23,499 [INFO] trainer: epoch 103 step 50/54 loss=1.5327 lr=1.83e-04
2026-07-16 07:50:24,287 [INFO] trainer: epoch 103 done train_loss=1.5188 dt=11.8s
2026-07-16 07:50:35,134 [INFO] trainer: epoch 104 step 50/54 loss=1.5278 lr=1.82e-04
2026-07-16 07:50:35,924 [INFO] trainer: epoch 104 done train_loss=1.5302 dt=11.6s
2026-07-16 07:50:46,667 [INFO] trainer: epoch 105 step 50/54 loss=1.5191 lr=1.82e-04
2026-07-16 07:50:47,458 [INFO] trainer: epoch 105 done train_loss=1.5152 dt=11.5s
2026-07-16 07:50:58,263 [INFO] trainer: epoch 106 step 50/54 loss=1.5422 lr=1.82e-04
2026-07-16 07:50:59,055 [INFO] trainer: epoch 106 done train_loss=1.5407 dt=11.6s
2026-07-16 07:51:09,895 [INFO] trainer: epoch 107 step 50/54 loss=1.4678 lr=1.81e-04
2026-07-16 07:51:10,685 [INFO] trainer: epoch 107 done train_loss=1.4893 dt=11.6s
2026-07-16 07:51:21,429 [INFO] trainer: epoch 108 step 50/54 loss=1.5250 lr=1.81e-04
2026-07-16 07:51:22,218 [INFO] trainer: epoch 108 done train_loss=1.5161 dt=11.5s
2026-07-16 07:51:33,022 [INFO] trainer: epoch 109 step 50/54 loss=1.4981 lr=1.81e-04
2026-07-16 07:51:33,814 [INFO] trainer: epoch 109 done train_loss=1.5007 dt=11.6s
2026-07-16 07:51:44,713 [INFO] trainer: epoch 110 step 50/54 loss=1.4320 lr=1.80e-04
2026-07-16 07:51:45,503 [INFO] trainer: epoch 110 done train_loss=1.4272 dt=11.7s
2026-07-16 07:51:56,728 [INFO] trainer: epoch 111 step 50/54 loss=1.4932 lr=1.80e-04
2026-07-16 07:51:57,517 [INFO] trainer: epoch 111 done train_loss=1.4970 dt=11.8s
2026-07-16 07:52:08,423 [INFO] trainer: epoch 112 step 50/54 loss=1.5038 lr=1.79e-04
2026-07-16 07:52:09,213 [INFO] trainer: epoch 112 done train_loss=1.5023 dt=11.7s
2026-07-16 07:52:19,923 [INFO] trainer: epoch 113 step 50/54 loss=1.5178 lr=1.79e-04
2026-07-16 07:52:20,710 [INFO] trainer: epoch 113 done train_loss=1.5153 dt=11.5s
2026-07-16 07:52:31,547 [INFO] trainer: epoch 114 step 50/54 loss=1.4930 lr=1.79e-04
2026-07-16 07:52:32,334 [INFO] trainer: epoch 114 done train_loss=1.4940 dt=11.6s
2026-07-16 07:52:43,169 [INFO] trainer: epoch 115 step 50/54 loss=1.5302 lr=1.78e-04
2026-07-16 07:52:43,958 [INFO] trainer: epoch 115 done train_loss=1.5307 dt=11.6s
2026-07-16 07:52:54,869 [INFO] trainer: epoch 116 step 50/54 loss=1.4953 lr=1.78e-04
2026-07-16 07:52:55,656 [INFO] trainer: epoch 116 done train_loss=1.4930 dt=11.7s
2026-07-16 07:53:06,617 [INFO] trainer: epoch 117 step 50/54 loss=1.4732 lr=1.78e-04
2026-07-16 07:53:07,405 [INFO] trainer: epoch 117 done train_loss=1.4597 dt=11.7s
2026-07-16 07:53:18,245 [INFO] trainer: epoch 118 step 50/54 loss=1.4971 lr=1.77e-04
2026-07-16 07:53:19,032 [INFO] trainer: epoch 118 done train_loss=1.4904 dt=11.6s
2026-07-16 07:53:29,952 [INFO] trainer: epoch 119 step 50/54 loss=1.4600 lr=1.77e-04
2026-07-16 07:53:30,740 [INFO] trainer: epoch 119 done train_loss=1.4701 dt=11.7s
2026-07-16 07:53:41,793 [INFO] trainer: epoch 120 step 50/54 loss=1.5009 lr=1.76e-04
2026-07-16 07:53:42,581 [INFO] trainer: epoch 120 done train_loss=1.4917 dt=11.8s
2026-07-16 07:53:53,718 [INFO] trainer: epoch 121 step 50/54 loss=1.4683 lr=1.76e-04
2026-07-16 07:53:54,507 [INFO] trainer: epoch 121 done train_loss=1.4656 dt=11.7s
2026-07-16 07:54:05,394 [INFO] trainer: epoch 122 step 50/54 loss=1.4376 lr=1.75e-04
2026-07-16 07:54:06,182 [INFO] trainer: epoch 122 done train_loss=1.4316 dt=11.7s
2026-07-16 07:54:17,012 [INFO] trainer: epoch 123 step 50/54 loss=1.4790 lr=1.75e-04
2026-07-16 07:54:17,802 [INFO] trainer: epoch 123 done train_loss=1.4771 dt=11.6s
2026-07-16 07:54:28,657 [INFO] trainer: epoch 124 step 50/54 loss=1.4599 lr=1.75e-04
2026-07-16 07:54:29,446 [INFO] trainer: epoch 124 done train_loss=1.4507 dt=11.6s
2026-07-16 07:54:40,333 [INFO] trainer: epoch 125 step 50/54 loss=1.4300 lr=1.74e-04
2026-07-16 07:54:41,120 [INFO] trainer: epoch 125 done train_loss=1.4346 dt=11.7s
2026-07-16 07:55:22,415 [INFO] trainer: epoch 125 val_mean_dice=0.6662
2026-07-16 07:55:33,659 [INFO] trainer: epoch 126 step 50/54 loss=1.4178 lr=1.74e-04
2026-07-16 07:55:34,446 [INFO] trainer: epoch 126 done train_loss=1.4092 dt=11.8s
2026-07-16 07:55:45,242 [INFO] trainer: epoch 127 step 50/54 loss=1.4383 lr=1.73e-04
2026-07-16 07:55:46,030 [INFO] trainer: epoch 127 done train_loss=1.4378 dt=11.6s
2026-07-16 07:55:56,902 [INFO] trainer: epoch 128 step 50/54 loss=1.4386 lr=1.73e-04
2026-07-16 07:55:57,690 [INFO] trainer: epoch 128 done train_loss=1.4286 dt=11.7s
2026-07-16 07:56:08,531 [INFO] trainer: epoch 129 step 50/54 loss=1.4381 lr=1.72e-04
2026-07-16 07:56:09,317 [INFO] trainer: epoch 129 done train_loss=1.4367 dt=11.6s
2026-07-16 07:56:20,110 [INFO] trainer: epoch 130 step 50/54 loss=1.4484 lr=1.72e-04
2026-07-16 07:56:20,898 [INFO] trainer: epoch 130 done train_loss=1.4408 dt=11.6s
2026-07-16 07:56:31,811 [INFO] trainer: epoch 131 step 50/54 loss=1.4526 lr=1.72e-04
2026-07-16 07:56:32,598 [INFO] trainer: epoch 131 done train_loss=1.4773 dt=11.5s
2026-07-16 07:56:43,331 [INFO] trainer: epoch 132 step 50/54 loss=1.4396 lr=1.71e-04
2026-07-16 07:56:44,119 [INFO] trainer: epoch 132 done train_loss=1.4380 dt=11.5s
2026-07-16 07:56:54,943 [INFO] trainer: epoch 133 step 50/54 loss=1.4086 lr=1.71e-04
2026-07-16 07:56:55,730 [INFO] trainer: epoch 133 done train_loss=1.4162 dt=11.6s
2026-07-16 07:57:06,427 [INFO] trainer: epoch 134 step 50/54 loss=1.4109 lr=1.70e-04
2026-07-16 07:57:07,214 [INFO] trainer: epoch 134 done train_loss=1.4094 dt=11.5s
2026-07-16 07:57:18,189 [INFO] trainer: epoch 135 step 50/54 loss=1.4137 lr=1.70e-04
2026-07-16 07:57:18,977 [INFO] trainer: epoch 135 done train_loss=1.4092 dt=11.8s
2026-07-16 07:57:30,106 [INFO] trainer: epoch 136 step 50/54 loss=1.4263 lr=1.69e-04
2026-07-16 07:57:30,893 [INFO] trainer: epoch 136 done train_loss=1.4223 dt=11.9s
2026-07-16 07:57:41,771 [INFO] trainer: epoch 137 step 50/54 loss=1.4295 lr=1.69e-04
2026-07-16 07:57:42,559 [INFO] trainer: epoch 137 done train_loss=1.4201 dt=11.7s
2026-07-16 07:57:53,523 [INFO] trainer: epoch 138 step 50/54 loss=1.4081 lr=1.68e-04
2026-07-16 07:57:54,310 [INFO] trainer: epoch 138 done train_loss=1.4130 dt=11.8s
2026-07-16 07:58:05,278 [INFO] trainer: epoch 139 step 50/54 loss=1.4203 lr=1.68e-04
2026-07-16 07:58:06,069 [INFO] trainer: epoch 139 done train_loss=1.4092 dt=11.8s
2026-07-16 07:58:16,840 [INFO] trainer: epoch 140 step 50/54 loss=1.4173 lr=1.67e-04
2026-07-16 07:58:17,629 [INFO] trainer: epoch 140 done train_loss=1.4184 dt=11.6s
2026-07-16 07:58:28,813 [INFO] trainer: epoch 141 step 50/54 loss=1.4281 lr=1.67e-04
2026-07-16 07:58:29,600 [INFO] trainer: epoch 141 done train_loss=1.4235 dt=11.8s
2026-07-16 07:58:40,441 [INFO] trainer: epoch 142 step 50/54 loss=1.3999 lr=1.66e-04
2026-07-16 07:58:41,229 [INFO] trainer: epoch 142 done train_loss=1.3923 dt=11.6s
2026-07-16 07:58:52,094 [INFO] trainer: epoch 143 step 50/54 loss=1.4107 lr=1.66e-04
2026-07-16 07:58:52,882 [INFO] trainer: epoch 143 done train_loss=1.4037 dt=11.7s
2026-07-16 07:59:03,604 [INFO] trainer: epoch 144 step 50/54 loss=1.3728 lr=1.66e-04
2026-07-16 07:59:04,394 [INFO] trainer: epoch 144 done train_loss=1.3872 dt=11.5s
2026-07-16 07:59:15,169 [INFO] trainer: epoch 145 step 50/54 loss=1.3616 lr=1.65e-04
2026-07-16 07:59:15,956 [INFO] trainer: epoch 145 done train_loss=1.3550 dt=11.6s
2026-07-16 07:59:26,867 [INFO] trainer: epoch 146 step 50/54 loss=1.3782 lr=1.65e-04
2026-07-16 07:59:27,656 [INFO] trainer: epoch 146 done train_loss=1.3845 dt=11.7s
2026-07-16 07:59:38,642 [INFO] trainer: epoch 147 step 50/54 loss=1.3625 lr=1.64e-04
2026-07-16 07:59:39,430 [INFO] trainer: epoch 147 done train_loss=1.3726 dt=11.8s
2026-07-16 07:59:50,147 [INFO] trainer: epoch 148 step 50/54 loss=1.3876 lr=1.64e-04
2026-07-16 07:59:50,935 [INFO] trainer: epoch 148 done train_loss=1.3929 dt=11.5s
2026-07-16 08:00:01,787 [INFO] trainer: epoch 149 step 50/54 loss=1.4104 lr=1.63e-04
2026-07-16 08:00:02,574 [INFO] trainer: epoch 149 done train_loss=1.4086 dt=11.6s
2026-07-16 08:00:13,364 [INFO] trainer: epoch 150 step 50/54 loss=1.3913 lr=1.63e-04
2026-07-16 08:00:14,151 [INFO] trainer: epoch 150 done train_loss=1.3878 dt=11.6s
2026-07-16 08:00:55,367 [INFO] trainer: epoch 150 val_mean_dice=0.6872
2026-07-16 08:01:06,664 [INFO] trainer: epoch 151 step 50/54 loss=1.3780 lr=1.62e-04
2026-07-16 08:01:07,453 [INFO] trainer: epoch 151 done train_loss=1.3876 dt=11.7s
2026-07-16 08:01:18,347 [INFO] trainer: epoch 152 step 50/54 loss=1.3914 lr=1.62e-04
2026-07-16 08:01:19,188 [INFO] trainer: epoch 152 done train_loss=1.4006 dt=11.7s
2026-07-16 08:01:30,121 [INFO] trainer: epoch 153 step 50/54 loss=1.3502 lr=1.61e-04
2026-07-16 08:01:30,908 [INFO] trainer: epoch 153 done train_loss=1.3520 dt=11.7s
2026-07-16 08:01:41,946 [INFO] trainer: epoch 154 step 50/54 loss=1.3748 lr=1.61e-04
2026-07-16 08:01:42,734 [INFO] trainer: epoch 154 done train_loss=1.3769 dt=11.8s
2026-07-16 08:01:53,545 [INFO] trainer: epoch 155 step 50/54 loss=1.3958 lr=1.60e-04
2026-07-16 08:01:54,333 [INFO] trainer: epoch 155 done train_loss=1.3897 dt=11.6s
2026-07-16 08:02:05,220 [INFO] trainer: epoch 156 step 50/54 loss=1.3809 lr=1.60e-04
2026-07-16 08:02:06,007 [INFO] trainer: epoch 156 done train_loss=1.3832 dt=11.7s
2026-07-16 08:02:16,789 [INFO] trainer: epoch 157 step 50/54 loss=1.4591 lr=1.59e-04
2026-07-16 08:02:17,576 [INFO] trainer: epoch 157 done train_loss=1.4557 dt=11.6s
2026-07-16 08:02:28,399 [INFO] trainer: epoch 158 step 50/54 loss=1.4096 lr=1.59e-04
2026-07-16 08:02:29,188 [INFO] trainer: epoch 158 done train_loss=1.4042 dt=11.6s
2026-07-16 08:02:40,052 [INFO] trainer: epoch 159 step 50/54 loss=1.3805 lr=1.58e-04
2026-07-16 08:02:40,843 [INFO] trainer: epoch 159 done train_loss=1.3923 dt=11.7s
2026-07-16 08:02:51,689 [INFO] trainer: epoch 160 step 50/54 loss=1.3694 lr=1.57e-04
2026-07-16 08:02:52,476 [INFO] trainer: epoch 160 done train_loss=1.3716 dt=11.6s
2026-07-16 08:03:03,541 [INFO] trainer: epoch 161 step 50/54 loss=1.3838 lr=1.57e-04
2026-07-16 08:03:04,329 [INFO] trainer: epoch 161 done train_loss=1.3786 dt=11.6s
2026-07-16 08:03:15,360 [INFO] trainer: epoch 162 step 50/54 loss=1.3305 lr=1.56e-04
2026-07-16 08:03:16,149 [INFO] trainer: epoch 162 done train_loss=1.3245 dt=11.8s
2026-07-16 08:03:27,144 [INFO] trainer: epoch 163 step 50/54 loss=1.3407 lr=1.56e-04
2026-07-16 08:03:28,883 [INFO] trainer: epoch 163 done train_loss=1.3459 dt=12.7s
2026-07-16 08:03:39,792 [INFO] trainer: epoch 164 step 50/54 loss=1.3226 lr=1.55e-04
2026-07-16 08:03:40,579 [INFO] trainer: epoch 164 done train_loss=1.3334 dt=11.7s
2026-07-16 08:03:51,537 [INFO] trainer: epoch 165 step 50/54 loss=1.3113 lr=1.55e-04
2026-07-16 08:03:52,325 [INFO] trainer: epoch 165 done train_loss=1.3247 dt=11.7s
2026-07-16 08:04:03,059 [INFO] trainer: epoch 166 step 50/54 loss=1.3367 lr=1.54e-04
2026-07-16 08:04:03,848 [INFO] trainer: epoch 166 done train_loss=1.3288 dt=11.5s
2026-07-16 08:04:14,498 [INFO] trainer: epoch 167 step 50/54 loss=1.3683 lr=1.54e-04
2026-07-16 08:04:15,287 [INFO] trainer: epoch 167 done train_loss=1.3713 dt=11.4s
2026-07-16 08:04:26,242 [INFO] trainer: epoch 168 step 50/54 loss=1.3972 lr=1.53e-04
2026-07-16 08:04:27,031 [INFO] trainer: epoch 168 done train_loss=1.3987 dt=11.7s
2026-07-16 08:04:37,829 [INFO] trainer: epoch 169 step 50/54 loss=1.3143 lr=1.53e-04
2026-07-16 08:04:38,617 [INFO] trainer: epoch 169 done train_loss=1.3258 dt=11.6s
2026-07-16 08:04:49,286 [INFO] trainer: epoch 170 step 50/54 loss=1.3461 lr=1.52e-04
2026-07-16 08:04:50,075 [INFO] trainer: epoch 170 done train_loss=1.3354 dt=11.5s
2026-07-16 08:05:01,157 [INFO] trainer: epoch 171 step 50/54 loss=1.3508 lr=1.52e-04
2026-07-16 08:05:01,946 [INFO] trainer: epoch 171 done train_loss=1.3404 dt=11.6s
2026-07-16 08:05:12,733 [INFO] trainer: epoch 172 step 50/54 loss=1.3314 lr=1.51e-04
2026-07-16 08:05:13,522 [INFO] trainer: epoch 172 done train_loss=1.3344 dt=11.6s
2026-07-16 08:05:24,567 [INFO] trainer: epoch 173 step 50/54 loss=1.3505 lr=1.50e-04
2026-07-16 08:05:25,357 [INFO] trainer: epoch 173 done train_loss=1.3479 dt=11.8s
2026-07-16 08:05:36,225 [INFO] trainer: epoch 174 step 50/54 loss=1.3032 lr=1.50e-04
2026-07-16 08:05:37,015 [INFO] trainer: epoch 174 done train_loss=1.2964 dt=11.7s
2026-07-16 08:05:47,837 [INFO] trainer: epoch 175 step 50/54 loss=1.3249 lr=1.49e-04
2026-07-16 08:05:48,627 [INFO] trainer: epoch 175 done train_loss=1.3295 dt=11.6s
2026-07-16 08:06:29,914 [INFO] trainer: epoch 175 val_mean_dice=0.7029
2026-07-16 08:06:41,160 [INFO] trainer: epoch 176 step 50/54 loss=1.3401 lr=1.49e-04
2026-07-16 08:06:41,949 [INFO] trainer: epoch 176 done train_loss=1.3322 dt=11.8s
2026-07-16 08:06:52,712 [INFO] trainer: epoch 177 step 50/54 loss=1.3098 lr=1.48e-04
2026-07-16 08:06:53,503 [INFO] trainer: epoch 177 done train_loss=1.3205 dt=11.6s
2026-07-16 08:07:04,429 [INFO] trainer: epoch 178 step 50/54 loss=1.3212 lr=1.48e-04
2026-07-16 08:07:05,220 [INFO] trainer: epoch 178 done train_loss=1.3229 dt=11.7s
2026-07-16 08:07:16,045 [INFO] trainer: epoch 179 step 50/54 loss=1.3464 lr=1.47e-04
2026-07-16 08:07:16,834 [INFO] trainer: epoch 179 done train_loss=1.3422 dt=11.6s
2026-07-16 08:07:27,677 [INFO] trainer: epoch 180 step 50/54 loss=1.3298 lr=1.47e-04
2026-07-16 08:07:28,464 [INFO] trainer: epoch 180 done train_loss=1.3204 dt=11.6s
2026-07-16 08:07:39,541 [INFO] trainer: epoch 181 step 50/54 loss=1.3043 lr=1.46e-04
2026-07-16 08:07:40,329 [INFO] trainer: epoch 181 done train_loss=1.3224 dt=11.6s
2026-07-16 08:07:51,236 [INFO] trainer: epoch 182 step 50/54 loss=1.2740 lr=1.45e-04
2026-07-16 08:07:52,025 [INFO] trainer: epoch 182 done train_loss=1.2763 dt=11.7s
2026-07-16 08:08:03,058 [INFO] trainer: epoch 183 step 50/54 loss=1.3069 lr=1.45e-04
2026-07-16 08:08:03,847 [INFO] trainer: epoch 183 done train_loss=1.3076 dt=11.8s
2026-07-16 08:08:14,727 [INFO] trainer: epoch 184 step 50/54 loss=1.3685 lr=1.44e-04
2026-07-16 08:08:15,516 [INFO] trainer: epoch 184 done train_loss=1.3704 dt=11.7s
2026-07-16 08:08:26,413 [INFO] trainer: epoch 185 step 50/54 loss=1.3269 lr=1.44e-04
2026-07-16 08:08:27,201 [INFO] trainer: epoch 185 done train_loss=1.3358 dt=11.7s
2026-07-16 08:08:38,137 [INFO] trainer: epoch 186 step 50/54 loss=1.2832 lr=1.43e-04
2026-07-16 08:08:38,926 [INFO] trainer: epoch 186 done train_loss=1.2932 dt=11.7s
2026-07-16 08:08:49,807 [INFO] trainer: epoch 187 step 50/54 loss=1.3663 lr=1.43e-04
2026-07-16 08:08:50,595 [INFO] trainer: epoch 187 done train_loss=1.3488 dt=11.7s
2026-07-16 08:09:01,358 [INFO] trainer: epoch 188 step 50/54 loss=1.3007 lr=1.42e-04
2026-07-16 08:09:02,146 [INFO] trainer: epoch 188 done train_loss=1.3000 dt=11.6s
2026-07-16 08:09:13,064 [INFO] trainer: epoch 189 step 50/54 loss=1.3387 lr=1.41e-04
2026-07-16 08:09:13,852 [INFO] trainer: epoch 189 done train_loss=1.3314 dt=11.7s
2026-07-16 08:09:24,844 [INFO] trainer: epoch 190 step 50/54 loss=1.3247 lr=1.41e-04
2026-07-16 08:09:25,633 [INFO] trainer: epoch 190 done train_loss=1.3162 dt=11.8s
2026-07-16 08:09:36,749 [INFO] trainer: epoch 191 step 50/54 loss=1.3435 lr=1.40e-04
2026-07-16 08:09:37,537 [INFO] trainer: epoch 191 done train_loss=1.3440 dt=11.7s
2026-07-16 08:09:48,489 [INFO] trainer: epoch 192 step 50/54 loss=1.3513 lr=1.40e-04
2026-07-16 08:09:49,277 [INFO] trainer: epoch 192 done train_loss=1.3577 dt=11.7s
2026-07-16 08:10:00,176 [INFO] trainer: epoch 193 step 50/54 loss=1.3279 lr=1.39e-04
2026-07-16 08:10:00,964 [INFO] trainer: epoch 193 done train_loss=1.3300 dt=11.7s
2026-07-16 08:10:11,708 [INFO] trainer: epoch 194 step 50/54 loss=1.3389 lr=1.38e-04
2026-07-16 08:10:12,496 [INFO] trainer: epoch 194 done train_loss=1.3429 dt=11.5s
2026-07-16 08:10:23,383 [INFO] trainer: epoch 195 step 50/54 loss=1.3538 lr=1.38e-04
2026-07-16 08:10:24,171 [INFO] trainer: epoch 195 done train_loss=1.3488 dt=11.7s
2026-07-16 08:10:34,943 [INFO] trainer: epoch 196 step 50/54 loss=1.3434 lr=1.37e-04
2026-07-16 08:10:35,732 [INFO] trainer: epoch 196 done train_loss=1.3367 dt=11.6s
2026-07-16 08:10:46,528 [INFO] trainer: epoch 197 step 50/54 loss=1.2916 lr=1.37e-04
2026-07-16 08:10:47,316 [INFO] trainer: epoch 197 done train_loss=1.2958 dt=11.6s
2026-07-16 08:10:58,172 [INFO] trainer: epoch 198 step 50/54 loss=1.2906 lr=1.36e-04
2026-07-16 08:10:58,962 [INFO] trainer: epoch 198 done train_loss=1.2880 dt=11.6s
2026-07-16 08:11:09,523 [INFO] trainer: epoch 199 step 50/54 loss=1.2551 lr=1.36e-04
2026-07-16 08:11:10,311 [INFO] trainer: epoch 199 done train_loss=1.2668 dt=11.3s
2026-07-16 08:11:21,120 [INFO] trainer: epoch 200 step 50/54 loss=1.2982 lr=1.35e-04
2026-07-16 08:11:21,910 [INFO] trainer: epoch 200 done train_loss=1.2975 dt=11.6s
2026-07-16 08:12:03,103 [INFO] trainer: epoch 200 val_mean_dice=0.7040
2026-07-16 08:12:14,475 [INFO] trainer: epoch 201 step 50/54 loss=1.3267 lr=1.34e-04
2026-07-16 08:12:15,263 [INFO] trainer: epoch 201 done train_loss=1.3288 dt=11.7s
2026-07-16 08:12:26,115 [INFO] trainer: epoch 202 step 50/54 loss=1.2733 lr=1.34e-04
2026-07-16 08:12:26,903 [INFO] trainer: epoch 202 done train_loss=1.2725 dt=11.6s
2026-07-16 08:12:37,912 [INFO] trainer: epoch 203 step 50/54 loss=1.3190 lr=1.33e-04
2026-07-16 08:12:38,700 [INFO] trainer: epoch 203 done train_loss=1.3088 dt=11.8s
2026-07-16 08:12:49,520 [INFO] trainer: epoch 204 step 50/54 loss=1.2564 lr=1.33e-04
2026-07-16 08:12:50,308 [INFO] trainer: epoch 204 done train_loss=1.2525 dt=11.6s
2026-07-16 08:13:01,055 [INFO] trainer: epoch 205 step 50/54 loss=1.3075 lr=1.32e-04
2026-07-16 08:13:01,842 [INFO] trainer: epoch 205 done train_loss=1.3062 dt=11.5s
2026-07-16 08:13:12,587 [INFO] trainer: epoch 206 step 50/54 loss=1.3259 lr=1.31e-04
2026-07-16 08:13:13,375 [INFO] trainer: epoch 206 done train_loss=1.3140 dt=11.5s
2026-07-16 08:13:24,302 [INFO] trainer: epoch 207 step 50/54 loss=1.3245 lr=1.31e-04
2026-07-16 08:13:25,092 [INFO] trainer: epoch 207 done train_loss=1.3151 dt=11.7s
2026-07-16 08:13:35,793 [INFO] trainer: epoch 208 step 50/54 loss=1.3256 lr=1.30e-04
2026-07-16 08:13:36,582 [INFO] trainer: epoch 208 done train_loss=1.3125 dt=11.5s
2026-07-16 08:13:47,341 [INFO] trainer: epoch 209 step 50/54 loss=1.2795 lr=1.29e-04
2026-07-16 08:13:48,129 [INFO] trainer: epoch 209 done train_loss=1.2861 dt=11.5s
2026-07-16 08:13:59,197 [INFO] trainer: epoch 210 step 50/54 loss=1.2745 lr=1.29e-04
2026-07-16 08:13:59,986 [INFO] trainer: epoch 210 done train_loss=1.2890 dt=11.9s
2026-07-16 08:14:11,202 [INFO] trainer: epoch 211 step 50/54 loss=1.2468 lr=1.28e-04
2026-07-16 08:14:11,989 [INFO] trainer: epoch 211 done train_loss=1.2524 dt=11.8s
2026-07-16 08:14:22,724 [INFO] trainer: epoch 212 step 50/54 loss=1.3211 lr=1.28e-04
2026-07-16 08:14:23,513 [INFO] trainer: epoch 212 done train_loss=1.3098 dt=11.5s
2026-07-16 08:14:34,425 [INFO] trainer: epoch 213 step 50/54 loss=1.2575 lr=1.27e-04
2026-07-16 08:14:35,215 [INFO] trainer: epoch 213 done train_loss=1.2631 dt=11.7s
2026-07-16 08:14:46,206 [INFO] trainer: epoch 214 step 50/54 loss=1.2546 lr=1.26e-04
2026-07-16 08:14:46,996 [INFO] trainer: epoch 214 done train_loss=1.2619 dt=11.8s
2026-07-16 08:14:57,903 [INFO] trainer: epoch 215 step 50/54 loss=1.3238 lr=1.26e-04
2026-07-16 08:14:58,690 [INFO] trainer: epoch 215 done train_loss=1.3173 dt=11.7s
2026-07-16 08:15:09,626 [INFO] trainer: epoch 216 step 50/54 loss=1.2932 lr=1.25e-04
2026-07-16 08:15:10,414 [INFO] trainer: epoch 216 done train_loss=1.3033 dt=11.7s
2026-07-16 08:15:21,323 [INFO] trainer: epoch 217 step 50/54 loss=1.2830 lr=1.25e-04
2026-07-16 08:15:22,111 [INFO] trainer: epoch 217 done train_loss=1.2814 dt=11.7s
2026-07-16 08:15:32,891 [INFO] trainer: epoch 218 step 50/54 loss=1.3138 lr=1.24e-04
2026-07-16 08:15:33,678 [INFO] trainer: epoch 218 done train_loss=1.3091 dt=11.6s
2026-07-16 08:15:44,661 [INFO] trainer: epoch 219 step 50/54 loss=1.3115 lr=1.23e-04
2026-07-16 08:15:45,447 [INFO] trainer: epoch 219 done train_loss=1.3111 dt=11.8s
2026-07-16 08:15:56,371 [INFO] trainer: epoch 220 step 50/54 loss=1.2970 lr=1.23e-04
2026-07-16 08:15:57,158 [INFO] trainer: epoch 220 done train_loss=1.3096 dt=11.7s
2026-07-16 08:16:08,337 [INFO] trainer: epoch 221 step 50/54 loss=1.2838 lr=1.22e-04
2026-07-16 08:16:09,126 [INFO] trainer: epoch 221 done train_loss=1.2887 dt=11.7s
2026-07-16 08:16:19,961 [INFO] trainer: epoch 222 step 50/54 loss=1.2608 lr=1.21e-04
2026-07-16 08:16:20,752 [INFO] trainer: epoch 222 done train_loss=1.2748 dt=11.6s
2026-07-16 08:16:31,618 [INFO] trainer: epoch 223 step 50/54 loss=1.2912 lr=1.21e-04
2026-07-16 08:16:32,405 [INFO] trainer: epoch 223 done train_loss=1.2928 dt=11.7s
2026-07-16 08:16:43,401 [INFO] trainer: epoch 224 step 50/54 loss=1.2983 lr=1.20e-04
2026-07-16 08:16:44,188 [INFO] trainer: epoch 224 done train_loss=1.2942 dt=11.8s
2026-07-16 08:16:54,973 [INFO] trainer: epoch 225 step 50/54 loss=1.2613 lr=1.20e-04
2026-07-16 08:16:55,761 [INFO] trainer: epoch 225 done train_loss=1.2569 dt=11.6s
2026-07-16 08:17:36,951 [INFO] trainer: epoch 225 val_mean_dice=0.7111
2026-07-16 08:17:48,016 [INFO] trainer: epoch 226 step 50/54 loss=1.3018 lr=1.19e-04
2026-07-16 08:17:48,805 [INFO] trainer: epoch 226 done train_loss=1.3058 dt=11.6s
2026-07-16 08:17:59,633 [INFO] trainer: epoch 227 step 50/54 loss=1.2883 lr=1.18e-04
2026-07-16 08:18:00,421 [INFO] trainer: epoch 227 done train_loss=1.2895 dt=11.6s
2026-07-16 08:18:11,348 [INFO] trainer: epoch 228 step 50/54 loss=1.2757 lr=1.18e-04
2026-07-16 08:18:12,137 [INFO] trainer: epoch 228 done train_loss=1.2750 dt=11.7s
2026-07-16 08:18:22,897 [INFO] trainer: epoch 229 step 50/54 loss=1.2903 lr=1.17e-04
2026-07-16 08:18:23,685 [INFO] trainer: epoch 229 done train_loss=1.2828 dt=11.5s
2026-07-16 08:18:34,666 [INFO] trainer: epoch 230 step 50/54 loss=1.2557 lr=1.16e-04
2026-07-16 08:18:35,454 [INFO] trainer: epoch 230 done train_loss=1.2662 dt=11.8s
2026-07-16 08:18:46,569 [INFO] trainer: epoch 231 step 50/54 loss=1.3192 lr=1.16e-04
2026-07-16 08:18:47,358 [INFO] trainer: epoch 231 done train_loss=1.3145 dt=11.7s
2026-07-16 08:18:58,337 [INFO] trainer: epoch 232 step 50/54 loss=1.2419 lr=1.15e-04
2026-07-16 08:18:59,124 [INFO] trainer: epoch 232 done train_loss=1.2435 dt=11.8s
2026-07-16 08:19:09,867 [INFO] trainer: epoch 233 step 50/54 loss=1.2796 lr=1.15e-04
2026-07-16 08:19:10,655 [INFO] trainer: epoch 233 done train_loss=1.2649 dt=11.5s
2026-07-16 08:19:21,789 [INFO] trainer: epoch 234 step 50/54 loss=1.2694 lr=1.14e-04
2026-07-16 08:19:22,577 [INFO] trainer: epoch 234 done train_loss=1.2778 dt=11.9s
2026-07-16 08:19:33,738 [INFO] trainer: epoch 235 step 50/54 loss=1.2816 lr=1.13e-04
2026-07-16 08:19:34,525 [INFO] trainer: epoch 235 done train_loss=1.2781 dt=11.9s
2026-07-16 08:19:45,536 [INFO] trainer: epoch 236 step 50/54 loss=1.2667 lr=1.13e-04
2026-07-16 08:19:46,324 [INFO] trainer: epoch 236 done train_loss=1.2756 dt=11.8s
2026-07-16 08:19:57,223 [INFO] trainer: epoch 237 step 50/54 loss=1.2576 lr=1.12e-04
2026-07-16 08:19:58,012 [INFO] trainer: epoch 237 done train_loss=1.2477 dt=11.7s
2026-07-16 08:20:08,909 [INFO] trainer: epoch 238 step 50/54 loss=1.2978 lr=1.11e-04
2026-07-16 08:20:09,698 [INFO] trainer: epoch 238 done train_loss=1.2868 dt=11.7s
2026-07-16 08:20:20,705 [INFO] trainer: epoch 239 step 50/54 loss=1.3093 lr=1.11e-04
2026-07-16 08:20:21,495 [INFO] trainer: epoch 239 done train_loss=1.3011 dt=11.8s
2026-07-16 08:20:32,384 [INFO] trainer: epoch 240 step 50/54 loss=1.2702 lr=1.10e-04
2026-07-16 08:20:33,174 [INFO] trainer: epoch 240 done train_loss=1.2639 dt=11.7s
2026-07-16 08:20:44,163 [INFO] trainer: epoch 241 step 50/54 loss=1.2737 lr=1.09e-04
2026-07-16 08:20:44,952 [INFO] trainer: epoch 241 done train_loss=1.2773 dt=11.5s
2026-07-16 08:20:55,845 [INFO] trainer: epoch 242 step 50/54 loss=1.2795 lr=1.09e-04
2026-07-16 08:20:56,633 [INFO] trainer: epoch 242 done train_loss=1.2798 dt=11.7s
2026-07-16 08:21:07,554 [INFO] trainer: epoch 243 step 50/54 loss=1.2539 lr=1.08e-04
2026-07-16 08:21:08,342 [INFO] trainer: epoch 243 done train_loss=1.2573 dt=11.7s
2026-07-16 08:21:19,232 [INFO] trainer: epoch 244 step 50/54 loss=1.3152 lr=1.08e-04
2026-07-16 08:21:20,023 [INFO] trainer: epoch 244 done train_loss=1.3150 dt=11.7s
2026-07-16 08:21:30,839 [INFO] trainer: epoch 245 step 50/54 loss=1.2937 lr=1.07e-04
2026-07-16 08:21:31,626 [INFO] trainer: epoch 245 done train_loss=1.2949 dt=11.6s
2026-07-16 08:21:42,458 [INFO] trainer: epoch 246 step 50/54 loss=1.2741 lr=1.06e-04
2026-07-16 08:21:43,246 [INFO] trainer: epoch 246 done train_loss=1.2574 dt=11.6s
2026-07-16 08:21:54,061 [INFO] trainer: epoch 247 step 50/54 loss=1.2514 lr=1.06e-04
2026-07-16 08:21:54,848 [INFO] trainer: epoch 247 done train_loss=1.2515 dt=11.6s
2026-07-16 08:22:05,520 [INFO] trainer: epoch 248 step 50/54 loss=1.2662 lr=1.05e-04
2026-07-16 08:22:06,307 [INFO] trainer: epoch 248 done train_loss=1.2601 dt=11.5s
2026-07-16 08:22:17,169 [INFO] trainer: epoch 249 step 50/54 loss=1.2007 lr=1.04e-04
2026-07-16 08:22:17,957 [INFO] trainer: epoch 249 done train_loss=1.2076 dt=11.6s
2026-07-16 08:22:28,830 [INFO] trainer: epoch 250 step 50/54 loss=1.2332 lr=1.04e-04
2026-07-16 08:22:29,620 [INFO] trainer: epoch 250 done train_loss=1.2339 dt=11.7s
2026-07-16 08:23:10,795 [INFO] trainer: epoch 250 val_mean_dice=0.7270
2026-07-16 08:23:22,220 [INFO] trainer: epoch 251 step 50/54 loss=1.2226 lr=1.03e-04
2026-07-16 08:23:23,008 [INFO] trainer: epoch 251 done train_loss=1.2226 dt=11.8s
2026-07-16 08:23:33,846 [INFO] trainer: epoch 252 step 50/54 loss=1.2263 lr=1.02e-04
2026-07-16 08:23:34,634 [INFO] trainer: epoch 252 done train_loss=1.2374 dt=11.6s
2026-07-16 08:23:45,567 [INFO] trainer: epoch 253 step 50/54 loss=1.2736 lr=1.02e-04
2026-07-16 08:23:46,357 [INFO] trainer: epoch 253 done train_loss=1.2743 dt=11.7s
2026-07-16 08:23:57,289 [INFO] trainer: epoch 254 step 50/54 loss=1.2715 lr=1.01e-04
2026-07-16 08:23:58,077 [INFO] trainer: epoch 254 done train_loss=1.2787 dt=11.7s
2026-07-16 08:24:08,854 [INFO] trainer: epoch 255 step 50/54 loss=1.2354 lr=1.01e-04
2026-07-16 08:24:09,641 [INFO] trainer: epoch 255 done train_loss=1.2343 dt=11.6s
2026-07-16 08:24:20,522 [INFO] trainer: epoch 256 step 50/54 loss=1.2611 lr=9.99e-05
2026-07-16 08:24:21,310 [INFO] trainer: epoch 256 done train_loss=1.2636 dt=11.7s
2026-07-16 08:24:32,035 [INFO] trainer: epoch 257 step 50/54 loss=1.2814 lr=9.93e-05
2026-07-16 08:24:32,824 [INFO] trainer: epoch 257 done train_loss=1.2761 dt=11.5s
2026-07-16 08:24:43,677 [INFO] trainer: epoch 258 step 50/54 loss=1.2405 lr=9.86e-05
2026-07-16 08:24:44,465 [INFO] trainer: epoch 258 done train_loss=1.2360 dt=11.6s
2026-07-16 08:24:55,229 [INFO] trainer: epoch 259 step 50/54 loss=1.2846 lr=9.80e-05
2026-07-16 08:24:56,017 [INFO] trainer: epoch 259 done train_loss=1.2956 dt=11.6s
2026-07-16 08:25:06,871 [INFO] trainer: epoch 260 step 50/54 loss=1.2710 lr=9.74e-05
2026-07-16 08:25:07,659 [INFO] trainer: epoch 260 done train_loss=1.2657 dt=11.6s
2026-07-16 08:25:18,999 [INFO] trainer: epoch 261 step 50/54 loss=1.2524 lr=9.67e-05
2026-07-16 08:25:19,788 [INFO] trainer: epoch 261 done train_loss=1.2566 dt=11.9s
2026-07-16 08:25:30,847 [INFO] trainer: epoch 262 step 50/54 loss=1.2525 lr=9.61e-05
2026-07-16 08:25:31,638 [INFO] trainer: epoch 262 done train_loss=1.2497 dt=11.8s
2026-07-16 08:25:42,665 [INFO] trainer: epoch 263 step 50/54 loss=1.2430 lr=9.54e-05
2026-07-16 08:25:43,452 [INFO] trainer: epoch 263 done train_loss=1.2402 dt=11.8s
2026-07-16 08:25:54,379 [INFO] trainer: epoch 264 step 50/54 loss=1.2588 lr=9.48e-05
2026-07-16 08:25:55,167 [INFO] trainer: epoch 264 done train_loss=1.2460 dt=11.7s
2026-07-16 08:26:06,130 [INFO] trainer: epoch 265 step 50/54 loss=1.2766 lr=9.42e-05
2026-07-16 08:26:06,918 [INFO] trainer: epoch 265 done train_loss=1.2682 dt=11.8s
2026-07-16 08:26:17,613 [INFO] trainer: epoch 266 step 50/54 loss=1.2097 lr=9.35e-05
2026-07-16 08:26:18,403 [INFO] trainer: epoch 266 done train_loss=1.2078 dt=11.5s
2026-07-16 08:26:29,276 [INFO] trainer: epoch 267 step 50/54 loss=1.2756 lr=9.29e-05
2026-07-16 08:26:30,066 [INFO] trainer: epoch 267 done train_loss=1.2583 dt=11.7s
2026-07-16 08:26:41,020 [INFO] trainer: epoch 268 step 50/54 loss=1.2370 lr=9.23e-05
2026-07-16 08:26:41,808 [INFO] trainer: epoch 268 done train_loss=1.2378 dt=11.7s
2026-07-16 08:26:52,888 [INFO] trainer: epoch 269 step 50/54 loss=1.2339 lr=9.16e-05
2026-07-16 08:26:53,678 [INFO] trainer: epoch 269 done train_loss=1.2336 dt=11.9s
2026-07-16 08:27:04,533 [INFO] trainer: epoch 270 step 50/54 loss=1.2639 lr=9.10e-05
2026-07-16 08:27:05,323 [INFO] trainer: epoch 270 done train_loss=1.2574 dt=11.6s
2026-07-16 08:27:16,400 [INFO] trainer: epoch 271 step 50/54 loss=1.2876 lr=9.04e-05
2026-07-16 08:27:17,189 [INFO] trainer: epoch 271 done train_loss=1.2837 dt=11.7s
2026-07-16 08:27:27,936 [INFO] trainer: epoch 272 step 50/54 loss=1.2264 lr=8.97e-05
2026-07-16 08:27:28,726 [INFO] trainer: epoch 272 done train_loss=1.2330 dt=11.5s
2026-07-16 08:27:39,431 [INFO] trainer: epoch 273 step 50/54 loss=1.2540 lr=8.91e-05
2026-07-16 08:27:40,220 [INFO] trainer: epoch 273 done train_loss=1.2549 dt=11.5s
2026-07-16 08:27:50,966 [INFO] trainer: epoch 274 step 50/54 loss=1.2406 lr=8.85e-05
2026-07-16 08:27:51,758 [INFO] trainer: epoch 274 done train_loss=1.2331 dt=11.5s
2026-07-16 08:28:02,633 [INFO] trainer: epoch 275 step 50/54 loss=1.2552 lr=8.78e-05
2026-07-16 08:28:03,423 [INFO] trainer: epoch 275 done train_loss=1.2574 dt=11.7s
2026-07-16 08:28:45,147 [INFO] trainer: epoch 275 val_mean_dice=0.7263
2026-07-16 08:28:56,036 [INFO] trainer: epoch 276 step 50/54 loss=1.2774 lr=8.72e-05
2026-07-16 08:28:56,824 [INFO] trainer: epoch 276 done train_loss=1.2685 dt=11.7s
2026-07-16 08:29:07,935 [INFO] trainer: epoch 277 step 50/54 loss=1.2444 lr=8.66e-05
2026-07-16 08:29:08,723 [INFO] trainer: epoch 277 done train_loss=1.2402 dt=11.9s
2026-07-16 08:29:19,555 [INFO] trainer: epoch 278 step 50/54 loss=1.2270 lr=8.59e-05
2026-07-16 08:29:20,344 [INFO] trainer: epoch 278 done train_loss=1.2150 dt=11.6s
2026-07-16 08:29:31,344 [INFO] trainer: epoch 279 step 50/54 loss=1.2427 lr=8.53e-05
2026-07-16 08:29:32,131 [INFO] trainer: epoch 279 done train_loss=1.2508 dt=11.8s
2026-07-16 08:29:43,180 [INFO] trainer: epoch 280 step 50/54 loss=1.2264 lr=8.47e-05
2026-07-16 08:29:43,970 [INFO] trainer: epoch 280 done train_loss=1.2261 dt=11.8s
2026-07-16 08:29:55,024 [INFO] trainer: epoch 281 step 50/54 loss=1.2639 lr=8.40e-05
2026-07-16 08:29:55,814 [INFO] trainer: epoch 281 done train_loss=1.2590 dt=11.6s
2026-07-16 08:30:06,813 [INFO] trainer: epoch 282 step 50/54 loss=1.2385 lr=8.34e-05
2026-07-16 08:30:07,604 [INFO] trainer: epoch 282 done train_loss=1.2361 dt=11.8s
2026-07-16 08:30:18,465 [INFO] trainer: epoch 283 step 50/54 loss=1.2421 lr=8.28e-05
2026-07-16 08:30:19,255 [INFO] trainer: epoch 283 done train_loss=1.2514 dt=11.7s
2026-07-16 08:30:29,988 [INFO] trainer: epoch 284 step 50/54 loss=1.2569 lr=8.22e-05
2026-07-16 08:30:30,777 [INFO] trainer: epoch 284 done train_loss=1.2469 dt=11.5s
2026-07-16 08:30:41,683 [INFO] trainer: epoch 285 step 50/54 loss=1.2298 lr=8.15e-05
2026-07-16 08:30:42,472 [INFO] trainer: epoch 285 done train_loss=1.2308 dt=11.7s
2026-07-16 08:30:53,543 [INFO] trainer: epoch 286 step 50/54 loss=1.2643 lr=8.09e-05
2026-07-16 08:30:54,335 [INFO] trainer: epoch 286 done train_loss=1.2491 dt=11.9s
2026-07-16 08:31:05,428 [INFO] trainer: epoch 287 step 50/54 loss=1.2323 lr=8.03e-05
2026-07-16 08:31:06,218 [INFO] trainer: epoch 287 done train_loss=1.2288 dt=11.9s
2026-07-16 08:31:17,222 [INFO] trainer: epoch 288 step 50/54 loss=1.2671 lr=7.97e-05
2026-07-16 08:31:18,012 [INFO] trainer: epoch 288 done train_loss=1.2676 dt=11.8s
2026-07-16 08:31:28,765 [INFO] trainer: epoch 289 step 50/54 loss=1.2532 lr=7.90e-05
2026-07-16 08:31:29,559 [INFO] trainer: epoch 289 done train_loss=1.2538 dt=11.5s
2026-07-16 08:31:40,644 [INFO] trainer: epoch 290 step 50/54 loss=1.2436 lr=7.84e-05
2026-07-16 08:31:41,437 [INFO] trainer: epoch 290 done train_loss=1.2463 dt=11.9s
2026-07-16 08:31:52,550 [INFO] trainer: epoch 291 step 50/54 loss=1.2438 lr=7.78e-05
2026-07-16 08:31:53,342 [INFO] trainer: epoch 291 done train_loss=1.2417 dt=11.7s
2026-07-16 08:32:04,166 [INFO] trainer: epoch 292 step 50/54 loss=1.2361 lr=7.72e-05
2026-07-16 08:32:04,959 [INFO] trainer: epoch 292 done train_loss=1.2378 dt=11.6s
2026-07-16 08:32:15,814 [INFO] trainer: epoch 293 step 50/54 loss=1.2168 lr=7.65e-05
2026-07-16 08:32:16,606 [INFO] trainer: epoch 293 done train_loss=1.2165 dt=11.6s
2026-07-16 08:32:27,655 [INFO] trainer: epoch 294 step 50/54 loss=1.2261 lr=7.59e-05
2026-07-16 08:32:28,444 [INFO] trainer: epoch 294 done train_loss=1.2209 dt=11.8s
2026-07-16 08:32:39,378 [INFO] trainer: epoch 295 step 50/54 loss=1.2453 lr=7.53e-05
2026-07-16 08:32:40,168 [INFO] trainer: epoch 295 done train_loss=1.2460 dt=11.7s
2026-07-16 08:32:50,931 [INFO] trainer: epoch 296 step 50/54 loss=1.1911 lr=7.47e-05
2026-07-16 08:32:51,719 [INFO] trainer: epoch 296 done train_loss=1.1792 dt=11.6s
2026-07-16 08:33:02,700 [INFO] trainer: epoch 297 step 50/54 loss=1.2673 lr=7.41e-05
2026-07-16 08:33:03,490 [INFO] trainer: epoch 297 done train_loss=1.2707 dt=11.8s
2026-07-16 08:33:14,455 [INFO] trainer: epoch 298 step 50/54 loss=1.2216 lr=7.35e-05
2026-07-16 08:33:15,245 [INFO] trainer: epoch 298 done train_loss=1.2184 dt=11.8s
2026-07-16 08:33:25,855 [INFO] trainer: epoch 299 step 50/54 loss=1.2300 lr=7.28e-05
2026-07-16 08:33:26,646 [INFO] trainer: epoch 299 done train_loss=1.2373 dt=11.4s
2026-07-16 08:33:37,371 [INFO] trainer: epoch 300 step 50/54 loss=1.2194 lr=7.22e-05
2026-07-16 08:33:38,159 [INFO] trainer: epoch 300 done train_loss=1.2105 dt=11.5s
2026-07-16 08:34:22,366 [INFO] trainer: epoch 300 val_mean_dice=0.7319
2026-07-16 08:34:33,522 [INFO] trainer: epoch 301 step 50/54 loss=1.2551 lr=7.16e-05
2026-07-16 08:34:34,310 [INFO] trainer: epoch 301 done train_loss=1.2503 dt=11.6s
2026-07-16 08:34:45,068 [INFO] trainer: epoch 302 step 50/54 loss=1.2048 lr=7.10e-05
2026-07-16 08:34:45,855 [INFO] trainer: epoch 302 done train_loss=1.2010 dt=11.5s
2026-07-16 08:34:56,834 [INFO] trainer: epoch 303 step 50/54 loss=1.2288 lr=7.04e-05
2026-07-16 08:34:57,623 [INFO] trainer: epoch 303 done train_loss=1.2190 dt=11.8s
2026-07-16 08:35:08,399 [INFO] trainer: epoch 304 step 50/54 loss=1.2294 lr=6.98e-05
2026-07-16 08:35:09,188 [INFO] trainer: epoch 304 done train_loss=1.2327 dt=11.6s
2026-07-16 08:35:20,034 [INFO] trainer: epoch 305 step 50/54 loss=1.2174 lr=6.92e-05
2026-07-16 08:35:20,823 [INFO] trainer: epoch 305 done train_loss=1.2026 dt=11.6s
2026-07-16 08:35:31,672 [INFO] trainer: epoch 306 step 50/54 loss=1.2034 lr=6.86e-05
2026-07-16 08:35:32,461 [INFO] trainer: epoch 306 done train_loss=1.2034 dt=11.6s
2026-07-16 08:35:43,395 [INFO] trainer: epoch 307 step 50/54 loss=1.2457 lr=6.80e-05
2026-07-16 08:35:44,183 [INFO] trainer: epoch 307 done train_loss=1.2527 dt=11.7s
2026-07-16 08:35:55,057 [INFO] trainer: epoch 308 step 50/54 loss=1.1994 lr=6.74e-05
2026-07-16 08:35:55,847 [INFO] trainer: epoch 308 done train_loss=1.2125 dt=11.7s
2026-07-16 08:36:06,638 [INFO] trainer: epoch 309 step 50/54 loss=1.2267 lr=6.68e-05
2026-07-16 08:36:07,428 [INFO] trainer: epoch 309 done train_loss=1.2322 dt=11.6s
2026-07-16 08:36:18,451 [INFO] trainer: epoch 310 step 50/54 loss=1.2627 lr=6.62e-05
2026-07-16 08:36:19,239 [INFO] trainer: epoch 310 done train_loss=1.2520 dt=11.8s
2026-07-16 08:36:30,174 [INFO] trainer: epoch 311 step 50/54 loss=1.2230 lr=6.56e-05
2026-07-16 08:36:30,965 [INFO] trainer: epoch 311 done train_loss=1.2285 dt=11.5s
2026-07-16 08:36:41,788 [INFO] trainer: epoch 312 step 50/54 loss=1.2102 lr=6.50e-05
2026-07-16 08:36:42,577 [INFO] trainer: epoch 312 done train_loss=1.2082 dt=11.6s
2026-07-16 08:36:53,383 [INFO] trainer: epoch 313 step 50/54 loss=1.2544 lr=6.44e-05
2026-07-16 08:36:54,173 [INFO] trainer: epoch 313 done train_loss=1.2499 dt=11.6s
2026-07-16 08:37:04,965 [INFO] trainer: epoch 314 step 50/54 loss=1.2392 lr=6.38e-05
2026-07-16 08:37:05,752 [INFO] trainer: epoch 314 done train_loss=1.2353 dt=11.6s
2026-07-16 08:37:16,461 [INFO] trainer: epoch 315 step 50/54 loss=1.2660 lr=6.32e-05
2026-07-16 08:37:17,251 [INFO] trainer: epoch 315 done train_loss=1.2493 dt=11.5s
2026-07-16 08:37:28,054 [INFO] trainer: epoch 316 step 50/54 loss=1.1625 lr=6.26e-05
2026-07-16 08:37:28,842 [INFO] trainer: epoch 316 done train_loss=1.1623 dt=11.6s
2026-07-16 08:37:39,678 [INFO] trainer: epoch 317 step 50/54 loss=1.2384 lr=6.20e-05
2026-07-16 08:37:40,468 [INFO] trainer: epoch 317 done train_loss=1.2404 dt=11.6s
2026-07-16 08:37:51,617 [INFO] trainer: epoch 318 step 50/54 loss=1.2361 lr=6.14e-05
2026-07-16 08:37:52,408 [INFO] trainer: epoch 318 done train_loss=1.2297 dt=11.9s
2026-07-16 08:38:03,348 [INFO] trainer: epoch 319 step 50/54 loss=1.2321 lr=6.09e-05
2026-07-16 08:38:04,134 [INFO] trainer: epoch 319 done train_loss=1.2238 dt=11.7s
2026-07-16 08:38:15,310 [INFO] trainer: epoch 320 step 50/54 loss=1.2010 lr=6.03e-05
2026-07-16 08:38:16,099 [INFO] trainer: epoch 320 done train_loss=1.2057 dt=12.0s
2026-07-16 08:38:27,229 [INFO] trainer: epoch 321 step 50/54 loss=1.2045 lr=5.97e-05
2026-07-16 08:38:28,019 [INFO] trainer: epoch 321 done train_loss=1.2129 dt=11.7s
2026-07-16 08:38:38,826 [INFO] trainer: epoch 322 step 50/54 loss=1.2365 lr=5.91e-05
2026-07-16 08:38:39,614 [INFO] trainer: epoch 322 done train_loss=1.2415 dt=11.6s
2026-07-16 08:38:50,428 [INFO] trainer: epoch 323 step 50/54 loss=1.1895 lr=5.85e-05
2026-07-16 08:38:51,218 [INFO] trainer: epoch 323 done train_loss=1.1875 dt=11.6s
2026-07-16 08:39:02,147 [INFO] trainer: epoch 324 step 50/54 loss=1.2126 lr=5.79e-05
2026-07-16 08:39:02,936 [INFO] trainer: epoch 324 done train_loss=1.2130 dt=11.7s
2026-07-16 08:39:13,810 [INFO] trainer: epoch 325 step 50/54 loss=1.1985 lr=5.74e-05
2026-07-16 08:39:14,599 [INFO] trainer: epoch 325 done train_loss=1.1925 dt=11.7s
2026-07-16 08:39:57,192 [INFO] trainer: epoch 325 val_mean_dice=0.7298
2026-07-16 08:40:08,042 [INFO] trainer: epoch 326 step 50/54 loss=1.2149 lr=5.68e-05
2026-07-16 08:40:08,831 [INFO] trainer: epoch 326 done train_loss=1.2202 dt=11.6s
2026-07-16 08:40:19,614 [INFO] trainer: epoch 327 step 50/54 loss=1.3018 lr=5.62e-05
2026-07-16 08:40:20,402 [INFO] trainer: epoch 327 done train_loss=1.2960 dt=11.6s
2026-07-16 08:40:31,351 [INFO] trainer: epoch 328 step 50/54 loss=1.1981 lr=5.57e-05
2026-07-16 08:40:32,141 [INFO] trainer: epoch 328 done train_loss=1.2007 dt=11.7s
2026-07-16 08:40:43,095 [INFO] trainer: epoch 329 step 50/54 loss=1.2280 lr=5.51e-05
2026-07-16 08:40:43,884 [INFO] trainer: epoch 329 done train_loss=1.2170 dt=11.7s
2026-07-16 08:40:54,774 [INFO] trainer: epoch 330 step 50/54 loss=1.2430 lr=5.45e-05
2026-07-16 08:40:55,563 [INFO] trainer: epoch 330 done train_loss=1.2522 dt=11.7s
2026-07-16 08:41:06,439 [INFO] trainer: epoch 331 step 50/54 loss=1.2089 lr=5.40e-05
2026-07-16 08:41:07,229 [INFO] trainer: epoch 331 done train_loss=1.1998 dt=11.4s
2026-07-16 08:41:18,154 [INFO] trainer: epoch 332 step 50/54 loss=1.2342 lr=5.34e-05
2026-07-16 08:41:18,943 [INFO] trainer: epoch 332 done train_loss=1.2345 dt=11.7s
2026-07-16 08:41:29,657 [INFO] trainer: epoch 333 step 50/54 loss=1.2610 lr=5.28e-05
2026-07-16 08:41:30,444 [INFO] trainer: epoch 333 done train_loss=1.2529 dt=11.5s
2026-07-16 08:41:41,309 [INFO] trainer: epoch 334 step 50/54 loss=1.2306 lr=5.23e-05
2026-07-16 08:41:42,096 [INFO] trainer: epoch 334 done train_loss=1.2337 dt=11.7s
2026-07-16 08:41:52,987 [INFO] trainer: epoch 335 step 50/54 loss=1.2254 lr=5.17e-05
2026-07-16 08:41:53,775 [INFO] trainer: epoch 335 done train_loss=1.2219 dt=11.7s
2026-07-16 08:42:04,499 [INFO] trainer: epoch 336 step 50/54 loss=1.2304 lr=5.12e-05
2026-07-16 08:42:05,288 [INFO] trainer: epoch 336 done train_loss=1.2261 dt=11.5s
2026-07-16 08:42:16,092 [INFO] trainer: epoch 337 step 50/54 loss=1.1918 lr=5.06e-05
2026-07-16 08:42:16,879 [INFO] trainer: epoch 337 done train_loss=1.1812 dt=11.6s
2026-07-16 08:42:27,678 [INFO] trainer: epoch 338 step 50/54 loss=1.2513 lr=5.01e-05
2026-07-16 08:42:28,465 [INFO] trainer: epoch 338 done train_loss=1.2455 dt=11.6s
2026-07-16 08:42:39,239 [INFO] trainer: epoch 339 step 50/54 loss=1.2389 lr=4.95e-05
2026-07-16 08:42:40,027 [INFO] trainer: epoch 339 done train_loss=1.2311 dt=11.6s
2026-07-16 08:42:50,890 [INFO] trainer: epoch 340 step 50/54 loss=1.1618 lr=4.90e-05
2026-07-16 08:42:51,678 [INFO] trainer: epoch 340 done train_loss=1.1670 dt=11.7s
2026-07-16 08:43:02,795 [INFO] trainer: epoch 341 step 50/54 loss=1.2439 lr=4.84e-05
2026-07-16 08:43:03,583 [INFO] trainer: epoch 341 done train_loss=1.2338 dt=11.7s
2026-07-16 08:43:14,317 [INFO] trainer: epoch 342 step 50/54 loss=1.2634 lr=4.79e-05
2026-07-16 08:43:15,106 [INFO] trainer: epoch 342 done train_loss=1.2608 dt=11.5s
2026-07-16 08:43:25,828 [INFO] trainer: epoch 343 step 50/54 loss=1.2626 lr=4.73e-05
2026-07-16 08:43:26,615 [INFO] trainer: epoch 343 done train_loss=1.2526 dt=11.5s
2026-07-16 08:43:37,421 [INFO] trainer: epoch 344 step 50/54 loss=1.2444 lr=4.68e-05
2026-07-16 08:43:38,210 [INFO] trainer: epoch 344 done train_loss=1.2535 dt=11.6s
2026-07-16 08:43:48,847 [INFO] trainer: epoch 345 step 50/54 loss=1.1972 lr=4.63e-05
2026-07-16 08:43:49,635 [INFO] trainer: epoch 345 done train_loss=1.1897 dt=11.4s
2026-07-16 08:44:00,447 [INFO] trainer: epoch 346 step 50/54 loss=1.1910 lr=4.57e-05
2026-07-16 08:44:01,235 [INFO] trainer: epoch 346 done train_loss=1.1926 dt=11.6s
2026-07-16 08:44:12,093 [INFO] trainer: epoch 347 step 50/54 loss=1.1992 lr=4.52e-05
2026-07-16 08:44:12,881 [INFO] trainer: epoch 347 done train_loss=1.1989 dt=11.6s
2026-07-16 08:44:23,806 [INFO] trainer: epoch 348 step 50/54 loss=1.2322 lr=4.47e-05
2026-07-16 08:44:24,595 [INFO] trainer: epoch 348 done train_loss=1.2300 dt=11.7s
2026-07-16 08:44:35,642 [INFO] trainer: epoch 349 step 50/54 loss=1.2236 lr=4.41e-05
2026-07-16 08:44:36,432 [INFO] trainer: epoch 349 done train_loss=1.2172 dt=11.8s
2026-07-16 08:44:47,119 [INFO] trainer: epoch 350 step 50/54 loss=1.2427 lr=4.36e-05
2026-07-16 08:44:47,904 [INFO] trainer: epoch 350 done train_loss=1.2460 dt=11.5s
2026-07-16 08:45:29,138 [INFO] trainer: epoch 350 val_mean_dice=0.7358
2026-07-16 08:45:40,534 [INFO] trainer: epoch 351 step 50/54 loss=1.2420 lr=4.31e-05
2026-07-16 08:45:41,322 [INFO] trainer: epoch 351 done train_loss=1.2437 dt=11.7s
2026-07-16 08:45:52,207 [INFO] trainer: epoch 352 step 50/54 loss=1.1949 lr=4.26e-05
2026-07-16 08:45:52,997 [INFO] trainer: epoch 352 done train_loss=1.1864 dt=11.7s
2026-07-16 08:46:03,969 [INFO] trainer: epoch 353 step 50/54 loss=1.1996 lr=4.21e-05
2026-07-16 08:46:04,759 [INFO] trainer: epoch 353 done train_loss=1.2083 dt=11.8s
2026-07-16 08:46:15,600 [INFO] trainer: epoch 354 step 50/54 loss=1.2335 lr=4.15e-05
2026-07-16 08:46:16,389 [INFO] trainer: epoch 354 done train_loss=1.2314 dt=11.6s
2026-07-16 08:46:27,269 [INFO] trainer: epoch 355 step 50/54 loss=1.2064 lr=4.10e-05
2026-07-16 08:46:28,059 [INFO] trainer: epoch 355 done train_loss=1.2032 dt=11.7s
2026-07-16 08:46:38,965 [INFO] trainer: epoch 356 step 50/54 loss=1.2250 lr=4.05e-05
2026-07-16 08:46:39,754 [INFO] trainer: epoch 356 done train_loss=1.2310 dt=11.7s
2026-07-16 08:46:50,754 [INFO] trainer: epoch 357 step 50/54 loss=1.1420 lr=4.00e-05
2026-07-16 08:46:51,543 [INFO] trainer: epoch 357 done train_loss=1.1461 dt=11.8s
2026-07-16 08:47:02,302 [INFO] trainer: epoch 358 step 50/54 loss=1.2204 lr=3.95e-05
2026-07-16 08:47:03,092 [INFO] trainer: epoch 358 done train_loss=1.2125 dt=11.5s
2026-07-16 08:47:13,883 [INFO] trainer: epoch 359 step 50/54 loss=1.2076 lr=3.90e-05
2026-07-16 08:47:14,670 [INFO] trainer: epoch 359 done train_loss=1.2166 dt=11.6s
2026-07-16 08:47:25,531 [INFO] trainer: epoch 360 step 50/54 loss=1.1903 lr=3.85e-05
2026-07-16 08:47:26,320 [INFO] trainer: epoch 360 done train_loss=1.1808 dt=11.6s
2026-07-16 08:47:37,445 [INFO] trainer: epoch 361 step 50/54 loss=1.1953 lr=3.80e-05
2026-07-16 08:47:38,237 [INFO] trainer: epoch 361 done train_loss=1.1938 dt=11.7s
2026-07-16 08:47:48,959 [INFO] trainer: epoch 362 step 50/54 loss=1.2261 lr=3.75e-05
2026-07-16 08:47:49,748 [INFO] trainer: epoch 362 done train_loss=1.2145 dt=11.5s
2026-07-16 08:48:00,603 [INFO] trainer: epoch 363 step 50/54 loss=1.2138 lr=3.70e-05
2026-07-16 08:48:01,391 [INFO] trainer: epoch 363 done train_loss=1.2253 dt=11.6s
2026-07-16 08:48:12,183 [INFO] trainer: epoch 364 step 50/54 loss=1.2042 lr=3.65e-05
2026-07-16 08:48:12,972 [INFO] trainer: epoch 364 done train_loss=1.1930 dt=11.6s
2026-07-16 08:48:23,941 [INFO] trainer: epoch 365 step 50/54 loss=1.1923 lr=3.60e-05
2026-07-16 08:48:24,731 [INFO] trainer: epoch 365 done train_loss=1.2017 dt=11.8s
2026-07-16 08:48:35,407 [INFO] trainer: epoch 366 step 50/54 loss=1.2124 lr=3.56e-05
2026-07-16 08:48:36,196 [INFO] trainer: epoch 366 done train_loss=1.2147 dt=11.5s
2026-07-16 08:48:47,068 [INFO] trainer: epoch 367 step 50/54 loss=1.2121 lr=3.51e-05
2026-07-16 08:48:47,858 [INFO] trainer: epoch 367 done train_loss=1.2031 dt=11.7s
2026-07-16 08:48:58,618 [INFO] trainer: epoch 368 step 50/54 loss=1.2143 lr=3.46e-05
2026-07-16 08:48:59,409 [INFO] trainer: epoch 368 done train_loss=1.2266 dt=11.5s
2026-07-16 08:49:10,245 [INFO] trainer: epoch 369 step 50/54 loss=1.2240 lr=3.41e-05
2026-07-16 08:49:11,034 [INFO] trainer: epoch 369 done train_loss=1.2178 dt=11.6s
2026-07-16 08:49:21,871 [INFO] trainer: epoch 370 step 50/54 loss=1.2222 lr=3.36e-05
2026-07-16 08:49:22,661 [INFO] trainer: epoch 370 done train_loss=1.2171 dt=11.6s
2026-07-16 08:49:33,737 [INFO] trainer: epoch 371 step 50/54 loss=1.2407 lr=3.32e-05
2026-07-16 08:49:34,525 [INFO] trainer: epoch 371 done train_loss=1.2266 dt=11.7s
2026-07-16 08:49:45,354 [INFO] trainer: epoch 372 step 50/54 loss=1.2285 lr=3.27e-05
2026-07-16 08:49:46,142 [INFO] trainer: epoch 372 done train_loss=1.2163 dt=11.6s
2026-07-16 08:49:56,876 [INFO] trainer: epoch 373 step 50/54 loss=1.1757 lr=3.22e-05
2026-07-16 08:49:57,665 [INFO] trainer: epoch 373 done train_loss=1.1830 dt=11.5s
2026-07-16 08:50:08,615 [INFO] trainer: epoch 374 step 50/54 loss=1.2570 lr=3.18e-05
2026-07-16 08:50:09,405 [INFO] trainer: epoch 374 done train_loss=1.2494 dt=11.7s
2026-07-16 08:50:20,386 [INFO] trainer: epoch 375 step 50/54 loss=1.1950 lr=3.13e-05
2026-07-16 08:50:21,176 [INFO] trainer: epoch 375 done train_loss=1.1945 dt=11.8s
2026-07-16 08:51:02,455 [INFO] trainer: epoch 375 val_mean_dice=0.7356
2026-07-16 08:51:13,266 [INFO] trainer: epoch 376 step 50/54 loss=1.2147 lr=3.09e-05
2026-07-16 08:51:14,056 [INFO] trainer: epoch 376 done train_loss=1.2137 dt=11.6s
2026-07-16 08:51:24,810 [INFO] trainer: epoch 377 step 50/54 loss=1.1892 lr=3.04e-05
2026-07-16 08:51:25,598 [INFO] trainer: epoch 377 done train_loss=1.1886 dt=11.5s
2026-07-16 08:51:36,521 [INFO] trainer: epoch 378 step 50/54 loss=1.2380 lr=3.00e-05
2026-07-16 08:51:37,309 [INFO] trainer: epoch 378 done train_loss=1.2382 dt=11.7s
2026-07-16 08:51:48,120 [INFO] trainer: epoch 379 step 50/54 loss=1.2266 lr=2.95e-05
2026-07-16 08:51:48,910 [INFO] trainer: epoch 379 done train_loss=1.2237 dt=11.6s
2026-07-16 08:51:59,820 [INFO] trainer: epoch 380 step 50/54 loss=1.1961 lr=2.91e-05
2026-07-16 08:52:00,610 [INFO] trainer: epoch 380 done train_loss=1.1974 dt=11.7s
2026-07-16 08:52:11,720 [INFO] trainer: epoch 381 step 50/54 loss=1.2375 lr=2.86e-05
2026-07-16 08:52:12,510 [INFO] trainer: epoch 381 done train_loss=1.2400 dt=11.7s
2026-07-16 08:52:23,221 [INFO] trainer: epoch 382 step 50/54 loss=1.1936 lr=2.82e-05
2026-07-16 08:52:24,010 [INFO] trainer: epoch 382 done train_loss=1.1846 dt=11.5s
2026-07-16 08:52:34,938 [INFO] trainer: epoch 383 step 50/54 loss=1.2166 lr=2.77e-05
2026-07-16 08:52:35,728 [INFO] trainer: epoch 383 done train_loss=1.2170 dt=11.7s
2026-07-16 08:52:46,724 [INFO] trainer: epoch 384 step 50/54 loss=1.2029 lr=2.73e-05
2026-07-16 08:52:47,514 [INFO] trainer: epoch 384 done train_loss=1.2097 dt=11.8s
2026-07-16 08:52:58,431 [INFO] trainer: epoch 385 step 50/54 loss=1.1606 lr=2.69e-05
2026-07-16 08:52:59,220 [INFO] trainer: epoch 385 done train_loss=1.1547 dt=11.7s
2026-07-16 08:53:10,013 [INFO] trainer: epoch 386 step 50/54 loss=1.1852 lr=2.64e-05
2026-07-16 08:53:10,802 [INFO] trainer: epoch 386 done train_loss=1.1863 dt=11.6s
2026-07-16 08:53:21,583 [INFO] trainer: epoch 387 step 50/54 loss=1.2194 lr=2.60e-05
2026-07-16 08:53:22,372 [INFO] trainer: epoch 387 done train_loss=1.2230 dt=11.6s
2026-07-16 08:53:33,226 [INFO] trainer: epoch 388 step 50/54 loss=1.2180 lr=2.56e-05
2026-07-16 08:53:34,015 [INFO] trainer: epoch 388 done train_loss=1.2215 dt=11.6s
2026-07-16 08:53:44,900 [INFO] trainer: epoch 389 step 50/54 loss=1.2049 lr=2.52e-05
2026-07-16 08:53:45,690 [INFO] trainer: epoch 389 done train_loss=1.1989 dt=11.7s
2026-07-16 08:53:56,713 [INFO] trainer: epoch 390 step 50/54 loss=1.2211 lr=2.48e-05
2026-07-16 08:53:57,503 [INFO] trainer: epoch 390 done train_loss=1.2200 dt=11.8s
2026-07-16 08:54:08,606 [INFO] trainer: epoch 391 step 50/54 loss=1.1971 lr=2.44e-05
2026-07-16 08:54:09,395 [INFO] trainer: epoch 391 done train_loss=1.1966 dt=11.7s
2026-07-16 08:54:20,284 [INFO] trainer: epoch 392 step 50/54 loss=1.2027 lr=2.39e-05
2026-07-16 08:54:21,075 [INFO] trainer: epoch 392 done train_loss=1.1951 dt=11.7s
2026-07-16 08:54:32,008 [INFO] trainer: epoch 393 step 50/54 loss=1.2183 lr=2.35e-05
2026-07-16 08:54:32,796 [INFO] trainer: epoch 393 done train_loss=1.2057 dt=11.7s
2026-07-16 08:54:43,696 [INFO] trainer: epoch 394 step 50/54 loss=1.2108 lr=2.31e-05
2026-07-16 08:54:44,486 [INFO] trainer: epoch 394 done train_loss=1.2109 dt=11.7s
2026-07-16 08:54:55,211 [INFO] trainer: epoch 395 step 50/54 loss=1.2255 lr=2.27e-05
2026-07-16 08:54:56,003 [INFO] trainer: epoch 395 done train_loss=1.2249 dt=11.5s
2026-07-16 08:55:07,014 [INFO] trainer: epoch 396 step 50/54 loss=1.1823 lr=2.23e-05
2026-07-16 08:55:07,804 [INFO] trainer: epoch 396 done train_loss=1.1772 dt=11.8s
2026-07-16 08:55:18,724 [INFO] trainer: epoch 397 step 50/54 loss=1.1751 lr=2.19e-05
2026-07-16 08:55:19,513 [INFO] trainer: epoch 397 done train_loss=1.1693 dt=11.7s
2026-07-16 08:55:30,299 [INFO] trainer: epoch 398 step 50/54 loss=1.1657 lr=2.16e-05
2026-07-16 08:55:31,091 [INFO] trainer: epoch 398 done train_loss=1.1545 dt=11.6s
2026-07-16 08:55:41,986 [INFO] trainer: epoch 399 step 50/54 loss=1.1810 lr=2.12e-05
2026-07-16 08:55:42,776 [INFO] trainer: epoch 399 done train_loss=1.1768 dt=11.7s
2026-07-16 08:55:53,561 [INFO] trainer: epoch 400 step 50/54 loss=1.2207 lr=2.08e-05
2026-07-16 08:55:54,350 [INFO] trainer: epoch 400 done train_loss=1.2152 dt=11.6s
2026-07-16 08:56:35,686 [INFO] trainer: epoch 400 val_mean_dice=0.7366
2026-07-16 08:56:46,821 [INFO] trainer: epoch 401 step 50/54 loss=1.2306 lr=2.04e-05
2026-07-16 08:56:47,608 [INFO] trainer: epoch 401 done train_loss=1.2158 dt=11.5s
2026-07-16 08:56:58,522 [INFO] trainer: epoch 402 step 50/54 loss=1.2330 lr=2.00e-05
2026-07-16 08:56:59,312 [INFO] trainer: epoch 402 done train_loss=1.2166 dt=11.7s
2026-07-16 08:57:10,185 [INFO] trainer: epoch 403 step 50/54 loss=1.2361 lr=1.97e-05
2026-07-16 08:57:10,970 [INFO] trainer: epoch 403 done train_loss=1.2210 dt=11.7s
2026-07-16 08:57:21,789 [INFO] trainer: epoch 404 step 50/54 loss=1.1895 lr=1.93e-05
2026-07-16 08:57:22,578 [INFO] trainer: epoch 404 done train_loss=1.1822 dt=11.6s
2026-07-16 08:57:33,336 [INFO] trainer: epoch 405 step 50/54 loss=1.2042 lr=1.89e-05
2026-07-16 08:57:34,123 [INFO] trainer: epoch 405 done train_loss=1.2012 dt=11.5s
2026-07-16 08:57:44,835 [INFO] trainer: epoch 406 step 50/54 loss=1.2098 lr=1.86e-05
2026-07-16 08:57:45,623 [INFO] trainer: epoch 406 done train_loss=1.2108 dt=11.5s
2026-07-16 08:57:56,349 [INFO] trainer: epoch 407 step 50/54 loss=1.1683 lr=1.82e-05
2026-07-16 08:57:57,138 [INFO] trainer: epoch 407 done train_loss=1.1738 dt=11.5s
2026-07-16 08:58:08,163 [INFO] trainer: epoch 408 step 50/54 loss=1.1844 lr=1.78e-05
2026-07-16 08:58:08,950 [INFO] trainer: epoch 408 done train_loss=1.1773 dt=11.8s
2026-07-16 08:58:19,675 [INFO] trainer: epoch 409 step 50/54 loss=1.2486 lr=1.75e-05
2026-07-16 08:58:20,465 [INFO] trainer: epoch 409 done train_loss=1.2430 dt=11.5s
2026-07-16 08:58:31,278 [INFO] trainer: epoch 410 step 50/54 loss=1.1830 lr=1.71e-05
2026-07-16 08:58:32,065 [INFO] trainer: epoch 410 done train_loss=1.1965 dt=11.6s
2026-07-16 08:58:43,038 [INFO] trainer: epoch 411 step 50/54 loss=1.2166 lr=1.68e-05
2026-07-16 08:58:43,828 [INFO] trainer: epoch 411 done train_loss=1.2185 dt=11.5s
2026-07-16 08:58:54,629 [INFO] trainer: epoch 412 step 50/54 loss=1.1933 lr=1.64e-05
2026-07-16 08:58:55,418 [INFO] trainer: epoch 412 done train_loss=1.1903 dt=11.6s
2026-07-16 08:59:06,269 [INFO] trainer: epoch 413 step 50/54 loss=1.1990 lr=1.61e-05
2026-07-16 08:59:07,058 [INFO] trainer: epoch 413 done train_loss=1.1926 dt=11.6s
2026-07-16 08:59:17,928 [INFO] trainer: epoch 414 step 50/54 loss=1.1704 lr=1.58e-05
2026-07-16 08:59:18,714 [INFO] trainer: epoch 414 done train_loss=1.1850 dt=11.7s
2026-07-16 08:59:29,242 [INFO] trainer: epoch 415 step 50/54 loss=1.1936 lr=1.54e-05
2026-07-16 08:59:30,031 [INFO] trainer: epoch 415 done train_loss=1.1897 dt=11.3s
2026-07-16 08:59:40,797 [INFO] trainer: epoch 416 step 50/54 loss=1.1890 lr=1.51e-05
2026-07-16 08:59:41,588 [INFO] trainer: epoch 416 done train_loss=1.1968 dt=11.6s
2026-07-16 08:59:52,325 [INFO] trainer: epoch 417 step 50/54 loss=1.1711 lr=1.48e-05
2026-07-16 08:59:53,114 [INFO] trainer: epoch 417 done train_loss=1.1806 dt=11.5s
2026-07-16 09:00:04,112 [INFO] trainer: epoch 418 step 50/54 loss=1.2037 lr=1.45e-05
2026-07-16 09:00:04,902 [INFO] trainer: epoch 418 done train_loss=1.2146 dt=11.8s
2026-07-16 09:00:15,712 [INFO] trainer: epoch 419 step 50/54 loss=1.1681 lr=1.41e-05
2026-07-16 09:00:16,502 [INFO] trainer: epoch 419 done train_loss=1.1792 dt=11.6s
2026-07-16 09:00:27,521 [INFO] trainer: epoch 420 step 50/54 loss=1.2028 lr=1.38e-05
2026-07-16 09:00:28,311 [INFO] trainer: epoch 420 done train_loss=1.2067 dt=11.8s
2026-07-16 09:00:39,427 [INFO] trainer: epoch 421 step 50/54 loss=1.2089 lr=1.35e-05
2026-07-16 09:00:40,216 [INFO] trainer: epoch 421 done train_loss=1.2054 dt=11.7s
2026-07-16 09:00:51,186 [INFO] trainer: epoch 422 step 50/54 loss=1.2036 lr=1.32e-05
2026-07-16 09:00:51,974 [INFO] trainer: epoch 422 done train_loss=1.2050 dt=11.8s
2026-07-16 09:01:02,720 [INFO] trainer: epoch 423 step 50/54 loss=1.1758 lr=1.29e-05
2026-07-16 09:01:03,509 [INFO] trainer: epoch 423 done train_loss=1.1700 dt=11.5s
2026-07-16 09:01:14,447 [INFO] trainer: epoch 424 step 50/54 loss=1.1793 lr=1.26e-05
2026-07-16 09:01:15,236 [INFO] trainer: epoch 424 done train_loss=1.1779 dt=11.7s
2026-07-16 09:01:26,103 [INFO] trainer: epoch 425 step 50/54 loss=1.2193 lr=1.23e-05
2026-07-16 09:01:26,892 [INFO] trainer: epoch 425 done train_loss=1.2291 dt=11.7s
2026-07-16 09:02:08,097 [INFO] trainer: epoch 425 val_mean_dice=0.7373
2026-07-16 09:02:19,158 [INFO] trainer: epoch 426 step 50/54 loss=1.2097 lr=1.20e-05
2026-07-16 09:02:19,947 [INFO] trainer: epoch 426 done train_loss=1.1950 dt=11.5s
2026-07-16 09:02:30,615 [INFO] trainer: epoch 427 step 50/54 loss=1.1724 lr=1.17e-05
2026-07-16 09:02:31,403 [INFO] trainer: epoch 427 done train_loss=1.1705 dt=11.5s
2026-07-16 09:02:42,096 [INFO] trainer: epoch 428 step 50/54 loss=1.2085 lr=1.14e-05
2026-07-16 09:02:42,886 [INFO] trainer: epoch 428 done train_loss=1.1948 dt=11.5s
2026-07-16 09:02:53,603 [INFO] trainer: epoch 429 step 50/54 loss=1.1908 lr=1.12e-05
2026-07-16 09:02:54,391 [INFO] trainer: epoch 429 done train_loss=1.1834 dt=11.5s
2026-07-16 09:03:05,233 [INFO] trainer: epoch 430 step 50/54 loss=1.2221 lr=1.09e-05
2026-07-16 09:03:06,023 [INFO] trainer: epoch 430 done train_loss=1.2112 dt=11.6s
2026-07-16 09:03:16,971 [INFO] trainer: epoch 431 step 50/54 loss=1.1779 lr=1.06e-05
2026-07-16 09:03:17,759 [INFO] trainer: epoch 431 done train_loss=1.1726 dt=11.5s
2026-07-16 09:03:28,548 [INFO] trainer: epoch 432 step 50/54 loss=1.1509 lr=1.03e-05
2026-07-16 09:03:29,336 [INFO] trainer: epoch 432 done train_loss=1.1531 dt=11.6s
2026-07-16 09:03:40,271 [INFO] trainer: epoch 433 step 50/54 loss=1.2075 lr=1.01e-05
2026-07-16 09:03:41,057 [INFO] trainer: epoch 433 done train_loss=1.2077 dt=11.7s
2026-07-16 09:03:51,794 [INFO] trainer: epoch 434 step 50/54 loss=1.1617 lr=9.80e-06
2026-07-16 09:03:52,583 [INFO] trainer: epoch 434 done train_loss=1.1634 dt=11.5s
2026-07-16 09:04:03,316 [INFO] trainer: epoch 435 step 50/54 loss=1.1967 lr=9.54e-06
2026-07-16 09:04:04,104 [INFO] trainer: epoch 435 done train_loss=1.1925 dt=11.5s
2026-07-16 09:04:14,928 [INFO] trainer: epoch 436 step 50/54 loss=1.2124 lr=9.28e-06
2026-07-16 09:04:15,716 [INFO] trainer: epoch 436 done train_loss=1.2214 dt=11.6s
2026-07-16 09:04:26,679 [INFO] trainer: epoch 437 step 50/54 loss=1.1745 lr=9.03e-06
2026-07-16 09:04:27,469 [INFO] trainer: epoch 437 done train_loss=1.1817 dt=11.8s
2026-07-16 09:04:38,268 [INFO] trainer: epoch 438 step 50/54 loss=1.1889 lr=8.78e-06
2026-07-16 09:04:39,057 [INFO] trainer: epoch 438 done train_loss=1.1816 dt=11.6s
2026-07-16 09:04:49,732 [INFO] trainer: epoch 439 step 50/54 loss=1.1948 lr=8.53e-06
2026-07-16 09:04:50,519 [INFO] trainer: epoch 439 done train_loss=1.2019 dt=11.5s
2026-07-16 09:05:01,502 [INFO] trainer: epoch 440 step 50/54 loss=1.1442 lr=8.29e-06
2026-07-16 09:05:02,290 [INFO] trainer: epoch 440 done train_loss=1.1572 dt=11.8s
2026-07-16 09:05:13,401 [INFO] trainer: epoch 441 step 50/54 loss=1.2279 lr=8.05e-06
2026-07-16 09:05:14,189 [INFO] trainer: epoch 441 done train_loss=1.2299 dt=11.6s
2026-07-16 09:05:25,049 [INFO] trainer: epoch 442 step 50/54 loss=1.2487 lr=7.82e-06
2026-07-16 09:05:25,840 [INFO] trainer: epoch 442 done train_loss=1.2655 dt=11.7s
2026-07-16 09:05:36,606 [INFO] trainer: epoch 443 step 50/54 loss=1.2164 lr=7.59e-06
2026-07-16 09:05:37,394 [INFO] trainer: epoch 443 done train_loss=1.2085 dt=11.6s
2026-07-16 09:05:48,289 [INFO] trainer: epoch 444 step 50/54 loss=1.1984 lr=7.36e-06
2026-07-16 09:05:49,076 [INFO] trainer: epoch 444 done train_loss=1.1806 dt=11.7s
2026-07-16 09:05:59,770 [INFO] trainer: epoch 445 step 50/54 loss=1.2187 lr=7.14e-06
2026-07-16 09:06:00,557 [INFO] trainer: epoch 445 done train_loss=1.2241 dt=11.5s
2026-07-16 09:06:11,387 [INFO] trainer: epoch 446 step 50/54 loss=1.2107 lr=6.92e-06
2026-07-16 09:06:12,175 [INFO] trainer: epoch 446 done train_loss=1.2164 dt=11.6s
2026-07-16 09:06:23,117 [INFO] trainer: epoch 447 step 50/54 loss=1.2234 lr=6.71e-06
2026-07-16 09:06:23,905 [INFO] trainer: epoch 447 done train_loss=1.2107 dt=11.7s
2026-07-16 09:06:34,811 [INFO] trainer: epoch 448 step 50/54 loss=1.1199 lr=6.49e-06
2026-07-16 09:06:35,600 [INFO] trainer: epoch 448 done train_loss=1.1189 dt=11.7s
2026-07-16 09:06:46,557 [INFO] trainer: epoch 449 step 50/54 loss=1.1662 lr=6.29e-06
2026-07-16 09:06:47,344 [INFO] trainer: epoch 449 done train_loss=1.1676 dt=11.7s
2026-07-16 09:06:58,287 [INFO] trainer: epoch 450 step 50/54 loss=1.2110 lr=6.08e-06
2026-07-16 09:06:59,073 [INFO] trainer: epoch 450 done train_loss=1.2028 dt=11.7s
2026-07-16 09:07:40,445 [INFO] trainer: epoch 450 val_mean_dice=0.7392
2026-07-16 09:07:51,825 [INFO] trainer: epoch 451 step 50/54 loss=1.2134 lr=5.88e-06
2026-07-16 09:07:52,614 [INFO] trainer: epoch 451 done train_loss=1.2062 dt=11.7s
2026-07-16 09:08:03,526 [INFO] trainer: epoch 452 step 50/54 loss=1.1508 lr=5.69e-06
2026-07-16 09:08:04,315 [INFO] trainer: epoch 452 done train_loss=1.1468 dt=11.7s
2026-07-16 09:08:15,117 [INFO] trainer: epoch 453 step 50/54 loss=1.2206 lr=5.50e-06
2026-07-16 09:08:15,904 [INFO] trainer: epoch 453 done train_loss=1.2151 dt=11.6s
2026-07-16 09:08:26,803 [INFO] trainer: epoch 454 step 50/54 loss=1.1915 lr=5.31e-06
2026-07-16 09:08:27,590 [INFO] trainer: epoch 454 done train_loss=1.1840 dt=11.7s
2026-07-16 09:08:38,399 [INFO] trainer: epoch 455 step 50/54 loss=1.2002 lr=5.13e-06
2026-07-16 09:08:39,187 [INFO] trainer: epoch 455 done train_loss=1.2065 dt=11.6s
2026-07-16 09:08:50,025 [INFO] trainer: epoch 456 step 50/54 loss=1.2019 lr=4.95e-06
2026-07-16 09:08:50,814 [INFO] trainer: epoch 456 done train_loss=1.1920 dt=11.6s
2026-07-16 09:09:01,513 [INFO] trainer: epoch 457 step 50/54 loss=1.1825 lr=4.77e-06
2026-07-16 09:09:02,302 [INFO] trainer: epoch 457 done train_loss=1.1862 dt=11.5s
2026-07-16 09:09:13,299 [INFO] trainer: epoch 458 step 50/54 loss=1.1556 lr=4.60e-06
2026-07-16 09:09:14,087 [INFO] trainer: epoch 458 done train_loss=1.1544 dt=11.8s
2026-07-16 09:09:24,953 [INFO] trainer: epoch 459 step 50/54 loss=1.2028 lr=4.43e-06
2026-07-16 09:09:25,741 [INFO] trainer: epoch 459 done train_loss=1.1949 dt=11.7s
2026-07-16 09:09:36,622 [INFO] trainer: epoch 460 step 50/54 loss=1.1318 lr=4.27e-06
2026-07-16 09:09:37,410 [INFO] trainer: epoch 460 done train_loss=1.1433 dt=11.7s
2026-07-16 09:09:48,317 [INFO] trainer: epoch 461 step 50/54 loss=1.1629 lr=4.11e-06
2026-07-16 09:09:49,106 [INFO] trainer: epoch 461 done train_loss=1.1556 dt=11.5s
2026-07-16 09:09:59,899 [INFO] trainer: epoch 462 step 50/54 loss=1.2044 lr=3.95e-06
2026-07-16 09:10:00,687 [INFO] trainer: epoch 462 done train_loss=1.2059 dt=11.6s
2026-07-16 09:10:11,564 [INFO] trainer: epoch 463 step 50/54 loss=1.1900 lr=3.80e-06
2026-07-16 09:10:12,355 [INFO] trainer: epoch 463 done train_loss=1.2027 dt=11.7s
2026-07-16 09:10:23,181 [INFO] trainer: epoch 464 step 50/54 loss=1.1955 lr=3.65e-06
2026-07-16 09:10:23,970 [INFO] trainer: epoch 464 done train_loss=1.1937 dt=11.6s
2026-07-16 09:10:34,634 [INFO] trainer: epoch 465 step 50/54 loss=1.2429 lr=3.51e-06
2026-07-16 09:10:35,423 [INFO] trainer: epoch 465 done train_loss=1.2240 dt=11.5s
2026-07-16 09:10:46,218 [INFO] trainer: epoch 466 step 50/54 loss=1.1735 lr=3.36e-06
2026-07-16 09:10:47,006 [INFO] trainer: epoch 466 done train_loss=1.1775 dt=11.6s
2026-07-16 09:10:57,682 [INFO] trainer: epoch 467 step 50/54 loss=1.2069 lr=3.23e-06
2026-07-16 09:10:58,470 [INFO] trainer: epoch 467 done train_loss=1.2083 dt=11.5s
2026-07-16 09:11:09,159 [INFO] trainer: epoch 468 step 50/54 loss=1.2224 lr=3.10e-06
2026-07-16 09:11:09,945 [INFO] trainer: epoch 468 done train_loss=1.2075 dt=11.5s
2026-07-16 09:11:20,688 [INFO] trainer: epoch 469 step 50/54 loss=1.1951 lr=2.97e-06
2026-07-16 09:11:21,476 [INFO] trainer: epoch 469 done train_loss=1.1931 dt=11.5s
2026-07-16 09:11:32,281 [INFO] trainer: epoch 470 step 50/54 loss=1.1796 lr=2.84e-06
2026-07-16 09:11:33,069 [INFO] trainer: epoch 470 done train_loss=1.1844 dt=11.6s
2026-07-16 09:11:43,849 [INFO] trainer: epoch 471 step 50/54 loss=1.1501 lr=2.72e-06
2026-07-16 09:11:44,638 [INFO] trainer: epoch 471 done train_loss=1.1599 dt=11.4s
2026-07-16 09:11:55,484 [INFO] trainer: epoch 472 step 50/54 loss=1.1730 lr=2.61e-06
2026-07-16 09:11:56,271 [INFO] trainer: epoch 472 done train_loss=1.1699 dt=11.6s
2026-07-16 09:12:06,984 [INFO] trainer: epoch 473 step 50/54 loss=1.1772 lr=2.50e-06
2026-07-16 09:12:07,772 [INFO] trainer: epoch 473 done train_loss=1.1834 dt=11.5s
2026-07-16 09:12:18,424 [INFO] trainer: epoch 474 step 50/54 loss=1.1954 lr=2.39e-06
2026-07-16 09:12:19,212 [INFO] trainer: epoch 474 done train_loss=1.1964 dt=11.4s
2026-07-16 09:12:30,060 [INFO] trainer: epoch 475 step 50/54 loss=1.1715 lr=2.28e-06
2026-07-16 09:12:30,847 [INFO] trainer: epoch 475 done train_loss=1.1769 dt=11.6s
2026-07-16 09:13:12,017 [INFO] trainer: epoch 475 val_mean_dice=0.7399
2026-07-16 09:13:23,244 [INFO] trainer: epoch 476 step 50/54 loss=1.2298 lr=2.18e-06
2026-07-16 09:13:24,031 [INFO] trainer: epoch 476 done train_loss=1.2132 dt=11.6s
2026-07-16 09:13:34,696 [INFO] trainer: epoch 477 step 50/54 loss=1.2121 lr=2.09e-06
2026-07-16 09:13:35,484 [INFO] trainer: epoch 477 done train_loss=1.2091 dt=11.5s
2026-07-16 09:13:46,260 [INFO] trainer: epoch 478 step 50/54 loss=1.2073 lr=1.99e-06
2026-07-16 09:13:47,050 [INFO] trainer: epoch 478 done train_loss=1.2176 dt=11.6s
2026-07-16 09:13:57,712 [INFO] trainer: epoch 479 step 50/54 loss=1.1818 lr=1.91e-06
2026-07-16 09:13:58,501 [INFO] trainer: epoch 479 done train_loss=1.1900 dt=11.5s
2026-07-16 09:14:09,346 [INFO] trainer: epoch 480 step 50/54 loss=1.2103 lr=1.82e-06
2026-07-16 09:14:10,134 [INFO] trainer: epoch 480 done train_loss=1.2029 dt=11.6s
2026-07-16 09:14:21,064 [INFO] trainer: epoch 481 step 50/54 loss=1.2021 lr=1.74e-06
2026-07-16 09:14:21,852 [INFO] trainer: epoch 481 done train_loss=1.1993 dt=11.5s
2026-07-16 09:14:32,599 [INFO] trainer: epoch 482 step 50/54 loss=1.1844 lr=1.67e-06
2026-07-16 09:14:33,387 [INFO] trainer: epoch 482 done train_loss=1.1904 dt=11.5s
2026-07-16 09:14:44,120 [INFO] trainer: epoch 483 step 50/54 loss=1.1832 lr=1.60e-06
2026-07-16 09:14:44,913 [INFO] trainer: epoch 483 done train_loss=1.1722 dt=11.5s
2026-07-16 09:14:55,669 [INFO] trainer: epoch 484 step 50/54 loss=1.1702 lr=1.53e-06
2026-07-16 09:14:56,458 [INFO] trainer: epoch 484 done train_loss=1.1595 dt=11.5s
2026-07-16 09:15:07,233 [INFO] trainer: epoch 485 step 50/54 loss=1.1586 lr=1.46e-06
2026-07-16 09:15:08,023 [INFO] trainer: epoch 485 done train_loss=1.1637 dt=11.6s
2026-07-16 09:15:18,925 [INFO] trainer: epoch 486 step 50/54 loss=1.1801 lr=1.40e-06
2026-07-16 09:15:19,715 [INFO] trainer: epoch 486 done train_loss=1.1796 dt=11.7s
2026-07-16 09:15:30,467 [INFO] trainer: epoch 487 step 50/54 loss=1.2314 lr=1.35e-06
2026-07-16 09:15:31,256 [INFO] trainer: epoch 487 done train_loss=1.2199 dt=11.5s
2026-07-16 09:15:42,080 [INFO] trainer: epoch 488 step 50/54 loss=1.1939 lr=1.30e-06
2026-07-16 09:15:42,869 [INFO] trainer: epoch 488 done train_loss=1.1948 dt=11.6s
2026-07-16 09:15:53,477 [INFO] trainer: epoch 489 step 50/54 loss=1.1771 lr=1.25e-06
2026-07-16 09:15:54,264 [INFO] trainer: epoch 489 done train_loss=1.1742 dt=11.4s
2026-07-16 09:16:04,934 [INFO] trainer: epoch 490 step 50/54 loss=1.1590 lr=1.21e-06
2026-07-16 09:16:05,724 [INFO] trainer: epoch 490 done train_loss=1.1598 dt=11.5s
2026-07-16 09:16:16,898 [INFO] trainer: epoch 491 step 50/54 loss=1.1932 lr=1.17e-06
2026-07-16 09:16:17,689 [INFO] trainer: epoch 491 done train_loss=1.1909 dt=11.8s
2026-07-16 09:16:28,601 [INFO] trainer: epoch 492 step 50/54 loss=1.2143 lr=1.13e-06
2026-07-16 09:16:29,391 [INFO] trainer: epoch 492 done train_loss=1.2204 dt=11.7s
2026-07-16 09:16:40,137 [INFO] trainer: epoch 493 step 50/54 loss=1.1654 lr=1.10e-06
2026-07-16 09:16:40,926 [INFO] trainer: epoch 493 done train_loss=1.1718 dt=11.5s
2026-07-16 09:16:51,720 [INFO] trainer: epoch 494 step 50/54 loss=1.1912 lr=1.08e-06
2026-07-16 09:16:52,511 [INFO] trainer: epoch 494 done train_loss=1.2100 dt=11.6s
2026-07-16 09:17:03,475 [INFO] trainer: epoch 495 step 50/54 loss=1.1757 lr=1.05e-06
2026-07-16 09:17:04,262 [INFO] trainer: epoch 495 done train_loss=1.1663 dt=11.8s
2026-07-16 09:17:15,119 [INFO] trainer: epoch 496 step 50/54 loss=1.1482 lr=1.03e-06
2026-07-16 09:17:15,907 [INFO] trainer: epoch 496 done train_loss=1.1444 dt=11.6s
2026-07-16 09:17:26,879 [INFO] trainer: epoch 497 step 50/54 loss=1.2155 lr=1.02e-06
2026-07-16 09:17:27,667 [INFO] trainer: epoch 497 done train_loss=1.2248 dt=11.8s
2026-07-16 09:17:38,643 [INFO] trainer: epoch 498 step 50/54 loss=1.1964 lr=1.01e-06
2026-07-16 09:17:39,431 [INFO] trainer: epoch 498 done train_loss=1.2010 dt=11.8s
2026-07-16 09:17:50,299 [INFO] trainer: epoch 499 step 50/54 loss=1.1346 lr=1.00e-06
2026-07-16 09:17:51,087 [INFO] trainer: epoch 499 done train_loss=1.1445 dt=11.7s
2026-07-16 09:18:01,762 [INFO] trainer: epoch 500 step 50/54 loss=1.1721 lr=1.00e-06
2026-07-16 09:18:02,549 [INFO] trainer: epoch 500 done train_loss=1.1841 dt=11.5s
2026-07-16 09:18:43,875 [INFO] trainer: epoch 500 val_mean_dice=0.7403
2026-07-16 09:18:44,300 [INFO] trainer: total time 6731.1 s, best dice 0.7403 (epochs 1-500 / 500)
