2026-07-16 07:21:45,106 [INFO] train: ========================================================================
2026-07-16 07:21:45,107 [INFO] train: model=ctfm config=configs/lowshot/ls_ctfm_frz_pt_f010.yaml
2026-07-16 07:21:45,107 [INFO] train: output=/scratch/lskrlj/runs/ls_ctfm_frz_pt_f010 device=cuda (NVIDIA A100-SXM4-40GB)
2026-07-16 07:21:45,107 [INFO] train: epochs=500 batch_size=2 grad_accum=2 eff_batch=4 lr=0.0002 amp=True
2026-07-16 07:21:45,107 [INFO] train: ========================================================================
2026-07-16 07:21:45,110 [INFO] train: splits: train=1082 val=57 classes=117
2026-07-16 07:21:45,111 [INFO] train: low-shot: train_fraction=0.1000 seed=1234 -> 108/1082 train cases
2026-07-16 07:22:08,914 [INFO] train: disk cache: /scratch/lskrlj/cache/TotalSeg/833d9d046402 (fingerprint=833d9d046402)
2026-07-16 07:26:02,344 [INFO] train: model ctfm, trainable params: 9025240 / 86786232 total (freeze_backbone=True)
2026-07-16 07:26:33,250 [WARNING] trainer: --resume set but no checkpoint found in /scratch/lskrlj/runs/ls_ctfm_frz_pt_f010; starting fresh
2026-07-16 07:26:33,250 [INFO] trainer: start: epochs 1-500/500 device=cuda amp=bf16 train_batches=54 val_batches=57
2026-07-16 07:26:47,470 [INFO] trainer: epoch 1 step 50/54 loss=11.1089 lr=1.85e-05
2026-07-16 07:26:48,264 [INFO] trainer: epoch 1 done train_loss=11.0936 dt=15.0s
2026-07-16 07:26:59,187 [INFO] trainer: epoch 2 step 50/54 loss=10.4375 lr=3.85e-05
2026-07-16 07:26:59,981 [INFO] trainer: epoch 2 done train_loss=10.4052 dt=11.7s
2026-07-16 07:27:11,061 [INFO] trainer: epoch 3 step 50/54 loss=9.4415 lr=5.85e-05
2026-07-16 07:27:11,864 [INFO] trainer: epoch 3 done train_loss=9.4094 dt=11.9s
2026-07-16 07:27:22,857 [INFO] trainer: epoch 4 step 50/54 loss=8.6541 lr=7.85e-05
2026-07-16 07:27:23,656 [INFO] trainer: epoch 4 done train_loss=8.6202 dt=11.8s
2026-07-16 07:27:34,456 [INFO] trainer: epoch 5 step 50/54 loss=7.9711 lr=9.85e-05
2026-07-16 07:27:35,251 [INFO] trainer: epoch 5 done train_loss=7.9506 dt=11.6s
2026-07-16 07:27:46,196 [INFO] trainer: epoch 6 step 50/54 loss=7.4216 lr=1.19e-04
2026-07-16 07:27:46,994 [INFO] trainer: epoch 6 done train_loss=7.4058 dt=11.7s
2026-07-16 07:27:57,821 [INFO] trainer: epoch 7 step 50/54 loss=6.9095 lr=1.39e-04
2026-07-16 07:27:58,619 [INFO] trainer: epoch 7 done train_loss=6.8827 dt=11.6s
2026-07-16 07:28:09,570 [INFO] trainer: epoch 8 step 50/54 loss=6.4127 lr=1.59e-04
2026-07-16 07:28:10,368 [INFO] trainer: epoch 8 done train_loss=6.4117 dt=11.7s
2026-07-16 07:28:21,386 [INFO] trainer: epoch 9 step 50/54 loss=6.0275 lr=1.79e-04
2026-07-16 07:28:22,181 [INFO] trainer: epoch 9 done train_loss=6.0125 dt=11.8s
2026-07-16 07:28:33,286 [INFO] trainer: epoch 10 step 50/54 loss=5.6315 lr=1.99e-04
2026-07-16 07:28:34,084 [INFO] trainer: epoch 10 done train_loss=5.6205 dt=11.9s
2026-07-16 07:28:45,546 [INFO] trainer: epoch 11 step 50/54 loss=5.2772 lr=2.00e-04
2026-07-16 07:28:46,341 [INFO] trainer: epoch 11 done train_loss=5.2603 dt=11.7s
2026-07-16 07:28:57,290 [INFO] trainer: epoch 12 step 50/54 loss=4.9854 lr=2.00e-04
2026-07-16 07:28:58,084 [INFO] trainer: epoch 12 done train_loss=4.9676 dt=11.7s
2026-07-16 07:29:09,275 [INFO] trainer: epoch 13 step 50/54 loss=4.7041 lr=2.00e-04
2026-07-16 07:29:10,072 [INFO] trainer: epoch 13 done train_loss=4.6940 dt=12.0s
2026-07-16 07:29:21,093 [INFO] trainer: epoch 14 step 50/54 loss=4.5007 lr=2.00e-04
2026-07-16 07:29:21,892 [INFO] trainer: epoch 14 done train_loss=4.4843 dt=11.8s
2026-07-16 07:29:32,575 [INFO] trainer: epoch 15 step 50/54 loss=4.2889 lr=2.00e-04
2026-07-16 07:29:33,371 [INFO] trainer: epoch 15 done train_loss=4.2941 dt=11.5s
2026-07-16 07:29:44,093 [INFO] trainer: epoch 16 step 50/54 loss=4.1405 lr=2.00e-04
2026-07-16 07:29:44,888 [INFO] trainer: epoch 16 done train_loss=4.1206 dt=11.5s
2026-07-16 07:29:55,911 [INFO] trainer: epoch 17 step 50/54 loss=3.9472 lr=2.00e-04
2026-07-16 07:29:56,708 [INFO] trainer: epoch 17 done train_loss=3.9580 dt=11.8s
2026-07-16 07:30:07,767 [INFO] trainer: epoch 18 step 50/54 loss=3.8113 lr=2.00e-04
2026-07-16 07:30:08,564 [INFO] trainer: epoch 18 done train_loss=3.8101 dt=11.9s
2026-07-16 07:30:19,501 [INFO] trainer: epoch 19 step 50/54 loss=3.6724 lr=2.00e-04
2026-07-16 07:30:20,295 [INFO] trainer: epoch 19 done train_loss=3.6757 dt=11.7s
2026-07-16 07:30:31,099 [INFO] trainer: epoch 20 step 50/54 loss=3.5735 lr=2.00e-04
2026-07-16 07:30:31,898 [INFO] trainer: epoch 20 done train_loss=3.5630 dt=11.6s
2026-07-16 07:30:43,352 [INFO] trainer: epoch 21 step 50/54 loss=3.4875 lr=2.00e-04
2026-07-16 07:30:44,145 [INFO] trainer: epoch 21 done train_loss=3.4957 dt=11.7s
2026-07-16 07:30:55,010 [INFO] trainer: epoch 22 step 50/54 loss=3.4360 lr=2.00e-04
2026-07-16 07:30:55,806 [INFO] trainer: epoch 22 done train_loss=3.4398 dt=11.7s
2026-07-16 07:31:06,650 [INFO] trainer: epoch 23 step 50/54 loss=3.3158 lr=2.00e-04
2026-07-16 07:31:07,447 [INFO] trainer: epoch 23 done train_loss=3.3202 dt=11.6s
2026-07-16 07:31:18,491 [INFO] trainer: epoch 24 step 50/54 loss=3.2394 lr=2.00e-04
2026-07-16 07:31:19,287 [INFO] trainer: epoch 24 done train_loss=3.2326 dt=11.8s
2026-07-16 07:31:30,225 [INFO] trainer: epoch 25 step 50/54 loss=3.1452 lr=2.00e-04
2026-07-16 07:31:31,022 [INFO] trainer: epoch 25 done train_loss=3.1406 dt=11.7s
2026-07-16 07:33:02,465 [INFO] trainer: epoch 25 val_mean_dice=0.0108
2026-07-16 07:33:13,852 [INFO] trainer: epoch 26 step 50/54 loss=3.0658 lr=1.99e-04
2026-07-16 07:33:14,648 [INFO] trainer: epoch 26 done train_loss=3.0683 dt=11.6s
2026-07-16 07:33:25,484 [INFO] trainer: epoch 27 step 50/54 loss=3.0158 lr=1.99e-04
2026-07-16 07:33:26,284 [INFO] trainer: epoch 27 done train_loss=3.0127 dt=11.6s
2026-07-16 07:33:37,181 [INFO] trainer: epoch 28 step 50/54 loss=2.9454 lr=1.99e-04
2026-07-16 07:33:37,974 [INFO] trainer: epoch 28 done train_loss=2.9481 dt=11.7s
2026-07-16 07:33:48,967 [INFO] trainer: epoch 29 step 50/54 loss=2.9181 lr=1.99e-04
2026-07-16 07:33:49,761 [INFO] trainer: epoch 29 done train_loss=2.9198 dt=11.8s
2026-07-16 07:34:00,631 [INFO] trainer: epoch 30 step 50/54 loss=2.8677 lr=1.99e-04
2026-07-16 07:34:01,426 [INFO] trainer: epoch 30 done train_loss=2.8616 dt=11.7s
2026-07-16 07:34:12,912 [INFO] trainer: epoch 31 step 50/54 loss=2.8009 lr=1.99e-04
2026-07-16 07:34:13,709 [INFO] trainer: epoch 31 done train_loss=2.8086 dt=11.7s
2026-07-16 07:34:24,529 [INFO] trainer: epoch 32 step 50/54 loss=2.7779 lr=1.99e-04
2026-07-16 07:34:25,325 [INFO] trainer: epoch 32 done train_loss=2.7724 dt=11.6s
2026-07-16 07:34:36,129 [INFO] trainer: epoch 33 step 50/54 loss=2.7473 lr=1.99e-04
2026-07-16 07:34:36,923 [INFO] trainer: epoch 33 done train_loss=2.7338 dt=11.6s
2026-07-16 07:34:48,035 [INFO] trainer: epoch 34 step 50/54 loss=2.7398 lr=1.99e-04
2026-07-16 07:34:48,831 [INFO] trainer: epoch 34 done train_loss=2.7361 dt=11.9s
2026-07-16 07:34:59,870 [INFO] trainer: epoch 35 step 50/54 loss=2.7070 lr=1.99e-04
2026-07-16 07:35:00,662 [INFO] trainer: epoch 35 done train_loss=2.7131 dt=11.8s
2026-07-16 07:35:11,547 [INFO] trainer: epoch 36 step 50/54 loss=2.6510 lr=1.99e-04
2026-07-16 07:35:12,344 [INFO] trainer: epoch 36 done train_loss=2.6514 dt=11.7s
2026-07-16 07:35:23,370 [INFO] trainer: epoch 37 step 50/54 loss=2.6356 lr=1.99e-04
2026-07-16 07:35:24,163 [INFO] trainer: epoch 37 done train_loss=2.6244 dt=11.8s
2026-07-16 07:35:35,121 [INFO] trainer: epoch 38 step 50/54 loss=2.5923 lr=1.98e-04
2026-07-16 07:35:35,916 [INFO] trainer: epoch 38 done train_loss=2.5999 dt=11.8s
2026-07-16 07:35:46,855 [INFO] trainer: epoch 39 step 50/54 loss=2.5504 lr=1.98e-04
2026-07-16 07:35:47,648 [INFO] trainer: epoch 39 done train_loss=2.5420 dt=11.7s
2026-07-16 07:35:58,496 [INFO] trainer: epoch 40 step 50/54 loss=2.5211 lr=1.98e-04
2026-07-16 07:35:59,289 [INFO] trainer: epoch 40 done train_loss=2.5153 dt=11.6s
2026-07-16 07:36:10,898 [INFO] trainer: epoch 41 step 50/54 loss=2.5253 lr=1.98e-04
2026-07-16 07:36:11,693 [INFO] trainer: epoch 41 done train_loss=2.5113 dt=11.8s
2026-07-16 07:36:22,789 [INFO] trainer: epoch 42 step 50/54 loss=2.4913 lr=1.98e-04
2026-07-16 07:36:23,585 [INFO] trainer: epoch 42 done train_loss=2.4817 dt=11.9s
2026-07-16 07:36:34,488 [INFO] trainer: epoch 43 step 50/54 loss=2.4298 lr=1.98e-04
2026-07-16 07:36:35,282 [INFO] trainer: epoch 43 done train_loss=2.4219 dt=11.7s
2026-07-16 07:36:46,276 [INFO] trainer: epoch 44 step 50/54 loss=2.4070 lr=1.98e-04
2026-07-16 07:36:47,068 [INFO] trainer: epoch 44 done train_loss=2.4009 dt=11.8s
2026-07-16 07:36:57,845 [INFO] trainer: epoch 45 step 50/54 loss=2.3847 lr=1.98e-04
2026-07-16 07:36:58,638 [INFO] trainer: epoch 45 done train_loss=2.3856 dt=11.6s
2026-07-16 07:37:09,468 [INFO] trainer: epoch 46 step 50/54 loss=2.3708 lr=1.97e-04
2026-07-16 07:37:10,265 [INFO] trainer: epoch 46 done train_loss=2.3663 dt=11.6s
2026-07-16 07:37:21,148 [INFO] trainer: epoch 47 step 50/54 loss=2.3251 lr=1.97e-04
2026-07-16 07:37:21,944 [INFO] trainer: epoch 47 done train_loss=2.3248 dt=11.7s
2026-07-16 07:37:32,795 [INFO] trainer: epoch 48 step 50/54 loss=2.3011 lr=1.97e-04
2026-07-16 07:37:33,592 [INFO] trainer: epoch 48 done train_loss=2.2987 dt=11.6s
2026-07-16 07:37:44,431 [INFO] trainer: epoch 49 step 50/54 loss=2.2881 lr=1.97e-04
2026-07-16 07:37:45,225 [INFO] trainer: epoch 49 done train_loss=2.2801 dt=11.6s
2026-07-16 07:37:56,006 [INFO] trainer: epoch 50 step 50/54 loss=2.2771 lr=1.97e-04
2026-07-16 07:37:56,799 [INFO] trainer: epoch 50 done train_loss=2.2761 dt=11.6s
2026-07-16 07:38:46,897 [INFO] trainer: epoch 50 val_mean_dice=0.2001
2026-07-16 07:38:59,297 [INFO] trainer: epoch 51 step 50/54 loss=2.2286 lr=1.97e-04
2026-07-16 07:39:00,091 [INFO] trainer: epoch 51 done train_loss=2.2305 dt=12.0s
2026-07-16 07:39:10,832 [INFO] trainer: epoch 52 step 50/54 loss=2.2100 lr=1.96e-04
2026-07-16 07:39:11,627 [INFO] trainer: epoch 52 done train_loss=2.2027 dt=11.5s
2026-07-16 07:39:22,415 [INFO] trainer: epoch 53 step 50/54 loss=2.1910 lr=1.96e-04
2026-07-16 07:39:23,209 [INFO] trainer: epoch 53 done train_loss=2.1866 dt=11.6s
2026-07-16 07:39:33,979 [INFO] trainer: epoch 54 step 50/54 loss=2.1883 lr=1.96e-04
2026-07-16 07:39:34,774 [INFO] trainer: epoch 54 done train_loss=2.1882 dt=11.6s
2026-07-16 07:39:45,744 [INFO] trainer: epoch 55 step 50/54 loss=2.1514 lr=1.96e-04
2026-07-16 07:39:46,540 [INFO] trainer: epoch 55 done train_loss=2.1574 dt=11.8s
2026-07-16 07:39:57,468 [INFO] trainer: epoch 56 step 50/54 loss=2.1213 lr=1.96e-04
2026-07-16 07:39:58,259 [INFO] trainer: epoch 56 done train_loss=2.1199 dt=11.7s
2026-07-16 07:40:09,269 [INFO] trainer: epoch 57 step 50/54 loss=2.1082 lr=1.96e-04
2026-07-16 07:40:10,064 [INFO] trainer: epoch 57 done train_loss=2.1112 dt=11.8s
2026-07-16 07:40:20,996 [INFO] trainer: epoch 58 step 50/54 loss=2.0729 lr=1.95e-04
2026-07-16 07:40:21,787 [INFO] trainer: epoch 58 done train_loss=2.0767 dt=11.7s
2026-07-16 07:40:32,827 [INFO] trainer: epoch 59 step 50/54 loss=2.0714 lr=1.95e-04
2026-07-16 07:40:33,622 [INFO] trainer: epoch 59 done train_loss=2.0658 dt=11.8s
2026-07-16 07:40:44,509 [INFO] trainer: epoch 60 step 50/54 loss=2.0539 lr=1.95e-04
2026-07-16 07:40:45,302 [INFO] trainer: epoch 60 done train_loss=2.0500 dt=11.7s
2026-07-16 07:40:57,065 [INFO] trainer: epoch 61 step 50/54 loss=2.0532 lr=1.95e-04
2026-07-16 07:40:57,863 [INFO] trainer: epoch 61 done train_loss=2.0495 dt=11.9s
2026-07-16 07:41:08,684 [INFO] trainer: epoch 62 step 50/54 loss=2.0218 lr=1.95e-04
2026-07-16 07:41:09,479 [INFO] trainer: epoch 62 done train_loss=2.0280 dt=11.6s
2026-07-16 07:41:20,094 [INFO] trainer: epoch 63 step 50/54 loss=2.0022 lr=1.94e-04
2026-07-16 07:41:20,890 [INFO] trainer: epoch 63 done train_loss=1.9966 dt=11.4s
2026-07-16 07:41:31,700 [INFO] trainer: epoch 64 step 50/54 loss=2.0190 lr=1.94e-04
2026-07-16 07:41:32,495 [INFO] trainer: epoch 64 done train_loss=2.0202 dt=11.6s
2026-07-16 07:41:43,447 [INFO] trainer: epoch 65 step 50/54 loss=1.9865 lr=1.94e-04
2026-07-16 07:41:44,241 [INFO] trainer: epoch 65 done train_loss=1.9922 dt=11.7s
2026-07-16 07:41:55,194 [INFO] trainer: epoch 66 step 50/54 loss=1.9516 lr=1.94e-04
2026-07-16 07:41:55,990 [INFO] trainer: epoch 66 done train_loss=1.9492 dt=11.7s
2026-07-16 07:42:06,929 [INFO] trainer: epoch 67 step 50/54 loss=1.9385 lr=1.93e-04
2026-07-16 07:42:07,725 [INFO] trainer: epoch 67 done train_loss=1.9394 dt=11.7s
2026-07-16 07:42:18,457 [INFO] trainer: epoch 68 step 50/54 loss=1.9022 lr=1.93e-04
2026-07-16 07:42:19,251 [INFO] trainer: epoch 68 done train_loss=1.9014 dt=11.5s
2026-07-16 07:42:30,097 [INFO] trainer: epoch 69 step 50/54 loss=1.9229 lr=1.93e-04
2026-07-16 07:42:30,893 [INFO] trainer: epoch 69 done train_loss=1.9132 dt=11.6s
2026-07-16 07:42:41,689 [INFO] trainer: epoch 70 step 50/54 loss=1.8987 lr=1.93e-04
2026-07-16 07:42:42,486 [INFO] trainer: epoch 70 done train_loss=1.9013 dt=11.6s
2026-07-16 07:42:53,895 [INFO] trainer: epoch 71 step 50/54 loss=1.9024 lr=1.93e-04
2026-07-16 07:42:54,690 [INFO] trainer: epoch 71 done train_loss=1.8955 dt=11.6s
2026-07-16 07:43:05,674 [INFO] trainer: epoch 72 step 50/54 loss=1.8994 lr=1.92e-04
2026-07-16 07:43:06,468 [INFO] trainer: epoch 72 done train_loss=1.8912 dt=11.8s
2026-07-16 07:43:17,376 [INFO] trainer: epoch 73 step 50/54 loss=1.8266 lr=1.92e-04
2026-07-16 07:43:18,173 [INFO] trainer: epoch 73 done train_loss=1.8325 dt=11.7s
2026-07-16 07:43:29,032 [INFO] trainer: epoch 74 step 50/54 loss=1.8155 lr=1.92e-04
2026-07-16 07:43:29,823 [INFO] trainer: epoch 74 done train_loss=1.8105 dt=11.6s
2026-07-16 07:43:40,824 [INFO] trainer: epoch 75 step 50/54 loss=1.8521 lr=1.92e-04
2026-07-16 07:43:41,617 [INFO] trainer: epoch 75 done train_loss=1.8621 dt=11.8s
2026-07-16 07:44:28,055 [INFO] trainer: epoch 75 val_mean_dice=0.4614
2026-07-16 07:44:39,539 [INFO] trainer: epoch 76 step 50/54 loss=1.8129 lr=1.91e-04
2026-07-16 07:44:40,333 [INFO] trainer: epoch 76 done train_loss=1.8229 dt=11.7s
2026-07-16 07:44:51,289 [INFO] trainer: epoch 77 step 50/54 loss=1.8148 lr=1.91e-04
2026-07-16 07:44:52,082 [INFO] trainer: epoch 77 done train_loss=1.8145 dt=11.7s
2026-07-16 07:45:03,008 [INFO] trainer: epoch 78 step 50/54 loss=1.8031 lr=1.91e-04
2026-07-16 07:45:03,805 [INFO] trainer: epoch 78 done train_loss=1.8131 dt=11.7s
2026-07-16 07:45:14,644 [INFO] trainer: epoch 79 step 50/54 loss=1.7884 lr=1.90e-04
2026-07-16 07:45:15,434 [INFO] trainer: epoch 79 done train_loss=1.7933 dt=11.6s
2026-07-16 07:45:26,205 [INFO] trainer: epoch 80 step 50/54 loss=1.7958 lr=1.90e-04
2026-07-16 07:45:26,997 [INFO] trainer: epoch 80 done train_loss=1.8038 dt=11.6s
2026-07-16 07:45:39,214 [INFO] trainer: epoch 81 step 50/54 loss=1.7609 lr=1.90e-04
2026-07-16 07:45:40,008 [INFO] trainer: epoch 81 done train_loss=1.7501 dt=11.7s
2026-07-16 07:45:50,876 [INFO] trainer: epoch 82 step 50/54 loss=1.7351 lr=1.90e-04
2026-07-16 07:45:51,673 [INFO] trainer: epoch 82 done train_loss=1.7417 dt=11.7s
2026-07-16 07:46:02,603 [INFO] trainer: epoch 83 step 50/54 loss=1.7370 lr=1.89e-04
2026-07-16 07:46:03,398 [INFO] trainer: epoch 83 done train_loss=1.7432 dt=11.7s
2026-07-16 07:46:14,373 [INFO] trainer: epoch 84 step 50/54 loss=1.7100 lr=1.89e-04
2026-07-16 07:46:15,167 [INFO] trainer: epoch 84 done train_loss=1.7053 dt=11.8s
2026-07-16 07:46:26,155 [INFO] trainer: epoch 85 step 50/54 loss=1.6723 lr=1.89e-04
2026-07-16 07:46:26,949 [INFO] trainer: epoch 85 done train_loss=1.6693 dt=11.8s
2026-07-16 07:46:37,838 [INFO] trainer: epoch 86 step 50/54 loss=1.6833 lr=1.88e-04
2026-07-16 07:46:38,633 [INFO] trainer: epoch 86 done train_loss=1.6829 dt=11.7s
2026-07-16 07:46:49,508 [INFO] trainer: epoch 87 step 50/54 loss=1.6548 lr=1.88e-04
2026-07-16 07:46:50,305 [INFO] trainer: epoch 87 done train_loss=1.6690 dt=11.7s
2026-07-16 07:47:01,220 [INFO] trainer: epoch 88 step 50/54 loss=1.6724 lr=1.88e-04
2026-07-16 07:47:02,016 [INFO] trainer: epoch 88 done train_loss=1.6812 dt=11.7s
2026-07-16 07:47:12,820 [INFO] trainer: epoch 89 step 50/54 loss=1.6807 lr=1.88e-04
2026-07-16 07:47:13,613 [INFO] trainer: epoch 89 done train_loss=1.6688 dt=11.6s
2026-07-16 07:47:24,403 [INFO] trainer: epoch 90 step 50/54 loss=1.6354 lr=1.87e-04
2026-07-16 07:47:25,199 [INFO] trainer: epoch 90 done train_loss=1.6286 dt=11.6s
2026-07-16 07:47:36,576 [INFO] trainer: epoch 91 step 50/54 loss=1.6377 lr=1.87e-04
2026-07-16 07:47:37,371 [INFO] trainer: epoch 91 done train_loss=1.6461 dt=11.5s
2026-07-16 07:47:48,247 [INFO] trainer: epoch 92 step 50/54 loss=1.6259 lr=1.87e-04
2026-07-16 07:47:49,038 [INFO] trainer: epoch 92 done train_loss=1.6388 dt=11.7s
2026-07-16 07:47:59,793 [INFO] trainer: epoch 93 step 50/54 loss=1.6207 lr=1.86e-04
2026-07-16 07:48:00,587 [INFO] trainer: epoch 93 done train_loss=1.6079 dt=11.5s
2026-07-16 07:48:11,554 [INFO] trainer: epoch 94 step 50/54 loss=1.6173 lr=1.86e-04
2026-07-16 07:48:12,349 [INFO] trainer: epoch 94 done train_loss=1.6172 dt=11.8s
2026-07-16 07:48:23,266 [INFO] trainer: epoch 95 step 50/54 loss=1.6519 lr=1.86e-04
2026-07-16 07:48:24,058 [INFO] trainer: epoch 95 done train_loss=1.6613 dt=11.7s
2026-07-16 07:48:34,838 [INFO] trainer: epoch 96 step 50/54 loss=1.6085 lr=1.85e-04
2026-07-16 07:48:35,632 [INFO] trainer: epoch 96 done train_loss=1.6033 dt=11.6s
2026-07-16 07:48:46,576 [INFO] trainer: epoch 97 step 50/54 loss=1.6148 lr=1.85e-04
2026-07-16 07:48:47,371 [INFO] trainer: epoch 97 done train_loss=1.6229 dt=11.7s
2026-07-16 07:48:58,247 [INFO] trainer: epoch 98 step 50/54 loss=1.6267 lr=1.85e-04
2026-07-16 07:48:59,039 [INFO] trainer: epoch 98 done train_loss=1.6267 dt=11.7s
2026-07-16 07:49:09,639 [INFO] trainer: epoch 99 step 50/54 loss=1.5829 lr=1.84e-04
2026-07-16 07:49:10,432 [INFO] trainer: epoch 99 done train_loss=1.5908 dt=11.4s
2026-07-16 07:49:21,294 [INFO] trainer: epoch 100 step 50/54 loss=1.5637 lr=1.84e-04
2026-07-16 07:49:22,087 [INFO] trainer: epoch 100 done train_loss=1.5717 dt=11.7s
2026-07-16 07:50:08,426 [INFO] trainer: epoch 100 val_mean_dice=0.6367
2026-07-16 07:50:20,719 [INFO] trainer: epoch 101 step 50/54 loss=1.5639 lr=1.84e-04
2026-07-16 07:50:21,510 [INFO] trainer: epoch 101 done train_loss=1.5534 dt=11.8s
2026-07-16 07:50:32,379 [INFO] trainer: epoch 102 step 50/54 loss=1.5945 lr=1.83e-04
2026-07-16 07:50:33,174 [INFO] trainer: epoch 102 done train_loss=1.5967 dt=11.7s
2026-07-16 07:50:44,108 [INFO] trainer: epoch 103 step 50/54 loss=1.5819 lr=1.83e-04
2026-07-16 07:50:44,901 [INFO] trainer: epoch 103 done train_loss=1.5815 dt=11.7s
2026-07-16 07:50:55,857 [INFO] trainer: epoch 104 step 50/54 loss=1.5150 lr=1.82e-04
2026-07-16 07:50:56,652 [INFO] trainer: epoch 104 done train_loss=1.5266 dt=11.8s
2026-07-16 07:51:07,576 [INFO] trainer: epoch 105 step 50/54 loss=1.5456 lr=1.82e-04
2026-07-16 07:51:08,369 [INFO] trainer: epoch 105 done train_loss=1.5546 dt=11.7s
2026-07-16 07:51:19,144 [INFO] trainer: epoch 106 step 50/54 loss=1.5216 lr=1.82e-04
2026-07-16 07:51:19,938 [INFO] trainer: epoch 106 done train_loss=1.5153 dt=11.6s
2026-07-16 07:51:30,750 [INFO] trainer: epoch 107 step 50/54 loss=1.5383 lr=1.81e-04
2026-07-16 07:51:31,542 [INFO] trainer: epoch 107 done train_loss=1.5402 dt=11.6s
2026-07-16 07:51:42,532 [INFO] trainer: epoch 108 step 50/54 loss=1.5486 lr=1.81e-04
2026-07-16 07:51:43,324 [INFO] trainer: epoch 108 done train_loss=1.5383 dt=11.8s
2026-07-16 07:51:54,217 [INFO] trainer: epoch 109 step 50/54 loss=1.5165 lr=1.81e-04
2026-07-16 07:51:55,011 [INFO] trainer: epoch 109 done train_loss=1.5206 dt=11.7s
2026-07-16 07:52:06,062 [INFO] trainer: epoch 110 step 50/54 loss=1.5380 lr=1.80e-04
2026-07-16 07:52:06,857 [INFO] trainer: epoch 110 done train_loss=1.5342 dt=11.8s
2026-07-16 07:52:18,227 [INFO] trainer: epoch 111 step 50/54 loss=1.5205 lr=1.80e-04
2026-07-16 07:52:19,023 [INFO] trainer: epoch 111 done train_loss=1.5134 dt=11.5s
2026-07-16 07:52:29,873 [INFO] trainer: epoch 112 step 50/54 loss=1.5399 lr=1.79e-04
2026-07-16 07:52:30,664 [INFO] trainer: epoch 112 done train_loss=1.5316 dt=11.6s
2026-07-16 07:52:41,449 [INFO] trainer: epoch 113 step 50/54 loss=1.4875 lr=1.79e-04
2026-07-16 07:52:42,244 [INFO] trainer: epoch 113 done train_loss=1.4968 dt=11.6s
2026-07-16 07:52:53,158 [INFO] trainer: epoch 114 step 50/54 loss=1.5041 lr=1.79e-04
2026-07-16 07:52:53,953 [INFO] trainer: epoch 114 done train_loss=1.4948 dt=11.7s
2026-07-16 07:53:04,982 [INFO] trainer: epoch 115 step 50/54 loss=1.5141 lr=1.78e-04
2026-07-16 07:53:05,778 [INFO] trainer: epoch 115 done train_loss=1.5028 dt=11.8s
2026-07-16 07:53:16,689 [INFO] trainer: epoch 116 step 50/54 loss=1.5276 lr=1.78e-04
2026-07-16 07:53:17,486 [INFO] trainer: epoch 116 done train_loss=1.5219 dt=11.7s
2026-07-16 07:53:28,443 [INFO] trainer: epoch 117 step 50/54 loss=1.4936 lr=1.78e-04
2026-07-16 07:53:29,237 [INFO] trainer: epoch 117 done train_loss=1.5014 dt=11.7s
2026-07-16 07:53:39,996 [INFO] trainer: epoch 118 step 50/54 loss=1.5105 lr=1.77e-04
2026-07-16 07:53:40,791 [INFO] trainer: epoch 118 done train_loss=1.5015 dt=11.6s
2026-07-16 07:53:51,643 [INFO] trainer: epoch 119 step 50/54 loss=1.4857 lr=1.77e-04
2026-07-16 07:53:52,438 [INFO] trainer: epoch 119 done train_loss=1.4772 dt=11.6s
2026-07-16 07:54:03,178 [INFO] trainer: epoch 120 step 50/54 loss=1.5056 lr=1.76e-04
2026-07-16 07:54:03,975 [INFO] trainer: epoch 120 done train_loss=1.5077 dt=11.5s
2026-07-16 07:54:15,769 [INFO] trainer: epoch 121 step 50/54 loss=1.4759 lr=1.76e-04
2026-07-16 07:54:16,564 [INFO] trainer: epoch 121 done train_loss=1.4752 dt=11.9s
2026-07-16 07:54:27,504 [INFO] trainer: epoch 122 step 50/54 loss=1.4890 lr=1.75e-04
2026-07-16 07:54:28,300 [INFO] trainer: epoch 122 done train_loss=1.4926 dt=11.7s
2026-07-16 07:54:39,256 [INFO] trainer: epoch 123 step 50/54 loss=1.4704 lr=1.75e-04
2026-07-16 07:54:40,050 [INFO] trainer: epoch 123 done train_loss=1.4607 dt=11.7s
2026-07-16 07:54:50,850 [INFO] trainer: epoch 124 step 50/54 loss=1.4937 lr=1.75e-04
2026-07-16 07:54:51,646 [INFO] trainer: epoch 124 done train_loss=1.5057 dt=11.6s
2026-07-16 07:55:02,454 [INFO] trainer: epoch 125 step 50/54 loss=1.4680 lr=1.74e-04
2026-07-16 07:55:03,249 [INFO] trainer: epoch 125 done train_loss=1.4720 dt=11.6s
2026-07-16 07:55:49,575 [INFO] trainer: epoch 125 val_mean_dice=0.6746
2026-07-16 07:56:01,166 [INFO] trainer: epoch 126 step 50/54 loss=1.4389 lr=1.74e-04
2026-07-16 07:56:01,960 [INFO] trainer: epoch 126 done train_loss=1.4519 dt=11.8s
2026-07-16 07:56:12,840 [INFO] trainer: epoch 127 step 50/54 loss=1.4506 lr=1.73e-04
2026-07-16 07:56:13,635 [INFO] trainer: epoch 127 done train_loss=1.4642 dt=11.7s
2026-07-16 07:56:24,548 [INFO] trainer: epoch 128 step 50/54 loss=1.4333 lr=1.73e-04
2026-07-16 07:56:25,343 [INFO] trainer: epoch 128 done train_loss=1.4344 dt=11.7s
2026-07-16 07:56:36,210 [INFO] trainer: epoch 129 step 50/54 loss=1.4833 lr=1.72e-04
2026-07-16 07:56:37,007 [INFO] trainer: epoch 129 done train_loss=1.4788 dt=11.7s
2026-07-16 07:56:47,905 [INFO] trainer: epoch 130 step 50/54 loss=1.4169 lr=1.72e-04
2026-07-16 07:56:48,698 [INFO] trainer: epoch 130 done train_loss=1.4232 dt=11.7s
2026-07-16 07:57:00,005 [INFO] trainer: epoch 131 step 50/54 loss=1.3989 lr=1.72e-04
2026-07-16 07:57:00,802 [INFO] trainer: epoch 131 done train_loss=1.4160 dt=11.5s
2026-07-16 07:57:11,711 [INFO] trainer: epoch 132 step 50/54 loss=1.4557 lr=1.71e-04
2026-07-16 07:57:12,506 [INFO] trainer: epoch 132 done train_loss=1.4571 dt=11.7s
2026-07-16 07:57:23,462 [INFO] trainer: epoch 133 step 50/54 loss=1.4393 lr=1.71e-04
2026-07-16 07:57:24,257 [INFO] trainer: epoch 133 done train_loss=1.4538 dt=11.8s
2026-07-16 07:57:35,112 [INFO] trainer: epoch 134 step 50/54 loss=1.4078 lr=1.70e-04
2026-07-16 07:57:35,909 [INFO] trainer: epoch 134 done train_loss=1.4126 dt=11.7s
2026-07-16 07:57:46,764 [INFO] trainer: epoch 135 step 50/54 loss=1.4510 lr=1.70e-04
2026-07-16 07:57:47,560 [INFO] trainer: epoch 135 done train_loss=1.4415 dt=11.7s
2026-07-16 07:57:58,524 [INFO] trainer: epoch 136 step 50/54 loss=1.4577 lr=1.69e-04
2026-07-16 07:57:59,322 [INFO] trainer: epoch 136 done train_loss=1.4531 dt=11.8s
2026-07-16 07:58:10,158 [INFO] trainer: epoch 137 step 50/54 loss=1.4340 lr=1.69e-04
2026-07-16 07:58:13,262 [INFO] trainer: epoch 137 done train_loss=1.4448 dt=13.9s
2026-07-16 07:58:24,104 [INFO] trainer: epoch 138 step 50/54 loss=1.4125 lr=1.68e-04
2026-07-16 07:58:24,897 [INFO] trainer: epoch 138 done train_loss=1.4118 dt=11.6s
2026-07-16 07:58:35,818 [INFO] trainer: epoch 139 step 50/54 loss=1.4716 lr=1.68e-04
2026-07-16 07:58:36,617 [INFO] trainer: epoch 139 done train_loss=1.4745 dt=11.7s
2026-07-16 07:58:47,471 [INFO] trainer: epoch 140 step 50/54 loss=1.4023 lr=1.67e-04
2026-07-16 07:58:48,267 [INFO] trainer: epoch 140 done train_loss=1.3989 dt=11.6s
2026-07-16 07:58:59,702 [INFO] trainer: epoch 141 step 50/54 loss=1.4100 lr=1.67e-04
2026-07-16 07:59:00,497 [INFO] trainer: epoch 141 done train_loss=1.4128 dt=11.6s
2026-07-16 07:59:11,453 [INFO] trainer: epoch 142 step 50/54 loss=1.4334 lr=1.66e-04
2026-07-16 07:59:12,249 [INFO] trainer: epoch 142 done train_loss=1.4411 dt=11.8s
2026-07-16 07:59:23,339 [INFO] trainer: epoch 143 step 50/54 loss=1.4424 lr=1.66e-04
2026-07-16 07:59:24,134 [INFO] trainer: epoch 143 done train_loss=1.4379 dt=11.9s
2026-07-16 07:59:35,029 [INFO] trainer: epoch 144 step 50/54 loss=1.3506 lr=1.66e-04
2026-07-16 07:59:35,824 [INFO] trainer: epoch 144 done train_loss=1.3453 dt=11.7s
2026-07-16 07:59:46,677 [INFO] trainer: epoch 145 step 50/54 loss=1.4252 lr=1.65e-04
2026-07-16 07:59:47,480 [INFO] trainer: epoch 145 done train_loss=1.4165 dt=11.7s
2026-07-16 07:59:58,750 [INFO] trainer: epoch 146 step 50/54 loss=1.3925 lr=1.65e-04
2026-07-16 07:59:59,544 [INFO] trainer: epoch 146 done train_loss=1.4038 dt=12.1s
2026-07-16 08:00:10,414 [INFO] trainer: epoch 147 step 50/54 loss=1.4217 lr=1.64e-04
2026-07-16 08:00:11,209 [INFO] trainer: epoch 147 done train_loss=1.4282 dt=11.7s
2026-07-16 08:00:22,336 [INFO] trainer: epoch 148 step 50/54 loss=1.3845 lr=1.64e-04
2026-07-16 08:00:23,131 [INFO] trainer: epoch 148 done train_loss=1.4105 dt=11.9s
2026-07-16 08:00:34,044 [INFO] trainer: epoch 149 step 50/54 loss=1.4354 lr=1.63e-04
2026-07-16 08:00:34,841 [INFO] trainer: epoch 149 done train_loss=1.4397 dt=11.7s
2026-07-16 08:00:45,750 [INFO] trainer: epoch 150 step 50/54 loss=1.4080 lr=1.63e-04
2026-07-16 08:00:46,544 [INFO] trainer: epoch 150 done train_loss=1.4050 dt=11.7s
2026-07-16 08:01:32,926 [INFO] trainer: epoch 150 val_mean_dice=0.6911
2026-07-16 08:01:45,225 [INFO] trainer: epoch 151 step 50/54 loss=1.3886 lr=1.62e-04
2026-07-16 08:01:46,020 [INFO] trainer: epoch 151 done train_loss=1.3819 dt=11.8s
2026-07-16 08:01:56,923 [INFO] trainer: epoch 152 step 50/54 loss=1.3963 lr=1.62e-04
2026-07-16 08:01:57,717 [INFO] trainer: epoch 152 done train_loss=1.4001 dt=11.7s
2026-07-16 08:02:08,621 [INFO] trainer: epoch 153 step 50/54 loss=1.3618 lr=1.61e-04
2026-07-16 08:02:09,416 [INFO] trainer: epoch 153 done train_loss=1.3728 dt=11.7s
2026-07-16 08:02:20,356 [INFO] trainer: epoch 154 step 50/54 loss=1.4108 lr=1.61e-04
2026-07-16 08:02:21,151 [INFO] trainer: epoch 154 done train_loss=1.4101 dt=11.7s
2026-07-16 08:02:32,077 [INFO] trainer: epoch 155 step 50/54 loss=1.3814 lr=1.60e-04
2026-07-16 08:02:32,874 [INFO] trainer: epoch 155 done train_loss=1.3912 dt=11.7s
2026-07-16 08:02:43,589 [INFO] trainer: epoch 156 step 50/54 loss=1.3774 lr=1.60e-04
2026-07-16 08:02:44,384 [INFO] trainer: epoch 156 done train_loss=1.3761 dt=11.5s
2026-07-16 08:02:55,264 [INFO] trainer: epoch 157 step 50/54 loss=1.3815 lr=1.59e-04
2026-07-16 08:02:56,058 [INFO] trainer: epoch 157 done train_loss=1.3831 dt=11.7s
2026-07-16 08:03:06,875 [INFO] trainer: epoch 158 step 50/54 loss=1.4071 lr=1.59e-04
2026-07-16 08:03:28,204 [INFO] trainer: epoch 158 done train_loss=1.3989 dt=32.1s
2026-07-16 08:03:42,381 [INFO] trainer: epoch 159 step 50/54 loss=1.3999 lr=1.58e-04
2026-07-16 08:03:43,174 [INFO] trainer: epoch 159 done train_loss=1.4041 dt=11.7s
2026-07-16 08:03:53,944 [INFO] trainer: epoch 160 step 50/54 loss=1.3954 lr=1.57e-04
2026-07-16 08:03:54,738 [INFO] trainer: epoch 160 done train_loss=1.4023 dt=11.6s
2026-07-16 08:04:06,349 [INFO] trainer: epoch 161 step 50/54 loss=1.4100 lr=1.57e-04
2026-07-16 08:04:07,148 [INFO] trainer: epoch 161 done train_loss=1.4066 dt=11.7s
2026-07-16 08:04:18,031 [INFO] trainer: epoch 162 step 50/54 loss=1.3405 lr=1.56e-04
2026-07-16 08:04:18,828 [INFO] trainer: epoch 162 done train_loss=1.3530 dt=11.7s
2026-07-16 08:04:29,757 [INFO] trainer: epoch 163 step 50/54 loss=1.3673 lr=1.56e-04
2026-07-16 08:04:30,555 [INFO] trainer: epoch 163 done train_loss=1.3757 dt=11.7s
2026-07-16 08:04:41,378 [INFO] trainer: epoch 164 step 50/54 loss=1.3867 lr=1.55e-04
2026-07-16 08:04:42,172 [INFO] trainer: epoch 164 done train_loss=1.3817 dt=11.6s
2026-07-16 08:04:53,068 [INFO] trainer: epoch 165 step 50/54 loss=1.3775 lr=1.55e-04
2026-07-16 08:04:53,869 [INFO] trainer: epoch 165 done train_loss=1.3842 dt=11.7s
2026-07-16 08:05:04,877 [INFO] trainer: epoch 166 step 50/54 loss=1.4011 lr=1.54e-04
2026-07-16 08:05:05,673 [INFO] trainer: epoch 166 done train_loss=1.3994 dt=11.8s
2026-07-16 08:05:16,641 [INFO] trainer: epoch 167 step 50/54 loss=1.3241 lr=1.54e-04
2026-07-16 08:05:17,437 [INFO] trainer: epoch 167 done train_loss=1.3229 dt=11.8s
2026-07-16 08:05:28,277 [INFO] trainer: epoch 168 step 50/54 loss=1.3416 lr=1.53e-04
2026-07-16 08:05:29,072 [INFO] trainer: epoch 168 done train_loss=1.3459 dt=11.6s
2026-07-16 08:05:40,112 [INFO] trainer: epoch 169 step 50/54 loss=1.3584 lr=1.53e-04
2026-07-16 08:05:40,907 [INFO] trainer: epoch 169 done train_loss=1.3556 dt=11.8s
2026-07-16 08:05:51,779 [INFO] trainer: epoch 170 step 50/54 loss=1.3033 lr=1.52e-04
2026-07-16 08:05:52,573 [INFO] trainer: epoch 170 done train_loss=1.3125 dt=11.7s
2026-07-16 08:06:04,140 [INFO] trainer: epoch 171 step 50/54 loss=1.3933 lr=1.52e-04
2026-07-16 08:06:04,933 [INFO] trainer: epoch 171 done train_loss=1.3829 dt=11.7s
2026-07-16 08:06:15,852 [INFO] trainer: epoch 172 step 50/54 loss=1.3764 lr=1.51e-04
2026-07-16 08:06:16,647 [INFO] trainer: epoch 172 done train_loss=1.3612 dt=11.7s
2026-07-16 08:06:27,458 [INFO] trainer: epoch 173 step 50/54 loss=1.3304 lr=1.50e-04
2026-07-16 08:06:28,253 [INFO] trainer: epoch 173 done train_loss=1.3380 dt=11.6s
2026-07-16 08:06:39,157 [INFO] trainer: epoch 174 step 50/54 loss=1.3502 lr=1.50e-04
2026-07-16 08:06:39,954 [INFO] trainer: epoch 174 done train_loss=1.3433 dt=11.7s
2026-07-16 08:06:50,813 [INFO] trainer: epoch 175 step 50/54 loss=1.3710 lr=1.49e-04
2026-07-16 08:06:51,607 [INFO] trainer: epoch 175 done train_loss=1.3677 dt=11.7s
2026-07-16 08:07:38,038 [INFO] trainer: epoch 175 val_mean_dice=0.7057
2026-07-16 08:07:49,711 [INFO] trainer: epoch 176 step 50/54 loss=1.3685 lr=1.49e-04
2026-07-16 08:07:50,506 [INFO] trainer: epoch 176 done train_loss=1.3813 dt=11.8s
2026-07-16 08:08:01,335 [INFO] trainer: epoch 177 step 50/54 loss=1.3847 lr=1.48e-04
2026-07-16 08:08:02,131 [INFO] trainer: epoch 177 done train_loss=1.3759 dt=11.6s
2026-07-16 08:08:13,325 [INFO] trainer: epoch 178 step 50/54 loss=1.3353 lr=1.48e-04
2026-07-16 08:08:14,121 [INFO] trainer: epoch 178 done train_loss=1.3445 dt=12.0s
2026-07-16 08:08:25,130 [INFO] trainer: epoch 179 step 50/54 loss=1.3790 lr=1.47e-04
2026-07-16 08:08:25,922 [INFO] trainer: epoch 179 done train_loss=1.3777 dt=11.8s
2026-07-16 08:08:36,862 [INFO] trainer: epoch 180 step 50/54 loss=1.3407 lr=1.47e-04
2026-07-16 08:08:37,656 [INFO] trainer: epoch 180 done train_loss=1.3435 dt=11.7s
2026-07-16 08:08:49,331 [INFO] trainer: epoch 181 step 50/54 loss=1.3150 lr=1.46e-04
2026-07-16 08:08:50,128 [INFO] trainer: epoch 181 done train_loss=1.3252 dt=11.8s
2026-07-16 08:09:00,954 [INFO] trainer: epoch 182 step 50/54 loss=1.2964 lr=1.45e-04
2026-07-16 08:09:01,751 [INFO] trainer: epoch 182 done train_loss=1.3008 dt=11.6s
2026-07-16 08:09:12,596 [INFO] trainer: epoch 183 step 50/54 loss=1.3882 lr=1.45e-04
2026-07-16 08:09:13,391 [INFO] trainer: epoch 183 done train_loss=1.3907 dt=11.6s
2026-07-16 08:09:24,505 [INFO] trainer: epoch 184 step 50/54 loss=1.3393 lr=1.44e-04
2026-07-16 08:09:25,301 [INFO] trainer: epoch 184 done train_loss=1.3508 dt=11.9s
2026-07-16 08:09:36,110 [INFO] trainer: epoch 185 step 50/54 loss=1.3459 lr=1.44e-04
2026-07-16 08:09:36,902 [INFO] trainer: epoch 185 done train_loss=1.3416 dt=11.6s
2026-07-16 08:09:47,731 [INFO] trainer: epoch 186 step 50/54 loss=1.3480 lr=1.43e-04
2026-07-16 08:09:48,527 [INFO] trainer: epoch 186 done train_loss=1.3456 dt=11.6s
2026-07-16 08:09:59,478 [INFO] trainer: epoch 187 step 50/54 loss=1.3207 lr=1.43e-04
2026-07-16 08:10:00,273 [INFO] trainer: epoch 187 done train_loss=1.3256 dt=11.7s
2026-07-16 08:10:11,064 [INFO] trainer: epoch 188 step 50/54 loss=1.3294 lr=1.42e-04
2026-07-16 08:10:11,858 [INFO] trainer: epoch 188 done train_loss=1.3373 dt=11.6s
2026-07-16 08:10:22,686 [INFO] trainer: epoch 189 step 50/54 loss=1.3402 lr=1.41e-04
2026-07-16 08:10:23,478 [INFO] trainer: epoch 189 done train_loss=1.3426 dt=11.6s
2026-07-16 08:10:34,488 [INFO] trainer: epoch 190 step 50/54 loss=1.3226 lr=1.41e-04
2026-07-16 08:10:35,283 [INFO] trainer: epoch 190 done train_loss=1.3219 dt=11.8s
2026-07-16 08:10:46,794 [INFO] trainer: epoch 191 step 50/54 loss=1.3853 lr=1.40e-04
2026-07-16 08:10:47,590 [INFO] trainer: epoch 191 done train_loss=1.3725 dt=11.6s
2026-07-16 08:10:58,520 [INFO] trainer: epoch 192 step 50/54 loss=1.3398 lr=1.40e-04
2026-07-16 08:10:59,317 [INFO] trainer: epoch 192 done train_loss=1.3330 dt=11.7s
2026-07-16 08:11:10,226 [INFO] trainer: epoch 193 step 50/54 loss=1.3584 lr=1.39e-04
2026-07-16 08:11:11,020 [INFO] trainer: epoch 193 done train_loss=1.3535 dt=11.7s
2026-07-16 08:11:22,093 [INFO] trainer: epoch 194 step 50/54 loss=1.3121 lr=1.38e-04
2026-07-16 08:11:22,889 [INFO] trainer: epoch 194 done train_loss=1.3229 dt=11.9s
2026-07-16 08:11:33,726 [INFO] trainer: epoch 195 step 50/54 loss=1.3986 lr=1.38e-04
2026-07-16 08:11:34,523 [INFO] trainer: epoch 195 done train_loss=1.3781 dt=11.6s
2026-07-16 08:11:45,486 [INFO] trainer: epoch 196 step 50/54 loss=1.3543 lr=1.37e-04
2026-07-16 08:11:46,279 [INFO] trainer: epoch 196 done train_loss=1.3509 dt=11.8s
2026-07-16 08:11:57,142 [INFO] trainer: epoch 197 step 50/54 loss=1.3506 lr=1.37e-04
2026-07-16 08:11:57,939 [INFO] trainer: epoch 197 done train_loss=1.3481 dt=11.7s
2026-07-16 08:12:08,929 [INFO] trainer: epoch 198 step 50/54 loss=1.3065 lr=1.36e-04
2026-07-16 08:12:09,725 [INFO] trainer: epoch 198 done train_loss=1.3124 dt=11.8s
2026-07-16 08:12:20,487 [INFO] trainer: epoch 199 step 50/54 loss=1.2922 lr=1.36e-04
2026-07-16 08:12:21,282 [INFO] trainer: epoch 199 done train_loss=1.2919 dt=11.6s
2026-07-16 08:12:32,326 [INFO] trainer: epoch 200 step 50/54 loss=1.3271 lr=1.35e-04
2026-07-16 08:12:33,121 [INFO] trainer: epoch 200 done train_loss=1.3287 dt=11.8s
2026-07-16 08:13:19,454 [INFO] trainer: epoch 200 val_mean_dice=0.7152
2026-07-16 08:13:31,822 [INFO] trainer: epoch 201 step 50/54 loss=1.3320 lr=1.34e-04
2026-07-16 08:13:32,621 [INFO] trainer: epoch 201 done train_loss=1.3378 dt=11.9s
2026-07-16 08:13:43,482 [INFO] trainer: epoch 202 step 50/54 loss=1.2925 lr=1.34e-04
2026-07-16 08:13:44,278 [INFO] trainer: epoch 202 done train_loss=1.2915 dt=11.7s
2026-07-16 08:13:55,057 [INFO] trainer: epoch 203 step 50/54 loss=1.3073 lr=1.33e-04
2026-07-16 08:13:55,853 [INFO] trainer: epoch 203 done train_loss=1.3136 dt=11.6s
2026-07-16 08:14:06,670 [INFO] trainer: epoch 204 step 50/54 loss=1.3050 lr=1.33e-04
2026-07-16 08:14:07,463 [INFO] trainer: epoch 204 done train_loss=1.3101 dt=11.6s
2026-07-16 08:14:18,491 [INFO] trainer: epoch 205 step 50/54 loss=1.3229 lr=1.32e-04
2026-07-16 08:14:19,286 [INFO] trainer: epoch 205 done train_loss=1.3143 dt=11.8s
2026-07-16 08:14:30,199 [INFO] trainer: epoch 206 step 50/54 loss=1.3099 lr=1.31e-04
2026-07-16 08:14:30,995 [INFO] trainer: epoch 206 done train_loss=1.3016 dt=11.7s
2026-07-16 08:14:41,861 [INFO] trainer: epoch 207 step 50/54 loss=1.3030 lr=1.31e-04
2026-07-16 08:14:42,658 [INFO] trainer: epoch 207 done train_loss=1.3093 dt=11.7s
2026-07-16 08:14:53,482 [INFO] trainer: epoch 208 step 50/54 loss=1.2665 lr=1.30e-04
2026-07-16 08:14:54,276 [INFO] trainer: epoch 208 done train_loss=1.2749 dt=11.6s
2026-07-16 08:15:05,124 [INFO] trainer: epoch 209 step 50/54 loss=1.2791 lr=1.29e-04
2026-07-16 08:15:05,922 [INFO] trainer: epoch 209 done train_loss=1.2988 dt=11.6s
2026-07-16 08:15:16,977 [INFO] trainer: epoch 210 step 50/54 loss=1.3340 lr=1.29e-04
2026-07-16 08:15:17,774 [INFO] trainer: epoch 210 done train_loss=1.3329 dt=11.9s
2026-07-16 08:15:29,516 [INFO] trainer: epoch 211 step 50/54 loss=1.3225 lr=1.28e-04
2026-07-16 08:15:30,312 [INFO] trainer: epoch 211 done train_loss=1.3112 dt=11.9s
2026-07-16 08:15:41,078 [INFO] trainer: epoch 212 step 50/54 loss=1.3334 lr=1.28e-04
2026-07-16 08:15:41,872 [INFO] trainer: epoch 212 done train_loss=1.3396 dt=11.6s
2026-07-16 08:15:52,720 [INFO] trainer: epoch 213 step 50/54 loss=1.3244 lr=1.27e-04
2026-07-16 08:15:53,517 [INFO] trainer: epoch 213 done train_loss=1.3210 dt=11.6s
2026-07-16 08:16:04,305 [INFO] trainer: epoch 214 step 50/54 loss=1.3315 lr=1.26e-04
2026-07-16 08:16:05,101 [INFO] trainer: epoch 214 done train_loss=1.3195 dt=11.6s
2026-07-16 08:16:15,900 [INFO] trainer: epoch 215 step 50/54 loss=1.2602 lr=1.26e-04
2026-07-16 08:16:16,696 [INFO] trainer: epoch 215 done train_loss=1.2620 dt=11.6s
2026-07-16 08:16:27,525 [INFO] trainer: epoch 216 step 50/54 loss=1.2886 lr=1.25e-04
2026-07-16 08:16:28,316 [INFO] trainer: epoch 216 done train_loss=1.2905 dt=11.6s
2026-07-16 08:16:38,947 [INFO] trainer: epoch 217 step 50/54 loss=1.3227 lr=1.25e-04
2026-07-16 08:16:39,739 [INFO] trainer: epoch 217 done train_loss=1.3166 dt=11.4s
2026-07-16 08:16:50,582 [INFO] trainer: epoch 218 step 50/54 loss=1.2748 lr=1.24e-04
2026-07-16 08:16:51,376 [INFO] trainer: epoch 218 done train_loss=1.2723 dt=11.6s
2026-07-16 08:17:02,354 [INFO] trainer: epoch 219 step 50/54 loss=1.3101 lr=1.23e-04
2026-07-16 08:17:03,151 [INFO] trainer: epoch 219 done train_loss=1.3115 dt=11.8s
2026-07-16 08:17:13,991 [INFO] trainer: epoch 220 step 50/54 loss=1.2896 lr=1.23e-04
2026-07-16 08:17:14,783 [INFO] trainer: epoch 220 done train_loss=1.2918 dt=11.6s
2026-07-16 08:17:26,455 [INFO] trainer: epoch 221 step 50/54 loss=1.3381 lr=1.22e-04
2026-07-16 08:17:27,248 [INFO] trainer: epoch 221 done train_loss=1.3374 dt=11.8s
2026-07-16 08:17:38,178 [INFO] trainer: epoch 222 step 50/54 loss=1.3553 lr=1.21e-04
2026-07-16 08:17:38,969 [INFO] trainer: epoch 222 done train_loss=1.3449 dt=11.7s
2026-07-16 08:17:49,891 [INFO] trainer: epoch 223 step 50/54 loss=1.3071 lr=1.21e-04
2026-07-16 08:17:50,686 [INFO] trainer: epoch 223 done train_loss=1.3078 dt=11.7s
2026-07-16 08:18:01,471 [INFO] trainer: epoch 224 step 50/54 loss=1.3041 lr=1.20e-04
2026-07-16 08:18:02,266 [INFO] trainer: epoch 224 done train_loss=1.2949 dt=11.6s
2026-07-16 08:18:13,062 [INFO] trainer: epoch 225 step 50/54 loss=1.2699 lr=1.20e-04
2026-07-16 08:18:13,858 [INFO] trainer: epoch 225 done train_loss=1.2785 dt=11.6s
2026-07-16 08:19:00,220 [INFO] trainer: epoch 225 val_mean_dice=0.7162
2026-07-16 08:19:11,660 [INFO] trainer: epoch 226 step 50/54 loss=1.2908 lr=1.19e-04
2026-07-16 08:19:12,456 [INFO] trainer: epoch 226 done train_loss=1.2907 dt=11.6s
2026-07-16 08:19:23,390 [INFO] trainer: epoch 227 step 50/54 loss=1.2984 lr=1.18e-04
2026-07-16 08:19:24,184 [INFO] trainer: epoch 227 done train_loss=1.3033 dt=11.7s
2026-07-16 08:19:35,055 [INFO] trainer: epoch 228 step 50/54 loss=1.3228 lr=1.18e-04
2026-07-16 08:19:35,854 [INFO] trainer: epoch 228 done train_loss=1.3166 dt=11.7s
2026-07-16 08:19:46,622 [INFO] trainer: epoch 229 step 50/54 loss=1.3014 lr=1.17e-04
2026-07-16 08:19:47,419 [INFO] trainer: epoch 229 done train_loss=1.2949 dt=11.6s
2026-07-16 08:19:58,502 [INFO] trainer: epoch 230 step 50/54 loss=1.3210 lr=1.16e-04
2026-07-16 08:19:59,297 [INFO] trainer: epoch 230 done train_loss=1.3204 dt=11.9s
2026-07-16 08:20:10,947 [INFO] trainer: epoch 231 step 50/54 loss=1.2952 lr=1.16e-04
2026-07-16 08:20:11,742 [INFO] trainer: epoch 231 done train_loss=1.2873 dt=11.7s
2026-07-16 08:20:22,745 [INFO] trainer: epoch 232 step 50/54 loss=1.3072 lr=1.15e-04
2026-07-16 08:20:23,540 [INFO] trainer: epoch 232 done train_loss=1.2938 dt=11.8s
2026-07-16 08:20:34,224 [INFO] trainer: epoch 233 step 50/54 loss=1.3306 lr=1.15e-04
2026-07-16 08:20:35,017 [INFO] trainer: epoch 233 done train_loss=1.3359 dt=11.5s
2026-07-16 08:20:45,971 [INFO] trainer: epoch 234 step 50/54 loss=1.2955 lr=1.14e-04
2026-07-16 08:20:46,765 [INFO] trainer: epoch 234 done train_loss=1.2970 dt=11.7s
2026-07-16 08:20:57,799 [INFO] trainer: epoch 235 step 50/54 loss=1.2932 lr=1.13e-04
2026-07-16 08:20:58,595 [INFO] trainer: epoch 235 done train_loss=1.2973 dt=11.8s
2026-07-16 08:21:09,424 [INFO] trainer: epoch 236 step 50/54 loss=1.2792 lr=1.13e-04
2026-07-16 08:21:10,219 [INFO] trainer: epoch 236 done train_loss=1.2707 dt=11.6s
2026-07-16 08:21:21,149 [INFO] trainer: epoch 237 step 50/54 loss=1.2285 lr=1.12e-04
2026-07-16 08:21:21,943 [INFO] trainer: epoch 237 done train_loss=1.2455 dt=11.7s
2026-07-16 08:21:32,896 [INFO] trainer: epoch 238 step 50/54 loss=1.3199 lr=1.11e-04
2026-07-16 08:21:33,690 [INFO] trainer: epoch 238 done train_loss=1.3219 dt=11.7s
2026-07-16 08:21:44,517 [INFO] trainer: epoch 239 step 50/54 loss=1.2523 lr=1.11e-04
2026-07-16 08:21:45,311 [INFO] trainer: epoch 239 done train_loss=1.2632 dt=11.6s
2026-07-16 08:21:56,117 [INFO] trainer: epoch 240 step 50/54 loss=1.3159 lr=1.10e-04
2026-07-16 08:21:56,912 [INFO] trainer: epoch 240 done train_loss=1.3090 dt=11.6s
2026-07-16 08:22:08,335 [INFO] trainer: epoch 241 step 50/54 loss=1.3130 lr=1.09e-04
2026-07-16 08:22:09,129 [INFO] trainer: epoch 241 done train_loss=1.2967 dt=11.6s
2026-07-16 08:22:19,871 [INFO] trainer: epoch 242 step 50/54 loss=1.2928 lr=1.09e-04
2026-07-16 08:22:20,667 [INFO] trainer: epoch 242 done train_loss=1.2951 dt=11.5s
2026-07-16 08:22:31,488 [INFO] trainer: epoch 243 step 50/54 loss=1.2962 lr=1.08e-04
2026-07-16 08:22:32,284 [INFO] trainer: epoch 243 done train_loss=1.3065 dt=11.6s
2026-07-16 08:22:43,150 [INFO] trainer: epoch 244 step 50/54 loss=1.3089 lr=1.08e-04
2026-07-16 08:22:43,945 [INFO] trainer: epoch 244 done train_loss=1.3095 dt=11.7s
2026-07-16 08:22:54,723 [INFO] trainer: epoch 245 step 50/54 loss=1.3167 lr=1.07e-04
2026-07-16 08:22:55,519 [INFO] trainer: epoch 245 done train_loss=1.2940 dt=11.6s
2026-07-16 08:23:06,460 [INFO] trainer: epoch 246 step 50/54 loss=1.3104 lr=1.06e-04
2026-07-16 08:23:07,254 [INFO] trainer: epoch 246 done train_loss=1.3009 dt=11.7s
2026-07-16 08:23:18,005 [INFO] trainer: epoch 247 step 50/54 loss=1.2917 lr=1.06e-04
2026-07-16 08:23:18,802 [INFO] trainer: epoch 247 done train_loss=1.3128 dt=11.5s
2026-07-16 08:23:29,653 [INFO] trainer: epoch 248 step 50/54 loss=1.2690 lr=1.05e-04
2026-07-16 08:23:30,453 [INFO] trainer: epoch 248 done train_loss=1.2799 dt=11.7s
2026-07-16 08:23:41,181 [INFO] trainer: epoch 249 step 50/54 loss=1.2887 lr=1.04e-04
2026-07-16 08:23:41,974 [INFO] trainer: epoch 249 done train_loss=1.2872 dt=11.5s
2026-07-16 08:23:52,776 [INFO] trainer: epoch 250 step 50/54 loss=1.2975 lr=1.04e-04
2026-07-16 08:23:53,571 [INFO] trainer: epoch 250 done train_loss=1.2769 dt=11.6s
2026-07-16 08:24:40,145 [INFO] trainer: epoch 250 val_mean_dice=0.7245
2026-07-16 08:24:52,179 [INFO] trainer: epoch 251 step 50/54 loss=1.2598 lr=1.03e-04
2026-07-16 08:24:52,979 [INFO] trainer: epoch 251 done train_loss=1.2665 dt=11.6s
2026-07-16 08:25:03,863 [INFO] trainer: epoch 252 step 50/54 loss=1.2640 lr=1.02e-04
2026-07-16 08:25:04,661 [INFO] trainer: epoch 252 done train_loss=1.2607 dt=11.7s
2026-07-16 08:25:15,502 [INFO] trainer: epoch 253 step 50/54 loss=1.2390 lr=1.02e-04
2026-07-16 08:25:16,297 [INFO] trainer: epoch 253 done train_loss=1.2346 dt=11.6s
2026-07-16 08:25:27,403 [INFO] trainer: epoch 254 step 50/54 loss=1.3164 lr=1.01e-04
2026-07-16 08:25:28,199 [INFO] trainer: epoch 254 done train_loss=1.3127 dt=11.9s
2026-07-16 08:25:39,038 [INFO] trainer: epoch 255 step 50/54 loss=1.2318 lr=1.01e-04
2026-07-16 08:25:39,837 [INFO] trainer: epoch 255 done train_loss=1.2299 dt=11.6s
2026-07-16 08:25:50,707 [INFO] trainer: epoch 256 step 50/54 loss=1.2927 lr=9.99e-05
2026-07-16 08:25:51,504 [INFO] trainer: epoch 256 done train_loss=1.2925 dt=11.7s
2026-07-16 08:26:02,242 [INFO] trainer: epoch 257 step 50/54 loss=1.2433 lr=9.93e-05
2026-07-16 08:26:03,042 [INFO] trainer: epoch 257 done train_loss=1.2533 dt=11.5s
2026-07-16 08:26:13,903 [INFO] trainer: epoch 258 step 50/54 loss=1.3156 lr=9.86e-05
2026-07-16 08:26:14,700 [INFO] trainer: epoch 258 done train_loss=1.3162 dt=11.7s
2026-07-16 08:26:25,673 [INFO] trainer: epoch 259 step 50/54 loss=1.2001 lr=9.80e-05
2026-07-16 08:26:26,469 [INFO] trainer: epoch 259 done train_loss=1.2068 dt=11.8s
2026-07-16 08:26:37,304 [INFO] trainer: epoch 260 step 50/54 loss=1.2684 lr=9.74e-05
2026-07-16 08:26:38,099 [INFO] trainer: epoch 260 done train_loss=1.2608 dt=11.6s
2026-07-16 08:26:49,433 [INFO] trainer: epoch 261 step 50/54 loss=1.2815 lr=9.67e-05
2026-07-16 08:26:50,230 [INFO] trainer: epoch 261 done train_loss=1.2789 dt=11.5s
2026-07-16 08:27:01,102 [INFO] trainer: epoch 262 step 50/54 loss=1.2833 lr=9.61e-05
2026-07-16 08:27:01,896 [INFO] trainer: epoch 262 done train_loss=1.2818 dt=11.7s
2026-07-16 08:27:12,800 [INFO] trainer: epoch 263 step 50/54 loss=1.2375 lr=9.54e-05
2026-07-16 08:27:13,597 [INFO] trainer: epoch 263 done train_loss=1.2410 dt=11.7s
2026-07-16 08:27:24,596 [INFO] trainer: epoch 264 step 50/54 loss=1.2659 lr=9.48e-05
2026-07-16 08:27:25,391 [INFO] trainer: epoch 264 done train_loss=1.2743 dt=11.8s
2026-07-16 08:27:36,312 [INFO] trainer: epoch 265 step 50/54 loss=1.2735 lr=9.42e-05
2026-07-16 08:27:37,106 [INFO] trainer: epoch 265 done train_loss=1.2697 dt=11.7s
2026-07-16 08:27:48,098 [INFO] trainer: epoch 266 step 50/54 loss=1.2702 lr=9.35e-05
2026-07-16 08:27:48,894 [INFO] trainer: epoch 266 done train_loss=1.2661 dt=11.8s
2026-07-16 08:27:59,763 [INFO] trainer: epoch 267 step 50/54 loss=1.2499 lr=9.29e-05
2026-07-16 08:28:00,561 [INFO] trainer: epoch 267 done train_loss=1.2593 dt=11.7s
2026-07-16 08:28:11,707 [INFO] trainer: epoch 268 step 50/54 loss=1.2958 lr=9.23e-05
2026-07-16 08:28:12,505 [INFO] trainer: epoch 268 done train_loss=1.2908 dt=11.9s
2026-07-16 08:28:23,707 [INFO] trainer: epoch 269 step 50/54 loss=1.2763 lr=9.16e-05
2026-07-16 08:28:24,505 [INFO] trainer: epoch 269 done train_loss=1.2636 dt=12.0s
2026-07-16 08:28:35,482 [INFO] trainer: epoch 270 step 50/54 loss=1.2774 lr=9.10e-05
2026-07-16 08:28:36,279 [INFO] trainer: epoch 270 done train_loss=1.2875 dt=11.8s
2026-07-16 08:28:48,203 [INFO] trainer: epoch 271 step 50/54 loss=1.3047 lr=9.04e-05
2026-07-16 08:28:48,997 [INFO] trainer: epoch 271 done train_loss=1.3032 dt=12.0s
2026-07-16 08:29:00,010 [INFO] trainer: epoch 272 step 50/54 loss=1.2233 lr=8.97e-05
2026-07-16 08:29:00,805 [INFO] trainer: epoch 272 done train_loss=1.2256 dt=11.8s
2026-07-16 08:29:11,755 [INFO] trainer: epoch 273 step 50/54 loss=1.2837 lr=8.91e-05
2026-07-16 08:29:12,549 [INFO] trainer: epoch 273 done train_loss=1.2716 dt=11.7s
2026-07-16 08:29:23,634 [INFO] trainer: epoch 274 step 50/54 loss=1.2592 lr=8.85e-05
2026-07-16 08:29:24,431 [INFO] trainer: epoch 274 done train_loss=1.2562 dt=11.9s
2026-07-16 08:29:35,333 [INFO] trainer: epoch 275 step 50/54 loss=1.2073 lr=8.78e-05
2026-07-16 08:29:36,128 [INFO] trainer: epoch 275 done train_loss=1.2116 dt=11.7s
2026-07-16 08:30:22,531 [INFO] trainer: epoch 275 val_mean_dice=0.7328
2026-07-16 08:30:34,114 [INFO] trainer: epoch 276 step 50/54 loss=1.2358 lr=8.72e-05
2026-07-16 08:30:34,909 [INFO] trainer: epoch 276 done train_loss=1.2419 dt=11.7s
2026-07-16 08:30:45,749 [INFO] trainer: epoch 277 step 50/54 loss=1.2351 lr=8.66e-05
2026-07-16 08:30:46,547 [INFO] trainer: epoch 277 done train_loss=1.2396 dt=11.6s
2026-07-16 08:30:57,687 [INFO] trainer: epoch 278 step 50/54 loss=1.2750 lr=8.59e-05
2026-07-16 08:30:58,486 [INFO] trainer: epoch 278 done train_loss=1.2766 dt=11.9s
2026-07-16 08:31:09,332 [INFO] trainer: epoch 279 step 50/54 loss=1.2427 lr=8.53e-05
2026-07-16 08:31:10,129 [INFO] trainer: epoch 279 done train_loss=1.2410 dt=11.6s
2026-07-16 08:31:21,027 [INFO] trainer: epoch 280 step 50/54 loss=1.2753 lr=8.47e-05
2026-07-16 08:31:21,820 [INFO] trainer: epoch 280 done train_loss=1.2625 dt=11.7s
2026-07-16 08:31:33,400 [INFO] trainer: epoch 281 step 50/54 loss=1.2509 lr=8.40e-05
2026-07-16 08:31:34,196 [INFO] trainer: epoch 281 done train_loss=1.2761 dt=11.7s
2026-07-16 08:31:45,194 [INFO] trainer: epoch 282 step 50/54 loss=1.2649 lr=8.34e-05
2026-07-16 08:31:45,989 [INFO] trainer: epoch 282 done train_loss=1.2830 dt=11.8s
2026-07-16 08:31:56,762 [INFO] trainer: epoch 283 step 50/54 loss=1.2936 lr=8.28e-05
2026-07-16 08:31:57,556 [INFO] trainer: epoch 283 done train_loss=1.3002 dt=11.6s
2026-07-16 08:32:08,473 [INFO] trainer: epoch 284 step 50/54 loss=1.3011 lr=8.22e-05
2026-07-16 08:32:09,267 [INFO] trainer: epoch 284 done train_loss=1.2994 dt=11.7s
2026-07-16 08:32:20,044 [INFO] trainer: epoch 285 step 50/54 loss=1.3135 lr=8.15e-05
2026-07-16 08:32:20,839 [INFO] trainer: epoch 285 done train_loss=1.3113 dt=11.6s
2026-07-16 08:32:31,615 [INFO] trainer: epoch 286 step 50/54 loss=1.2621 lr=8.09e-05
2026-07-16 08:32:32,408 [INFO] trainer: epoch 286 done train_loss=1.2678 dt=11.6s
2026-07-16 08:32:43,363 [INFO] trainer: epoch 287 step 50/54 loss=1.2770 lr=8.03e-05
2026-07-16 08:32:44,158 [INFO] trainer: epoch 287 done train_loss=1.2837 dt=11.7s
2026-07-16 08:32:54,942 [INFO] trainer: epoch 288 step 50/54 loss=1.2466 lr=7.97e-05
2026-07-16 08:32:55,734 [INFO] trainer: epoch 288 done train_loss=1.2557 dt=11.6s
2026-07-16 08:33:06,385 [INFO] trainer: epoch 289 step 50/54 loss=1.2293 lr=7.90e-05
2026-07-16 08:33:07,178 [INFO] trainer: epoch 289 done train_loss=1.2164 dt=11.4s
2026-07-16 08:33:17,956 [INFO] trainer: epoch 290 step 50/54 loss=1.2845 lr=7.84e-05
2026-07-16 08:33:18,751 [INFO] trainer: epoch 290 done train_loss=1.3018 dt=11.6s
2026-07-16 08:33:30,446 [INFO] trainer: epoch 291 step 50/54 loss=1.2146 lr=7.78e-05
2026-07-16 08:33:31,240 [INFO] trainer: epoch 291 done train_loss=1.2366 dt=11.5s
2026-07-16 08:33:42,023 [INFO] trainer: epoch 292 step 50/54 loss=1.2762 lr=7.72e-05
2026-07-16 08:33:42,817 [INFO] trainer: epoch 292 done train_loss=1.2958 dt=11.6s
2026-07-16 08:33:53,629 [INFO] trainer: epoch 293 step 50/54 loss=1.2391 lr=7.65e-05
2026-07-16 08:33:54,422 [INFO] trainer: epoch 293 done train_loss=1.2487 dt=11.6s
2026-07-16 08:34:05,205 [INFO] trainer: epoch 294 step 50/54 loss=1.2344 lr=7.59e-05
2026-07-16 08:34:05,999 [INFO] trainer: epoch 294 done train_loss=1.2344 dt=11.6s
2026-07-16 08:34:16,823 [INFO] trainer: epoch 295 step 50/54 loss=1.2708 lr=7.53e-05
2026-07-16 08:34:17,619 [INFO] trainer: epoch 295 done train_loss=1.2950 dt=11.6s
2026-07-16 08:34:28,597 [INFO] trainer: epoch 296 step 50/54 loss=1.2277 lr=7.47e-05
2026-07-16 08:34:29,390 [INFO] trainer: epoch 296 done train_loss=1.2216 dt=11.8s
2026-07-16 08:34:40,303 [INFO] trainer: epoch 297 step 50/54 loss=1.2300 lr=7.41e-05
2026-07-16 08:34:41,098 [INFO] trainer: epoch 297 done train_loss=1.2321 dt=11.7s
2026-07-16 08:34:51,796 [INFO] trainer: epoch 298 step 50/54 loss=1.2501 lr=7.35e-05
2026-07-16 08:34:52,592 [INFO] trainer: epoch 298 done train_loss=1.2541 dt=11.5s
2026-07-16 08:35:03,317 [INFO] trainer: epoch 299 step 50/54 loss=1.2512 lr=7.28e-05
2026-07-16 08:35:04,109 [INFO] trainer: epoch 299 done train_loss=1.2484 dt=11.5s
2026-07-16 08:35:14,876 [INFO] trainer: epoch 300 step 50/54 loss=1.2498 lr=7.22e-05
2026-07-16 08:35:15,668 [INFO] trainer: epoch 300 done train_loss=1.2296 dt=11.6s
2026-07-16 08:36:05,566 [INFO] trainer: epoch 300 val_mean_dice=0.7331
2026-07-16 08:36:17,725 [INFO] trainer: epoch 301 step 50/54 loss=1.2775 lr=7.16e-05
2026-07-16 08:36:18,518 [INFO] trainer: epoch 301 done train_loss=1.2823 dt=11.7s
2026-07-16 08:36:29,320 [INFO] trainer: epoch 302 step 50/54 loss=1.2582 lr=7.10e-05
2026-07-16 08:36:30,113 [INFO] trainer: epoch 302 done train_loss=1.2631 dt=11.6s
2026-07-16 08:36:40,910 [INFO] trainer: epoch 303 step 50/54 loss=1.2882 lr=7.04e-05
2026-07-16 08:36:43,758 [INFO] trainer: epoch 303 done train_loss=1.2953 dt=13.6s
2026-07-16 08:37:00,972 [INFO] trainer: epoch 304 step 50/54 loss=1.2288 lr=6.98e-05
2026-07-16 08:37:01,777 [INFO] trainer: epoch 304 done train_loss=1.2194 dt=18.0s
2026-07-16 08:37:12,679 [INFO] trainer: epoch 305 step 50/54 loss=1.2098 lr=6.92e-05
2026-07-16 08:37:13,469 [INFO] trainer: epoch 305 done train_loss=1.1999 dt=11.7s
2026-07-16 08:37:24,387 [INFO] trainer: epoch 306 step 50/54 loss=1.2346 lr=6.86e-05
2026-07-16 08:37:25,181 [INFO] trainer: epoch 306 done train_loss=1.2445 dt=11.7s
2026-07-16 08:37:35,905 [INFO] trainer: epoch 307 step 50/54 loss=1.2587 lr=6.80e-05
2026-07-16 08:37:36,699 [INFO] trainer: epoch 307 done train_loss=1.2661 dt=11.5s
2026-07-16 08:37:47,652 [INFO] trainer: epoch 308 step 50/54 loss=1.2803 lr=6.74e-05
2026-07-16 08:37:48,448 [INFO] trainer: epoch 308 done train_loss=1.2759 dt=11.7s
2026-07-16 08:37:59,448 [INFO] trainer: epoch 309 step 50/54 loss=1.1958 lr=6.68e-05
2026-07-16 08:38:00,240 [INFO] trainer: epoch 309 done train_loss=1.2073 dt=11.8s
2026-07-16 08:38:11,204 [INFO] trainer: epoch 310 step 50/54 loss=1.2431 lr=6.62e-05
2026-07-16 08:38:11,999 [INFO] trainer: epoch 310 done train_loss=1.2366 dt=11.8s
2026-07-16 08:38:23,749 [INFO] trainer: epoch 311 step 50/54 loss=1.2406 lr=6.56e-05
2026-07-16 08:38:24,544 [INFO] trainer: epoch 311 done train_loss=1.2274 dt=11.9s
2026-07-16 08:38:35,414 [INFO] trainer: epoch 312 step 50/54 loss=1.2340 lr=6.50e-05
2026-07-16 08:38:36,211 [INFO] trainer: epoch 312 done train_loss=1.2440 dt=11.7s
2026-07-16 08:38:47,170 [INFO] trainer: epoch 313 step 50/54 loss=1.2232 lr=6.44e-05
2026-07-16 08:38:47,965 [INFO] trainer: epoch 313 done train_loss=1.2201 dt=11.8s
2026-07-16 08:38:58,727 [INFO] trainer: epoch 314 step 50/54 loss=1.2302 lr=6.38e-05
2026-07-16 08:38:59,520 [INFO] trainer: epoch 314 done train_loss=1.2193 dt=11.6s
2026-07-16 08:39:10,683 [INFO] trainer: epoch 315 step 50/54 loss=1.2438 lr=6.32e-05
2026-07-16 08:39:11,480 [INFO] trainer: epoch 315 done train_loss=1.2447 dt=12.0s
2026-07-16 08:39:22,582 [INFO] trainer: epoch 316 step 50/54 loss=1.2806 lr=6.26e-05
2026-07-16 08:39:23,377 [INFO] trainer: epoch 316 done train_loss=1.2972 dt=11.9s
2026-07-16 08:39:34,253 [INFO] trainer: epoch 317 step 50/54 loss=1.2315 lr=6.20e-05
2026-07-16 08:39:35,046 [INFO] trainer: epoch 317 done train_loss=1.2357 dt=11.7s
2026-07-16 08:39:45,839 [INFO] trainer: epoch 318 step 50/54 loss=1.2101 lr=6.14e-05
2026-07-16 08:39:46,637 [INFO] trainer: epoch 318 done train_loss=1.1999 dt=11.6s
2026-07-16 08:39:57,627 [INFO] trainer: epoch 319 step 50/54 loss=1.2408 lr=6.09e-05
2026-07-16 08:39:58,422 [INFO] trainer: epoch 319 done train_loss=1.2419 dt=11.8s
2026-07-16 08:40:09,257 [INFO] trainer: epoch 320 step 50/54 loss=1.2084 lr=6.03e-05
2026-07-16 08:40:10,052 [INFO] trainer: epoch 320 done train_loss=1.1998 dt=11.6s
2026-07-16 08:40:24,090 [INFO] trainer: epoch 321 step 50/54 loss=1.2587 lr=5.97e-05
2026-07-16 08:40:24,894 [INFO] trainer: epoch 321 done train_loss=1.2607 dt=11.6s
2026-07-16 08:40:35,850 [INFO] trainer: epoch 322 step 50/54 loss=1.2374 lr=5.91e-05
2026-07-16 08:40:36,653 [INFO] trainer: epoch 322 done train_loss=1.2349 dt=11.8s
2026-07-16 08:40:47,420 [INFO] trainer: epoch 323 step 50/54 loss=1.2879 lr=5.85e-05
2026-07-16 08:40:48,214 [INFO] trainer: epoch 323 done train_loss=1.2866 dt=11.6s
2026-07-16 08:40:58,996 [INFO] trainer: epoch 324 step 50/54 loss=1.2256 lr=5.79e-05
2026-07-16 08:40:59,789 [INFO] trainer: epoch 324 done train_loss=1.2318 dt=11.6s
2026-07-16 08:41:10,626 [INFO] trainer: epoch 325 step 50/54 loss=1.2553 lr=5.74e-05
2026-07-16 08:41:11,420 [INFO] trainer: epoch 325 done train_loss=1.2527 dt=11.6s
2026-07-16 08:41:58,548 [INFO] trainer: epoch 325 val_mean_dice=0.7311
2026-07-16 08:42:09,336 [INFO] trainer: epoch 326 step 50/54 loss=1.2382 lr=5.68e-05
2026-07-16 08:42:10,129 [INFO] trainer: epoch 326 done train_loss=1.2421 dt=11.6s
2026-07-16 08:42:20,951 [INFO] trainer: epoch 327 step 50/54 loss=1.2934 lr=5.62e-05
2026-07-16 08:42:21,744 [INFO] trainer: epoch 327 done train_loss=1.2956 dt=11.6s
2026-07-16 08:42:32,619 [INFO] trainer: epoch 328 step 50/54 loss=1.2297 lr=5.57e-05
2026-07-16 08:42:33,410 [INFO] trainer: epoch 328 done train_loss=1.2234 dt=11.7s
2026-07-16 08:42:44,286 [INFO] trainer: epoch 329 step 50/54 loss=1.2275 lr=5.51e-05
2026-07-16 08:42:45,077 [INFO] trainer: epoch 329 done train_loss=1.2232 dt=11.7s
2026-07-16 08:42:55,948 [INFO] trainer: epoch 330 step 50/54 loss=1.2426 lr=5.45e-05
2026-07-16 08:42:56,741 [INFO] trainer: epoch 330 done train_loss=1.2561 dt=11.7s
2026-07-16 08:43:08,444 [INFO] trainer: epoch 331 step 50/54 loss=1.2675 lr=5.40e-05
2026-07-16 08:43:09,234 [INFO] trainer: epoch 331 done train_loss=1.2761 dt=11.8s
2026-07-16 08:43:19,956 [INFO] trainer: epoch 332 step 50/54 loss=1.1932 lr=5.34e-05
2026-07-16 08:43:20,747 [INFO] trainer: epoch 332 done train_loss=1.1961 dt=11.5s
2026-07-16 08:43:31,581 [INFO] trainer: epoch 333 step 50/54 loss=1.2315 lr=5.28e-05
2026-07-16 08:43:32,372 [INFO] trainer: epoch 333 done train_loss=1.2331 dt=11.6s
2026-07-16 08:43:43,196 [INFO] trainer: epoch 334 step 50/54 loss=1.2118 lr=5.23e-05
2026-07-16 08:43:43,990 [INFO] trainer: epoch 334 done train_loss=1.2171 dt=11.6s
2026-07-16 08:43:54,768 [INFO] trainer: epoch 335 step 50/54 loss=1.2213 lr=5.17e-05
2026-07-16 08:43:55,560 [INFO] trainer: epoch 335 done train_loss=1.2320 dt=11.6s
2026-07-16 08:44:06,361 [INFO] trainer: epoch 336 step 50/54 loss=1.1907 lr=5.12e-05
2026-07-16 08:44:07,151 [INFO] trainer: epoch 336 done train_loss=1.2032 dt=11.6s
2026-07-16 08:44:17,932 [INFO] trainer: epoch 337 step 50/54 loss=1.2209 lr=5.06e-05
2026-07-16 08:44:18,724 [INFO] trainer: epoch 337 done train_loss=1.2468 dt=11.6s
2026-07-16 08:44:29,606 [INFO] trainer: epoch 338 step 50/54 loss=1.2543 lr=5.01e-05
2026-07-16 08:44:30,401 [INFO] trainer: epoch 338 done train_loss=1.2429 dt=11.7s
2026-07-16 08:44:41,175 [INFO] trainer: epoch 339 step 50/54 loss=1.2691 lr=4.95e-05
2026-07-16 08:44:41,966 [INFO] trainer: epoch 339 done train_loss=1.2656 dt=11.6s
2026-07-16 08:44:52,796 [INFO] trainer: epoch 340 step 50/54 loss=1.2412 lr=4.90e-05
2026-07-16 08:44:53,589 [INFO] trainer: epoch 340 done train_loss=1.2445 dt=11.6s
2026-07-16 08:45:04,966 [INFO] trainer: epoch 341 step 50/54 loss=1.2463 lr=4.84e-05
2026-07-16 08:45:05,757 [INFO] trainer: epoch 341 done train_loss=1.2442 dt=11.5s
2026-07-16 08:45:16,674 [INFO] trainer: epoch 342 step 50/54 loss=1.2568 lr=4.79e-05
2026-07-16 08:45:17,465 [INFO] trainer: epoch 342 done train_loss=1.2607 dt=11.7s
2026-07-16 08:45:28,487 [INFO] trainer: epoch 343 step 50/54 loss=1.2233 lr=4.73e-05
2026-07-16 08:45:29,279 [INFO] trainer: epoch 343 done train_loss=1.2180 dt=11.8s
2026-07-16 08:45:40,089 [INFO] trainer: epoch 344 step 50/54 loss=1.2432 lr=4.68e-05
2026-07-16 08:45:40,885 [INFO] trainer: epoch 344 done train_loss=1.2413 dt=11.6s
2026-07-16 08:45:51,755 [INFO] trainer: epoch 345 step 50/54 loss=1.2370 lr=4.63e-05
2026-07-16 08:45:52,547 [INFO] trainer: epoch 345 done train_loss=1.2294 dt=11.7s
2026-07-16 08:46:03,439 [INFO] trainer: epoch 346 step 50/54 loss=1.1961 lr=4.57e-05
2026-07-16 08:46:04,232 [INFO] trainer: epoch 346 done train_loss=1.1975 dt=11.7s
2026-07-16 08:46:15,391 [INFO] trainer: epoch 347 step 50/54 loss=1.2183 lr=4.52e-05
2026-07-16 08:46:16,184 [INFO] trainer: epoch 347 done train_loss=1.2335 dt=12.0s
2026-07-16 08:46:26,910 [INFO] trainer: epoch 348 step 50/54 loss=1.2296 lr=4.47e-05
2026-07-16 08:46:27,705 [INFO] trainer: epoch 348 done train_loss=1.2371 dt=11.5s
2026-07-16 08:46:38,483 [INFO] trainer: epoch 349 step 50/54 loss=1.2215 lr=4.41e-05
2026-07-16 08:46:39,277 [INFO] trainer: epoch 349 done train_loss=1.2262 dt=11.6s
2026-07-16 08:46:50,070 [INFO] trainer: epoch 350 step 50/54 loss=1.2086 lr=4.36e-05
2026-07-16 08:46:50,865 [INFO] trainer: epoch 350 done train_loss=1.2118 dt=11.6s
2026-07-16 08:47:37,189 [INFO] trainer: epoch 350 val_mean_dice=0.7394
2026-07-16 08:47:49,455 [INFO] trainer: epoch 351 step 50/54 loss=1.2015 lr=4.31e-05
2026-07-16 08:47:50,252 [INFO] trainer: epoch 351 done train_loss=1.2051 dt=11.8s
2026-07-16 08:48:01,196 [INFO] trainer: epoch 352 step 50/54 loss=1.2235 lr=4.26e-05
2026-07-16 08:48:01,992 [INFO] trainer: epoch 352 done train_loss=1.2379 dt=11.7s
2026-07-16 08:48:12,724 [INFO] trainer: epoch 353 step 50/54 loss=1.2063 lr=4.21e-05
2026-07-16 08:48:13,516 [INFO] trainer: epoch 353 done train_loss=1.2033 dt=11.5s
2026-07-16 08:48:24,523 [INFO] trainer: epoch 354 step 50/54 loss=1.2256 lr=4.15e-05
2026-07-16 08:48:25,318 [INFO] trainer: epoch 354 done train_loss=1.2242 dt=11.8s
2026-07-16 08:48:36,358 [INFO] trainer: epoch 355 step 50/54 loss=1.2293 lr=4.10e-05
2026-07-16 08:48:37,154 [INFO] trainer: epoch 355 done train_loss=1.2277 dt=11.8s
2026-07-16 08:48:48,066 [INFO] trainer: epoch 356 step 50/54 loss=1.2199 lr=4.05e-05
2026-07-16 08:48:48,862 [INFO] trainer: epoch 356 done train_loss=1.2251 dt=11.7s
2026-07-16 08:48:59,686 [INFO] trainer: epoch 357 step 50/54 loss=1.2493 lr=4.00e-05
2026-07-16 08:49:00,481 [INFO] trainer: epoch 357 done train_loss=1.2497 dt=11.6s
2026-07-16 08:49:11,527 [INFO] trainer: epoch 358 step 50/54 loss=1.2043 lr=3.95e-05
2026-07-16 08:49:12,324 [INFO] trainer: epoch 358 done train_loss=1.1945 dt=11.8s
2026-07-16 08:49:23,304 [INFO] trainer: epoch 359 step 50/54 loss=1.2360 lr=3.90e-05
2026-07-16 08:49:24,101 [INFO] trainer: epoch 359 done train_loss=1.2411 dt=11.8s
2026-07-16 08:49:34,838 [INFO] trainer: epoch 360 step 50/54 loss=1.2164 lr=3.85e-05
2026-07-16 08:49:35,632 [INFO] trainer: epoch 360 done train_loss=1.2309 dt=11.5s
2026-07-16 08:49:47,155 [INFO] trainer: epoch 361 step 50/54 loss=1.2444 lr=3.80e-05
2026-07-16 08:49:47,946 [INFO] trainer: epoch 361 done train_loss=1.2359 dt=11.7s
2026-07-16 08:49:58,696 [INFO] trainer: epoch 362 step 50/54 loss=1.1977 lr=3.75e-05
2026-07-16 08:49:59,483 [INFO] trainer: epoch 362 done train_loss=1.2078 dt=11.5s
2026-07-16 08:50:10,336 [INFO] trainer: epoch 363 step 50/54 loss=1.2031 lr=3.70e-05
2026-07-16 08:50:11,130 [INFO] trainer: epoch 363 done train_loss=1.2027 dt=11.6s
2026-07-16 08:50:21,986 [INFO] trainer: epoch 364 step 50/54 loss=1.1887 lr=3.65e-05
2026-07-16 08:50:22,782 [INFO] trainer: epoch 364 done train_loss=1.1784 dt=11.7s
2026-07-16 08:50:33,598 [INFO] trainer: epoch 365 step 50/54 loss=1.2072 lr=3.60e-05
2026-07-16 08:50:34,393 [INFO] trainer: epoch 365 done train_loss=1.2059 dt=11.6s
2026-07-16 08:50:45,159 [INFO] trainer: epoch 366 step 50/54 loss=1.2023 lr=3.56e-05
2026-07-16 08:50:45,952 [INFO] trainer: epoch 366 done train_loss=1.1907 dt=11.6s
2026-07-16 08:50:56,815 [INFO] trainer: epoch 367 step 50/54 loss=1.2533 lr=3.51e-05
2026-07-16 08:50:57,605 [INFO] trainer: epoch 367 done train_loss=1.2497 dt=11.7s
2026-07-16 08:51:08,785 [INFO] trainer: epoch 368 step 50/54 loss=1.1683 lr=3.46e-05
2026-07-16 08:51:09,578 [INFO] trainer: epoch 368 done train_loss=1.1715 dt=12.0s
2026-07-16 08:51:20,354 [INFO] trainer: epoch 369 step 50/54 loss=1.2073 lr=3.41e-05
2026-07-16 08:51:21,148 [INFO] trainer: epoch 369 done train_loss=1.2018 dt=11.6s
2026-07-16 08:51:31,912 [INFO] trainer: epoch 370 step 50/54 loss=1.2125 lr=3.36e-05
2026-07-16 08:51:32,703 [INFO] trainer: epoch 370 done train_loss=1.2159 dt=11.6s
2026-07-16 08:51:48,594 [INFO] trainer: epoch 371 step 50/54 loss=1.2325 lr=3.32e-05
2026-07-16 08:51:49,385 [INFO] trainer: epoch 371 done train_loss=1.2372 dt=11.7s
2026-07-16 08:52:00,114 [INFO] trainer: epoch 372 step 50/54 loss=1.2185 lr=3.27e-05
2026-07-16 08:52:00,905 [INFO] trainer: epoch 372 done train_loss=1.2140 dt=11.5s
2026-07-16 08:52:11,596 [INFO] trainer: epoch 373 step 50/54 loss=1.1587 lr=3.22e-05
2026-07-16 08:52:12,388 [INFO] trainer: epoch 373 done train_loss=1.1585 dt=11.5s
2026-07-16 08:52:23,274 [INFO] trainer: epoch 374 step 50/54 loss=1.2344 lr=3.18e-05
2026-07-16 08:52:24,068 [INFO] trainer: epoch 374 done train_loss=1.2349 dt=11.7s
2026-07-16 08:52:35,131 [INFO] trainer: epoch 375 step 50/54 loss=1.2540 lr=3.13e-05
2026-07-16 08:52:35,923 [INFO] trainer: epoch 375 done train_loss=1.2479 dt=11.9s
2026-07-16 08:53:22,226 [INFO] trainer: epoch 375 val_mean_dice=0.7368
2026-07-16 08:53:32,990 [INFO] trainer: epoch 376 step 50/54 loss=1.2297 lr=3.09e-05
2026-07-16 08:53:33,782 [INFO] trainer: epoch 376 done train_loss=1.2182 dt=11.6s
2026-07-16 08:53:44,618 [INFO] trainer: epoch 377 step 50/54 loss=1.2169 lr=3.04e-05
2026-07-16 08:53:45,412 [INFO] trainer: epoch 377 done train_loss=1.2207 dt=11.6s
2026-07-16 08:53:56,157 [INFO] trainer: epoch 378 step 50/54 loss=1.1534 lr=3.00e-05
2026-07-16 08:53:56,948 [INFO] trainer: epoch 378 done train_loss=1.1616 dt=11.5s
2026-07-16 08:54:07,865 [INFO] trainer: epoch 379 step 50/54 loss=1.2120 lr=2.95e-05
2026-07-16 08:54:08,658 [INFO] trainer: epoch 379 done train_loss=1.2146 dt=11.7s
2026-07-16 08:54:19,531 [INFO] trainer: epoch 380 step 50/54 loss=1.2286 lr=2.91e-05
2026-07-16 08:54:20,325 [INFO] trainer: epoch 380 done train_loss=1.2338 dt=11.7s
2026-07-16 08:54:31,855 [INFO] trainer: epoch 381 step 50/54 loss=1.2401 lr=2.86e-05
2026-07-16 08:54:32,649 [INFO] trainer: epoch 381 done train_loss=1.2453 dt=11.7s
2026-07-16 08:54:43,583 [INFO] trainer: epoch 382 step 50/54 loss=1.2301 lr=2.82e-05
2026-07-16 08:54:44,377 [INFO] trainer: epoch 382 done train_loss=1.2189 dt=11.7s
2026-07-16 08:54:55,405 [INFO] trainer: epoch 383 step 50/54 loss=1.2556 lr=2.77e-05
2026-07-16 08:54:56,200 [INFO] trainer: epoch 383 done train_loss=1.2499 dt=11.8s
2026-07-16 08:55:07,225 [INFO] trainer: epoch 384 step 50/54 loss=1.2281 lr=2.73e-05
2026-07-16 08:55:08,022 [INFO] trainer: epoch 384 done train_loss=1.2322 dt=11.8s
2026-07-16 08:55:18,790 [INFO] trainer: epoch 385 step 50/54 loss=1.2023 lr=2.69e-05
2026-07-16 08:55:19,586 [INFO] trainer: epoch 385 done train_loss=1.2223 dt=11.6s
2026-07-16 08:55:30,411 [INFO] trainer: epoch 386 step 50/54 loss=1.2388 lr=2.64e-05
2026-07-16 08:55:31,203 [INFO] trainer: epoch 386 done train_loss=1.2362 dt=11.6s
2026-07-16 08:55:42,037 [INFO] trainer: epoch 387 step 50/54 loss=1.2486 lr=2.60e-05
2026-07-16 08:55:42,831 [INFO] trainer: epoch 387 done train_loss=1.2358 dt=11.6s
2026-07-16 08:55:53,656 [INFO] trainer: epoch 388 step 50/54 loss=1.2155 lr=2.56e-05
2026-07-16 08:55:54,447 [INFO] trainer: epoch 388 done train_loss=1.2200 dt=11.6s
2026-07-16 08:56:05,191 [INFO] trainer: epoch 389 step 50/54 loss=1.2443 lr=2.52e-05
2026-07-16 08:56:05,986 [INFO] trainer: epoch 389 done train_loss=1.2449 dt=11.5s
2026-07-16 08:56:16,977 [INFO] trainer: epoch 390 step 50/54 loss=1.1866 lr=2.48e-05
2026-07-16 08:56:17,771 [INFO] trainer: epoch 390 done train_loss=1.1876 dt=11.8s
2026-07-16 08:56:29,189 [INFO] trainer: epoch 391 step 50/54 loss=1.1789 lr=2.44e-05
2026-07-16 08:56:29,985 [INFO] trainer: epoch 391 done train_loss=1.1846 dt=11.6s
2026-07-16 08:56:40,790 [INFO] trainer: epoch 392 step 50/54 loss=1.2054 lr=2.39e-05
2026-07-16 08:56:41,581 [INFO] trainer: epoch 392 done train_loss=1.1984 dt=11.6s
2026-07-16 08:56:52,343 [INFO] trainer: epoch 393 step 50/54 loss=1.1935 lr=2.35e-05
2026-07-16 08:56:53,138 [INFO] trainer: epoch 393 done train_loss=1.1878 dt=11.6s
2026-07-16 08:57:03,822 [INFO] trainer: epoch 394 step 50/54 loss=1.1791 lr=2.31e-05
2026-07-16 08:57:04,618 [INFO] trainer: epoch 394 done train_loss=1.1691 dt=11.5s
2026-07-16 08:57:15,501 [INFO] trainer: epoch 395 step 50/54 loss=1.1950 lr=2.27e-05
2026-07-16 08:57:16,293 [INFO] trainer: epoch 395 done train_loss=1.1974 dt=11.7s
2026-07-16 08:57:27,064 [INFO] trainer: epoch 396 step 50/54 loss=1.2084 lr=2.23e-05
2026-07-16 08:57:27,857 [INFO] trainer: epoch 396 done train_loss=1.2193 dt=11.6s
2026-07-16 08:57:38,881 [INFO] trainer: epoch 397 step 50/54 loss=1.2400 lr=2.19e-05
2026-07-16 08:57:39,676 [INFO] trainer: epoch 397 done train_loss=1.2436 dt=11.8s
2026-07-16 08:57:50,547 [INFO] trainer: epoch 398 step 50/54 loss=1.2465 lr=2.16e-05
2026-07-16 08:57:51,342 [INFO] trainer: epoch 398 done train_loss=1.2324 dt=11.7s
2026-07-16 08:58:02,133 [INFO] trainer: epoch 399 step 50/54 loss=1.2278 lr=2.12e-05
2026-07-16 08:58:02,927 [INFO] trainer: epoch 399 done train_loss=1.2179 dt=11.6s
2026-07-16 08:58:13,779 [INFO] trainer: epoch 400 step 50/54 loss=1.1715 lr=2.08e-05
2026-07-16 08:58:14,572 [INFO] trainer: epoch 400 done train_loss=1.1842 dt=11.6s
2026-07-16 08:59:00,948 [INFO] trainer: epoch 400 val_mean_dice=0.7424
2026-07-16 08:59:13,160 [INFO] trainer: epoch 401 step 50/54 loss=1.2206 lr=2.04e-05
2026-07-16 08:59:13,953 [INFO] trainer: epoch 401 done train_loss=1.2180 dt=11.7s
2026-07-16 08:59:24,919 [INFO] trainer: epoch 402 step 50/54 loss=1.2166 lr=2.00e-05
2026-07-16 08:59:25,712 [INFO] trainer: epoch 402 done train_loss=1.2124 dt=11.8s
2026-07-16 08:59:36,484 [INFO] trainer: epoch 403 step 50/54 loss=1.1894 lr=1.97e-05
2026-07-16 08:59:37,279 [INFO] trainer: epoch 403 done train_loss=1.1782 dt=11.6s
2026-07-16 08:59:48,202 [INFO] trainer: epoch 404 step 50/54 loss=1.1530 lr=1.93e-05
2026-07-16 08:59:48,999 [INFO] trainer: epoch 404 done train_loss=1.1572 dt=11.7s
2026-07-16 09:00:00,060 [INFO] trainer: epoch 405 step 50/54 loss=1.2398 lr=1.89e-05
2026-07-16 09:00:00,856 [INFO] trainer: epoch 405 done train_loss=1.2283 dt=11.9s
2026-07-16 09:00:11,838 [INFO] trainer: epoch 406 step 50/54 loss=1.2276 lr=1.86e-05
2026-07-16 09:00:12,631 [INFO] trainer: epoch 406 done train_loss=1.2304 dt=11.8s
2026-07-16 09:00:23,376 [INFO] trainer: epoch 407 step 50/54 loss=1.2222 lr=1.82e-05
2026-07-16 09:00:24,169 [INFO] trainer: epoch 407 done train_loss=1.2353 dt=11.5s
2026-07-16 09:00:34,973 [INFO] trainer: epoch 408 step 50/54 loss=1.2193 lr=1.78e-05
2026-07-16 09:00:35,766 [INFO] trainer: epoch 408 done train_loss=1.2137 dt=11.6s
2026-07-16 09:00:46,605 [INFO] trainer: epoch 409 step 50/54 loss=1.2184 lr=1.75e-05
2026-07-16 09:00:47,403 [INFO] trainer: epoch 409 done train_loss=1.2200 dt=11.6s
2026-07-16 09:00:58,285 [INFO] trainer: epoch 410 step 50/54 loss=1.2181 lr=1.71e-05
2026-07-16 09:00:59,081 [INFO] trainer: epoch 410 done train_loss=1.2165 dt=11.7s
2026-07-16 09:01:16,010 [INFO] trainer: epoch 411 step 50/54 loss=1.2247 lr=1.68e-05
2026-07-16 09:01:16,808 [INFO] trainer: epoch 411 done train_loss=1.2193 dt=11.8s
2026-07-16 09:01:27,629 [INFO] trainer: epoch 412 step 50/54 loss=1.2926 lr=1.64e-05
2026-07-16 09:01:28,428 [INFO] trainer: epoch 412 done train_loss=1.2822 dt=11.6s
2026-07-16 09:01:39,222 [INFO] trainer: epoch 413 step 50/54 loss=1.2190 lr=1.61e-05
2026-07-16 09:01:40,017 [INFO] trainer: epoch 413 done train_loss=1.2191 dt=11.6s
2026-07-16 09:01:50,971 [INFO] trainer: epoch 414 step 50/54 loss=1.2338 lr=1.58e-05
2026-07-16 09:01:51,767 [INFO] trainer: epoch 414 done train_loss=1.2142 dt=11.7s
2026-07-16 09:02:02,589 [INFO] trainer: epoch 415 step 50/54 loss=1.2281 lr=1.54e-05
2026-07-16 09:02:03,383 [INFO] trainer: epoch 415 done train_loss=1.2218 dt=11.6s
2026-07-16 09:02:14,276 [INFO] trainer: epoch 416 step 50/54 loss=1.1945 lr=1.51e-05
2026-07-16 09:02:15,071 [INFO] trainer: epoch 416 done train_loss=1.1993 dt=11.7s
2026-07-16 09:02:25,777 [INFO] trainer: epoch 417 step 50/54 loss=1.2497 lr=1.48e-05
2026-07-16 09:02:26,573 [INFO] trainer: epoch 417 done train_loss=1.2435 dt=11.5s
2026-07-16 09:02:37,457 [INFO] trainer: epoch 418 step 50/54 loss=1.2522 lr=1.45e-05
2026-07-16 09:02:38,255 [INFO] trainer: epoch 418 done train_loss=1.2434 dt=11.7s
2026-07-16 09:02:49,192 [INFO] trainer: epoch 419 step 50/54 loss=1.1683 lr=1.41e-05
2026-07-16 09:02:49,990 [INFO] trainer: epoch 419 done train_loss=1.1656 dt=11.7s
2026-07-16 09:03:00,744 [INFO] trainer: epoch 420 step 50/54 loss=1.2025 lr=1.38e-05
2026-07-16 09:03:01,540 [INFO] trainer: epoch 420 done train_loss=1.2055 dt=11.5s
2026-07-16 09:03:13,220 [INFO] trainer: epoch 421 step 50/54 loss=1.2478 lr=1.35e-05
2026-07-16 09:03:14,018 [INFO] trainer: epoch 421 done train_loss=1.2304 dt=11.8s
2026-07-16 09:03:24,920 [INFO] trainer: epoch 422 step 50/54 loss=1.1841 lr=1.32e-05
2026-07-16 09:03:25,716 [INFO] trainer: epoch 422 done train_loss=1.1753 dt=11.7s
2026-07-16 09:03:36,742 [INFO] trainer: epoch 423 step 50/54 loss=1.1777 lr=1.29e-05
2026-07-16 09:03:37,538 [INFO] trainer: epoch 423 done train_loss=1.1749 dt=11.8s
2026-07-16 09:03:48,396 [INFO] trainer: epoch 424 step 50/54 loss=1.2228 lr=1.26e-05
2026-07-16 09:03:49,188 [INFO] trainer: epoch 424 done train_loss=1.2167 dt=11.6s
2026-07-16 09:04:00,015 [INFO] trainer: epoch 425 step 50/54 loss=1.2292 lr=1.23e-05
2026-07-16 09:04:00,808 [INFO] trainer: epoch 425 done train_loss=1.2418 dt=11.6s
2026-07-16 09:04:47,254 [INFO] trainer: epoch 425 val_mean_dice=0.7410
2026-07-16 09:04:58,102 [INFO] trainer: epoch 426 step 50/54 loss=1.1952 lr=1.20e-05
2026-07-16 09:04:58,894 [INFO] trainer: epoch 426 done train_loss=1.2035 dt=11.6s
2026-07-16 09:05:09,734 [INFO] trainer: epoch 427 step 50/54 loss=1.1817 lr=1.17e-05
2026-07-16 09:05:10,534 [INFO] trainer: epoch 427 done train_loss=1.1937 dt=11.6s
2026-07-16 09:05:21,401 [INFO] trainer: epoch 428 step 50/54 loss=1.2664 lr=1.14e-05
2026-07-16 09:05:22,196 [INFO] trainer: epoch 428 done train_loss=1.2545 dt=11.7s
2026-07-16 09:05:33,118 [INFO] trainer: epoch 429 step 50/54 loss=1.2054 lr=1.12e-05
2026-07-16 09:05:33,915 [INFO] trainer: epoch 429 done train_loss=1.2026 dt=11.7s
2026-07-16 09:05:44,740 [INFO] trainer: epoch 430 step 50/54 loss=1.1673 lr=1.09e-05
2026-07-16 09:05:45,537 [INFO] trainer: epoch 430 done train_loss=1.1676 dt=11.6s
2026-07-16 09:05:57,267 [INFO] trainer: epoch 431 step 50/54 loss=1.2098 lr=1.06e-05
2026-07-16 09:05:58,065 [INFO] trainer: epoch 431 done train_loss=1.2108 dt=11.8s
2026-07-16 09:06:08,990 [INFO] trainer: epoch 432 step 50/54 loss=1.2469 lr=1.03e-05
2026-07-16 09:06:09,786 [INFO] trainer: epoch 432 done train_loss=1.2349 dt=11.7s
2026-07-16 09:06:20,528 [INFO] trainer: epoch 433 step 50/54 loss=1.2102 lr=1.01e-05
2026-07-16 09:06:21,322 [INFO] trainer: epoch 433 done train_loss=1.2173 dt=11.5s
2026-07-16 09:06:32,235 [INFO] trainer: epoch 434 step 50/54 loss=1.2119 lr=9.80e-06
2026-07-16 09:06:33,031 [INFO] trainer: epoch 434 done train_loss=1.2107 dt=11.7s
2026-07-16 09:06:44,057 [INFO] trainer: epoch 435 step 50/54 loss=1.2374 lr=9.54e-06
2026-07-16 09:06:44,851 [INFO] trainer: epoch 435 done train_loss=1.2428 dt=11.8s
2026-07-16 09:06:55,756 [INFO] trainer: epoch 436 step 50/54 loss=1.2103 lr=9.28e-06
2026-07-16 09:06:56,552 [INFO] trainer: epoch 436 done train_loss=1.2077 dt=11.7s
2026-07-16 09:07:07,518 [INFO] trainer: epoch 437 step 50/54 loss=1.2362 lr=9.03e-06
2026-07-16 09:07:08,316 [INFO] trainer: epoch 437 done train_loss=1.2274 dt=11.8s
2026-07-16 09:07:19,183 [INFO] trainer: epoch 438 step 50/54 loss=1.1865 lr=8.78e-06
2026-07-16 09:07:19,977 [INFO] trainer: epoch 438 done train_loss=1.1902 dt=11.7s
2026-07-16 09:07:30,929 [INFO] trainer: epoch 439 step 50/54 loss=1.2144 lr=8.53e-06
2026-07-16 09:07:31,724 [INFO] trainer: epoch 439 done train_loss=1.2107 dt=11.7s
2026-07-16 09:07:42,823 [INFO] trainer: epoch 440 step 50/54 loss=1.1854 lr=8.29e-06
2026-07-16 09:07:43,620 [INFO] trainer: epoch 440 done train_loss=1.1790 dt=11.9s
2026-07-16 09:07:55,469 [INFO] trainer: epoch 441 step 50/54 loss=1.2219 lr=8.05e-06
2026-07-16 09:07:56,271 [INFO] trainer: epoch 441 done train_loss=1.2109 dt=12.0s
2026-07-16 09:08:07,289 [INFO] trainer: epoch 442 step 50/54 loss=1.1947 lr=7.82e-06
2026-07-16 09:08:08,088 [INFO] trainer: epoch 442 done train_loss=1.1981 dt=11.8s
2026-07-16 09:08:18,833 [INFO] trainer: epoch 443 step 50/54 loss=1.2707 lr=7.59e-06
2026-07-16 09:08:19,630 [INFO] trainer: epoch 443 done train_loss=1.2627 dt=11.5s
2026-07-16 09:08:30,528 [INFO] trainer: epoch 444 step 50/54 loss=1.1948 lr=7.36e-06
2026-07-16 09:08:31,325 [INFO] trainer: epoch 444 done train_loss=1.1895 dt=11.7s
2026-07-16 09:08:42,276 [INFO] trainer: epoch 445 step 50/54 loss=1.2374 lr=7.14e-06
2026-07-16 09:08:43,070 [INFO] trainer: epoch 445 done train_loss=1.2333 dt=11.7s
2026-07-16 09:08:54,026 [INFO] trainer: epoch 446 step 50/54 loss=1.2232 lr=6.92e-06
2026-07-16 09:08:54,823 [INFO] trainer: epoch 446 done train_loss=1.2175 dt=11.8s
2026-07-16 09:09:05,638 [INFO] trainer: epoch 447 step 50/54 loss=1.2089 lr=6.71e-06
2026-07-16 09:09:06,434 [INFO] trainer: epoch 447 done train_loss=1.2059 dt=11.6s
2026-07-16 09:09:17,508 [INFO] trainer: epoch 448 step 50/54 loss=1.2196 lr=6.49e-06
2026-07-16 09:09:18,306 [INFO] trainer: epoch 448 done train_loss=1.2349 dt=11.9s
2026-07-16 09:09:29,129 [INFO] trainer: epoch 449 step 50/54 loss=1.2053 lr=6.29e-06
2026-07-16 09:09:29,926 [INFO] trainer: epoch 449 done train_loss=1.1967 dt=11.6s
2026-07-16 09:09:40,746 [INFO] trainer: epoch 450 step 50/54 loss=1.1911 lr=6.08e-06
2026-07-16 09:09:41,542 [INFO] trainer: epoch 450 done train_loss=1.1808 dt=11.6s
2026-07-16 09:10:28,031 [INFO] trainer: epoch 450 val_mean_dice=0.7436
2026-07-16 09:10:40,638 [INFO] trainer: epoch 451 step 50/54 loss=1.2237 lr=5.88e-06
2026-07-16 09:10:41,432 [INFO] trainer: epoch 451 done train_loss=1.2256 dt=11.7s
2026-07-16 09:10:52,273 [INFO] trainer: epoch 452 step 50/54 loss=1.2045 lr=5.69e-06
2026-07-16 09:10:53,066 [INFO] trainer: epoch 452 done train_loss=1.2085 dt=11.6s
2026-07-16 09:11:03,948 [INFO] trainer: epoch 453 step 50/54 loss=1.1982 lr=5.50e-06
2026-07-16 09:11:04,741 [INFO] trainer: epoch 453 done train_loss=1.2119 dt=11.7s
2026-07-16 09:11:15,796 [INFO] trainer: epoch 454 step 50/54 loss=1.1709 lr=5.31e-06
2026-07-16 09:11:16,589 [INFO] trainer: epoch 454 done train_loss=1.1730 dt=11.8s
2026-07-16 09:11:27,580 [INFO] trainer: epoch 455 step 50/54 loss=1.1878 lr=5.13e-06
2026-07-16 09:11:28,372 [INFO] trainer: epoch 455 done train_loss=1.2033 dt=11.8s
2026-07-16 09:11:39,251 [INFO] trainer: epoch 456 step 50/54 loss=1.1949 lr=4.95e-06
2026-07-16 09:11:40,047 [INFO] trainer: epoch 456 done train_loss=1.2011 dt=11.7s
2026-07-16 09:11:50,784 [INFO] trainer: epoch 457 step 50/54 loss=1.2165 lr=4.77e-06
2026-07-16 09:11:51,581 [INFO] trainer: epoch 457 done train_loss=1.2269 dt=11.5s
2026-07-16 09:12:03,129 [INFO] trainer: epoch 458 step 50/54 loss=1.1579 lr=4.60e-06
2026-07-16 09:12:03,924 [INFO] trainer: epoch 458 done train_loss=1.1538 dt=12.3s
2026-07-16 09:12:14,725 [INFO] trainer: epoch 459 step 50/54 loss=1.2377 lr=4.43e-06
2026-07-16 09:12:15,519 [INFO] trainer: epoch 459 done train_loss=1.2268 dt=11.6s
2026-07-16 09:12:26,461 [INFO] trainer: epoch 460 step 50/54 loss=1.2155 lr=4.27e-06
2026-07-16 09:12:27,258 [INFO] trainer: epoch 460 done train_loss=1.2181 dt=11.7s
2026-07-16 09:12:39,054 [INFO] trainer: epoch 461 step 50/54 loss=1.2229 lr=4.11e-06
2026-07-16 09:12:39,849 [INFO] trainer: epoch 461 done train_loss=1.2081 dt=11.8s
2026-07-16 09:12:50,704 [INFO] trainer: epoch 462 step 50/54 loss=1.2036 lr=3.95e-06
2026-07-16 09:12:51,497 [INFO] trainer: epoch 462 done train_loss=1.2124 dt=11.6s
2026-07-16 09:13:05,950 [INFO] trainer: epoch 463 step 50/54 loss=1.1939 lr=3.80e-06
2026-07-16 09:13:06,744 [INFO] trainer: epoch 463 done train_loss=1.1853 dt=15.2s
2026-07-16 09:13:17,528 [INFO] trainer: epoch 464 step 50/54 loss=1.2028 lr=3.65e-06
2026-07-16 09:13:18,324 [INFO] trainer: epoch 464 done train_loss=1.2082 dt=11.6s
2026-07-16 09:13:29,120 [INFO] trainer: epoch 465 step 50/54 loss=1.2420 lr=3.51e-06
2026-07-16 09:13:29,917 [INFO] trainer: epoch 465 done train_loss=1.2307 dt=11.6s
2026-07-16 09:13:40,764 [INFO] trainer: epoch 466 step 50/54 loss=1.2038 lr=3.36e-06
2026-07-16 09:13:41,559 [INFO] trainer: epoch 466 done train_loss=1.2141 dt=11.6s
2026-07-16 09:13:52,434 [INFO] trainer: epoch 467 step 50/54 loss=1.2143 lr=3.23e-06
2026-07-16 09:13:53,226 [INFO] trainer: epoch 467 done train_loss=1.2093 dt=11.7s
2026-07-16 09:14:04,048 [INFO] trainer: epoch 468 step 50/54 loss=1.1997 lr=3.10e-06
2026-07-16 09:14:04,841 [INFO] trainer: epoch 468 done train_loss=1.2027 dt=11.6s
2026-07-16 09:14:15,863 [INFO] trainer: epoch 469 step 50/54 loss=1.1917 lr=2.97e-06
2026-07-16 09:14:16,657 [INFO] trainer: epoch 469 done train_loss=1.1928 dt=11.8s
2026-07-16 09:14:27,381 [INFO] trainer: epoch 470 step 50/54 loss=1.2265 lr=2.84e-06
2026-07-16 09:14:28,178 [INFO] trainer: epoch 470 done train_loss=1.2181 dt=11.5s
2026-07-16 09:14:39,624 [INFO] trainer: epoch 471 step 50/54 loss=1.1916 lr=2.72e-06
2026-07-16 09:14:40,416 [INFO] trainer: epoch 471 done train_loss=1.2032 dt=11.5s
2026-07-16 09:14:51,168 [INFO] trainer: epoch 472 step 50/54 loss=1.2293 lr=2.61e-06
2026-07-16 09:14:51,963 [INFO] trainer: epoch 472 done train_loss=1.2286 dt=11.5s
2026-07-16 09:15:02,808 [INFO] trainer: epoch 473 step 50/54 loss=1.1809 lr=2.50e-06
2026-07-16 09:15:03,602 [INFO] trainer: epoch 473 done train_loss=1.1745 dt=11.6s
2026-07-16 09:15:14,471 [INFO] trainer: epoch 474 step 50/54 loss=1.1885 lr=2.39e-06
2026-07-16 09:15:15,265 [INFO] trainer: epoch 474 done train_loss=1.1737 dt=11.7s
2026-07-16 09:15:26,127 [INFO] trainer: epoch 475 step 50/54 loss=1.1754 lr=2.28e-06
2026-07-16 09:15:26,921 [INFO] trainer: epoch 475 done train_loss=1.1784 dt=11.7s
2026-07-16 09:16:13,170 [INFO] trainer: epoch 475 val_mean_dice=0.7439
2026-07-16 09:16:24,719 [INFO] trainer: epoch 476 step 50/54 loss=1.2205 lr=2.18e-06
2026-07-16 09:16:25,515 [INFO] trainer: epoch 476 done train_loss=1.2294 dt=11.7s
2026-07-16 09:16:36,426 [INFO] trainer: epoch 477 step 50/54 loss=1.1769 lr=2.09e-06
2026-07-16 09:16:37,218 [INFO] trainer: epoch 477 done train_loss=1.1795 dt=11.7s
2026-07-16 09:16:48,140 [INFO] trainer: epoch 478 step 50/54 loss=1.2321 lr=1.99e-06
2026-07-16 09:16:48,932 [INFO] trainer: epoch 478 done train_loss=1.2132 dt=11.7s
2026-07-16 09:16:59,920 [INFO] trainer: epoch 479 step 50/54 loss=1.1824 lr=1.91e-06
2026-07-16 09:17:00,711 [INFO] trainer: epoch 479 done train_loss=1.1771 dt=11.8s
2026-07-16 09:17:11,748 [INFO] trainer: epoch 480 step 50/54 loss=1.1726 lr=1.82e-06
2026-07-16 09:17:12,540 [INFO] trainer: epoch 480 done train_loss=1.1678 dt=11.8s
2026-07-16 09:17:23,980 [INFO] trainer: epoch 481 step 50/54 loss=1.1897 lr=1.74e-06
2026-07-16 09:17:24,774 [INFO] trainer: epoch 481 done train_loss=1.1956 dt=11.6s
2026-07-16 09:17:35,665 [INFO] trainer: epoch 482 step 50/54 loss=1.1900 lr=1.67e-06
2026-07-16 09:17:36,458 [INFO] trainer: epoch 482 done train_loss=1.1889 dt=11.7s
2026-07-16 09:17:47,463 [INFO] trainer: epoch 483 step 50/54 loss=1.1991 lr=1.60e-06
2026-07-16 09:17:48,256 [INFO] trainer: epoch 483 done train_loss=1.2005 dt=11.8s
2026-07-16 09:17:59,226 [INFO] trainer: epoch 484 step 50/54 loss=1.1624 lr=1.53e-06
2026-07-16 09:18:00,021 [INFO] trainer: epoch 484 done train_loss=1.1593 dt=11.8s
2026-07-16 09:18:11,201 [INFO] trainer: epoch 485 step 50/54 loss=1.2353 lr=1.46e-06
2026-07-16 09:18:11,996 [INFO] trainer: epoch 485 done train_loss=1.2365 dt=12.0s
2026-07-16 09:18:22,973 [INFO] trainer: epoch 486 step 50/54 loss=1.2098 lr=1.40e-06
2026-07-16 09:18:23,768 [INFO] trainer: epoch 486 done train_loss=1.2104 dt=11.8s
2026-07-16 09:18:34,629 [INFO] trainer: epoch 487 step 50/54 loss=1.2007 lr=1.35e-06
2026-07-16 09:18:35,422 [INFO] trainer: epoch 487 done train_loss=1.2082 dt=11.7s
2026-07-16 09:18:46,402 [INFO] trainer: epoch 488 step 50/54 loss=1.1946 lr=1.30e-06
2026-07-16 09:18:47,198 [INFO] trainer: epoch 488 done train_loss=1.1981 dt=11.8s
2026-07-16 09:18:58,062 [INFO] trainer: epoch 489 step 50/54 loss=1.1925 lr=1.25e-06
2026-07-16 09:18:58,854 [INFO] trainer: epoch 489 done train_loss=1.1885 dt=11.7s
2026-07-16 09:19:09,819 [INFO] trainer: epoch 490 step 50/54 loss=1.2155 lr=1.21e-06
2026-07-16 09:19:10,616 [INFO] trainer: epoch 490 done train_loss=1.2246 dt=11.8s
2026-07-16 09:19:22,427 [INFO] trainer: epoch 491 step 50/54 loss=1.2257 lr=1.17e-06
2026-07-16 09:19:23,221 [INFO] trainer: epoch 491 done train_loss=1.2232 dt=11.9s
2026-07-16 09:19:34,137 [INFO] trainer: epoch 492 step 50/54 loss=1.2225 lr=1.13e-06
2026-07-16 09:19:34,930 [INFO] trainer: epoch 492 done train_loss=1.2200 dt=11.7s
2026-07-16 09:19:45,800 [INFO] trainer: epoch 493 step 50/54 loss=1.1933 lr=1.10e-06
2026-07-16 09:19:46,594 [INFO] trainer: epoch 493 done train_loss=1.1821 dt=11.7s
2026-07-16 09:19:57,483 [INFO] trainer: epoch 494 step 50/54 loss=1.1889 lr=1.08e-06
2026-07-16 09:19:58,276 [INFO] trainer: epoch 494 done train_loss=1.1853 dt=11.7s
2026-07-16 09:20:09,279 [INFO] trainer: epoch 495 step 50/54 loss=1.2228 lr=1.05e-06
2026-07-16 09:20:10,076 [INFO] trainer: epoch 495 done train_loss=1.2132 dt=11.8s
2026-07-16 09:20:21,032 [INFO] trainer: epoch 496 step 50/54 loss=1.2074 lr=1.03e-06
2026-07-16 09:20:21,826 [INFO] trainer: epoch 496 done train_loss=1.2171 dt=11.7s
2026-07-16 09:20:32,791 [INFO] trainer: epoch 497 step 50/54 loss=1.1692 lr=1.02e-06
2026-07-16 09:20:33,584 [INFO] trainer: epoch 497 done train_loss=1.1770 dt=11.8s
2026-07-16 09:20:44,386 [INFO] trainer: epoch 498 step 50/54 loss=1.2559 lr=1.01e-06
2026-07-16 09:20:45,184 [INFO] trainer: epoch 498 done train_loss=1.2411 dt=11.6s
2026-07-16 09:20:56,129 [INFO] trainer: epoch 499 step 50/54 loss=1.1943 lr=1.00e-06
2026-07-16 09:20:56,924 [INFO] trainer: epoch 499 done train_loss=1.1899 dt=11.7s
2026-07-16 09:21:08,059 [INFO] trainer: epoch 500 step 50/54 loss=1.1964 lr=1.00e-06
2026-07-16 09:21:08,854 [INFO] trainer: epoch 500 done train_loss=1.1975 dt=11.9s
2026-07-16 09:21:55,212 [INFO] trainer: epoch 500 val_mean_dice=0.7440
2026-07-16 09:21:56,499 [INFO] trainer: total time 6923.2 s, best dice 0.7440 (epochs 1-500 / 500)
