2026-07-16 07:23:14,557 [INFO] train: ========================================================================
2026-07-16 07:23:14,557 [INFO] train: model=suprem_swinunetr config=configs/lowshot/ls_supSwin_frz_pt_f010.yaml
2026-07-16 07:23:14,558 [INFO] train: output=/scratch/lskrlj/runs/ls_supSwin_frz_pt_f010 device=cuda (NVIDIA A100-SXM4-40GB)
2026-07-16 07:23:14,558 [INFO] train: epochs=500 batch_size=2 grad_accum=2 eff_batch=4 lr=0.0002 amp=True
2026-07-16 07:23:14,558 [INFO] train: ========================================================================
2026-07-16 07:23:14,560 [INFO] train: splits: train=1082 val=57 classes=117
2026-07-16 07:23:14,561 [INFO] train: low-shot: train_fraction=0.1000 seed=1234 -> 108/1082 train cases
2026-07-16 07:23:14,773 [INFO] train: disk cache: /scratch/lskrlj/cache/TotalSeg/833d9d046402 (fingerprint=833d9d046402)
2026-07-16 07:26:03,046 [INFO] train: model suprem_swinunetr, trainable params: 8965752 / 17027754 total (freeze_backbone=True)
2026-07-16 07:26:33,249 [WARNING] trainer: --resume set but no checkpoint found in /scratch/lskrlj/runs/ls_supSwin_frz_pt_f010; starting fresh
2026-07-16 07:26:33,249 [INFO] trainer: start: epochs 1-500/500 device=cuda amp=bf16 train_batches=54 val_batches=57
2026-07-16 07:26:52,461 [INFO] trainer: epoch 1 step 50/54 loss=11.3325 lr=1.85e-05
2026-07-16 07:26:53,507 [INFO] trainer: epoch 1 done train_loss=11.3012 dt=20.3s
2026-07-16 07:27:07,424 [INFO] trainer: epoch 2 step 50/54 loss=10.3452 lr=3.85e-05
2026-07-16 07:27:08,470 [INFO] trainer: epoch 2 done train_loss=10.2949 dt=15.0s
2026-07-16 07:27:22,736 [INFO] trainer: epoch 3 step 50/54 loss=9.3151 lr=5.85e-05
2026-07-16 07:27:23,782 [INFO] trainer: epoch 3 done train_loss=9.2842 dt=15.3s
2026-07-16 07:27:37,820 [INFO] trainer: epoch 4 step 50/54 loss=8.5763 lr=7.85e-05
2026-07-16 07:27:38,864 [INFO] trainer: epoch 4 done train_loss=8.5639 dt=15.1s
2026-07-16 07:27:53,005 [INFO] trainer: epoch 5 step 50/54 loss=8.0562 lr=9.85e-05
2026-07-16 07:27:54,050 [INFO] trainer: epoch 5 done train_loss=8.0343 dt=15.2s
2026-07-16 07:28:08,002 [INFO] trainer: epoch 6 step 50/54 loss=7.6213 lr=1.19e-04
2026-07-16 07:28:09,048 [INFO] trainer: epoch 6 done train_loss=7.6057 dt=15.0s
2026-07-16 07:28:23,083 [INFO] trainer: epoch 7 step 50/54 loss=7.2542 lr=1.39e-04
2026-07-16 07:28:24,130 [INFO] trainer: epoch 7 done train_loss=7.2441 dt=15.1s
2026-07-16 07:28:39,904 [INFO] trainer: epoch 8 step 50/54 loss=6.8838 lr=1.59e-04
2026-07-16 07:28:40,952 [INFO] trainer: epoch 8 done train_loss=6.8731 dt=16.8s
2026-07-16 07:28:55,266 [INFO] trainer: epoch 9 step 50/54 loss=6.5074 lr=1.79e-04
2026-07-16 07:28:56,312 [INFO] trainer: epoch 9 done train_loss=6.5019 dt=15.4s
2026-07-16 07:29:10,245 [INFO] trainer: epoch 10 step 50/54 loss=6.1680 lr=1.99e-04
2026-07-16 07:29:11,292 [INFO] trainer: epoch 10 done train_loss=6.1574 dt=15.0s
2026-07-16 07:29:25,469 [INFO] trainer: epoch 11 step 50/54 loss=5.8030 lr=2.00e-04
2026-07-16 07:29:26,515 [INFO] trainer: epoch 11 done train_loss=5.8071 dt=14.9s
2026-07-16 07:29:40,464 [INFO] trainer: epoch 12 step 50/54 loss=5.5409 lr=2.00e-04
2026-07-16 07:29:41,512 [INFO] trainer: epoch 12 done train_loss=5.5220 dt=15.0s
2026-07-16 07:29:55,463 [INFO] trainer: epoch 13 step 50/54 loss=5.2903 lr=2.00e-04
2026-07-16 07:29:56,510 [INFO] trainer: epoch 13 done train_loss=5.2782 dt=15.0s
2026-07-16 07:30:10,381 [INFO] trainer: epoch 14 step 50/54 loss=5.0483 lr=2.00e-04
2026-07-16 07:30:11,426 [INFO] trainer: epoch 14 done train_loss=5.0334 dt=14.9s
2026-07-16 07:30:25,475 [INFO] trainer: epoch 15 step 50/54 loss=4.8477 lr=2.00e-04
2026-07-16 07:30:26,521 [INFO] trainer: epoch 15 done train_loss=4.8363 dt=15.1s
2026-07-16 07:30:40,407 [INFO] trainer: epoch 16 step 50/54 loss=4.6460 lr=2.00e-04
2026-07-16 07:30:41,457 [INFO] trainer: epoch 16 done train_loss=4.6431 dt=14.9s
2026-07-16 07:30:55,269 [INFO] trainer: epoch 17 step 50/54 loss=4.4341 lr=2.00e-04
2026-07-16 07:30:56,317 [INFO] trainer: epoch 17 done train_loss=4.4279 dt=14.9s
2026-07-16 07:31:10,310 [INFO] trainer: epoch 18 step 50/54 loss=4.2820 lr=2.00e-04
2026-07-16 07:31:11,360 [INFO] trainer: epoch 18 done train_loss=4.2743 dt=15.0s
2026-07-16 07:31:25,386 [INFO] trainer: epoch 19 step 50/54 loss=4.1019 lr=2.00e-04
2026-07-16 07:31:26,433 [INFO] trainer: epoch 19 done train_loss=4.0969 dt=15.1s
2026-07-16 07:31:40,594 [INFO] trainer: epoch 20 step 50/54 loss=3.9249 lr=2.00e-04
2026-07-16 07:31:41,642 [INFO] trainer: epoch 20 done train_loss=3.9120 dt=15.2s
2026-07-16 07:31:55,839 [INFO] trainer: epoch 21 step 50/54 loss=3.7414 lr=2.00e-04
2026-07-16 07:31:56,886 [INFO] trainer: epoch 21 done train_loss=3.7421 dt=15.0s
2026-07-16 07:32:11,010 [INFO] trainer: epoch 22 step 50/54 loss=3.5841 lr=2.00e-04
2026-07-16 07:32:12,062 [INFO] trainer: epoch 22 done train_loss=3.5873 dt=15.2s
2026-07-16 07:32:26,398 [INFO] trainer: epoch 23 step 50/54 loss=3.4497 lr=2.00e-04
2026-07-16 07:32:27,449 [INFO] trainer: epoch 23 done train_loss=3.4481 dt=15.4s
2026-07-16 07:32:41,497 [INFO] trainer: epoch 24 step 50/54 loss=3.3733 lr=2.00e-04
2026-07-16 07:32:42,547 [INFO] trainer: epoch 24 done train_loss=3.3647 dt=15.1s
2026-07-16 07:32:56,444 [INFO] trainer: epoch 25 step 50/54 loss=3.2703 lr=2.00e-04
2026-07-16 07:32:57,496 [INFO] trainer: epoch 25 done train_loss=3.2655 dt=14.9s
2026-07-16 07:34:21,438 [INFO] trainer: epoch 25 val_mean_dice=0.0102
2026-07-16 07:34:35,553 [INFO] trainer: epoch 26 step 50/54 loss=3.1724 lr=1.99e-04
2026-07-16 07:34:36,605 [INFO] trainer: epoch 26 done train_loss=3.1662 dt=15.0s
2026-07-16 07:34:50,834 [INFO] trainer: epoch 27 step 50/54 loss=3.1095 lr=1.99e-04
2026-07-16 07:34:51,886 [INFO] trainer: epoch 27 done train_loss=3.1055 dt=15.3s
2026-07-16 07:35:05,923 [INFO] trainer: epoch 28 step 50/54 loss=3.0060 lr=1.99e-04
2026-07-16 07:35:06,971 [INFO] trainer: epoch 28 done train_loss=3.0027 dt=15.1s
2026-07-16 07:35:21,157 [INFO] trainer: epoch 29 step 50/54 loss=2.9356 lr=1.99e-04
2026-07-16 07:35:22,205 [INFO] trainer: epoch 29 done train_loss=2.9277 dt=15.2s
2026-07-16 07:35:36,217 [INFO] trainer: epoch 30 step 50/54 loss=2.8839 lr=1.99e-04
2026-07-16 07:35:37,264 [INFO] trainer: epoch 30 done train_loss=2.8691 dt=15.1s
2026-07-16 07:35:51,520 [INFO] trainer: epoch 31 step 50/54 loss=2.8153 lr=1.99e-04
2026-07-16 07:35:52,564 [INFO] trainer: epoch 31 done train_loss=2.8060 dt=15.1s
2026-07-16 07:36:06,471 [INFO] trainer: epoch 32 step 50/54 loss=2.7362 lr=1.99e-04
2026-07-16 07:36:07,524 [INFO] trainer: epoch 32 done train_loss=2.7353 dt=15.0s
2026-07-16 07:36:21,476 [INFO] trainer: epoch 33 step 50/54 loss=2.7056 lr=1.99e-04
2026-07-16 07:36:22,519 [INFO] trainer: epoch 33 done train_loss=2.7038 dt=15.0s
2026-07-16 07:36:36,430 [INFO] trainer: epoch 34 step 50/54 loss=2.6879 lr=1.99e-04
2026-07-16 07:36:37,477 [INFO] trainer: epoch 34 done train_loss=2.6827 dt=15.0s
2026-07-16 07:36:51,425 [INFO] trainer: epoch 35 step 50/54 loss=2.5938 lr=1.99e-04
2026-07-16 07:36:52,475 [INFO] trainer: epoch 35 done train_loss=2.5964 dt=15.0s
2026-07-16 07:37:06,471 [INFO] trainer: epoch 36 step 50/54 loss=2.5612 lr=1.99e-04
2026-07-16 07:37:07,520 [INFO] trainer: epoch 36 done train_loss=2.5548 dt=15.0s
2026-07-16 07:37:21,456 [INFO] trainer: epoch 37 step 50/54 loss=2.5338 lr=1.99e-04
2026-07-16 07:37:22,503 [INFO] trainer: epoch 37 done train_loss=2.5273 dt=15.0s
2026-07-16 07:37:36,500 [INFO] trainer: epoch 38 step 50/54 loss=2.4976 lr=1.98e-04
2026-07-16 07:37:37,548 [INFO] trainer: epoch 38 done train_loss=2.4873 dt=15.0s
2026-07-16 07:37:51,526 [INFO] trainer: epoch 39 step 50/54 loss=2.4442 lr=1.98e-04
2026-07-16 07:37:52,577 [INFO] trainer: epoch 39 done train_loss=2.4489 dt=15.0s
2026-07-16 07:38:06,393 [INFO] trainer: epoch 40 step 50/54 loss=2.4177 lr=1.98e-04
2026-07-16 07:38:07,441 [INFO] trainer: epoch 40 done train_loss=2.4310 dt=14.9s
2026-07-16 07:38:21,762 [INFO] trainer: epoch 41 step 50/54 loss=2.3857 lr=1.98e-04
2026-07-16 07:38:22,811 [INFO] trainer: epoch 41 done train_loss=2.3832 dt=15.1s
2026-07-16 07:38:36,929 [INFO] trainer: epoch 42 step 50/54 loss=2.3776 lr=1.98e-04
2026-07-16 07:38:39,818 [INFO] trainer: epoch 42 done train_loss=2.3719 dt=17.0s
2026-07-16 07:38:54,083 [INFO] trainer: epoch 43 step 50/54 loss=2.3433 lr=1.98e-04
2026-07-16 07:38:55,124 [INFO] trainer: epoch 43 done train_loss=2.3304 dt=15.3s
2026-07-16 07:39:09,124 [INFO] trainer: epoch 44 step 50/54 loss=2.2807 lr=1.98e-04
2026-07-16 07:39:10,170 [INFO] trainer: epoch 44 done train_loss=2.2799 dt=15.0s
2026-07-16 07:39:24,350 [INFO] trainer: epoch 45 step 50/54 loss=2.2388 lr=1.98e-04
2026-07-16 07:39:25,401 [INFO] trainer: epoch 45 done train_loss=2.2448 dt=15.2s
2026-07-16 07:39:40,063 [INFO] trainer: epoch 46 step 50/54 loss=2.2475 lr=1.97e-04
2026-07-16 07:39:41,115 [INFO] trainer: epoch 46 done train_loss=2.2521 dt=15.7s
2026-07-16 07:39:55,224 [INFO] trainer: epoch 47 step 50/54 loss=2.2240 lr=1.97e-04
2026-07-16 07:39:56,270 [INFO] trainer: epoch 47 done train_loss=2.2233 dt=15.2s
2026-07-16 07:40:10,353 [INFO] trainer: epoch 48 step 50/54 loss=2.1980 lr=1.97e-04
2026-07-16 07:40:11,403 [INFO] trainer: epoch 48 done train_loss=2.1911 dt=15.1s
2026-07-16 07:40:25,332 [INFO] trainer: epoch 49 step 50/54 loss=2.1503 lr=1.97e-04
2026-07-16 07:40:26,383 [INFO] trainer: epoch 49 done train_loss=2.1548 dt=15.0s
2026-07-16 07:40:40,378 [INFO] trainer: epoch 50 step 50/54 loss=2.1549 lr=1.97e-04
2026-07-16 07:40:41,427 [INFO] trainer: epoch 50 done train_loss=2.1584 dt=15.0s
2026-07-16 07:42:08,323 [INFO] trainer: epoch 50 val_mean_dice=0.2431
2026-07-16 07:42:22,880 [INFO] trainer: epoch 51 step 50/54 loss=2.1199 lr=1.97e-04
2026-07-16 07:42:23,927 [INFO] trainer: epoch 51 done train_loss=2.1178 dt=15.2s
2026-07-16 07:42:38,152 [INFO] trainer: epoch 52 step 50/54 loss=2.1088 lr=1.96e-04
2026-07-16 07:42:39,198 [INFO] trainer: epoch 52 done train_loss=2.1121 dt=15.3s
2026-07-16 07:42:53,326 [INFO] trainer: epoch 53 step 50/54 loss=2.1128 lr=1.96e-04
2026-07-16 07:42:54,372 [INFO] trainer: epoch 53 done train_loss=2.1068 dt=15.2s
2026-07-16 07:43:08,338 [INFO] trainer: epoch 54 step 50/54 loss=2.0733 lr=1.96e-04
2026-07-16 07:43:09,386 [INFO] trainer: epoch 54 done train_loss=2.0799 dt=15.0s
2026-07-16 07:43:23,658 [INFO] trainer: epoch 55 step 50/54 loss=2.0792 lr=1.96e-04
2026-07-16 07:43:24,705 [INFO] trainer: epoch 55 done train_loss=2.0712 dt=15.3s
2026-07-16 07:43:38,647 [INFO] trainer: epoch 56 step 50/54 loss=2.0232 lr=1.96e-04
2026-07-16 07:43:39,695 [INFO] trainer: epoch 56 done train_loss=2.0282 dt=15.0s
2026-07-16 07:43:53,809 [INFO] trainer: epoch 57 step 50/54 loss=1.9999 lr=1.96e-04
2026-07-16 07:43:54,860 [INFO] trainer: epoch 57 done train_loss=1.9997 dt=15.2s
2026-07-16 07:44:08,907 [INFO] trainer: epoch 58 step 50/54 loss=1.9856 lr=1.95e-04
2026-07-16 07:44:09,955 [INFO] trainer: epoch 58 done train_loss=1.9868 dt=15.1s
2026-07-16 07:44:23,900 [INFO] trainer: epoch 59 step 50/54 loss=1.9493 lr=1.95e-04
2026-07-16 07:44:24,947 [INFO] trainer: epoch 59 done train_loss=1.9524 dt=15.0s
2026-07-16 07:44:38,831 [INFO] trainer: epoch 60 step 50/54 loss=1.9472 lr=1.95e-04
2026-07-16 07:44:39,879 [INFO] trainer: epoch 60 done train_loss=1.9487 dt=14.9s
2026-07-16 07:44:55,858 [INFO] trainer: epoch 61 step 50/54 loss=1.9441 lr=1.95e-04
2026-07-16 07:44:56,908 [INFO] trainer: epoch 61 done train_loss=1.9410 dt=16.8s
2026-07-16 07:45:11,205 [INFO] trainer: epoch 62 step 50/54 loss=1.9479 lr=1.95e-04
2026-07-16 07:45:12,253 [INFO] trainer: epoch 62 done train_loss=1.9493 dt=15.3s
2026-07-16 07:45:26,331 [INFO] trainer: epoch 63 step 50/54 loss=1.9232 lr=1.94e-04
2026-07-16 07:45:27,386 [INFO] trainer: epoch 63 done train_loss=1.9243 dt=15.1s
2026-07-16 07:45:41,321 [INFO] trainer: epoch 64 step 50/54 loss=1.8969 lr=1.94e-04
2026-07-16 07:45:42,368 [INFO] trainer: epoch 64 done train_loss=1.8913 dt=15.0s
2026-07-16 07:45:56,308 [INFO] trainer: epoch 65 step 50/54 loss=1.8963 lr=1.94e-04
2026-07-16 07:45:57,357 [INFO] trainer: epoch 65 done train_loss=1.8899 dt=15.0s
2026-07-16 07:46:11,317 [INFO] trainer: epoch 66 step 50/54 loss=1.8527 lr=1.94e-04
2026-07-16 07:46:12,365 [INFO] trainer: epoch 66 done train_loss=1.8533 dt=15.0s
2026-07-16 07:46:26,405 [INFO] trainer: epoch 67 step 50/54 loss=1.8376 lr=1.93e-04
2026-07-16 07:46:27,455 [INFO] trainer: epoch 67 done train_loss=1.8360 dt=15.1s
2026-07-16 07:46:41,442 [INFO] trainer: epoch 68 step 50/54 loss=1.8400 lr=1.93e-04
2026-07-16 07:46:42,494 [INFO] trainer: epoch 68 done train_loss=1.8329 dt=15.0s
2026-07-16 07:46:56,401 [INFO] trainer: epoch 69 step 50/54 loss=1.7894 lr=1.93e-04
2026-07-16 07:46:57,446 [INFO] trainer: epoch 69 done train_loss=1.7859 dt=15.0s
2026-07-16 07:47:11,429 [INFO] trainer: epoch 70 step 50/54 loss=1.8436 lr=1.93e-04
2026-07-16 07:47:12,475 [INFO] trainer: epoch 70 done train_loss=1.8368 dt=15.0s
2026-07-16 07:47:26,587 [INFO] trainer: epoch 71 step 50/54 loss=1.7982 lr=1.93e-04
2026-07-16 07:47:27,636 [INFO] trainer: epoch 71 done train_loss=1.7893 dt=14.9s
2026-07-16 07:47:41,648 [INFO] trainer: epoch 72 step 50/54 loss=1.7692 lr=1.92e-04
2026-07-16 07:47:42,696 [INFO] trainer: epoch 72 done train_loss=1.7646 dt=15.1s
2026-07-16 07:47:56,630 [INFO] trainer: epoch 73 step 50/54 loss=1.7933 lr=1.92e-04
2026-07-16 07:47:57,676 [INFO] trainer: epoch 73 done train_loss=1.7870 dt=15.0s
2026-07-16 07:48:11,779 [INFO] trainer: epoch 74 step 50/54 loss=1.7813 lr=1.92e-04
2026-07-16 07:48:12,829 [INFO] trainer: epoch 74 done train_loss=1.7793 dt=15.2s
2026-07-16 07:48:27,056 [INFO] trainer: epoch 75 step 50/54 loss=1.7645 lr=1.92e-04
2026-07-16 07:48:28,102 [INFO] trainer: epoch 75 done train_loss=1.7539 dt=15.3s
2026-07-16 07:49:51,882 [INFO] trainer: epoch 75 val_mean_dice=0.4904
2026-07-16 07:50:06,202 [INFO] trainer: epoch 76 step 50/54 loss=1.7463 lr=1.91e-04
2026-07-16 07:50:07,251 [INFO] trainer: epoch 76 done train_loss=1.7413 dt=15.2s
2026-07-16 07:50:21,335 [INFO] trainer: epoch 77 step 50/54 loss=1.7219 lr=1.91e-04
2026-07-16 07:50:22,382 [INFO] trainer: epoch 77 done train_loss=1.7108 dt=15.1s
2026-07-16 07:50:36,277 [INFO] trainer: epoch 78 step 50/54 loss=1.7373 lr=1.91e-04
2026-07-16 07:50:37,328 [INFO] trainer: epoch 78 done train_loss=1.7278 dt=14.9s
2026-07-16 07:50:51,458 [INFO] trainer: epoch 79 step 50/54 loss=1.7293 lr=1.90e-04
2026-07-16 07:50:52,505 [INFO] trainer: epoch 79 done train_loss=1.7268 dt=15.2s
2026-07-16 07:51:06,363 [INFO] trainer: epoch 80 step 50/54 loss=1.6829 lr=1.90e-04
2026-07-16 07:51:07,405 [INFO] trainer: epoch 80 done train_loss=1.6878 dt=14.9s
2026-07-16 07:51:21,599 [INFO] trainer: epoch 81 step 50/54 loss=1.6910 lr=1.90e-04
2026-07-16 07:51:22,644 [INFO] trainer: epoch 81 done train_loss=1.7047 dt=15.0s
2026-07-16 07:51:36,830 [INFO] trainer: epoch 82 step 50/54 loss=1.6884 lr=1.90e-04
2026-07-16 07:51:37,876 [INFO] trainer: epoch 82 done train_loss=1.6913 dt=15.2s
2026-07-16 07:51:51,876 [INFO] trainer: epoch 83 step 50/54 loss=1.6645 lr=1.89e-04
2026-07-16 07:51:52,921 [INFO] trainer: epoch 83 done train_loss=1.6662 dt=15.0s
2026-07-16 07:52:07,114 [INFO] trainer: epoch 84 step 50/54 loss=1.6613 lr=1.89e-04
2026-07-16 07:52:08,313 [INFO] trainer: epoch 84 done train_loss=1.6607 dt=15.4s
2026-07-16 07:52:22,133 [INFO] trainer: epoch 85 step 50/54 loss=1.6570 lr=1.89e-04
2026-07-16 07:52:23,182 [INFO] trainer: epoch 85 done train_loss=1.6574 dt=14.9s
2026-07-16 07:52:37,310 [INFO] trainer: epoch 86 step 50/54 loss=1.6181 lr=1.88e-04
2026-07-16 07:52:38,359 [INFO] trainer: epoch 86 done train_loss=1.6290 dt=15.2s
2026-07-16 07:52:53,697 [INFO] trainer: epoch 87 step 50/54 loss=1.6389 lr=1.88e-04
2026-07-16 07:52:54,821 [INFO] trainer: epoch 87 done train_loss=1.6488 dt=16.5s
2026-07-16 07:53:08,877 [INFO] trainer: epoch 88 step 50/54 loss=1.6727 lr=1.88e-04
2026-07-16 07:53:09,925 [INFO] trainer: epoch 88 done train_loss=1.6656 dt=15.1s
2026-07-16 07:53:23,800 [INFO] trainer: epoch 89 step 50/54 loss=1.6302 lr=1.88e-04
2026-07-16 07:53:24,845 [INFO] trainer: epoch 89 done train_loss=1.6375 dt=14.9s
2026-07-16 07:53:38,648 [INFO] trainer: epoch 90 step 50/54 loss=1.5854 lr=1.87e-04
2026-07-16 07:53:39,698 [INFO] trainer: epoch 90 done train_loss=1.5780 dt=14.9s
2026-07-16 07:53:53,923 [INFO] trainer: epoch 91 step 50/54 loss=1.5925 lr=1.87e-04
2026-07-16 07:53:54,971 [INFO] trainer: epoch 91 done train_loss=1.5917 dt=15.0s
2026-07-16 07:54:08,947 [INFO] trainer: epoch 92 step 50/54 loss=1.5936 lr=1.87e-04
2026-07-16 07:54:09,998 [INFO] trainer: epoch 92 done train_loss=1.5965 dt=15.0s
2026-07-16 07:54:23,846 [INFO] trainer: epoch 93 step 50/54 loss=1.5792 lr=1.86e-04
2026-07-16 07:54:24,895 [INFO] trainer: epoch 93 done train_loss=1.5743 dt=14.9s
2026-07-16 07:54:38,718 [INFO] trainer: epoch 94 step 50/54 loss=1.5731 lr=1.86e-04
2026-07-16 07:54:39,768 [INFO] trainer: epoch 94 done train_loss=1.5765 dt=14.9s
2026-07-16 07:54:53,707 [INFO] trainer: epoch 95 step 50/54 loss=1.5622 lr=1.86e-04
2026-07-16 07:54:54,754 [INFO] trainer: epoch 95 done train_loss=1.5551 dt=15.0s
2026-07-16 07:55:08,820 [INFO] trainer: epoch 96 step 50/54 loss=1.5357 lr=1.85e-04
2026-07-16 07:55:09,874 [INFO] trainer: epoch 96 done train_loss=1.5460 dt=15.1s
2026-07-16 07:55:23,794 [INFO] trainer: epoch 97 step 50/54 loss=1.5491 lr=1.85e-04
2026-07-16 07:55:24,842 [INFO] trainer: epoch 97 done train_loss=1.5507 dt=15.0s
2026-07-16 07:55:38,781 [INFO] trainer: epoch 98 step 50/54 loss=1.5677 lr=1.85e-04
2026-07-16 07:55:39,825 [INFO] trainer: epoch 98 done train_loss=1.5518 dt=15.0s
2026-07-16 07:55:53,668 [INFO] trainer: epoch 99 step 50/54 loss=1.5590 lr=1.84e-04
2026-07-16 07:55:54,717 [INFO] trainer: epoch 99 done train_loss=1.5643 dt=14.9s
2026-07-16 07:56:08,598 [INFO] trainer: epoch 100 step 50/54 loss=1.5268 lr=1.84e-04
2026-07-16 07:56:09,645 [INFO] trainer: epoch 100 done train_loss=1.5226 dt=14.9s
2026-07-16 07:57:33,835 [INFO] trainer: epoch 100 val_mean_dice=0.6239
2026-07-16 07:57:48,057 [INFO] trainer: epoch 101 step 50/54 loss=1.5181 lr=1.84e-04
2026-07-16 07:57:49,105 [INFO] trainer: epoch 101 done train_loss=1.5157 dt=14.9s
2026-07-16 07:58:03,064 [INFO] trainer: epoch 102 step 50/54 loss=1.5527 lr=1.83e-04
2026-07-16 07:58:04,109 [INFO] trainer: epoch 102 done train_loss=1.5385 dt=15.0s
2026-07-16 07:58:18,232 [INFO] trainer: epoch 103 step 50/54 loss=1.5411 lr=1.83e-04
2026-07-16 07:58:19,277 [INFO] trainer: epoch 103 done train_loss=1.5345 dt=15.2s
2026-07-16 07:58:33,102 [INFO] trainer: epoch 104 step 50/54 loss=1.5117 lr=1.82e-04
2026-07-16 07:58:34,147 [INFO] trainer: epoch 104 done train_loss=1.5061 dt=14.9s
2026-07-16 07:58:47,868 [INFO] trainer: epoch 105 step 50/54 loss=1.5202 lr=1.82e-04
2026-07-16 07:58:48,914 [INFO] trainer: epoch 105 done train_loss=1.5200 dt=14.8s
2026-07-16 07:59:02,704 [INFO] trainer: epoch 106 step 50/54 loss=1.5178 lr=1.82e-04
2026-07-16 07:59:03,750 [INFO] trainer: epoch 106 done train_loss=1.5371 dt=14.8s
2026-07-16 07:59:17,832 [INFO] trainer: epoch 107 step 50/54 loss=1.4863 lr=1.81e-04
2026-07-16 07:59:18,879 [INFO] trainer: epoch 107 done train_loss=1.4997 dt=15.1s
2026-07-16 07:59:32,908 [INFO] trainer: epoch 108 step 50/54 loss=1.4941 lr=1.81e-04
2026-07-16 07:59:33,954 [INFO] trainer: epoch 108 done train_loss=1.5021 dt=15.1s
2026-07-16 07:59:47,776 [INFO] trainer: epoch 109 step 50/54 loss=1.5130 lr=1.81e-04
2026-07-16 07:59:48,829 [INFO] trainer: epoch 109 done train_loss=1.5061 dt=14.9s
2026-07-16 08:00:02,658 [INFO] trainer: epoch 110 step 50/54 loss=1.5014 lr=1.80e-04
2026-07-16 08:00:03,700 [INFO] trainer: epoch 110 done train_loss=1.4908 dt=14.9s
2026-07-16 08:00:17,907 [INFO] trainer: epoch 111 step 50/54 loss=1.4893 lr=1.80e-04
2026-07-16 08:00:18,951 [INFO] trainer: epoch 111 done train_loss=1.5069 dt=15.0s
2026-07-16 08:00:32,666 [INFO] trainer: epoch 112 step 50/54 loss=1.4741 lr=1.79e-04
2026-07-16 08:00:33,710 [INFO] trainer: epoch 112 done train_loss=1.4726 dt=14.8s
2026-07-16 08:00:47,573 [INFO] trainer: epoch 113 step 50/54 loss=1.5024 lr=1.79e-04
2026-07-16 08:00:48,615 [INFO] trainer: epoch 113 done train_loss=1.5125 dt=14.9s
2026-07-16 08:01:02,516 [INFO] trainer: epoch 114 step 50/54 loss=1.5106 lr=1.79e-04
2026-07-16 08:01:03,561 [INFO] trainer: epoch 114 done train_loss=1.5027 dt=14.9s
2026-07-16 08:01:17,840 [INFO] trainer: epoch 115 step 50/54 loss=1.4878 lr=1.78e-04
2026-07-16 08:01:18,883 [INFO] trainer: epoch 115 done train_loss=1.4797 dt=15.3s
2026-07-16 08:01:32,857 [INFO] trainer: epoch 116 step 50/54 loss=1.4486 lr=1.78e-04
2026-07-16 08:01:33,901 [INFO] trainer: epoch 116 done train_loss=1.4484 dt=15.0s
2026-07-16 08:01:47,910 [INFO] trainer: epoch 117 step 50/54 loss=1.4540 lr=1.78e-04
2026-07-16 08:01:48,952 [INFO] trainer: epoch 117 done train_loss=1.4609 dt=15.1s
2026-07-16 08:02:02,843 [INFO] trainer: epoch 118 step 50/54 loss=1.4900 lr=1.77e-04
2026-07-16 08:02:03,886 [INFO] trainer: epoch 118 done train_loss=1.4741 dt=14.9s
2026-07-16 08:02:17,849 [INFO] trainer: epoch 119 step 50/54 loss=1.4810 lr=1.77e-04
2026-07-16 08:02:18,899 [INFO] trainer: epoch 119 done train_loss=1.4794 dt=15.0s
2026-07-16 08:02:32,827 [INFO] trainer: epoch 120 step 50/54 loss=1.4770 lr=1.76e-04
2026-07-16 08:02:33,872 [INFO] trainer: epoch 120 done train_loss=1.4791 dt=15.0s
2026-07-16 08:02:47,842 [INFO] trainer: epoch 121 step 50/54 loss=1.4196 lr=1.76e-04
2026-07-16 08:02:48,887 [INFO] trainer: epoch 121 done train_loss=1.4295 dt=14.8s
2026-07-16 08:03:36,013 [INFO] trainer: epoch 122 step 50/54 loss=1.4798 lr=1.75e-04
2026-07-16 08:03:37,056 [INFO] trainer: epoch 122 done train_loss=1.4847 dt=48.2s
2026-07-16 08:03:50,942 [INFO] trainer: epoch 123 step 50/54 loss=1.4557 lr=1.75e-04
2026-07-16 08:03:51,985 [INFO] trainer: epoch 123 done train_loss=1.4621 dt=14.9s
2026-07-16 08:04:05,817 [INFO] trainer: epoch 124 step 50/54 loss=1.4567 lr=1.75e-04
2026-07-16 08:04:06,864 [INFO] trainer: epoch 124 done train_loss=1.4489 dt=14.9s
2026-07-16 08:04:20,820 [INFO] trainer: epoch 125 step 50/54 loss=1.4204 lr=1.74e-04
2026-07-16 08:04:21,877 [INFO] trainer: epoch 125 done train_loss=1.4274 dt=15.0s
2026-07-16 08:05:41,258 [INFO] trainer: epoch 125 val_mean_dice=0.6770
2026-07-16 08:05:55,510 [INFO] trainer: epoch 126 step 50/54 loss=1.4296 lr=1.74e-04
2026-07-16 08:05:56,658 [INFO] trainer: epoch 126 done train_loss=1.4389 dt=15.0s
2026-07-16 08:06:10,571 [INFO] trainer: epoch 127 step 50/54 loss=1.4318 lr=1.73e-04
2026-07-16 08:06:11,617 [INFO] trainer: epoch 127 done train_loss=1.4329 dt=15.0s
2026-07-16 08:06:25,482 [INFO] trainer: epoch 128 step 50/54 loss=1.4057 lr=1.73e-04
2026-07-16 08:06:26,527 [INFO] trainer: epoch 128 done train_loss=1.3978 dt=14.9s
2026-07-16 08:06:40,395 [INFO] trainer: epoch 129 step 50/54 loss=1.4229 lr=1.72e-04
2026-07-16 08:06:41,442 [INFO] trainer: epoch 129 done train_loss=1.4345 dt=14.9s
2026-07-16 08:06:55,371 [INFO] trainer: epoch 130 step 50/54 loss=1.4004 lr=1.72e-04
2026-07-16 08:06:56,419 [INFO] trainer: epoch 130 done train_loss=1.3875 dt=15.0s
2026-07-16 08:07:10,569 [INFO] trainer: epoch 131 step 50/54 loss=1.4077 lr=1.72e-04
2026-07-16 08:07:11,616 [INFO] trainer: epoch 131 done train_loss=1.4155 dt=14.9s
2026-07-16 08:07:25,540 [INFO] trainer: epoch 132 step 50/54 loss=1.3974 lr=1.71e-04
2026-07-16 08:07:26,586 [INFO] trainer: epoch 132 done train_loss=1.4049 dt=15.0s
2026-07-16 08:07:40,578 [INFO] trainer: epoch 133 step 50/54 loss=1.3777 lr=1.71e-04
2026-07-16 08:07:41,622 [INFO] trainer: epoch 133 done train_loss=1.3911 dt=15.0s
2026-07-16 08:07:55,554 [INFO] trainer: epoch 134 step 50/54 loss=1.4220 lr=1.70e-04
2026-07-16 08:07:56,599 [INFO] trainer: epoch 134 done train_loss=1.4375 dt=15.0s
2026-07-16 08:08:10,465 [INFO] trainer: epoch 135 step 50/54 loss=1.4301 lr=1.70e-04
2026-07-16 08:08:11,513 [INFO] trainer: epoch 135 done train_loss=1.4275 dt=14.9s
2026-07-16 08:08:25,299 [INFO] trainer: epoch 136 step 50/54 loss=1.4172 lr=1.69e-04
2026-07-16 08:08:26,345 [INFO] trainer: epoch 136 done train_loss=1.4199 dt=14.8s
2026-07-16 08:08:40,232 [INFO] trainer: epoch 137 step 50/54 loss=1.4353 lr=1.69e-04
2026-07-16 08:08:41,278 [INFO] trainer: epoch 137 done train_loss=1.4143 dt=14.9s
2026-07-16 08:08:55,311 [INFO] trainer: epoch 138 step 50/54 loss=1.4072 lr=1.68e-04
2026-07-16 08:08:56,357 [INFO] trainer: epoch 138 done train_loss=1.4114 dt=15.1s
2026-07-16 08:09:10,258 [INFO] trainer: epoch 139 step 50/54 loss=1.4307 lr=1.68e-04
2026-07-16 08:09:11,305 [INFO] trainer: epoch 139 done train_loss=1.4329 dt=14.9s
2026-07-16 08:09:25,215 [INFO] trainer: epoch 140 step 50/54 loss=1.3848 lr=1.67e-04
2026-07-16 08:09:26,257 [INFO] trainer: epoch 140 done train_loss=1.4006 dt=15.0s
2026-07-16 08:09:40,431 [INFO] trainer: epoch 141 step 50/54 loss=1.4067 lr=1.67e-04
2026-07-16 08:09:41,479 [INFO] trainer: epoch 141 done train_loss=1.4168 dt=14.9s
2026-07-16 08:09:55,551 [INFO] trainer: epoch 142 step 50/54 loss=1.3753 lr=1.66e-04
2026-07-16 08:09:58,981 [INFO] trainer: epoch 142 done train_loss=1.3757 dt=17.5s
2026-07-16 08:10:12,858 [INFO] trainer: epoch 143 step 50/54 loss=1.4042 lr=1.66e-04
2026-07-16 08:10:13,912 [INFO] trainer: epoch 143 done train_loss=1.4027 dt=14.9s
2026-07-16 08:10:27,795 [INFO] trainer: epoch 144 step 50/54 loss=1.4320 lr=1.66e-04
2026-07-16 08:10:28,845 [INFO] trainer: epoch 144 done train_loss=1.4275 dt=14.9s
2026-07-16 08:10:42,747 [INFO] trainer: epoch 145 step 50/54 loss=1.3931 lr=1.65e-04
2026-07-16 08:10:43,797 [INFO] trainer: epoch 145 done train_loss=1.3970 dt=15.0s
2026-07-16 08:10:57,675 [INFO] trainer: epoch 146 step 50/54 loss=1.3430 lr=1.65e-04
2026-07-16 08:10:58,727 [INFO] trainer: epoch 146 done train_loss=1.3439 dt=14.9s
2026-07-16 08:11:12,780 [INFO] trainer: epoch 147 step 50/54 loss=1.3633 lr=1.64e-04
2026-07-16 08:11:13,831 [INFO] trainer: epoch 147 done train_loss=1.3609 dt=15.1s
2026-07-16 08:11:27,738 [INFO] trainer: epoch 148 step 50/54 loss=1.3646 lr=1.64e-04
2026-07-16 08:11:28,786 [INFO] trainer: epoch 148 done train_loss=1.3716 dt=15.0s
2026-07-16 08:11:42,924 [INFO] trainer: epoch 149 step 50/54 loss=1.3440 lr=1.63e-04
2026-07-16 08:11:43,977 [INFO] trainer: epoch 149 done train_loss=1.3480 dt=15.2s
2026-07-16 08:11:57,876 [INFO] trainer: epoch 150 step 50/54 loss=1.3947 lr=1.63e-04
2026-07-16 08:11:58,929 [INFO] trainer: epoch 150 done train_loss=1.3882 dt=15.0s
2026-07-16 08:13:18,408 [INFO] trainer: epoch 150 val_mean_dice=0.6971
2026-07-16 08:13:32,806 [INFO] trainer: epoch 151 step 50/54 loss=1.3842 lr=1.62e-04
2026-07-16 08:13:33,854 [INFO] trainer: epoch 151 done train_loss=1.3935 dt=14.9s
2026-07-16 08:13:47,733 [INFO] trainer: epoch 152 step 50/54 loss=1.3966 lr=1.62e-04
2026-07-16 08:13:48,781 [INFO] trainer: epoch 152 done train_loss=1.3989 dt=14.9s
2026-07-16 08:14:02,768 [INFO] trainer: epoch 153 step 50/54 loss=1.3659 lr=1.61e-04
2026-07-16 08:14:03,820 [INFO] trainer: epoch 153 done train_loss=1.3654 dt=15.0s
2026-07-16 08:14:22,619 [INFO] trainer: epoch 154 step 50/54 loss=1.3421 lr=1.61e-04
2026-07-16 08:14:23,708 [INFO] trainer: epoch 154 done train_loss=1.3566 dt=19.9s
2026-07-16 08:14:37,943 [INFO] trainer: epoch 155 step 50/54 loss=1.3677 lr=1.60e-04
2026-07-16 08:14:38,993 [INFO] trainer: epoch 155 done train_loss=1.3680 dt=15.3s
2026-07-16 08:14:53,084 [INFO] trainer: epoch 156 step 50/54 loss=1.3882 lr=1.60e-04
2026-07-16 08:14:54,133 [INFO] trainer: epoch 156 done train_loss=1.3919 dt=15.1s
2026-07-16 08:15:08,019 [INFO] trainer: epoch 157 step 50/54 loss=1.3951 lr=1.59e-04
2026-07-16 08:15:09,067 [INFO] trainer: epoch 157 done train_loss=1.3850 dt=14.9s
2026-07-16 08:15:22,833 [INFO] trainer: epoch 158 step 50/54 loss=1.4095 lr=1.59e-04
2026-07-16 08:15:23,883 [INFO] trainer: epoch 158 done train_loss=1.4060 dt=14.8s
2026-07-16 08:15:37,842 [INFO] trainer: epoch 159 step 50/54 loss=1.3388 lr=1.58e-04
2026-07-16 08:15:38,889 [INFO] trainer: epoch 159 done train_loss=1.3328 dt=15.0s
2026-07-16 08:15:52,660 [INFO] trainer: epoch 160 step 50/54 loss=1.3982 lr=1.57e-04
2026-07-16 08:15:53,705 [INFO] trainer: epoch 160 done train_loss=1.3868 dt=14.8s
2026-07-16 08:16:07,847 [INFO] trainer: epoch 161 step 50/54 loss=1.3686 lr=1.57e-04
2026-07-16 08:16:08,896 [INFO] trainer: epoch 161 done train_loss=1.3633 dt=14.9s
2026-07-16 08:16:22,876 [INFO] trainer: epoch 162 step 50/54 loss=1.3468 lr=1.56e-04
2026-07-16 08:16:23,923 [INFO] trainer: epoch 162 done train_loss=1.3500 dt=15.0s
2026-07-16 08:16:37,749 [INFO] trainer: epoch 163 step 50/54 loss=1.3583 lr=1.56e-04
2026-07-16 08:16:38,794 [INFO] trainer: epoch 163 done train_loss=1.3541 dt=14.9s
2026-07-16 08:16:52,679 [INFO] trainer: epoch 164 step 50/54 loss=1.3462 lr=1.55e-04
2026-07-16 08:16:53,725 [INFO] trainer: epoch 164 done train_loss=1.3562 dt=14.9s
2026-07-16 08:17:07,531 [INFO] trainer: epoch 165 step 50/54 loss=1.3505 lr=1.55e-04
2026-07-16 08:17:08,579 [INFO] trainer: epoch 165 done train_loss=1.3424 dt=14.9s
2026-07-16 08:17:22,537 [INFO] trainer: epoch 166 step 50/54 loss=1.3125 lr=1.54e-04
2026-07-16 08:17:23,586 [INFO] trainer: epoch 166 done train_loss=1.3312 dt=15.0s
2026-07-16 08:17:37,615 [INFO] trainer: epoch 167 step 50/54 loss=1.3475 lr=1.54e-04
2026-07-16 08:17:38,664 [INFO] trainer: epoch 167 done train_loss=1.3525 dt=15.1s
2026-07-16 08:17:52,527 [INFO] trainer: epoch 168 step 50/54 loss=1.3504 lr=1.53e-04
2026-07-16 08:17:53,578 [INFO] trainer: epoch 168 done train_loss=1.3657 dt=14.9s
2026-07-16 08:18:07,363 [INFO] trainer: epoch 169 step 50/54 loss=1.3358 lr=1.53e-04
2026-07-16 08:18:08,409 [INFO] trainer: epoch 169 done train_loss=1.3421 dt=14.8s
2026-07-16 08:18:22,132 [INFO] trainer: epoch 170 step 50/54 loss=1.3048 lr=1.52e-04
2026-07-16 08:18:23,179 [INFO] trainer: epoch 170 done train_loss=1.3011 dt=14.8s
2026-07-16 08:18:37,369 [INFO] trainer: epoch 171 step 50/54 loss=1.3730 lr=1.52e-04
2026-07-16 08:18:38,416 [INFO] trainer: epoch 171 done train_loss=1.3681 dt=15.0s
2026-07-16 08:18:52,342 [INFO] trainer: epoch 172 step 50/54 loss=1.3313 lr=1.51e-04
2026-07-16 08:18:53,390 [INFO] trainer: epoch 172 done train_loss=1.3396 dt=15.0s
2026-07-16 08:19:07,112 [INFO] trainer: epoch 173 step 50/54 loss=1.3751 lr=1.50e-04
2026-07-16 08:19:08,160 [INFO] trainer: epoch 173 done train_loss=1.3717 dt=14.8s
2026-07-16 08:19:22,053 [INFO] trainer: epoch 174 step 50/54 loss=1.3040 lr=1.50e-04
2026-07-16 08:19:23,098 [INFO] trainer: epoch 174 done train_loss=1.3062 dt=14.9s
2026-07-16 08:19:37,265 [INFO] trainer: epoch 175 step 50/54 loss=1.2912 lr=1.49e-04
2026-07-16 08:19:38,310 [INFO] trainer: epoch 175 done train_loss=1.2954 dt=15.2s
2026-07-16 08:21:06,352 [INFO] trainer: epoch 175 val_mean_dice=0.7068
2026-07-16 08:21:20,438 [INFO] trainer: epoch 176 step 50/54 loss=1.3326 lr=1.49e-04
2026-07-16 08:21:21,486 [INFO] trainer: epoch 176 done train_loss=1.3338 dt=14.9s
2026-07-16 08:21:35,399 [INFO] trainer: epoch 177 step 50/54 loss=1.3328 lr=1.48e-04
2026-07-16 08:21:36,447 [INFO] trainer: epoch 177 done train_loss=1.3230 dt=15.0s
2026-07-16 08:21:50,570 [INFO] trainer: epoch 178 step 50/54 loss=1.3393 lr=1.48e-04
2026-07-16 08:21:51,615 [INFO] trainer: epoch 178 done train_loss=1.3474 dt=15.2s
2026-07-16 08:22:05,454 [INFO] trainer: epoch 179 step 50/54 loss=1.2869 lr=1.47e-04
2026-07-16 08:22:06,500 [INFO] trainer: epoch 179 done train_loss=1.2964 dt=14.9s
2026-07-16 08:22:22,151 [INFO] trainer: epoch 180 step 50/54 loss=1.3690 lr=1.47e-04
2026-07-16 08:22:23,246 [INFO] trainer: epoch 180 done train_loss=1.3669 dt=16.7s
2026-07-16 08:22:37,684 [INFO] trainer: epoch 181 step 50/54 loss=1.3430 lr=1.46e-04
2026-07-16 08:22:38,731 [INFO] trainer: epoch 181 done train_loss=1.3316 dt=15.3s
2026-07-16 08:22:52,496 [INFO] trainer: epoch 182 step 50/54 loss=1.3173 lr=1.45e-04
2026-07-16 08:22:53,543 [INFO] trainer: epoch 182 done train_loss=1.3312 dt=14.8s
2026-07-16 08:23:07,588 [INFO] trainer: epoch 183 step 50/54 loss=1.3518 lr=1.45e-04
2026-07-16 08:23:08,633 [INFO] trainer: epoch 183 done train_loss=1.3510 dt=15.1s
2026-07-16 08:23:22,527 [INFO] trainer: epoch 184 step 50/54 loss=1.3486 lr=1.44e-04
2026-07-16 08:23:23,574 [INFO] trainer: epoch 184 done train_loss=1.3484 dt=14.9s
2026-07-16 08:23:37,323 [INFO] trainer: epoch 185 step 50/54 loss=1.2832 lr=1.44e-04
2026-07-16 08:23:38,367 [INFO] trainer: epoch 185 done train_loss=1.2785 dt=14.8s
2026-07-16 08:23:52,126 [INFO] trainer: epoch 186 step 50/54 loss=1.3169 lr=1.43e-04
2026-07-16 08:23:53,175 [INFO] trainer: epoch 186 done train_loss=1.3081 dt=14.8s
2026-07-16 08:24:07,346 [INFO] trainer: epoch 187 step 50/54 loss=1.3182 lr=1.43e-04
2026-07-16 08:24:08,393 [INFO] trainer: epoch 187 done train_loss=1.3231 dt=15.2s
2026-07-16 08:24:22,244 [INFO] trainer: epoch 188 step 50/54 loss=1.3244 lr=1.42e-04
2026-07-16 08:24:23,291 [INFO] trainer: epoch 188 done train_loss=1.3297 dt=14.9s
2026-07-16 08:24:37,256 [INFO] trainer: epoch 189 step 50/54 loss=1.2990 lr=1.41e-04
2026-07-16 08:24:38,307 [INFO] trainer: epoch 189 done train_loss=1.3030 dt=15.0s
2026-07-16 08:24:52,118 [INFO] trainer: epoch 190 step 50/54 loss=1.3145 lr=1.41e-04
2026-07-16 08:24:53,168 [INFO] trainer: epoch 190 done train_loss=1.3152 dt=14.9s
2026-07-16 08:25:07,431 [INFO] trainer: epoch 191 step 50/54 loss=1.3368 lr=1.40e-04
2026-07-16 08:25:08,478 [INFO] trainer: epoch 191 done train_loss=1.3285 dt=15.1s
2026-07-16 08:25:22,422 [INFO] trainer: epoch 192 step 50/54 loss=1.3118 lr=1.40e-04
2026-07-16 08:25:23,468 [INFO] trainer: epoch 192 done train_loss=1.3204 dt=15.0s
2026-07-16 08:25:37,394 [INFO] trainer: epoch 193 step 50/54 loss=1.3046 lr=1.39e-04
2026-07-16 08:25:38,442 [INFO] trainer: epoch 193 done train_loss=1.2935 dt=15.0s
2026-07-16 08:25:52,490 [INFO] trainer: epoch 194 step 50/54 loss=1.3038 lr=1.38e-04
2026-07-16 08:25:53,534 [INFO] trainer: epoch 194 done train_loss=1.3031 dt=15.1s
2026-07-16 08:26:07,455 [INFO] trainer: epoch 195 step 50/54 loss=1.2999 lr=1.38e-04
2026-07-16 08:26:08,502 [INFO] trainer: epoch 195 done train_loss=1.2990 dt=15.0s
2026-07-16 08:26:22,280 [INFO] trainer: epoch 196 step 50/54 loss=1.2818 lr=1.37e-04
2026-07-16 08:26:23,326 [INFO] trainer: epoch 196 done train_loss=1.2782 dt=14.8s
2026-07-16 08:26:37,310 [INFO] trainer: epoch 197 step 50/54 loss=1.2752 lr=1.37e-04
2026-07-16 08:26:38,358 [INFO] trainer: epoch 197 done train_loss=1.2734 dt=15.0s
2026-07-16 08:26:52,607 [INFO] trainer: epoch 198 step 50/54 loss=1.3147 lr=1.36e-04
2026-07-16 08:26:53,654 [INFO] trainer: epoch 198 done train_loss=1.3059 dt=15.3s
2026-07-16 08:27:07,561 [INFO] trainer: epoch 199 step 50/54 loss=1.3202 lr=1.36e-04
2026-07-16 08:27:08,610 [INFO] trainer: epoch 199 done train_loss=1.3074 dt=15.0s
2026-07-16 08:27:23,031 [INFO] trainer: epoch 200 step 50/54 loss=1.3125 lr=1.35e-04
2026-07-16 08:27:24,085 [INFO] trainer: epoch 200 done train_loss=1.3120 dt=15.5s
2026-07-16 08:28:49,975 [INFO] trainer: epoch 200 val_mean_dice=0.7182
2026-07-16 08:29:04,125 [INFO] trainer: epoch 201 step 50/54 loss=1.3232 lr=1.34e-04
2026-07-16 08:29:05,172 [INFO] trainer: epoch 201 done train_loss=1.3257 dt=14.8s
2026-07-16 08:29:19,162 [INFO] trainer: epoch 202 step 50/54 loss=1.2960 lr=1.34e-04
2026-07-16 08:29:20,206 [INFO] trainer: epoch 202 done train_loss=1.2957 dt=15.0s
2026-07-16 08:29:34,081 [INFO] trainer: epoch 203 step 50/54 loss=1.3377 lr=1.33e-04
2026-07-16 08:29:35,128 [INFO] trainer: epoch 203 done train_loss=1.3371 dt=14.9s
2026-07-16 08:29:49,068 [INFO] trainer: epoch 204 step 50/54 loss=1.3272 lr=1.33e-04
2026-07-16 08:29:50,113 [INFO] trainer: epoch 204 done train_loss=1.3216 dt=15.0s
2026-07-16 08:30:03,991 [INFO] trainer: epoch 205 step 50/54 loss=1.2608 lr=1.32e-04
2026-07-16 08:30:05,040 [INFO] trainer: epoch 205 done train_loss=1.2678 dt=14.9s
2026-07-16 08:30:18,928 [INFO] trainer: epoch 206 step 50/54 loss=1.2762 lr=1.31e-04
2026-07-16 08:30:19,979 [INFO] trainer: epoch 206 done train_loss=1.2746 dt=14.9s
2026-07-16 08:30:34,014 [INFO] trainer: epoch 207 step 50/54 loss=1.3011 lr=1.31e-04
2026-07-16 08:30:35,062 [INFO] trainer: epoch 207 done train_loss=1.2886 dt=15.1s
2026-07-16 08:30:48,948 [INFO] trainer: epoch 208 step 50/54 loss=1.3033 lr=1.30e-04
2026-07-16 08:30:49,995 [INFO] trainer: epoch 208 done train_loss=1.2955 dt=14.9s
2026-07-16 08:31:03,824 [INFO] trainer: epoch 209 step 50/54 loss=1.2901 lr=1.29e-04
2026-07-16 08:31:04,870 [INFO] trainer: epoch 209 done train_loss=1.2963 dt=14.9s
2026-07-16 08:31:18,745 [INFO] trainer: epoch 210 step 50/54 loss=1.3121 lr=1.29e-04
2026-07-16 08:31:19,797 [INFO] trainer: epoch 210 done train_loss=1.3221 dt=14.9s
2026-07-16 08:31:33,724 [INFO] trainer: epoch 211 step 50/54 loss=1.2626 lr=1.28e-04
2026-07-16 08:31:34,770 [INFO] trainer: epoch 211 done train_loss=1.2527 dt=14.7s
2026-07-16 08:31:48,539 [INFO] trainer: epoch 212 step 50/54 loss=1.2640 lr=1.28e-04
2026-07-16 08:31:49,587 [INFO] trainer: epoch 212 done train_loss=1.2738 dt=14.8s
2026-07-16 08:32:03,406 [INFO] trainer: epoch 213 step 50/54 loss=1.2876 lr=1.27e-04
2026-07-16 08:32:04,453 [INFO] trainer: epoch 213 done train_loss=1.2937 dt=14.9s
2026-07-16 08:32:18,198 [INFO] trainer: epoch 214 step 50/54 loss=1.2731 lr=1.26e-04
2026-07-16 08:32:19,246 [INFO] trainer: epoch 214 done train_loss=1.2771 dt=14.8s
2026-07-16 08:32:33,240 [INFO] trainer: epoch 215 step 50/54 loss=1.2506 lr=1.26e-04
2026-07-16 08:32:34,354 [INFO] trainer: epoch 215 done train_loss=1.2575 dt=15.1s
2026-07-16 08:32:49,505 [INFO] trainer: epoch 216 step 50/54 loss=1.2917 lr=1.25e-04
2026-07-16 08:32:50,606 [INFO] trainer: epoch 216 done train_loss=1.2878 dt=16.3s
2026-07-16 08:33:04,461 [INFO] trainer: epoch 217 step 50/54 loss=1.3094 lr=1.25e-04
2026-07-16 08:33:05,513 [INFO] trainer: epoch 217 done train_loss=1.3099 dt=14.9s
2026-07-16 08:33:19,335 [INFO] trainer: epoch 218 step 50/54 loss=1.2809 lr=1.24e-04
2026-07-16 08:33:20,382 [INFO] trainer: epoch 218 done train_loss=1.2896 dt=14.9s
2026-07-16 08:33:34,882 [INFO] trainer: epoch 219 step 50/54 loss=1.2990 lr=1.23e-04
2026-07-16 08:33:35,927 [INFO] trainer: epoch 219 done train_loss=1.2988 dt=15.5s
2026-07-16 08:33:49,687 [INFO] trainer: epoch 220 step 50/54 loss=1.2858 lr=1.23e-04
2026-07-16 08:33:50,735 [INFO] trainer: epoch 220 done train_loss=1.2754 dt=14.8s
2026-07-16 08:34:04,742 [INFO] trainer: epoch 221 step 50/54 loss=1.2606 lr=1.22e-04
2026-07-16 08:34:05,789 [INFO] trainer: epoch 221 done train_loss=1.2608 dt=14.8s
2026-07-16 08:34:19,656 [INFO] trainer: epoch 222 step 50/54 loss=1.3177 lr=1.21e-04
2026-07-16 08:34:20,700 [INFO] trainer: epoch 222 done train_loss=1.3176 dt=14.9s
2026-07-16 08:34:34,668 [INFO] trainer: epoch 223 step 50/54 loss=1.2742 lr=1.21e-04
2026-07-16 08:34:35,715 [INFO] trainer: epoch 223 done train_loss=1.2805 dt=15.0s
2026-07-16 08:34:49,589 [INFO] trainer: epoch 224 step 50/54 loss=1.3205 lr=1.20e-04
2026-07-16 08:34:50,635 [INFO] trainer: epoch 224 done train_loss=1.3196 dt=14.9s
2026-07-16 08:35:04,570 [INFO] trainer: epoch 225 step 50/54 loss=1.2748 lr=1.20e-04
2026-07-16 08:35:05,617 [INFO] trainer: epoch 225 done train_loss=1.2735 dt=15.0s
2026-07-16 08:36:34,180 [INFO] trainer: epoch 225 val_mean_dice=0.7194
2026-07-16 08:36:48,470 [INFO] trainer: epoch 226 step 50/54 loss=1.2725 lr=1.19e-04
2026-07-16 08:36:49,519 [INFO] trainer: epoch 226 done train_loss=1.2729 dt=15.1s
2026-07-16 08:37:03,577 [INFO] trainer: epoch 227 step 50/54 loss=1.2298 lr=1.18e-04
2026-07-16 08:37:04,628 [INFO] trainer: epoch 227 done train_loss=1.2448 dt=15.1s
2026-07-16 08:37:18,450 [INFO] trainer: epoch 228 step 50/54 loss=1.2618 lr=1.18e-04
2026-07-16 08:37:19,497 [INFO] trainer: epoch 228 done train_loss=1.2552 dt=14.9s
2026-07-16 08:37:33,410 [INFO] trainer: epoch 229 step 50/54 loss=1.2597 lr=1.17e-04
2026-07-16 08:37:34,459 [INFO] trainer: epoch 229 done train_loss=1.2562 dt=15.0s
2026-07-16 08:37:48,409 [INFO] trainer: epoch 230 step 50/54 loss=1.3024 lr=1.16e-04
2026-07-16 08:37:49,459 [INFO] trainer: epoch 230 done train_loss=1.2954 dt=15.0s
2026-07-16 08:38:03,608 [INFO] trainer: epoch 231 step 50/54 loss=1.2987 lr=1.16e-04
2026-07-16 08:38:04,656 [INFO] trainer: epoch 231 done train_loss=1.2870 dt=15.0s
2026-07-16 08:38:18,505 [INFO] trainer: epoch 232 step 50/54 loss=1.2872 lr=1.15e-04
2026-07-16 08:38:19,553 [INFO] trainer: epoch 232 done train_loss=1.2786 dt=14.9s
2026-07-16 08:38:33,537 [INFO] trainer: epoch 233 step 50/54 loss=1.2662 lr=1.15e-04
2026-07-16 08:38:34,586 [INFO] trainer: epoch 233 done train_loss=1.2665 dt=15.0s
2026-07-16 08:38:48,399 [INFO] trainer: epoch 234 step 50/54 loss=1.2707 lr=1.14e-04
2026-07-16 08:38:49,449 [INFO] trainer: epoch 234 done train_loss=1.2685 dt=14.9s
2026-07-16 08:39:03,228 [INFO] trainer: epoch 235 step 50/54 loss=1.2619 lr=1.13e-04
2026-07-16 08:39:04,278 [INFO] trainer: epoch 235 done train_loss=1.2695 dt=14.8s
2026-07-16 08:39:18,264 [INFO] trainer: epoch 236 step 50/54 loss=1.2212 lr=1.13e-04
2026-07-16 08:39:19,316 [INFO] trainer: epoch 236 done train_loss=1.2300 dt=15.0s
2026-07-16 08:39:33,293 [INFO] trainer: epoch 237 step 50/54 loss=1.2338 lr=1.12e-04
2026-07-16 08:39:34,347 [INFO] trainer: epoch 237 done train_loss=1.2354 dt=15.0s
2026-07-16 08:39:48,229 [INFO] trainer: epoch 238 step 50/54 loss=1.2880 lr=1.11e-04
2026-07-16 08:39:49,278 [INFO] trainer: epoch 238 done train_loss=1.3036 dt=14.9s
2026-07-16 08:40:03,288 [INFO] trainer: epoch 239 step 50/54 loss=1.3073 lr=1.11e-04
2026-07-16 08:40:04,337 [INFO] trainer: epoch 239 done train_loss=1.2929 dt=15.1s
2026-07-16 08:40:18,199 [INFO] trainer: epoch 240 step 50/54 loss=1.2617 lr=1.10e-04
2026-07-16 08:40:19,248 [INFO] trainer: epoch 240 done train_loss=1.2596 dt=14.9s
2026-07-16 08:40:33,286 [INFO] trainer: epoch 241 step 50/54 loss=1.3088 lr=1.09e-04
2026-07-16 08:40:34,336 [INFO] trainer: epoch 241 done train_loss=1.3079 dt=14.9s
2026-07-16 08:40:48,338 [INFO] trainer: epoch 242 step 50/54 loss=1.2782 lr=1.09e-04
2026-07-16 08:40:49,388 [INFO] trainer: epoch 242 done train_loss=1.2714 dt=15.1s
2026-07-16 08:41:03,218 [INFO] trainer: epoch 243 step 50/54 loss=1.2679 lr=1.08e-04
2026-07-16 08:41:04,270 [INFO] trainer: epoch 243 done train_loss=1.2733 dt=14.9s
2026-07-16 08:41:18,128 [INFO] trainer: epoch 244 step 50/54 loss=1.2870 lr=1.08e-04
2026-07-16 08:41:19,177 [INFO] trainer: epoch 244 done train_loss=1.2786 dt=14.9s
2026-07-16 08:41:32,940 [INFO] trainer: epoch 245 step 50/54 loss=1.2716 lr=1.07e-04
2026-07-16 08:41:33,990 [INFO] trainer: epoch 245 done train_loss=1.2650 dt=14.8s
2026-07-16 08:41:47,847 [INFO] trainer: epoch 246 step 50/54 loss=1.2236 lr=1.06e-04
2026-07-16 08:41:48,896 [INFO] trainer: epoch 246 done train_loss=1.2174 dt=14.9s
2026-07-16 08:42:02,935 [INFO] trainer: epoch 247 step 50/54 loss=1.2355 lr=1.06e-04
2026-07-16 08:42:03,989 [INFO] trainer: epoch 247 done train_loss=1.2283 dt=15.1s
2026-07-16 08:42:17,870 [INFO] trainer: epoch 248 step 50/54 loss=1.2494 lr=1.05e-04
2026-07-16 08:42:18,921 [INFO] trainer: epoch 248 done train_loss=1.2386 dt=14.9s
2026-07-16 08:42:32,735 [INFO] trainer: epoch 249 step 50/54 loss=1.2474 lr=1.04e-04
2026-07-16 08:42:33,786 [INFO] trainer: epoch 249 done train_loss=1.2394 dt=14.9s
2026-07-16 08:42:47,876 [INFO] trainer: epoch 250 step 50/54 loss=1.2261 lr=1.04e-04
2026-07-16 08:42:48,923 [INFO] trainer: epoch 250 done train_loss=1.2300 dt=15.1s
2026-07-16 08:44:08,381 [INFO] trainer: epoch 250 val_mean_dice=0.7236
2026-07-16 08:44:22,694 [INFO] trainer: epoch 251 step 50/54 loss=1.2497 lr=1.03e-04
2026-07-16 08:44:23,742 [INFO] trainer: epoch 251 done train_loss=1.2395 dt=14.9s
2026-07-16 08:44:37,549 [INFO] trainer: epoch 252 step 50/54 loss=1.2642 lr=1.02e-04
2026-07-16 08:44:38,598 [INFO] trainer: epoch 252 done train_loss=1.2589 dt=14.9s
2026-07-16 08:44:52,462 [INFO] trainer: epoch 253 step 50/54 loss=1.2504 lr=1.02e-04
2026-07-16 08:44:53,512 [INFO] trainer: epoch 253 done train_loss=1.2641 dt=14.9s
2026-07-16 08:45:07,539 [INFO] trainer: epoch 254 step 50/54 loss=1.2860 lr=1.01e-04
2026-07-16 08:45:08,592 [INFO] trainer: epoch 254 done train_loss=1.2810 dt=15.1s
2026-07-16 08:45:22,502 [INFO] trainer: epoch 255 step 50/54 loss=1.2361 lr=1.01e-04
2026-07-16 08:45:23,552 [INFO] trainer: epoch 255 done train_loss=1.2315 dt=15.0s
2026-07-16 08:45:37,497 [INFO] trainer: epoch 256 step 50/54 loss=1.2575 lr=9.99e-05
2026-07-16 08:45:38,547 [INFO] trainer: epoch 256 done train_loss=1.2523 dt=15.0s
2026-07-16 08:45:52,601 [INFO] trainer: epoch 257 step 50/54 loss=1.1937 lr=9.93e-05
2026-07-16 08:45:53,652 [INFO] trainer: epoch 257 done train_loss=1.2016 dt=15.1s
2026-07-16 08:46:07,493 [INFO] trainer: epoch 258 step 50/54 loss=1.2809 lr=9.86e-05
2026-07-16 08:46:08,541 [INFO] trainer: epoch 258 done train_loss=1.2711 dt=14.9s
2026-07-16 08:46:22,352 [INFO] trainer: epoch 259 step 50/54 loss=1.2539 lr=9.80e-05
2026-07-16 08:46:23,399 [INFO] trainer: epoch 259 done train_loss=1.2459 dt=14.9s
2026-07-16 08:46:37,301 [INFO] trainer: epoch 260 step 50/54 loss=1.2952 lr=9.74e-05
2026-07-16 08:46:38,349 [INFO] trainer: epoch 260 done train_loss=1.2987 dt=14.9s
2026-07-16 08:46:52,539 [INFO] trainer: epoch 261 step 50/54 loss=1.2371 lr=9.67e-05
2026-07-16 08:46:53,587 [INFO] trainer: epoch 261 done train_loss=1.2499 dt=15.0s
2026-07-16 08:47:07,585 [INFO] trainer: epoch 262 step 50/54 loss=1.2250 lr=9.61e-05
2026-07-16 08:47:08,632 [INFO] trainer: epoch 262 done train_loss=1.2216 dt=15.0s
2026-07-16 08:47:22,553 [INFO] trainer: epoch 263 step 50/54 loss=1.2362 lr=9.54e-05
2026-07-16 08:47:23,603 [INFO] trainer: epoch 263 done train_loss=1.2392 dt=15.0s
2026-07-16 08:47:37,628 [INFO] trainer: epoch 264 step 50/54 loss=1.2290 lr=9.48e-05
2026-07-16 08:47:38,677 [INFO] trainer: epoch 264 done train_loss=1.2145 dt=15.1s
2026-07-16 08:47:52,523 [INFO] trainer: epoch 265 step 50/54 loss=1.2849 lr=9.42e-05
2026-07-16 08:47:53,569 [INFO] trainer: epoch 265 done train_loss=1.2806 dt=14.9s
2026-07-16 08:48:07,477 [INFO] trainer: epoch 266 step 50/54 loss=1.2384 lr=9.35e-05
2026-07-16 08:48:08,526 [INFO] trainer: epoch 266 done train_loss=1.2552 dt=15.0s
2026-07-16 08:48:22,652 [INFO] trainer: epoch 267 step 50/54 loss=1.2377 lr=9.29e-05
2026-07-16 08:48:23,704 [INFO] trainer: epoch 267 done train_loss=1.2462 dt=15.2s
2026-07-16 08:48:37,713 [INFO] trainer: epoch 268 step 50/54 loss=1.2122 lr=9.23e-05
2026-07-16 08:48:38,761 [INFO] trainer: epoch 268 done train_loss=1.2082 dt=15.1s
2026-07-16 08:48:52,820 [INFO] trainer: epoch 269 step 50/54 loss=1.2407 lr=9.16e-05
2026-07-16 08:48:53,877 [INFO] trainer: epoch 269 done train_loss=1.2418 dt=15.1s
2026-07-16 08:49:07,624 [INFO] trainer: epoch 270 step 50/54 loss=1.2538 lr=9.10e-05
2026-07-16 08:49:08,672 [INFO] trainer: epoch 270 done train_loss=1.2426 dt=14.8s
2026-07-16 08:49:22,791 [INFO] trainer: epoch 271 step 50/54 loss=1.2583 lr=9.04e-05
2026-07-16 08:49:23,840 [INFO] trainer: epoch 271 done train_loss=1.2456 dt=14.9s
2026-07-16 08:49:37,899 [INFO] trainer: epoch 272 step 50/54 loss=1.2245 lr=8.97e-05
2026-07-16 08:49:38,946 [INFO] trainer: epoch 272 done train_loss=1.2224 dt=15.1s
2026-07-16 08:49:52,858 [INFO] trainer: epoch 273 step 50/54 loss=1.2241 lr=8.91e-05
2026-07-16 08:49:53,907 [INFO] trainer: epoch 273 done train_loss=1.2164 dt=15.0s
2026-07-16 08:50:07,945 [INFO] trainer: epoch 274 step 50/54 loss=1.2389 lr=8.85e-05
2026-07-16 08:50:08,998 [INFO] trainer: epoch 274 done train_loss=1.2346 dt=15.1s
2026-07-16 08:50:23,057 [INFO] trainer: epoch 275 step 50/54 loss=1.2234 lr=8.78e-05
2026-07-16 08:50:24,105 [INFO] trainer: epoch 275 done train_loss=1.2317 dt=15.1s
2026-07-16 08:51:43,613 [INFO] trainer: epoch 275 val_mean_dice=0.7272
2026-07-16 08:51:57,902 [INFO] trainer: epoch 276 step 50/54 loss=1.2541 lr=8.72e-05
2026-07-16 08:51:58,946 [INFO] trainer: epoch 276 done train_loss=1.2470 dt=15.1s
2026-07-16 08:52:12,841 [INFO] trainer: epoch 277 step 50/54 loss=1.2422 lr=8.66e-05
2026-07-16 08:52:13,890 [INFO] trainer: epoch 277 done train_loss=1.2505 dt=14.9s
2026-07-16 08:52:27,701 [INFO] trainer: epoch 278 step 50/54 loss=1.2288 lr=8.59e-05
2026-07-16 08:52:28,751 [INFO] trainer: epoch 278 done train_loss=1.2233 dt=14.9s
2026-07-16 08:52:42,719 [INFO] trainer: epoch 279 step 50/54 loss=1.2024 lr=8.53e-05
2026-07-16 08:52:43,767 [INFO] trainer: epoch 279 done train_loss=1.2163 dt=15.0s
2026-07-16 08:52:57,672 [INFO] trainer: epoch 280 step 50/54 loss=1.2618 lr=8.47e-05
2026-07-16 08:52:58,715 [INFO] trainer: epoch 280 done train_loss=1.2581 dt=14.9s
2026-07-16 08:53:12,891 [INFO] trainer: epoch 281 step 50/54 loss=1.2477 lr=8.40e-05
2026-07-16 08:53:13,941 [INFO] trainer: epoch 281 done train_loss=1.2408 dt=15.0s
2026-07-16 08:53:27,961 [INFO] trainer: epoch 282 step 50/54 loss=1.2154 lr=8.34e-05
2026-07-16 08:53:29,012 [INFO] trainer: epoch 282 done train_loss=1.2232 dt=15.1s
2026-07-16 08:53:42,963 [INFO] trainer: epoch 283 step 50/54 loss=1.2318 lr=8.28e-05
2026-07-16 08:53:44,014 [INFO] trainer: epoch 283 done train_loss=1.2291 dt=15.0s
2026-07-16 08:53:57,852 [INFO] trainer: epoch 284 step 50/54 loss=1.2578 lr=8.22e-05
2026-07-16 08:53:58,900 [INFO] trainer: epoch 284 done train_loss=1.2514 dt=14.9s
2026-07-16 08:54:12,840 [INFO] trainer: epoch 285 step 50/54 loss=1.2476 lr=8.15e-05
2026-07-16 08:54:13,887 [INFO] trainer: epoch 285 done train_loss=1.2471 dt=15.0s
2026-07-16 08:54:27,706 [INFO] trainer: epoch 286 step 50/54 loss=1.1835 lr=8.09e-05
2026-07-16 08:54:28,754 [INFO] trainer: epoch 286 done train_loss=1.1823 dt=14.9s
2026-07-16 08:54:42,683 [INFO] trainer: epoch 287 step 50/54 loss=1.2515 lr=8.03e-05
2026-07-16 08:54:43,733 [INFO] trainer: epoch 287 done train_loss=1.2498 dt=15.0s
2026-07-16 08:54:57,752 [INFO] trainer: epoch 288 step 50/54 loss=1.2293 lr=7.97e-05
2026-07-16 08:54:58,802 [INFO] trainer: epoch 288 done train_loss=1.2457 dt=15.1s
2026-07-16 08:55:12,608 [INFO] trainer: epoch 289 step 50/54 loss=1.2973 lr=7.90e-05
2026-07-16 08:55:13,657 [INFO] trainer: epoch 289 done train_loss=1.2916 dt=14.9s
2026-07-16 08:55:27,525 [INFO] trainer: epoch 290 step 50/54 loss=1.2277 lr=7.84e-05
2026-07-16 08:55:28,569 [INFO] trainer: epoch 290 done train_loss=1.2253 dt=14.9s
2026-07-16 08:55:42,797 [INFO] trainer: epoch 291 step 50/54 loss=1.2110 lr=7.78e-05
2026-07-16 08:55:43,849 [INFO] trainer: epoch 291 done train_loss=1.2195 dt=15.0s
2026-07-16 08:55:57,756 [INFO] trainer: epoch 292 step 50/54 loss=1.2316 lr=7.72e-05
2026-07-16 08:55:58,809 [INFO] trainer: epoch 292 done train_loss=1.2317 dt=15.0s
2026-07-16 08:56:12,718 [INFO] trainer: epoch 293 step 50/54 loss=1.2642 lr=7.65e-05
2026-07-16 08:56:13,766 [INFO] trainer: epoch 293 done train_loss=1.2597 dt=15.0s
2026-07-16 08:56:27,658 [INFO] trainer: epoch 294 step 50/54 loss=1.2515 lr=7.59e-05
2026-07-16 08:56:28,705 [INFO] trainer: epoch 294 done train_loss=1.2545 dt=14.9s
2026-07-16 08:56:42,585 [INFO] trainer: epoch 295 step 50/54 loss=1.1958 lr=7.53e-05
2026-07-16 08:56:43,632 [INFO] trainer: epoch 295 done train_loss=1.2079 dt=14.9s
2026-07-16 08:56:57,612 [INFO] trainer: epoch 296 step 50/54 loss=1.2462 lr=7.47e-05
2026-07-16 08:56:58,661 [INFO] trainer: epoch 296 done train_loss=1.2584 dt=15.0s
2026-07-16 08:57:12,532 [INFO] trainer: epoch 297 step 50/54 loss=1.2410 lr=7.41e-05
2026-07-16 08:57:13,580 [INFO] trainer: epoch 297 done train_loss=1.2344 dt=14.9s
2026-07-16 08:57:27,533 [INFO] trainer: epoch 298 step 50/54 loss=1.2552 lr=7.35e-05
2026-07-16 08:57:28,579 [INFO] trainer: epoch 298 done train_loss=1.2335 dt=15.0s
2026-07-16 08:57:42,516 [INFO] trainer: epoch 299 step 50/54 loss=1.2489 lr=7.28e-05
2026-07-16 08:57:43,564 [INFO] trainer: epoch 299 done train_loss=1.2387 dt=15.0s
2026-07-16 08:57:57,476 [INFO] trainer: epoch 300 step 50/54 loss=1.1992 lr=7.22e-05
2026-07-16 08:57:58,523 [INFO] trainer: epoch 300 done train_loss=1.1972 dt=15.0s
2026-07-16 08:59:17,926 [INFO] trainer: epoch 300 val_mean_dice=0.7361
2026-07-16 08:59:32,185 [INFO] trainer: epoch 301 step 50/54 loss=1.1966 lr=7.16e-05
2026-07-16 08:59:33,234 [INFO] trainer: epoch 301 done train_loss=1.1921 dt=14.8s
2026-07-16 08:59:47,251 [INFO] trainer: epoch 302 step 50/54 loss=1.2430 lr=7.10e-05
2026-07-16 08:59:48,308 [INFO] trainer: epoch 302 done train_loss=1.2519 dt=15.1s
2026-07-16 09:00:02,022 [INFO] trainer: epoch 303 step 50/54 loss=1.2099 lr=7.04e-05
2026-07-16 09:00:03,073 [INFO] trainer: epoch 303 done train_loss=1.2105 dt=14.8s
2026-07-16 09:00:17,059 [INFO] trainer: epoch 304 step 50/54 loss=1.2005 lr=6.98e-05
2026-07-16 09:00:18,108 [INFO] trainer: epoch 304 done train_loss=1.1944 dt=15.0s
2026-07-16 09:00:32,115 [INFO] trainer: epoch 305 step 50/54 loss=1.2054 lr=6.92e-05
2026-07-16 09:00:33,166 [INFO] trainer: epoch 305 done train_loss=1.2138 dt=15.1s
2026-07-16 09:00:47,104 [INFO] trainer: epoch 306 step 50/54 loss=1.1685 lr=6.86e-05
2026-07-16 09:00:48,151 [INFO] trainer: epoch 306 done train_loss=1.1699 dt=15.0s
2026-07-16 09:01:02,152 [INFO] trainer: epoch 307 step 50/54 loss=1.2160 lr=6.80e-05
2026-07-16 09:01:03,200 [INFO] trainer: epoch 307 done train_loss=1.2272 dt=15.0s
2026-07-16 09:01:18,474 [INFO] trainer: epoch 308 step 50/54 loss=1.1873 lr=6.74e-05
2026-07-16 09:01:19,526 [INFO] trainer: epoch 308 done train_loss=1.1811 dt=16.3s
2026-07-16 09:01:33,507 [INFO] trainer: epoch 309 step 50/54 loss=1.2398 lr=6.68e-05
2026-07-16 09:01:34,558 [INFO] trainer: epoch 309 done train_loss=1.2444 dt=15.0s
2026-07-16 09:01:48,442 [INFO] trainer: epoch 310 step 50/54 loss=1.2133 lr=6.62e-05
2026-07-16 09:01:49,493 [INFO] trainer: epoch 310 done train_loss=1.2183 dt=14.9s
2026-07-16 09:02:03,525 [INFO] trainer: epoch 311 step 50/54 loss=1.2178 lr=6.56e-05
2026-07-16 09:02:04,575 [INFO] trainer: epoch 311 done train_loss=1.2112 dt=14.8s
2026-07-16 09:02:18,727 [INFO] trainer: epoch 312 step 50/54 loss=1.2239 lr=6.50e-05
2026-07-16 09:02:19,777 [INFO] trainer: epoch 312 done train_loss=1.2242 dt=15.2s
2026-07-16 09:02:33,709 [INFO] trainer: epoch 313 step 50/54 loss=1.2356 lr=6.44e-05
2026-07-16 09:02:34,759 [INFO] trainer: epoch 313 done train_loss=1.2304 dt=15.0s
2026-07-16 09:02:48,669 [INFO] trainer: epoch 314 step 50/54 loss=1.2117 lr=6.38e-05
2026-07-16 09:02:49,720 [INFO] trainer: epoch 314 done train_loss=1.2112 dt=15.0s
2026-07-16 09:03:03,707 [INFO] trainer: epoch 315 step 50/54 loss=1.2144 lr=6.32e-05
2026-07-16 09:03:04,758 [INFO] trainer: epoch 315 done train_loss=1.2086 dt=15.0s
2026-07-16 09:03:18,845 [INFO] trainer: epoch 316 step 50/54 loss=1.2056 lr=6.26e-05
2026-07-16 09:03:19,895 [INFO] trainer: epoch 316 done train_loss=1.2090 dt=15.1s
2026-07-16 09:03:33,876 [INFO] trainer: epoch 317 step 50/54 loss=1.1995 lr=6.20e-05
2026-07-16 09:03:34,926 [INFO] trainer: epoch 317 done train_loss=1.2027 dt=15.0s
2026-07-16 09:03:48,741 [INFO] trainer: epoch 318 step 50/54 loss=1.2164 lr=6.14e-05
2026-07-16 09:03:49,791 [INFO] trainer: epoch 318 done train_loss=1.2112 dt=14.9s
2026-07-16 09:04:03,640 [INFO] trainer: epoch 319 step 50/54 loss=1.2303 lr=6.09e-05
2026-07-16 09:04:04,688 [INFO] trainer: epoch 319 done train_loss=1.2267 dt=14.9s
2026-07-16 09:04:18,614 [INFO] trainer: epoch 320 step 50/54 loss=1.2176 lr=6.03e-05
2026-07-16 09:04:19,662 [INFO] trainer: epoch 320 done train_loss=1.2288 dt=15.0s
2026-07-16 09:04:33,783 [INFO] trainer: epoch 321 step 50/54 loss=1.1472 lr=5.97e-05
2026-07-16 09:04:34,828 [INFO] trainer: epoch 321 done train_loss=1.1582 dt=14.8s
2026-07-16 09:04:48,637 [INFO] trainer: epoch 322 step 50/54 loss=1.1792 lr=5.91e-05
2026-07-16 09:04:49,683 [INFO] trainer: epoch 322 done train_loss=1.2034 dt=14.9s
2026-07-16 09:05:03,521 [INFO] trainer: epoch 323 step 50/54 loss=1.2264 lr=5.85e-05
2026-07-16 09:05:04,573 [INFO] trainer: epoch 323 done train_loss=1.2227 dt=14.9s
2026-07-16 09:05:18,433 [INFO] trainer: epoch 324 step 50/54 loss=1.2185 lr=5.79e-05
2026-07-16 09:05:19,477 [INFO] trainer: epoch 324 done train_loss=1.2259 dt=14.9s
2026-07-16 09:05:33,221 [INFO] trainer: epoch 325 step 50/54 loss=1.2089 lr=5.74e-05
2026-07-16 09:05:34,269 [INFO] trainer: epoch 325 done train_loss=1.2064 dt=14.8s
2026-07-16 09:06:54,096 [INFO] trainer: epoch 325 val_mean_dice=0.7347
2026-07-16 09:07:08,070 [INFO] trainer: epoch 326 step 50/54 loss=1.2240 lr=5.68e-05
2026-07-16 09:07:09,115 [INFO] trainer: epoch 326 done train_loss=1.2238 dt=15.0s
2026-07-16 09:07:22,999 [INFO] trainer: epoch 327 step 50/54 loss=1.2363 lr=5.62e-05
2026-07-16 09:07:24,049 [INFO] trainer: epoch 327 done train_loss=1.2340 dt=14.9s
2026-07-16 09:07:37,927 [INFO] trainer: epoch 328 step 50/54 loss=1.1950 lr=5.57e-05
2026-07-16 09:07:38,973 [INFO] trainer: epoch 328 done train_loss=1.2023 dt=14.9s
2026-07-16 09:07:52,895 [INFO] trainer: epoch 329 step 50/54 loss=1.2251 lr=5.51e-05
2026-07-16 09:07:53,940 [INFO] trainer: epoch 329 done train_loss=1.2176 dt=15.0s
2026-07-16 09:08:07,801 [INFO] trainer: epoch 330 step 50/54 loss=1.2111 lr=5.45e-05
2026-07-16 09:08:08,848 [INFO] trainer: epoch 330 done train_loss=1.2052 dt=14.9s
2026-07-16 09:08:23,001 [INFO] trainer: epoch 331 step 50/54 loss=1.2146 lr=5.40e-05
2026-07-16 09:08:24,045 [INFO] trainer: epoch 331 done train_loss=1.2213 dt=15.0s
2026-07-16 09:08:37,817 [INFO] trainer: epoch 332 step 50/54 loss=1.1569 lr=5.34e-05
2026-07-16 09:08:38,865 [INFO] trainer: epoch 332 done train_loss=1.1655 dt=14.8s
2026-07-16 09:08:52,734 [INFO] trainer: epoch 333 step 50/54 loss=1.2166 lr=5.28e-05
2026-07-16 09:08:53,781 [INFO] trainer: epoch 333 done train_loss=1.2074 dt=14.9s
2026-07-16 09:09:07,670 [INFO] trainer: epoch 334 step 50/54 loss=1.1683 lr=5.23e-05
2026-07-16 09:09:08,718 [INFO] trainer: epoch 334 done train_loss=1.1730 dt=14.9s
2026-07-16 09:09:22,699 [INFO] trainer: epoch 335 step 50/54 loss=1.2011 lr=5.17e-05
2026-07-16 09:09:23,748 [INFO] trainer: epoch 335 done train_loss=1.1955 dt=15.0s
2026-07-16 09:09:37,575 [INFO] trainer: epoch 336 step 50/54 loss=1.1989 lr=5.12e-05
2026-07-16 09:09:38,624 [INFO] trainer: epoch 336 done train_loss=1.1952 dt=14.9s
2026-07-16 09:09:52,633 [INFO] trainer: epoch 337 step 50/54 loss=1.2425 lr=5.06e-05
2026-07-16 09:09:53,684 [INFO] trainer: epoch 337 done train_loss=1.2315 dt=15.1s
2026-07-16 09:10:07,602 [INFO] trainer: epoch 338 step 50/54 loss=1.2262 lr=5.01e-05
2026-07-16 09:10:08,647 [INFO] trainer: epoch 338 done train_loss=1.2244 dt=15.0s
2026-07-16 09:10:22,587 [INFO] trainer: epoch 339 step 50/54 loss=1.1887 lr=4.95e-05
2026-07-16 09:10:23,635 [INFO] trainer: epoch 339 done train_loss=1.1956 dt=15.0s
2026-07-16 09:10:37,577 [INFO] trainer: epoch 340 step 50/54 loss=1.2410 lr=4.90e-05
2026-07-16 09:10:38,629 [INFO] trainer: epoch 340 done train_loss=1.2499 dt=15.0s
2026-07-16 09:10:52,710 [INFO] trainer: epoch 341 step 50/54 loss=1.1737 lr=4.84e-05
2026-07-16 09:10:53,759 [INFO] trainer: epoch 341 done train_loss=1.1810 dt=14.9s
2026-07-16 09:11:07,653 [INFO] trainer: epoch 342 step 50/54 loss=1.2307 lr=4.79e-05
2026-07-16 09:11:08,699 [INFO] trainer: epoch 342 done train_loss=1.2273 dt=14.9s
2026-07-16 09:11:22,656 [INFO] trainer: epoch 343 step 50/54 loss=1.1721 lr=4.73e-05
2026-07-16 09:11:23,708 [INFO] trainer: epoch 343 done train_loss=1.1782 dt=15.0s
2026-07-16 09:11:37,603 [INFO] trainer: epoch 344 step 50/54 loss=1.2099 lr=4.68e-05
2026-07-16 09:11:38,651 [INFO] trainer: epoch 344 done train_loss=1.1992 dt=14.9s
2026-07-16 09:11:52,748 [INFO] trainer: epoch 345 step 50/54 loss=1.1442 lr=4.63e-05
2026-07-16 09:11:53,797 [INFO] trainer: epoch 345 done train_loss=1.1552 dt=15.1s
2026-07-16 09:12:07,792 [INFO] trainer: epoch 346 step 50/54 loss=1.2211 lr=4.57e-05
2026-07-16 09:12:08,841 [INFO] trainer: epoch 346 done train_loss=1.2293 dt=15.0s
2026-07-16 09:12:22,588 [INFO] trainer: epoch 347 step 50/54 loss=1.2121 lr=4.52e-05
2026-07-16 09:12:23,637 [INFO] trainer: epoch 347 done train_loss=1.2025 dt=14.8s
2026-07-16 09:12:37,529 [INFO] trainer: epoch 348 step 50/54 loss=1.1871 lr=4.47e-05
2026-07-16 09:12:38,577 [INFO] trainer: epoch 348 done train_loss=1.1964 dt=14.9s
2026-07-16 09:12:52,457 [INFO] trainer: epoch 349 step 50/54 loss=1.2329 lr=4.41e-05
2026-07-16 09:12:53,505 [INFO] trainer: epoch 349 done train_loss=1.2445 dt=14.9s
2026-07-16 09:13:07,854 [INFO] trainer: epoch 350 step 50/54 loss=1.1876 lr=4.36e-05
2026-07-16 09:13:08,901 [INFO] trainer: epoch 350 done train_loss=1.2078 dt=15.4s
2026-07-16 09:14:28,343 [INFO] trainer: epoch 350 val_mean_dice=0.7367
2026-07-16 09:14:42,921 [INFO] trainer: epoch 351 step 50/54 loss=1.2230 lr=4.31e-05
2026-07-16 09:14:43,969 [INFO] trainer: epoch 351 done train_loss=1.2067 dt=14.8s
2026-07-16 09:14:57,787 [INFO] trainer: epoch 352 step 50/54 loss=1.1743 lr=4.26e-05
2026-07-16 09:14:58,836 [INFO] trainer: epoch 352 done train_loss=1.1908 dt=14.9s
2026-07-16 09:15:12,673 [INFO] trainer: epoch 353 step 50/54 loss=1.2042 lr=4.21e-05
2026-07-16 09:15:13,723 [INFO] trainer: epoch 353 done train_loss=1.2049 dt=14.9s
2026-07-16 09:15:27,624 [INFO] trainer: epoch 354 step 50/54 loss=1.1596 lr=4.15e-05
2026-07-16 09:15:28,673 [INFO] trainer: epoch 354 done train_loss=1.1622 dt=14.9s
2026-07-16 09:15:42,471 [INFO] trainer: epoch 355 step 50/54 loss=1.2077 lr=4.10e-05
2026-07-16 09:15:43,521 [INFO] trainer: epoch 355 done train_loss=1.2046 dt=14.8s
2026-07-16 09:15:57,528 [INFO] trainer: epoch 356 step 50/54 loss=1.2097 lr=4.05e-05
2026-07-16 09:15:58,576 [INFO] trainer: epoch 356 done train_loss=1.2009 dt=15.1s
2026-07-16 09:16:12,423 [INFO] trainer: epoch 357 step 50/54 loss=1.2180 lr=4.00e-05
2026-07-16 09:16:13,472 [INFO] trainer: epoch 357 done train_loss=1.2086 dt=14.9s
2026-07-16 09:16:27,402 [INFO] trainer: epoch 358 step 50/54 loss=1.2385 lr=3.95e-05
2026-07-16 09:16:28,452 [INFO] trainer: epoch 358 done train_loss=1.2212 dt=15.0s
2026-07-16 09:16:42,572 [INFO] trainer: epoch 359 step 50/54 loss=1.1935 lr=3.90e-05
2026-07-16 09:16:43,621 [INFO] trainer: epoch 359 done train_loss=1.1839 dt=15.2s
2026-07-16 09:16:57,697 [INFO] trainer: epoch 360 step 50/54 loss=1.2152 lr=3.85e-05
2026-07-16 09:16:58,746 [INFO] trainer: epoch 360 done train_loss=1.2143 dt=15.1s
2026-07-16 09:17:12,883 [INFO] trainer: epoch 361 step 50/54 loss=1.1418 lr=3.80e-05
2026-07-16 09:17:13,932 [INFO] trainer: epoch 361 done train_loss=1.1472 dt=14.9s
2026-07-16 09:17:27,920 [INFO] trainer: epoch 362 step 50/54 loss=1.1494 lr=3.75e-05
2026-07-16 09:17:28,966 [INFO] trainer: epoch 362 done train_loss=1.1521 dt=15.0s
2026-07-16 09:17:43,457 [INFO] trainer: epoch 363 step 50/54 loss=1.1972 lr=3.70e-05
2026-07-16 09:17:44,507 [INFO] trainer: epoch 363 done train_loss=1.2035 dt=15.5s
2026-07-16 09:17:58,407 [INFO] trainer: epoch 364 step 50/54 loss=1.1821 lr=3.65e-05
2026-07-16 09:17:59,455 [INFO] trainer: epoch 364 done train_loss=1.1852 dt=14.9s
2026-07-16 09:18:13,239 [INFO] trainer: epoch 365 step 50/54 loss=1.1879 lr=3.60e-05
2026-07-16 09:18:14,286 [INFO] trainer: epoch 365 done train_loss=1.1993 dt=14.8s
2026-07-16 09:18:28,359 [INFO] trainer: epoch 366 step 50/54 loss=1.2232 lr=3.56e-05
2026-07-16 09:18:29,407 [INFO] trainer: epoch 366 done train_loss=1.2186 dt=15.1s
2026-07-16 09:18:43,312 [INFO] trainer: epoch 367 step 50/54 loss=1.1523 lr=3.51e-05
2026-07-16 09:18:44,358 [INFO] trainer: epoch 367 done train_loss=1.1580 dt=15.0s
2026-07-16 09:18:58,288 [INFO] trainer: epoch 368 step 50/54 loss=1.2304 lr=3.46e-05
2026-07-16 09:18:59,334 [INFO] trainer: epoch 368 done train_loss=1.2356 dt=15.0s
2026-07-16 09:19:13,371 [INFO] trainer: epoch 369 step 50/54 loss=1.2202 lr=3.41e-05
2026-07-16 09:19:14,419 [INFO] trainer: epoch 369 done train_loss=1.2130 dt=15.1s
2026-07-16 09:19:28,267 [INFO] trainer: epoch 370 step 50/54 loss=1.2215 lr=3.36e-05
2026-07-16 09:19:29,314 [INFO] trainer: epoch 370 done train_loss=1.2165 dt=14.9s
2026-07-16 09:19:43,477 [INFO] trainer: epoch 371 step 50/54 loss=1.1913 lr=3.32e-05
2026-07-16 09:19:44,526 [INFO] trainer: epoch 371 done train_loss=1.2015 dt=14.9s
2026-07-16 09:19:58,328 [INFO] trainer: epoch 372 step 50/54 loss=1.2294 lr=3.27e-05
2026-07-16 09:19:59,376 [INFO] trainer: epoch 372 done train_loss=1.2329 dt=14.8s
2026-07-16 09:20:13,673 [INFO] trainer: epoch 373 step 50/54 loss=1.2039 lr=3.22e-05
2026-07-16 09:20:14,720 [INFO] trainer: epoch 373 done train_loss=1.2007 dt=15.3s
2026-07-16 09:20:28,566 [INFO] trainer: epoch 374 step 50/54 loss=1.1731 lr=3.18e-05
2026-07-16 09:20:29,613 [INFO] trainer: epoch 374 done train_loss=1.1806 dt=14.9s
2026-07-16 09:20:43,539 [INFO] trainer: epoch 375 step 50/54 loss=1.2079 lr=3.13e-05
2026-07-16 09:20:44,589 [INFO] trainer: epoch 375 done train_loss=1.2006 dt=15.0s
2026-07-16 09:22:04,036 [INFO] trainer: epoch 375 val_mean_dice=0.7378
2026-07-16 09:22:18,138 [INFO] trainer: epoch 376 step 50/54 loss=1.1971 lr=3.09e-05
2026-07-16 09:22:19,184 [INFO] trainer: epoch 376 done train_loss=1.1929 dt=14.9s
2026-07-16 09:22:33,095 [INFO] trainer: epoch 377 step 50/54 loss=1.1806 lr=3.04e-05
2026-07-16 09:22:34,139 [INFO] trainer: epoch 377 done train_loss=1.1921 dt=15.0s
2026-07-16 09:22:48,177 [INFO] trainer: epoch 378 step 50/54 loss=1.2293 lr=3.00e-05
2026-07-16 09:22:49,226 [INFO] trainer: epoch 378 done train_loss=1.2192 dt=15.1s
2026-07-16 09:23:03,092 [INFO] trainer: epoch 379 step 50/54 loss=1.1970 lr=2.95e-05
2026-07-16 09:23:04,142 [INFO] trainer: epoch 379 done train_loss=1.2051 dt=14.9s
2026-07-16 09:23:18,395 [INFO] trainer: epoch 380 step 50/54 loss=1.2283 lr=2.91e-05
2026-07-16 09:23:19,442 [INFO] trainer: epoch 380 done train_loss=1.2223 dt=15.3s
2026-07-16 09:23:33,716 [INFO] trainer: epoch 381 step 50/54 loss=1.1870 lr=2.86e-05
2026-07-16 09:23:34,766 [INFO] trainer: epoch 381 done train_loss=1.1895 dt=15.0s
2026-07-16 09:23:48,611 [INFO] trainer: epoch 382 step 50/54 loss=1.1621 lr=2.82e-05
2026-07-16 09:23:49,659 [INFO] trainer: epoch 382 done train_loss=1.1607 dt=14.9s
2026-07-16 09:24:03,633 [INFO] trainer: epoch 383 step 50/54 loss=1.1808 lr=2.77e-05
2026-07-16 09:24:04,679 [INFO] trainer: epoch 383 done train_loss=1.1690 dt=15.0s
2026-07-16 09:24:18,516 [INFO] trainer: epoch 384 step 50/54 loss=1.1626 lr=2.73e-05
2026-07-16 09:24:19,564 [INFO] trainer: epoch 384 done train_loss=1.1664 dt=14.9s
2026-07-16 09:24:33,401 [INFO] trainer: epoch 385 step 50/54 loss=1.1431 lr=2.69e-05
2026-07-16 09:24:34,451 [INFO] trainer: epoch 385 done train_loss=1.1638 dt=14.9s
2026-07-16 09:24:48,564 [INFO] trainer: epoch 386 step 50/54 loss=1.1711 lr=2.64e-05
2026-07-16 09:24:49,619 [INFO] trainer: epoch 386 done train_loss=1.1655 dt=15.2s
2026-07-16 09:25:03,590 [INFO] trainer: epoch 387 step 50/54 loss=1.1374 lr=2.60e-05
2026-07-16 09:25:04,637 [INFO] trainer: epoch 387 done train_loss=1.1390 dt=15.0s
2026-07-16 09:25:18,538 [INFO] trainer: epoch 388 step 50/54 loss=1.1839 lr=2.56e-05
2026-07-16 09:25:19,585 [INFO] trainer: epoch 388 done train_loss=1.2047 dt=14.9s
2026-07-16 09:25:33,404 [INFO] trainer: epoch 389 step 50/54 loss=1.1480 lr=2.52e-05
2026-07-16 09:25:34,665 [INFO] trainer: epoch 389 done train_loss=1.1521 dt=15.1s
2026-07-16 09:25:51,411 [INFO] trainer: epoch 390 step 50/54 loss=1.1505 lr=2.48e-05
2026-07-16 09:25:52,459 [INFO] trainer: epoch 390 done train_loss=1.1571 dt=14.9s
2026-07-16 09:26:06,633 [INFO] trainer: epoch 391 step 50/54 loss=1.1776 lr=2.44e-05
2026-07-16 09:26:07,679 [INFO] trainer: epoch 391 done train_loss=1.1751 dt=14.9s
2026-07-16 09:26:21,503 [INFO] trainer: epoch 392 step 50/54 loss=1.1783 lr=2.39e-05
2026-07-16 09:26:22,549 [INFO] trainer: epoch 392 done train_loss=1.1889 dt=14.9s
2026-07-16 09:26:36,428 [INFO] trainer: epoch 393 step 50/54 loss=1.1729 lr=2.35e-05
2026-07-16 09:26:37,476 [INFO] trainer: epoch 393 done train_loss=1.1776 dt=14.9s
2026-07-16 09:26:51,258 [INFO] trainer: epoch 394 step 50/54 loss=1.2180 lr=2.31e-05
2026-07-16 09:26:52,526 [INFO] trainer: epoch 394 done train_loss=1.2128 dt=15.0s
2026-07-16 09:27:06,641 [INFO] trainer: epoch 395 step 50/54 loss=1.1554 lr=2.27e-05
2026-07-16 09:27:07,875 [INFO] trainer: epoch 395 done train_loss=1.1594 dt=15.3s
2026-07-16 09:27:22,013 [INFO] trainer: epoch 396 step 50/54 loss=1.2203 lr=2.23e-05
2026-07-16 09:27:23,085 [INFO] trainer: epoch 396 done train_loss=1.2116 dt=15.2s
2026-07-16 09:27:37,068 [INFO] trainer: epoch 397 step 50/54 loss=1.1978 lr=2.19e-05
2026-07-16 09:27:38,114 [INFO] trainer: epoch 397 done train_loss=1.1870 dt=15.0s
2026-07-16 09:27:51,983 [INFO] trainer: epoch 398 step 50/54 loss=1.1810 lr=2.16e-05
2026-07-16 09:27:53,030 [INFO] trainer: epoch 398 done train_loss=1.1765 dt=14.9s
2026-07-16 09:28:07,252 [INFO] trainer: epoch 399 step 50/54 loss=1.2309 lr=2.12e-05
2026-07-16 09:28:08,306 [INFO] trainer: epoch 399 done train_loss=1.2267 dt=15.3s
2026-07-16 09:28:23,811 [INFO] trainer: epoch 400 step 50/54 loss=1.1962 lr=2.08e-05
2026-07-16 09:28:24,931 [INFO] trainer: epoch 400 done train_loss=1.2039 dt=16.6s
2026-07-16 09:29:44,424 [INFO] trainer: epoch 400 val_mean_dice=0.7414
2026-07-16 09:29:58,977 [INFO] trainer: epoch 401 step 50/54 loss=1.1668 lr=2.04e-05
2026-07-16 09:30:00,027 [INFO] trainer: epoch 401 done train_loss=1.1710 dt=15.0s
2026-07-16 09:30:13,857 [INFO] trainer: epoch 402 step 50/54 loss=1.2086 lr=2.00e-05
2026-07-16 09:30:15,461 [INFO] trainer: epoch 402 done train_loss=1.2001 dt=15.4s
2026-07-16 09:30:29,900 [INFO] trainer: epoch 403 step 50/54 loss=1.2100 lr=1.97e-05
2026-07-16 09:30:30,948 [INFO] trainer: epoch 403 done train_loss=1.2008 dt=15.5s
2026-07-16 09:30:44,726 [INFO] trainer: epoch 404 step 50/54 loss=1.1770 lr=1.93e-05
2026-07-16 09:30:45,801 [INFO] trainer: epoch 404 done train_loss=1.1767 dt=14.9s
2026-07-16 09:30:59,715 [INFO] trainer: epoch 405 step 50/54 loss=1.1974 lr=1.89e-05
2026-07-16 09:31:00,761 [INFO] trainer: epoch 405 done train_loss=1.1832 dt=15.0s
2026-07-16 09:31:14,505 [INFO] trainer: epoch 406 step 50/54 loss=1.1929 lr=1.86e-05
2026-07-16 09:31:15,556 [INFO] trainer: epoch 406 done train_loss=1.1860 dt=14.8s
2026-07-16 09:31:29,322 [INFO] trainer: epoch 407 step 50/54 loss=1.2144 lr=1.82e-05
2026-07-16 09:31:30,369 [INFO] trainer: epoch 407 done train_loss=1.2087 dt=14.8s
2026-07-16 09:31:44,266 [INFO] trainer: epoch 408 step 50/54 loss=1.2108 lr=1.78e-05
2026-07-16 09:31:45,316 [INFO] trainer: epoch 408 done train_loss=1.1943 dt=14.9s
2026-07-16 09:31:59,135 [INFO] trainer: epoch 409 step 50/54 loss=1.1681 lr=1.75e-05
2026-07-16 09:32:00,183 [INFO] trainer: epoch 409 done train_loss=1.1671 dt=14.9s
2026-07-16 09:32:14,073 [INFO] trainer: epoch 410 step 50/54 loss=1.1677 lr=1.71e-05
2026-07-16 09:32:15,123 [INFO] trainer: epoch 410 done train_loss=1.1605 dt=14.9s
2026-07-16 09:32:29,235 [INFO] trainer: epoch 411 step 50/54 loss=1.1750 lr=1.68e-05
2026-07-16 09:32:30,283 [INFO] trainer: epoch 411 done train_loss=1.1791 dt=14.9s
2026-07-16 09:32:44,175 [INFO] trainer: epoch 412 step 50/54 loss=1.1808 lr=1.64e-05
2026-07-16 09:32:45,221 [INFO] trainer: epoch 412 done train_loss=1.1864 dt=14.9s
2026-07-16 09:32:59,182 [INFO] trainer: epoch 413 step 50/54 loss=1.1542 lr=1.61e-05
2026-07-16 09:33:00,230 [INFO] trainer: epoch 413 done train_loss=1.1498 dt=15.0s
2026-07-16 09:33:14,216 [INFO] trainer: epoch 414 step 50/54 loss=1.1616 lr=1.58e-05
2026-07-16 09:33:15,264 [INFO] trainer: epoch 414 done train_loss=1.1676 dt=15.0s
2026-07-16 09:33:29,252 [INFO] trainer: epoch 415 step 50/54 loss=1.1450 lr=1.54e-05
2026-07-16 09:33:30,301 [INFO] trainer: epoch 415 done train_loss=1.1465 dt=15.0s
2026-07-16 09:33:44,257 [INFO] trainer: epoch 416 step 50/54 loss=1.2199 lr=1.51e-05
2026-07-16 09:33:45,304 [INFO] trainer: epoch 416 done train_loss=1.2106 dt=15.0s
2026-07-16 09:33:59,230 [INFO] trainer: epoch 417 step 50/54 loss=1.1810 lr=1.48e-05
2026-07-16 09:34:00,275 [INFO] trainer: epoch 417 done train_loss=1.1708 dt=15.0s
2026-07-16 09:34:14,053 [INFO] trainer: epoch 418 step 50/54 loss=1.1556 lr=1.45e-05
2026-07-16 09:34:15,103 [INFO] trainer: epoch 418 done train_loss=1.1418 dt=14.8s
2026-07-16 09:34:29,184 [INFO] trainer: epoch 419 step 50/54 loss=1.1549 lr=1.41e-05
2026-07-16 09:34:30,230 [INFO] trainer: epoch 419 done train_loss=1.1501 dt=15.1s
2026-07-16 09:34:44,178 [INFO] trainer: epoch 420 step 50/54 loss=1.1762 lr=1.38e-05
2026-07-16 09:34:45,225 [INFO] trainer: epoch 420 done train_loss=1.1662 dt=15.0s
2026-07-16 09:34:59,370 [INFO] trainer: epoch 421 step 50/54 loss=1.1778 lr=1.35e-05
2026-07-16 09:35:00,415 [INFO] trainer: epoch 421 done train_loss=1.1743 dt=15.0s
2026-07-16 09:35:14,211 [INFO] trainer: epoch 422 step 50/54 loss=1.1798 lr=1.32e-05
2026-07-16 09:35:15,255 [INFO] trainer: epoch 422 done train_loss=1.1962 dt=14.8s
2026-07-16 09:35:29,247 [INFO] trainer: epoch 423 step 50/54 loss=1.1936 lr=1.29e-05
2026-07-16 09:35:30,295 [INFO] trainer: epoch 423 done train_loss=1.2048 dt=15.0s
2026-07-16 09:35:44,322 [INFO] trainer: epoch 424 step 50/54 loss=1.1843 lr=1.26e-05
2026-07-16 09:35:45,368 [INFO] trainer: epoch 424 done train_loss=1.1814 dt=15.1s
2026-07-16 09:35:59,234 [INFO] trainer: epoch 425 step 50/54 loss=1.1413 lr=1.23e-05
2026-07-16 09:36:00,281 [INFO] trainer: epoch 425 done train_loss=1.1473 dt=14.9s
2026-07-16 09:37:19,683 [INFO] trainer: epoch 425 val_mean_dice=0.7426
2026-07-16 09:37:33,685 [INFO] trainer: epoch 426 step 50/54 loss=1.1328 lr=1.20e-05
2026-07-16 09:37:34,732 [INFO] trainer: epoch 426 done train_loss=1.1480 dt=14.8s
2026-07-16 09:37:48,603 [INFO] trainer: epoch 427 step 50/54 loss=1.1677 lr=1.17e-05
2026-07-16 09:37:49,649 [INFO] trainer: epoch 427 done train_loss=1.1687 dt=14.9s
2026-07-16 09:38:03,703 [INFO] trainer: epoch 428 step 50/54 loss=1.1640 lr=1.14e-05
2026-07-16 09:38:04,747 [INFO] trainer: epoch 428 done train_loss=1.1699 dt=15.1s
2026-07-16 09:38:19,005 [INFO] trainer: epoch 429 step 50/54 loss=1.1605 lr=1.12e-05
2026-07-16 09:38:20,051 [INFO] trainer: epoch 429 done train_loss=1.1659 dt=15.3s
2026-07-16 09:38:33,957 [INFO] trainer: epoch 430 step 50/54 loss=1.1616 lr=1.09e-05
2026-07-16 09:38:35,004 [INFO] trainer: epoch 430 done train_loss=1.1661 dt=15.0s
2026-07-16 09:38:49,116 [INFO] trainer: epoch 431 step 50/54 loss=1.2071 lr=1.06e-05
2026-07-16 09:38:50,163 [INFO] trainer: epoch 431 done train_loss=1.2158 dt=14.9s
2026-07-16 09:39:04,394 [INFO] trainer: epoch 432 step 50/54 loss=1.1986 lr=1.03e-05
2026-07-16 09:39:05,445 [INFO] trainer: epoch 432 done train_loss=1.1959 dt=15.3s
2026-07-16 09:39:19,131 [INFO] trainer: epoch 433 step 50/54 loss=1.1749 lr=1.01e-05
2026-07-16 09:39:20,177 [INFO] trainer: epoch 433 done train_loss=1.1697 dt=14.7s
2026-07-16 09:39:34,136 [INFO] trainer: epoch 434 step 50/54 loss=1.1757 lr=9.80e-06
2026-07-16 09:39:35,186 [INFO] trainer: epoch 434 done train_loss=1.1806 dt=15.0s
2026-07-16 09:39:49,097 [INFO] trainer: epoch 435 step 50/54 loss=1.1589 lr=9.54e-06
2026-07-16 09:39:50,150 [INFO] trainer: epoch 435 done train_loss=1.1573 dt=15.0s
2026-07-16 09:40:04,164 [INFO] trainer: epoch 436 step 50/54 loss=1.1960 lr=9.28e-06
2026-07-16 09:40:05,212 [INFO] trainer: epoch 436 done train_loss=1.2055 dt=15.1s
2026-07-16 09:40:19,153 [INFO] trainer: epoch 437 step 50/54 loss=1.1377 lr=9.03e-06
2026-07-16 09:40:20,195 [INFO] trainer: epoch 437 done train_loss=1.1312 dt=15.0s
2026-07-16 09:40:34,707 [INFO] trainer: epoch 438 step 50/54 loss=1.1305 lr=8.78e-06
2026-07-16 09:40:35,753 [INFO] trainer: epoch 438 done train_loss=1.1370 dt=15.6s
2026-07-16 09:40:50,104 [INFO] trainer: epoch 439 step 50/54 loss=1.1779 lr=8.53e-06
2026-07-16 09:40:51,152 [INFO] trainer: epoch 439 done train_loss=1.1876 dt=15.4s
2026-07-16 09:41:05,322 [INFO] trainer: epoch 440 step 50/54 loss=1.1726 lr=8.29e-06
2026-07-16 09:41:06,371 [INFO] trainer: epoch 440 done train_loss=1.1838 dt=15.2s
2026-07-16 09:41:20,604 [INFO] trainer: epoch 441 step 50/54 loss=1.1782 lr=8.05e-06
2026-07-16 09:41:21,652 [INFO] trainer: epoch 441 done train_loss=1.1810 dt=15.0s
2026-07-16 09:41:35,655 [INFO] trainer: epoch 442 step 50/54 loss=1.1701 lr=7.82e-06
2026-07-16 09:41:36,704 [INFO] trainer: epoch 442 done train_loss=1.1871 dt=15.1s
2026-07-16 09:41:50,885 [INFO] trainer: epoch 443 step 50/54 loss=1.1487 lr=7.59e-06
2026-07-16 09:41:51,933 [INFO] trainer: epoch 443 done train_loss=1.1396 dt=15.2s
2026-07-16 09:42:05,874 [INFO] trainer: epoch 444 step 50/54 loss=1.1841 lr=7.36e-06
2026-07-16 09:42:06,928 [INFO] trainer: epoch 444 done train_loss=1.1762 dt=15.0s
2026-07-16 09:42:21,878 [INFO] trainer: epoch 445 step 50/54 loss=1.1843 lr=7.14e-06
2026-07-16 09:42:22,928 [INFO] trainer: epoch 445 done train_loss=1.1762 dt=16.0s
2026-07-16 09:42:36,944 [INFO] trainer: epoch 446 step 50/54 loss=1.1662 lr=6.92e-06
2026-07-16 09:42:37,992 [INFO] trainer: epoch 446 done train_loss=1.1627 dt=15.1s
2026-07-16 09:42:52,071 [INFO] trainer: epoch 447 step 50/54 loss=1.1912 lr=6.71e-06
2026-07-16 09:42:53,120 [INFO] trainer: epoch 447 done train_loss=1.1842 dt=15.1s
2026-07-16 09:43:07,489 [INFO] trainer: epoch 448 step 50/54 loss=1.1682 lr=6.49e-06
2026-07-16 09:43:08,535 [INFO] trainer: epoch 448 done train_loss=1.1812 dt=15.4s
2026-07-16 09:43:22,418 [INFO] trainer: epoch 449 step 50/54 loss=1.1672 lr=6.29e-06
2026-07-16 09:43:23,464 [INFO] trainer: epoch 449 done train_loss=1.1602 dt=14.9s
2026-07-16 09:43:37,620 [INFO] trainer: epoch 450 step 50/54 loss=1.1918 lr=6.08e-06
2026-07-16 09:43:38,665 [INFO] trainer: epoch 450 done train_loss=1.1975 dt=15.2s
2026-07-16 09:44:58,209 [INFO] trainer: epoch 450 val_mean_dice=0.7443
2026-07-16 09:45:12,744 [INFO] trainer: epoch 451 step 50/54 loss=1.1893 lr=5.88e-06
2026-07-16 09:45:13,791 [INFO] trainer: epoch 451 done train_loss=1.2048 dt=15.0s
2026-07-16 09:45:27,597 [INFO] trainer: epoch 452 step 50/54 loss=1.1392 lr=5.69e-06
2026-07-16 09:45:28,644 [INFO] trainer: epoch 452 done train_loss=1.1316 dt=14.9s
2026-07-16 09:45:42,531 [INFO] trainer: epoch 453 step 50/54 loss=1.1828 lr=5.50e-06
2026-07-16 09:45:43,602 [INFO] trainer: epoch 453 done train_loss=1.1789 dt=15.0s
2026-07-16 09:45:57,617 [INFO] trainer: epoch 454 step 50/54 loss=1.1102 lr=5.31e-06
2026-07-16 09:45:58,665 [INFO] trainer: epoch 454 done train_loss=1.1117 dt=15.1s
2026-07-16 09:46:12,733 [INFO] trainer: epoch 455 step 50/54 loss=1.1239 lr=5.13e-06
2026-07-16 09:46:13,779 [INFO] trainer: epoch 455 done train_loss=1.1446 dt=15.1s
2026-07-16 09:46:27,787 [INFO] trainer: epoch 456 step 50/54 loss=1.1463 lr=4.95e-06
2026-07-16 09:46:28,833 [INFO] trainer: epoch 456 done train_loss=1.1591 dt=15.1s
2026-07-16 09:46:43,009 [INFO] trainer: epoch 457 step 50/54 loss=1.1712 lr=4.77e-06
2026-07-16 09:46:44,054 [INFO] trainer: epoch 457 done train_loss=1.1691 dt=15.2s
2026-07-16 09:46:57,978 [INFO] trainer: epoch 458 step 50/54 loss=1.1777 lr=4.60e-06
2026-07-16 09:46:59,027 [INFO] trainer: epoch 458 done train_loss=1.1740 dt=15.0s
2026-07-16 09:47:13,016 [INFO] trainer: epoch 459 step 50/54 loss=1.1619 lr=4.43e-06
2026-07-16 09:47:14,063 [INFO] trainer: epoch 459 done train_loss=1.1676 dt=15.0s
2026-07-16 09:47:28,020 [INFO] trainer: epoch 460 step 50/54 loss=1.1728 lr=4.27e-06
2026-07-16 09:47:29,068 [INFO] trainer: epoch 460 done train_loss=1.1640 dt=15.0s
2026-07-16 09:47:43,235 [INFO] trainer: epoch 461 step 50/54 loss=1.1630 lr=4.11e-06
2026-07-16 09:47:44,282 [INFO] trainer: epoch 461 done train_loss=1.1778 dt=15.0s
2026-07-16 09:47:58,109 [INFO] trainer: epoch 462 step 50/54 loss=1.2123 lr=3.95e-06
2026-07-16 09:47:59,156 [INFO] trainer: epoch 462 done train_loss=1.2057 dt=14.9s
2026-07-16 09:48:13,090 [INFO] trainer: epoch 463 step 50/54 loss=1.1729 lr=3.80e-06
2026-07-16 09:48:14,141 [INFO] trainer: epoch 463 done train_loss=1.1827 dt=15.0s
2026-07-16 09:48:27,988 [INFO] trainer: epoch 464 step 50/54 loss=1.2038 lr=3.65e-06
2026-07-16 09:48:29,038 [INFO] trainer: epoch 464 done train_loss=1.1937 dt=14.9s
2026-07-16 09:48:43,106 [INFO] trainer: epoch 465 step 50/54 loss=1.2044 lr=3.51e-06
2026-07-16 09:48:44,154 [INFO] trainer: epoch 465 done train_loss=1.2061 dt=15.1s
2026-07-16 09:48:57,993 [INFO] trainer: epoch 466 step 50/54 loss=1.1637 lr=3.36e-06
2026-07-16 09:48:59,042 [INFO] trainer: epoch 466 done train_loss=1.1598 dt=14.9s
2026-07-16 09:49:12,984 [INFO] trainer: epoch 467 step 50/54 loss=1.1921 lr=3.23e-06
2026-07-16 09:49:14,031 [INFO] trainer: epoch 467 done train_loss=1.1877 dt=15.0s
2026-07-16 09:49:27,958 [INFO] trainer: epoch 468 step 50/54 loss=1.1338 lr=3.10e-06
2026-07-16 09:49:29,007 [INFO] trainer: epoch 468 done train_loss=1.1229 dt=15.0s
2026-07-16 09:49:42,957 [INFO] trainer: epoch 469 step 50/54 loss=1.1577 lr=2.97e-06
2026-07-16 09:49:44,005 [INFO] trainer: epoch 469 done train_loss=1.1637 dt=15.0s
2026-07-16 09:49:57,996 [INFO] trainer: epoch 470 step 50/54 loss=1.1719 lr=2.84e-06
2026-07-16 09:49:59,047 [INFO] trainer: epoch 470 done train_loss=1.1707 dt=15.0s
2026-07-16 09:50:13,208 [INFO] trainer: epoch 471 step 50/54 loss=1.1375 lr=2.72e-06
2026-07-16 09:50:14,259 [INFO] trainer: epoch 471 done train_loss=1.1409 dt=15.0s
2026-07-16 09:50:28,179 [INFO] trainer: epoch 472 step 50/54 loss=1.1384 lr=2.61e-06
2026-07-16 09:50:29,227 [INFO] trainer: epoch 472 done train_loss=1.1569 dt=15.0s
2026-07-16 09:50:43,198 [INFO] trainer: epoch 473 step 50/54 loss=1.1266 lr=2.50e-06
2026-07-16 09:50:44,254 [INFO] trainer: epoch 473 done train_loss=1.1356 dt=15.0s
2026-07-16 09:50:58,216 [INFO] trainer: epoch 474 step 50/54 loss=1.1491 lr=2.39e-06
2026-07-16 09:50:59,267 [INFO] trainer: epoch 474 done train_loss=1.1477 dt=15.0s
2026-07-16 09:51:13,120 [INFO] trainer: epoch 475 step 50/54 loss=1.1870 lr=2.28e-06
2026-07-16 09:51:14,170 [INFO] trainer: epoch 475 done train_loss=1.1840 dt=14.9s
2026-07-16 09:52:35,271 [INFO] trainer: epoch 475 val_mean_dice=0.7438
2026-07-16 09:52:51,113 [INFO] trainer: epoch 476 step 50/54 loss=1.1628 lr=2.18e-06
2026-07-16 09:52:52,161 [INFO] trainer: epoch 476 done train_loss=1.1661 dt=16.9s
2026-07-16 09:53:06,914 [INFO] trainer: epoch 477 step 50/54 loss=1.1578 lr=2.09e-06
2026-07-16 09:53:08,082 [INFO] trainer: epoch 477 done train_loss=1.1497 dt=15.9s
2026-07-16 09:53:22,708 [INFO] trainer: epoch 478 step 50/54 loss=1.1598 lr=1.99e-06
2026-07-16 09:53:23,760 [INFO] trainer: epoch 478 done train_loss=1.1664 dt=15.7s
2026-07-16 09:53:39,169 [INFO] trainer: epoch 479 step 50/54 loss=1.1550 lr=1.91e-06
2026-07-16 09:53:40,214 [INFO] trainer: epoch 479 done train_loss=1.1630 dt=16.5s
2026-07-16 09:53:54,268 [INFO] trainer: epoch 480 step 50/54 loss=1.1669 lr=1.82e-06
2026-07-16 09:53:55,313 [INFO] trainer: epoch 480 done train_loss=1.1491 dt=15.1s
2026-07-16 09:54:09,664 [INFO] trainer: epoch 481 step 50/54 loss=1.1541 lr=1.74e-06
2026-07-16 09:54:10,717 [INFO] trainer: epoch 481 done train_loss=1.1574 dt=15.2s
2026-07-16 09:54:24,651 [INFO] trainer: epoch 482 step 50/54 loss=1.1896 lr=1.67e-06
2026-07-16 09:54:25,699 [INFO] trainer: epoch 482 done train_loss=1.1824 dt=15.0s
2026-07-16 09:54:40,003 [INFO] trainer: epoch 483 step 50/54 loss=1.1509 lr=1.60e-06
2026-07-16 09:54:41,051 [INFO] trainer: epoch 483 done train_loss=1.1491 dt=15.4s
2026-07-16 09:54:55,303 [INFO] trainer: epoch 484 step 50/54 loss=1.1257 lr=1.53e-06
2026-07-16 09:54:56,349 [INFO] trainer: epoch 484 done train_loss=1.1381 dt=15.3s
2026-07-16 09:55:11,044 [INFO] trainer: epoch 485 step 50/54 loss=1.1788 lr=1.46e-06
2026-07-16 09:55:12,092 [INFO] trainer: epoch 485 done train_loss=1.1833 dt=15.7s
2026-07-16 09:55:26,117 [INFO] trainer: epoch 486 step 50/54 loss=1.1630 lr=1.40e-06
2026-07-16 09:55:27,163 [INFO] trainer: epoch 486 done train_loss=1.1711 dt=15.1s
2026-07-16 09:55:41,189 [INFO] trainer: epoch 487 step 50/54 loss=1.1945 lr=1.35e-06
2026-07-16 09:55:42,234 [INFO] trainer: epoch 487 done train_loss=1.1936 dt=15.1s
2026-07-16 09:55:56,344 [INFO] trainer: epoch 488 step 50/54 loss=1.1784 lr=1.30e-06
2026-07-16 09:55:57,391 [INFO] trainer: epoch 488 done train_loss=1.1735 dt=15.2s
2026-07-16 09:56:11,310 [INFO] trainer: epoch 489 step 50/54 loss=1.1807 lr=1.25e-06
2026-07-16 09:56:12,357 [INFO] trainer: epoch 489 done train_loss=1.1720 dt=15.0s
2026-07-16 09:56:26,706 [INFO] trainer: epoch 490 step 50/54 loss=1.1674 lr=1.21e-06
2026-07-16 09:56:27,752 [INFO] trainer: epoch 490 done train_loss=1.1651 dt=15.4s
2026-07-16 09:56:41,848 [INFO] trainer: epoch 491 step 50/54 loss=1.1497 lr=1.17e-06
2026-07-16 09:56:42,893 [INFO] trainer: epoch 491 done train_loss=1.1701 dt=14.9s
2026-07-16 09:56:57,539 [INFO] trainer: epoch 492 step 50/54 loss=1.1512 lr=1.13e-06
2026-07-16 09:56:58,585 [INFO] trainer: epoch 492 done train_loss=1.1524 dt=15.7s
2026-07-16 09:57:13,798 [INFO] trainer: epoch 493 step 50/54 loss=1.2117 lr=1.10e-06
2026-07-16 09:57:14,844 [INFO] trainer: epoch 493 done train_loss=1.2092 dt=16.3s
2026-07-16 09:57:30,321 [INFO] trainer: epoch 494 step 50/54 loss=1.1497 lr=1.08e-06
2026-07-16 09:57:31,369 [INFO] trainer: epoch 494 done train_loss=1.1554 dt=16.5s
2026-07-16 09:57:47,111 [INFO] trainer: epoch 495 step 50/54 loss=1.1526 lr=1.05e-06
2026-07-16 09:57:48,158 [INFO] trainer: epoch 495 done train_loss=1.1443 dt=16.8s
2026-07-16 09:58:02,104 [INFO] trainer: epoch 496 step 50/54 loss=1.1907 lr=1.03e-06
2026-07-16 09:58:03,151 [INFO] trainer: epoch 496 done train_loss=1.1855 dt=15.0s
2026-07-16 09:58:17,034 [INFO] trainer: epoch 497 step 50/54 loss=1.1549 lr=1.02e-06
2026-07-16 09:58:18,084 [INFO] trainer: epoch 497 done train_loss=1.1614 dt=14.9s
2026-07-16 09:58:31,990 [INFO] trainer: epoch 498 step 50/54 loss=1.1551 lr=1.01e-06
2026-07-16 09:58:33,037 [INFO] trainer: epoch 498 done train_loss=1.1537 dt=15.0s
2026-07-16 09:58:46,817 [INFO] trainer: epoch 499 step 50/54 loss=1.1772 lr=1.00e-06
2026-07-16 09:58:47,863 [INFO] trainer: epoch 499 done train_loss=1.1680 dt=14.8s
2026-07-16 09:59:01,659 [INFO] trainer: epoch 500 step 50/54 loss=1.1552 lr=1.00e-06
2026-07-16 09:59:02,706 [INFO] trainer: epoch 500 done train_loss=1.1480 dt=14.8s
2026-07-16 10:00:22,123 [INFO] trainer: epoch 500 val_mean_dice=0.7448
2026-07-16 10:00:22,666 [INFO] trainer: total time 9229.4 s, best dice 0.7448 (epochs 1-500 / 500)
