2026-07-16 07:21:45,124 [INFO] train: ========================================================================
2026-07-16 07:21:45,125 [INFO] train: model=suprem_unet config=configs/lowshot/ls_supUnet_ft_pt_f010.yaml
2026-07-16 07:21:45,125 [INFO] train: output=/scratch/lskrlj/runs/ls_supUnet_ft_pt_f010 device=cuda (NVIDIA A100-SXM4-40GB)
2026-07-16 07:21:45,125 [INFO] train: epochs=500 batch_size=2 grad_accum=2 eff_batch=4 lr=0.0002 amp=True
2026-07-16 07:21:45,125 [INFO] train: ========================================================================
2026-07-16 07:21:45,128 [INFO] train: splits: train=1082 val=57 classes=117
2026-07-16 07:21:45,128 [INFO] train: low-shot: train_fraction=0.1000 seed=1234 -> 108/1082 train cases
2026-07-16 07:22:08,913 [INFO] train: disk cache: /scratch/lskrlj/cache/TotalSeg/833d9d046402 (fingerprint=833d9d046402)
2026-07-16 07:26:01,745 [INFO] train: model suprem_unet, trainable params: 28972312 / 28972312 total (freeze_backbone=False)
2026-07-16 07:26:33,249 [WARNING] trainer: --resume set but no checkpoint found in /scratch/lskrlj/runs/ls_supUnet_ft_pt_f010; starting fresh
2026-07-16 07:26:33,250 [INFO] trainer: start: epochs 1-500/500 device=cuda amp=bf16 train_batches=54 val_batches=57
2026-07-16 07:26:49,991 [INFO] trainer: epoch 1 step 50/54 loss=11.1648 lr=1.85e-05
2026-07-16 07:26:50,993 [INFO] trainer: epoch 1 done train_loss=11.1472 dt=17.7s
2026-07-16 07:27:04,221 [INFO] trainer: epoch 2 step 50/54 loss=10.4268 lr=3.85e-05
2026-07-16 07:27:05,224 [INFO] trainer: epoch 2 done train_loss=10.3835 dt=14.2s
2026-07-16 07:27:18,412 [INFO] trainer: epoch 3 step 50/54 loss=9.3788 lr=5.85e-05
2026-07-16 07:27:19,413 [INFO] trainer: epoch 3 done train_loss=9.3345 dt=14.2s
2026-07-16 07:27:32,675 [INFO] trainer: epoch 4 step 50/54 loss=8.5584 lr=7.85e-05
2026-07-16 07:27:33,676 [INFO] trainer: epoch 4 done train_loss=8.5419 dt=14.3s
2026-07-16 07:27:46,863 [INFO] trainer: epoch 5 step 50/54 loss=7.9258 lr=9.85e-05
2026-07-16 07:27:47,866 [INFO] trainer: epoch 5 done train_loss=7.9181 dt=14.2s
2026-07-16 07:28:01,182 [INFO] trainer: epoch 6 step 50/54 loss=7.4429 lr=1.19e-04
2026-07-16 07:28:02,184 [INFO] trainer: epoch 6 done train_loss=7.4380 dt=14.3s
2026-07-16 07:28:15,456 [INFO] trainer: epoch 7 step 50/54 loss=7.0199 lr=1.39e-04
2026-07-16 07:28:16,456 [INFO] trainer: epoch 7 done train_loss=7.0127 dt=14.3s
2026-07-16 07:28:29,853 [INFO] trainer: epoch 8 step 50/54 loss=6.6209 lr=1.59e-04
2026-07-16 07:28:30,856 [INFO] trainer: epoch 8 done train_loss=6.6067 dt=14.4s
2026-07-16 07:28:44,195 [INFO] trainer: epoch 9 step 50/54 loss=6.1991 lr=1.79e-04
2026-07-16 07:28:45,198 [INFO] trainer: epoch 9 done train_loss=6.1951 dt=14.3s
2026-07-16 07:28:58,494 [INFO] trainer: epoch 10 step 50/54 loss=5.8164 lr=1.99e-04
2026-07-16 07:28:59,496 [INFO] trainer: epoch 10 done train_loss=5.7908 dt=14.3s
2026-07-16 07:29:13,233 [INFO] trainer: epoch 11 step 50/54 loss=5.3938 lr=2.00e-04
2026-07-16 07:29:14,235 [INFO] trainer: epoch 11 done train_loss=5.3853 dt=14.4s
2026-07-16 07:29:27,411 [INFO] trainer: epoch 12 step 50/54 loss=5.0492 lr=2.00e-04
2026-07-16 07:29:28,415 [INFO] trainer: epoch 12 done train_loss=5.0324 dt=14.2s
2026-07-16 07:29:41,874 [INFO] trainer: epoch 13 step 50/54 loss=4.7373 lr=2.00e-04
2026-07-16 07:29:42,877 [INFO] trainer: epoch 13 done train_loss=4.7292 dt=14.5s
2026-07-16 07:29:56,056 [INFO] trainer: epoch 14 step 50/54 loss=4.4920 lr=2.00e-04
2026-07-16 07:29:57,057 [INFO] trainer: epoch 14 done train_loss=4.4809 dt=14.2s
2026-07-16 07:30:10,225 [INFO] trainer: epoch 15 step 50/54 loss=4.2782 lr=2.00e-04
2026-07-16 07:30:11,225 [INFO] trainer: epoch 15 done train_loss=4.2690 dt=14.2s
2026-07-16 07:30:24,563 [INFO] trainer: epoch 16 step 50/54 loss=4.0602 lr=2.00e-04
2026-07-16 07:30:25,564 [INFO] trainer: epoch 16 done train_loss=4.0548 dt=14.3s
2026-07-16 07:30:39,034 [INFO] trainer: epoch 17 step 50/54 loss=3.8893 lr=2.00e-04
2026-07-16 07:30:40,036 [INFO] trainer: epoch 17 done train_loss=3.8874 dt=14.5s
2026-07-16 07:30:53,249 [INFO] trainer: epoch 18 step 50/54 loss=3.7644 lr=2.00e-04
2026-07-16 07:30:54,251 [INFO] trainer: epoch 18 done train_loss=3.7563 dt=14.2s
2026-07-16 07:31:07,523 [INFO] trainer: epoch 19 step 50/54 loss=3.6452 lr=2.00e-04
2026-07-16 07:31:08,528 [INFO] trainer: epoch 19 done train_loss=3.6415 dt=14.3s
2026-07-16 07:31:21,811 [INFO] trainer: epoch 20 step 50/54 loss=3.5276 lr=2.00e-04
2026-07-16 07:31:22,814 [INFO] trainer: epoch 20 done train_loss=3.5224 dt=14.3s
2026-07-16 07:31:36,469 [INFO] trainer: epoch 21 step 50/54 loss=3.3686 lr=2.00e-04
2026-07-16 07:31:37,471 [INFO] trainer: epoch 21 done train_loss=3.3586 dt=14.3s
2026-07-16 07:31:50,772 [INFO] trainer: epoch 22 step 50/54 loss=3.2619 lr=2.00e-04
2026-07-16 07:31:51,771 [INFO] trainer: epoch 22 done train_loss=3.2583 dt=14.3s
2026-07-16 07:32:05,276 [INFO] trainer: epoch 23 step 50/54 loss=3.1822 lr=2.00e-04
2026-07-16 07:32:06,281 [INFO] trainer: epoch 23 done train_loss=3.1776 dt=14.5s
2026-07-16 07:32:19,640 [INFO] trainer: epoch 24 step 50/54 loss=3.0354 lr=2.00e-04
2026-07-16 07:32:20,648 [INFO] trainer: epoch 24 done train_loss=3.0354 dt=14.4s
2026-07-16 07:32:33,998 [INFO] trainer: epoch 25 step 50/54 loss=2.9576 lr=2.00e-04
2026-07-16 07:32:35,000 [INFO] trainer: epoch 25 done train_loss=2.9607 dt=14.4s
2026-07-16 07:33:22,549 [INFO] trainer: epoch 25 val_mean_dice=0.0396
2026-07-16 07:33:36,165 [INFO] trainer: epoch 26 step 50/54 loss=2.8701 lr=1.99e-04
2026-07-16 07:33:37,166 [INFO] trainer: epoch 26 done train_loss=2.8655 dt=14.3s
2026-07-16 07:33:50,355 [INFO] trainer: epoch 27 step 50/54 loss=2.7781 lr=1.99e-04
2026-07-16 07:33:51,365 [INFO] trainer: epoch 27 done train_loss=2.7773 dt=14.2s
2026-07-16 07:34:04,833 [INFO] trainer: epoch 28 step 50/54 loss=2.7264 lr=1.99e-04
2026-07-16 07:34:05,836 [INFO] trainer: epoch 28 done train_loss=2.7213 dt=14.5s
2026-07-16 07:34:19,046 [INFO] trainer: epoch 29 step 50/54 loss=2.6471 lr=1.99e-04
2026-07-16 07:34:20,049 [INFO] trainer: epoch 29 done train_loss=2.6491 dt=14.2s
2026-07-16 07:34:33,404 [INFO] trainer: epoch 30 step 50/54 loss=2.5948 lr=1.99e-04
2026-07-16 07:34:34,404 [INFO] trainer: epoch 30 done train_loss=2.5913 dt=14.4s
2026-07-16 07:34:48,193 [INFO] trainer: epoch 31 step 50/54 loss=2.5515 lr=1.99e-04
2026-07-16 07:34:49,196 [INFO] trainer: epoch 31 done train_loss=2.5519 dt=14.4s
2026-07-16 07:35:02,336 [INFO] trainer: epoch 32 step 50/54 loss=2.4699 lr=1.99e-04
2026-07-16 07:35:03,338 [INFO] trainer: epoch 32 done train_loss=2.4663 dt=14.1s
2026-07-16 07:35:16,736 [INFO] trainer: epoch 33 step 50/54 loss=2.4466 lr=1.99e-04
2026-07-16 07:35:17,737 [INFO] trainer: epoch 33 done train_loss=2.4454 dt=14.4s
2026-07-16 07:35:31,107 [INFO] trainer: epoch 34 step 50/54 loss=2.3520 lr=1.99e-04
2026-07-16 07:35:32,108 [INFO] trainer: epoch 34 done train_loss=2.3603 dt=14.4s
2026-07-16 07:35:45,539 [INFO] trainer: epoch 35 step 50/54 loss=2.3285 lr=1.99e-04
2026-07-16 07:35:46,538 [INFO] trainer: epoch 35 done train_loss=2.3192 dt=14.4s
2026-07-16 07:35:59,852 [INFO] trainer: epoch 36 step 50/54 loss=2.3057 lr=1.99e-04
2026-07-16 07:36:00,854 [INFO] trainer: epoch 36 done train_loss=2.3134 dt=14.3s
2026-07-16 07:36:14,159 [INFO] trainer: epoch 37 step 50/54 loss=2.2482 lr=1.99e-04
2026-07-16 07:36:15,163 [INFO] trainer: epoch 37 done train_loss=2.2494 dt=14.3s
2026-07-16 07:36:28,670 [INFO] trainer: epoch 38 step 50/54 loss=2.1955 lr=1.98e-04
2026-07-16 07:36:29,669 [INFO] trainer: epoch 38 done train_loss=2.1987 dt=14.5s
2026-07-16 07:36:42,976 [INFO] trainer: epoch 39 step 50/54 loss=2.1812 lr=1.98e-04
2026-07-16 07:36:43,979 [INFO] trainer: epoch 39 done train_loss=2.1837 dt=14.3s
2026-07-16 07:36:57,146 [INFO] trainer: epoch 40 step 50/54 loss=2.1371 lr=1.98e-04
2026-07-16 07:36:58,147 [INFO] trainer: epoch 40 done train_loss=2.1347 dt=14.2s
2026-07-16 07:37:11,743 [INFO] trainer: epoch 41 step 50/54 loss=2.1174 lr=1.98e-04
2026-07-16 07:37:12,744 [INFO] trainer: epoch 41 done train_loss=2.1078 dt=14.2s
2026-07-16 07:37:25,942 [INFO] trainer: epoch 42 step 50/54 loss=2.0676 lr=1.98e-04
2026-07-16 07:37:26,945 [INFO] trainer: epoch 42 done train_loss=2.0685 dt=14.2s
2026-07-16 07:37:40,177 [INFO] trainer: epoch 43 step 50/54 loss=2.0386 lr=1.98e-04
2026-07-16 07:37:41,176 [INFO] trainer: epoch 43 done train_loss=2.0342 dt=14.2s
2026-07-16 07:37:54,409 [INFO] trainer: epoch 44 step 50/54 loss=1.9915 lr=1.98e-04
2026-07-16 07:37:55,408 [INFO] trainer: epoch 44 done train_loss=1.9909 dt=14.2s
2026-07-16 07:38:08,757 [INFO] trainer: epoch 45 step 50/54 loss=1.9776 lr=1.98e-04
2026-07-16 07:38:09,758 [INFO] trainer: epoch 45 done train_loss=1.9869 dt=14.3s
2026-07-16 07:38:23,090 [INFO] trainer: epoch 46 step 50/54 loss=1.9424 lr=1.97e-04
2026-07-16 07:38:24,093 [INFO] trainer: epoch 46 done train_loss=1.9375 dt=14.3s
2026-07-16 07:38:37,296 [INFO] trainer: epoch 47 step 50/54 loss=1.9320 lr=1.97e-04
2026-07-16 07:38:38,300 [INFO] trainer: epoch 47 done train_loss=1.9240 dt=14.2s
2026-07-16 07:38:51,801 [INFO] trainer: epoch 48 step 50/54 loss=1.8813 lr=1.97e-04
2026-07-16 07:38:52,802 [INFO] trainer: epoch 48 done train_loss=1.8828 dt=14.5s
2026-07-16 07:39:06,108 [INFO] trainer: epoch 49 step 50/54 loss=1.8706 lr=1.97e-04
2026-07-16 07:39:07,110 [INFO] trainer: epoch 49 done train_loss=1.8661 dt=14.3s
2026-07-16 07:39:20,649 [INFO] trainer: epoch 50 step 50/54 loss=1.8344 lr=1.97e-04
2026-07-16 07:39:21,653 [INFO] trainer: epoch 50 done train_loss=1.8334 dt=14.5s
2026-07-16 07:40:04,937 [INFO] trainer: epoch 50 val_mean_dice=0.4599
2026-07-16 07:40:19,032 [INFO] trainer: epoch 51 step 50/54 loss=1.8039 lr=1.97e-04
2026-07-16 07:40:20,032 [INFO] trainer: epoch 51 done train_loss=1.8063 dt=14.4s
2026-07-16 07:40:33,336 [INFO] trainer: epoch 52 step 50/54 loss=1.7730 lr=1.96e-04
2026-07-16 07:40:34,338 [INFO] trainer: epoch 52 done train_loss=1.7832 dt=14.3s
2026-07-16 07:40:47,553 [INFO] trainer: epoch 53 step 50/54 loss=1.7774 lr=1.96e-04
2026-07-16 07:40:48,553 [INFO] trainer: epoch 53 done train_loss=1.7817 dt=14.2s
2026-07-16 07:41:01,856 [INFO] trainer: epoch 54 step 50/54 loss=1.7591 lr=1.96e-04
2026-07-16 07:41:02,856 [INFO] trainer: epoch 54 done train_loss=1.7539 dt=14.3s
2026-07-16 07:41:16,186 [INFO] trainer: epoch 55 step 50/54 loss=1.7177 lr=1.96e-04
2026-07-16 07:41:17,186 [INFO] trainer: epoch 55 done train_loss=1.7176 dt=14.3s
2026-07-16 07:41:30,480 [INFO] trainer: epoch 56 step 50/54 loss=1.7138 lr=1.96e-04
2026-07-16 07:41:31,479 [INFO] trainer: epoch 56 done train_loss=1.7154 dt=14.3s
2026-07-16 07:41:44,811 [INFO] trainer: epoch 57 step 50/54 loss=1.6867 lr=1.96e-04
2026-07-16 07:41:45,812 [INFO] trainer: epoch 57 done train_loss=1.6796 dt=14.3s
2026-07-16 07:41:59,148 [INFO] trainer: epoch 58 step 50/54 loss=1.6304 lr=1.95e-04
2026-07-16 07:42:00,149 [INFO] trainer: epoch 58 done train_loss=1.6371 dt=14.3s
2026-07-16 07:42:13,324 [INFO] trainer: epoch 59 step 50/54 loss=1.6363 lr=1.95e-04
2026-07-16 07:42:14,325 [INFO] trainer: epoch 59 done train_loss=1.6389 dt=14.2s
2026-07-16 07:42:27,518 [INFO] trainer: epoch 60 step 50/54 loss=1.6170 lr=1.95e-04
2026-07-16 07:42:28,528 [INFO] trainer: epoch 60 done train_loss=1.6272 dt=14.2s
2026-07-16 07:42:42,165 [INFO] trainer: epoch 61 step 50/54 loss=1.6098 lr=1.95e-04
2026-07-16 07:42:43,165 [INFO] trainer: epoch 61 done train_loss=1.6106 dt=14.2s
2026-07-16 07:42:56,415 [INFO] trainer: epoch 62 step 50/54 loss=1.5582 lr=1.95e-04
2026-07-16 07:42:57,415 [INFO] trainer: epoch 62 done train_loss=1.5530 dt=14.2s
2026-07-16 07:43:10,497 [INFO] trainer: epoch 63 step 50/54 loss=1.6031 lr=1.94e-04
2026-07-16 07:43:11,497 [INFO] trainer: epoch 63 done train_loss=1.6052 dt=14.1s
2026-07-16 07:43:24,677 [INFO] trainer: epoch 64 step 50/54 loss=1.5973 lr=1.94e-04
2026-07-16 07:43:25,680 [INFO] trainer: epoch 64 done train_loss=1.5865 dt=14.2s
2026-07-16 07:43:38,913 [INFO] trainer: epoch 65 step 50/54 loss=1.5231 lr=1.94e-04
2026-07-16 07:43:39,914 [INFO] trainer: epoch 65 done train_loss=1.5295 dt=14.2s
2026-07-16 07:43:53,175 [INFO] trainer: epoch 66 step 50/54 loss=1.5122 lr=1.94e-04
2026-07-16 07:43:54,176 [INFO] trainer: epoch 66 done train_loss=1.5095 dt=14.3s
2026-07-16 07:44:07,417 [INFO] trainer: epoch 67 step 50/54 loss=1.5329 lr=1.93e-04
2026-07-16 07:44:08,417 [INFO] trainer: epoch 67 done train_loss=1.5326 dt=14.2s
2026-07-16 07:44:21,587 [INFO] trainer: epoch 68 step 50/54 loss=1.4878 lr=1.93e-04
2026-07-16 07:44:22,587 [INFO] trainer: epoch 68 done train_loss=1.4911 dt=14.2s
2026-07-16 07:44:35,880 [INFO] trainer: epoch 69 step 50/54 loss=1.5034 lr=1.93e-04
2026-07-16 07:44:36,882 [INFO] trainer: epoch 69 done train_loss=1.4996 dt=14.3s
2026-07-16 07:44:50,147 [INFO] trainer: epoch 70 step 50/54 loss=1.4722 lr=1.93e-04
2026-07-16 07:44:51,147 [INFO] trainer: epoch 70 done train_loss=1.4643 dt=14.3s
2026-07-16 07:45:04,934 [INFO] trainer: epoch 71 step 50/54 loss=1.5231 lr=1.93e-04
2026-07-16 07:45:05,933 [INFO] trainer: epoch 71 done train_loss=1.5089 dt=14.3s
2026-07-16 07:45:19,179 [INFO] trainer: epoch 72 step 50/54 loss=1.4689 lr=1.92e-04
2026-07-16 07:45:20,178 [INFO] trainer: epoch 72 done train_loss=1.4756 dt=14.2s
2026-07-16 07:45:33,478 [INFO] trainer: epoch 73 step 50/54 loss=1.4419 lr=1.92e-04
2026-07-16 07:45:34,480 [INFO] trainer: epoch 73 done train_loss=1.4486 dt=14.3s
2026-07-16 07:45:47,750 [INFO] trainer: epoch 74 step 50/54 loss=1.4283 lr=1.92e-04
2026-07-16 07:45:48,748 [INFO] trainer: epoch 74 done train_loss=1.4255 dt=14.3s
2026-07-16 07:46:01,838 [INFO] trainer: epoch 75 step 50/54 loss=1.4275 lr=1.92e-04
2026-07-16 07:46:02,838 [INFO] trainer: epoch 75 done train_loss=1.4198 dt=14.1s
2026-07-16 07:46:46,206 [INFO] trainer: epoch 75 val_mean_dice=0.7186
2026-07-16 07:46:59,815 [INFO] trainer: epoch 76 step 50/54 loss=1.4021 lr=1.91e-04
2026-07-16 07:47:00,815 [INFO] trainer: epoch 76 done train_loss=1.4023 dt=14.2s
2026-07-16 07:47:14,173 [INFO] trainer: epoch 77 step 50/54 loss=1.3953 lr=1.91e-04
2026-07-16 07:47:15,174 [INFO] trainer: epoch 77 done train_loss=1.4042 dt=14.4s
2026-07-16 07:47:28,408 [INFO] trainer: epoch 78 step 50/54 loss=1.3838 lr=1.91e-04
2026-07-16 07:47:29,407 [INFO] trainer: epoch 78 done train_loss=1.3853 dt=14.2s
2026-07-16 07:47:42,749 [INFO] trainer: epoch 79 step 50/54 loss=1.3701 lr=1.90e-04
2026-07-16 07:47:43,752 [INFO] trainer: epoch 79 done train_loss=1.3589 dt=14.3s
2026-07-16 07:47:57,166 [INFO] trainer: epoch 80 step 50/54 loss=1.3484 lr=1.90e-04
2026-07-16 07:47:58,168 [INFO] trainer: epoch 80 done train_loss=1.3496 dt=14.4s
2026-07-16 07:48:11,843 [INFO] trainer: epoch 81 step 50/54 loss=1.3530 lr=1.90e-04
2026-07-16 07:48:12,842 [INFO] trainer: epoch 81 done train_loss=1.3462 dt=14.3s
2026-07-16 07:48:26,175 [INFO] trainer: epoch 82 step 50/54 loss=1.3627 lr=1.90e-04
2026-07-16 07:48:27,175 [INFO] trainer: epoch 82 done train_loss=1.3530 dt=14.3s
2026-07-16 07:48:40,481 [INFO] trainer: epoch 83 step 50/54 loss=1.3327 lr=1.89e-04
2026-07-16 07:48:41,484 [INFO] trainer: epoch 83 done train_loss=1.3225 dt=14.3s
2026-07-16 07:48:54,639 [INFO] trainer: epoch 84 step 50/54 loss=1.2735 lr=1.89e-04
2026-07-16 07:48:55,642 [INFO] trainer: epoch 84 done train_loss=1.2888 dt=14.2s
2026-07-16 07:49:08,932 [INFO] trainer: epoch 85 step 50/54 loss=1.3327 lr=1.89e-04
2026-07-16 07:49:09,935 [INFO] trainer: epoch 85 done train_loss=1.3339 dt=14.3s
2026-07-16 07:49:23,249 [INFO] trainer: epoch 86 step 50/54 loss=1.3418 lr=1.88e-04
2026-07-16 07:49:24,249 [INFO] trainer: epoch 86 done train_loss=1.3536 dt=14.3s
2026-07-16 07:49:37,365 [INFO] trainer: epoch 87 step 50/54 loss=1.3308 lr=1.88e-04
2026-07-16 07:49:38,367 [INFO] trainer: epoch 87 done train_loss=1.3289 dt=14.1s
2026-07-16 07:49:51,686 [INFO] trainer: epoch 88 step 50/54 loss=1.2958 lr=1.88e-04
2026-07-16 07:49:52,689 [INFO] trainer: epoch 88 done train_loss=1.3044 dt=14.3s
2026-07-16 07:50:05,970 [INFO] trainer: epoch 89 step 50/54 loss=1.2882 lr=1.88e-04
2026-07-16 07:50:06,971 [INFO] trainer: epoch 89 done train_loss=1.2930 dt=14.3s
2026-07-16 07:50:20,260 [INFO] trainer: epoch 90 step 50/54 loss=1.2996 lr=1.87e-04
2026-07-16 07:50:21,260 [INFO] trainer: epoch 90 done train_loss=1.2934 dt=14.3s
2026-07-16 07:50:34,862 [INFO] trainer: epoch 91 step 50/54 loss=1.3367 lr=1.87e-04
2026-07-16 07:50:35,861 [INFO] trainer: epoch 91 done train_loss=1.3368 dt=14.2s
2026-07-16 07:50:49,112 [INFO] trainer: epoch 92 step 50/54 loss=1.2670 lr=1.87e-04
2026-07-16 07:50:50,113 [INFO] trainer: epoch 92 done train_loss=1.2740 dt=14.3s
2026-07-16 07:51:03,444 [INFO] trainer: epoch 93 step 50/54 loss=1.3285 lr=1.86e-04
2026-07-16 07:51:04,445 [INFO] trainer: epoch 93 done train_loss=1.3176 dt=14.3s
2026-07-16 07:51:17,639 [INFO] trainer: epoch 94 step 50/54 loss=1.2606 lr=1.86e-04
2026-07-16 07:51:18,638 [INFO] trainer: epoch 94 done train_loss=1.2688 dt=14.2s
2026-07-16 07:51:32,002 [INFO] trainer: epoch 95 step 50/54 loss=1.2631 lr=1.86e-04
2026-07-16 07:51:33,001 [INFO] trainer: epoch 95 done train_loss=1.2577 dt=14.4s
2026-07-16 07:51:46,196 [INFO] trainer: epoch 96 step 50/54 loss=1.2466 lr=1.85e-04
2026-07-16 07:51:47,197 [INFO] trainer: epoch 96 done train_loss=1.2482 dt=14.2s
2026-07-16 07:52:00,510 [INFO] trainer: epoch 97 step 50/54 loss=1.2522 lr=1.85e-04
2026-07-16 07:52:01,512 [INFO] trainer: epoch 97 done train_loss=1.2400 dt=14.3s
2026-07-16 07:52:14,845 [INFO] trainer: epoch 98 step 50/54 loss=1.2725 lr=1.85e-04
2026-07-16 07:52:15,844 [INFO] trainer: epoch 98 done train_loss=1.2761 dt=14.3s
2026-07-16 07:52:29,104 [INFO] trainer: epoch 99 step 50/54 loss=1.3096 lr=1.84e-04
2026-07-16 07:52:30,105 [INFO] trainer: epoch 99 done train_loss=1.3093 dt=14.3s
2026-07-16 07:52:43,308 [INFO] trainer: epoch 100 step 50/54 loss=1.2766 lr=1.84e-04
2026-07-16 07:52:44,306 [INFO] trainer: epoch 100 done train_loss=1.2804 dt=14.2s
2026-07-16 07:53:27,638 [INFO] trainer: epoch 100 val_mean_dice=0.7561
2026-07-16 07:53:41,580 [INFO] trainer: epoch 101 step 50/54 loss=1.2342 lr=1.84e-04
2026-07-16 07:53:42,580 [INFO] trainer: epoch 101 done train_loss=1.2358 dt=14.2s
2026-07-16 07:53:55,848 [INFO] trainer: epoch 102 step 50/54 loss=1.2622 lr=1.83e-04
2026-07-16 07:53:56,848 [INFO] trainer: epoch 102 done train_loss=1.2508 dt=14.3s
2026-07-16 07:54:10,054 [INFO] trainer: epoch 103 step 50/54 loss=1.2503 lr=1.83e-04
2026-07-16 07:54:11,056 [INFO] trainer: epoch 103 done train_loss=1.2519 dt=14.2s
2026-07-16 07:54:24,228 [INFO] trainer: epoch 104 step 50/54 loss=1.2395 lr=1.82e-04
2026-07-16 07:54:25,227 [INFO] trainer: epoch 104 done train_loss=1.2356 dt=14.2s
2026-07-16 07:54:38,466 [INFO] trainer: epoch 105 step 50/54 loss=1.2608 lr=1.82e-04
2026-07-16 07:54:39,469 [INFO] trainer: epoch 105 done train_loss=1.2601 dt=14.2s
2026-07-16 07:54:52,811 [INFO] trainer: epoch 106 step 50/54 loss=1.2451 lr=1.82e-04
2026-07-16 07:54:53,810 [INFO] trainer: epoch 106 done train_loss=1.2483 dt=14.3s
2026-07-16 07:55:07,173 [INFO] trainer: epoch 107 step 50/54 loss=1.2096 lr=1.81e-04
2026-07-16 07:55:08,171 [INFO] trainer: epoch 107 done train_loss=1.2083 dt=14.4s
2026-07-16 07:55:21,499 [INFO] trainer: epoch 108 step 50/54 loss=1.2533 lr=1.81e-04
2026-07-16 07:55:22,502 [INFO] trainer: epoch 108 done train_loss=1.2454 dt=14.3s
2026-07-16 07:55:35,750 [INFO] trainer: epoch 109 step 50/54 loss=1.2045 lr=1.81e-04
2026-07-16 07:55:36,751 [INFO] trainer: epoch 109 done train_loss=1.1989 dt=14.2s
2026-07-16 07:55:50,045 [INFO] trainer: epoch 110 step 50/54 loss=1.2097 lr=1.80e-04
2026-07-16 07:55:51,045 [INFO] trainer: epoch 110 done train_loss=1.2087 dt=14.3s
2026-07-16 07:56:04,768 [INFO] trainer: epoch 111 step 50/54 loss=1.2566 lr=1.80e-04
2026-07-16 07:56:05,767 [INFO] trainer: epoch 111 done train_loss=1.2475 dt=14.3s
2026-07-16 07:56:18,887 [INFO] trainer: epoch 112 step 50/54 loss=1.2090 lr=1.79e-04
2026-07-16 07:56:19,887 [INFO] trainer: epoch 112 done train_loss=1.2164 dt=14.1s
2026-07-16 07:56:33,075 [INFO] trainer: epoch 113 step 50/54 loss=1.2154 lr=1.79e-04
2026-07-16 07:56:34,077 [INFO] trainer: epoch 113 done train_loss=1.2212 dt=14.2s
2026-07-16 07:56:47,253 [INFO] trainer: epoch 114 step 50/54 loss=1.2109 lr=1.79e-04
2026-07-16 07:56:48,252 [INFO] trainer: epoch 114 done train_loss=1.2116 dt=14.2s
2026-07-16 07:57:01,409 [INFO] trainer: epoch 115 step 50/54 loss=1.2206 lr=1.78e-04
2026-07-16 07:57:02,410 [INFO] trainer: epoch 115 done train_loss=1.2287 dt=14.2s
2026-07-16 07:57:15,693 [INFO] trainer: epoch 116 step 50/54 loss=1.1592 lr=1.78e-04
2026-07-16 07:57:16,692 [INFO] trainer: epoch 116 done train_loss=1.1563 dt=14.3s
2026-07-16 07:57:29,958 [INFO] trainer: epoch 117 step 50/54 loss=1.1952 lr=1.78e-04
2026-07-16 07:57:30,957 [INFO] trainer: epoch 117 done train_loss=1.2019 dt=14.3s
2026-07-16 07:57:44,352 [INFO] trainer: epoch 118 step 50/54 loss=1.2054 lr=1.77e-04
2026-07-16 07:57:45,352 [INFO] trainer: epoch 118 done train_loss=1.2082 dt=14.4s
2026-07-16 07:57:58,646 [INFO] trainer: epoch 119 step 50/54 loss=1.2266 lr=1.77e-04
2026-07-16 07:57:59,645 [INFO] trainer: epoch 119 done train_loss=1.2282 dt=14.3s
2026-07-16 07:58:12,773 [INFO] trainer: epoch 120 step 50/54 loss=1.2088 lr=1.76e-04
2026-07-16 07:58:13,773 [INFO] trainer: epoch 120 done train_loss=1.2162 dt=14.1s
2026-07-16 07:58:27,560 [INFO] trainer: epoch 121 step 50/54 loss=1.1647 lr=1.76e-04
2026-07-16 07:58:28,560 [INFO] trainer: epoch 121 done train_loss=1.1714 dt=14.4s
2026-07-16 07:58:41,900 [INFO] trainer: epoch 122 step 50/54 loss=1.2243 lr=1.75e-04
2026-07-16 07:58:42,901 [INFO] trainer: epoch 122 done train_loss=1.2286 dt=14.3s
2026-07-16 07:58:56,146 [INFO] trainer: epoch 123 step 50/54 loss=1.2096 lr=1.75e-04
2026-07-16 07:58:57,143 [INFO] trainer: epoch 123 done train_loss=1.2055 dt=14.2s
2026-07-16 07:59:10,370 [INFO] trainer: epoch 124 step 50/54 loss=1.2392 lr=1.75e-04
2026-07-16 07:59:11,369 [INFO] trainer: epoch 124 done train_loss=1.2340 dt=14.2s
2026-07-16 07:59:24,679 [INFO] trainer: epoch 125 step 50/54 loss=1.1818 lr=1.74e-04
2026-07-16 07:59:25,680 [INFO] trainer: epoch 125 done train_loss=1.1622 dt=14.3s
2026-07-16 08:00:08,972 [INFO] trainer: epoch 125 val_mean_dice=0.7705
2026-07-16 08:00:22,624 [INFO] trainer: epoch 126 step 50/54 loss=1.1860 lr=1.74e-04
2026-07-16 08:00:23,626 [INFO] trainer: epoch 126 done train_loss=1.1822 dt=14.3s
2026-07-16 08:00:37,084 [INFO] trainer: epoch 127 step 50/54 loss=1.1794 lr=1.73e-04
2026-07-16 08:00:38,091 [INFO] trainer: epoch 127 done train_loss=1.1773 dt=14.5s
2026-07-16 08:00:51,399 [INFO] trainer: epoch 128 step 50/54 loss=1.2325 lr=1.73e-04
2026-07-16 08:00:52,398 [INFO] trainer: epoch 128 done train_loss=1.2277 dt=14.3s
2026-07-16 08:01:05,600 [INFO] trainer: epoch 129 step 50/54 loss=1.1939 lr=1.72e-04
2026-07-16 08:01:06,601 [INFO] trainer: epoch 129 done train_loss=1.1862 dt=14.2s
2026-07-16 08:01:19,811 [INFO] trainer: epoch 130 step 50/54 loss=1.1915 lr=1.72e-04
2026-07-16 08:01:20,812 [INFO] trainer: epoch 130 done train_loss=1.1903 dt=14.2s
2026-07-16 08:01:34,479 [INFO] trainer: epoch 131 step 50/54 loss=1.2053 lr=1.72e-04
2026-07-16 08:01:35,479 [INFO] trainer: epoch 131 done train_loss=1.2125 dt=14.3s
2026-07-16 08:01:48,634 [INFO] trainer: epoch 132 step 50/54 loss=1.1627 lr=1.71e-04
2026-07-16 08:01:49,632 [INFO] trainer: epoch 132 done train_loss=1.1637 dt=14.2s
2026-07-16 08:02:02,831 [INFO] trainer: epoch 133 step 50/54 loss=1.1772 lr=1.71e-04
2026-07-16 08:02:03,830 [INFO] trainer: epoch 133 done train_loss=1.1745 dt=14.2s
2026-07-16 08:02:17,026 [INFO] trainer: epoch 134 step 50/54 loss=1.1535 lr=1.70e-04
2026-07-16 08:02:18,026 [INFO] trainer: epoch 134 done train_loss=1.1431 dt=14.2s
2026-07-16 08:02:31,278 [INFO] trainer: epoch 135 step 50/54 loss=1.1479 lr=1.70e-04
2026-07-16 08:02:32,279 [INFO] trainer: epoch 135 done train_loss=1.1516 dt=14.3s
2026-07-16 08:02:45,384 [INFO] trainer: epoch 136 step 50/54 loss=1.1495 lr=1.69e-04
2026-07-16 08:02:46,384 [INFO] trainer: epoch 136 done train_loss=1.1322 dt=14.1s
2026-07-16 08:02:59,583 [INFO] trainer: epoch 137 step 50/54 loss=1.1533 lr=1.69e-04
2026-07-16 08:03:00,586 [INFO] trainer: epoch 137 done train_loss=1.1529 dt=14.2s
2026-07-16 08:03:13,828 [INFO] trainer: epoch 138 step 50/54 loss=1.1523 lr=1.68e-04
2026-07-16 08:03:14,827 [INFO] trainer: epoch 138 done train_loss=1.1444 dt=14.2s
2026-07-16 08:03:27,992 [INFO] trainer: epoch 139 step 50/54 loss=1.1258 lr=1.68e-04
2026-07-16 08:03:28,993 [INFO] trainer: epoch 139 done train_loss=1.1244 dt=14.2s
2026-07-16 08:03:42,222 [INFO] trainer: epoch 140 step 50/54 loss=1.1521 lr=1.67e-04
2026-07-16 08:03:43,220 [INFO] trainer: epoch 140 done train_loss=1.1504 dt=14.2s
2026-07-16 08:03:56,894 [INFO] trainer: epoch 141 step 50/54 loss=1.1921 lr=1.67e-04
2026-07-16 08:03:57,892 [INFO] trainer: epoch 141 done train_loss=1.1760 dt=14.3s
2026-07-16 08:04:11,137 [INFO] trainer: epoch 142 step 50/54 loss=1.1458 lr=1.66e-04
2026-07-16 08:04:12,134 [INFO] trainer: epoch 142 done train_loss=1.1519 dt=14.2s
2026-07-16 08:04:25,429 [INFO] trainer: epoch 143 step 50/54 loss=1.1016 lr=1.66e-04
2026-07-16 08:04:26,427 [INFO] trainer: epoch 143 done train_loss=1.1102 dt=14.3s
2026-07-16 08:04:39,679 [INFO] trainer: epoch 144 step 50/54 loss=1.1920 lr=1.66e-04
2026-07-16 08:04:40,678 [INFO] trainer: epoch 144 done train_loss=1.1880 dt=14.3s
2026-07-16 08:04:54,035 [INFO] trainer: epoch 145 step 50/54 loss=1.1980 lr=1.65e-04
2026-07-16 08:04:55,035 [INFO] trainer: epoch 145 done train_loss=1.1908 dt=14.4s
2026-07-16 08:05:08,203 [INFO] trainer: epoch 146 step 50/54 loss=1.2001 lr=1.65e-04
2026-07-16 08:05:09,213 [INFO] trainer: epoch 146 done train_loss=1.1928 dt=14.2s
2026-07-16 08:05:22,462 [INFO] trainer: epoch 147 step 50/54 loss=1.1568 lr=1.64e-04
2026-07-16 08:05:23,464 [INFO] trainer: epoch 147 done train_loss=1.1611 dt=14.2s
2026-07-16 08:05:36,612 [INFO] trainer: epoch 148 step 50/54 loss=1.1487 lr=1.64e-04
2026-07-16 08:05:37,610 [INFO] trainer: epoch 148 done train_loss=1.1564 dt=14.1s
2026-07-16 08:05:50,905 [INFO] trainer: epoch 149 step 50/54 loss=1.1341 lr=1.63e-04
2026-07-16 08:05:51,906 [INFO] trainer: epoch 149 done train_loss=1.1380 dt=14.3s
2026-07-16 08:06:05,235 [INFO] trainer: epoch 150 step 50/54 loss=1.1562 lr=1.63e-04
2026-07-16 08:06:06,233 [INFO] trainer: epoch 150 done train_loss=1.1746 dt=14.3s
2026-07-16 08:06:49,457 [INFO] trainer: epoch 150 val_mean_dice=0.7766
2026-07-16 08:07:03,936 [INFO] trainer: epoch 151 step 50/54 loss=1.1576 lr=1.62e-04
2026-07-16 08:07:04,938 [INFO] trainer: epoch 151 done train_loss=1.1467 dt=14.2s
2026-07-16 08:07:18,074 [INFO] trainer: epoch 152 step 50/54 loss=1.1213 lr=1.62e-04
2026-07-16 08:07:19,075 [INFO] trainer: epoch 152 done train_loss=1.1300 dt=14.1s
2026-07-16 08:07:32,470 [INFO] trainer: epoch 153 step 50/54 loss=1.1772 lr=1.61e-04
2026-07-16 08:07:33,471 [INFO] trainer: epoch 153 done train_loss=1.1685 dt=14.4s
2026-07-16 08:07:46,744 [INFO] trainer: epoch 154 step 50/54 loss=1.1450 lr=1.61e-04
2026-07-16 08:07:47,744 [INFO] trainer: epoch 154 done train_loss=1.1586 dt=14.3s
2026-07-16 08:08:00,985 [INFO] trainer: epoch 155 step 50/54 loss=1.1984 lr=1.60e-04
2026-07-16 08:08:01,986 [INFO] trainer: epoch 155 done train_loss=1.1830 dt=14.2s
2026-07-16 08:08:15,292 [INFO] trainer: epoch 156 step 50/54 loss=1.1501 lr=1.60e-04
2026-07-16 08:08:16,290 [INFO] trainer: epoch 156 done train_loss=1.1586 dt=14.3s
2026-07-16 08:08:29,416 [INFO] trainer: epoch 157 step 50/54 loss=1.1539 lr=1.59e-04
2026-07-16 08:08:30,414 [INFO] trainer: epoch 157 done train_loss=1.1596 dt=14.1s
2026-07-16 08:08:43,777 [INFO] trainer: epoch 158 step 50/54 loss=1.1337 lr=1.59e-04
2026-07-16 08:08:44,776 [INFO] trainer: epoch 158 done train_loss=1.1348 dt=14.4s
2026-07-16 08:08:58,021 [INFO] trainer: epoch 159 step 50/54 loss=1.1529 lr=1.58e-04
2026-07-16 08:08:59,024 [INFO] trainer: epoch 159 done train_loss=1.1696 dt=14.2s
2026-07-16 08:09:12,226 [INFO] trainer: epoch 160 step 50/54 loss=1.1725 lr=1.57e-04
2026-07-16 08:09:13,228 [INFO] trainer: epoch 160 done train_loss=1.1658 dt=14.2s
2026-07-16 08:09:26,958 [INFO] trainer: epoch 161 step 50/54 loss=1.1615 lr=1.57e-04
2026-07-16 08:09:27,962 [INFO] trainer: epoch 161 done train_loss=1.1540 dt=14.3s
2026-07-16 08:09:41,148 [INFO] trainer: epoch 162 step 50/54 loss=1.1051 lr=1.56e-04
2026-07-16 08:09:42,147 [INFO] trainer: epoch 162 done train_loss=1.1146 dt=14.2s
2026-07-16 08:09:55,384 [INFO] trainer: epoch 163 step 50/54 loss=1.1132 lr=1.56e-04
2026-07-16 08:09:56,387 [INFO] trainer: epoch 163 done train_loss=1.1317 dt=14.2s
2026-07-16 08:10:09,644 [INFO] trainer: epoch 164 step 50/54 loss=1.0917 lr=1.55e-04
2026-07-16 08:10:10,646 [INFO] trainer: epoch 164 done train_loss=1.1010 dt=14.3s
2026-07-16 08:10:23,744 [INFO] trainer: epoch 165 step 50/54 loss=1.1251 lr=1.55e-04
2026-07-16 08:10:24,746 [INFO] trainer: epoch 165 done train_loss=1.1357 dt=14.1s
2026-07-16 08:10:38,016 [INFO] trainer: epoch 166 step 50/54 loss=1.1238 lr=1.54e-04
2026-07-16 08:10:39,030 [INFO] trainer: epoch 166 done train_loss=1.1149 dt=14.3s
2026-07-16 08:10:52,253 [INFO] trainer: epoch 167 step 50/54 loss=1.1245 lr=1.54e-04
2026-07-16 08:10:53,257 [INFO] trainer: epoch 167 done train_loss=1.1356 dt=14.2s
2026-07-16 08:11:06,486 [INFO] trainer: epoch 168 step 50/54 loss=1.1343 lr=1.53e-04
2026-07-16 08:11:07,487 [INFO] trainer: epoch 168 done train_loss=1.1321 dt=14.2s
2026-07-16 08:11:20,767 [INFO] trainer: epoch 169 step 50/54 loss=1.1023 lr=1.53e-04
2026-07-16 08:11:21,766 [INFO] trainer: epoch 169 done train_loss=1.1213 dt=14.3s
2026-07-16 08:11:35,109 [INFO] trainer: epoch 170 step 50/54 loss=1.0848 lr=1.52e-04
2026-07-16 08:11:36,126 [INFO] trainer: epoch 170 done train_loss=1.0978 dt=14.4s
2026-07-16 08:11:49,666 [INFO] trainer: epoch 171 step 50/54 loss=1.1169 lr=1.52e-04
2026-07-16 08:11:50,667 [INFO] trainer: epoch 171 done train_loss=1.1135 dt=14.2s
2026-07-16 08:12:03,974 [INFO] trainer: epoch 172 step 50/54 loss=1.0815 lr=1.51e-04
2026-07-16 08:12:04,978 [INFO] trainer: epoch 172 done train_loss=1.0849 dt=14.3s
2026-07-16 08:12:18,190 [INFO] trainer: epoch 173 step 50/54 loss=1.0897 lr=1.50e-04
2026-07-16 08:12:19,191 [INFO] trainer: epoch 173 done train_loss=1.0864 dt=14.2s
2026-07-16 08:12:32,448 [INFO] trainer: epoch 174 step 50/54 loss=1.1162 lr=1.50e-04
2026-07-16 08:12:33,448 [INFO] trainer: epoch 174 done train_loss=1.1167 dt=14.3s
2026-07-16 08:12:46,678 [INFO] trainer: epoch 175 step 50/54 loss=1.0958 lr=1.49e-04
2026-07-16 08:12:47,679 [INFO] trainer: epoch 175 done train_loss=1.0993 dt=14.2s
2026-07-16 08:13:30,984 [INFO] trainer: epoch 175 val_mean_dice=0.7850
2026-07-16 08:13:44,693 [INFO] trainer: epoch 176 step 50/54 loss=1.1170 lr=1.49e-04
2026-07-16 08:13:45,697 [INFO] trainer: epoch 176 done train_loss=1.1137 dt=14.3s
2026-07-16 08:13:58,933 [INFO] trainer: epoch 177 step 50/54 loss=1.1564 lr=1.48e-04
2026-07-16 08:13:59,932 [INFO] trainer: epoch 177 done train_loss=1.1548 dt=14.2s
2026-07-16 08:14:13,269 [INFO] trainer: epoch 178 step 50/54 loss=1.1127 lr=1.48e-04
2026-07-16 08:14:14,268 [INFO] trainer: epoch 178 done train_loss=1.1108 dt=14.3s
2026-07-16 08:14:27,452 [INFO] trainer: epoch 179 step 50/54 loss=1.0922 lr=1.47e-04
2026-07-16 08:14:28,451 [INFO] trainer: epoch 179 done train_loss=1.1024 dt=14.2s
2026-07-16 08:14:41,829 [INFO] trainer: epoch 180 step 50/54 loss=1.0909 lr=1.47e-04
2026-07-16 08:14:42,829 [INFO] trainer: epoch 180 done train_loss=1.0884 dt=14.4s
2026-07-16 08:14:56,356 [INFO] trainer: epoch 181 step 50/54 loss=1.0805 lr=1.46e-04
2026-07-16 08:14:57,355 [INFO] trainer: epoch 181 done train_loss=1.1025 dt=14.1s
2026-07-16 08:15:10,566 [INFO] trainer: epoch 182 step 50/54 loss=1.1157 lr=1.45e-04
2026-07-16 08:15:11,565 [INFO] trainer: epoch 182 done train_loss=1.1123 dt=14.2s
2026-07-16 08:15:24,837 [INFO] trainer: epoch 183 step 50/54 loss=1.1106 lr=1.45e-04
2026-07-16 08:15:25,839 [INFO] trainer: epoch 183 done train_loss=1.1055 dt=14.3s
2026-07-16 08:15:39,159 [INFO] trainer: epoch 184 step 50/54 loss=1.0961 lr=1.44e-04
2026-07-16 08:15:40,159 [INFO] trainer: epoch 184 done train_loss=1.0887 dt=14.3s
2026-07-16 08:15:53,576 [INFO] trainer: epoch 185 step 50/54 loss=1.0638 lr=1.44e-04
2026-07-16 08:15:54,576 [INFO] trainer: epoch 185 done train_loss=1.0841 dt=14.4s
2026-07-16 08:16:07,808 [INFO] trainer: epoch 186 step 50/54 loss=1.0656 lr=1.43e-04
2026-07-16 08:16:08,807 [INFO] trainer: epoch 186 done train_loss=1.0724 dt=14.2s
2026-07-16 08:16:22,038 [INFO] trainer: epoch 187 step 50/54 loss=1.1104 lr=1.43e-04
2026-07-16 08:16:23,038 [INFO] trainer: epoch 187 done train_loss=1.1017 dt=14.2s
2026-07-16 08:16:36,208 [INFO] trainer: epoch 188 step 50/54 loss=1.1209 lr=1.42e-04
2026-07-16 08:16:37,209 [INFO] trainer: epoch 188 done train_loss=1.1119 dt=14.2s
2026-07-16 08:16:50,360 [INFO] trainer: epoch 189 step 50/54 loss=1.0512 lr=1.41e-04
2026-07-16 08:16:51,360 [INFO] trainer: epoch 189 done train_loss=1.0527 dt=14.2s
2026-07-16 08:17:04,659 [INFO] trainer: epoch 190 step 50/54 loss=1.0583 lr=1.41e-04
2026-07-16 08:17:05,659 [INFO] trainer: epoch 190 done train_loss=1.0571 dt=14.3s
2026-07-16 08:17:19,231 [INFO] trainer: epoch 191 step 50/54 loss=1.0678 lr=1.40e-04
2026-07-16 08:17:20,231 [INFO] trainer: epoch 191 done train_loss=1.0516 dt=14.2s
2026-07-16 08:17:33,509 [INFO] trainer: epoch 192 step 50/54 loss=1.0706 lr=1.40e-04
2026-07-16 08:17:34,513 [INFO] trainer: epoch 192 done train_loss=1.0736 dt=14.3s
2026-07-16 08:17:47,745 [INFO] trainer: epoch 193 step 50/54 loss=1.0829 lr=1.39e-04
2026-07-16 08:17:48,744 [INFO] trainer: epoch 193 done train_loss=1.0831 dt=14.2s
2026-07-16 08:18:02,032 [INFO] trainer: epoch 194 step 50/54 loss=1.1026 lr=1.38e-04
2026-07-16 08:18:03,032 [INFO] trainer: epoch 194 done train_loss=1.0902 dt=14.3s
2026-07-16 08:18:16,335 [INFO] trainer: epoch 195 step 50/54 loss=1.0849 lr=1.38e-04
2026-07-16 08:18:17,338 [INFO] trainer: epoch 195 done train_loss=1.0694 dt=14.3s
2026-07-16 08:18:30,536 [INFO] trainer: epoch 196 step 50/54 loss=1.0612 lr=1.37e-04
2026-07-16 08:18:31,535 [INFO] trainer: epoch 196 done train_loss=1.0660 dt=14.2s
2026-07-16 08:18:44,707 [INFO] trainer: epoch 197 step 50/54 loss=1.0931 lr=1.37e-04
2026-07-16 08:18:45,707 [INFO] trainer: epoch 197 done train_loss=1.0951 dt=14.2s
2026-07-16 08:18:59,018 [INFO] trainer: epoch 198 step 50/54 loss=1.0321 lr=1.36e-04
2026-07-16 08:19:00,016 [INFO] trainer: epoch 198 done train_loss=1.0526 dt=14.3s
2026-07-16 08:19:13,240 [INFO] trainer: epoch 199 step 50/54 loss=1.0738 lr=1.36e-04
2026-07-16 08:19:14,240 [INFO] trainer: epoch 199 done train_loss=1.0803 dt=14.2s
2026-07-16 08:19:27,470 [INFO] trainer: epoch 200 step 50/54 loss=1.0705 lr=1.35e-04
2026-07-16 08:19:28,469 [INFO] trainer: epoch 200 done train_loss=1.0769 dt=14.2s
2026-07-16 08:20:11,793 [INFO] trainer: epoch 200 val_mean_dice=0.7833
2026-07-16 08:20:25,460 [INFO] trainer: epoch 201 step 50/54 loss=1.0024 lr=1.34e-04
2026-07-16 08:20:26,474 [INFO] trainer: epoch 201 done train_loss=1.0074 dt=14.3s
2026-07-16 08:20:39,693 [INFO] trainer: epoch 202 step 50/54 loss=1.0254 lr=1.34e-04
2026-07-16 08:20:40,696 [INFO] trainer: epoch 202 done train_loss=1.0372 dt=14.2s
2026-07-16 08:20:54,051 [INFO] trainer: epoch 203 step 50/54 loss=1.0519 lr=1.33e-04
2026-07-16 08:20:55,053 [INFO] trainer: epoch 203 done train_loss=1.0515 dt=14.4s
2026-07-16 08:21:08,471 [INFO] trainer: epoch 204 step 50/54 loss=1.0243 lr=1.33e-04
2026-07-16 08:21:09,473 [INFO] trainer: epoch 204 done train_loss=1.0317 dt=14.4s
2026-07-16 08:21:22,825 [INFO] trainer: epoch 205 step 50/54 loss=1.0105 lr=1.32e-04
2026-07-16 08:21:23,830 [INFO] trainer: epoch 205 done train_loss=1.0088 dt=14.4s
2026-07-16 08:21:36,970 [INFO] trainer: epoch 206 step 50/54 loss=1.0514 lr=1.31e-04
2026-07-16 08:21:37,969 [INFO] trainer: epoch 206 done train_loss=1.0603 dt=14.1s
2026-07-16 08:21:51,175 [INFO] trainer: epoch 207 step 50/54 loss=1.0584 lr=1.31e-04
2026-07-16 08:21:52,176 [INFO] trainer: epoch 207 done train_loss=1.0586 dt=14.2s
2026-07-16 08:22:05,552 [INFO] trainer: epoch 208 step 50/54 loss=1.0712 lr=1.30e-04
2026-07-16 08:22:06,560 [INFO] trainer: epoch 208 done train_loss=1.0755 dt=14.4s
2026-07-16 08:22:19,814 [INFO] trainer: epoch 209 step 50/54 loss=1.0455 lr=1.29e-04
2026-07-16 08:22:20,813 [INFO] trainer: epoch 209 done train_loss=1.0470 dt=14.3s
2026-07-16 08:22:34,072 [INFO] trainer: epoch 210 step 50/54 loss=1.0452 lr=1.29e-04
2026-07-16 08:22:35,071 [INFO] trainer: epoch 210 done train_loss=1.0383 dt=14.3s
2026-07-16 08:22:48,650 [INFO] trainer: epoch 211 step 50/54 loss=0.9871 lr=1.28e-04
2026-07-16 08:22:49,649 [INFO] trainer: epoch 211 done train_loss=0.9829 dt=14.2s
2026-07-16 08:23:02,870 [INFO] trainer: epoch 212 step 50/54 loss=1.0750 lr=1.28e-04
2026-07-16 08:23:03,870 [INFO] trainer: epoch 212 done train_loss=1.0747 dt=14.2s
2026-07-16 08:23:17,268 [INFO] trainer: epoch 213 step 50/54 loss=1.0780 lr=1.27e-04
2026-07-16 08:23:18,271 [INFO] trainer: epoch 213 done train_loss=1.0810 dt=14.4s
2026-07-16 08:23:31,505 [INFO] trainer: epoch 214 step 50/54 loss=1.0627 lr=1.26e-04
2026-07-16 08:23:32,505 [INFO] trainer: epoch 214 done train_loss=1.0630 dt=14.2s
2026-07-16 08:23:45,604 [INFO] trainer: epoch 215 step 50/54 loss=1.0716 lr=1.26e-04
2026-07-16 08:23:46,606 [INFO] trainer: epoch 215 done train_loss=1.0670 dt=14.1s
2026-07-16 08:23:59,735 [INFO] trainer: epoch 216 step 50/54 loss=1.0498 lr=1.25e-04
2026-07-16 08:24:00,733 [INFO] trainer: epoch 216 done train_loss=1.0541 dt=14.1s
2026-07-16 08:24:14,026 [INFO] trainer: epoch 217 step 50/54 loss=1.0438 lr=1.25e-04
2026-07-16 08:24:15,027 [INFO] trainer: epoch 217 done train_loss=1.0490 dt=14.3s
2026-07-16 08:24:28,345 [INFO] trainer: epoch 218 step 50/54 loss=1.0636 lr=1.24e-04
2026-07-16 08:24:29,345 [INFO] trainer: epoch 218 done train_loss=1.0457 dt=14.3s
2026-07-16 08:24:42,738 [INFO] trainer: epoch 219 step 50/54 loss=1.0660 lr=1.23e-04
2026-07-16 08:24:43,737 [INFO] trainer: epoch 219 done train_loss=1.0712 dt=14.4s
2026-07-16 08:24:56,950 [INFO] trainer: epoch 220 step 50/54 loss=1.0938 lr=1.23e-04
2026-07-16 08:24:57,949 [INFO] trainer: epoch 220 done train_loss=1.1014 dt=14.2s
2026-07-16 08:25:11,539 [INFO] trainer: epoch 221 step 50/54 loss=1.0375 lr=1.22e-04
2026-07-16 08:25:12,543 [INFO] trainer: epoch 221 done train_loss=1.0385 dt=14.2s
2026-07-16 08:25:25,845 [INFO] trainer: epoch 222 step 50/54 loss=1.0120 lr=1.21e-04
2026-07-16 08:25:26,844 [INFO] trainer: epoch 222 done train_loss=1.0092 dt=14.3s
2026-07-16 08:25:40,198 [INFO] trainer: epoch 223 step 50/54 loss=1.0805 lr=1.21e-04
2026-07-16 08:25:41,197 [INFO] trainer: epoch 223 done train_loss=1.0806 dt=14.4s
2026-07-16 08:25:54,478 [INFO] trainer: epoch 224 step 50/54 loss=1.0325 lr=1.20e-04
2026-07-16 08:25:55,479 [INFO] trainer: epoch 224 done train_loss=1.0461 dt=14.3s
2026-07-16 08:26:08,714 [INFO] trainer: epoch 225 step 50/54 loss=1.0929 lr=1.20e-04
2026-07-16 08:26:09,715 [INFO] trainer: epoch 225 done train_loss=1.0894 dt=14.2s
2026-07-16 08:26:54,021 [INFO] trainer: epoch 225 val_mean_dice=0.7947
2026-07-16 08:27:07,712 [INFO] trainer: epoch 226 step 50/54 loss=1.0256 lr=1.19e-04
2026-07-16 08:27:08,713 [INFO] trainer: epoch 226 done train_loss=1.0375 dt=14.3s
2026-07-16 08:27:22,161 [INFO] trainer: epoch 227 step 50/54 loss=1.0470 lr=1.18e-04
2026-07-16 08:27:23,167 [INFO] trainer: epoch 227 done train_loss=1.0384 dt=14.5s
2026-07-16 08:27:36,492 [INFO] trainer: epoch 228 step 50/54 loss=1.0399 lr=1.18e-04
2026-07-16 08:27:37,492 [INFO] trainer: epoch 228 done train_loss=1.0416 dt=14.3s
2026-07-16 08:27:50,592 [INFO] trainer: epoch 229 step 50/54 loss=1.0622 lr=1.17e-04
2026-07-16 08:27:51,591 [INFO] trainer: epoch 229 done train_loss=1.0671 dt=14.1s
2026-07-16 08:28:04,906 [INFO] trainer: epoch 230 step 50/54 loss=1.0302 lr=1.16e-04
2026-07-16 08:28:05,906 [INFO] trainer: epoch 230 done train_loss=1.0358 dt=14.3s
2026-07-16 08:28:19,391 [INFO] trainer: epoch 231 step 50/54 loss=1.0028 lr=1.16e-04
2026-07-16 08:28:20,392 [INFO] trainer: epoch 231 done train_loss=0.9964 dt=14.1s
2026-07-16 08:28:33,574 [INFO] trainer: epoch 232 step 50/54 loss=1.0141 lr=1.15e-04
2026-07-16 08:28:34,573 [INFO] trainer: epoch 232 done train_loss=1.0220 dt=14.2s
2026-07-16 08:28:47,856 [INFO] trainer: epoch 233 step 50/54 loss=1.0314 lr=1.15e-04
2026-07-16 08:28:48,856 [INFO] trainer: epoch 233 done train_loss=1.0260 dt=14.3s
2026-07-16 08:29:02,019 [INFO] trainer: epoch 234 step 50/54 loss=1.0090 lr=1.14e-04
2026-07-16 08:29:03,020 [INFO] trainer: epoch 234 done train_loss=1.0075 dt=14.2s
2026-07-16 08:29:16,396 [INFO] trainer: epoch 235 step 50/54 loss=1.0560 lr=1.13e-04
2026-07-16 08:29:17,395 [INFO] trainer: epoch 235 done train_loss=1.0397 dt=14.4s
2026-07-16 08:29:30,524 [INFO] trainer: epoch 236 step 50/54 loss=1.0899 lr=1.13e-04
2026-07-16 08:29:31,525 [INFO] trainer: epoch 236 done train_loss=1.0782 dt=14.1s
2026-07-16 08:29:44,844 [INFO] trainer: epoch 237 step 50/54 loss=1.0377 lr=1.12e-04
2026-07-16 08:29:45,856 [INFO] trainer: epoch 237 done train_loss=1.0387 dt=14.3s
2026-07-16 08:29:59,210 [INFO] trainer: epoch 238 step 50/54 loss=1.0106 lr=1.11e-04
2026-07-16 08:30:00,214 [INFO] trainer: epoch 238 done train_loss=1.0295 dt=14.4s
2026-07-16 08:30:13,565 [INFO] trainer: epoch 239 step 50/54 loss=1.0805 lr=1.11e-04
2026-07-16 08:30:14,566 [INFO] trainer: epoch 239 done train_loss=1.0705 dt=14.4s
2026-07-16 08:30:27,913 [INFO] trainer: epoch 240 step 50/54 loss=1.0553 lr=1.10e-04
2026-07-16 08:30:28,912 [INFO] trainer: epoch 240 done train_loss=1.0619 dt=14.3s
2026-07-16 08:30:42,664 [INFO] trainer: epoch 241 step 50/54 loss=1.0392 lr=1.09e-04
2026-07-16 08:30:43,663 [INFO] trainer: epoch 241 done train_loss=1.0399 dt=14.4s
2026-07-16 08:30:56,981 [INFO] trainer: epoch 242 step 50/54 loss=1.0242 lr=1.09e-04
2026-07-16 08:30:57,983 [INFO] trainer: epoch 242 done train_loss=1.0280 dt=14.3s
2026-07-16 08:31:11,546 [INFO] trainer: epoch 243 step 50/54 loss=1.0285 lr=1.08e-04
2026-07-16 08:31:12,559 [INFO] trainer: epoch 243 done train_loss=1.0338 dt=14.6s
2026-07-16 08:31:25,687 [INFO] trainer: epoch 244 step 50/54 loss=1.0528 lr=1.08e-04
2026-07-16 08:31:26,685 [INFO] trainer: epoch 244 done train_loss=1.0603 dt=14.1s
2026-07-16 08:31:39,959 [INFO] trainer: epoch 245 step 50/54 loss=1.0082 lr=1.07e-04
2026-07-16 08:31:40,958 [INFO] trainer: epoch 245 done train_loss=0.9975 dt=14.3s
2026-07-16 08:31:54,238 [INFO] trainer: epoch 246 step 50/54 loss=0.9954 lr=1.06e-04
2026-07-16 08:31:55,238 [INFO] trainer: epoch 246 done train_loss=1.0048 dt=14.3s
2026-07-16 08:32:08,375 [INFO] trainer: epoch 247 step 50/54 loss=0.9820 lr=1.06e-04
2026-07-16 08:32:09,374 [INFO] trainer: epoch 247 done train_loss=0.9824 dt=14.1s
2026-07-16 08:32:22,764 [INFO] trainer: epoch 248 step 50/54 loss=1.0280 lr=1.05e-04
2026-07-16 08:32:23,766 [INFO] trainer: epoch 248 done train_loss=1.0401 dt=14.4s
2026-07-16 08:32:36,891 [INFO] trainer: epoch 249 step 50/54 loss=0.9784 lr=1.04e-04
2026-07-16 08:32:37,891 [INFO] trainer: epoch 249 done train_loss=0.9855 dt=14.1s
2026-07-16 08:32:51,255 [INFO] trainer: epoch 250 step 50/54 loss=1.0598 lr=1.04e-04
2026-07-16 08:32:52,256 [INFO] trainer: epoch 250 done train_loss=1.0496 dt=14.4s
2026-07-16 08:33:46,662 [INFO] trainer: epoch 250 val_mean_dice=0.7905
2026-07-16 08:34:00,140 [INFO] trainer: epoch 251 step 50/54 loss=1.0557 lr=1.03e-04
2026-07-16 08:34:01,141 [INFO] trainer: epoch 251 done train_loss=1.0703 dt=14.2s
2026-07-16 08:34:14,499 [INFO] trainer: epoch 252 step 50/54 loss=0.9939 lr=1.02e-04
2026-07-16 08:34:15,499 [INFO] trainer: epoch 252 done train_loss=0.9995 dt=14.4s
2026-07-16 08:34:28,673 [INFO] trainer: epoch 253 step 50/54 loss=1.0191 lr=1.02e-04
2026-07-16 08:34:29,678 [INFO] trainer: epoch 253 done train_loss=1.0142 dt=14.2s
2026-07-16 08:34:42,905 [INFO] trainer: epoch 254 step 50/54 loss=1.0699 lr=1.01e-04
2026-07-16 08:34:43,904 [INFO] trainer: epoch 254 done train_loss=1.0500 dt=14.2s
2026-07-16 08:34:57,290 [INFO] trainer: epoch 255 step 50/54 loss=1.0120 lr=1.01e-04
2026-07-16 08:34:58,289 [INFO] trainer: epoch 255 done train_loss=1.0224 dt=14.4s
2026-07-16 08:35:11,533 [INFO] trainer: epoch 256 step 50/54 loss=1.0626 lr=9.99e-05
2026-07-16 08:35:12,533 [INFO] trainer: epoch 256 done train_loss=1.0582 dt=14.2s
2026-07-16 08:35:25,860 [INFO] trainer: epoch 257 step 50/54 loss=1.0278 lr=9.93e-05
2026-07-16 08:35:26,859 [INFO] trainer: epoch 257 done train_loss=1.0208 dt=14.3s
2026-07-16 08:35:39,983 [INFO] trainer: epoch 258 step 50/54 loss=1.0530 lr=9.86e-05
2026-07-16 08:35:40,985 [INFO] trainer: epoch 258 done train_loss=1.0469 dt=14.1s
2026-07-16 08:35:54,211 [INFO] trainer: epoch 259 step 50/54 loss=1.0035 lr=9.80e-05
2026-07-16 08:35:55,210 [INFO] trainer: epoch 259 done train_loss=1.0084 dt=14.2s
2026-07-16 08:36:08,471 [INFO] trainer: epoch 260 step 50/54 loss=1.0677 lr=9.74e-05
2026-07-16 08:36:09,469 [INFO] trainer: epoch 260 done train_loss=1.0667 dt=14.3s
2026-07-16 08:36:23,088 [INFO] trainer: epoch 261 step 50/54 loss=1.0308 lr=9.67e-05
2026-07-16 08:36:24,087 [INFO] trainer: epoch 261 done train_loss=1.0383 dt=14.3s
2026-07-16 08:36:37,406 [INFO] trainer: epoch 262 step 50/54 loss=1.0125 lr=9.61e-05
2026-07-16 08:36:38,408 [INFO] trainer: epoch 262 done train_loss=1.0078 dt=14.3s
2026-07-16 08:36:51,622 [INFO] trainer: epoch 263 step 50/54 loss=0.9726 lr=9.54e-05
2026-07-16 08:36:52,621 [INFO] trainer: epoch 263 done train_loss=0.9737 dt=14.2s
2026-07-16 08:37:05,850 [INFO] trainer: epoch 264 step 50/54 loss=1.0048 lr=9.48e-05
2026-07-16 08:37:06,852 [INFO] trainer: epoch 264 done train_loss=1.0178 dt=14.2s
2026-07-16 08:37:20,015 [INFO] trainer: epoch 265 step 50/54 loss=1.0186 lr=9.42e-05
2026-07-16 08:37:21,014 [INFO] trainer: epoch 265 done train_loss=1.0143 dt=14.2s
2026-07-16 08:37:34,187 [INFO] trainer: epoch 266 step 50/54 loss=1.0339 lr=9.35e-05
2026-07-16 08:37:35,187 [INFO] trainer: epoch 266 done train_loss=1.0311 dt=14.2s
2026-07-16 08:37:48,495 [INFO] trainer: epoch 267 step 50/54 loss=1.0160 lr=9.29e-05
2026-07-16 08:37:49,497 [INFO] trainer: epoch 267 done train_loss=1.0059 dt=14.3s
2026-07-16 08:38:02,699 [INFO] trainer: epoch 268 step 50/54 loss=1.0017 lr=9.23e-05
2026-07-16 08:38:03,698 [INFO] trainer: epoch 268 done train_loss=1.0196 dt=14.2s
2026-07-16 08:38:16,880 [INFO] trainer: epoch 269 step 50/54 loss=1.0598 lr=9.16e-05
2026-07-16 08:38:17,880 [INFO] trainer: epoch 269 done train_loss=1.0678 dt=14.2s
2026-07-16 08:38:31,109 [INFO] trainer: epoch 270 step 50/54 loss=1.0161 lr=9.10e-05
2026-07-16 08:38:32,109 [INFO] trainer: epoch 270 done train_loss=1.0107 dt=14.2s
2026-07-16 08:38:45,796 [INFO] trainer: epoch 271 step 50/54 loss=1.0005 lr=9.04e-05
2026-07-16 08:38:46,795 [INFO] trainer: epoch 271 done train_loss=1.0025 dt=14.3s
2026-07-16 08:39:00,132 [INFO] trainer: epoch 272 step 50/54 loss=1.0201 lr=8.97e-05
2026-07-16 08:39:01,132 [INFO] trainer: epoch 272 done train_loss=1.0096 dt=14.3s
2026-07-16 08:39:14,287 [INFO] trainer: epoch 273 step 50/54 loss=1.0381 lr=8.91e-05
2026-07-16 08:39:15,290 [INFO] trainer: epoch 273 done train_loss=1.0292 dt=14.2s
2026-07-16 08:39:28,554 [INFO] trainer: epoch 274 step 50/54 loss=1.0345 lr=8.85e-05
2026-07-16 08:39:29,555 [INFO] trainer: epoch 274 done train_loss=1.0300 dt=14.3s
2026-07-16 08:39:42,743 [INFO] trainer: epoch 275 step 50/54 loss=1.0357 lr=8.78e-05
2026-07-16 08:39:43,744 [INFO] trainer: epoch 275 done train_loss=1.0462 dt=14.2s
2026-07-16 08:40:27,063 [INFO] trainer: epoch 275 val_mean_dice=0.7934
2026-07-16 08:40:40,376 [INFO] trainer: epoch 276 step 50/54 loss=1.0115 lr=8.72e-05
2026-07-16 08:40:41,376 [INFO] trainer: epoch 276 done train_loss=1.0181 dt=14.3s
2026-07-16 08:40:54,664 [INFO] trainer: epoch 277 step 50/54 loss=0.9878 lr=8.66e-05
2026-07-16 08:40:55,656 [INFO] trainer: epoch 277 done train_loss=0.9866 dt=14.3s
2026-07-16 08:41:08,713 [INFO] trainer: epoch 278 step 50/54 loss=1.0558 lr=8.59e-05
2026-07-16 08:41:09,713 [INFO] trainer: epoch 278 done train_loss=1.0525 dt=14.1s
2026-07-16 08:41:22,927 [INFO] trainer: epoch 279 step 50/54 loss=0.9923 lr=8.53e-05
2026-07-16 08:41:23,927 [INFO] trainer: epoch 279 done train_loss=0.9870 dt=14.2s
2026-07-16 08:41:37,142 [INFO] trainer: epoch 280 step 50/54 loss=1.0002 lr=8.47e-05
2026-07-16 08:41:38,143 [INFO] trainer: epoch 280 done train_loss=0.9963 dt=14.2s
2026-07-16 08:41:51,657 [INFO] trainer: epoch 281 step 50/54 loss=1.0138 lr=8.40e-05
2026-07-16 08:41:52,655 [INFO] trainer: epoch 281 done train_loss=1.0053 dt=14.1s
2026-07-16 08:42:05,957 [INFO] trainer: epoch 282 step 50/54 loss=1.0340 lr=8.34e-05
2026-07-16 08:42:06,956 [INFO] trainer: epoch 282 done train_loss=1.0231 dt=14.3s
2026-07-16 08:42:20,160 [INFO] trainer: epoch 283 step 50/54 loss=1.0479 lr=8.28e-05
2026-07-16 08:42:21,160 [INFO] trainer: epoch 283 done train_loss=1.0370 dt=14.2s
2026-07-16 08:42:34,443 [INFO] trainer: epoch 284 step 50/54 loss=1.0068 lr=8.22e-05
2026-07-16 08:42:35,444 [INFO] trainer: epoch 284 done train_loss=1.0033 dt=14.3s
2026-07-16 08:42:48,687 [INFO] trainer: epoch 285 step 50/54 loss=1.0454 lr=8.15e-05
2026-07-16 08:42:49,686 [INFO] trainer: epoch 285 done train_loss=1.0508 dt=14.2s
2026-07-16 08:43:02,932 [INFO] trainer: epoch 286 step 50/54 loss=1.0841 lr=8.09e-05
2026-07-16 08:43:03,931 [INFO] trainer: epoch 286 done train_loss=1.0702 dt=14.2s
2026-07-16 08:43:17,179 [INFO] trainer: epoch 287 step 50/54 loss=0.9877 lr=8.03e-05
2026-07-16 08:43:18,179 [INFO] trainer: epoch 287 done train_loss=1.0014 dt=14.2s
2026-07-16 08:43:31,421 [INFO] trainer: epoch 288 step 50/54 loss=1.0017 lr=7.97e-05
2026-07-16 08:43:32,421 [INFO] trainer: epoch 288 done train_loss=0.9982 dt=14.2s
2026-07-16 08:43:45,649 [INFO] trainer: epoch 289 step 50/54 loss=1.0228 lr=7.90e-05
2026-07-16 08:43:46,649 [INFO] trainer: epoch 289 done train_loss=1.0165 dt=14.2s
2026-07-16 08:43:59,829 [INFO] trainer: epoch 290 step 50/54 loss=0.9948 lr=7.84e-05
2026-07-16 08:44:00,828 [INFO] trainer: epoch 290 done train_loss=1.0029 dt=14.2s
2026-07-16 08:44:14,488 [INFO] trainer: epoch 291 step 50/54 loss=1.0301 lr=7.78e-05
2026-07-16 08:44:15,488 [INFO] trainer: epoch 291 done train_loss=1.0237 dt=14.2s
2026-07-16 08:44:28,655 [INFO] trainer: epoch 292 step 50/54 loss=1.0306 lr=7.72e-05
2026-07-16 08:44:29,654 [INFO] trainer: epoch 292 done train_loss=1.0221 dt=14.2s
2026-07-16 08:44:42,808 [INFO] trainer: epoch 293 step 50/54 loss=0.9908 lr=7.65e-05
2026-07-16 08:44:43,807 [INFO] trainer: epoch 293 done train_loss=1.0025 dt=14.2s
2026-07-16 08:44:57,020 [INFO] trainer: epoch 294 step 50/54 loss=0.9670 lr=7.59e-05
2026-07-16 08:44:58,020 [INFO] trainer: epoch 294 done train_loss=0.9552 dt=14.2s
2026-07-16 08:45:11,330 [INFO] trainer: epoch 295 step 50/54 loss=0.9633 lr=7.53e-05
2026-07-16 08:45:12,330 [INFO] trainer: epoch 295 done train_loss=0.9726 dt=14.3s
2026-07-16 08:45:25,634 [INFO] trainer: epoch 296 step 50/54 loss=1.0419 lr=7.47e-05
2026-07-16 08:45:26,633 [INFO] trainer: epoch 296 done train_loss=1.0421 dt=14.3s
2026-07-16 08:45:39,798 [INFO] trainer: epoch 297 step 50/54 loss=0.9707 lr=7.41e-05
2026-07-16 08:45:40,797 [INFO] trainer: epoch 297 done train_loss=0.9687 dt=14.2s
2026-07-16 08:45:53,936 [INFO] trainer: epoch 298 step 50/54 loss=1.0103 lr=7.35e-05
2026-07-16 08:45:54,935 [INFO] trainer: epoch 298 done train_loss=1.0126 dt=14.1s
2026-07-16 08:46:08,167 [INFO] trainer: epoch 299 step 50/54 loss=0.9623 lr=7.28e-05
2026-07-16 08:46:09,167 [INFO] trainer: epoch 299 done train_loss=0.9591 dt=14.2s
2026-07-16 08:46:22,301 [INFO] trainer: epoch 300 step 50/54 loss=1.0356 lr=7.22e-05
2026-07-16 08:46:23,300 [INFO] trainer: epoch 300 done train_loss=1.0360 dt=14.1s
2026-07-16 08:47:06,529 [INFO] trainer: epoch 300 val_mean_dice=0.7980
2026-07-16 08:47:20,426 [INFO] trainer: epoch 301 step 50/54 loss=1.0240 lr=7.16e-05
2026-07-16 08:47:21,425 [INFO] trainer: epoch 301 done train_loss=1.0201 dt=14.2s
2026-07-16 08:47:34,702 [INFO] trainer: epoch 302 step 50/54 loss=1.0064 lr=7.10e-05
2026-07-16 08:47:35,701 [INFO] trainer: epoch 302 done train_loss=1.0115 dt=14.3s
2026-07-16 08:47:48,840 [INFO] trainer: epoch 303 step 50/54 loss=1.0615 lr=7.04e-05
2026-07-16 08:47:49,841 [INFO] trainer: epoch 303 done train_loss=1.0565 dt=14.1s
2026-07-16 08:48:03,056 [INFO] trainer: epoch 304 step 50/54 loss=1.0152 lr=6.98e-05
2026-07-16 08:48:04,058 [INFO] trainer: epoch 304 done train_loss=1.0137 dt=14.2s
2026-07-16 08:48:17,272 [INFO] trainer: epoch 305 step 50/54 loss=1.0147 lr=6.92e-05
2026-07-16 08:48:18,273 [INFO] trainer: epoch 305 done train_loss=1.0043 dt=14.2s
2026-07-16 08:48:31,599 [INFO] trainer: epoch 306 step 50/54 loss=0.9985 lr=6.86e-05
2026-07-16 08:48:32,599 [INFO] trainer: epoch 306 done train_loss=1.0016 dt=14.3s
2026-07-16 08:48:45,814 [INFO] trainer: epoch 307 step 50/54 loss=1.0179 lr=6.80e-05
2026-07-16 08:48:46,819 [INFO] trainer: epoch 307 done train_loss=1.0274 dt=14.2s
2026-07-16 08:49:00,036 [INFO] trainer: epoch 308 step 50/54 loss=1.0354 lr=6.74e-05
2026-07-16 08:49:01,035 [INFO] trainer: epoch 308 done train_loss=1.0201 dt=14.2s
2026-07-16 08:49:14,482 [INFO] trainer: epoch 309 step 50/54 loss=1.0045 lr=6.68e-05
2026-07-16 08:49:15,482 [INFO] trainer: epoch 309 done train_loss=1.0158 dt=14.4s
2026-07-16 08:49:28,761 [INFO] trainer: epoch 310 step 50/54 loss=0.9929 lr=6.62e-05
2026-07-16 08:49:29,762 [INFO] trainer: epoch 310 done train_loss=0.9905 dt=14.3s
2026-07-16 08:49:43,350 [INFO] trainer: epoch 311 step 50/54 loss=1.0391 lr=6.56e-05
2026-07-16 08:49:44,347 [INFO] trainer: epoch 311 done train_loss=1.0214 dt=14.2s
2026-07-16 08:49:57,660 [INFO] trainer: epoch 312 step 50/54 loss=1.0440 lr=6.50e-05
2026-07-16 08:49:58,661 [INFO] trainer: epoch 312 done train_loss=1.0390 dt=14.3s
2026-07-16 08:50:11,971 [INFO] trainer: epoch 313 step 50/54 loss=0.9979 lr=6.44e-05
2026-07-16 08:50:12,971 [INFO] trainer: epoch 313 done train_loss=0.9893 dt=14.3s
2026-07-16 08:50:26,192 [INFO] trainer: epoch 314 step 50/54 loss=1.0330 lr=6.38e-05
2026-07-16 08:50:27,192 [INFO] trainer: epoch 314 done train_loss=1.0333 dt=14.2s
2026-07-16 08:50:40,634 [INFO] trainer: epoch 315 step 50/54 loss=1.0475 lr=6.32e-05
2026-07-16 08:50:41,635 [INFO] trainer: epoch 315 done train_loss=1.0464 dt=14.4s
2026-07-16 08:50:54,910 [INFO] trainer: epoch 316 step 50/54 loss=0.9839 lr=6.26e-05
2026-07-16 08:50:55,910 [INFO] trainer: epoch 316 done train_loss=0.9853 dt=14.3s
2026-07-16 08:51:09,159 [INFO] trainer: epoch 317 step 50/54 loss=1.0018 lr=6.20e-05
2026-07-16 08:51:10,159 [INFO] trainer: epoch 317 done train_loss=1.0013 dt=14.2s
2026-07-16 08:51:23,348 [INFO] trainer: epoch 318 step 50/54 loss=0.9663 lr=6.14e-05
2026-07-16 08:51:24,353 [INFO] trainer: epoch 318 done train_loss=0.9740 dt=14.2s
2026-07-16 08:51:37,619 [INFO] trainer: epoch 319 step 50/54 loss=0.9928 lr=6.09e-05
2026-07-16 08:51:38,619 [INFO] trainer: epoch 319 done train_loss=1.0165 dt=14.3s
2026-07-16 08:51:51,903 [INFO] trainer: epoch 320 step 50/54 loss=0.9819 lr=6.03e-05
2026-07-16 08:51:52,902 [INFO] trainer: epoch 320 done train_loss=0.9815 dt=14.3s
2026-07-16 08:52:06,353 [INFO] trainer: epoch 321 step 50/54 loss=1.0107 lr=5.97e-05
2026-07-16 08:52:07,353 [INFO] trainer: epoch 321 done train_loss=1.0046 dt=14.1s
2026-07-16 08:52:20,558 [INFO] trainer: epoch 322 step 50/54 loss=0.9714 lr=5.91e-05
2026-07-16 08:52:21,556 [INFO] trainer: epoch 322 done train_loss=0.9953 dt=14.2s
2026-07-16 08:52:34,727 [INFO] trainer: epoch 323 step 50/54 loss=0.9688 lr=5.85e-05
2026-07-16 08:52:35,727 [INFO] trainer: epoch 323 done train_loss=0.9684 dt=14.2s
2026-07-16 08:52:48,942 [INFO] trainer: epoch 324 step 50/54 loss=1.0204 lr=5.79e-05
2026-07-16 08:52:49,942 [INFO] trainer: epoch 324 done train_loss=1.0193 dt=14.2s
2026-07-16 08:53:03,113 [INFO] trainer: epoch 325 step 50/54 loss=0.9918 lr=5.74e-05
2026-07-16 08:53:04,117 [INFO] trainer: epoch 325 done train_loss=1.0025 dt=14.2s
2026-07-16 08:53:47,350 [INFO] trainer: epoch 325 val_mean_dice=0.8002
2026-07-16 08:54:01,047 [INFO] trainer: epoch 326 step 50/54 loss=0.9706 lr=5.68e-05
2026-07-16 08:54:02,047 [INFO] trainer: epoch 326 done train_loss=0.9758 dt=14.3s
2026-07-16 08:54:15,423 [INFO] trainer: epoch 327 step 50/54 loss=0.9925 lr=5.62e-05
2026-07-16 08:54:16,425 [INFO] trainer: epoch 327 done train_loss=0.9916 dt=14.4s
2026-07-16 08:54:29,669 [INFO] trainer: epoch 328 step 50/54 loss=1.0030 lr=5.57e-05
2026-07-16 08:54:30,667 [INFO] trainer: epoch 328 done train_loss=1.0080 dt=14.2s
2026-07-16 08:54:43,991 [INFO] trainer: epoch 329 step 50/54 loss=1.0104 lr=5.51e-05
2026-07-16 08:54:44,992 [INFO] trainer: epoch 329 done train_loss=1.0112 dt=14.3s
2026-07-16 08:54:58,164 [INFO] trainer: epoch 330 step 50/54 loss=0.9450 lr=5.45e-05
2026-07-16 08:54:59,165 [INFO] trainer: epoch 330 done train_loss=0.9633 dt=14.2s
2026-07-16 08:55:12,742 [INFO] trainer: epoch 331 step 50/54 loss=1.0022 lr=5.40e-05
2026-07-16 08:55:13,743 [INFO] trainer: epoch 331 done train_loss=0.9943 dt=14.2s
2026-07-16 08:55:27,078 [INFO] trainer: epoch 332 step 50/54 loss=0.9716 lr=5.34e-05
2026-07-16 08:55:28,080 [INFO] trainer: epoch 332 done train_loss=0.9693 dt=14.3s
2026-07-16 08:55:41,220 [INFO] trainer: epoch 333 step 50/54 loss=1.0118 lr=5.28e-05
2026-07-16 08:55:42,223 [INFO] trainer: epoch 333 done train_loss=1.0063 dt=14.1s
2026-07-16 08:55:55,580 [INFO] trainer: epoch 334 step 50/54 loss=0.9862 lr=5.23e-05
2026-07-16 08:55:56,579 [INFO] trainer: epoch 334 done train_loss=0.9857 dt=14.4s
2026-07-16 08:56:09,790 [INFO] trainer: epoch 335 step 50/54 loss=1.0464 lr=5.17e-05
2026-07-16 08:56:10,793 [INFO] trainer: epoch 335 done train_loss=1.0487 dt=14.2s
2026-07-16 08:56:24,128 [INFO] trainer: epoch 336 step 50/54 loss=0.9991 lr=5.12e-05
2026-07-16 08:56:25,131 [INFO] trainer: epoch 336 done train_loss=0.9978 dt=14.3s
2026-07-16 08:56:38,429 [INFO] trainer: epoch 337 step 50/54 loss=0.9991 lr=5.06e-05
2026-07-16 08:56:39,430 [INFO] trainer: epoch 337 done train_loss=0.9885 dt=14.3s
2026-07-16 08:56:52,641 [INFO] trainer: epoch 338 step 50/54 loss=1.0145 lr=5.01e-05
2026-07-16 08:56:53,644 [INFO] trainer: epoch 338 done train_loss=1.0201 dt=14.2s
2026-07-16 08:57:06,888 [INFO] trainer: epoch 339 step 50/54 loss=0.9689 lr=4.95e-05
2026-07-16 08:57:07,887 [INFO] trainer: epoch 339 done train_loss=0.9833 dt=14.2s
2026-07-16 08:57:21,078 [INFO] trainer: epoch 340 step 50/54 loss=0.9632 lr=4.90e-05
2026-07-16 08:57:22,079 [INFO] trainer: epoch 340 done train_loss=0.9586 dt=14.2s
2026-07-16 08:57:35,756 [INFO] trainer: epoch 341 step 50/54 loss=1.0360 lr=4.84e-05
2026-07-16 08:57:36,757 [INFO] trainer: epoch 341 done train_loss=1.0230 dt=14.3s
2026-07-16 08:57:50,041 [INFO] trainer: epoch 342 step 50/54 loss=1.0027 lr=4.79e-05
2026-07-16 08:57:51,050 [INFO] trainer: epoch 342 done train_loss=0.9926 dt=14.3s
2026-07-16 08:58:04,335 [INFO] trainer: epoch 343 step 50/54 loss=0.9781 lr=4.73e-05
2026-07-16 08:58:05,334 [INFO] trainer: epoch 343 done train_loss=0.9743 dt=14.3s
2026-07-16 08:58:18,614 [INFO] trainer: epoch 344 step 50/54 loss=1.0427 lr=4.68e-05
2026-07-16 08:58:19,614 [INFO] trainer: epoch 344 done train_loss=1.0215 dt=14.3s
2026-07-16 08:58:32,933 [INFO] trainer: epoch 345 step 50/54 loss=1.0187 lr=4.63e-05
2026-07-16 08:58:33,935 [INFO] trainer: epoch 345 done train_loss=1.0196 dt=14.3s
2026-07-16 08:58:47,181 [INFO] trainer: epoch 346 step 50/54 loss=0.9733 lr=4.57e-05
2026-07-16 08:58:48,182 [INFO] trainer: epoch 346 done train_loss=0.9779 dt=14.2s
2026-07-16 08:59:01,357 [INFO] trainer: epoch 347 step 50/54 loss=0.9977 lr=4.52e-05
2026-07-16 08:59:02,360 [INFO] trainer: epoch 347 done train_loss=1.0028 dt=14.2s
2026-07-16 08:59:15,643 [INFO] trainer: epoch 348 step 50/54 loss=1.0066 lr=4.47e-05
2026-07-16 08:59:16,645 [INFO] trainer: epoch 348 done train_loss=1.0016 dt=14.3s
2026-07-16 08:59:29,893 [INFO] trainer: epoch 349 step 50/54 loss=1.0072 lr=4.41e-05
2026-07-16 08:59:30,894 [INFO] trainer: epoch 349 done train_loss=1.0150 dt=14.2s
2026-07-16 08:59:44,239 [INFO] trainer: epoch 350 step 50/54 loss=1.0118 lr=4.36e-05
2026-07-16 08:59:45,240 [INFO] trainer: epoch 350 done train_loss=1.0166 dt=14.3s
2026-07-16 09:00:28,495 [INFO] trainer: epoch 350 val_mean_dice=0.7993
2026-07-16 09:00:42,262 [INFO] trainer: epoch 351 step 50/54 loss=0.9406 lr=4.31e-05
2026-07-16 09:00:43,261 [INFO] trainer: epoch 351 done train_loss=0.9456 dt=14.4s
2026-07-16 09:00:56,400 [INFO] trainer: epoch 352 step 50/54 loss=1.0284 lr=4.26e-05
2026-07-16 09:00:57,403 [INFO] trainer: epoch 352 done train_loss=1.0401 dt=14.1s
2026-07-16 09:01:10,663 [INFO] trainer: epoch 353 step 50/54 loss=0.9935 lr=4.21e-05
2026-07-16 09:01:11,665 [INFO] trainer: epoch 353 done train_loss=0.9918 dt=14.3s
2026-07-16 09:01:25,030 [INFO] trainer: epoch 354 step 50/54 loss=0.9506 lr=4.15e-05
2026-07-16 09:01:26,032 [INFO] trainer: epoch 354 done train_loss=0.9715 dt=14.4s
2026-07-16 09:01:39,281 [INFO] trainer: epoch 355 step 50/54 loss=0.9604 lr=4.10e-05
2026-07-16 09:01:40,282 [INFO] trainer: epoch 355 done train_loss=0.9464 dt=14.2s
2026-07-16 09:01:53,545 [INFO] trainer: epoch 356 step 50/54 loss=0.9638 lr=4.05e-05
2026-07-16 09:01:54,545 [INFO] trainer: epoch 356 done train_loss=0.9887 dt=14.3s
2026-07-16 09:02:07,773 [INFO] trainer: epoch 357 step 50/54 loss=1.0317 lr=4.00e-05
2026-07-16 09:02:08,773 [INFO] trainer: epoch 357 done train_loss=1.0341 dt=14.2s
2026-07-16 09:02:22,058 [INFO] trainer: epoch 358 step 50/54 loss=0.9681 lr=3.95e-05
2026-07-16 09:02:23,057 [INFO] trainer: epoch 358 done train_loss=0.9674 dt=14.3s
2026-07-16 09:02:36,123 [INFO] trainer: epoch 359 step 50/54 loss=1.0216 lr=3.90e-05
2026-07-16 09:02:37,123 [INFO] trainer: epoch 359 done train_loss=1.0256 dt=14.1s
2026-07-16 09:02:50,364 [INFO] trainer: epoch 360 step 50/54 loss=0.9973 lr=3.85e-05
2026-07-16 09:02:51,367 [INFO] trainer: epoch 360 done train_loss=1.0106 dt=14.2s
2026-07-16 09:03:05,040 [INFO] trainer: epoch 361 step 50/54 loss=0.9813 lr=3.80e-05
2026-07-16 09:03:06,043 [INFO] trainer: epoch 361 done train_loss=0.9993 dt=14.3s
2026-07-16 09:03:19,348 [INFO] trainer: epoch 362 step 50/54 loss=0.9674 lr=3.75e-05
2026-07-16 09:03:20,349 [INFO] trainer: epoch 362 done train_loss=0.9643 dt=14.3s
2026-07-16 09:03:33,566 [INFO] trainer: epoch 363 step 50/54 loss=0.9807 lr=3.70e-05
2026-07-16 09:03:34,566 [INFO] trainer: epoch 363 done train_loss=0.9802 dt=14.2s
2026-07-16 09:03:47,717 [INFO] trainer: epoch 364 step 50/54 loss=0.9702 lr=3.65e-05
2026-07-16 09:03:48,716 [INFO] trainer: epoch 364 done train_loss=0.9682 dt=14.1s
2026-07-16 09:04:01,934 [INFO] trainer: epoch 365 step 50/54 loss=1.0077 lr=3.60e-05
2026-07-16 09:04:02,935 [INFO] trainer: epoch 365 done train_loss=0.9957 dt=14.2s
2026-07-16 09:04:16,098 [INFO] trainer: epoch 366 step 50/54 loss=1.0137 lr=3.56e-05
2026-07-16 09:04:17,098 [INFO] trainer: epoch 366 done train_loss=1.0168 dt=14.2s
2026-07-16 09:04:30,346 [INFO] trainer: epoch 367 step 50/54 loss=0.9714 lr=3.51e-05
2026-07-16 09:04:31,349 [INFO] trainer: epoch 367 done train_loss=0.9592 dt=14.3s
2026-07-16 09:04:44,662 [INFO] trainer: epoch 368 step 50/54 loss=0.9919 lr=3.46e-05
2026-07-16 09:04:45,662 [INFO] trainer: epoch 368 done train_loss=0.9815 dt=14.3s
2026-07-16 09:04:58,917 [INFO] trainer: epoch 369 step 50/54 loss=0.9421 lr=3.41e-05
2026-07-16 09:04:59,917 [INFO] trainer: epoch 369 done train_loss=0.9496 dt=14.3s
2026-07-16 09:05:13,057 [INFO] trainer: epoch 370 step 50/54 loss=0.9977 lr=3.36e-05
2026-07-16 09:05:14,058 [INFO] trainer: epoch 370 done train_loss=1.0124 dt=14.1s
2026-07-16 09:05:27,733 [INFO] trainer: epoch 371 step 50/54 loss=0.9829 lr=3.32e-05
2026-07-16 09:05:28,732 [INFO] trainer: epoch 371 done train_loss=0.9774 dt=14.3s
2026-07-16 09:05:41,884 [INFO] trainer: epoch 372 step 50/54 loss=0.9665 lr=3.27e-05
2026-07-16 09:05:42,884 [INFO] trainer: epoch 372 done train_loss=0.9741 dt=14.2s
2026-07-16 09:05:56,139 [INFO] trainer: epoch 373 step 50/54 loss=0.9606 lr=3.22e-05
2026-07-16 09:05:57,140 [INFO] trainer: epoch 373 done train_loss=0.9687 dt=14.3s
2026-07-16 09:06:10,339 [INFO] trainer: epoch 374 step 50/54 loss=1.0095 lr=3.18e-05
2026-07-16 09:06:11,339 [INFO] trainer: epoch 374 done train_loss=1.0122 dt=14.2s
2026-07-16 09:06:24,736 [INFO] trainer: epoch 375 step 50/54 loss=1.0617 lr=3.13e-05
2026-07-16 09:06:25,737 [INFO] trainer: epoch 375 done train_loss=1.0492 dt=14.4s
2026-07-16 09:07:09,030 [INFO] trainer: epoch 375 val_mean_dice=0.7998
2026-07-16 09:07:22,199 [INFO] trainer: epoch 376 step 50/54 loss=0.9858 lr=3.09e-05
2026-07-16 09:07:23,200 [INFO] trainer: epoch 376 done train_loss=0.9929 dt=14.2s
2026-07-16 09:07:36,336 [INFO] trainer: epoch 377 step 50/54 loss=1.0226 lr=3.04e-05
2026-07-16 09:07:37,335 [INFO] trainer: epoch 377 done train_loss=1.0124 dt=14.1s
2026-07-16 09:07:50,664 [INFO] trainer: epoch 378 step 50/54 loss=0.9728 lr=3.00e-05
2026-07-16 09:07:51,664 [INFO] trainer: epoch 378 done train_loss=0.9865 dt=14.3s
2026-07-16 09:08:05,005 [INFO] trainer: epoch 379 step 50/54 loss=0.9875 lr=2.95e-05
2026-07-16 09:08:06,006 [INFO] trainer: epoch 379 done train_loss=0.9939 dt=14.3s
2026-07-16 09:08:19,475 [INFO] trainer: epoch 380 step 50/54 loss=1.0139 lr=2.91e-05
2026-07-16 09:08:20,475 [INFO] trainer: epoch 380 done train_loss=1.0190 dt=14.5s
2026-07-16 09:08:34,145 [INFO] trainer: epoch 381 step 50/54 loss=0.9948 lr=2.86e-05
2026-07-16 09:08:35,144 [INFO] trainer: epoch 381 done train_loss=1.0049 dt=14.3s
2026-07-16 09:08:48,415 [INFO] trainer: epoch 382 step 50/54 loss=1.0111 lr=2.82e-05
2026-07-16 09:08:49,416 [INFO] trainer: epoch 382 done train_loss=1.0063 dt=14.3s
2026-07-16 09:09:02,699 [INFO] trainer: epoch 383 step 50/54 loss=0.9693 lr=2.77e-05
2026-07-16 09:09:03,699 [INFO] trainer: epoch 383 done train_loss=0.9781 dt=14.3s
2026-07-16 09:09:16,963 [INFO] trainer: epoch 384 step 50/54 loss=0.9772 lr=2.73e-05
2026-07-16 09:09:17,964 [INFO] trainer: epoch 384 done train_loss=0.9775 dt=14.3s
2026-07-16 09:09:31,277 [INFO] trainer: epoch 385 step 50/54 loss=1.0073 lr=2.69e-05
2026-07-16 09:09:32,277 [INFO] trainer: epoch 385 done train_loss=0.9906 dt=14.3s
2026-07-16 09:09:45,570 [INFO] trainer: epoch 386 step 50/54 loss=0.9819 lr=2.64e-05
2026-07-16 09:09:46,572 [INFO] trainer: epoch 386 done train_loss=0.9820 dt=14.3s
2026-07-16 09:09:59,857 [INFO] trainer: epoch 387 step 50/54 loss=0.9228 lr=2.60e-05
2026-07-16 09:10:00,858 [INFO] trainer: epoch 387 done train_loss=0.9311 dt=14.3s
2026-07-16 09:10:14,070 [INFO] trainer: epoch 388 step 50/54 loss=0.9737 lr=2.56e-05
2026-07-16 09:10:15,071 [INFO] trainer: epoch 388 done train_loss=0.9756 dt=14.2s
2026-07-16 09:10:28,457 [INFO] trainer: epoch 389 step 50/54 loss=0.9936 lr=2.52e-05
2026-07-16 09:10:29,457 [INFO] trainer: epoch 389 done train_loss=0.9972 dt=14.4s
2026-07-16 09:10:42,806 [INFO] trainer: epoch 390 step 50/54 loss=1.0443 lr=2.48e-05
2026-07-16 09:10:43,808 [INFO] trainer: epoch 390 done train_loss=1.0376 dt=14.4s
2026-07-16 09:10:57,555 [INFO] trainer: epoch 391 step 50/54 loss=0.9888 lr=2.44e-05
2026-07-16 09:10:58,557 [INFO] trainer: epoch 391 done train_loss=0.9838 dt=14.4s
2026-07-16 09:11:11,767 [INFO] trainer: epoch 392 step 50/54 loss=0.9758 lr=2.39e-05
2026-07-16 09:11:12,768 [INFO] trainer: epoch 392 done train_loss=0.9657 dt=14.2s
2026-07-16 09:11:26,094 [INFO] trainer: epoch 393 step 50/54 loss=0.9556 lr=2.35e-05
2026-07-16 09:11:27,099 [INFO] trainer: epoch 393 done train_loss=0.9473 dt=14.3s
2026-07-16 09:11:40,533 [INFO] trainer: epoch 394 step 50/54 loss=0.9999 lr=2.31e-05
2026-07-16 09:11:41,535 [INFO] trainer: epoch 394 done train_loss=0.9954 dt=14.4s
2026-07-16 09:11:54,857 [INFO] trainer: epoch 395 step 50/54 loss=0.9700 lr=2.27e-05
2026-07-16 09:11:55,860 [INFO] trainer: epoch 395 done train_loss=0.9690 dt=14.3s
2026-07-16 09:12:09,044 [INFO] trainer: epoch 396 step 50/54 loss=0.9644 lr=2.23e-05
2026-07-16 09:12:10,045 [INFO] trainer: epoch 396 done train_loss=0.9745 dt=14.2s
2026-07-16 09:12:23,370 [INFO] trainer: epoch 397 step 50/54 loss=0.9732 lr=2.19e-05
2026-07-16 09:12:24,369 [INFO] trainer: epoch 397 done train_loss=0.9762 dt=14.3s
2026-07-16 09:12:37,751 [INFO] trainer: epoch 398 step 50/54 loss=1.0140 lr=2.16e-05
2026-07-16 09:12:38,752 [INFO] trainer: epoch 398 done train_loss=1.0245 dt=14.4s
2026-07-16 09:12:52,087 [INFO] trainer: epoch 399 step 50/54 loss=0.9895 lr=2.12e-05
2026-07-16 09:12:53,088 [INFO] trainer: epoch 399 done train_loss=0.9904 dt=14.3s
2026-07-16 09:13:06,321 [INFO] trainer: epoch 400 step 50/54 loss=1.0153 lr=2.08e-05
2026-07-16 09:13:07,321 [INFO] trainer: epoch 400 done train_loss=0.9986 dt=14.2s
2026-07-16 09:13:50,587 [INFO] trainer: epoch 400 val_mean_dice=0.8022
2026-07-16 09:14:04,759 [INFO] trainer: epoch 401 step 50/54 loss=0.9617 lr=2.04e-05
2026-07-16 09:14:05,761 [INFO] trainer: epoch 401 done train_loss=0.9616 dt=14.3s
2026-07-16 09:14:19,038 [INFO] trainer: epoch 402 step 50/54 loss=0.9732 lr=2.00e-05
2026-07-16 09:14:20,040 [INFO] trainer: epoch 402 done train_loss=0.9793 dt=14.3s
2026-07-16 09:14:33,289 [INFO] trainer: epoch 403 step 50/54 loss=0.9751 lr=1.97e-05
2026-07-16 09:14:34,290 [INFO] trainer: epoch 403 done train_loss=0.9780 dt=14.2s
2026-07-16 09:14:47,548 [INFO] trainer: epoch 404 step 50/54 loss=0.9662 lr=1.93e-05
2026-07-16 09:14:48,549 [INFO] trainer: epoch 404 done train_loss=0.9627 dt=14.3s
2026-07-16 09:15:01,688 [INFO] trainer: epoch 405 step 50/54 loss=0.9696 lr=1.89e-05
2026-07-16 09:15:02,689 [INFO] trainer: epoch 405 done train_loss=0.9686 dt=14.1s
2026-07-16 09:15:15,932 [INFO] trainer: epoch 406 step 50/54 loss=0.9643 lr=1.86e-05
2026-07-16 09:15:16,932 [INFO] trainer: epoch 406 done train_loss=0.9721 dt=14.2s
2026-07-16 09:15:30,084 [INFO] trainer: epoch 407 step 50/54 loss=1.0227 lr=1.82e-05
2026-07-16 09:15:31,086 [INFO] trainer: epoch 407 done train_loss=1.0208 dt=14.2s
2026-07-16 09:15:44,274 [INFO] trainer: epoch 408 step 50/54 loss=0.9996 lr=1.78e-05
2026-07-16 09:15:45,278 [INFO] trainer: epoch 408 done train_loss=0.9903 dt=14.2s
2026-07-16 09:15:58,511 [INFO] trainer: epoch 409 step 50/54 loss=0.9386 lr=1.75e-05
2026-07-16 09:15:59,513 [INFO] trainer: epoch 409 done train_loss=0.9394 dt=14.2s
2026-07-16 09:16:12,834 [INFO] trainer: epoch 410 step 50/54 loss=0.9837 lr=1.71e-05
2026-07-16 09:16:13,837 [INFO] trainer: epoch 410 done train_loss=0.9970 dt=14.3s
2026-07-16 09:16:27,460 [INFO] trainer: epoch 411 step 50/54 loss=1.0045 lr=1.68e-05
2026-07-16 09:16:28,463 [INFO] trainer: epoch 411 done train_loss=1.0022 dt=14.2s
2026-07-16 09:16:41,743 [INFO] trainer: epoch 412 step 50/54 loss=0.9723 lr=1.64e-05
2026-07-16 09:16:42,745 [INFO] trainer: epoch 412 done train_loss=0.9717 dt=14.3s
2026-07-16 09:16:56,167 [INFO] trainer: epoch 413 step 50/54 loss=0.9804 lr=1.61e-05
2026-07-16 09:16:57,169 [INFO] trainer: epoch 413 done train_loss=0.9861 dt=14.4s
2026-07-16 09:17:10,499 [INFO] trainer: epoch 414 step 50/54 loss=1.0101 lr=1.58e-05
2026-07-16 09:17:11,502 [INFO] trainer: epoch 414 done train_loss=1.0269 dt=14.3s
2026-07-16 09:17:24,653 [INFO] trainer: epoch 415 step 50/54 loss=0.9837 lr=1.54e-05
2026-07-16 09:17:25,654 [INFO] trainer: epoch 415 done train_loss=0.9816 dt=14.2s
2026-07-16 09:17:38,822 [INFO] trainer: epoch 416 step 50/54 loss=0.9716 lr=1.51e-05
2026-07-16 09:17:39,824 [INFO] trainer: epoch 416 done train_loss=0.9762 dt=14.2s
2026-07-16 09:17:53,087 [INFO] trainer: epoch 417 step 50/54 loss=1.0369 lr=1.48e-05
2026-07-16 09:17:54,088 [INFO] trainer: epoch 417 done train_loss=1.0419 dt=14.3s
2026-07-16 09:18:07,259 [INFO] trainer: epoch 418 step 50/54 loss=0.9908 lr=1.45e-05
2026-07-16 09:18:08,261 [INFO] trainer: epoch 418 done train_loss=0.9767 dt=14.2s
2026-07-16 09:18:21,432 [INFO] trainer: epoch 419 step 50/54 loss=0.9851 lr=1.41e-05
2026-07-16 09:18:22,433 [INFO] trainer: epoch 419 done train_loss=0.9941 dt=14.2s
2026-07-16 09:18:35,757 [INFO] trainer: epoch 420 step 50/54 loss=0.9841 lr=1.38e-05
2026-07-16 09:18:36,757 [INFO] trainer: epoch 420 done train_loss=0.9752 dt=14.3s
2026-07-16 09:18:53,488 [INFO] trainer: epoch 421 step 50/54 loss=0.9811 lr=1.35e-05
2026-07-16 09:18:54,488 [INFO] trainer: epoch 421 done train_loss=0.9727 dt=14.3s
2026-07-16 09:19:07,818 [INFO] trainer: epoch 422 step 50/54 loss=0.9667 lr=1.32e-05
2026-07-16 09:19:08,819 [INFO] trainer: epoch 422 done train_loss=0.9681 dt=14.3s
2026-07-16 09:19:22,013 [INFO] trainer: epoch 423 step 50/54 loss=1.0157 lr=1.29e-05
2026-07-16 09:19:23,014 [INFO] trainer: epoch 423 done train_loss=1.0092 dt=14.2s
2026-07-16 09:19:36,175 [INFO] trainer: epoch 424 step 50/54 loss=1.0185 lr=1.26e-05
2026-07-16 09:19:37,176 [INFO] trainer: epoch 424 done train_loss=1.0220 dt=14.2s
2026-07-16 09:19:50,447 [INFO] trainer: epoch 425 step 50/54 loss=0.9916 lr=1.23e-05
2026-07-16 09:19:51,447 [INFO] trainer: epoch 425 done train_loss=0.9981 dt=14.3s
2026-07-16 09:20:34,744 [INFO] trainer: epoch 425 val_mean_dice=0.8028
2026-07-16 09:20:48,375 [INFO] trainer: epoch 426 step 50/54 loss=0.9566 lr=1.20e-05
2026-07-16 09:20:49,377 [INFO] trainer: epoch 426 done train_loss=0.9632 dt=14.3s
2026-07-16 09:21:02,628 [INFO] trainer: epoch 427 step 50/54 loss=1.0040 lr=1.17e-05
2026-07-16 09:21:03,628 [INFO] trainer: epoch 427 done train_loss=1.0070 dt=14.3s
2026-07-16 09:21:17,117 [INFO] trainer: epoch 428 step 50/54 loss=0.9941 lr=1.14e-05
2026-07-16 09:21:18,121 [INFO] trainer: epoch 428 done train_loss=0.9909 dt=14.5s
2026-07-16 09:21:31,488 [INFO] trainer: epoch 429 step 50/54 loss=1.0379 lr=1.12e-05
2026-07-16 09:21:32,491 [INFO] trainer: epoch 429 done train_loss=1.0342 dt=14.4s
2026-07-16 09:21:45,777 [INFO] trainer: epoch 430 step 50/54 loss=0.9757 lr=1.09e-05
2026-07-16 09:21:46,777 [INFO] trainer: epoch 430 done train_loss=0.9840 dt=14.3s
2026-07-16 09:22:00,591 [INFO] trainer: epoch 431 step 50/54 loss=0.9387 lr=1.06e-05
2026-07-16 09:22:01,593 [INFO] trainer: epoch 431 done train_loss=0.9541 dt=14.4s
2026-07-16 09:22:14,820 [INFO] trainer: epoch 432 step 50/54 loss=0.9955 lr=1.03e-05
2026-07-16 09:22:15,818 [INFO] trainer: epoch 432 done train_loss=0.9875 dt=14.2s
2026-07-16 09:22:28,945 [INFO] trainer: epoch 433 step 50/54 loss=0.9550 lr=1.01e-05
2026-07-16 09:22:29,944 [INFO] trainer: epoch 433 done train_loss=0.9429 dt=14.1s
2026-07-16 09:22:43,337 [INFO] trainer: epoch 434 step 50/54 loss=1.0195 lr=9.80e-06
2026-07-16 09:22:44,338 [INFO] trainer: epoch 434 done train_loss=1.0229 dt=14.4s
2026-07-16 09:22:57,630 [INFO] trainer: epoch 435 step 50/54 loss=0.9914 lr=9.54e-06
2026-07-16 09:22:58,629 [INFO] trainer: epoch 435 done train_loss=0.9921 dt=14.3s
2026-07-16 09:23:11,757 [INFO] trainer: epoch 436 step 50/54 loss=0.9598 lr=9.28e-06
2026-07-16 09:23:12,756 [INFO] trainer: epoch 436 done train_loss=0.9511 dt=14.1s
2026-07-16 09:23:25,905 [INFO] trainer: epoch 437 step 50/54 loss=0.9756 lr=9.03e-06
2026-07-16 09:23:26,905 [INFO] trainer: epoch 437 done train_loss=0.9858 dt=14.1s
2026-07-16 09:23:40,277 [INFO] trainer: epoch 438 step 50/54 loss=0.9564 lr=8.78e-06
2026-07-16 09:23:41,279 [INFO] trainer: epoch 438 done train_loss=0.9576 dt=14.4s
2026-07-16 09:23:54,637 [INFO] trainer: epoch 439 step 50/54 loss=0.9647 lr=8.53e-06
2026-07-16 09:23:55,636 [INFO] trainer: epoch 439 done train_loss=0.9651 dt=14.4s
2026-07-16 09:24:08,891 [INFO] trainer: epoch 440 step 50/54 loss=1.0212 lr=8.29e-06
2026-07-16 09:24:09,890 [INFO] trainer: epoch 440 done train_loss=1.0241 dt=14.3s
2026-07-16 09:24:23,473 [INFO] trainer: epoch 441 step 50/54 loss=1.0050 lr=8.05e-06
2026-07-16 09:24:24,476 [INFO] trainer: epoch 441 done train_loss=0.9959 dt=14.2s
2026-07-16 09:24:37,714 [INFO] trainer: epoch 442 step 50/54 loss=0.9954 lr=7.82e-06
2026-07-16 09:24:38,715 [INFO] trainer: epoch 442 done train_loss=0.9935 dt=14.2s
2026-07-16 09:24:51,722 [INFO] trainer: epoch 443 step 50/54 loss=1.0036 lr=7.59e-06
2026-07-16 09:24:52,721 [INFO] trainer: epoch 443 done train_loss=0.9951 dt=14.0s
2026-07-16 09:25:05,956 [INFO] trainer: epoch 444 step 50/54 loss=0.9756 lr=7.36e-06
2026-07-16 09:25:06,956 [INFO] trainer: epoch 444 done train_loss=0.9737 dt=14.2s
2026-07-16 09:25:20,196 [INFO] trainer: epoch 445 step 50/54 loss=0.9762 lr=7.14e-06
2026-07-16 09:25:21,195 [INFO] trainer: epoch 445 done train_loss=0.9715 dt=14.2s
2026-07-16 09:25:34,519 [INFO] trainer: epoch 446 step 50/54 loss=1.0187 lr=6.92e-06
2026-07-16 09:25:35,518 [INFO] trainer: epoch 446 done train_loss=1.0179 dt=14.3s
2026-07-16 09:25:48,880 [INFO] trainer: epoch 447 step 50/54 loss=0.9728 lr=6.71e-06
2026-07-16 09:25:49,881 [INFO] trainer: epoch 447 done train_loss=0.9750 dt=14.4s
2026-07-16 09:26:03,150 [INFO] trainer: epoch 448 step 50/54 loss=1.0003 lr=6.49e-06
2026-07-16 09:26:04,149 [INFO] trainer: epoch 448 done train_loss=0.9936 dt=14.3s
2026-07-16 09:26:17,390 [INFO] trainer: epoch 449 step 50/54 loss=0.9710 lr=6.29e-06
2026-07-16 09:26:18,391 [INFO] trainer: epoch 449 done train_loss=0.9719 dt=14.2s
2026-07-16 09:26:31,613 [INFO] trainer: epoch 450 step 50/54 loss=0.9836 lr=6.08e-06
2026-07-16 09:26:32,613 [INFO] trainer: epoch 450 done train_loss=0.9803 dt=14.2s
2026-07-16 09:27:15,854 [INFO] trainer: epoch 450 val_mean_dice=0.8034
2026-07-16 09:27:29,822 [INFO] trainer: epoch 451 step 50/54 loss=0.9568 lr=5.88e-06
2026-07-16 09:27:30,821 [INFO] trainer: epoch 451 done train_loss=0.9587 dt=14.2s
2026-07-16 09:27:43,976 [INFO] trainer: epoch 452 step 50/54 loss=1.0339 lr=5.69e-06
2026-07-16 09:27:44,975 [INFO] trainer: epoch 452 done train_loss=1.0206 dt=14.2s
2026-07-16 09:27:58,216 [INFO] trainer: epoch 453 step 50/54 loss=0.9855 lr=5.50e-06
2026-07-16 09:27:59,219 [INFO] trainer: epoch 453 done train_loss=0.9768 dt=14.2s
2026-07-16 09:28:12,420 [INFO] trainer: epoch 454 step 50/54 loss=0.9796 lr=5.31e-06
2026-07-16 09:28:13,421 [INFO] trainer: epoch 454 done train_loss=0.9941 dt=14.2s
2026-07-16 09:28:26,719 [INFO] trainer: epoch 455 step 50/54 loss=0.9753 lr=5.13e-06
2026-07-16 09:28:27,718 [INFO] trainer: epoch 455 done train_loss=0.9727 dt=14.3s
2026-07-16 09:28:40,814 [INFO] trainer: epoch 456 step 50/54 loss=0.9934 lr=4.95e-06
2026-07-16 09:28:41,816 [INFO] trainer: epoch 456 done train_loss=0.9806 dt=14.1s
2026-07-16 09:28:54,913 [INFO] trainer: epoch 457 step 50/54 loss=0.9564 lr=4.77e-06
2026-07-16 09:28:55,913 [INFO] trainer: epoch 457 done train_loss=0.9578 dt=14.1s
2026-07-16 09:29:09,258 [INFO] trainer: epoch 458 step 50/54 loss=0.9662 lr=4.60e-06
2026-07-16 09:29:10,258 [INFO] trainer: epoch 458 done train_loss=0.9787 dt=14.3s
2026-07-16 09:29:23,529 [INFO] trainer: epoch 459 step 50/54 loss=0.9858 lr=4.43e-06
2026-07-16 09:29:24,530 [INFO] trainer: epoch 459 done train_loss=0.9945 dt=14.3s
2026-07-16 09:29:37,896 [INFO] trainer: epoch 460 step 50/54 loss=0.9563 lr=4.27e-06
2026-07-16 09:29:38,897 [INFO] trainer: epoch 460 done train_loss=0.9555 dt=14.4s
2026-07-16 09:29:52,604 [INFO] trainer: epoch 461 step 50/54 loss=0.9654 lr=4.11e-06
2026-07-16 09:29:53,604 [INFO] trainer: epoch 461 done train_loss=0.9741 dt=14.3s
2026-07-16 09:30:06,966 [INFO] trainer: epoch 462 step 50/54 loss=1.0038 lr=3.95e-06
2026-07-16 09:30:07,968 [INFO] trainer: epoch 462 done train_loss=0.9917 dt=14.4s
2026-07-16 09:30:21,355 [INFO] trainer: epoch 463 step 50/54 loss=1.0362 lr=3.80e-06
2026-07-16 09:30:22,359 [INFO] trainer: epoch 463 done train_loss=1.0377 dt=14.4s
2026-07-16 09:30:35,547 [INFO] trainer: epoch 464 step 50/54 loss=0.9465 lr=3.65e-06
2026-07-16 09:30:36,547 [INFO] trainer: epoch 464 done train_loss=0.9663 dt=14.2s
2026-07-16 09:30:50,842 [INFO] trainer: epoch 465 step 50/54 loss=1.0157 lr=3.51e-06
2026-07-16 09:30:51,841 [INFO] trainer: epoch 465 done train_loss=1.0049 dt=15.3s
2026-07-16 09:31:05,071 [INFO] trainer: epoch 466 step 50/54 loss=0.9725 lr=3.36e-06
2026-07-16 09:31:06,072 [INFO] trainer: epoch 466 done train_loss=0.9621 dt=14.2s
2026-07-16 09:31:19,263 [INFO] trainer: epoch 467 step 50/54 loss=0.9941 lr=3.23e-06
2026-07-16 09:31:20,262 [INFO] trainer: epoch 467 done train_loss=0.9906 dt=14.2s
2026-07-16 09:31:33,479 [INFO] trainer: epoch 468 step 50/54 loss=1.0169 lr=3.10e-06
2026-07-16 09:31:34,480 [INFO] trainer: epoch 468 done train_loss=1.0160 dt=14.2s
2026-07-16 09:31:47,891 [INFO] trainer: epoch 469 step 50/54 loss=0.9677 lr=2.97e-06
2026-07-16 09:31:48,894 [INFO] trainer: epoch 469 done train_loss=0.9710 dt=14.4s
2026-07-16 09:32:02,144 [INFO] trainer: epoch 470 step 50/54 loss=0.9293 lr=2.84e-06
2026-07-16 09:32:03,145 [INFO] trainer: epoch 470 done train_loss=0.9408 dt=14.3s
2026-07-16 09:32:17,406 [INFO] trainer: epoch 471 step 50/54 loss=0.9861 lr=2.72e-06
2026-07-16 09:32:18,404 [INFO] trainer: epoch 471 done train_loss=0.9837 dt=14.2s
2026-07-16 09:32:31,590 [INFO] trainer: epoch 472 step 50/54 loss=0.9555 lr=2.61e-06
2026-07-16 09:32:32,591 [INFO] trainer: epoch 472 done train_loss=0.9658 dt=14.2s
2026-07-16 09:32:45,940 [INFO] trainer: epoch 473 step 50/54 loss=0.9541 lr=2.50e-06
2026-07-16 09:32:46,941 [INFO] trainer: epoch 473 done train_loss=0.9553 dt=14.3s
2026-07-16 09:33:00,060 [INFO] trainer: epoch 474 step 50/54 loss=0.9377 lr=2.39e-06
2026-07-16 09:33:01,060 [INFO] trainer: epoch 474 done train_loss=0.9611 dt=14.1s
2026-07-16 09:33:14,410 [INFO] trainer: epoch 475 step 50/54 loss=0.9846 lr=2.28e-06
2026-07-16 09:33:15,411 [INFO] trainer: epoch 475 done train_loss=0.9755 dt=14.4s
2026-07-16 09:33:58,628 [INFO] trainer: epoch 475 val_mean_dice=0.8037
2026-07-16 09:34:15,890 [INFO] trainer: epoch 476 step 50/54 loss=0.9921 lr=2.18e-06
2026-07-16 09:34:16,889 [INFO] trainer: epoch 476 done train_loss=0.9894 dt=17.9s
2026-07-16 09:34:30,414 [INFO] trainer: epoch 477 step 50/54 loss=0.9910 lr=2.09e-06
2026-07-16 09:34:31,414 [INFO] trainer: epoch 477 done train_loss=0.9881 dt=14.5s
2026-07-16 09:34:44,608 [INFO] trainer: epoch 478 step 50/54 loss=0.9709 lr=1.99e-06
2026-07-16 09:34:45,608 [INFO] trainer: epoch 478 done train_loss=0.9760 dt=14.2s
2026-07-16 09:34:58,981 [INFO] trainer: epoch 479 step 50/54 loss=1.0360 lr=1.91e-06
2026-07-16 09:34:59,980 [INFO] trainer: epoch 479 done train_loss=1.0305 dt=14.4s
2026-07-16 09:35:13,093 [INFO] trainer: epoch 480 step 50/54 loss=0.9978 lr=1.82e-06
2026-07-16 09:35:14,092 [INFO] trainer: epoch 480 done train_loss=0.9989 dt=14.1s
2026-07-16 09:35:27,748 [INFO] trainer: epoch 481 step 50/54 loss=1.0199 lr=1.74e-06
2026-07-16 09:35:28,748 [INFO] trainer: epoch 481 done train_loss=1.0157 dt=14.3s
2026-07-16 09:35:41,906 [INFO] trainer: epoch 482 step 50/54 loss=1.0029 lr=1.67e-06
2026-07-16 09:35:42,907 [INFO] trainer: epoch 482 done train_loss=0.9932 dt=14.2s
2026-07-16 09:35:56,116 [INFO] trainer: epoch 483 step 50/54 loss=1.0061 lr=1.60e-06
2026-07-16 09:35:57,115 [INFO] trainer: epoch 483 done train_loss=1.0101 dt=14.2s
2026-07-16 09:36:10,438 [INFO] trainer: epoch 484 step 50/54 loss=0.9720 lr=1.53e-06
2026-07-16 09:36:11,437 [INFO] trainer: epoch 484 done train_loss=0.9637 dt=14.3s
2026-07-16 09:36:24,704 [INFO] trainer: epoch 485 step 50/54 loss=1.0225 lr=1.46e-06
2026-07-16 09:36:25,704 [INFO] trainer: epoch 485 done train_loss=1.0144 dt=14.3s
2026-07-16 09:36:38,888 [INFO] trainer: epoch 486 step 50/54 loss=1.0043 lr=1.40e-06
2026-07-16 09:36:39,893 [INFO] trainer: epoch 486 done train_loss=0.9908 dt=14.2s
2026-07-16 09:36:53,130 [INFO] trainer: epoch 487 step 50/54 loss=0.9850 lr=1.35e-06
2026-07-16 09:36:54,131 [INFO] trainer: epoch 487 done train_loss=0.9915 dt=14.2s
2026-07-16 09:37:07,463 [INFO] trainer: epoch 488 step 50/54 loss=0.9711 lr=1.30e-06
2026-07-16 09:37:08,465 [INFO] trainer: epoch 488 done train_loss=0.9593 dt=14.3s
2026-07-16 09:37:21,670 [INFO] trainer: epoch 489 step 50/54 loss=0.9972 lr=1.25e-06
2026-07-16 09:37:22,672 [INFO] trainer: epoch 489 done train_loss=0.9989 dt=14.2s
2026-07-16 09:37:35,821 [INFO] trainer: epoch 490 step 50/54 loss=0.9694 lr=1.21e-06
2026-07-16 09:37:36,823 [INFO] trainer: epoch 490 done train_loss=0.9759 dt=14.2s
2026-07-16 09:37:50,715 [INFO] trainer: epoch 491 step 50/54 loss=0.9731 lr=1.17e-06
2026-07-16 09:37:51,716 [INFO] trainer: epoch 491 done train_loss=0.9841 dt=14.5s
2026-07-16 09:38:04,998 [INFO] trainer: epoch 492 step 50/54 loss=0.9893 lr=1.13e-06
2026-07-16 09:38:05,997 [INFO] trainer: epoch 492 done train_loss=0.9849 dt=14.3s
2026-07-16 09:38:19,277 [INFO] trainer: epoch 493 step 50/54 loss=1.0443 lr=1.10e-06
2026-07-16 09:38:20,276 [INFO] trainer: epoch 493 done train_loss=1.0321 dt=14.3s
2026-07-16 09:38:33,459 [INFO] trainer: epoch 494 step 50/54 loss=0.9716 lr=1.08e-06
2026-07-16 09:38:34,459 [INFO] trainer: epoch 494 done train_loss=0.9661 dt=14.2s
2026-07-16 09:38:47,591 [INFO] trainer: epoch 495 step 50/54 loss=0.9604 lr=1.05e-06
2026-07-16 09:38:48,593 [INFO] trainer: epoch 495 done train_loss=0.9712 dt=14.1s
2026-07-16 09:39:01,843 [INFO] trainer: epoch 496 step 50/54 loss=0.9557 lr=1.03e-06
2026-07-16 09:39:02,843 [INFO] trainer: epoch 496 done train_loss=0.9558 dt=14.3s
2026-07-16 09:39:16,040 [INFO] trainer: epoch 497 step 50/54 loss=1.0012 lr=1.02e-06
2026-07-16 09:39:17,040 [INFO] trainer: epoch 497 done train_loss=0.9942 dt=14.2s
2026-07-16 09:39:30,257 [INFO] trainer: epoch 498 step 50/54 loss=0.9761 lr=1.01e-06
2026-07-16 09:39:31,258 [INFO] trainer: epoch 498 done train_loss=0.9660 dt=14.2s
2026-07-16 09:39:44,427 [INFO] trainer: epoch 499 step 50/54 loss=0.9832 lr=1.00e-06
2026-07-16 09:39:45,426 [INFO] trainer: epoch 499 done train_loss=0.9806 dt=14.2s
2026-07-16 09:39:58,643 [INFO] trainer: epoch 500 step 50/54 loss=0.9864 lr=1.00e-06
2026-07-16 09:39:59,644 [INFO] trainer: epoch 500 done train_loss=0.9825 dt=14.2s
2026-07-16 09:40:45,365 [INFO] trainer: epoch 500 val_mean_dice=0.8040
2026-07-16 09:40:49,827 [INFO] trainer: total time 8056.6 s, best dice 0.8040 (epochs 1-500 / 500)
