2026-07-16 07:23:14,548 [INFO] train: ========================================================================
2026-07-16 07:23:14,550 [INFO] train: model=suprem_swinunetr config=configs/lowshot/ls_supSwin_ft_pt_f010.yaml
2026-07-16 07:23:14,550 [INFO] train: output=/scratch/lskrlj/runs/ls_supSwin_ft_pt_f010 device=cuda (NVIDIA A100-SXM4-40GB)
2026-07-16 07:23:14,551 [INFO] train: epochs=500 batch_size=2 grad_accum=2 eff_batch=4 lr=0.0002 amp=True
2026-07-16 07:23:14,551 [INFO] train: ========================================================================
2026-07-16 07:23:14,554 [INFO] train: splits: train=1082 val=57 classes=117
2026-07-16 07:23:14,554 [INFO] train: low-shot: train_fraction=0.1000 seed=1234 -> 108/1082 train cases
2026-07-16 07:23:14,769 [INFO] train: disk cache: /scratch/lskrlj/cache/TotalSeg/833d9d046402 (fingerprint=833d9d046402)
2026-07-16 07:26:03,002 [INFO] train: model suprem_swinunetr, trainable params: 17027754 / 17027754 total (freeze_backbone=False)
2026-07-16 07:26:33,249 [WARNING] trainer: --resume set but no checkpoint found in /scratch/lskrlj/runs/ls_supSwin_ft_pt_f010; starting fresh
2026-07-16 07:26:33,250 [INFO] trainer: start: epochs 1-500/500 device=cuda amp=bf16 train_batches=54 val_batches=57
2026-07-16 07:26:55,673 [INFO] trainer: epoch 1 step 50/54 loss=11.0568 lr=1.85e-05
2026-07-16 07:26:57,094 [INFO] trainer: epoch 1 done train_loss=11.0245 dt=23.8s
2026-07-16 07:27:15,579 [INFO] trainer: epoch 2 step 50/54 loss=10.0231 lr=3.85e-05
2026-07-16 07:27:17,007 [INFO] trainer: epoch 2 done train_loss=9.9792 dt=19.9s
2026-07-16 07:27:35,556 [INFO] trainer: epoch 3 step 50/54 loss=8.9326 lr=5.85e-05
2026-07-16 07:27:36,983 [INFO] trainer: epoch 3 done train_loss=8.9042 dt=20.0s
2026-07-16 07:27:55,535 [INFO] trainer: epoch 4 step 50/54 loss=8.2213 lr=7.85e-05
2026-07-16 07:27:56,959 [INFO] trainer: epoch 4 done train_loss=8.2012 dt=20.0s
2026-07-16 07:28:15,523 [INFO] trainer: epoch 5 step 50/54 loss=7.7012 lr=9.85e-05
2026-07-16 07:28:16,954 [INFO] trainer: epoch 5 done train_loss=7.6833 dt=20.0s
2026-07-16 07:28:35,498 [INFO] trainer: epoch 6 step 50/54 loss=7.2683 lr=1.19e-04
2026-07-16 07:28:36,926 [INFO] trainer: epoch 6 done train_loss=7.2442 dt=20.0s
2026-07-16 07:28:55,557 [INFO] trainer: epoch 7 step 50/54 loss=6.8743 lr=1.39e-04
2026-07-16 07:28:56,987 [INFO] trainer: epoch 7 done train_loss=6.8667 dt=20.1s
2026-07-16 07:29:15,696 [INFO] trainer: epoch 8 step 50/54 loss=6.4680 lr=1.59e-04
2026-07-16 07:29:17,127 [INFO] trainer: epoch 8 done train_loss=6.4472 dt=20.1s
2026-07-16 07:29:35,795 [INFO] trainer: epoch 9 step 50/54 loss=6.1141 lr=1.79e-04
2026-07-16 07:29:37,221 [INFO] trainer: epoch 9 done train_loss=6.1026 dt=20.1s
2026-07-16 07:29:55,881 [INFO] trainer: epoch 10 step 50/54 loss=5.7006 lr=1.99e-04
2026-07-16 07:29:57,311 [INFO] trainer: epoch 10 done train_loss=5.6943 dt=20.1s
2026-07-16 07:30:16,168 [INFO] trainer: epoch 11 step 50/54 loss=5.3538 lr=2.00e-04
2026-07-16 07:30:17,597 [INFO] trainer: epoch 11 done train_loss=5.3443 dt=20.0s
2026-07-16 07:30:36,286 [INFO] trainer: epoch 12 step 50/54 loss=5.0455 lr=2.00e-04
2026-07-16 07:30:37,713 [INFO] trainer: epoch 12 done train_loss=5.0391 dt=20.1s
2026-07-16 07:30:56,382 [INFO] trainer: epoch 13 step 50/54 loss=4.7570 lr=2.00e-04
2026-07-16 07:30:57,811 [INFO] trainer: epoch 13 done train_loss=4.7528 dt=20.1s
2026-07-16 07:31:16,385 [INFO] trainer: epoch 14 step 50/54 loss=4.5024 lr=2.00e-04
2026-07-16 07:31:17,809 [INFO] trainer: epoch 14 done train_loss=4.4920 dt=20.0s
2026-07-16 07:31:36,357 [INFO] trainer: epoch 15 step 50/54 loss=4.2542 lr=2.00e-04
2026-07-16 07:31:37,787 [INFO] trainer: epoch 15 done train_loss=4.2394 dt=20.0s
2026-07-16 07:31:56,371 [INFO] trainer: epoch 16 step 50/54 loss=4.0209 lr=2.00e-04
2026-07-16 07:31:57,795 [INFO] trainer: epoch 16 done train_loss=4.0264 dt=20.0s
2026-07-16 07:32:16,504 [INFO] trainer: epoch 17 step 50/54 loss=3.8522 lr=2.00e-04
2026-07-16 07:32:17,930 [INFO] trainer: epoch 17 done train_loss=3.8474 dt=20.1s
2026-07-16 07:32:36,518 [INFO] trainer: epoch 18 step 50/54 loss=3.6796 lr=2.00e-04
2026-07-16 07:32:37,943 [INFO] trainer: epoch 18 done train_loss=3.6731 dt=20.0s
2026-07-16 07:32:56,461 [INFO] trainer: epoch 19 step 50/54 loss=3.5221 lr=2.00e-04
2026-07-16 07:32:57,885 [INFO] trainer: epoch 19 done train_loss=3.5166 dt=19.9s
2026-07-16 07:33:16,969 [INFO] trainer: epoch 20 step 50/54 loss=3.3610 lr=2.00e-04
2026-07-16 07:33:18,393 [INFO] trainer: epoch 20 done train_loss=3.3471 dt=20.5s
2026-07-16 07:33:37,546 [INFO] trainer: epoch 21 step 50/54 loss=3.2776 lr=2.00e-04
2026-07-16 07:33:38,972 [INFO] trainer: epoch 21 done train_loss=3.2800 dt=20.3s
2026-07-16 07:33:57,576 [INFO] trainer: epoch 22 step 50/54 loss=3.2078 lr=2.00e-04
2026-07-16 07:33:59,003 [INFO] trainer: epoch 22 done train_loss=3.2043 dt=20.0s
2026-07-16 07:34:17,482 [INFO] trainer: epoch 23 step 50/54 loss=3.1050 lr=2.00e-04
2026-07-16 07:34:18,907 [INFO] trainer: epoch 23 done train_loss=3.0983 dt=19.9s
2026-07-16 07:34:37,433 [INFO] trainer: epoch 24 step 50/54 loss=3.0377 lr=2.00e-04
2026-07-16 07:34:38,859 [INFO] trainer: epoch 24 done train_loss=3.0239 dt=20.0s
2026-07-16 07:34:57,516 [INFO] trainer: epoch 25 step 50/54 loss=2.9733 lr=2.00e-04
2026-07-16 07:34:58,942 [INFO] trainer: epoch 25 done train_loss=2.9715 dt=20.1s
2026-07-16 07:36:21,894 [INFO] trainer: epoch 25 val_mean_dice=0.0269
2026-07-16 07:36:40,801 [INFO] trainer: epoch 26 step 50/54 loss=2.8805 lr=1.99e-04
2026-07-16 07:36:42,228 [INFO] trainer: epoch 26 done train_loss=2.8906 dt=20.1s
2026-07-16 07:37:00,835 [INFO] trainer: epoch 27 step 50/54 loss=2.8336 lr=1.99e-04
2026-07-16 07:37:02,264 [INFO] trainer: epoch 27 done train_loss=2.8233 dt=20.0s
2026-07-16 07:37:20,857 [INFO] trainer: epoch 28 step 50/54 loss=2.7995 lr=1.99e-04
2026-07-16 07:37:22,285 [INFO] trainer: epoch 28 done train_loss=2.7998 dt=20.0s
2026-07-16 07:37:40,786 [INFO] trainer: epoch 29 step 50/54 loss=2.7252 lr=1.99e-04
2026-07-16 07:37:42,210 [INFO] trainer: epoch 29 done train_loss=2.7225 dt=19.9s
2026-07-16 07:38:00,952 [INFO] trainer: epoch 30 step 50/54 loss=2.6655 lr=1.99e-04
2026-07-16 07:38:02,381 [INFO] trainer: epoch 30 done train_loss=2.6667 dt=20.2s
2026-07-16 07:38:21,282 [INFO] trainer: epoch 31 step 50/54 loss=2.6150 lr=1.99e-04
2026-07-16 07:38:22,705 [INFO] trainer: epoch 31 done train_loss=2.6167 dt=20.0s
2026-07-16 07:38:41,400 [INFO] trainer: epoch 32 step 50/54 loss=2.6088 lr=1.99e-04
2026-07-16 07:38:42,826 [INFO] trainer: epoch 32 done train_loss=2.6011 dt=20.1s
2026-07-16 07:39:01,315 [INFO] trainer: epoch 33 step 50/54 loss=2.5256 lr=1.99e-04
2026-07-16 07:39:02,743 [INFO] trainer: epoch 33 done train_loss=2.5289 dt=19.9s
2026-07-16 07:39:21,292 [INFO] trainer: epoch 34 step 50/54 loss=2.5050 lr=1.99e-04
2026-07-16 07:39:22,717 [INFO] trainer: epoch 34 done train_loss=2.4960 dt=20.0s
2026-07-16 07:39:41,326 [INFO] trainer: epoch 35 step 50/54 loss=2.4901 lr=1.99e-04
2026-07-16 07:39:42,750 [INFO] trainer: epoch 35 done train_loss=2.4791 dt=20.0s
2026-07-16 07:40:01,369 [INFO] trainer: epoch 36 step 50/54 loss=2.4255 lr=1.99e-04
2026-07-16 07:40:02,792 [INFO] trainer: epoch 36 done train_loss=2.4259 dt=20.0s
2026-07-16 07:40:21,438 [INFO] trainer: epoch 37 step 50/54 loss=2.4011 lr=1.99e-04
2026-07-16 07:40:22,864 [INFO] trainer: epoch 37 done train_loss=2.4051 dt=20.1s
2026-07-16 07:40:41,419 [INFO] trainer: epoch 38 step 50/54 loss=2.3595 lr=1.98e-04
2026-07-16 07:40:42,843 [INFO] trainer: epoch 38 done train_loss=2.3554 dt=20.0s
2026-07-16 07:41:01,391 [INFO] trainer: epoch 39 step 50/54 loss=2.3246 lr=1.98e-04
2026-07-16 07:41:02,817 [INFO] trainer: epoch 39 done train_loss=2.3233 dt=20.0s
2026-07-16 07:41:21,524 [INFO] trainer: epoch 40 step 50/54 loss=2.3079 lr=1.98e-04
2026-07-16 07:41:22,948 [INFO] trainer: epoch 40 done train_loss=2.3096 dt=20.1s
2026-07-16 07:41:41,847 [INFO] trainer: epoch 41 step 50/54 loss=2.2664 lr=1.98e-04
2026-07-16 07:41:43,273 [INFO] trainer: epoch 41 done train_loss=2.2687 dt=20.0s
2026-07-16 07:42:01,874 [INFO] trainer: epoch 42 step 50/54 loss=2.2322 lr=1.98e-04
2026-07-16 07:42:03,302 [INFO] trainer: epoch 42 done train_loss=2.2339 dt=20.0s
2026-07-16 07:42:21,900 [INFO] trainer: epoch 43 step 50/54 loss=2.2060 lr=1.98e-04
2026-07-16 07:42:23,326 [INFO] trainer: epoch 43 done train_loss=2.2057 dt=20.0s
2026-07-16 07:42:41,920 [INFO] trainer: epoch 44 step 50/54 loss=2.1874 lr=1.98e-04
2026-07-16 07:42:43,343 [INFO] trainer: epoch 44 done train_loss=2.1990 dt=20.0s
2026-07-16 07:43:02,002 [INFO] trainer: epoch 45 step 50/54 loss=2.1605 lr=1.98e-04
2026-07-16 07:43:03,425 [INFO] trainer: epoch 45 done train_loss=2.1591 dt=20.1s
2026-07-16 07:43:22,150 [INFO] trainer: epoch 46 step 50/54 loss=2.1286 lr=1.97e-04
2026-07-16 07:43:23,577 [INFO] trainer: epoch 46 done train_loss=2.1237 dt=20.2s
2026-07-16 07:43:42,114 [INFO] trainer: epoch 47 step 50/54 loss=2.1126 lr=1.97e-04
2026-07-16 07:43:43,539 [INFO] trainer: epoch 47 done train_loss=2.1106 dt=20.0s
2026-07-16 07:44:02,212 [INFO] trainer: epoch 48 step 50/54 loss=2.0857 lr=1.97e-04
2026-07-16 07:44:03,638 [INFO] trainer: epoch 48 done train_loss=2.0926 dt=20.1s
2026-07-16 07:44:22,454 [INFO] trainer: epoch 49 step 50/54 loss=2.0583 lr=1.97e-04
2026-07-16 07:44:23,879 [INFO] trainer: epoch 49 done train_loss=2.0551 dt=20.2s
2026-07-16 07:44:42,428 [INFO] trainer: epoch 50 step 50/54 loss=2.0441 lr=1.97e-04
2026-07-16 07:44:43,854 [INFO] trainer: epoch 50 done train_loss=2.0417 dt=20.0s
2026-07-16 07:46:03,557 [INFO] trainer: epoch 50 val_mean_dice=0.2537
2026-07-16 07:46:22,706 [INFO] trainer: epoch 51 step 50/54 loss=2.0568 lr=1.97e-04
2026-07-16 07:46:24,128 [INFO] trainer: epoch 51 done train_loss=2.0562 dt=20.0s
2026-07-16 07:46:42,734 [INFO] trainer: epoch 52 step 50/54 loss=2.0216 lr=1.96e-04
2026-07-16 07:46:44,164 [INFO] trainer: epoch 52 done train_loss=2.0171 dt=20.0s
2026-07-16 07:47:02,687 [INFO] trainer: epoch 53 step 50/54 loss=2.0071 lr=1.96e-04
2026-07-16 07:47:04,112 [INFO] trainer: epoch 53 done train_loss=1.9990 dt=19.9s
2026-07-16 07:47:22,829 [INFO] trainer: epoch 54 step 50/54 loss=1.9570 lr=1.96e-04
2026-07-16 07:47:24,253 [INFO] trainer: epoch 54 done train_loss=1.9483 dt=20.1s
2026-07-16 07:47:42,870 [INFO] trainer: epoch 55 step 50/54 loss=1.9338 lr=1.96e-04
2026-07-16 07:47:44,299 [INFO] trainer: epoch 55 done train_loss=1.9262 dt=20.0s
2026-07-16 07:48:02,933 [INFO] trainer: epoch 56 step 50/54 loss=1.9095 lr=1.96e-04
2026-07-16 07:48:04,360 [INFO] trainer: epoch 56 done train_loss=1.9137 dt=20.1s
2026-07-16 07:48:22,864 [INFO] trainer: epoch 57 step 50/54 loss=1.9176 lr=1.96e-04
2026-07-16 07:48:24,291 [INFO] trainer: epoch 57 done train_loss=1.9174 dt=19.9s
2026-07-16 07:48:42,788 [INFO] trainer: epoch 58 step 50/54 loss=1.8846 lr=1.95e-04
2026-07-16 07:48:44,216 [INFO] trainer: epoch 58 done train_loss=1.8960 dt=19.9s
2026-07-16 07:49:02,876 [INFO] trainer: epoch 59 step 50/54 loss=1.8805 lr=1.95e-04
2026-07-16 07:49:04,304 [INFO] trainer: epoch 59 done train_loss=1.8752 dt=20.1s
2026-07-16 07:49:22,945 [INFO] trainer: epoch 60 step 50/54 loss=1.8557 lr=1.95e-04
2026-07-16 07:49:24,372 [INFO] trainer: epoch 60 done train_loss=1.8467 dt=20.1s
2026-07-16 07:49:43,411 [INFO] trainer: epoch 61 step 50/54 loss=1.8474 lr=1.95e-04
2026-07-16 07:49:44,836 [INFO] trainer: epoch 61 done train_loss=1.8427 dt=20.2s
2026-07-16 07:50:03,531 [INFO] trainer: epoch 62 step 50/54 loss=1.8540 lr=1.95e-04
2026-07-16 07:50:04,955 [INFO] trainer: epoch 62 done train_loss=1.8423 dt=20.1s
2026-07-16 07:50:23,418 [INFO] trainer: epoch 63 step 50/54 loss=1.8319 lr=1.94e-04
2026-07-16 07:50:24,847 [INFO] trainer: epoch 63 done train_loss=1.8282 dt=19.9s
2026-07-16 07:50:43,474 [INFO] trainer: epoch 64 step 50/54 loss=1.8069 lr=1.94e-04
2026-07-16 07:50:44,900 [INFO] trainer: epoch 64 done train_loss=1.8169 dt=20.1s
2026-07-16 07:51:03,424 [INFO] trainer: epoch 65 step 50/54 loss=1.7925 lr=1.94e-04
2026-07-16 07:51:04,852 [INFO] trainer: epoch 65 done train_loss=1.7886 dt=20.0s
2026-07-16 07:51:23,443 [INFO] trainer: epoch 66 step 50/54 loss=1.7472 lr=1.94e-04
2026-07-16 07:51:24,871 [INFO] trainer: epoch 66 done train_loss=1.7434 dt=20.0s
2026-07-16 07:51:43,443 [INFO] trainer: epoch 67 step 50/54 loss=1.7172 lr=1.93e-04
2026-07-16 07:51:44,870 [INFO] trainer: epoch 67 done train_loss=1.7127 dt=20.0s
2026-07-16 07:52:03,427 [INFO] trainer: epoch 68 step 50/54 loss=1.7451 lr=1.93e-04
2026-07-16 07:52:04,853 [INFO] trainer: epoch 68 done train_loss=1.7423 dt=20.0s
2026-07-16 07:52:23,400 [INFO] trainer: epoch 69 step 50/54 loss=1.7080 lr=1.93e-04
2026-07-16 07:52:24,827 [INFO] trainer: epoch 69 done train_loss=1.7046 dt=20.0s
2026-07-16 07:52:43,565 [INFO] trainer: epoch 70 step 50/54 loss=1.6864 lr=1.93e-04
2026-07-16 07:52:44,992 [INFO] trainer: epoch 70 done train_loss=1.7005 dt=20.2s
2026-07-16 07:53:03,965 [INFO] trainer: epoch 71 step 50/54 loss=1.6727 lr=1.93e-04
2026-07-16 07:53:05,391 [INFO] trainer: epoch 71 done train_loss=1.6739 dt=20.1s
2026-07-16 07:53:23,943 [INFO] trainer: epoch 72 step 50/54 loss=1.7157 lr=1.92e-04
2026-07-16 07:53:25,368 [INFO] trainer: epoch 72 done train_loss=1.7045 dt=20.0s
2026-07-16 07:53:43,876 [INFO] trainer: epoch 73 step 50/54 loss=1.6635 lr=1.92e-04
2026-07-16 07:53:45,303 [INFO] trainer: epoch 73 done train_loss=1.6614 dt=19.9s
2026-07-16 07:54:03,856 [INFO] trainer: epoch 74 step 50/54 loss=1.7041 lr=1.92e-04
2026-07-16 07:54:05,282 [INFO] trainer: epoch 74 done train_loss=1.7012 dt=20.0s
2026-07-16 07:54:23,833 [INFO] trainer: epoch 75 step 50/54 loss=1.6748 lr=1.92e-04
2026-07-16 07:54:25,257 [INFO] trainer: epoch 75 done train_loss=1.6654 dt=20.0s
2026-07-16 07:55:44,998 [INFO] trainer: epoch 75 val_mean_dice=0.5585
2026-07-16 07:56:03,897 [INFO] trainer: epoch 76 step 50/54 loss=1.6079 lr=1.91e-04
2026-07-16 07:56:05,321 [INFO] trainer: epoch 76 done train_loss=1.6194 dt=20.0s
2026-07-16 07:56:24,000 [INFO] trainer: epoch 77 step 50/54 loss=1.6082 lr=1.91e-04
2026-07-16 07:56:25,430 [INFO] trainer: epoch 77 done train_loss=1.6161 dt=20.1s
2026-07-16 07:56:44,041 [INFO] trainer: epoch 78 step 50/54 loss=1.6133 lr=1.91e-04
2026-07-16 07:56:45,469 [INFO] trainer: epoch 78 done train_loss=1.6087 dt=20.0s
2026-07-16 07:57:04,036 [INFO] trainer: epoch 79 step 50/54 loss=1.6201 lr=1.90e-04
2026-07-16 07:57:05,462 [INFO] trainer: epoch 79 done train_loss=1.6111 dt=20.0s
2026-07-16 07:57:24,234 [INFO] trainer: epoch 80 step 50/54 loss=1.6043 lr=1.90e-04
2026-07-16 07:57:25,660 [INFO] trainer: epoch 80 done train_loss=1.6021 dt=20.2s
2026-07-16 07:57:44,639 [INFO] trainer: epoch 81 step 50/54 loss=1.5451 lr=1.90e-04
2026-07-16 07:57:46,067 [INFO] trainer: epoch 81 done train_loss=1.5594 dt=20.1s
2026-07-16 07:58:04,712 [INFO] trainer: epoch 82 step 50/54 loss=1.5882 lr=1.90e-04
2026-07-16 07:58:06,136 [INFO] trainer: epoch 82 done train_loss=1.5863 dt=20.1s
2026-07-16 07:58:24,822 [INFO] trainer: epoch 83 step 50/54 loss=1.5547 lr=1.89e-04
2026-07-16 07:58:26,249 [INFO] trainer: epoch 83 done train_loss=1.5583 dt=20.1s
2026-07-16 07:58:44,773 [INFO] trainer: epoch 84 step 50/54 loss=1.5573 lr=1.89e-04
2026-07-16 07:58:46,199 [INFO] trainer: epoch 84 done train_loss=1.5675 dt=19.9s
2026-07-16 07:59:04,714 [INFO] trainer: epoch 85 step 50/54 loss=1.5082 lr=1.89e-04
2026-07-16 07:59:06,141 [INFO] trainer: epoch 85 done train_loss=1.5040 dt=19.9s
2026-07-16 07:59:24,700 [INFO] trainer: epoch 86 step 50/54 loss=1.5251 lr=1.88e-04
2026-07-16 07:59:26,125 [INFO] trainer: epoch 86 done train_loss=1.5271 dt=20.0s
2026-07-16 07:59:44,773 [INFO] trainer: epoch 87 step 50/54 loss=1.5267 lr=1.88e-04
2026-07-16 07:59:46,201 [INFO] trainer: epoch 87 done train_loss=1.5200 dt=20.1s
2026-07-16 08:00:05,039 [INFO] trainer: epoch 88 step 50/54 loss=1.5426 lr=1.88e-04
2026-07-16 08:00:06,467 [INFO] trainer: epoch 88 done train_loss=1.5410 dt=20.3s
2026-07-16 08:00:25,066 [INFO] trainer: epoch 89 step 50/54 loss=1.5330 lr=1.88e-04
2026-07-16 08:00:26,495 [INFO] trainer: epoch 89 done train_loss=1.5253 dt=20.0s
2026-07-16 08:00:45,034 [INFO] trainer: epoch 90 step 50/54 loss=1.5191 lr=1.87e-04
2026-07-16 08:00:46,462 [INFO] trainer: epoch 90 done train_loss=1.5114 dt=20.0s
2026-07-16 08:01:05,406 [INFO] trainer: epoch 91 step 50/54 loss=1.4887 lr=1.87e-04
2026-07-16 08:01:06,831 [INFO] trainer: epoch 91 done train_loss=1.4858 dt=20.1s
2026-07-16 08:01:25,450 [INFO] trainer: epoch 92 step 50/54 loss=1.4665 lr=1.87e-04
2026-07-16 08:01:26,880 [INFO] trainer: epoch 92 done train_loss=1.4652 dt=20.0s
2026-07-16 08:01:45,480 [INFO] trainer: epoch 93 step 50/54 loss=1.5042 lr=1.86e-04
2026-07-16 08:01:46,907 [INFO] trainer: epoch 93 done train_loss=1.4970 dt=20.0s
2026-07-16 08:02:05,608 [INFO] trainer: epoch 94 step 50/54 loss=1.4402 lr=1.86e-04
2026-07-16 08:02:07,035 [INFO] trainer: epoch 94 done train_loss=1.4546 dt=20.1s
2026-07-16 08:02:25,636 [INFO] trainer: epoch 95 step 50/54 loss=1.4779 lr=1.86e-04
2026-07-16 08:02:27,062 [INFO] trainer: epoch 95 done train_loss=1.4887 dt=20.0s
2026-07-16 08:02:45,596 [INFO] trainer: epoch 96 step 50/54 loss=1.4448 lr=1.85e-04
2026-07-16 08:02:47,022 [INFO] trainer: epoch 96 done train_loss=1.4514 dt=20.0s
2026-07-16 08:03:05,626 [INFO] trainer: epoch 97 step 50/54 loss=1.4739 lr=1.85e-04
2026-07-16 08:03:25,893 [INFO] trainer: epoch 97 done train_loss=1.4655 dt=38.9s
2026-07-16 08:03:47,941 [INFO] trainer: epoch 98 step 50/54 loss=1.4364 lr=1.85e-04
2026-07-16 08:03:49,370 [INFO] trainer: epoch 98 done train_loss=1.4337 dt=20.0s
2026-07-16 08:04:08,036 [INFO] trainer: epoch 99 step 50/54 loss=1.4705 lr=1.84e-04
2026-07-16 08:04:09,462 [INFO] trainer: epoch 99 done train_loss=1.4670 dt=20.1s
2026-07-16 08:04:28,072 [INFO] trainer: epoch 100 step 50/54 loss=1.4418 lr=1.84e-04
2026-07-16 08:04:29,500 [INFO] trainer: epoch 100 done train_loss=1.4354 dt=20.0s
2026-07-16 08:05:49,213 [INFO] trainer: epoch 100 val_mean_dice=0.6729
2026-07-16 08:06:08,935 [INFO] trainer: epoch 101 step 50/54 loss=1.4141 lr=1.84e-04
2026-07-16 08:06:10,362 [INFO] trainer: epoch 101 done train_loss=1.4229 dt=20.3s
2026-07-16 08:06:29,017 [INFO] trainer: epoch 102 step 50/54 loss=1.4294 lr=1.83e-04
2026-07-16 08:06:30,444 [INFO] trainer: epoch 102 done train_loss=1.4191 dt=20.1s
2026-07-16 08:06:48,968 [INFO] trainer: epoch 103 step 50/54 loss=1.4246 lr=1.83e-04
2026-07-16 08:06:50,393 [INFO] trainer: epoch 103 done train_loss=1.4263 dt=19.9s
2026-07-16 08:07:08,904 [INFO] trainer: epoch 104 step 50/54 loss=1.4157 lr=1.82e-04
2026-07-16 08:07:10,329 [INFO] trainer: epoch 104 done train_loss=1.4134 dt=19.9s
2026-07-16 08:07:28,878 [INFO] trainer: epoch 105 step 50/54 loss=1.4391 lr=1.82e-04
2026-07-16 08:07:30,303 [INFO] trainer: epoch 105 done train_loss=1.4462 dt=20.0s
2026-07-16 08:07:48,789 [INFO] trainer: epoch 106 step 50/54 loss=1.4352 lr=1.82e-04
2026-07-16 08:07:50,214 [INFO] trainer: epoch 106 done train_loss=1.4281 dt=19.9s
2026-07-16 08:08:08,869 [INFO] trainer: epoch 107 step 50/54 loss=1.3613 lr=1.81e-04
2026-07-16 08:08:10,295 [INFO] trainer: epoch 107 done train_loss=1.3697 dt=20.1s
2026-07-16 08:08:28,840 [INFO] trainer: epoch 108 step 50/54 loss=1.4172 lr=1.81e-04
2026-07-16 08:08:30,265 [INFO] trainer: epoch 108 done train_loss=1.4159 dt=20.0s
2026-07-16 08:08:48,703 [INFO] trainer: epoch 109 step 50/54 loss=1.3995 lr=1.81e-04
2026-07-16 08:08:50,127 [INFO] trainer: epoch 109 done train_loss=1.4144 dt=19.9s
2026-07-16 08:09:08,794 [INFO] trainer: epoch 110 step 50/54 loss=1.3825 lr=1.80e-04
2026-07-16 08:09:10,222 [INFO] trainer: epoch 110 done train_loss=1.3864 dt=20.1s
2026-07-16 08:09:28,938 [INFO] trainer: epoch 111 step 50/54 loss=1.4153 lr=1.80e-04
2026-07-16 08:09:30,365 [INFO] trainer: epoch 111 done train_loss=1.4144 dt=19.8s
2026-07-16 08:09:49,130 [INFO] trainer: epoch 112 step 50/54 loss=1.3931 lr=1.79e-04
2026-07-16 08:09:50,556 [INFO] trainer: epoch 112 done train_loss=1.3915 dt=20.2s
2026-07-16 08:10:08,999 [INFO] trainer: epoch 113 step 50/54 loss=1.4114 lr=1.79e-04
2026-07-16 08:10:10,426 [INFO] trainer: epoch 113 done train_loss=1.4048 dt=19.9s
2026-07-16 08:10:29,071 [INFO] trainer: epoch 114 step 50/54 loss=1.3809 lr=1.79e-04
2026-07-16 08:10:30,496 [INFO] trainer: epoch 114 done train_loss=1.3827 dt=20.1s
2026-07-16 08:10:48,989 [INFO] trainer: epoch 115 step 50/54 loss=1.3918 lr=1.78e-04
2026-07-16 08:10:50,416 [INFO] trainer: epoch 115 done train_loss=1.3938 dt=19.9s
2026-07-16 08:11:08,950 [INFO] trainer: epoch 116 step 50/54 loss=1.3760 lr=1.78e-04
2026-07-16 08:11:10,372 [INFO] trainer: epoch 116 done train_loss=1.3745 dt=20.0s
2026-07-16 08:11:28,906 [INFO] trainer: epoch 117 step 50/54 loss=1.3738 lr=1.78e-04
2026-07-16 08:11:30,329 [INFO] trainer: epoch 117 done train_loss=1.3804 dt=20.0s
2026-07-16 08:11:49,000 [INFO] trainer: epoch 118 step 50/54 loss=1.3741 lr=1.77e-04
2026-07-16 08:11:50,427 [INFO] trainer: epoch 118 done train_loss=1.3880 dt=20.1s
2026-07-16 08:12:08,939 [INFO] trainer: epoch 119 step 50/54 loss=1.3887 lr=1.77e-04
2026-07-16 08:12:10,361 [INFO] trainer: epoch 119 done train_loss=1.3759 dt=19.9s
2026-07-16 08:12:28,859 [INFO] trainer: epoch 120 step 50/54 loss=1.3289 lr=1.76e-04
2026-07-16 08:12:30,286 [INFO] trainer: epoch 120 done train_loss=1.3233 dt=19.9s
2026-07-16 08:12:49,214 [INFO] trainer: epoch 121 step 50/54 loss=1.3422 lr=1.76e-04
2026-07-16 08:12:50,639 [INFO] trainer: epoch 121 done train_loss=1.3599 dt=20.1s
2026-07-16 08:13:09,348 [INFO] trainer: epoch 122 step 50/54 loss=1.3874 lr=1.75e-04
2026-07-16 08:13:10,775 [INFO] trainer: epoch 122 done train_loss=1.3862 dt=20.1s
2026-07-16 08:13:29,510 [INFO] trainer: epoch 123 step 50/54 loss=1.3460 lr=1.75e-04
2026-07-16 08:13:30,934 [INFO] trainer: epoch 123 done train_loss=1.3338 dt=20.2s
2026-07-16 08:13:49,608 [INFO] trainer: epoch 124 step 50/54 loss=1.3651 lr=1.75e-04
2026-07-16 08:13:51,034 [INFO] trainer: epoch 124 done train_loss=1.3748 dt=20.1s
2026-07-16 08:14:09,710 [INFO] trainer: epoch 125 step 50/54 loss=1.3514 lr=1.74e-04
2026-07-16 08:14:11,138 [INFO] trainer: epoch 125 done train_loss=1.3656 dt=20.1s
2026-07-16 08:15:30,807 [INFO] trainer: epoch 125 val_mean_dice=0.7095
2026-07-16 08:15:49,678 [INFO] trainer: epoch 126 step 50/54 loss=1.3188 lr=1.74e-04
2026-07-16 08:15:51,104 [INFO] trainer: epoch 126 done train_loss=1.3256 dt=20.0s
2026-07-16 08:16:09,727 [INFO] trainer: epoch 127 step 50/54 loss=1.3040 lr=1.73e-04
2026-07-16 08:16:11,157 [INFO] trainer: epoch 127 done train_loss=1.3080 dt=20.1s
2026-07-16 08:16:29,685 [INFO] trainer: epoch 128 step 50/54 loss=1.3515 lr=1.73e-04
2026-07-16 08:16:31,111 [INFO] trainer: epoch 128 done train_loss=1.3555 dt=20.0s
2026-07-16 08:16:49,780 [INFO] trainer: epoch 129 step 50/54 loss=1.3381 lr=1.72e-04
2026-07-16 08:16:51,206 [INFO] trainer: epoch 129 done train_loss=1.3342 dt=20.1s
2026-07-16 08:17:09,696 [INFO] trainer: epoch 130 step 50/54 loss=1.3708 lr=1.72e-04
2026-07-16 08:17:11,121 [INFO] trainer: epoch 130 done train_loss=1.3624 dt=19.9s
2026-07-16 08:17:30,109 [INFO] trainer: epoch 131 step 50/54 loss=1.3166 lr=1.72e-04
2026-07-16 08:17:31,535 [INFO] trainer: epoch 131 done train_loss=1.3260 dt=20.1s
2026-07-16 08:17:50,208 [INFO] trainer: epoch 132 step 50/54 loss=1.3341 lr=1.71e-04
2026-07-16 08:17:51,631 [INFO] trainer: epoch 132 done train_loss=1.3246 dt=20.1s
2026-07-16 08:18:10,161 [INFO] trainer: epoch 133 step 50/54 loss=1.3020 lr=1.71e-04
2026-07-16 08:18:11,586 [INFO] trainer: epoch 133 done train_loss=1.3130 dt=20.0s
2026-07-16 08:18:30,201 [INFO] trainer: epoch 134 step 50/54 loss=1.3095 lr=1.70e-04
2026-07-16 08:18:31,629 [INFO] trainer: epoch 134 done train_loss=1.3175 dt=20.0s
2026-07-16 08:18:50,206 [INFO] trainer: epoch 135 step 50/54 loss=1.3339 lr=1.70e-04
2026-07-16 08:18:51,631 [INFO] trainer: epoch 135 done train_loss=1.3276 dt=20.0s
2026-07-16 08:19:10,245 [INFO] trainer: epoch 136 step 50/54 loss=1.3337 lr=1.69e-04
2026-07-16 08:19:11,671 [INFO] trainer: epoch 136 done train_loss=1.3287 dt=20.0s
2026-07-16 08:19:30,321 [INFO] trainer: epoch 137 step 50/54 loss=1.3339 lr=1.69e-04
2026-07-16 08:19:31,744 [INFO] trainer: epoch 137 done train_loss=1.3354 dt=20.1s
2026-07-16 08:19:50,295 [INFO] trainer: epoch 138 step 50/54 loss=1.2919 lr=1.68e-04
2026-07-16 08:19:51,718 [INFO] trainer: epoch 138 done train_loss=1.2970 dt=20.0s
2026-07-16 08:20:10,325 [INFO] trainer: epoch 139 step 50/54 loss=1.3335 lr=1.68e-04
2026-07-16 08:20:11,750 [INFO] trainer: epoch 139 done train_loss=1.3321 dt=20.0s
2026-07-16 08:20:30,443 [INFO] trainer: epoch 140 step 50/54 loss=1.2840 lr=1.67e-04
2026-07-16 08:20:31,867 [INFO] trainer: epoch 140 done train_loss=1.2868 dt=20.1s
2026-07-16 08:20:50,863 [INFO] trainer: epoch 141 step 50/54 loss=1.3159 lr=1.67e-04
2026-07-16 08:20:52,291 [INFO] trainer: epoch 141 done train_loss=1.3210 dt=20.1s
2026-07-16 08:21:10,878 [INFO] trainer: epoch 142 step 50/54 loss=1.3273 lr=1.66e-04
2026-07-16 08:21:12,308 [INFO] trainer: epoch 142 done train_loss=1.3290 dt=20.0s
2026-07-16 08:21:30,914 [INFO] trainer: epoch 143 step 50/54 loss=1.2800 lr=1.66e-04
2026-07-16 08:21:32,340 [INFO] trainer: epoch 143 done train_loss=1.2784 dt=20.0s
2026-07-16 08:21:50,848 [INFO] trainer: epoch 144 step 50/54 loss=1.3041 lr=1.66e-04
2026-07-16 08:21:52,274 [INFO] trainer: epoch 144 done train_loss=1.2980 dt=19.9s
2026-07-16 08:22:10,826 [INFO] trainer: epoch 145 step 50/54 loss=1.3208 lr=1.65e-04
2026-07-16 08:22:12,253 [INFO] trainer: epoch 145 done train_loss=1.3149 dt=20.0s
2026-07-16 08:22:31,026 [INFO] trainer: epoch 146 step 50/54 loss=1.3295 lr=1.65e-04
2026-07-16 08:22:32,453 [INFO] trainer: epoch 146 done train_loss=1.3237 dt=20.2s
2026-07-16 08:22:50,992 [INFO] trainer: epoch 147 step 50/54 loss=1.2988 lr=1.64e-04
2026-07-16 08:22:52,417 [INFO] trainer: epoch 147 done train_loss=1.3032 dt=20.0s
2026-07-16 08:23:11,006 [INFO] trainer: epoch 148 step 50/54 loss=1.2920 lr=1.64e-04
2026-07-16 08:23:12,430 [INFO] trainer: epoch 148 done train_loss=1.2886 dt=20.0s
2026-07-16 08:23:31,036 [INFO] trainer: epoch 149 step 50/54 loss=1.2957 lr=1.63e-04
2026-07-16 08:23:32,463 [INFO] trainer: epoch 149 done train_loss=1.2947 dt=20.0s
2026-07-16 08:23:50,925 [INFO] trainer: epoch 150 step 50/54 loss=1.2661 lr=1.63e-04
2026-07-16 08:23:52,351 [INFO] trainer: epoch 150 done train_loss=1.2820 dt=19.9s
2026-07-16 08:25:12,520 [INFO] trainer: epoch 150 val_mean_dice=0.7127
2026-07-16 08:25:31,638 [INFO] trainer: epoch 151 step 50/54 loss=1.2796 lr=1.62e-04
2026-07-16 08:25:33,065 [INFO] trainer: epoch 151 done train_loss=1.2886 dt=20.0s
2026-07-16 08:25:51,739 [INFO] trainer: epoch 152 step 50/54 loss=1.3177 lr=1.62e-04
2026-07-16 08:25:53,165 [INFO] trainer: epoch 152 done train_loss=1.3199 dt=20.1s
2026-07-16 08:26:11,856 [INFO] trainer: epoch 153 step 50/54 loss=1.2594 lr=1.61e-04
2026-07-16 08:26:13,285 [INFO] trainer: epoch 153 done train_loss=1.2575 dt=20.1s
2026-07-16 08:26:32,121 [INFO] trainer: epoch 154 step 50/54 loss=1.2857 lr=1.61e-04
2026-07-16 08:26:33,551 [INFO] trainer: epoch 154 done train_loss=1.2854 dt=20.3s
2026-07-16 08:26:52,134 [INFO] trainer: epoch 155 step 50/54 loss=1.3129 lr=1.60e-04
2026-07-16 08:26:53,561 [INFO] trainer: epoch 155 done train_loss=1.3132 dt=20.0s
2026-07-16 08:27:12,202 [INFO] trainer: epoch 156 step 50/54 loss=1.2744 lr=1.60e-04
2026-07-16 08:27:13,630 [INFO] trainer: epoch 156 done train_loss=1.3104 dt=20.1s
2026-07-16 08:27:32,199 [INFO] trainer: epoch 157 step 50/54 loss=1.3161 lr=1.59e-04
2026-07-16 08:27:33,628 [INFO] trainer: epoch 157 done train_loss=1.3159 dt=20.0s
2026-07-16 08:27:52,411 [INFO] trainer: epoch 158 step 50/54 loss=1.2907 lr=1.59e-04
2026-07-16 08:27:53,837 [INFO] trainer: epoch 158 done train_loss=1.3030 dt=20.2s
2026-07-16 08:28:12,391 [INFO] trainer: epoch 159 step 50/54 loss=1.3023 lr=1.58e-04
2026-07-16 08:28:13,820 [INFO] trainer: epoch 159 done train_loss=1.2997 dt=20.0s
2026-07-16 08:28:32,396 [INFO] trainer: epoch 160 step 50/54 loss=1.3171 lr=1.57e-04
2026-07-16 08:28:33,825 [INFO] trainer: epoch 160 done train_loss=1.3146 dt=20.0s
2026-07-16 08:28:52,616 [INFO] trainer: epoch 161 step 50/54 loss=1.3129 lr=1.57e-04
2026-07-16 08:28:54,043 [INFO] trainer: epoch 161 done train_loss=1.3151 dt=19.9s
2026-07-16 08:29:12,700 [INFO] trainer: epoch 162 step 50/54 loss=1.2708 lr=1.56e-04
2026-07-16 08:29:14,128 [INFO] trainer: epoch 162 done train_loss=1.2645 dt=20.1s
2026-07-16 08:29:32,827 [INFO] trainer: epoch 163 step 50/54 loss=1.3206 lr=1.56e-04
2026-07-16 08:29:34,252 [INFO] trainer: epoch 163 done train_loss=1.3148 dt=20.1s
2026-07-16 08:29:52,834 [INFO] trainer: epoch 164 step 50/54 loss=1.2459 lr=1.55e-04
2026-07-16 08:29:54,260 [INFO] trainer: epoch 164 done train_loss=1.2363 dt=20.0s
2026-07-16 08:30:12,798 [INFO] trainer: epoch 165 step 50/54 loss=1.1773 lr=1.55e-04
2026-07-16 08:30:14,225 [INFO] trainer: epoch 165 done train_loss=1.1806 dt=20.0s
2026-07-16 08:30:32,810 [INFO] trainer: epoch 166 step 50/54 loss=1.2412 lr=1.54e-04
2026-07-16 08:30:34,237 [INFO] trainer: epoch 166 done train_loss=1.2378 dt=20.0s
2026-07-16 08:30:52,857 [INFO] trainer: epoch 167 step 50/54 loss=1.2655 lr=1.54e-04
2026-07-16 08:30:54,287 [INFO] trainer: epoch 167 done train_loss=1.2668 dt=20.0s
2026-07-16 08:31:13,142 [INFO] trainer: epoch 168 step 50/54 loss=1.3482 lr=1.53e-04
2026-07-16 08:31:14,569 [INFO] trainer: epoch 168 done train_loss=1.3474 dt=20.3s
2026-07-16 08:31:33,359 [INFO] trainer: epoch 169 step 50/54 loss=1.2426 lr=1.53e-04
2026-07-16 08:31:34,790 [INFO] trainer: epoch 169 done train_loss=1.2522 dt=20.2s
2026-07-16 08:31:53,433 [INFO] trainer: epoch 170 step 50/54 loss=1.2525 lr=1.52e-04
2026-07-16 08:31:54,857 [INFO] trainer: epoch 170 done train_loss=1.2600 dt=20.1s
2026-07-16 08:32:13,915 [INFO] trainer: epoch 171 step 50/54 loss=1.2434 lr=1.52e-04
2026-07-16 08:32:15,340 [INFO] trainer: epoch 171 done train_loss=1.2344 dt=20.2s
2026-07-16 08:32:33,935 [INFO] trainer: epoch 172 step 50/54 loss=1.2361 lr=1.51e-04
2026-07-16 08:32:35,360 [INFO] trainer: epoch 172 done train_loss=1.2433 dt=20.0s
2026-07-16 08:32:53,956 [INFO] trainer: epoch 173 step 50/54 loss=1.2552 lr=1.50e-04
2026-07-16 08:32:55,381 [INFO] trainer: epoch 173 done train_loss=1.2609 dt=20.0s
2026-07-16 08:33:14,098 [INFO] trainer: epoch 174 step 50/54 loss=1.2742 lr=1.50e-04
2026-07-16 08:33:15,525 [INFO] trainer: epoch 174 done train_loss=1.2738 dt=20.1s
2026-07-16 08:33:34,130 [INFO] trainer: epoch 175 step 50/54 loss=1.2823 lr=1.49e-04
2026-07-16 08:33:35,555 [INFO] trainer: epoch 175 done train_loss=1.2708 dt=20.0s
2026-07-16 08:34:58,610 [INFO] trainer: epoch 175 val_mean_dice=0.7255
2026-07-16 08:35:17,344 [INFO] trainer: epoch 176 step 50/54 loss=1.2863 lr=1.49e-04
2026-07-16 08:35:18,770 [INFO] trainer: epoch 176 done train_loss=1.2764 dt=19.9s
2026-07-16 08:35:37,312 [INFO] trainer: epoch 177 step 50/54 loss=1.2173 lr=1.48e-04
2026-07-16 08:35:38,738 [INFO] trainer: epoch 177 done train_loss=1.2062 dt=20.0s
2026-07-16 08:35:57,392 [INFO] trainer: epoch 178 step 50/54 loss=1.2677 lr=1.48e-04
2026-07-16 08:35:58,821 [INFO] trainer: epoch 178 done train_loss=1.2714 dt=20.1s
2026-07-16 08:36:17,383 [INFO] trainer: epoch 179 step 50/54 loss=1.2363 lr=1.47e-04
2026-07-16 08:36:18,807 [INFO] trainer: epoch 179 done train_loss=1.2309 dt=20.0s
2026-07-16 08:36:37,472 [INFO] trainer: epoch 180 step 50/54 loss=1.2114 lr=1.47e-04
2026-07-16 08:36:38,902 [INFO] trainer: epoch 180 done train_loss=1.2088 dt=20.1s
2026-07-16 08:36:57,774 [INFO] trainer: epoch 181 step 50/54 loss=1.2591 lr=1.46e-04
2026-07-16 08:36:59,199 [INFO] trainer: epoch 181 done train_loss=1.2668 dt=20.0s
2026-07-16 08:37:17,792 [INFO] trainer: epoch 182 step 50/54 loss=1.2428 lr=1.45e-04
2026-07-16 08:37:19,220 [INFO] trainer: epoch 182 done train_loss=1.2354 dt=20.0s
2026-07-16 08:37:37,883 [INFO] trainer: epoch 183 step 50/54 loss=1.2430 lr=1.45e-04
2026-07-16 08:37:39,317 [INFO] trainer: epoch 183 done train_loss=1.2464 dt=20.1s
2026-07-16 08:37:57,870 [INFO] trainer: epoch 184 step 50/54 loss=1.2441 lr=1.44e-04
2026-07-16 08:37:59,296 [INFO] trainer: epoch 184 done train_loss=1.2511 dt=20.0s
2026-07-16 08:38:17,978 [INFO] trainer: epoch 185 step 50/54 loss=1.2365 lr=1.44e-04
2026-07-16 08:38:19,406 [INFO] trainer: epoch 185 done train_loss=1.2247 dt=20.1s
2026-07-16 08:38:38,048 [INFO] trainer: epoch 186 step 50/54 loss=1.2573 lr=1.43e-04
2026-07-16 08:38:39,475 [INFO] trainer: epoch 186 done train_loss=1.2669 dt=20.1s
2026-07-16 08:38:58,147 [INFO] trainer: epoch 187 step 50/54 loss=1.2730 lr=1.43e-04
2026-07-16 08:38:59,573 [INFO] trainer: epoch 187 done train_loss=1.2809 dt=20.1s
2026-07-16 08:39:18,159 [INFO] trainer: epoch 188 step 50/54 loss=1.2533 lr=1.42e-04
2026-07-16 08:39:19,585 [INFO] trainer: epoch 188 done train_loss=1.2375 dt=20.0s
2026-07-16 08:39:38,278 [INFO] trainer: epoch 189 step 50/54 loss=1.2039 lr=1.41e-04
2026-07-16 08:39:39,704 [INFO] trainer: epoch 189 done train_loss=1.2210 dt=20.1s
2026-07-16 08:39:58,431 [INFO] trainer: epoch 190 step 50/54 loss=1.2762 lr=1.41e-04
2026-07-16 08:39:59,859 [INFO] trainer: epoch 190 done train_loss=1.2704 dt=20.2s
2026-07-16 08:40:18,772 [INFO] trainer: epoch 191 step 50/54 loss=1.2018 lr=1.40e-04
2026-07-16 08:40:20,195 [INFO] trainer: epoch 191 done train_loss=1.2023 dt=20.0s
2026-07-16 08:40:38,800 [INFO] trainer: epoch 192 step 50/54 loss=1.2384 lr=1.40e-04
2026-07-16 08:40:40,226 [INFO] trainer: epoch 192 done train_loss=1.2383 dt=20.0s
2026-07-16 08:40:58,815 [INFO] trainer: epoch 193 step 50/54 loss=1.2135 lr=1.39e-04
2026-07-16 08:41:00,243 [INFO] trainer: epoch 193 done train_loss=1.2246 dt=20.0s
2026-07-16 08:41:18,857 [INFO] trainer: epoch 194 step 50/54 loss=1.2696 lr=1.38e-04
2026-07-16 08:41:20,281 [INFO] trainer: epoch 194 done train_loss=1.2622 dt=20.0s
2026-07-16 08:41:39,033 [INFO] trainer: epoch 195 step 50/54 loss=1.2027 lr=1.38e-04
2026-07-16 08:41:40,459 [INFO] trainer: epoch 195 done train_loss=1.2095 dt=20.2s
2026-07-16 08:41:58,887 [INFO] trainer: epoch 196 step 50/54 loss=1.2544 lr=1.37e-04
2026-07-16 08:42:00,313 [INFO] trainer: epoch 196 done train_loss=1.2466 dt=19.9s
2026-07-16 08:42:18,929 [INFO] trainer: epoch 197 step 50/54 loss=1.2233 lr=1.37e-04
2026-07-16 08:42:20,353 [INFO] trainer: epoch 197 done train_loss=1.2329 dt=20.0s
2026-07-16 08:42:38,894 [INFO] trainer: epoch 198 step 50/54 loss=1.2329 lr=1.36e-04
2026-07-16 08:42:40,321 [INFO] trainer: epoch 198 done train_loss=1.2214 dt=20.0s
2026-07-16 08:42:59,079 [INFO] trainer: epoch 199 step 50/54 loss=1.2233 lr=1.36e-04
2026-07-16 08:43:00,504 [INFO] trainer: epoch 199 done train_loss=1.2388 dt=20.2s
2026-07-16 08:43:19,055 [INFO] trainer: epoch 200 step 50/54 loss=1.1936 lr=1.35e-04
2026-07-16 08:43:20,484 [INFO] trainer: epoch 200 done train_loss=1.1985 dt=20.0s
2026-07-16 08:44:40,188 [INFO] trainer: epoch 200 val_mean_dice=0.7334
2026-07-16 08:44:59,451 [INFO] trainer: epoch 201 step 50/54 loss=1.2380 lr=1.34e-04
2026-07-16 08:45:00,876 [INFO] trainer: epoch 201 done train_loss=1.2266 dt=20.0s
2026-07-16 08:45:19,516 [INFO] trainer: epoch 202 step 50/54 loss=1.2248 lr=1.34e-04
2026-07-16 08:45:20,938 [INFO] trainer: epoch 202 done train_loss=1.2258 dt=20.1s
2026-07-16 08:45:39,592 [INFO] trainer: epoch 203 step 50/54 loss=1.2243 lr=1.33e-04
2026-07-16 08:45:41,017 [INFO] trainer: epoch 203 done train_loss=1.2220 dt=20.1s
2026-07-16 08:45:59,513 [INFO] trainer: epoch 204 step 50/54 loss=1.2164 lr=1.33e-04
2026-07-16 08:46:00,939 [INFO] trainer: epoch 204 done train_loss=1.2063 dt=19.9s
2026-07-16 08:46:19,422 [INFO] trainer: epoch 205 step 50/54 loss=1.2264 lr=1.32e-04
2026-07-16 08:46:20,846 [INFO] trainer: epoch 205 done train_loss=1.2276 dt=19.9s
2026-07-16 08:46:39,404 [INFO] trainer: epoch 206 step 50/54 loss=1.2362 lr=1.31e-04
2026-07-16 08:46:40,829 [INFO] trainer: epoch 206 done train_loss=1.2275 dt=20.0s
2026-07-16 08:46:59,549 [INFO] trainer: epoch 207 step 50/54 loss=1.2532 lr=1.31e-04
2026-07-16 08:47:00,972 [INFO] trainer: epoch 207 done train_loss=1.2526 dt=20.1s
2026-07-16 08:47:19,634 [INFO] trainer: epoch 208 step 50/54 loss=1.2331 lr=1.30e-04
2026-07-16 08:47:21,059 [INFO] trainer: epoch 208 done train_loss=1.2360 dt=20.1s
2026-07-16 08:47:39,754 [INFO] trainer: epoch 209 step 50/54 loss=1.1833 lr=1.29e-04
2026-07-16 08:47:41,179 [INFO] trainer: epoch 209 done train_loss=1.1864 dt=20.1s
2026-07-16 08:47:59,837 [INFO] trainer: epoch 210 step 50/54 loss=1.1609 lr=1.29e-04
2026-07-16 08:48:01,262 [INFO] trainer: epoch 210 done train_loss=1.1560 dt=20.1s
2026-07-16 08:48:20,371 [INFO] trainer: epoch 211 step 50/54 loss=1.2597 lr=1.28e-04
2026-07-16 08:48:21,796 [INFO] trainer: epoch 211 done train_loss=1.2583 dt=20.2s
2026-07-16 08:48:40,456 [INFO] trainer: epoch 212 step 50/54 loss=1.2125 lr=1.28e-04
2026-07-16 08:48:41,880 [INFO] trainer: epoch 212 done train_loss=1.2157 dt=20.1s
2026-07-16 08:49:00,526 [INFO] trainer: epoch 213 step 50/54 loss=1.2257 lr=1.27e-04
2026-07-16 08:49:01,960 [INFO] trainer: epoch 213 done train_loss=1.2072 dt=20.1s
2026-07-16 08:49:20,576 [INFO] trainer: epoch 214 step 50/54 loss=1.2206 lr=1.26e-04
2026-07-16 08:49:22,004 [INFO] trainer: epoch 214 done train_loss=1.2136 dt=20.0s
2026-07-16 08:49:40,546 [INFO] trainer: epoch 215 step 50/54 loss=1.1922 lr=1.26e-04
2026-07-16 08:49:41,968 [INFO] trainer: epoch 215 done train_loss=1.2066 dt=20.0s
2026-07-16 08:50:00,613 [INFO] trainer: epoch 216 step 50/54 loss=1.2235 lr=1.25e-04
2026-07-16 08:50:02,038 [INFO] trainer: epoch 216 done train_loss=1.2197 dt=20.1s
2026-07-16 08:50:20,516 [INFO] trainer: epoch 217 step 50/54 loss=1.2320 lr=1.25e-04
2026-07-16 08:50:21,948 [INFO] trainer: epoch 217 done train_loss=1.2306 dt=19.9s
2026-07-16 08:50:40,577 [INFO] trainer: epoch 218 step 50/54 loss=1.2017 lr=1.24e-04
2026-07-16 08:50:42,001 [INFO] trainer: epoch 218 done train_loss=1.2016 dt=20.1s
2026-07-16 08:51:00,627 [INFO] trainer: epoch 219 step 50/54 loss=1.2131 lr=1.23e-04
2026-07-16 08:51:02,054 [INFO] trainer: epoch 219 done train_loss=1.2145 dt=20.1s
2026-07-16 08:51:20,635 [INFO] trainer: epoch 220 step 50/54 loss=1.2046 lr=1.23e-04
2026-07-16 08:51:22,058 [INFO] trainer: epoch 220 done train_loss=1.2115 dt=20.0s
2026-07-16 08:51:41,010 [INFO] trainer: epoch 221 step 50/54 loss=1.1842 lr=1.22e-04
2026-07-16 08:51:42,434 [INFO] trainer: epoch 221 done train_loss=1.1891 dt=20.1s
2026-07-16 08:52:00,996 [INFO] trainer: epoch 222 step 50/54 loss=1.2627 lr=1.21e-04
2026-07-16 08:52:02,419 [INFO] trainer: epoch 222 done train_loss=1.2631 dt=20.0s
2026-07-16 08:52:20,999 [INFO] trainer: epoch 223 step 50/54 loss=1.1925 lr=1.21e-04
2026-07-16 08:52:22,424 [INFO] trainer: epoch 223 done train_loss=1.1963 dt=20.0s
2026-07-16 08:52:41,089 [INFO] trainer: epoch 224 step 50/54 loss=1.1983 lr=1.20e-04
2026-07-16 08:52:42,511 [INFO] trainer: epoch 224 done train_loss=1.2118 dt=20.1s
2026-07-16 08:53:01,099 [INFO] trainer: epoch 225 step 50/54 loss=1.2088 lr=1.20e-04
2026-07-16 08:53:02,521 [INFO] trainer: epoch 225 done train_loss=1.2047 dt=20.0s
2026-07-16 08:54:22,139 [INFO] trainer: epoch 225 val_mean_dice=0.7445
2026-07-16 08:54:40,933 [INFO] trainer: epoch 226 step 50/54 loss=1.2042 lr=1.19e-04
2026-07-16 08:54:42,355 [INFO] trainer: epoch 226 done train_loss=1.1964 dt=19.9s
2026-07-16 08:55:01,085 [INFO] trainer: epoch 227 step 50/54 loss=1.2163 lr=1.18e-04
2026-07-16 08:55:02,511 [INFO] trainer: epoch 227 done train_loss=1.2140 dt=20.2s
2026-07-16 08:55:21,112 [INFO] trainer: epoch 228 step 50/54 loss=1.1738 lr=1.18e-04
2026-07-16 08:55:22,537 [INFO] trainer: epoch 228 done train_loss=1.1786 dt=20.0s
2026-07-16 08:55:41,236 [INFO] trainer: epoch 229 step 50/54 loss=1.2249 lr=1.17e-04
2026-07-16 08:55:42,659 [INFO] trainer: epoch 229 done train_loss=1.2166 dt=20.1s
2026-07-16 08:56:01,470 [INFO] trainer: epoch 230 step 50/54 loss=1.1953 lr=1.16e-04
2026-07-16 08:56:02,892 [INFO] trainer: epoch 230 done train_loss=1.1929 dt=20.2s
2026-07-16 08:56:21,818 [INFO] trainer: epoch 231 step 50/54 loss=1.1683 lr=1.16e-04
2026-07-16 08:56:23,242 [INFO] trainer: epoch 231 done train_loss=1.1710 dt=20.1s
2026-07-16 08:56:41,840 [INFO] trainer: epoch 232 step 50/54 loss=1.1566 lr=1.15e-04
2026-07-16 08:56:43,265 [INFO] trainer: epoch 232 done train_loss=1.1768 dt=20.0s
2026-07-16 08:57:01,870 [INFO] trainer: epoch 233 step 50/54 loss=1.1981 lr=1.15e-04
2026-07-16 08:57:03,295 [INFO] trainer: epoch 233 done train_loss=1.1986 dt=20.0s
2026-07-16 08:57:22,115 [INFO] trainer: epoch 234 step 50/54 loss=1.1866 lr=1.14e-04
2026-07-16 08:57:23,544 [INFO] trainer: epoch 234 done train_loss=1.1918 dt=20.2s
2026-07-16 08:57:42,131 [INFO] trainer: epoch 235 step 50/54 loss=1.2138 lr=1.13e-04
2026-07-16 08:57:43,556 [INFO] trainer: epoch 235 done train_loss=1.2314 dt=20.0s
2026-07-16 08:58:02,049 [INFO] trainer: epoch 236 step 50/54 loss=1.2014 lr=1.13e-04
2026-07-16 08:58:03,477 [INFO] trainer: epoch 236 done train_loss=1.1971 dt=19.9s
2026-07-16 08:58:22,157 [INFO] trainer: epoch 237 step 50/54 loss=1.2218 lr=1.12e-04
2026-07-16 08:58:23,581 [INFO] trainer: epoch 237 done train_loss=1.2179 dt=20.1s
2026-07-16 08:58:42,197 [INFO] trainer: epoch 238 step 50/54 loss=1.1854 lr=1.11e-04
2026-07-16 08:58:43,622 [INFO] trainer: epoch 238 done train_loss=1.2029 dt=20.0s
2026-07-16 08:59:02,276 [INFO] trainer: epoch 239 step 50/54 loss=1.1695 lr=1.11e-04
2026-07-16 08:59:03,702 [INFO] trainer: epoch 239 done train_loss=1.1736 dt=20.1s
2026-07-16 08:59:22,276 [INFO] trainer: epoch 240 step 50/54 loss=1.1940 lr=1.10e-04
2026-07-16 08:59:23,703 [INFO] trainer: epoch 240 done train_loss=1.2129 dt=20.0s
2026-07-16 08:59:42,546 [INFO] trainer: epoch 241 step 50/54 loss=1.1774 lr=1.09e-04
2026-07-16 08:59:43,971 [INFO] trainer: epoch 241 done train_loss=1.1736 dt=20.0s
2026-07-16 09:00:02,644 [INFO] trainer: epoch 242 step 50/54 loss=1.1815 lr=1.09e-04
2026-07-16 09:00:04,067 [INFO] trainer: epoch 242 done train_loss=1.1887 dt=20.1s
2026-07-16 09:00:22,634 [INFO] trainer: epoch 243 step 50/54 loss=1.2113 lr=1.08e-04
2026-07-16 09:00:24,059 [INFO] trainer: epoch 243 done train_loss=1.2166 dt=20.0s
2026-07-16 09:00:42,683 [INFO] trainer: epoch 244 step 50/54 loss=1.1701 lr=1.08e-04
2026-07-16 09:00:44,120 [INFO] trainer: epoch 244 done train_loss=1.1663 dt=20.1s
2026-07-16 09:01:02,703 [INFO] trainer: epoch 245 step 50/54 loss=1.1668 lr=1.07e-04
2026-07-16 09:01:04,133 [INFO] trainer: epoch 245 done train_loss=1.1676 dt=20.0s
2026-07-16 09:01:22,911 [INFO] trainer: epoch 246 step 50/54 loss=1.1949 lr=1.06e-04
2026-07-16 09:01:24,335 [INFO] trainer: epoch 246 done train_loss=1.1984 dt=20.2s
2026-07-16 09:01:42,884 [INFO] trainer: epoch 247 step 50/54 loss=1.1786 lr=1.06e-04
2026-07-16 09:01:44,310 [INFO] trainer: epoch 247 done train_loss=1.1826 dt=20.0s
2026-07-16 09:02:02,829 [INFO] trainer: epoch 248 step 50/54 loss=1.1735 lr=1.05e-04
2026-07-16 09:02:04,254 [INFO] trainer: epoch 248 done train_loss=1.1615 dt=19.9s
2026-07-16 09:02:22,724 [INFO] trainer: epoch 249 step 50/54 loss=1.1729 lr=1.04e-04
2026-07-16 09:02:24,154 [INFO] trainer: epoch 249 done train_loss=1.1605 dt=19.9s
2026-07-16 09:02:42,687 [INFO] trainer: epoch 250 step 50/54 loss=1.1977 lr=1.04e-04
2026-07-16 09:02:44,111 [INFO] trainer: epoch 250 done train_loss=1.1758 dt=20.0s
2026-07-16 09:04:03,677 [INFO] trainer: epoch 250 val_mean_dice=0.7459
2026-07-16 09:04:23,091 [INFO] trainer: epoch 251 step 50/54 loss=1.2240 lr=1.03e-04
2026-07-16 09:04:24,518 [INFO] trainer: epoch 251 done train_loss=1.2154 dt=20.2s
2026-07-16 09:04:43,102 [INFO] trainer: epoch 252 step 50/54 loss=1.2019 lr=1.02e-04
2026-07-16 09:04:44,528 [INFO] trainer: epoch 252 done train_loss=1.1891 dt=20.0s
2026-07-16 09:05:03,151 [INFO] trainer: epoch 253 step 50/54 loss=1.1642 lr=1.02e-04
2026-07-16 09:05:04,574 [INFO] trainer: epoch 253 done train_loss=1.1625 dt=20.0s
2026-07-16 09:05:23,304 [INFO] trainer: epoch 254 step 50/54 loss=1.1614 lr=1.01e-04
2026-07-16 09:05:24,736 [INFO] trainer: epoch 254 done train_loss=1.1564 dt=20.2s
2026-07-16 09:05:43,283 [INFO] trainer: epoch 255 step 50/54 loss=1.1110 lr=1.01e-04
2026-07-16 09:05:44,709 [INFO] trainer: epoch 255 done train_loss=1.1126 dt=20.0s
2026-07-16 09:06:03,335 [INFO] trainer: epoch 256 step 50/54 loss=1.1387 lr=9.99e-05
2026-07-16 09:06:04,761 [INFO] trainer: epoch 256 done train_loss=1.1578 dt=20.1s
2026-07-16 09:06:23,418 [INFO] trainer: epoch 257 step 50/54 loss=1.1546 lr=9.93e-05
2026-07-16 09:06:24,845 [INFO] trainer: epoch 257 done train_loss=1.1557 dt=20.1s
2026-07-16 09:06:43,388 [INFO] trainer: epoch 258 step 50/54 loss=1.1531 lr=9.86e-05
2026-07-16 09:06:44,812 [INFO] trainer: epoch 258 done train_loss=1.1418 dt=20.0s
2026-07-16 09:07:03,279 [INFO] trainer: epoch 259 step 50/54 loss=1.2001 lr=9.80e-05
2026-07-16 09:07:04,706 [INFO] trainer: epoch 259 done train_loss=1.1890 dt=19.9s
2026-07-16 09:07:23,480 [INFO] trainer: epoch 260 step 50/54 loss=1.2167 lr=9.74e-05
2026-07-16 09:07:24,907 [INFO] trainer: epoch 260 done train_loss=1.2067 dt=20.2s
2026-07-16 09:07:43,909 [INFO] trainer: epoch 261 step 50/54 loss=1.1922 lr=9.67e-05
2026-07-16 09:07:45,336 [INFO] trainer: epoch 261 done train_loss=1.1852 dt=20.1s
2026-07-16 09:08:03,988 [INFO] trainer: epoch 262 step 50/54 loss=1.1596 lr=9.61e-05
2026-07-16 09:08:05,413 [INFO] trainer: epoch 262 done train_loss=1.1595 dt=20.1s
2026-07-16 09:08:24,061 [INFO] trainer: epoch 263 step 50/54 loss=1.2035 lr=9.54e-05
2026-07-16 09:08:25,488 [INFO] trainer: epoch 263 done train_loss=1.1881 dt=20.1s
2026-07-16 09:08:44,120 [INFO] trainer: epoch 264 step 50/54 loss=1.1731 lr=9.48e-05
2026-07-16 09:08:45,550 [INFO] trainer: epoch 264 done train_loss=1.1793 dt=20.1s
2026-07-16 09:09:04,441 [INFO] trainer: epoch 265 step 50/54 loss=1.1832 lr=9.42e-05
2026-07-16 09:09:05,870 [INFO] trainer: epoch 265 done train_loss=1.1763 dt=20.3s
2026-07-16 09:09:24,701 [INFO] trainer: epoch 266 step 50/54 loss=1.1390 lr=9.35e-05
2026-07-16 09:09:26,129 [INFO] trainer: epoch 266 done train_loss=1.1403 dt=20.3s
2026-07-16 09:09:44,723 [INFO] trainer: epoch 267 step 50/54 loss=1.1673 lr=9.29e-05
2026-07-16 09:09:46,147 [INFO] trainer: epoch 267 done train_loss=1.1542 dt=20.0s
2026-07-16 09:10:04,998 [INFO] trainer: epoch 268 step 50/54 loss=1.1429 lr=9.23e-05
2026-07-16 09:10:06,425 [INFO] trainer: epoch 268 done train_loss=1.1481 dt=20.3s
2026-07-16 09:10:25,067 [INFO] trainer: epoch 269 step 50/54 loss=1.1494 lr=9.16e-05
2026-07-16 09:10:26,492 [INFO] trainer: epoch 269 done train_loss=1.1429 dt=20.1s
2026-07-16 09:10:45,153 [INFO] trainer: epoch 270 step 50/54 loss=1.1841 lr=9.10e-05
2026-07-16 09:10:46,580 [INFO] trainer: epoch 270 done train_loss=1.1725 dt=20.1s
2026-07-16 09:11:05,545 [INFO] trainer: epoch 271 step 50/54 loss=1.1831 lr=9.04e-05
2026-07-16 09:11:06,973 [INFO] trainer: epoch 271 done train_loss=1.1860 dt=20.1s
2026-07-16 09:11:25,741 [INFO] trainer: epoch 272 step 50/54 loss=1.1103 lr=8.97e-05
2026-07-16 09:11:27,174 [INFO] trainer: epoch 272 done train_loss=1.1144 dt=20.2s
2026-07-16 09:11:45,854 [INFO] trainer: epoch 273 step 50/54 loss=1.1851 lr=8.91e-05
2026-07-16 09:11:47,287 [INFO] trainer: epoch 273 done train_loss=1.1732 dt=20.1s
2026-07-16 09:12:05,760 [INFO] trainer: epoch 274 step 50/54 loss=1.1816 lr=8.85e-05
2026-07-16 09:12:07,186 [INFO] trainer: epoch 274 done train_loss=1.1707 dt=19.9s
2026-07-16 09:12:25,944 [INFO] trainer: epoch 275 step 50/54 loss=1.1886 lr=8.78e-05
2026-07-16 09:12:27,372 [INFO] trainer: epoch 275 done train_loss=1.1797 dt=20.2s
2026-07-16 09:13:48,516 [INFO] trainer: epoch 275 val_mean_dice=0.7499
2026-07-16 09:14:07,398 [INFO] trainer: epoch 276 step 50/54 loss=1.1534 lr=8.72e-05
2026-07-16 09:14:08,826 [INFO] trainer: epoch 276 done train_loss=1.1633 dt=20.0s
2026-07-16 09:14:27,514 [INFO] trainer: epoch 277 step 50/54 loss=1.1643 lr=8.66e-05
2026-07-16 09:14:28,944 [INFO] trainer: epoch 277 done train_loss=1.1694 dt=20.1s
2026-07-16 09:14:47,490 [INFO] trainer: epoch 278 step 50/54 loss=1.0977 lr=8.59e-05
2026-07-16 09:14:48,920 [INFO] trainer: epoch 278 done train_loss=1.0969 dt=20.0s
2026-07-16 09:15:07,475 [INFO] trainer: epoch 279 step 50/54 loss=1.1463 lr=8.53e-05
2026-07-16 09:15:08,908 [INFO] trainer: epoch 279 done train_loss=1.1410 dt=20.0s
2026-07-16 09:15:27,706 [INFO] trainer: epoch 280 step 50/54 loss=1.1774 lr=8.47e-05
2026-07-16 09:15:29,135 [INFO] trainer: epoch 280 done train_loss=1.1772 dt=20.2s
2026-07-16 09:15:48,094 [INFO] trainer: epoch 281 step 50/54 loss=1.1611 lr=8.40e-05
2026-07-16 09:15:49,521 [INFO] trainer: epoch 281 done train_loss=1.1685 dt=20.1s
2026-07-16 09:16:08,160 [INFO] trainer: epoch 282 step 50/54 loss=1.1063 lr=8.34e-05
2026-07-16 09:16:09,586 [INFO] trainer: epoch 282 done train_loss=1.1214 dt=20.1s
2026-07-16 09:16:28,150 [INFO] trainer: epoch 283 step 50/54 loss=1.1764 lr=8.28e-05
2026-07-16 09:16:29,577 [INFO] trainer: epoch 283 done train_loss=1.1800 dt=20.0s
2026-07-16 09:16:48,322 [INFO] trainer: epoch 284 step 50/54 loss=1.1627 lr=8.22e-05
2026-07-16 09:16:49,752 [INFO] trainer: epoch 284 done train_loss=1.1754 dt=20.2s
2026-07-16 09:17:08,274 [INFO] trainer: epoch 285 step 50/54 loss=1.0989 lr=8.15e-05
2026-07-16 09:17:09,702 [INFO] trainer: epoch 285 done train_loss=1.1096 dt=19.9s
2026-07-16 09:17:28,361 [INFO] trainer: epoch 286 step 50/54 loss=1.1720 lr=8.09e-05
2026-07-16 09:17:29,785 [INFO] trainer: epoch 286 done train_loss=1.1688 dt=20.1s
2026-07-16 09:17:48,401 [INFO] trainer: epoch 287 step 50/54 loss=1.1623 lr=8.03e-05
2026-07-16 09:17:49,830 [INFO] trainer: epoch 287 done train_loss=1.1683 dt=20.0s
2026-07-16 09:18:08,471 [INFO] trainer: epoch 288 step 50/54 loss=1.1450 lr=7.97e-05
2026-07-16 09:18:09,902 [INFO] trainer: epoch 288 done train_loss=1.1476 dt=20.1s
2026-07-16 09:18:28,523 [INFO] trainer: epoch 289 step 50/54 loss=1.1569 lr=7.90e-05
2026-07-16 09:18:29,947 [INFO] trainer: epoch 289 done train_loss=1.1413 dt=20.0s
2026-07-16 09:18:48,609 [INFO] trainer: epoch 290 step 50/54 loss=1.1281 lr=7.84e-05
2026-07-16 09:18:50,039 [INFO] trainer: epoch 290 done train_loss=1.1312 dt=20.1s
2026-07-16 09:19:09,993 [INFO] trainer: epoch 291 step 50/54 loss=1.1010 lr=7.78e-05
2026-07-16 09:19:11,420 [INFO] trainer: epoch 291 done train_loss=1.0919 dt=20.1s
2026-07-16 09:19:30,039 [INFO] trainer: epoch 292 step 50/54 loss=1.1892 lr=7.72e-05
2026-07-16 09:19:31,464 [INFO] trainer: epoch 292 done train_loss=1.1772 dt=20.0s
2026-07-16 09:19:50,120 [INFO] trainer: epoch 293 step 50/54 loss=1.1245 lr=7.65e-05
2026-07-16 09:19:51,551 [INFO] trainer: epoch 293 done train_loss=1.1388 dt=20.1s
2026-07-16 09:20:10,287 [INFO] trainer: epoch 294 step 50/54 loss=1.1966 lr=7.59e-05
2026-07-16 09:20:11,715 [INFO] trainer: epoch 294 done train_loss=1.2070 dt=20.2s
2026-07-16 09:20:30,507 [INFO] trainer: epoch 295 step 50/54 loss=1.1666 lr=7.53e-05
2026-07-16 09:20:31,932 [INFO] trainer: epoch 295 done train_loss=1.1678 dt=20.2s
2026-07-16 09:20:50,470 [INFO] trainer: epoch 296 step 50/54 loss=1.1490 lr=7.47e-05
2026-07-16 09:20:51,896 [INFO] trainer: epoch 296 done train_loss=1.1428 dt=20.0s
2026-07-16 09:21:10,570 [INFO] trainer: epoch 297 step 50/54 loss=1.1541 lr=7.41e-05
2026-07-16 09:21:11,996 [INFO] trainer: epoch 297 done train_loss=1.1763 dt=20.1s
2026-07-16 09:21:30,501 [INFO] trainer: epoch 298 step 50/54 loss=1.1281 lr=7.35e-05
2026-07-16 09:21:31,925 [INFO] trainer: epoch 298 done train_loss=1.1294 dt=19.9s
2026-07-16 09:21:50,797 [INFO] trainer: epoch 299 step 50/54 loss=1.1515 lr=7.28e-05
2026-07-16 09:21:52,227 [INFO] trainer: epoch 299 done train_loss=1.1567 dt=20.3s
2026-07-16 09:22:10,849 [INFO] trainer: epoch 300 step 50/54 loss=1.1612 lr=7.22e-05
2026-07-16 09:22:12,277 [INFO] trainer: epoch 300 done train_loss=1.1718 dt=20.0s
2026-07-16 09:23:31,855 [INFO] trainer: epoch 300 val_mean_dice=0.7460
2026-07-16 09:23:50,713 [INFO] trainer: epoch 301 step 50/54 loss=1.1816 lr=7.16e-05
2026-07-16 09:23:52,141 [INFO] trainer: epoch 301 done train_loss=1.1730 dt=20.0s
2026-07-16 09:24:10,829 [INFO] trainer: epoch 302 step 50/54 loss=1.1640 lr=7.10e-05
2026-07-16 09:24:12,258 [INFO] trainer: epoch 302 done train_loss=1.1502 dt=20.1s
2026-07-16 09:24:30,900 [INFO] trainer: epoch 303 step 50/54 loss=1.1565 lr=7.04e-05
2026-07-16 09:24:32,329 [INFO] trainer: epoch 303 done train_loss=1.1644 dt=20.1s
2026-07-16 09:24:50,931 [INFO] trainer: epoch 304 step 50/54 loss=1.0973 lr=6.98e-05
2026-07-16 09:24:52,359 [INFO] trainer: epoch 304 done train_loss=1.0981 dt=20.0s
2026-07-16 09:25:11,082 [INFO] trainer: epoch 305 step 50/54 loss=1.1434 lr=6.92e-05
2026-07-16 09:25:12,513 [INFO] trainer: epoch 305 done train_loss=1.1516 dt=20.2s
2026-07-16 09:25:31,190 [INFO] trainer: epoch 306 step 50/54 loss=1.1225 lr=6.86e-05
2026-07-16 09:25:32,615 [INFO] trainer: epoch 306 done train_loss=1.1367 dt=20.1s
2026-07-16 09:25:51,238 [INFO] trainer: epoch 307 step 50/54 loss=1.1476 lr=6.80e-05
2026-07-16 09:25:52,663 [INFO] trainer: epoch 307 done train_loss=1.1507 dt=20.0s
2026-07-16 09:26:11,298 [INFO] trainer: epoch 308 step 50/54 loss=1.1673 lr=6.74e-05
2026-07-16 09:26:12,727 [INFO] trainer: epoch 308 done train_loss=1.1676 dt=20.1s
2026-07-16 09:26:31,349 [INFO] trainer: epoch 309 step 50/54 loss=1.1513 lr=6.68e-05
2026-07-16 09:26:32,778 [INFO] trainer: epoch 309 done train_loss=1.1483 dt=20.1s
2026-07-16 09:26:51,513 [INFO] trainer: epoch 310 step 50/54 loss=1.1409 lr=6.62e-05
2026-07-16 09:26:52,940 [INFO] trainer: epoch 310 done train_loss=1.1406 dt=20.2s
2026-07-16 09:27:11,863 [INFO] trainer: epoch 311 step 50/54 loss=1.1516 lr=6.56e-05
2026-07-16 09:27:13,289 [INFO] trainer: epoch 311 done train_loss=1.1564 dt=20.1s
2026-07-16 09:27:32,005 [INFO] trainer: epoch 312 step 50/54 loss=1.1826 lr=6.50e-05
2026-07-16 09:27:33,432 [INFO] trainer: epoch 312 done train_loss=1.1913 dt=20.1s
2026-07-16 09:27:52,342 [INFO] trainer: epoch 313 step 50/54 loss=1.2096 lr=6.44e-05
2026-07-16 09:27:53,771 [INFO] trainer: epoch 313 done train_loss=1.1924 dt=20.3s
2026-07-16 09:28:18,406 [INFO] trainer: epoch 314 step 50/54 loss=1.2168 lr=6.38e-05
2026-07-16 09:28:19,839 [INFO] trainer: epoch 314 done train_loss=1.2071 dt=26.1s
2026-07-16 09:28:38,461 [INFO] trainer: epoch 315 step 50/54 loss=1.1963 lr=6.32e-05
2026-07-16 09:28:39,890 [INFO] trainer: epoch 315 done train_loss=1.1863 dt=20.1s
2026-07-16 09:28:58,454 [INFO] trainer: epoch 316 step 50/54 loss=1.1491 lr=6.26e-05
2026-07-16 09:28:59,884 [INFO] trainer: epoch 316 done train_loss=1.1461 dt=20.0s
2026-07-16 09:29:18,625 [INFO] trainer: epoch 317 step 50/54 loss=1.1389 lr=6.20e-05
2026-07-16 09:29:20,054 [INFO] trainer: epoch 317 done train_loss=1.1384 dt=20.0s
2026-07-16 09:29:38,618 [INFO] trainer: epoch 318 step 50/54 loss=1.1255 lr=6.14e-05
2026-07-16 09:29:40,045 [INFO] trainer: epoch 318 done train_loss=1.1190 dt=20.0s
2026-07-16 09:29:58,625 [INFO] trainer: epoch 319 step 50/54 loss=1.1660 lr=6.09e-05
2026-07-16 09:30:00,056 [INFO] trainer: epoch 319 done train_loss=1.1581 dt=20.0s
2026-07-16 09:30:18,799 [INFO] trainer: epoch 320 step 50/54 loss=1.0895 lr=6.03e-05
2026-07-16 09:30:20,228 [INFO] trainer: epoch 320 done train_loss=1.0881 dt=20.2s
2026-07-16 09:30:39,108 [INFO] trainer: epoch 321 step 50/54 loss=1.1042 lr=5.97e-05
2026-07-16 09:30:40,532 [INFO] trainer: epoch 321 done train_loss=1.1028 dt=20.0s
2026-07-16 09:30:59,308 [INFO] trainer: epoch 322 step 50/54 loss=1.1279 lr=5.91e-05
2026-07-16 09:31:00,733 [INFO] trainer: epoch 322 done train_loss=1.1204 dt=20.2s
2026-07-16 09:31:19,609 [INFO] trainer: epoch 323 step 50/54 loss=1.1410 lr=5.85e-05
2026-07-16 09:31:21,034 [INFO] trainer: epoch 323 done train_loss=1.1575 dt=20.3s
2026-07-16 09:31:39,613 [INFO] trainer: epoch 324 step 50/54 loss=1.0791 lr=5.79e-05
2026-07-16 09:31:41,050 [INFO] trainer: epoch 324 done train_loss=1.0773 dt=20.0s
2026-07-16 09:31:59,772 [INFO] trainer: epoch 325 step 50/54 loss=1.1282 lr=5.74e-05
2026-07-16 09:32:01,204 [INFO] trainer: epoch 325 done train_loss=1.1311 dt=20.2s
2026-07-16 09:33:21,218 [INFO] trainer: epoch 325 val_mean_dice=0.7530
2026-07-16 09:33:40,889 [INFO] trainer: epoch 326 step 50/54 loss=1.0953 lr=5.68e-05
2026-07-16 09:33:42,324 [INFO] trainer: epoch 326 done train_loss=1.1001 dt=20.3s
2026-07-16 09:34:00,859 [INFO] trainer: epoch 327 step 50/54 loss=1.1678 lr=5.62e-05
2026-07-16 09:34:02,292 [INFO] trainer: epoch 327 done train_loss=1.1684 dt=20.0s
2026-07-16 09:34:21,053 [INFO] trainer: epoch 328 step 50/54 loss=1.1115 lr=5.57e-05
2026-07-16 09:34:22,481 [INFO] trainer: epoch 328 done train_loss=1.1043 dt=20.2s
2026-07-16 09:34:41,156 [INFO] trainer: epoch 329 step 50/54 loss=1.1058 lr=5.51e-05
2026-07-16 09:34:42,581 [INFO] trainer: epoch 329 done train_loss=1.1179 dt=20.1s
2026-07-16 09:35:01,259 [INFO] trainer: epoch 330 step 50/54 loss=1.0939 lr=5.45e-05
2026-07-16 09:35:02,690 [INFO] trainer: epoch 330 done train_loss=1.0906 dt=20.1s
2026-07-16 09:35:22,584 [INFO] trainer: epoch 331 step 50/54 loss=1.0898 lr=5.40e-05
2026-07-16 09:35:24,014 [INFO] trainer: epoch 331 done train_loss=1.0949 dt=20.1s
2026-07-16 09:35:42,719 [INFO] trainer: epoch 332 step 50/54 loss=1.1551 lr=5.34e-05
2026-07-16 09:35:44,150 [INFO] trainer: epoch 332 done train_loss=1.1531 dt=20.1s
2026-07-16 09:36:02,986 [INFO] trainer: epoch 333 step 50/54 loss=1.1013 lr=5.28e-05
2026-07-16 09:36:04,421 [INFO] trainer: epoch 333 done train_loss=1.1092 dt=20.3s
2026-07-16 09:36:22,943 [INFO] trainer: epoch 334 step 50/54 loss=1.1086 lr=5.23e-05
2026-07-16 09:36:24,381 [INFO] trainer: epoch 334 done train_loss=1.1050 dt=20.0s
2026-07-16 09:36:43,175 [INFO] trainer: epoch 335 step 50/54 loss=1.0949 lr=5.17e-05
2026-07-16 09:36:44,611 [INFO] trainer: epoch 335 done train_loss=1.1013 dt=20.2s
2026-07-16 09:37:03,358 [INFO] trainer: epoch 336 step 50/54 loss=1.0523 lr=5.12e-05
2026-07-16 09:37:04,800 [INFO] trainer: epoch 336 done train_loss=1.0587 dt=20.2s
2026-07-16 09:37:23,441 [INFO] trainer: epoch 337 step 50/54 loss=1.1103 lr=5.06e-05
2026-07-16 09:37:24,878 [INFO] trainer: epoch 337 done train_loss=1.1234 dt=20.1s
2026-07-16 09:37:43,578 [INFO] trainer: epoch 338 step 50/54 loss=1.1043 lr=5.01e-05
2026-07-16 09:37:45,014 [INFO] trainer: epoch 338 done train_loss=1.1017 dt=20.1s
2026-07-16 09:38:03,845 [INFO] trainer: epoch 339 step 50/54 loss=1.1744 lr=4.95e-05
2026-07-16 09:38:05,277 [INFO] trainer: epoch 339 done train_loss=1.1669 dt=20.3s
2026-07-16 09:38:24,147 [INFO] trainer: epoch 340 step 50/54 loss=1.1297 lr=4.90e-05
2026-07-16 09:38:25,584 [INFO] trainer: epoch 340 done train_loss=1.1386 dt=20.2s
2026-07-16 09:38:48,344 [INFO] trainer: epoch 341 step 50/54 loss=1.0898 lr=4.84e-05
2026-07-16 09:38:49,780 [INFO] trainer: epoch 341 done train_loss=1.0838 dt=22.6s
2026-07-16 09:39:08,584 [INFO] trainer: epoch 342 step 50/54 loss=1.1297 lr=4.79e-05
2026-07-16 09:39:10,019 [INFO] trainer: epoch 342 done train_loss=1.1283 dt=20.2s
2026-07-16 09:39:28,938 [INFO] trainer: epoch 343 step 50/54 loss=1.1270 lr=4.73e-05
2026-07-16 09:39:30,375 [INFO] trainer: epoch 343 done train_loss=1.1252 dt=20.4s
2026-07-16 09:39:49,031 [INFO] trainer: epoch 344 step 50/54 loss=1.1535 lr=4.68e-05
2026-07-16 09:39:50,469 [INFO] trainer: epoch 344 done train_loss=1.1453 dt=20.1s
2026-07-16 09:40:09,127 [INFO] trainer: epoch 345 step 50/54 loss=1.1324 lr=4.63e-05
2026-07-16 09:40:10,561 [INFO] trainer: epoch 345 done train_loss=1.1283 dt=20.1s
2026-07-16 09:40:29,243 [INFO] trainer: epoch 346 step 50/54 loss=1.1529 lr=4.57e-05
2026-07-16 09:40:30,676 [INFO] trainer: epoch 346 done train_loss=1.1377 dt=20.1s
2026-07-16 09:40:49,544 [INFO] trainer: epoch 347 step 50/54 loss=1.1452 lr=4.52e-05
2026-07-16 09:40:50,973 [INFO] trainer: epoch 347 done train_loss=1.1437 dt=20.3s
2026-07-16 09:41:09,753 [INFO] trainer: epoch 348 step 50/54 loss=1.0850 lr=4.47e-05
2026-07-16 09:41:11,185 [INFO] trainer: epoch 348 done train_loss=1.0951 dt=20.2s
2026-07-16 09:41:29,958 [INFO] trainer: epoch 349 step 50/54 loss=1.0861 lr=4.41e-05
2026-07-16 09:41:31,400 [INFO] trainer: epoch 349 done train_loss=1.0792 dt=20.2s
2026-07-16 09:41:50,054 [INFO] trainer: epoch 350 step 50/54 loss=1.1288 lr=4.36e-05
2026-07-16 09:41:51,494 [INFO] trainer: epoch 350 done train_loss=1.1199 dt=20.1s
2026-07-16 09:43:14,899 [INFO] trainer: epoch 350 val_mean_dice=0.7563
2026-07-16 09:43:34,286 [INFO] trainer: epoch 351 step 50/54 loss=1.1283 lr=4.31e-05
2026-07-16 09:43:35,724 [INFO] trainer: epoch 351 done train_loss=1.1256 dt=20.2s
2026-07-16 09:43:54,305 [INFO] trainer: epoch 352 step 50/54 loss=1.1198 lr=4.26e-05
2026-07-16 09:43:55,734 [INFO] trainer: epoch 352 done train_loss=1.1240 dt=20.0s
2026-07-16 09:44:14,528 [INFO] trainer: epoch 353 step 50/54 loss=1.0918 lr=4.21e-05
2026-07-16 09:44:15,961 [INFO] trainer: epoch 353 done train_loss=1.0949 dt=20.2s
2026-07-16 09:44:34,652 [INFO] trainer: epoch 354 step 50/54 loss=1.0618 lr=4.15e-05
2026-07-16 09:44:36,086 [INFO] trainer: epoch 354 done train_loss=1.0563 dt=20.1s
2026-07-16 09:44:54,997 [INFO] trainer: epoch 355 step 50/54 loss=1.0842 lr=4.10e-05
2026-07-16 09:44:56,430 [INFO] trainer: epoch 355 done train_loss=1.0886 dt=20.3s
2026-07-16 09:45:15,089 [INFO] trainer: epoch 356 step 50/54 loss=1.1080 lr=4.05e-05
2026-07-16 09:45:16,521 [INFO] trainer: epoch 356 done train_loss=1.1184 dt=20.1s
2026-07-16 09:45:35,282 [INFO] trainer: epoch 357 step 50/54 loss=1.1112 lr=4.00e-05
2026-07-16 09:45:36,721 [INFO] trainer: epoch 357 done train_loss=1.1209 dt=20.2s
2026-07-16 09:45:55,338 [INFO] trainer: epoch 358 step 50/54 loss=1.1000 lr=3.95e-05
2026-07-16 09:45:56,771 [INFO] trainer: epoch 358 done train_loss=1.0947 dt=20.1s
2026-07-16 09:46:15,631 [INFO] trainer: epoch 359 step 50/54 loss=1.0831 lr=3.90e-05
2026-07-16 09:46:17,062 [INFO] trainer: epoch 359 done train_loss=1.0909 dt=20.3s
2026-07-16 09:46:35,851 [INFO] trainer: epoch 360 step 50/54 loss=1.1229 lr=3.85e-05
2026-07-16 09:46:37,280 [INFO] trainer: epoch 360 done train_loss=1.1234 dt=20.2s
2026-07-16 09:46:56,356 [INFO] trainer: epoch 361 step 50/54 loss=1.0541 lr=3.80e-05
2026-07-16 09:46:57,789 [INFO] trainer: epoch 361 done train_loss=1.0709 dt=20.2s
2026-07-16 09:47:16,603 [INFO] trainer: epoch 362 step 50/54 loss=1.0806 lr=3.75e-05
2026-07-16 09:47:18,033 [INFO] trainer: epoch 362 done train_loss=1.0735 dt=20.2s
2026-07-16 09:47:36,735 [INFO] trainer: epoch 363 step 50/54 loss=1.0969 lr=3.70e-05
2026-07-16 09:47:38,167 [INFO] trainer: epoch 363 done train_loss=1.0988 dt=20.1s
2026-07-16 09:47:56,846 [INFO] trainer: epoch 364 step 50/54 loss=1.1016 lr=3.65e-05
2026-07-16 09:47:58,273 [INFO] trainer: epoch 364 done train_loss=1.0943 dt=20.1s
2026-07-16 09:48:16,987 [INFO] trainer: epoch 365 step 50/54 loss=1.0930 lr=3.60e-05
2026-07-16 09:48:18,414 [INFO] trainer: epoch 365 done train_loss=1.0875 dt=20.1s
2026-07-16 09:48:37,143 [INFO] trainer: epoch 366 step 50/54 loss=1.0440 lr=3.56e-05
2026-07-16 09:48:38,572 [INFO] trainer: epoch 366 done train_loss=1.0500 dt=20.2s
2026-07-16 09:48:57,434 [INFO] trainer: epoch 367 step 50/54 loss=1.0475 lr=3.51e-05
2026-07-16 09:48:58,872 [INFO] trainer: epoch 367 done train_loss=1.0646 dt=20.3s
2026-07-16 09:49:17,665 [INFO] trainer: epoch 368 step 50/54 loss=1.0811 lr=3.46e-05
2026-07-16 09:49:19,104 [INFO] trainer: epoch 368 done train_loss=1.0823 dt=20.2s
2026-07-16 09:49:37,835 [INFO] trainer: epoch 369 step 50/54 loss=1.0875 lr=3.41e-05
2026-07-16 09:49:39,268 [INFO] trainer: epoch 369 done train_loss=1.0794 dt=20.2s
2026-07-16 09:49:57,991 [INFO] trainer: epoch 370 step 50/54 loss=1.0919 lr=3.36e-05
2026-07-16 09:49:59,423 [INFO] trainer: epoch 370 done train_loss=1.0858 dt=20.2s
2026-07-16 09:50:18,616 [INFO] trainer: epoch 371 step 50/54 loss=1.0885 lr=3.32e-05
2026-07-16 09:50:20,046 [INFO] trainer: epoch 371 done train_loss=1.0827 dt=20.2s
2026-07-16 09:50:38,785 [INFO] trainer: epoch 372 step 50/54 loss=1.0940 lr=3.27e-05
2026-07-16 09:50:40,219 [INFO] trainer: epoch 372 done train_loss=1.0903 dt=20.2s
2026-07-16 09:50:59,095 [INFO] trainer: epoch 373 step 50/54 loss=1.0674 lr=3.22e-05
2026-07-16 09:51:00,537 [INFO] trainer: epoch 373 done train_loss=1.0659 dt=20.3s
2026-07-16 09:51:19,257 [INFO] trainer: epoch 374 step 50/54 loss=1.0678 lr=3.18e-05
2026-07-16 09:51:20,692 [INFO] trainer: epoch 374 done train_loss=1.0723 dt=20.2s
2026-07-16 09:51:39,586 [INFO] trainer: epoch 375 step 50/54 loss=1.0976 lr=3.13e-05
2026-07-16 09:51:41,017 [INFO] trainer: epoch 375 done train_loss=1.0941 dt=20.3s
2026-07-16 09:53:01,006 [INFO] trainer: epoch 375 val_mean_dice=0.7602
2026-07-16 09:53:20,489 [INFO] trainer: epoch 376 step 50/54 loss=1.1115 lr=3.09e-05
2026-07-16 09:53:21,912 [INFO] trainer: epoch 376 done train_loss=1.1066 dt=20.1s
2026-07-16 09:53:40,647 [INFO] trainer: epoch 377 step 50/54 loss=1.0956 lr=3.04e-05
2026-07-16 09:53:42,073 [INFO] trainer: epoch 377 done train_loss=1.1024 dt=20.2s
2026-07-16 09:54:00,770 [INFO] trainer: epoch 378 step 50/54 loss=1.0476 lr=3.00e-05
2026-07-16 09:54:02,201 [INFO] trainer: epoch 378 done train_loss=1.0427 dt=20.1s
2026-07-16 09:54:20,954 [INFO] trainer: epoch 379 step 50/54 loss=1.1151 lr=2.95e-05
2026-07-16 09:54:22,385 [INFO] trainer: epoch 379 done train_loss=1.1070 dt=20.2s
2026-07-16 09:54:41,017 [INFO] trainer: epoch 380 step 50/54 loss=1.1116 lr=2.91e-05
2026-07-16 09:54:42,449 [INFO] trainer: epoch 380 done train_loss=1.1169 dt=20.1s
2026-07-16 09:55:01,605 [INFO] trainer: epoch 381 step 50/54 loss=1.0834 lr=2.86e-05
2026-07-16 09:55:03,040 [INFO] trainer: epoch 381 done train_loss=1.0685 dt=20.3s
2026-07-16 09:55:21,738 [INFO] trainer: epoch 382 step 50/54 loss=1.1001 lr=2.82e-05
2026-07-16 09:55:23,170 [INFO] trainer: epoch 382 done train_loss=1.0975 dt=20.1s
2026-07-16 09:55:41,832 [INFO] trainer: epoch 383 step 50/54 loss=1.0599 lr=2.77e-05
2026-07-16 09:55:43,269 [INFO] trainer: epoch 383 done train_loss=1.0628 dt=20.1s
2026-07-16 09:56:02,113 [INFO] trainer: epoch 384 step 50/54 loss=1.0932 lr=2.73e-05
2026-07-16 09:56:03,544 [INFO] trainer: epoch 384 done train_loss=1.0913 dt=20.3s
2026-07-16 09:56:22,354 [INFO] trainer: epoch 385 step 50/54 loss=1.0931 lr=2.69e-05
2026-07-16 09:56:23,788 [INFO] trainer: epoch 385 done train_loss=1.0873 dt=20.2s
2026-07-16 09:56:42,429 [INFO] trainer: epoch 386 step 50/54 loss=1.0650 lr=2.64e-05
2026-07-16 09:56:43,861 [INFO] trainer: epoch 386 done train_loss=1.0659 dt=20.1s
2026-07-16 09:57:02,596 [INFO] trainer: epoch 387 step 50/54 loss=1.1100 lr=2.60e-05
2026-07-16 09:57:04,028 [INFO] trainer: epoch 387 done train_loss=1.1023 dt=20.2s
2026-07-16 09:57:22,783 [INFO] trainer: epoch 388 step 50/54 loss=1.0707 lr=2.56e-05
2026-07-16 09:57:24,219 [INFO] trainer: epoch 388 done train_loss=1.0663 dt=20.2s
2026-07-16 09:57:43,160 [INFO] trainer: epoch 389 step 50/54 loss=1.0840 lr=2.52e-05
2026-07-16 09:57:44,595 [INFO] trainer: epoch 389 done train_loss=1.0753 dt=20.3s
2026-07-16 09:58:03,257 [INFO] trainer: epoch 390 step 50/54 loss=1.1094 lr=2.48e-05
2026-07-16 09:58:04,690 [INFO] trainer: epoch 390 done train_loss=1.1091 dt=20.1s
2026-07-16 09:58:23,685 [INFO] trainer: epoch 391 step 50/54 loss=1.0842 lr=2.44e-05
2026-07-16 09:58:25,112 [INFO] trainer: epoch 391 done train_loss=1.0816 dt=20.1s
2026-07-16 09:58:43,747 [INFO] trainer: epoch 392 step 50/54 loss=1.0477 lr=2.39e-05
2026-07-16 09:58:45,177 [INFO] trainer: epoch 392 done train_loss=1.0555 dt=20.1s
2026-07-16 09:59:04,051 [INFO] trainer: epoch 393 step 50/54 loss=1.0922 lr=2.35e-05
2026-07-16 09:59:05,487 [INFO] trainer: epoch 393 done train_loss=1.1049 dt=20.3s
2026-07-16 09:59:24,761 [INFO] trainer: epoch 394 step 50/54 loss=1.1255 lr=2.31e-05
2026-07-16 09:59:26,196 [INFO] trainer: epoch 394 done train_loss=1.1262 dt=20.7s
2026-07-16 09:59:44,965 [INFO] trainer: epoch 395 step 50/54 loss=1.1274 lr=2.27e-05
2026-07-16 09:59:46,402 [INFO] trainer: epoch 395 done train_loss=1.1170 dt=20.2s
2026-07-16 10:00:05,155 [INFO] trainer: epoch 396 step 50/54 loss=1.0860 lr=2.23e-05
2026-07-16 10:00:06,585 [INFO] trainer: epoch 396 done train_loss=1.0803 dt=20.2s
2026-07-16 10:00:25,218 [INFO] trainer: epoch 397 step 50/54 loss=1.0776 lr=2.19e-05
2026-07-16 10:00:26,648 [INFO] trainer: epoch 397 done train_loss=1.0808 dt=20.1s
2026-07-16 10:00:45,255 [INFO] trainer: epoch 398 step 50/54 loss=1.0994 lr=2.16e-05
2026-07-16 10:00:46,693 [INFO] trainer: epoch 398 done train_loss=1.0939 dt=20.0s
2026-07-16 10:01:05,375 [INFO] trainer: epoch 399 step 50/54 loss=1.0800 lr=2.12e-05
2026-07-16 10:01:06,811 [INFO] trainer: epoch 399 done train_loss=1.0836 dt=20.1s
2026-07-16 10:01:25,622 [INFO] trainer: epoch 400 step 50/54 loss=1.1130 lr=2.08e-05
2026-07-16 10:01:27,059 [INFO] trainer: epoch 400 done train_loss=1.1172 dt=20.2s
2026-07-16 10:02:47,295 [INFO] trainer: epoch 400 val_mean_dice=0.7568
2026-07-16 10:03:06,407 [INFO] trainer: epoch 401 step 50/54 loss=1.1097 lr=2.04e-05
2026-07-16 10:03:07,840 [INFO] trainer: epoch 401 done train_loss=1.0940 dt=20.2s
2026-07-16 10:03:26,534 [INFO] trainer: epoch 402 step 50/54 loss=1.0913 lr=2.00e-05
2026-07-16 10:03:27,960 [INFO] trainer: epoch 402 done train_loss=1.0797 dt=20.1s
2026-07-16 10:03:46,551 [INFO] trainer: epoch 403 step 50/54 loss=1.0852 lr=1.97e-05
2026-07-16 10:03:47,982 [INFO] trainer: epoch 403 done train_loss=1.0764 dt=20.0s
2026-07-16 10:04:06,607 [INFO] trainer: epoch 404 step 50/54 loss=1.0407 lr=1.93e-05
2026-07-16 10:04:08,032 [INFO] trainer: epoch 404 done train_loss=1.0542 dt=20.1s
2026-07-16 10:04:26,719 [INFO] trainer: epoch 405 step 50/54 loss=1.1298 lr=1.89e-05
2026-07-16 10:04:28,151 [INFO] trainer: epoch 405 done train_loss=1.1144 dt=20.1s
2026-07-16 10:04:46,840 [INFO] trainer: epoch 406 step 50/54 loss=1.0522 lr=1.86e-05
2026-07-16 10:04:48,271 [INFO] trainer: epoch 406 done train_loss=1.0524 dt=20.1s
2026-07-16 10:05:06,782 [INFO] trainer: epoch 407 step 50/54 loss=1.0910 lr=1.82e-05
2026-07-16 10:05:08,217 [INFO] trainer: epoch 407 done train_loss=1.0761 dt=19.9s
2026-07-16 10:05:26,870 [INFO] trainer: epoch 408 step 50/54 loss=1.0823 lr=1.78e-05
2026-07-16 10:05:28,300 [INFO] trainer: epoch 408 done train_loss=1.0909 dt=20.1s
2026-07-16 10:05:47,026 [INFO] trainer: epoch 409 step 50/54 loss=1.0579 lr=1.75e-05
2026-07-16 10:05:48,460 [INFO] trainer: epoch 409 done train_loss=1.0664 dt=20.2s
2026-07-16 10:06:07,184 [INFO] trainer: epoch 410 step 50/54 loss=1.0827 lr=1.71e-05
2026-07-16 10:06:08,617 [INFO] trainer: epoch 410 done train_loss=1.0792 dt=20.2s
2026-07-16 10:06:27,569 [INFO] trainer: epoch 411 step 50/54 loss=1.0866 lr=1.68e-05
2026-07-16 10:06:29,003 [INFO] trainer: epoch 411 done train_loss=1.0880 dt=20.1s
2026-07-16 10:06:47,837 [INFO] trainer: epoch 412 step 50/54 loss=1.0768 lr=1.64e-05
2026-07-16 10:06:49,270 [INFO] trainer: epoch 412 done train_loss=1.0740 dt=20.3s
2026-07-16 10:07:08,366 [INFO] trainer: epoch 413 step 50/54 loss=1.0717 lr=1.61e-05
2026-07-16 10:07:09,797 [INFO] trainer: epoch 413 done train_loss=1.0874 dt=20.5s
2026-07-16 10:07:28,690 [INFO] trainer: epoch 414 step 50/54 loss=1.1011 lr=1.58e-05
2026-07-16 10:07:30,123 [INFO] trainer: epoch 414 done train_loss=1.0994 dt=20.3s
2026-07-16 10:07:49,075 [INFO] trainer: epoch 415 step 50/54 loss=1.0849 lr=1.54e-05
2026-07-16 10:07:50,506 [INFO] trainer: epoch 415 done train_loss=1.0779 dt=20.4s
2026-07-16 10:08:09,247 [INFO] trainer: epoch 416 step 50/54 loss=1.0615 lr=1.51e-05
2026-07-16 10:08:10,679 [INFO] trainer: epoch 416 done train_loss=1.0680 dt=20.2s
2026-07-16 10:08:29,362 [INFO] trainer: epoch 417 step 50/54 loss=1.0947 lr=1.48e-05
2026-07-16 10:08:30,795 [INFO] trainer: epoch 417 done train_loss=1.0927 dt=20.1s
2026-07-16 10:08:49,535 [INFO] trainer: epoch 418 step 50/54 loss=1.1100 lr=1.45e-05
2026-07-16 10:08:50,968 [INFO] trainer: epoch 418 done train_loss=1.1072 dt=20.2s
2026-07-16 10:09:09,911 [INFO] trainer: epoch 419 step 50/54 loss=1.1007 lr=1.41e-05
2026-07-16 10:09:11,340 [INFO] trainer: epoch 419 done train_loss=1.0991 dt=20.4s
2026-07-16 10:09:30,356 [INFO] trainer: epoch 420 step 50/54 loss=1.0401 lr=1.38e-05
2026-07-16 10:09:31,791 [INFO] trainer: epoch 420 done train_loss=1.0378 dt=20.5s
2026-07-16 10:09:50,872 [INFO] trainer: epoch 421 step 50/54 loss=1.0862 lr=1.35e-05
2026-07-16 10:09:52,300 [INFO] trainer: epoch 421 done train_loss=1.0840 dt=20.1s
2026-07-16 10:10:10,883 [INFO] trainer: epoch 422 step 50/54 loss=1.0608 lr=1.32e-05
2026-07-16 10:10:12,322 [INFO] trainer: epoch 422 done train_loss=1.0657 dt=20.0s
2026-07-16 10:10:31,166 [INFO] trainer: epoch 423 step 50/54 loss=1.0615 lr=1.29e-05
2026-07-16 10:10:32,598 [INFO] trainer: epoch 423 done train_loss=1.0558 dt=20.3s
2026-07-16 10:10:51,315 [INFO] trainer: epoch 424 step 50/54 loss=1.0727 lr=1.26e-05
2026-07-16 10:10:52,916 [INFO] trainer: epoch 424 done train_loss=1.0715 dt=20.2s
2026-07-16 10:11:11,678 [INFO] trainer: epoch 425 step 50/54 loss=1.0750 lr=1.23e-05
2026-07-16 10:11:13,114 [INFO] trainer: epoch 425 done train_loss=1.0845 dt=20.2s
2026-07-16 10:12:33,015 [INFO] trainer: epoch 425 val_mean_dice=0.7578
2026-07-16 10:12:51,715 [INFO] trainer: epoch 426 step 50/54 loss=1.0867 lr=1.20e-05
2026-07-16 10:12:53,148 [INFO] trainer: epoch 426 done train_loss=1.0892 dt=20.1s
2026-07-16 10:13:12,020 [INFO] trainer: epoch 427 step 50/54 loss=1.0492 lr=1.17e-05
2026-07-16 10:13:13,457 [INFO] trainer: epoch 427 done train_loss=1.0416 dt=20.3s
2026-07-16 10:13:32,180 [INFO] trainer: epoch 428 step 50/54 loss=1.1276 lr=1.14e-05
2026-07-16 10:13:33,610 [INFO] trainer: epoch 428 done train_loss=1.1297 dt=20.2s
2026-07-16 10:13:52,371 [INFO] trainer: epoch 429 step 50/54 loss=1.0741 lr=1.12e-05
2026-07-16 10:13:53,809 [INFO] trainer: epoch 429 done train_loss=1.0772 dt=20.2s
2026-07-16 10:14:12,720 [INFO] trainer: epoch 430 step 50/54 loss=1.0549 lr=1.09e-05
2026-07-16 10:14:14,155 [INFO] trainer: epoch 430 done train_loss=1.0422 dt=20.3s
2026-07-16 10:14:33,325 [INFO] trainer: epoch 431 step 50/54 loss=1.1043 lr=1.06e-05
2026-07-16 10:14:34,757 [INFO] trainer: epoch 431 done train_loss=1.1003 dt=20.2s
2026-07-16 10:14:53,540 [INFO] trainer: epoch 432 step 50/54 loss=1.1015 lr=1.03e-05
2026-07-16 10:14:54,974 [INFO] trainer: epoch 432 done train_loss=1.0979 dt=20.2s
2026-07-16 10:15:13,649 [INFO] trainer: epoch 433 step 50/54 loss=1.0817 lr=1.01e-05
2026-07-16 10:15:15,081 [INFO] trainer: epoch 433 done train_loss=1.0768 dt=20.1s
2026-07-16 10:15:33,950 [INFO] trainer: epoch 434 step 50/54 loss=1.0848 lr=9.80e-06
2026-07-16 10:15:35,382 [INFO] trainer: epoch 434 done train_loss=1.0971 dt=20.3s
2026-07-16 10:15:54,298 [INFO] trainer: epoch 435 step 50/54 loss=1.0899 lr=9.54e-06
2026-07-16 10:15:55,727 [INFO] trainer: epoch 435 done train_loss=1.0874 dt=20.3s
2026-07-16 10:16:14,472 [INFO] trainer: epoch 436 step 50/54 loss=1.0813 lr=9.28e-06
2026-07-16 10:16:15,903 [INFO] trainer: epoch 436 done train_loss=1.0740 dt=20.2s
2026-07-16 10:16:34,561 [INFO] trainer: epoch 437 step 50/54 loss=1.0588 lr=9.03e-06
2026-07-16 10:16:35,990 [INFO] trainer: epoch 437 done train_loss=1.0625 dt=20.1s
2026-07-16 10:16:54,831 [INFO] trainer: epoch 438 step 50/54 loss=1.0337 lr=8.78e-06
2026-07-16 10:16:56,259 [INFO] trainer: epoch 438 done train_loss=1.0530 dt=20.3s
2026-07-16 10:17:15,066 [INFO] trainer: epoch 439 step 50/54 loss=1.0808 lr=8.53e-06
2026-07-16 10:17:16,495 [INFO] trainer: epoch 439 done train_loss=1.0943 dt=20.2s
2026-07-16 10:17:35,531 [INFO] trainer: epoch 440 step 50/54 loss=1.0329 lr=8.29e-06
2026-07-16 10:17:36,966 [INFO] trainer: epoch 440 done train_loss=1.0346 dt=20.5s
2026-07-16 10:17:55,853 [INFO] trainer: epoch 441 step 50/54 loss=1.0733 lr=8.05e-06
2026-07-16 10:17:57,285 [INFO] trainer: epoch 441 done train_loss=1.0876 dt=20.0s
2026-07-16 10:18:15,990 [INFO] trainer: epoch 442 step 50/54 loss=1.0294 lr=7.82e-06
2026-07-16 10:18:17,423 [INFO] trainer: epoch 442 done train_loss=1.0427 dt=20.1s
2026-07-16 10:18:36,338 [INFO] trainer: epoch 443 step 50/54 loss=1.0920 lr=7.59e-06
2026-07-16 10:18:37,767 [INFO] trainer: epoch 443 done train_loss=1.0912 dt=20.3s
2026-07-16 10:18:56,683 [INFO] trainer: epoch 444 step 50/54 loss=1.0296 lr=7.36e-06
2026-07-16 10:18:58,117 [INFO] trainer: epoch 444 done train_loss=1.0248 dt=20.3s
2026-07-16 10:19:16,987 [INFO] trainer: epoch 445 step 50/54 loss=1.1138 lr=7.14e-06
2026-07-16 10:19:18,422 [INFO] trainer: epoch 445 done train_loss=1.1043 dt=20.3s
2026-07-16 10:19:37,182 [INFO] trainer: epoch 446 step 50/54 loss=1.0822 lr=6.92e-06
2026-07-16 10:19:38,610 [INFO] trainer: epoch 446 done train_loss=1.0982 dt=20.2s
2026-07-16 10:19:57,393 [INFO] trainer: epoch 447 step 50/54 loss=1.0819 lr=6.71e-06
2026-07-16 10:19:58,821 [INFO] trainer: epoch 447 done train_loss=1.0661 dt=20.2s
2026-07-16 10:20:17,543 [INFO] trainer: epoch 448 step 50/54 loss=1.0540 lr=6.49e-06
2026-07-16 10:20:18,970 [INFO] trainer: epoch 448 done train_loss=1.0483 dt=20.1s
2026-07-16 10:20:37,827 [INFO] trainer: epoch 449 step 50/54 loss=1.0598 lr=6.29e-06
2026-07-16 10:20:39,259 [INFO] trainer: epoch 449 done train_loss=1.0514 dt=20.3s
2026-07-16 10:20:58,000 [INFO] trainer: epoch 450 step 50/54 loss=1.0832 lr=6.08e-06
2026-07-16 10:20:59,437 [INFO] trainer: epoch 450 done train_loss=1.0852 dt=20.2s
2026-07-16 10:22:19,316 [INFO] trainer: epoch 450 val_mean_dice=0.7603
2026-07-16 10:22:39,170 [INFO] trainer: epoch 451 step 50/54 loss=1.0678 lr=5.88e-06
2026-07-16 10:22:40,597 [INFO] trainer: epoch 451 done train_loss=1.0692 dt=20.3s
2026-07-16 10:22:59,228 [INFO] trainer: epoch 452 step 50/54 loss=1.0791 lr=5.69e-06
2026-07-16 10:23:00,654 [INFO] trainer: epoch 452 done train_loss=1.0795 dt=20.1s
2026-07-16 10:23:19,459 [INFO] trainer: epoch 453 step 50/54 loss=1.1041 lr=5.50e-06
2026-07-16 10:23:20,889 [INFO] trainer: epoch 453 done train_loss=1.1046 dt=20.2s
2026-07-16 10:23:39,605 [INFO] trainer: epoch 454 step 50/54 loss=1.1388 lr=5.31e-06
2026-07-16 10:23:41,035 [INFO] trainer: epoch 454 done train_loss=1.1260 dt=20.1s
2026-07-16 10:23:59,640 [INFO] trainer: epoch 455 step 50/54 loss=1.1157 lr=5.13e-06
2026-07-16 10:24:01,072 [INFO] trainer: epoch 455 done train_loss=1.1167 dt=20.0s
2026-07-16 10:24:19,974 [INFO] trainer: epoch 456 step 50/54 loss=1.0847 lr=4.95e-06
2026-07-16 10:24:21,406 [INFO] trainer: epoch 456 done train_loss=1.0981 dt=20.3s
2026-07-16 10:24:40,190 [INFO] trainer: epoch 457 step 50/54 loss=0.9973 lr=4.77e-06
2026-07-16 10:24:41,627 [INFO] trainer: epoch 457 done train_loss=0.9990 dt=20.2s
2026-07-16 10:25:00,448 [INFO] trainer: epoch 458 step 50/54 loss=1.0824 lr=4.60e-06
2026-07-16 10:25:01,884 [INFO] trainer: epoch 458 done train_loss=1.0745 dt=20.3s
2026-07-16 10:25:20,620 [INFO] trainer: epoch 459 step 50/54 loss=1.0190 lr=4.43e-06
2026-07-16 10:25:22,054 [INFO] trainer: epoch 459 done train_loss=1.0402 dt=20.2s
2026-07-16 10:25:40,824 [INFO] trainer: epoch 460 step 50/54 loss=1.0894 lr=4.27e-06
2026-07-16 10:25:42,258 [INFO] trainer: epoch 460 done train_loss=1.0921 dt=20.2s
2026-07-16 10:26:01,215 [INFO] trainer: epoch 461 step 50/54 loss=1.0855 lr=4.11e-06
2026-07-16 10:26:02,643 [INFO] trainer: epoch 461 done train_loss=1.0862 dt=20.1s
2026-07-16 10:26:21,482 [INFO] trainer: epoch 462 step 50/54 loss=1.0666 lr=3.95e-06
2026-07-16 10:26:22,914 [INFO] trainer: epoch 462 done train_loss=1.0860 dt=20.3s
2026-07-16 10:26:41,805 [INFO] trainer: epoch 463 step 50/54 loss=1.0539 lr=3.80e-06
2026-07-16 10:26:43,238 [INFO] trainer: epoch 463 done train_loss=1.0719 dt=20.3s
2026-07-16 10:27:02,050 [INFO] trainer: epoch 464 step 50/54 loss=1.0548 lr=3.65e-06
2026-07-16 10:27:03,488 [INFO] trainer: epoch 464 done train_loss=1.0515 dt=20.3s
2026-07-16 10:27:22,190 [INFO] trainer: epoch 465 step 50/54 loss=1.0748 lr=3.51e-06
2026-07-16 10:27:23,621 [INFO] trainer: epoch 465 done train_loss=1.0770 dt=20.1s
2026-07-16 10:27:42,421 [INFO] trainer: epoch 466 step 50/54 loss=1.0954 lr=3.36e-06
2026-07-16 10:27:43,860 [INFO] trainer: epoch 466 done train_loss=1.0864 dt=20.2s
2026-07-16 10:28:02,631 [INFO] trainer: epoch 467 step 50/54 loss=1.0595 lr=3.23e-06
2026-07-16 10:28:04,063 [INFO] trainer: epoch 467 done train_loss=1.0591 dt=20.2s
2026-07-16 10:28:22,600 [INFO] trainer: epoch 468 step 50/54 loss=1.0247 lr=3.10e-06
2026-07-16 10:28:24,030 [INFO] trainer: epoch 468 done train_loss=1.0467 dt=20.0s
2026-07-16 10:28:42,718 [INFO] trainer: epoch 469 step 50/54 loss=1.0681 lr=2.97e-06
2026-07-16 10:28:44,152 [INFO] trainer: epoch 469 done train_loss=1.0701 dt=20.1s
2026-07-16 10:29:02,991 [INFO] trainer: epoch 470 step 50/54 loss=1.0526 lr=2.84e-06
2026-07-16 10:29:04,423 [INFO] trainer: epoch 470 done train_loss=1.0479 dt=20.3s
2026-07-16 10:29:23,422 [INFO] trainer: epoch 471 step 50/54 loss=1.0492 lr=2.72e-06
2026-07-16 10:29:24,848 [INFO] trainer: epoch 471 done train_loss=1.0666 dt=20.1s
2026-07-16 10:29:43,511 [INFO] trainer: epoch 472 step 50/54 loss=1.0803 lr=2.61e-06
2026-07-16 10:29:44,944 [INFO] trainer: epoch 472 done train_loss=1.0761 dt=20.1s
2026-07-16 10:30:03,829 [INFO] trainer: epoch 473 step 50/54 loss=1.0702 lr=2.50e-06
2026-07-16 10:30:05,262 [INFO] trainer: epoch 473 done train_loss=1.0701 dt=20.3s
2026-07-16 10:30:24,131 [INFO] trainer: epoch 474 step 50/54 loss=1.0351 lr=2.39e-06
2026-07-16 10:30:25,565 [INFO] trainer: epoch 474 done train_loss=1.0316 dt=20.3s
2026-07-16 10:30:44,136 [INFO] trainer: epoch 475 step 50/54 loss=1.0813 lr=2.28e-06
2026-07-16 10:30:45,564 [INFO] trainer: epoch 475 done train_loss=1.0962 dt=20.0s
2026-07-16 10:32:08,560 [INFO] trainer: epoch 475 val_mean_dice=0.7617
2026-07-16 10:32:27,745 [INFO] trainer: epoch 476 step 50/54 loss=1.0925 lr=2.18e-06
2026-07-16 10:32:29,182 [INFO] trainer: epoch 476 done train_loss=1.0947 dt=20.2s
2026-07-16 10:32:48,079 [INFO] trainer: epoch 477 step 50/54 loss=1.0812 lr=2.09e-06
2026-07-16 10:32:49,514 [INFO] trainer: epoch 477 done train_loss=1.1009 dt=20.3s
2026-07-16 10:33:08,348 [INFO] trainer: epoch 478 step 50/54 loss=1.0809 lr=1.99e-06
2026-07-16 10:33:09,780 [INFO] trainer: epoch 478 done train_loss=1.0758 dt=20.3s
2026-07-16 10:33:28,664 [INFO] trainer: epoch 479 step 50/54 loss=1.1102 lr=1.91e-06
2026-07-16 10:33:30,100 [INFO] trainer: epoch 479 done train_loss=1.1047 dt=20.3s
2026-07-16 10:33:48,770 [INFO] trainer: epoch 480 step 50/54 loss=1.0343 lr=1.82e-06
2026-07-16 10:33:50,203 [INFO] trainer: epoch 480 done train_loss=1.0259 dt=20.1s
2026-07-16 10:34:09,317 [INFO] trainer: epoch 481 step 50/54 loss=1.0839 lr=1.74e-06
2026-07-16 10:34:10,751 [INFO] trainer: epoch 481 done train_loss=1.0836 dt=20.2s
2026-07-16 10:34:29,651 [INFO] trainer: epoch 482 step 50/54 loss=1.0787 lr=1.67e-06
2026-07-16 10:34:31,086 [INFO] trainer: epoch 482 done train_loss=1.0705 dt=20.3s
2026-07-16 10:34:49,860 [INFO] trainer: epoch 483 step 50/54 loss=1.0551 lr=1.60e-06
2026-07-16 10:34:51,302 [INFO] trainer: epoch 483 done train_loss=1.0529 dt=20.2s
2026-07-16 10:35:09,952 [INFO] trainer: epoch 484 step 50/54 loss=1.1196 lr=1.53e-06
2026-07-16 10:35:11,389 [INFO] trainer: epoch 484 done train_loss=1.1204 dt=20.1s
2026-07-16 10:35:30,350 [INFO] trainer: epoch 485 step 50/54 loss=1.0633 lr=1.46e-06
2026-07-16 10:35:31,787 [INFO] trainer: epoch 485 done train_loss=1.0723 dt=20.4s
2026-07-16 10:35:50,625 [INFO] trainer: epoch 486 step 50/54 loss=1.0684 lr=1.40e-06
2026-07-16 10:35:52,055 [INFO] trainer: epoch 486 done train_loss=1.0822 dt=20.3s
2026-07-16 10:36:11,025 [INFO] trainer: epoch 487 step 50/54 loss=1.0702 lr=1.35e-06
2026-07-16 10:36:12,461 [INFO] trainer: epoch 487 done train_loss=1.0672 dt=20.4s
2026-07-16 10:36:36,474 [INFO] trainer: epoch 488 step 50/54 loss=1.0803 lr=1.30e-06
2026-07-16 10:36:37,891 [INFO] trainer: epoch 488 done train_loss=1.0882 dt=25.4s
2026-07-16 10:36:56,679 [INFO] trainer: epoch 489 step 50/54 loss=1.0651 lr=1.25e-06
2026-07-16 10:36:58,116 [INFO] trainer: epoch 489 done train_loss=1.0728 dt=20.2s
2026-07-16 10:37:17,066 [INFO] trainer: epoch 490 step 50/54 loss=1.1313 lr=1.21e-06
2026-07-16 10:37:18,497 [INFO] trainer: epoch 490 done train_loss=1.1211 dt=20.4s
2026-07-16 10:37:37,716 [INFO] trainer: epoch 491 step 50/54 loss=1.0653 lr=1.17e-06
2026-07-16 10:37:39,147 [INFO] trainer: epoch 491 done train_loss=1.0723 dt=20.4s
2026-07-16 10:37:58,005 [INFO] trainer: epoch 492 step 50/54 loss=1.0590 lr=1.13e-06
2026-07-16 10:37:59,436 [INFO] trainer: epoch 492 done train_loss=1.0769 dt=20.3s
2026-07-16 10:38:18,238 [INFO] trainer: epoch 493 step 50/54 loss=1.0396 lr=1.10e-06
2026-07-16 10:38:19,667 [INFO] trainer: epoch 493 done train_loss=1.0370 dt=20.2s
2026-07-16 10:38:38,692 [INFO] trainer: epoch 494 step 50/54 loss=1.1075 lr=1.08e-06
2026-07-16 10:38:40,122 [INFO] trainer: epoch 494 done train_loss=1.1095 dt=20.5s
2026-07-16 10:38:58,794 [INFO] trainer: epoch 495 step 50/54 loss=1.0849 lr=1.05e-06
2026-07-16 10:39:00,226 [INFO] trainer: epoch 495 done train_loss=1.0879 dt=20.1s
2026-07-16 10:39:19,206 [INFO] trainer: epoch 496 step 50/54 loss=1.0949 lr=1.03e-06
2026-07-16 10:39:20,640 [INFO] trainer: epoch 496 done train_loss=1.0829 dt=20.4s
2026-07-16 10:39:39,326 [INFO] trainer: epoch 497 step 50/54 loss=1.0702 lr=1.02e-06
2026-07-16 10:39:40,759 [INFO] trainer: epoch 497 done train_loss=1.0782 dt=20.1s
2026-07-16 10:39:59,567 [INFO] trainer: epoch 498 step 50/54 loss=1.0446 lr=1.01e-06
2026-07-16 10:40:00,996 [INFO] trainer: epoch 498 done train_loss=1.0634 dt=20.2s
2026-07-16 10:40:19,664 [INFO] trainer: epoch 499 step 50/54 loss=1.0595 lr=1.00e-06
2026-07-16 10:40:21,102 [INFO] trainer: epoch 499 done train_loss=1.0865 dt=20.1s
2026-07-16 10:40:40,645 [INFO] trainer: epoch 500 step 50/54 loss=1.1154 lr=1.00e-06
2026-07-16 10:40:42,081 [INFO] trainer: epoch 500 done train_loss=1.1022 dt=21.0s
2026-07-16 10:42:08,345 [INFO] trainer: epoch 500 val_mean_dice=0.7627
2026-07-16 10:42:09,500 [INFO] trainer: total time 11736.2 s, best dice 0.7627 (epochs 1-500 / 500)
