2026-07-16 07:23:14,734 [INFO] train: ========================================================================
2026-07-16 07:23:14,735 [INFO] train: model=voco_h config=configs/lowshot/ls_vocoH_frz_pt_f010.yaml
2026-07-16 07:23:14,735 [INFO] train: output=/scratch/lskrlj/runs/ls_vocoH_frz_pt_f010 device=cuda (NVIDIA A100-SXM4-40GB)
2026-07-16 07:23:14,736 [INFO] train: epochs=500 batch_size=2 grad_accum=2 eff_batch=4 lr=0.0002 amp=True
2026-07-16 07:23:14,736 [INFO] train: ========================================================================
2026-07-16 07:23:14,739 [INFO] train: splits: train=1082 val=57 classes=117
2026-07-16 07:23:14,740 [INFO] train: low-shot: train_fraction=0.1000 seed=1234 -> 108/1082 train cases
2026-07-16 07:23:15,033 [INFO] train: disk cache: /scratch/lskrlj/cache/TotalSeg/833d9d046402 (fingerprint=833d9d046402)
2026-07-16 07:26:12,776 [INFO] train: model voco_h, trainable params: 9749112 / 304612890 total (freeze_backbone=True)
2026-07-16 07:26:33,249 [WARNING] trainer: --resume set but no checkpoint found in /scratch/lskrlj/runs/ls_vocoH_frz_pt_f010; starting fresh
2026-07-16 07:26:33,251 [INFO] trainer: start: epochs 1-500/500 device=cuda amp=bf16 train_batches=54 val_batches=57
2026-07-16 07:26:55,582 [INFO] trainer: epoch 1 step 50/54 loss=11.4066 lr=1.85e-05
2026-07-16 07:26:56,937 [INFO] trainer: epoch 1 done train_loss=11.3771 dt=23.7s
2026-07-16 07:27:16,141 [INFO] trainer: epoch 2 step 50/54 loss=10.2963 lr=3.85e-05
2026-07-16 07:27:17,496 [INFO] trainer: epoch 2 done train_loss=10.2517 dt=20.6s
2026-07-16 07:27:36,395 [INFO] trainer: epoch 3 step 50/54 loss=9.2239 lr=5.85e-05
2026-07-16 07:27:37,752 [INFO] trainer: epoch 3 done train_loss=9.2039 dt=20.3s
2026-07-16 07:27:56,387 [INFO] trainer: epoch 4 step 50/54 loss=8.5380 lr=7.85e-05
2026-07-16 07:27:57,742 [INFO] trainer: epoch 4 done train_loss=8.5180 dt=20.0s
2026-07-16 07:28:15,982 [INFO] trainer: epoch 5 step 50/54 loss=8.0829 lr=9.85e-05
2026-07-16 07:28:17,336 [INFO] trainer: epoch 5 done train_loss=8.0767 dt=19.6s
2026-07-16 07:28:36,201 [INFO] trainer: epoch 6 step 50/54 loss=7.6943 lr=1.19e-04
2026-07-16 07:28:37,613 [INFO] trainer: epoch 6 done train_loss=7.6694 dt=20.3s
2026-07-16 07:28:56,120 [INFO] trainer: epoch 7 step 50/54 loss=7.2413 lr=1.39e-04
2026-07-16 07:28:57,472 [INFO] trainer: epoch 7 done train_loss=7.2344 dt=19.9s
2026-07-16 07:29:16,104 [INFO] trainer: epoch 8 step 50/54 loss=6.8567 lr=1.59e-04
2026-07-16 07:29:17,469 [INFO] trainer: epoch 8 done train_loss=6.8469 dt=20.0s
2026-07-16 07:29:36,555 [INFO] trainer: epoch 9 step 50/54 loss=6.4969 lr=1.79e-04
2026-07-16 07:29:37,927 [INFO] trainer: epoch 9 done train_loss=6.4719 dt=20.5s
2026-07-16 07:29:56,261 [INFO] trainer: epoch 10 step 50/54 loss=6.1000 lr=1.99e-04
2026-07-16 07:29:57,619 [INFO] trainer: epoch 10 done train_loss=6.0917 dt=19.7s
2026-07-16 07:30:18,470 [INFO] trainer: epoch 11 step 50/54 loss=5.7439 lr=2.00e-04
2026-07-16 07:30:19,824 [INFO] trainer: epoch 11 done train_loss=5.7335 dt=20.2s
2026-07-16 07:30:38,089 [INFO] trainer: epoch 12 step 50/54 loss=5.4229 lr=2.00e-04
2026-07-16 07:30:39,444 [INFO] trainer: epoch 12 done train_loss=5.4039 dt=19.6s
2026-07-16 07:30:58,141 [INFO] trainer: epoch 13 step 50/54 loss=5.1188 lr=2.00e-04
2026-07-16 07:30:59,495 [INFO] trainer: epoch 13 done train_loss=5.1000 dt=20.1s
2026-07-16 07:31:18,278 [INFO] trainer: epoch 14 step 50/54 loss=4.8487 lr=2.00e-04
2026-07-16 07:31:19,636 [INFO] trainer: epoch 14 done train_loss=4.8373 dt=20.1s
2026-07-16 07:31:38,660 [INFO] trainer: epoch 15 step 50/54 loss=4.6000 lr=2.00e-04
2026-07-16 07:31:40,017 [INFO] trainer: epoch 15 done train_loss=4.5943 dt=20.4s
2026-07-16 07:31:58,688 [INFO] trainer: epoch 16 step 50/54 loss=4.4022 lr=2.00e-04
2026-07-16 07:32:00,125 [INFO] trainer: epoch 16 done train_loss=4.3944 dt=20.1s
2026-07-16 07:32:19,312 [INFO] trainer: epoch 17 step 50/54 loss=4.1638 lr=2.00e-04
2026-07-16 07:32:20,671 [INFO] trainer: epoch 17 done train_loss=4.1553 dt=20.5s
2026-07-16 07:32:39,193 [INFO] trainer: epoch 18 step 50/54 loss=4.0078 lr=2.00e-04
2026-07-16 07:32:40,911 [INFO] trainer: epoch 18 done train_loss=3.9976 dt=20.2s
2026-07-16 07:33:01,464 [INFO] trainer: epoch 19 step 50/54 loss=3.8228 lr=2.00e-04
2026-07-16 07:33:03,282 [INFO] trainer: epoch 19 done train_loss=3.8253 dt=22.4s
2026-07-16 07:33:23,619 [INFO] trainer: epoch 20 step 50/54 loss=3.7163 lr=2.00e-04
2026-07-16 07:33:24,978 [INFO] trainer: epoch 20 done train_loss=3.7208 dt=21.7s
2026-07-16 07:33:45,011 [INFO] trainer: epoch 21 step 50/54 loss=3.5857 lr=2.00e-04
2026-07-16 07:33:46,366 [INFO] trainer: epoch 21 done train_loss=3.5930 dt=19.3s
2026-07-16 07:34:05,175 [INFO] trainer: epoch 22 step 50/54 loss=3.4810 lr=2.00e-04
2026-07-16 07:34:06,533 [INFO] trainer: epoch 22 done train_loss=3.4777 dt=20.2s
2026-07-16 07:34:24,701 [INFO] trainer: epoch 23 step 50/54 loss=3.3627 lr=2.00e-04
2026-07-16 07:34:26,058 [INFO] trainer: epoch 23 done train_loss=3.3579 dt=19.5s
2026-07-16 07:34:43,663 [INFO] trainer: epoch 24 step 50/54 loss=3.2236 lr=2.00e-04
2026-07-16 07:34:45,021 [INFO] trainer: epoch 24 done train_loss=3.2190 dt=19.0s
2026-07-16 07:35:02,928 [INFO] trainer: epoch 25 step 50/54 loss=3.1343 lr=2.00e-04
2026-07-16 07:35:04,282 [INFO] trainer: epoch 25 done train_loss=3.1316 dt=19.3s
2026-07-16 07:37:45,742 [INFO] trainer: epoch 25 val_mean_dice=0.0197
2026-07-16 07:38:08,779 [INFO] trainer: epoch 26 step 50/54 loss=3.0598 lr=1.99e-04
2026-07-16 07:38:10,231 [INFO] trainer: epoch 26 done train_loss=3.0500 dt=22.5s
2026-07-16 07:38:30,455 [INFO] trainer: epoch 27 step 50/54 loss=2.9591 lr=1.99e-04
2026-07-16 07:38:31,811 [INFO] trainer: epoch 27 done train_loss=2.9650 dt=21.6s
2026-07-16 07:38:50,432 [INFO] trainer: epoch 28 step 50/54 loss=2.9054 lr=1.99e-04
2026-07-16 07:38:51,794 [INFO] trainer: epoch 28 done train_loss=2.9017 dt=20.0s
2026-07-16 07:39:10,543 [INFO] trainer: epoch 29 step 50/54 loss=2.8399 lr=1.99e-04
2026-07-16 07:39:11,918 [INFO] trainer: epoch 29 done train_loss=2.8413 dt=20.1s
2026-07-16 07:39:31,493 [INFO] trainer: epoch 30 step 50/54 loss=2.7662 lr=1.99e-04
2026-07-16 07:39:32,854 [INFO] trainer: epoch 30 done train_loss=2.7651 dt=20.9s
2026-07-16 07:39:55,398 [INFO] trainer: epoch 31 step 50/54 loss=2.7120 lr=1.99e-04
2026-07-16 07:39:56,759 [INFO] trainer: epoch 31 done train_loss=2.7104 dt=20.7s
2026-07-16 07:40:15,857 [INFO] trainer: epoch 32 step 50/54 loss=2.6602 lr=1.99e-04
2026-07-16 07:40:17,230 [INFO] trainer: epoch 32 done train_loss=2.6664 dt=20.5s
2026-07-16 07:40:36,645 [INFO] trainer: epoch 33 step 50/54 loss=2.6152 lr=1.99e-04
2026-07-16 07:40:38,014 [INFO] trainer: epoch 33 done train_loss=2.6086 dt=20.8s
2026-07-16 07:40:57,342 [INFO] trainer: epoch 34 step 50/54 loss=2.6014 lr=1.99e-04
2026-07-16 07:40:58,695 [INFO] trainer: epoch 34 done train_loss=2.6008 dt=20.7s
2026-07-16 07:41:18,326 [INFO] trainer: epoch 35 step 50/54 loss=2.5466 lr=1.99e-04
2026-07-16 07:41:19,676 [INFO] trainer: epoch 35 done train_loss=2.5439 dt=21.0s
2026-07-16 07:41:38,608 [INFO] trainer: epoch 36 step 50/54 loss=2.5306 lr=1.99e-04
2026-07-16 07:41:39,981 [INFO] trainer: epoch 36 done train_loss=2.5230 dt=20.3s
2026-07-16 07:41:58,539 [INFO] trainer: epoch 37 step 50/54 loss=2.4851 lr=1.99e-04
2026-07-16 07:41:59,895 [INFO] trainer: epoch 37 done train_loss=2.4874 dt=19.9s
2026-07-16 07:42:18,945 [INFO] trainer: epoch 38 step 50/54 loss=2.4484 lr=1.98e-04
2026-07-16 07:42:20,297 [INFO] trainer: epoch 38 done train_loss=2.4532 dt=20.4s
2026-07-16 07:42:41,906 [INFO] trainer: epoch 39 step 50/54 loss=2.4151 lr=1.98e-04
2026-07-16 07:42:43,766 [INFO] trainer: epoch 39 done train_loss=2.4169 dt=23.5s
2026-07-16 07:43:05,067 [INFO] trainer: epoch 40 step 50/54 loss=2.3884 lr=1.98e-04
2026-07-16 07:43:06,424 [INFO] trainer: epoch 40 done train_loss=2.3779 dt=22.7s
2026-07-16 07:43:28,363 [INFO] trainer: epoch 41 step 50/54 loss=2.3397 lr=1.98e-04
2026-07-16 07:43:29,766 [INFO] trainer: epoch 41 done train_loss=2.3395 dt=21.2s
2026-07-16 07:43:49,183 [INFO] trainer: epoch 42 step 50/54 loss=2.3038 lr=1.98e-04
2026-07-16 07:43:50,536 [INFO] trainer: epoch 42 done train_loss=2.3067 dt=20.8s
2026-07-16 07:44:09,850 [INFO] trainer: epoch 43 step 50/54 loss=2.3044 lr=1.98e-04
2026-07-16 07:44:11,346 [INFO] trainer: epoch 43 done train_loss=2.3050 dt=20.8s
2026-07-16 07:44:29,954 [INFO] trainer: epoch 44 step 50/54 loss=2.2745 lr=1.98e-04
2026-07-16 07:44:31,333 [INFO] trainer: epoch 44 done train_loss=2.2679 dt=20.0s
2026-07-16 07:44:52,751 [INFO] trainer: epoch 45 step 50/54 loss=2.2228 lr=1.98e-04
2026-07-16 07:44:54,672 [INFO] trainer: epoch 45 done train_loss=2.2321 dt=23.3s
2026-07-16 07:45:15,067 [INFO] trainer: epoch 46 step 50/54 loss=2.2092 lr=1.97e-04
2026-07-16 07:45:16,424 [INFO] trainer: epoch 46 done train_loss=2.2044 dt=21.8s
2026-07-16 07:45:34,895 [INFO] trainer: epoch 47 step 50/54 loss=2.2000 lr=1.97e-04
2026-07-16 07:45:36,256 [INFO] trainer: epoch 47 done train_loss=2.1962 dt=19.8s
2026-07-16 07:45:55,371 [INFO] trainer: epoch 48 step 50/54 loss=2.1868 lr=1.97e-04
2026-07-16 07:45:57,204 [INFO] trainer: epoch 48 done train_loss=2.1854 dt=20.9s
2026-07-16 07:46:18,888 [INFO] trainer: epoch 49 step 50/54 loss=2.1355 lr=1.97e-04
2026-07-16 07:46:20,287 [INFO] trainer: epoch 49 done train_loss=2.1407 dt=23.1s
2026-07-16 07:46:38,545 [INFO] trainer: epoch 50 step 50/54 loss=2.1206 lr=1.97e-04
2026-07-16 07:46:39,906 [INFO] trainer: epoch 50 done train_loss=2.1091 dt=19.6s
2026-07-16 07:49:30,540 [INFO] trainer: epoch 50 val_mean_dice=0.2940
2026-07-16 07:49:56,365 [INFO] trainer: epoch 51 step 50/54 loss=2.0607 lr=1.97e-04
2026-07-16 07:49:57,863 [INFO] trainer: epoch 51 done train_loss=2.0630 dt=20.1s
2026-07-16 07:50:19,294 [INFO] trainer: epoch 52 step 50/54 loss=2.0845 lr=1.96e-04
2026-07-16 07:50:20,652 [INFO] trainer: epoch 52 done train_loss=2.0853 dt=22.8s
2026-07-16 07:50:39,227 [INFO] trainer: epoch 53 step 50/54 loss=2.0473 lr=1.96e-04
2026-07-16 07:50:40,868 [INFO] trainer: epoch 53 done train_loss=2.0383 dt=20.2s
2026-07-16 07:51:00,179 [INFO] trainer: epoch 54 step 50/54 loss=1.9866 lr=1.96e-04
2026-07-16 07:51:01,532 [INFO] trainer: epoch 54 done train_loss=2.0031 dt=20.7s
2026-07-16 07:51:21,230 [INFO] trainer: epoch 55 step 50/54 loss=2.0177 lr=1.96e-04
2026-07-16 07:51:22,583 [INFO] trainer: epoch 55 done train_loss=2.0199 dt=21.1s
2026-07-16 07:51:44,088 [INFO] trainer: epoch 56 step 50/54 loss=1.9805 lr=1.96e-04
2026-07-16 07:51:45,897 [INFO] trainer: epoch 56 done train_loss=1.9768 dt=23.3s
2026-07-16 07:52:08,528 [INFO] trainer: epoch 57 step 50/54 loss=1.9648 lr=1.96e-04
2026-07-16 07:52:10,330 [INFO] trainer: epoch 57 done train_loss=1.9668 dt=24.4s
2026-07-16 07:52:31,116 [INFO] trainer: epoch 58 step 50/54 loss=1.9574 lr=1.95e-04
2026-07-16 07:52:32,601 [INFO] trainer: epoch 58 done train_loss=1.9523 dt=22.3s
2026-07-16 07:52:53,002 [INFO] trainer: epoch 59 step 50/54 loss=1.9307 lr=1.95e-04
2026-07-16 07:52:54,449 [INFO] trainer: epoch 59 done train_loss=1.9251 dt=21.8s
2026-07-16 07:53:14,058 [INFO] trainer: epoch 60 step 50/54 loss=1.9108 lr=1.95e-04
2026-07-16 07:53:15,570 [INFO] trainer: epoch 60 done train_loss=1.9147 dt=21.1s
2026-07-16 07:53:38,325 [INFO] trainer: epoch 61 step 50/54 loss=1.9237 lr=1.95e-04
2026-07-16 07:53:39,755 [INFO] trainer: epoch 61 done train_loss=1.9151 dt=22.2s
2026-07-16 07:54:01,122 [INFO] trainer: epoch 62 step 50/54 loss=1.8743 lr=1.95e-04
2026-07-16 07:54:02,780 [INFO] trainer: epoch 62 done train_loss=1.8862 dt=23.0s
2026-07-16 07:54:22,805 [INFO] trainer: epoch 63 step 50/54 loss=1.8748 lr=1.94e-04
2026-07-16 07:54:24,171 [INFO] trainer: epoch 63 done train_loss=1.8696 dt=21.4s
2026-07-16 07:54:43,994 [INFO] trainer: epoch 64 step 50/54 loss=1.8565 lr=1.94e-04
2026-07-16 07:54:45,409 [INFO] trainer: epoch 64 done train_loss=1.8581 dt=21.2s
2026-07-16 07:55:04,967 [INFO] trainer: epoch 65 step 50/54 loss=1.8331 lr=1.94e-04
2026-07-16 07:55:06,366 [INFO] trainer: epoch 65 done train_loss=1.8336 dt=21.0s
2026-07-16 07:55:28,474 [INFO] trainer: epoch 66 step 50/54 loss=1.8032 lr=1.94e-04
2026-07-16 07:55:30,692 [INFO] trainer: epoch 66 done train_loss=1.7958 dt=24.3s
2026-07-16 07:55:51,219 [INFO] trainer: epoch 67 step 50/54 loss=1.8116 lr=1.93e-04
2026-07-16 07:55:52,575 [INFO] trainer: epoch 67 done train_loss=1.8132 dt=21.9s
2026-07-16 07:56:11,556 [INFO] trainer: epoch 68 step 50/54 loss=1.8218 lr=1.93e-04
2026-07-16 07:56:12,913 [INFO] trainer: epoch 68 done train_loss=1.8216 dt=20.3s
2026-07-16 07:56:32,604 [INFO] trainer: epoch 69 step 50/54 loss=1.7866 lr=1.93e-04
2026-07-16 07:56:34,155 [INFO] trainer: epoch 69 done train_loss=1.7778 dt=21.2s
2026-07-16 07:56:54,245 [INFO] trainer: epoch 70 step 50/54 loss=1.8107 lr=1.93e-04
2026-07-16 07:56:55,898 [INFO] trainer: epoch 70 done train_loss=1.8023 dt=21.7s
2026-07-16 07:57:19,366 [INFO] trainer: epoch 71 step 50/54 loss=1.7477 lr=1.93e-04
2026-07-16 07:57:21,092 [INFO] trainer: epoch 71 done train_loss=1.7413 dt=23.2s
2026-07-16 07:57:41,073 [INFO] trainer: epoch 72 step 50/54 loss=1.7772 lr=1.92e-04
2026-07-16 07:57:42,622 [INFO] trainer: epoch 72 done train_loss=1.7686 dt=21.5s
2026-07-16 07:58:03,016 [INFO] trainer: epoch 73 step 50/54 loss=1.7774 lr=1.92e-04
2026-07-16 07:58:04,753 [INFO] trainer: epoch 73 done train_loss=1.7686 dt=22.1s
2026-07-16 07:58:26,879 [INFO] trainer: epoch 74 step 50/54 loss=1.7440 lr=1.92e-04
2026-07-16 07:58:28,535 [INFO] trainer: epoch 74 done train_loss=1.7478 dt=23.8s
2026-07-16 07:58:50,116 [INFO] trainer: epoch 75 step 50/54 loss=1.7545 lr=1.92e-04
2026-07-16 07:58:51,695 [INFO] trainer: epoch 75 done train_loss=1.7395 dt=23.2s
2026-07-16 08:01:51,850 [INFO] trainer: epoch 75 val_mean_dice=0.5711
2026-07-16 08:02:18,548 [INFO] trainer: epoch 76 step 50/54 loss=1.6969 lr=1.91e-04
2026-07-16 08:02:20,406 [INFO] trainer: epoch 76 done train_loss=1.6971 dt=25.4s
2026-07-16 08:02:41,873 [INFO] trainer: epoch 77 step 50/54 loss=1.7387 lr=1.91e-04
2026-07-16 08:02:43,353 [INFO] trainer: epoch 77 done train_loss=1.7308 dt=22.9s
2026-07-16 08:04:00,418 [INFO] trainer: epoch 78 step 50/54 loss=1.7250 lr=1.91e-04
2026-07-16 08:04:01,820 [INFO] trainer: epoch 78 done train_loss=1.7288 dt=78.5s
2026-07-16 08:04:22,167 [INFO] trainer: epoch 79 step 50/54 loss=1.7225 lr=1.90e-04
2026-07-16 08:04:23,538 [INFO] trainer: epoch 79 done train_loss=1.7103 dt=21.7s
2026-07-16 08:04:42,347 [INFO] trainer: epoch 80 step 50/54 loss=1.6846 lr=1.90e-04
2026-07-16 08:04:43,917 [INFO] trainer: epoch 80 done train_loss=1.6684 dt=20.4s
2026-07-16 08:05:05,675 [INFO] trainer: epoch 81 step 50/54 loss=1.7075 lr=1.90e-04
2026-07-16 08:05:07,158 [INFO] trainer: epoch 81 done train_loss=1.6947 dt=21.0s
2026-07-16 08:05:27,317 [INFO] trainer: epoch 82 step 50/54 loss=1.6346 lr=1.90e-04
2026-07-16 08:05:30,543 [INFO] trainer: epoch 82 done train_loss=1.6290 dt=23.4s
2026-07-16 08:05:55,503 [INFO] trainer: epoch 83 step 50/54 loss=1.6412 lr=1.89e-04
2026-07-16 08:05:57,072 [INFO] trainer: epoch 83 done train_loss=1.6474 dt=26.5s
2026-07-16 08:06:18,369 [INFO] trainer: epoch 84 step 50/54 loss=1.6561 lr=1.89e-04
2026-07-16 08:06:21,479 [INFO] trainer: epoch 84 done train_loss=1.6520 dt=24.4s
2026-07-16 08:06:43,627 [INFO] trainer: epoch 85 step 50/54 loss=1.6524 lr=1.89e-04
2026-07-16 08:06:45,942 [INFO] trainer: epoch 85 done train_loss=1.6578 dt=24.5s
2026-07-16 08:07:09,690 [INFO] trainer: epoch 86 step 50/54 loss=1.6038 lr=1.88e-04
2026-07-16 08:07:11,101 [INFO] trainer: epoch 86 done train_loss=1.6087 dt=25.2s
2026-07-16 08:07:31,882 [INFO] trainer: epoch 87 step 50/54 loss=1.5908 lr=1.88e-04
2026-07-16 08:07:33,352 [INFO] trainer: epoch 87 done train_loss=1.6022 dt=22.3s
2026-07-16 08:07:53,671 [INFO] trainer: epoch 88 step 50/54 loss=1.6059 lr=1.88e-04
2026-07-16 08:07:55,101 [INFO] trainer: epoch 88 done train_loss=1.6106 dt=21.7s
2026-07-16 08:08:17,793 [INFO] trainer: epoch 89 step 50/54 loss=1.5979 lr=1.88e-04
2026-07-16 08:08:19,384 [INFO] trainer: epoch 89 done train_loss=1.5920 dt=24.3s
2026-07-16 08:08:41,613 [INFO] trainer: epoch 90 step 50/54 loss=1.5851 lr=1.87e-04
2026-07-16 08:08:43,029 [INFO] trainer: epoch 90 done train_loss=1.5797 dt=23.6s
2026-07-16 08:09:05,129 [INFO] trainer: epoch 91 step 50/54 loss=1.5744 lr=1.87e-04
2026-07-16 08:09:06,621 [INFO] trainer: epoch 91 done train_loss=1.5804 dt=21.2s
2026-07-16 08:09:29,313 [INFO] trainer: epoch 92 step 50/54 loss=1.5308 lr=1.87e-04
2026-07-16 08:09:30,835 [INFO] trainer: epoch 92 done train_loss=1.5355 dt=24.2s
2026-07-16 08:10:15,266 [INFO] trainer: epoch 93 step 50/54 loss=1.6137 lr=1.86e-04
2026-07-16 08:10:16,929 [INFO] trainer: epoch 93 done train_loss=1.6238 dt=46.1s
2026-07-16 08:10:37,104 [INFO] trainer: epoch 94 step 50/54 loss=1.5567 lr=1.86e-04
2026-07-16 08:10:38,567 [INFO] trainer: epoch 94 done train_loss=1.5510 dt=21.6s
2026-07-16 08:10:58,951 [INFO] trainer: epoch 95 step 50/54 loss=1.5944 lr=1.86e-04
2026-07-16 08:11:00,848 [INFO] trainer: epoch 95 done train_loss=1.5862 dt=22.3s
2026-07-16 08:11:20,044 [INFO] trainer: epoch 96 step 50/54 loss=1.6158 lr=1.85e-04
2026-07-16 08:11:21,776 [INFO] trainer: epoch 96 done train_loss=1.6166 dt=20.9s
2026-07-16 08:11:41,774 [INFO] trainer: epoch 97 step 50/54 loss=1.5509 lr=1.85e-04
2026-07-16 08:11:43,270 [INFO] trainer: epoch 97 done train_loss=1.5624 dt=21.5s
2026-07-16 08:12:03,618 [INFO] trainer: epoch 98 step 50/54 loss=1.5496 lr=1.85e-04
2026-07-16 08:12:05,096 [INFO] trainer: epoch 98 done train_loss=1.5558 dt=21.8s
2026-07-16 08:12:26,203 [INFO] trainer: epoch 99 step 50/54 loss=1.5300 lr=1.84e-04
2026-07-16 08:12:27,996 [INFO] trainer: epoch 99 done train_loss=1.5349 dt=22.9s
2026-07-16 08:12:49,411 [INFO] trainer: epoch 100 step 50/54 loss=1.5658 lr=1.84e-04
2026-07-16 08:12:50,919 [INFO] trainer: epoch 100 done train_loss=1.5680 dt=22.9s
2026-07-16 08:15:45,377 [INFO] trainer: epoch 100 val_mean_dice=0.6519
2026-07-16 08:16:10,804 [INFO] trainer: epoch 101 step 50/54 loss=1.5921 lr=1.84e-04
2026-07-16 08:16:12,879 [INFO] trainer: epoch 101 done train_loss=1.5954 dt=23.5s
2026-07-16 08:16:32,775 [INFO] trainer: epoch 102 step 50/54 loss=1.5603 lr=1.83e-04
2026-07-16 08:16:34,308 [INFO] trainer: epoch 102 done train_loss=1.5562 dt=21.4s
2026-07-16 08:16:54,742 [INFO] trainer: epoch 103 step 50/54 loss=1.4835 lr=1.83e-04
2026-07-16 08:16:56,271 [INFO] trainer: epoch 103 done train_loss=1.4866 dt=22.0s
2026-07-16 08:17:15,961 [INFO] trainer: epoch 104 step 50/54 loss=1.5451 lr=1.82e-04
2026-07-16 08:17:17,331 [INFO] trainer: epoch 104 done train_loss=1.5340 dt=21.1s
2026-07-16 08:17:36,833 [INFO] trainer: epoch 105 step 50/54 loss=1.4594 lr=1.82e-04
2026-07-16 08:17:38,264 [INFO] trainer: epoch 105 done train_loss=1.4640 dt=20.9s
2026-07-16 08:17:59,792 [INFO] trainer: epoch 106 step 50/54 loss=1.5286 lr=1.82e-04
2026-07-16 08:18:01,455 [INFO] trainer: epoch 106 done train_loss=1.5325 dt=23.2s
2026-07-16 08:18:23,494 [INFO] trainer: epoch 107 step 50/54 loss=1.5086 lr=1.81e-04
2026-07-16 08:18:24,873 [INFO] trainer: epoch 107 done train_loss=1.5078 dt=23.4s
2026-07-16 08:18:46,535 [INFO] trainer: epoch 108 step 50/54 loss=1.5265 lr=1.81e-04
2026-07-16 08:18:47,928 [INFO] trainer: epoch 108 done train_loss=1.5334 dt=23.1s
2026-07-16 08:19:08,170 [INFO] trainer: epoch 109 step 50/54 loss=1.5307 lr=1.81e-04
2026-07-16 08:19:09,721 [INFO] trainer: epoch 109 done train_loss=1.5268 dt=21.8s
2026-07-16 08:19:28,207 [INFO] trainer: epoch 110 step 50/54 loss=1.5547 lr=1.80e-04
2026-07-16 08:19:29,564 [INFO] trainer: epoch 110 done train_loss=1.5525 dt=19.8s
2026-07-16 08:19:51,636 [INFO] trainer: epoch 111 step 50/54 loss=1.4880 lr=1.80e-04
2026-07-16 08:19:53,034 [INFO] trainer: epoch 111 done train_loss=1.4935 dt=21.4s
2026-07-16 08:20:13,725 [INFO] trainer: epoch 112 step 50/54 loss=1.4709 lr=1.79e-04
2026-07-16 08:20:15,313 [INFO] trainer: epoch 112 done train_loss=1.4795 dt=22.3s
2026-07-16 08:20:35,196 [INFO] trainer: epoch 113 step 50/54 loss=1.4636 lr=1.79e-04
2026-07-16 08:20:36,845 [INFO] trainer: epoch 113 done train_loss=1.4564 dt=21.5s
2026-07-16 08:20:57,362 [INFO] trainer: epoch 114 step 50/54 loss=1.4780 lr=1.79e-04
2026-07-16 08:21:00,106 [INFO] trainer: epoch 114 done train_loss=1.4678 dt=23.3s
2026-07-16 08:21:21,333 [INFO] trainer: epoch 115 step 50/54 loss=1.4926 lr=1.78e-04
2026-07-16 08:21:22,815 [INFO] trainer: epoch 115 done train_loss=1.4895 dt=22.7s
2026-07-16 08:21:44,960 [INFO] trainer: epoch 116 step 50/54 loss=1.4904 lr=1.78e-04
2026-07-16 08:21:46,350 [INFO] trainer: epoch 116 done train_loss=1.4881 dt=23.5s
2026-07-16 08:22:09,816 [INFO] trainer: epoch 117 step 50/54 loss=1.4732 lr=1.78e-04
2026-07-16 08:22:11,445 [INFO] trainer: epoch 117 done train_loss=1.4723 dt=25.1s
2026-07-16 08:22:32,155 [INFO] trainer: epoch 118 step 50/54 loss=1.4975 lr=1.77e-04
2026-07-16 08:22:33,555 [INFO] trainer: epoch 118 done train_loss=1.4929 dt=22.1s
2026-07-16 08:22:55,512 [INFO] trainer: epoch 119 step 50/54 loss=1.4812 lr=1.77e-04
2026-07-16 08:22:57,094 [INFO] trainer: epoch 119 done train_loss=1.4869 dt=23.5s
2026-07-16 08:23:19,154 [INFO] trainer: epoch 120 step 50/54 loss=1.4785 lr=1.76e-04
2026-07-16 08:23:20,535 [INFO] trainer: epoch 120 done train_loss=1.4663 dt=23.4s
2026-07-16 08:23:43,761 [INFO] trainer: epoch 121 step 50/54 loss=1.4887 lr=1.76e-04
2026-07-16 08:23:45,192 [INFO] trainer: epoch 121 done train_loss=1.4767 dt=22.4s
2026-07-16 08:24:06,696 [INFO] trainer: epoch 122 step 50/54 loss=1.4767 lr=1.75e-04
2026-07-16 08:24:08,225 [INFO] trainer: epoch 122 done train_loss=1.4854 dt=23.0s
2026-07-16 08:24:28,827 [INFO] trainer: epoch 123 step 50/54 loss=1.4722 lr=1.75e-04
2026-07-16 08:24:30,203 [INFO] trainer: epoch 123 done train_loss=1.4687 dt=22.0s
2026-07-16 08:24:51,024 [INFO] trainer: epoch 124 step 50/54 loss=1.4803 lr=1.75e-04
2026-07-16 08:24:52,836 [INFO] trainer: epoch 124 done train_loss=1.4864 dt=22.6s
2026-07-16 08:25:14,979 [INFO] trainer: epoch 125 step 50/54 loss=1.4631 lr=1.74e-04
2026-07-16 08:25:16,461 [INFO] trainer: epoch 125 done train_loss=1.4780 dt=23.6s
2026-07-16 08:28:11,889 [INFO] trainer: epoch 125 val_mean_dice=0.6952
2026-07-16 08:28:33,557 [INFO] trainer: epoch 126 step 50/54 loss=1.4719 lr=1.74e-04
2026-07-16 08:28:35,152 [INFO] trainer: epoch 126 done train_loss=1.4604 dt=21.4s
2026-07-16 08:28:55,128 [INFO] trainer: epoch 127 step 50/54 loss=1.4579 lr=1.73e-04
2026-07-16 08:28:56,630 [INFO] trainer: epoch 127 done train_loss=1.4569 dt=21.5s
2026-07-16 08:29:17,185 [INFO] trainer: epoch 128 step 50/54 loss=1.4537 lr=1.73e-04
2026-07-16 08:29:18,550 [INFO] trainer: epoch 128 done train_loss=1.4437 dt=21.9s
2026-07-16 08:29:43,592 [INFO] trainer: epoch 129 step 50/54 loss=1.4928 lr=1.72e-04
2026-07-16 08:29:45,284 [INFO] trainer: epoch 129 done train_loss=1.4828 dt=26.7s
2026-07-16 08:30:05,968 [INFO] trainer: epoch 130 step 50/54 loss=1.4231 lr=1.72e-04
2026-07-16 08:30:07,585 [INFO] trainer: epoch 130 done train_loss=1.4249 dt=22.3s
2026-07-16 08:30:30,669 [INFO] trainer: epoch 131 step 50/54 loss=1.4656 lr=1.72e-04
2026-07-16 08:30:32,288 [INFO] trainer: epoch 131 done train_loss=1.4635 dt=22.6s
2026-07-16 08:30:53,422 [INFO] trainer: epoch 132 step 50/54 loss=1.4812 lr=1.71e-04
2026-07-16 08:30:55,260 [INFO] trainer: epoch 132 done train_loss=1.4699 dt=23.0s
2026-07-16 08:31:17,553 [INFO] trainer: epoch 133 step 50/54 loss=1.4557 lr=1.71e-04
2026-07-16 08:31:19,586 [INFO] trainer: epoch 133 done train_loss=1.4408 dt=24.3s
2026-07-16 08:31:41,047 [INFO] trainer: epoch 134 step 50/54 loss=1.4562 lr=1.70e-04
2026-07-16 08:31:42,420 [INFO] trainer: epoch 134 done train_loss=1.4524 dt=22.8s
2026-07-16 08:32:04,778 [INFO] trainer: epoch 135 step 50/54 loss=1.4633 lr=1.70e-04
2026-07-16 08:32:06,593 [INFO] trainer: epoch 135 done train_loss=1.4570 dt=24.2s
2026-07-16 08:32:29,173 [INFO] trainer: epoch 136 step 50/54 loss=1.3991 lr=1.69e-04
2026-07-16 08:32:31,787 [INFO] trainer: epoch 136 done train_loss=1.4080 dt=25.2s
2026-07-16 08:33:05,748 [INFO] trainer: epoch 137 step 50/54 loss=1.4249 lr=1.69e-04
2026-07-16 08:33:07,689 [INFO] trainer: epoch 137 done train_loss=1.4128 dt=35.9s
2026-07-16 08:33:41,859 [INFO] trainer: epoch 138 step 50/54 loss=1.3617 lr=1.68e-04
2026-07-16 08:33:44,111 [INFO] trainer: epoch 138 done train_loss=1.3844 dt=36.4s
2026-07-16 08:34:07,851 [INFO] trainer: epoch 139 step 50/54 loss=1.4655 lr=1.68e-04
2026-07-16 08:34:09,419 [INFO] trainer: epoch 139 done train_loss=1.4608 dt=25.3s
2026-07-16 08:34:30,739 [INFO] trainer: epoch 140 step 50/54 loss=1.4611 lr=1.67e-04
2026-07-16 08:34:32,493 [INFO] trainer: epoch 140 done train_loss=1.4417 dt=23.1s
2026-07-16 08:34:56,000 [INFO] trainer: epoch 141 step 50/54 loss=1.4300 lr=1.67e-04
2026-07-16 08:34:58,193 [INFO] trainer: epoch 141 done train_loss=1.4266 dt=23.5s
2026-07-16 08:35:18,939 [INFO] trainer: epoch 142 step 50/54 loss=1.3870 lr=1.66e-04
2026-07-16 08:35:20,627 [INFO] trainer: epoch 142 done train_loss=1.3748 dt=22.4s
2026-07-16 08:35:42,125 [INFO] trainer: epoch 143 step 50/54 loss=1.4324 lr=1.66e-04
2026-07-16 08:35:43,735 [INFO] trainer: epoch 143 done train_loss=1.4164 dt=23.1s
2026-07-16 08:36:04,568 [INFO] trainer: epoch 144 step 50/54 loss=1.4071 lr=1.66e-04
2026-07-16 08:36:18,528 [INFO] trainer: epoch 144 done train_loss=1.4000 dt=34.8s
2026-07-16 08:37:16,024 [INFO] trainer: epoch 145 step 50/54 loss=1.4241 lr=1.65e-04
2026-07-16 08:37:17,744 [INFO] trainer: epoch 145 done train_loss=1.4123 dt=59.2s
2026-07-16 08:37:39,850 [INFO] trainer: epoch 146 step 50/54 loss=1.4153 lr=1.65e-04
2026-07-16 08:37:41,307 [INFO] trainer: epoch 146 done train_loss=1.4242 dt=23.5s
2026-07-16 08:38:01,902 [INFO] trainer: epoch 147 step 50/54 loss=1.4291 lr=1.64e-04
2026-07-16 08:38:03,783 [INFO] trainer: epoch 147 done train_loss=1.4258 dt=22.5s
2026-07-16 08:38:26,110 [INFO] trainer: epoch 148 step 50/54 loss=1.4416 lr=1.64e-04
2026-07-16 08:38:27,577 [INFO] trainer: epoch 148 done train_loss=1.4419 dt=23.8s
2026-07-16 08:38:47,749 [INFO] trainer: epoch 149 step 50/54 loss=1.3966 lr=1.63e-04
2026-07-16 08:38:49,392 [INFO] trainer: epoch 149 done train_loss=1.4141 dt=21.8s
2026-07-16 08:39:10,564 [INFO] trainer: epoch 150 step 50/54 loss=1.4228 lr=1.63e-04
2026-07-16 08:39:12,111 [INFO] trainer: epoch 150 done train_loss=1.4291 dt=22.7s
2026-07-16 08:42:04,032 [INFO] trainer: epoch 150 val_mean_dice=0.7064
2026-07-16 08:42:29,132 [INFO] trainer: epoch 151 step 50/54 loss=1.3905 lr=1.62e-04
2026-07-16 08:42:30,544 [INFO] trainer: epoch 151 done train_loss=1.3966 dt=22.4s
2026-07-16 08:42:52,731 [INFO] trainer: epoch 152 step 50/54 loss=1.3910 lr=1.62e-04
2026-07-16 08:42:54,309 [INFO] trainer: epoch 152 done train_loss=1.3863 dt=23.8s
2026-07-16 08:43:16,495 [INFO] trainer: epoch 153 step 50/54 loss=1.4425 lr=1.61e-04
2026-07-16 08:43:17,997 [INFO] trainer: epoch 153 done train_loss=1.4354 dt=23.7s
2026-07-16 08:43:40,577 [INFO] trainer: epoch 154 step 50/54 loss=1.3246 lr=1.61e-04
2026-07-16 08:43:42,173 [INFO] trainer: epoch 154 done train_loss=1.3450 dt=24.2s
2026-07-16 08:44:03,088 [INFO] trainer: epoch 155 step 50/54 loss=1.4035 lr=1.60e-04
2026-07-16 08:44:04,815 [INFO] trainer: epoch 155 done train_loss=1.3986 dt=22.6s
2026-07-16 08:44:25,741 [INFO] trainer: epoch 156 step 50/54 loss=1.3748 lr=1.60e-04
2026-07-16 08:44:27,309 [INFO] trainer: epoch 156 done train_loss=1.3755 dt=22.5s
2026-07-16 08:44:50,455 [INFO] trainer: epoch 157 step 50/54 loss=1.3887 lr=1.59e-04
2026-07-16 08:44:52,004 [INFO] trainer: epoch 157 done train_loss=1.3806 dt=24.7s
2026-07-16 08:45:13,699 [INFO] trainer: epoch 158 step 50/54 loss=1.4028 lr=1.59e-04
2026-07-16 08:45:15,273 [INFO] trainer: epoch 158 done train_loss=1.4066 dt=23.1s
2026-07-16 08:45:39,131 [INFO] trainer: epoch 159 step 50/54 loss=1.3879 lr=1.58e-04
2026-07-16 08:45:40,588 [INFO] trainer: epoch 159 done train_loss=1.3939 dt=25.3s
2026-07-16 08:46:08,455 [INFO] trainer: epoch 160 step 50/54 loss=1.4114 lr=1.57e-04
2026-07-16 08:46:10,462 [INFO] trainer: epoch 160 done train_loss=1.4191 dt=29.9s
2026-07-16 08:46:33,623 [INFO] trainer: epoch 161 step 50/54 loss=1.3692 lr=1.57e-04
2026-07-16 08:46:35,005 [INFO] trainer: epoch 161 done train_loss=1.3639 dt=22.4s
2026-07-16 08:46:57,959 [INFO] trainer: epoch 162 step 50/54 loss=1.3341 lr=1.56e-04
2026-07-16 08:46:59,590 [INFO] trainer: epoch 162 done train_loss=1.3411 dt=24.6s
2026-07-16 08:47:20,707 [INFO] trainer: epoch 163 step 50/54 loss=1.4057 lr=1.56e-04
2026-07-16 08:47:22,159 [INFO] trainer: epoch 163 done train_loss=1.3955 dt=22.6s
2026-07-16 08:47:41,522 [INFO] trainer: epoch 164 step 50/54 loss=1.3924 lr=1.55e-04
2026-07-16 08:47:43,054 [INFO] trainer: epoch 164 done train_loss=1.3974 dt=20.9s
2026-07-16 08:48:03,499 [INFO] trainer: epoch 165 step 50/54 loss=1.3851 lr=1.55e-04
2026-07-16 08:48:05,064 [INFO] trainer: epoch 165 done train_loss=1.3868 dt=22.0s
2026-07-16 08:48:25,462 [INFO] trainer: epoch 166 step 50/54 loss=1.4015 lr=1.54e-04
2026-07-16 08:48:26,931 [INFO] trainer: epoch 166 done train_loss=1.4020 dt=21.9s
2026-07-16 08:48:46,922 [INFO] trainer: epoch 167 step 50/54 loss=1.3259 lr=1.54e-04
2026-07-16 08:48:49,235 [INFO] trainer: epoch 167 done train_loss=1.3208 dt=22.3s
2026-07-16 08:49:09,572 [INFO] trainer: epoch 168 step 50/54 loss=1.3606 lr=1.53e-04
2026-07-16 08:49:11,158 [INFO] trainer: epoch 168 done train_loss=1.3615 dt=21.9s
2026-07-16 08:49:32,211 [INFO] trainer: epoch 169 step 50/54 loss=1.3745 lr=1.53e-04
2026-07-16 08:49:33,637 [INFO] trainer: epoch 169 done train_loss=1.3703 dt=22.5s
2026-07-16 08:49:53,685 [INFO] trainer: epoch 170 step 50/54 loss=1.3502 lr=1.52e-04
2026-07-16 08:49:55,849 [INFO] trainer: epoch 170 done train_loss=1.3484 dt=22.2s
2026-07-16 08:50:19,386 [INFO] trainer: epoch 171 step 50/54 loss=1.3642 lr=1.52e-04
2026-07-16 08:50:20,908 [INFO] trainer: epoch 171 done train_loss=1.3658 dt=23.0s
2026-07-16 08:50:43,518 [INFO] trainer: epoch 172 step 50/54 loss=1.3566 lr=1.51e-04
2026-07-16 08:50:44,970 [INFO] trainer: epoch 172 done train_loss=1.3627 dt=24.1s
2026-07-16 08:51:07,154 [INFO] trainer: epoch 173 step 50/54 loss=1.3763 lr=1.50e-04
2026-07-16 08:51:08,756 [INFO] trainer: epoch 173 done train_loss=1.3931 dt=23.8s
2026-07-16 08:51:29,711 [INFO] trainer: epoch 174 step 50/54 loss=1.3840 lr=1.50e-04
2026-07-16 08:51:31,369 [INFO] trainer: epoch 174 done train_loss=1.3746 dt=22.6s
2026-07-16 08:51:51,587 [INFO] trainer: epoch 175 step 50/54 loss=1.3687 lr=1.49e-04
2026-07-16 08:51:53,663 [INFO] trainer: epoch 175 done train_loss=1.3530 dt=22.3s
2026-07-16 08:54:40,491 [INFO] trainer: epoch 175 val_mean_dice=0.7288
2026-07-16 08:55:02,001 [INFO] trainer: epoch 176 step 50/54 loss=1.3145 lr=1.49e-04
2026-07-16 08:55:03,554 [INFO] trainer: epoch 176 done train_loss=1.3324 dt=21.1s
2026-07-16 08:55:24,451 [INFO] trainer: epoch 177 step 50/54 loss=1.3476 lr=1.48e-04
2026-07-16 08:55:25,828 [INFO] trainer: epoch 177 done train_loss=1.3642 dt=22.3s
2026-07-16 08:55:45,033 [INFO] trainer: epoch 178 step 50/54 loss=1.3110 lr=1.48e-04
2026-07-16 08:55:46,438 [INFO] trainer: epoch 178 done train_loss=1.3138 dt=20.6s
2026-07-16 08:56:06,811 [INFO] trainer: epoch 179 step 50/54 loss=1.3542 lr=1.47e-04
2026-07-16 08:56:08,973 [INFO] trainer: epoch 179 done train_loss=1.3549 dt=22.5s
2026-07-16 08:56:29,474 [INFO] trainer: epoch 180 step 50/54 loss=1.3653 lr=1.47e-04
2026-07-16 08:56:30,888 [INFO] trainer: epoch 180 done train_loss=1.3741 dt=21.9s
2026-07-16 08:56:54,602 [INFO] trainer: epoch 181 step 50/54 loss=1.3821 lr=1.46e-04
2026-07-16 08:56:56,085 [INFO] trainer: epoch 181 done train_loss=1.3745 dt=23.2s
2026-07-16 08:57:15,899 [INFO] trainer: epoch 182 step 50/54 loss=1.2854 lr=1.45e-04
2026-07-16 08:57:17,514 [INFO] trainer: epoch 182 done train_loss=1.2959 dt=21.4s
2026-07-16 08:57:37,629 [INFO] trainer: epoch 183 step 50/54 loss=1.3619 lr=1.45e-04
2026-07-16 08:57:39,054 [INFO] trainer: epoch 183 done train_loss=1.3535 dt=21.5s
2026-07-16 08:57:58,166 [INFO] trainer: epoch 184 step 50/54 loss=1.2759 lr=1.44e-04
2026-07-16 08:57:59,548 [INFO] trainer: epoch 184 done train_loss=1.2733 dt=20.5s
2026-07-16 08:58:18,331 [INFO] trainer: epoch 185 step 50/54 loss=1.3864 lr=1.44e-04
2026-07-16 08:58:19,865 [INFO] trainer: epoch 185 done train_loss=1.3810 dt=20.3s
2026-07-16 08:58:41,583 [INFO] trainer: epoch 186 step 50/54 loss=1.3111 lr=1.43e-04
2026-07-16 08:58:43,014 [INFO] trainer: epoch 186 done train_loss=1.3084 dt=23.1s
2026-07-16 08:59:03,136 [INFO] trainer: epoch 187 step 50/54 loss=1.3267 lr=1.43e-04
2026-07-16 08:59:05,694 [INFO] trainer: epoch 187 done train_loss=1.3343 dt=22.7s
2026-07-16 08:59:26,692 [INFO] trainer: epoch 188 step 50/54 loss=1.3190 lr=1.42e-04
2026-07-16 08:59:28,174 [INFO] trainer: epoch 188 done train_loss=1.3141 dt=22.5s
2026-07-16 08:59:47,912 [INFO] trainer: epoch 189 step 50/54 loss=1.3252 lr=1.41e-04
2026-07-16 08:59:49,310 [INFO] trainer: epoch 189 done train_loss=1.3109 dt=21.1s
2026-07-16 09:00:10,304 [INFO] trainer: epoch 190 step 50/54 loss=1.3676 lr=1.41e-04
2026-07-16 09:00:12,918 [INFO] trainer: epoch 190 done train_loss=1.3574 dt=23.6s
2026-07-16 09:00:35,295 [INFO] trainer: epoch 191 step 50/54 loss=1.3534 lr=1.40e-04
2026-07-16 09:00:36,733 [INFO] trainer: epoch 191 done train_loss=1.3444 dt=21.8s
2026-07-16 09:00:56,092 [INFO] trainer: epoch 192 step 50/54 loss=1.3229 lr=1.40e-04
2026-07-16 09:00:57,530 [INFO] trainer: epoch 192 done train_loss=1.3275 dt=20.8s
2026-07-16 09:01:44,630 [INFO] trainer: epoch 193 step 50/54 loss=1.3211 lr=1.39e-04
2026-07-16 09:01:46,181 [INFO] trainer: epoch 193 done train_loss=1.3163 dt=48.7s
2026-07-16 09:02:09,447 [INFO] trainer: epoch 194 step 50/54 loss=1.3274 lr=1.38e-04
2026-07-16 09:02:10,802 [INFO] trainer: epoch 194 done train_loss=1.3345 dt=24.6s
2026-07-16 09:02:34,725 [INFO] trainer: epoch 195 step 50/54 loss=1.3364 lr=1.38e-04
2026-07-16 09:02:36,150 [INFO] trainer: epoch 195 done train_loss=1.3365 dt=25.3s
2026-07-16 09:02:58,145 [INFO] trainer: epoch 196 step 50/54 loss=1.3466 lr=1.37e-04
2026-07-16 09:02:59,837 [INFO] trainer: epoch 196 done train_loss=1.3411 dt=23.7s
2026-07-16 09:03:25,150 [INFO] trainer: epoch 197 step 50/54 loss=1.3349 lr=1.37e-04
2026-07-16 09:03:26,574 [INFO] trainer: epoch 197 done train_loss=1.3293 dt=26.7s
2026-07-16 09:03:47,337 [INFO] trainer: epoch 198 step 50/54 loss=1.3253 lr=1.36e-04
2026-07-16 09:03:48,734 [INFO] trainer: epoch 198 done train_loss=1.3179 dt=22.2s
2026-07-16 09:04:09,846 [INFO] trainer: epoch 199 step 50/54 loss=1.3808 lr=1.36e-04
2026-07-16 09:04:11,376 [INFO] trainer: epoch 199 done train_loss=1.3932 dt=22.6s
2026-07-16 09:04:32,058 [INFO] trainer: epoch 200 step 50/54 loss=1.3279 lr=1.35e-04
2026-07-16 09:04:33,415 [INFO] trainer: epoch 200 done train_loss=1.3199 dt=22.0s
2026-07-16 09:07:15,942 [INFO] trainer: epoch 200 val_mean_dice=0.7220
2026-07-16 09:07:37,645 [INFO] trainer: epoch 201 step 50/54 loss=1.3208 lr=1.34e-04
2026-07-16 09:07:39,066 [INFO] trainer: epoch 201 done train_loss=1.3160 dt=20.8s
2026-07-16 09:08:00,812 [INFO] trainer: epoch 202 step 50/54 loss=1.2804 lr=1.34e-04
2026-07-16 09:08:02,231 [INFO] trainer: epoch 202 done train_loss=1.3076 dt=23.2s
2026-07-16 09:08:22,534 [INFO] trainer: epoch 203 step 50/54 loss=1.3631 lr=1.33e-04
2026-07-16 09:08:23,911 [INFO] trainer: epoch 203 done train_loss=1.3628 dt=21.7s
2026-07-16 09:08:45,855 [INFO] trainer: epoch 204 step 50/54 loss=1.3077 lr=1.33e-04
2026-07-16 09:08:47,243 [INFO] trainer: epoch 204 done train_loss=1.3304 dt=23.3s
2026-07-16 09:09:13,783 [INFO] trainer: epoch 205 step 50/54 loss=1.3445 lr=1.32e-04
2026-07-16 09:09:15,317 [INFO] trainer: epoch 205 done train_loss=1.3386 dt=28.1s
2026-07-16 09:09:36,164 [INFO] trainer: epoch 206 step 50/54 loss=1.3510 lr=1.31e-04
2026-07-16 09:09:37,647 [INFO] trainer: epoch 206 done train_loss=1.3426 dt=22.3s
2026-07-16 09:10:18,453 [INFO] trainer: epoch 207 step 50/54 loss=1.3105 lr=1.31e-04
2026-07-16 09:10:20,581 [INFO] trainer: epoch 207 done train_loss=1.3108 dt=42.9s
2026-07-16 09:10:45,811 [INFO] trainer: epoch 208 step 50/54 loss=1.3428 lr=1.30e-04
2026-07-16 09:10:47,421 [INFO] trainer: epoch 208 done train_loss=1.3436 dt=26.8s
2026-07-16 09:11:15,025 [INFO] trainer: epoch 209 step 50/54 loss=1.3676 lr=1.29e-04
2026-07-16 09:11:16,611 [INFO] trainer: epoch 209 done train_loss=1.3662 dt=29.2s
2026-07-16 09:11:45,761 [INFO] trainer: epoch 210 step 50/54 loss=1.3608 lr=1.29e-04
2026-07-16 09:11:47,731 [INFO] trainer: epoch 210 done train_loss=1.3570 dt=31.1s
2026-07-16 09:12:44,446 [INFO] trainer: epoch 211 step 50/54 loss=1.3214 lr=1.28e-04
2026-07-16 09:12:45,813 [INFO] trainer: epoch 211 done train_loss=1.3206 dt=49.2s
2026-07-16 09:13:24,708 [INFO] trainer: epoch 212 step 50/54 loss=1.3609 lr=1.28e-04
2026-07-16 09:13:26,663 [INFO] trainer: epoch 212 done train_loss=1.3655 dt=40.9s
2026-07-16 09:13:51,622 [INFO] trainer: epoch 213 step 50/54 loss=1.3140 lr=1.27e-04
2026-07-16 09:13:53,026 [INFO] trainer: epoch 213 done train_loss=1.2979 dt=26.4s
2026-07-16 09:14:22,708 [INFO] trainer: epoch 214 step 50/54 loss=1.3362 lr=1.26e-04
2026-07-16 09:14:26,060 [INFO] trainer: epoch 214 done train_loss=1.3202 dt=33.0s
2026-07-16 09:14:57,683 [INFO] trainer: epoch 215 step 50/54 loss=1.3330 lr=1.26e-04
2026-07-16 09:14:59,218 [INFO] trainer: epoch 215 done train_loss=1.3372 dt=33.2s
2026-07-16 09:15:26,663 [INFO] trainer: epoch 216 step 50/54 loss=1.3429 lr=1.25e-04
2026-07-16 09:15:28,866 [INFO] trainer: epoch 216 done train_loss=1.3470 dt=29.6s
2026-07-16 09:16:03,538 [INFO] trainer: epoch 217 step 50/54 loss=1.3333 lr=1.25e-04
2026-07-16 09:16:06,988 [INFO] trainer: epoch 217 done train_loss=1.3280 dt=38.1s
2026-07-16 09:16:45,693 [INFO] trainer: epoch 218 step 50/54 loss=1.3412 lr=1.24e-04
2026-07-16 09:16:51,182 [INFO] trainer: epoch 218 done train_loss=1.3485 dt=44.2s
2026-07-16 09:17:29,137 [INFO] trainer: epoch 219 step 50/54 loss=1.3403 lr=1.23e-04
2026-07-16 09:17:31,543 [INFO] trainer: epoch 219 done train_loss=1.3257 dt=40.4s
2026-07-16 09:18:15,655 [INFO] trainer: epoch 220 step 50/54 loss=1.3095 lr=1.23e-04
2026-07-16 09:18:19,730 [INFO] trainer: epoch 220 done train_loss=1.2986 dt=48.2s
2026-07-16 09:19:09,521 [INFO] trainer: epoch 221 step 50/54 loss=1.3168 lr=1.22e-04
2026-07-16 09:19:11,802 [INFO] trainer: epoch 221 done train_loss=1.3234 dt=49.6s
2026-07-16 09:19:35,645 [INFO] trainer: epoch 222 step 50/54 loss=1.3198 lr=1.21e-04
2026-07-16 09:19:37,795 [INFO] trainer: epoch 222 done train_loss=1.3079 dt=26.0s
2026-07-16 09:20:18,372 [INFO] trainer: epoch 223 step 50/54 loss=1.3062 lr=1.21e-04
2026-07-16 09:20:21,793 [INFO] trainer: epoch 223 done train_loss=1.3193 dt=44.0s
2026-07-16 09:21:01,381 [INFO] trainer: epoch 224 step 50/54 loss=1.2925 lr=1.20e-04
2026-07-16 09:21:03,103 [INFO] trainer: epoch 224 done train_loss=1.2959 dt=41.3s
2026-07-16 09:21:31,856 [INFO] trainer: epoch 225 step 50/54 loss=1.3114 lr=1.20e-04
2026-07-16 09:21:33,604 [INFO] trainer: epoch 225 done train_loss=1.3136 dt=30.5s
2026-07-16 09:26:28,838 [INFO] trainer: epoch 225 val_mean_dice=0.7318
2026-07-16 09:27:38,137 [INFO] trainer: epoch 226 step 50/54 loss=1.3019 lr=1.19e-04
2026-07-16 09:27:40,447 [INFO] trainer: epoch 226 done train_loss=1.3054 dt=68.9s
2026-07-16 09:31:21,290 [INFO] trainer: epoch 227 step 50/54 loss=1.2923 lr=1.18e-04
2026-07-16 09:31:32,446 [INFO] trainer: epoch 227 done train_loss=1.2899 dt=232.0s
2026-07-16 09:33:20,767 [INFO] trainer: epoch 228 step 50/54 loss=1.3182 lr=1.18e-04
2026-07-16 09:33:22,925 [INFO] trainer: epoch 228 done train_loss=1.3236 dt=110.4s
2026-07-16 09:33:42,415 [INFO] trainer: epoch 229 step 50/54 loss=1.3436 lr=1.17e-04
2026-07-16 09:33:46,148 [INFO] trainer: epoch 229 done train_loss=1.3525 dt=23.2s
2026-07-16 09:34:23,170 [INFO] trainer: epoch 230 step 50/54 loss=1.3007 lr=1.16e-04
2026-07-16 09:34:26,110 [INFO] trainer: epoch 230 done train_loss=1.3016 dt=39.9s
2026-07-16 09:34:56,666 [INFO] trainer: epoch 231 step 50/54 loss=1.3009 lr=1.16e-04
2026-07-16 09:34:58,018 [INFO] trainer: epoch 231 done train_loss=1.3020 dt=29.8s
2026-07-16 09:35:33,049 [INFO] trainer: epoch 232 step 50/54 loss=1.3095 lr=1.15e-04
2026-07-16 09:35:36,329 [INFO] trainer: epoch 232 done train_loss=1.3061 dt=38.3s
2026-07-16 09:36:02,333 [INFO] trainer: epoch 233 step 50/54 loss=1.2792 lr=1.15e-04
2026-07-16 09:36:04,045 [INFO] trainer: epoch 233 done train_loss=1.2882 dt=27.7s
2026-07-16 09:36:32,427 [INFO] trainer: epoch 234 step 50/54 loss=1.2969 lr=1.14e-04
2026-07-16 09:36:35,372 [INFO] trainer: epoch 234 done train_loss=1.2979 dt=31.3s
2026-07-16 09:37:06,243 [INFO] trainer: epoch 235 step 50/54 loss=1.3089 lr=1.13e-04
2026-07-16 09:37:07,597 [INFO] trainer: epoch 235 done train_loss=1.3123 dt=32.2s
2026-07-16 09:38:01,453 [INFO] trainer: epoch 236 step 50/54 loss=1.2720 lr=1.13e-04
2026-07-16 09:38:06,546 [INFO] trainer: epoch 236 done train_loss=1.2788 dt=58.9s
2026-07-16 09:38:52,497 [INFO] trainer: epoch 237 step 50/54 loss=1.2603 lr=1.12e-04
2026-07-16 09:38:55,205 [INFO] trainer: epoch 237 done train_loss=1.2631 dt=48.7s
2026-07-16 09:39:36,804 [INFO] trainer: epoch 238 step 50/54 loss=1.3607 lr=1.11e-04
2026-07-16 09:39:38,491 [INFO] trainer: epoch 238 done train_loss=1.3500 dt=43.3s
2026-07-16 09:41:09,893 [INFO] trainer: epoch 239 step 50/54 loss=1.2513 lr=1.11e-04
2026-07-16 09:41:12,164 [INFO] trainer: epoch 239 done train_loss=1.2555 dt=93.7s
2026-07-16 09:42:22,693 [INFO] trainer: epoch 240 step 50/54 loss=1.2838 lr=1.10e-04
2026-07-16 09:42:25,045 [INFO] trainer: epoch 240 done train_loss=1.2852 dt=72.9s
2026-07-16 09:43:41,418 [INFO] trainer: epoch 241 step 50/54 loss=1.3149 lr=1.09e-04
2026-07-16 09:43:45,946 [INFO] trainer: epoch 241 done train_loss=1.3069 dt=76.2s
2026-07-16 09:44:19,496 [INFO] trainer: epoch 242 step 50/54 loss=1.3023 lr=1.09e-04
2026-07-16 09:44:23,782 [INFO] trainer: epoch 242 done train_loss=1.2803 dt=37.8s
2026-07-16 09:45:00,148 [INFO] trainer: epoch 243 step 50/54 loss=1.2928 lr=1.08e-04
2026-07-16 09:45:04,303 [INFO] trainer: epoch 243 done train_loss=1.2925 dt=40.5s
2026-07-16 09:45:44,872 [INFO] trainer: epoch 244 step 50/54 loss=1.3213 lr=1.08e-04
2026-07-16 09:45:46,303 [INFO] trainer: epoch 244 done train_loss=1.3302 dt=42.0s
2026-07-16 09:46:15,090 [INFO] trainer: epoch 245 step 50/54 loss=1.2578 lr=1.07e-04
2026-07-16 09:46:17,307 [INFO] trainer: epoch 245 done train_loss=1.2659 dt=31.0s
2026-07-16 09:46:52,268 [INFO] trainer: epoch 246 step 50/54 loss=1.2779 lr=1.06e-04
2026-07-16 09:46:54,135 [INFO] trainer: epoch 246 done train_loss=1.2835 dt=36.8s
2026-07-16 09:47:21,534 [INFO] trainer: epoch 247 step 50/54 loss=1.2924 lr=1.06e-04
2026-07-16 09:47:23,313 [INFO] trainer: epoch 247 done train_loss=1.3000 dt=29.2s
2026-07-16 09:47:54,261 [INFO] trainer: epoch 248 step 50/54 loss=1.2530 lr=1.05e-04
2026-07-16 09:47:57,579 [INFO] trainer: epoch 248 done train_loss=1.2435 dt=34.2s
2026-07-16 09:48:37,189 [INFO] trainer: epoch 249 step 50/54 loss=1.3360 lr=1.04e-04
2026-07-16 09:48:38,759 [INFO] trainer: epoch 249 done train_loss=1.3225 dt=41.2s
2026-07-16 09:49:14,150 [INFO] trainer: epoch 250 step 50/54 loss=1.2699 lr=1.04e-04
2026-07-16 09:49:17,943 [INFO] trainer: epoch 250 done train_loss=1.2664 dt=39.2s
2026-07-16 10:02:05,105 [INFO] trainer: epoch 250 val_mean_dice=0.7391
2026-07-16 10:03:38,540 [INFO] trainer: epoch 251 step 50/54 loss=1.2908 lr=1.03e-04
2026-07-16 10:03:40,024 [INFO] trainer: epoch 251 done train_loss=1.2950 dt=90.3s
2026-07-16 10:04:46,620 [INFO] trainer: epoch 252 step 50/54 loss=1.2759 lr=1.02e-04
2026-07-16 10:04:48,437 [INFO] trainer: epoch 252 done train_loss=1.2677 dt=68.4s
2026-07-16 10:08:15,070 [INFO] trainer: epoch 253 step 50/54 loss=1.2933 lr=1.02e-04
2026-07-16 10:08:17,152 [INFO] trainer: epoch 253 done train_loss=1.2827 dt=208.7s
2026-07-16 10:09:39,550 [INFO] trainer: epoch 254 step 50/54 loss=1.2597 lr=1.01e-04
2026-07-16 10:09:42,310 [INFO] trainer: epoch 254 done train_loss=1.2739 dt=85.2s
2026-07-16 10:10:36,775 [INFO] trainer: epoch 255 step 50/54 loss=1.2842 lr=1.01e-04
2026-07-16 10:10:38,152 [INFO] trainer: epoch 255 done train_loss=1.2797 dt=55.8s
2026-07-16 10:11:04,351 [INFO] trainer: epoch 256 step 50/54 loss=1.2623 lr=9.99e-05
2026-07-16 10:11:06,332 [INFO] trainer: epoch 256 done train_loss=1.2594 dt=28.2s
2026-07-16 10:11:53,932 [INFO] trainer: epoch 257 step 50/54 loss=1.2307 lr=9.93e-05
2026-07-16 10:12:01,235 [INFO] trainer: epoch 257 done train_loss=1.2367 dt=54.9s
2026-07-16 10:12:53,637 [INFO] trainer: epoch 258 step 50/54 loss=1.2217 lr=9.86e-05
2026-07-16 10:12:58,323 [INFO] trainer: epoch 258 done train_loss=1.2178 dt=57.1s
2026-07-16 10:13:50,326 [INFO] trainer: epoch 259 step 50/54 loss=1.2777 lr=9.80e-05
2026-07-16 10:13:51,990 [INFO] trainer: epoch 259 done train_loss=1.2754 dt=53.5s
2026-07-16 10:15:03,415 [INFO] trainer: epoch 260 step 50/54 loss=1.2721 lr=9.74e-05
2026-07-16 10:15:05,470 [INFO] trainer: epoch 260 done train_loss=1.2652 dt=73.5s
2026-07-16 10:15:37,881 [INFO] trainer: epoch 261 step 50/54 loss=1.2854 lr=9.67e-05
2026-07-16 10:15:39,250 [INFO] trainer: epoch 261 done train_loss=1.2736 dt=31.4s
2026-07-16 10:16:23,347 [INFO] trainer: epoch 262 step 50/54 loss=1.2849 lr=9.61e-05
2026-07-16 10:16:25,857 [INFO] trainer: epoch 262 done train_loss=1.2906 dt=46.6s
2026-07-16 10:17:25,662 [INFO] trainer: epoch 263 step 50/54 loss=1.2684 lr=9.54e-05
2026-07-16 10:17:31,396 [INFO] trainer: epoch 263 done train_loss=1.2712 dt=65.5s
2026-07-16 10:22:14,037 [INFO] trainer: epoch 264 step 50/54 loss=1.2788 lr=9.48e-05
2026-07-16 10:22:15,872 [INFO] trainer: epoch 264 done train_loss=1.2833 dt=284.5s
2026-07-16 10:22:57,140 [INFO] trainer: epoch 265 step 50/54 loss=1.2649 lr=9.42e-05
2026-07-16 10:23:50,414 [INFO] trainer: epoch 265 done train_loss=1.2749 dt=94.5s
2026-07-16 10:34:28,559 [INFO] trainer: epoch 266 step 50/54 loss=1.2624 lr=9.35e-05
2026-07-16 10:34:31,845 [INFO] trainer: epoch 266 done train_loss=1.2609 dt=641.2s
2026-07-16 10:34:57,834 [INFO] trainer: epoch 267 step 50/54 loss=1.2860 lr=9.29e-05
2026-07-16 10:34:59,558 [INFO] trainer: epoch 267 done train_loss=1.3011 dt=27.7s
2026-07-16 10:36:52,029 [INFO] trainer: epoch 268 step 50/54 loss=1.2678 lr=9.23e-05
2026-07-16 10:45:48,340 [INFO] trainer: epoch 268 done train_loss=1.2710 dt=648.8s
2026-07-16 10:46:59,895 [INFO] trainer: epoch 269 step 50/54 loss=1.2830 lr=9.16e-05
2026-07-16 10:47:03,270 [INFO] trainer: epoch 269 done train_loss=1.2905 dt=74.9s
2026-07-16 10:50:52,835 [INFO] trainer: epoch 270 step 50/54 loss=1.2965 lr=9.10e-05
2026-07-16 10:50:55,628 [INFO] trainer: epoch 270 done train_loss=1.2911 dt=232.2s
2026-07-16 10:52:50,512 [INFO] trainer: epoch 271 step 50/54 loss=1.2200 lr=9.04e-05
2026-07-16 10:52:52,391 [INFO] trainer: epoch 271 done train_loss=1.2288 dt=114.9s
2026-07-16 10:53:30,452 [INFO] trainer: epoch 272 step 50/54 loss=1.2540 lr=8.97e-05
2026-07-16 10:53:31,936 [INFO] trainer: epoch 272 done train_loss=1.2418 dt=39.5s
2026-07-16 10:54:03,438 [INFO] trainer: epoch 273 step 50/54 loss=1.2910 lr=8.91e-05
2026-07-16 10:54:24,980 [INFO] trainer: epoch 273 done train_loss=1.2857 dt=53.0s
2026-07-16 10:55:00,651 [INFO] trainer: epoch 274 step 50/54 loss=1.2788 lr=8.85e-05
2026-07-16 10:55:02,581 [INFO] trainer: epoch 274 done train_loss=1.2690 dt=37.6s
2026-07-16 10:55:23,301 [INFO] trainer: epoch 275 step 50/54 loss=1.2745 lr=8.78e-05
2026-07-16 10:55:25,047 [INFO] trainer: epoch 275 done train_loss=1.2757 dt=22.5s
2026-07-16 10:59:08,418 [INFO] trainer: epoch 275 val_mean_dice=0.7404
2026-07-16 10:59:44,412 [INFO] trainer: epoch 276 step 50/54 loss=1.2722 lr=8.72e-05
2026-07-16 10:59:46,370 [INFO] trainer: epoch 276 done train_loss=1.2646 dt=35.8s
2026-07-16 11:00:19,816 [INFO] trainer: epoch 277 step 50/54 loss=1.2416 lr=8.66e-05
2026-07-16 11:00:22,083 [INFO] trainer: epoch 277 done train_loss=1.2470 dt=35.7s
2026-07-16 11:00:50,443 [INFO] trainer: epoch 278 step 50/54 loss=1.2537 lr=8.59e-05
2026-07-16 11:00:52,031 [INFO] trainer: epoch 278 done train_loss=1.2491 dt=29.9s
2026-07-16 11:01:16,874 [INFO] trainer: epoch 279 step 50/54 loss=1.2821 lr=8.53e-05
2026-07-16 11:01:19,967 [INFO] trainer: epoch 279 done train_loss=1.2743 dt=27.9s
2026-07-16 11:02:36,155 [INFO] trainer: epoch 280 step 50/54 loss=1.2737 lr=8.47e-05
2026-07-16 11:02:37,869 [INFO] trainer: epoch 280 done train_loss=1.2789 dt=77.9s
2026-07-16 11:03:27,103 [INFO] trainer: epoch 281 step 50/54 loss=1.2901 lr=8.40e-05
2026-07-16 11:03:28,785 [INFO] trainer: epoch 281 done train_loss=1.2984 dt=48.7s
2026-07-16 11:04:06,722 [INFO] trainer: epoch 282 step 50/54 loss=1.2538 lr=8.34e-05
2026-07-16 11:04:08,102 [INFO] trainer: epoch 282 done train_loss=1.2601 dt=39.3s
2026-07-16 11:04:40,112 [INFO] trainer: epoch 283 step 50/54 loss=1.2896 lr=8.28e-05
2026-07-16 11:04:41,597 [INFO] trainer: epoch 283 done train_loss=1.3008 dt=33.5s
2026-07-16 11:05:14,012 [INFO] trainer: epoch 284 step 50/54 loss=1.2547 lr=8.22e-05
2026-07-16 11:05:15,460 [INFO] trainer: epoch 284 done train_loss=1.2459 dt=33.9s
2026-07-16 11:05:54,000 [INFO] trainer: epoch 285 step 50/54 loss=1.2224 lr=8.15e-05
2026-07-16 11:05:55,492 [INFO] trainer: epoch 285 done train_loss=1.2315 dt=40.0s
2026-07-16 11:06:20,037 [INFO] trainer: epoch 286 step 50/54 loss=1.2683 lr=8.09e-05
2026-07-16 11:06:21,550 [INFO] trainer: epoch 286 done train_loss=1.2785 dt=26.1s
2026-07-16 11:06:50,840 [INFO] trainer: epoch 287 step 50/54 loss=1.2375 lr=8.03e-05
2026-07-16 11:06:52,380 [INFO] trainer: epoch 287 done train_loss=1.2491 dt=30.8s
2026-07-16 11:07:25,343 [INFO] trainer: epoch 288 step 50/54 loss=1.3065 lr=7.97e-05
2026-07-16 11:07:26,694 [INFO] trainer: epoch 288 done train_loss=1.3121 dt=34.2s
2026-07-16 11:08:18,834 [INFO] trainer: epoch 289 step 50/54 loss=1.2364 lr=7.90e-05
2026-07-16 11:08:22,207 [INFO] trainer: epoch 289 done train_loss=1.2270 dt=55.5s
2026-07-16 11:08:51,755 [INFO] trainer: epoch 290 step 50/54 loss=1.2520 lr=7.84e-05
2026-07-16 11:08:53,228 [INFO] trainer: epoch 290 done train_loss=1.2626 dt=31.0s
2026-07-16 11:09:25,609 [INFO] trainer: epoch 291 step 50/54 loss=1.2910 lr=7.78e-05
2026-07-16 11:09:26,964 [INFO] trainer: epoch 291 done train_loss=1.2864 dt=31.5s
2026-07-16 11:09:52,650 [INFO] trainer: epoch 292 step 50/54 loss=1.2069 lr=7.72e-05
2026-07-16 11:09:54,040 [INFO] trainer: epoch 292 done train_loss=1.2206 dt=27.1s
2026-07-16 11:10:22,664 [INFO] trainer: epoch 293 step 50/54 loss=1.2558 lr=7.65e-05
2026-07-16 11:10:26,180 [INFO] trainer: epoch 293 done train_loss=1.2508 dt=32.1s
2026-07-16 11:11:30,606 [INFO] trainer: epoch 294 step 50/54 loss=1.2531 lr=7.59e-05
2026-07-16 11:11:32,580 [INFO] trainer: epoch 294 done train_loss=1.2508 dt=66.4s
2026-07-16 11:12:06,294 [INFO] trainer: epoch 295 step 50/54 loss=1.2777 lr=7.53e-05
2026-07-16 11:12:08,793 [INFO] trainer: epoch 295 done train_loss=1.2711 dt=36.2s
2026-07-16 11:12:31,917 [INFO] trainer: epoch 296 step 50/54 loss=1.2448 lr=7.47e-05
2026-07-16 11:12:33,277 [INFO] trainer: epoch 296 done train_loss=1.2586 dt=24.5s
2026-07-16 11:12:57,801 [INFO] trainer: epoch 297 step 50/54 loss=1.2348 lr=7.41e-05
2026-07-16 11:13:00,628 [INFO] trainer: epoch 297 done train_loss=1.2331 dt=27.4s
2026-07-16 11:13:29,850 [INFO] trainer: epoch 298 step 50/54 loss=1.2780 lr=7.35e-05
2026-07-16 11:13:31,548 [INFO] trainer: epoch 298 done train_loss=1.2744 dt=30.9s
2026-07-16 11:14:03,497 [INFO] trainer: epoch 299 step 50/54 loss=1.2410 lr=7.28e-05
2026-07-16 11:14:06,949 [INFO] trainer: epoch 299 done train_loss=1.2385 dt=35.4s
2026-07-16 11:14:34,849 [INFO] trainer: epoch 300 step 50/54 loss=1.2310 lr=7.22e-05
2026-07-16 11:14:37,353 [INFO] trainer: epoch 300 done train_loss=1.2239 dt=30.4s
2026-07-16 11:18:14,520 [INFO] trainer: epoch 300 val_mean_dice=0.7459
2026-07-16 11:18:43,336 [INFO] trainer: epoch 301 step 50/54 loss=1.2741 lr=7.16e-05
2026-07-16 11:18:45,633 [INFO] trainer: epoch 301 done train_loss=1.2713 dt=26.6s
2026-07-16 11:19:10,838 [INFO] trainer: epoch 302 step 50/54 loss=1.3036 lr=7.10e-05
2026-07-16 11:19:12,846 [INFO] trainer: epoch 302 done train_loss=1.2974 dt=27.2s
2026-07-16 11:19:43,823 [INFO] trainer: epoch 303 step 50/54 loss=1.2634 lr=7.04e-05
2026-07-16 11:19:46,298 [INFO] trainer: epoch 303 done train_loss=1.2510 dt=33.5s
2026-07-16 11:20:25,379 [INFO] trainer: epoch 304 step 50/54 loss=1.2572 lr=6.98e-05
2026-07-16 11:20:28,293 [INFO] trainer: epoch 304 done train_loss=1.2604 dt=42.0s
2026-07-16 11:21:08,044 [INFO] trainer: epoch 305 step 50/54 loss=1.2142 lr=6.92e-05
2026-07-16 11:21:09,493 [INFO] trainer: epoch 305 done train_loss=1.2250 dt=41.2s
2026-07-16 11:21:43,916 [INFO] trainer: epoch 306 step 50/54 loss=1.2576 lr=6.86e-05
2026-07-16 11:21:45,323 [INFO] trainer: epoch 306 done train_loss=1.2519 dt=35.8s
2026-07-16 11:22:20,956 [INFO] trainer: epoch 307 step 50/54 loss=1.2576 lr=6.80e-05
2026-07-16 11:22:23,408 [INFO] trainer: epoch 307 done train_loss=1.2684 dt=38.0s
2026-07-16 11:22:54,963 [INFO] trainer: epoch 308 step 50/54 loss=1.2005 lr=6.74e-05
2026-07-16 11:22:56,778 [INFO] trainer: epoch 308 done train_loss=1.2128 dt=33.4s
2026-07-16 11:23:19,950 [INFO] trainer: epoch 309 step 50/54 loss=1.2665 lr=6.68e-05
2026-07-16 11:23:21,395 [INFO] trainer: epoch 309 done train_loss=1.2659 dt=24.6s
2026-07-16 11:23:55,330 [INFO] trainer: epoch 310 step 50/54 loss=1.2207 lr=6.62e-05
2026-07-16 11:24:01,869 [INFO] trainer: epoch 310 done train_loss=1.2151 dt=40.5s
2026-07-16 11:25:04,512 [INFO] trainer: epoch 311 step 50/54 loss=1.2490 lr=6.56e-05
2026-07-16 11:25:09,069 [INFO] trainer: epoch 311 done train_loss=1.2524 dt=62.4s
2026-07-16 11:26:07,693 [INFO] trainer: epoch 312 step 50/54 loss=1.2683 lr=6.50e-05
2026-07-16 11:26:09,588 [INFO] trainer: epoch 312 done train_loss=1.2672 dt=60.5s
2026-07-16 11:26:35,855 [INFO] trainer: epoch 313 step 50/54 loss=1.2819 lr=6.44e-05
2026-07-16 11:26:37,409 [INFO] trainer: epoch 313 done train_loss=1.2747 dt=27.8s
2026-07-16 11:27:10,329 [INFO] trainer: epoch 314 step 50/54 loss=1.2296 lr=6.38e-05
2026-07-16 11:27:12,025 [INFO] trainer: epoch 314 done train_loss=1.2289 dt=34.6s
2026-07-16 11:27:56,085 [INFO] trainer: epoch 315 step 50/54 loss=1.2363 lr=6.32e-05
2026-07-16 11:27:57,989 [INFO] trainer: epoch 315 done train_loss=1.2352 dt=46.0s
2026-07-16 11:28:38,903 [INFO] trainer: epoch 316 step 50/54 loss=1.2656 lr=6.26e-05
2026-07-16 11:28:42,495 [INFO] trainer: epoch 316 done train_loss=1.2629 dt=44.5s
2026-07-16 11:29:14,067 [INFO] trainer: epoch 317 step 50/54 loss=1.2199 lr=6.20e-05
2026-07-16 11:29:15,927 [INFO] trainer: epoch 317 done train_loss=1.2110 dt=33.4s
2026-07-16 11:29:45,464 [INFO] trainer: epoch 318 step 50/54 loss=1.2669 lr=6.14e-05
2026-07-16 11:29:48,338 [INFO] trainer: epoch 318 done train_loss=1.2641 dt=32.4s
2026-07-16 11:30:20,829 [INFO] trainer: epoch 319 step 50/54 loss=1.2396 lr=6.09e-05
2026-07-16 11:30:22,599 [INFO] trainer: epoch 319 done train_loss=1.2312 dt=34.2s
2026-07-16 11:30:50,103 [INFO] trainer: epoch 320 step 50/54 loss=1.2362 lr=6.03e-05
2026-07-16 11:30:52,526 [INFO] trainer: epoch 320 done train_loss=1.2358 dt=29.9s
2026-07-16 11:34:15,407 [INFO] trainer: epoch 321 step 50/54 loss=1.2021 lr=5.97e-05
2026-07-16 11:34:17,179 [INFO] trainer: epoch 321 done train_loss=1.2257 dt=202.3s
2026-07-16 11:34:58,687 [INFO] trainer: epoch 322 step 50/54 loss=1.2142 lr=5.91e-05
2026-07-16 11:35:04,247 [INFO] trainer: epoch 322 done train_loss=1.2073 dt=47.0s
2026-07-16 11:35:33,192 [INFO] trainer: epoch 323 step 50/54 loss=1.2347 lr=5.85e-05
2026-07-16 11:35:34,690 [INFO] trainer: epoch 323 done train_loss=1.2296 dt=30.4s
2026-07-16 11:36:11,835 [INFO] trainer: epoch 324 step 50/54 loss=1.2027 lr=5.79e-05
2026-07-16 11:36:13,353 [INFO] trainer: epoch 324 done train_loss=1.2009 dt=38.7s
2026-07-16 11:36:36,895 [INFO] trainer: epoch 325 step 50/54 loss=1.2201 lr=5.74e-05
2026-07-16 11:36:40,079 [INFO] trainer: epoch 325 done train_loss=1.2308 dt=26.7s
2026-07-16 11:40:05,619 [INFO] trainer: epoch 325 val_mean_dice=0.7477
2026-07-16 11:40:30,135 [INFO] trainer: epoch 326 step 50/54 loss=1.2532 lr=5.68e-05
2026-07-16 11:40:31,885 [INFO] trainer: epoch 326 done train_loss=1.2480 dt=24.3s
2026-07-16 11:40:58,203 [INFO] trainer: epoch 327 step 50/54 loss=1.2007 lr=5.62e-05
2026-07-16 11:41:01,537 [INFO] trainer: epoch 327 done train_loss=1.2115 dt=29.7s
2026-07-16 11:41:34,334 [INFO] trainer: epoch 328 step 50/54 loss=1.2522 lr=5.57e-05
2026-07-16 11:41:36,386 [INFO] trainer: epoch 328 done train_loss=1.2559 dt=34.8s
2026-07-16 11:41:57,086 [INFO] trainer: epoch 329 step 50/54 loss=1.1952 lr=5.51e-05
2026-07-16 11:41:58,962 [INFO] trainer: epoch 329 done train_loss=1.1985 dt=22.6s
2026-07-16 11:42:24,273 [INFO] trainer: epoch 330 step 50/54 loss=1.2002 lr=5.45e-05
2026-07-16 11:42:26,678 [INFO] trainer: epoch 330 done train_loss=1.2041 dt=27.7s
2026-07-16 11:42:52,194 [INFO] trainer: epoch 331 step 50/54 loss=1.2102 lr=5.40e-05
2026-07-16 11:42:53,973 [INFO] trainer: epoch 331 done train_loss=1.2054 dt=25.0s
2026-07-16 11:43:17,351 [INFO] trainer: epoch 332 step 50/54 loss=1.2503 lr=5.34e-05
2026-07-16 11:43:18,772 [INFO] trainer: epoch 332 done train_loss=1.2524 dt=24.8s
2026-07-16 11:43:46,206 [INFO] trainer: epoch 333 step 50/54 loss=1.2236 lr=5.28e-05
2026-07-16 11:43:48,043 [INFO] trainer: epoch 333 done train_loss=1.2191 dt=29.3s
2026-07-16 11:44:11,083 [INFO] trainer: epoch 334 step 50/54 loss=1.2192 lr=5.23e-05
2026-07-16 11:44:12,736 [INFO] trainer: epoch 334 done train_loss=1.2047 dt=24.7s
2026-07-16 11:45:32,166 [INFO] trainer: epoch 335 step 50/54 loss=1.2259 lr=5.17e-05
2026-07-16 11:45:33,596 [INFO] trainer: epoch 335 done train_loss=1.2193 dt=80.9s
2026-07-16 11:45:56,667 [INFO] trainer: epoch 336 step 50/54 loss=1.2159 lr=5.12e-05
2026-07-16 11:45:58,096 [INFO] trainer: epoch 336 done train_loss=1.2316 dt=24.5s
2026-07-16 11:46:22,526 [INFO] trainer: epoch 337 step 50/54 loss=1.1780 lr=5.06e-05
2026-07-16 11:46:23,880 [INFO] trainer: epoch 337 done train_loss=1.1893 dt=25.8s
2026-07-16 11:46:51,337 [INFO] trainer: epoch 338 step 50/54 loss=1.2452 lr=5.01e-05
2026-07-16 11:46:52,771 [INFO] trainer: epoch 338 done train_loss=1.2335 dt=28.9s
2026-07-16 11:47:19,275 [INFO] trainer: epoch 339 step 50/54 loss=1.2277 lr=4.95e-05
2026-07-16 11:47:20,855 [INFO] trainer: epoch 339 done train_loss=1.2250 dt=28.1s
2026-07-16 11:47:44,170 [INFO] trainer: epoch 340 step 50/54 loss=1.1947 lr=4.90e-05
2026-07-16 11:47:46,591 [INFO] trainer: epoch 340 done train_loss=1.2089 dt=25.7s
2026-07-16 11:48:11,459 [INFO] trainer: epoch 341 step 50/54 loss=1.2439 lr=4.84e-05
2026-07-16 11:48:13,017 [INFO] trainer: epoch 341 done train_loss=1.2477 dt=24.4s
2026-07-16 11:48:35,127 [INFO] trainer: epoch 342 step 50/54 loss=1.2020 lr=4.79e-05
2026-07-16 11:48:36,623 [INFO] trainer: epoch 342 done train_loss=1.1929 dt=23.6s
2026-07-16 11:49:00,189 [INFO] trainer: epoch 343 step 50/54 loss=1.2266 lr=4.73e-05
2026-07-16 11:49:01,876 [INFO] trainer: epoch 343 done train_loss=1.2303 dt=25.3s
2026-07-16 11:49:23,170 [INFO] trainer: epoch 344 step 50/54 loss=1.2398 lr=4.68e-05
2026-07-16 11:49:24,547 [INFO] trainer: epoch 344 done train_loss=1.2464 dt=22.7s
2026-07-16 11:49:46,181 [INFO] trainer: epoch 345 step 50/54 loss=1.2334 lr=4.63e-05
2026-07-16 11:49:47,654 [INFO] trainer: epoch 345 done train_loss=1.2210 dt=23.1s
2026-07-16 11:50:13,635 [INFO] trainer: epoch 346 step 50/54 loss=1.2365 lr=4.57e-05
2026-07-16 11:50:16,094 [INFO] trainer: epoch 346 done train_loss=1.2450 dt=28.4s
2026-07-16 11:50:39,046 [INFO] trainer: epoch 347 step 50/54 loss=1.2069 lr=4.52e-05
2026-07-16 11:50:40,954 [INFO] trainer: epoch 347 done train_loss=1.2169 dt=24.9s
2026-07-16 11:51:01,118 [INFO] trainer: epoch 348 step 50/54 loss=1.2634 lr=4.47e-05
2026-07-16 11:51:02,873 [INFO] trainer: epoch 348 done train_loss=1.2670 dt=21.9s
2026-07-16 11:51:27,000 [INFO] trainer: epoch 349 step 50/54 loss=1.2177 lr=4.41e-05
2026-07-16 11:51:28,716 [INFO] trainer: epoch 349 done train_loss=1.2278 dt=25.8s
2026-07-16 11:51:50,468 [INFO] trainer: epoch 350 step 50/54 loss=1.1991 lr=4.36e-05
2026-07-16 11:51:51,881 [INFO] trainer: epoch 350 done train_loss=1.2019 dt=23.2s
2026-07-16 11:55:03,056 [INFO] trainer: epoch 350 val_mean_dice=0.7566
2026-07-16 11:55:30,589 [INFO] trainer: epoch 351 step 50/54 loss=1.2537 lr=4.31e-05
2026-07-16 11:55:32,076 [INFO] trainer: epoch 351 done train_loss=1.2362 dt=24.8s
2026-07-16 11:55:54,236 [INFO] trainer: epoch 352 step 50/54 loss=1.1865 lr=4.26e-05
2026-07-16 11:55:55,623 [INFO] trainer: epoch 352 done train_loss=1.1867 dt=23.5s
2026-07-16 11:56:23,708 [INFO] trainer: epoch 353 step 50/54 loss=1.2631 lr=4.21e-05
2026-07-16 11:56:25,587 [INFO] trainer: epoch 353 done train_loss=1.2562 dt=30.0s
2026-07-16 11:56:55,432 [INFO] trainer: epoch 354 step 50/54 loss=1.1753 lr=4.15e-05
2026-07-16 11:56:57,008 [INFO] trainer: epoch 354 done train_loss=1.1733 dt=31.4s
2026-07-16 11:57:18,243 [INFO] trainer: epoch 355 step 50/54 loss=1.2388 lr=4.10e-05
2026-07-16 11:57:19,854 [INFO] trainer: epoch 355 done train_loss=1.2458 dt=22.8s
2026-07-16 11:57:42,971 [INFO] trainer: epoch 356 step 50/54 loss=1.2176 lr=4.05e-05
2026-07-16 11:57:44,435 [INFO] trainer: epoch 356 done train_loss=1.2124 dt=24.6s
2026-07-16 11:58:04,875 [INFO] trainer: epoch 357 step 50/54 loss=1.2292 lr=4.00e-05
2026-07-16 11:58:06,762 [INFO] trainer: epoch 357 done train_loss=1.2487 dt=22.3s
2026-07-16 11:58:33,734 [INFO] trainer: epoch 358 step 50/54 loss=1.1687 lr=3.95e-05
2026-07-16 11:58:35,293 [INFO] trainer: epoch 358 done train_loss=1.1787 dt=28.5s
2026-07-16 11:58:55,230 [INFO] trainer: epoch 359 step 50/54 loss=1.2943 lr=3.90e-05
2026-07-16 11:58:56,638 [INFO] trainer: epoch 359 done train_loss=1.2947 dt=21.3s
2026-07-16 11:59:21,880 [INFO] trainer: epoch 360 step 50/54 loss=1.1967 lr=3.85e-05
2026-07-16 11:59:23,699 [INFO] trainer: epoch 360 done train_loss=1.2024 dt=27.1s
2026-07-16 11:59:55,800 [INFO] trainer: epoch 361 step 50/54 loss=1.2804 lr=3.80e-05
2026-07-16 11:59:58,773 [INFO] trainer: epoch 361 done train_loss=1.2689 dt=32.8s
2026-07-16 12:00:42,664 [INFO] trainer: epoch 362 step 50/54 loss=1.2621 lr=3.75e-05
2026-07-16 12:00:44,098 [INFO] trainer: epoch 362 done train_loss=1.2575 dt=45.3s
2026-07-16 12:01:42,314 [INFO] trainer: epoch 363 step 50/54 loss=1.2003 lr=3.70e-05
2026-07-16 12:01:45,754 [INFO] trainer: epoch 363 done train_loss=1.1991 dt=61.7s
2026-07-16 12:02:28,730 [INFO] trainer: epoch 364 step 50/54 loss=1.2001 lr=3.65e-05
2026-07-16 12:02:30,323 [INFO] trainer: epoch 364 done train_loss=1.2005 dt=44.6s
2026-07-16 12:03:19,012 [INFO] trainer: epoch 365 step 50/54 loss=1.2185 lr=3.60e-05
2026-07-16 12:03:20,396 [INFO] trainer: epoch 365 done train_loss=1.2346 dt=50.1s
2026-07-16 12:03:52,184 [INFO] trainer: epoch 366 step 50/54 loss=1.2166 lr=3.56e-05
2026-07-16 12:03:53,652 [INFO] trainer: epoch 366 done train_loss=1.2294 dt=33.3s
2026-07-16 12:04:14,710 [INFO] trainer: epoch 367 step 50/54 loss=1.1946 lr=3.51e-05
2026-07-16 12:04:16,176 [INFO] trainer: epoch 367 done train_loss=1.1923 dt=22.5s
2026-07-16 12:05:08,917 [INFO] trainer: epoch 368 step 50/54 loss=1.2526 lr=3.46e-05
2026-07-16 12:05:11,323 [INFO] trainer: epoch 368 done train_loss=1.2532 dt=55.1s
2026-07-16 12:05:40,936 [INFO] trainer: epoch 369 step 50/54 loss=1.2164 lr=3.41e-05
2026-07-16 12:05:42,287 [INFO] trainer: epoch 369 done train_loss=1.2131 dt=31.0s
2026-07-16 12:06:14,660 [INFO] trainer: epoch 370 step 50/54 loss=1.2099 lr=3.36e-05
2026-07-16 12:06:16,054 [INFO] trainer: epoch 370 done train_loss=1.2053 dt=33.8s
2026-07-16 12:06:45,179 [INFO] trainer: epoch 371 step 50/54 loss=1.1775 lr=3.32e-05
2026-07-16 12:06:47,944 [INFO] trainer: epoch 371 done train_loss=1.1818 dt=29.7s
2026-07-16 12:07:20,789 [INFO] trainer: epoch 372 step 50/54 loss=1.2099 lr=3.27e-05
2026-07-16 12:07:22,258 [INFO] trainer: epoch 372 done train_loss=1.1976 dt=34.3s
2026-07-16 12:08:27,905 [INFO] trainer: epoch 373 step 50/54 loss=1.2453 lr=3.22e-05
2026-07-16 12:08:31,806 [INFO] trainer: epoch 373 done train_loss=1.2509 dt=69.5s
2026-07-16 12:09:51,420 [INFO] trainer: epoch 374 step 50/54 loss=1.2300 lr=3.18e-05
2026-07-16 12:09:53,061 [INFO] trainer: epoch 374 done train_loss=1.2146 dt=81.3s
2026-07-16 12:10:18,646 [INFO] trainer: epoch 375 step 50/54 loss=1.2133 lr=3.13e-05
2026-07-16 12:10:20,936 [INFO] trainer: epoch 375 done train_loss=1.2226 dt=27.9s
2026-07-16 12:20:54,313 [INFO] trainer: epoch 375 val_mean_dice=0.7550
2026-07-16 12:21:34,894 [INFO] trainer: epoch 376 step 50/54 loss=1.2208 lr=3.09e-05
2026-07-16 12:21:42,029 [INFO] trainer: epoch 376 done train_loss=1.2302 dt=46.9s
2026-07-16 12:22:11,580 [INFO] trainer: epoch 377 step 50/54 loss=1.2236 lr=3.04e-05
2026-07-16 12:22:15,161 [INFO] trainer: epoch 377 done train_loss=1.2382 dt=33.1s
2026-07-16 12:23:01,899 [INFO] trainer: epoch 378 step 50/54 loss=1.2195 lr=3.00e-05
2026-07-16 12:23:04,976 [INFO] trainer: epoch 378 done train_loss=1.2192 dt=49.8s
2026-07-16 12:23:40,873 [INFO] trainer: epoch 379 step 50/54 loss=1.2301 lr=2.95e-05
2026-07-16 12:23:42,266 [INFO] trainer: epoch 379 done train_loss=1.2283 dt=37.3s
2026-07-16 12:24:29,112 [INFO] trainer: epoch 380 step 50/54 loss=1.1989 lr=2.91e-05
2026-07-16 12:24:30,805 [INFO] trainer: epoch 380 done train_loss=1.2029 dt=48.5s
2026-07-16 12:25:00,303 [INFO] trainer: epoch 381 step 50/54 loss=1.2330 lr=2.86e-05
2026-07-16 12:25:07,589 [INFO] trainer: epoch 381 done train_loss=1.2250 dt=34.0s
2026-07-16 12:25:44,616 [INFO] trainer: epoch 382 step 50/54 loss=1.1990 lr=2.82e-05
2026-07-16 12:25:47,100 [INFO] trainer: epoch 382 done train_loss=1.1929 dt=39.5s
2026-07-16 12:26:13,373 [INFO] trainer: epoch 383 step 50/54 loss=1.2271 lr=2.77e-05
2026-07-16 12:26:14,792 [INFO] trainer: epoch 383 done train_loss=1.2253 dt=27.7s
2026-07-16 12:26:41,720 [INFO] trainer: epoch 384 step 50/54 loss=1.1889 lr=2.73e-05
2026-07-16 12:26:43,130 [INFO] trainer: epoch 384 done train_loss=1.1887 dt=28.3s
2026-07-16 12:27:48,449 [INFO] trainer: epoch 385 step 50/54 loss=1.1856 lr=2.69e-05
2026-07-16 12:27:50,104 [INFO] trainer: epoch 385 done train_loss=1.1840 dt=67.0s
2026-07-16 12:28:13,611 [INFO] trainer: epoch 386 step 50/54 loss=1.1773 lr=2.64e-05
2026-07-16 12:28:15,028 [INFO] trainer: epoch 386 done train_loss=1.1904 dt=24.9s
2026-07-16 12:28:39,042 [INFO] trainer: epoch 387 step 50/54 loss=1.2262 lr=2.60e-05
2026-07-16 12:28:40,631 [INFO] trainer: epoch 387 done train_loss=1.2316 dt=25.6s
2026-07-16 12:29:05,096 [INFO] trainer: epoch 388 step 50/54 loss=1.2208 lr=2.56e-05
2026-07-16 12:29:07,978 [INFO] trainer: epoch 388 done train_loss=1.2172 dt=27.3s
2026-07-16 12:29:33,352 [INFO] trainer: epoch 389 step 50/54 loss=1.2671 lr=2.52e-05
2026-07-16 12:29:35,182 [INFO] trainer: epoch 389 done train_loss=1.2597 dt=27.2s
2026-07-16 12:30:22,803 [INFO] trainer: epoch 390 step 50/54 loss=1.2166 lr=2.48e-05
2026-07-16 12:30:24,653 [INFO] trainer: epoch 390 done train_loss=1.2108 dt=49.5s
2026-07-16 12:31:04,973 [INFO] trainer: epoch 391 step 50/54 loss=1.2145 lr=2.44e-05
2026-07-16 12:31:09,529 [INFO] trainer: epoch 391 done train_loss=1.2337 dt=42.6s
2026-07-16 12:32:18,582 [INFO] trainer: epoch 392 step 50/54 loss=1.1817 lr=2.39e-05
2026-07-16 12:32:20,337 [INFO] trainer: epoch 392 done train_loss=1.1754 dt=70.8s
2026-07-16 12:33:08,902 [INFO] trainer: epoch 393 step 50/54 loss=1.2355 lr=2.35e-05
2026-07-16 12:33:11,362 [INFO] trainer: epoch 393 done train_loss=1.2308 dt=51.0s
2026-07-16 12:33:49,437 [INFO] trainer: epoch 394 step 50/54 loss=1.1719 lr=2.31e-05
2026-07-16 12:33:52,815 [INFO] trainer: epoch 394 done train_loss=1.1693 dt=41.4s
2026-07-16 12:34:30,737 [INFO] trainer: epoch 395 step 50/54 loss=1.1968 lr=2.27e-05
2026-07-16 12:34:32,524 [INFO] trainer: epoch 395 done train_loss=1.2028 dt=39.7s
2026-07-16 12:35:05,727 [INFO] trainer: epoch 396 step 50/54 loss=1.1909 lr=2.23e-05
2026-07-16 12:35:34,345 [INFO] trainer: epoch 396 done train_loss=1.1927 dt=61.8s
2026-07-16 12:36:14,175 [INFO] trainer: epoch 397 step 50/54 loss=1.2072 lr=2.19e-05
2026-07-16 12:36:18,775 [INFO] trainer: epoch 397 done train_loss=1.2067 dt=44.4s
2026-07-16 12:36:47,231 [INFO] trainer: epoch 398 step 50/54 loss=1.2396 lr=2.16e-05
2026-07-16 12:36:48,659 [INFO] trainer: epoch 398 done train_loss=1.2321 dt=29.8s
2026-07-16 12:37:25,587 [INFO] trainer: epoch 399 step 50/54 loss=1.1864 lr=2.12e-05
2026-07-16 12:37:28,271 [INFO] trainer: epoch 399 done train_loss=1.1767 dt=39.6s
2026-07-16 12:38:08,058 [INFO] trainer: epoch 400 step 50/54 loss=1.1882 lr=2.08e-05
2026-07-16 12:38:10,038 [INFO] trainer: epoch 400 done train_loss=1.1942 dt=41.8s
2026-07-16 12:41:54,192 [INFO] trainer: epoch 400 val_mean_dice=0.7562
2026-07-16 12:42:20,659 [INFO] trainer: epoch 401 step 50/54 loss=1.1798 lr=2.04e-05
2026-07-16 12:42:24,901 [INFO] trainer: epoch 401 done train_loss=1.1964 dt=28.4s
2026-07-16 12:42:59,958 [INFO] trainer: epoch 402 step 50/54 loss=1.2144 lr=2.00e-05
2026-07-16 12:43:01,853 [INFO] trainer: epoch 402 done train_loss=1.2149 dt=37.0s
2026-07-16 12:43:35,835 [INFO] trainer: epoch 403 step 50/54 loss=1.2209 lr=1.97e-05
2026-07-16 12:43:37,642 [INFO] trainer: epoch 403 done train_loss=1.2143 dt=35.8s
2026-07-16 12:43:57,266 [INFO] trainer: epoch 404 step 50/54 loss=1.2139 lr=1.93e-05
2026-07-16 12:43:58,618 [INFO] trainer: epoch 404 done train_loss=1.2095 dt=21.0s
2026-07-16 12:44:19,856 [INFO] trainer: epoch 405 step 50/54 loss=1.2260 lr=1.89e-05
2026-07-16 12:44:21,240 [INFO] trainer: epoch 405 done train_loss=1.2238 dt=22.6s
2026-07-16 12:44:39,768 [INFO] trainer: epoch 406 step 50/54 loss=1.2465 lr=1.86e-05
2026-07-16 12:44:41,453 [INFO] trainer: epoch 406 done train_loss=1.2326 dt=20.2s
2026-07-16 12:45:02,539 [INFO] trainer: epoch 407 step 50/54 loss=1.2208 lr=1.82e-05
2026-07-16 12:45:03,913 [INFO] trainer: epoch 407 done train_loss=1.2173 dt=22.5s
2026-07-16 12:45:21,822 [INFO] trainer: epoch 408 step 50/54 loss=1.2667 lr=1.78e-05
2026-07-16 12:45:23,173 [INFO] trainer: epoch 408 done train_loss=1.2591 dt=19.3s
2026-07-16 12:45:46,444 [INFO] trainer: epoch 409 step 50/54 loss=1.2405 lr=1.75e-05
2026-07-16 12:45:47,923 [INFO] trainer: epoch 409 done train_loss=1.2244 dt=24.7s
2026-07-16 12:46:06,032 [INFO] trainer: epoch 410 step 50/54 loss=1.1793 lr=1.71e-05
2026-07-16 12:46:07,382 [INFO] trainer: epoch 410 done train_loss=1.1739 dt=19.5s
2026-07-16 12:46:28,635 [INFO] trainer: epoch 411 step 50/54 loss=1.2078 lr=1.68e-05
2026-07-16 12:46:30,067 [INFO] trainer: epoch 411 done train_loss=1.2125 dt=20.6s
2026-07-16 12:46:54,023 [INFO] trainer: epoch 412 step 50/54 loss=1.2074 lr=1.64e-05
2026-07-16 12:46:57,810 [INFO] trainer: epoch 412 done train_loss=1.2173 dt=27.7s
2026-07-16 12:47:33,106 [INFO] trainer: epoch 413 step 50/54 loss=1.2018 lr=1.61e-05
2026-07-16 12:47:36,064 [INFO] trainer: epoch 413 done train_loss=1.1875 dt=38.3s
2026-07-16 12:48:02,322 [INFO] trainer: epoch 414 step 50/54 loss=1.2701 lr=1.58e-05
2026-07-16 12:48:03,952 [INFO] trainer: epoch 414 done train_loss=1.2730 dt=27.9s
2026-07-16 12:48:31,224 [INFO] trainer: epoch 415 step 50/54 loss=1.1433 lr=1.54e-05
2026-07-16 12:48:34,314 [INFO] trainer: epoch 415 done train_loss=1.1477 dt=30.4s
2026-07-16 12:49:00,024 [INFO] trainer: epoch 416 step 50/54 loss=1.1638 lr=1.51e-05
2026-07-16 12:49:03,063 [INFO] trainer: epoch 416 done train_loss=1.1642 dt=28.7s
2026-07-16 12:49:31,389 [INFO] trainer: epoch 417 step 50/54 loss=1.1568 lr=1.48e-05
2026-07-16 12:49:33,048 [INFO] trainer: epoch 417 done train_loss=1.1565 dt=29.8s
2026-07-16 12:49:58,005 [INFO] trainer: epoch 418 step 50/54 loss=1.2019 lr=1.45e-05
2026-07-16 12:49:59,425 [INFO] trainer: epoch 418 done train_loss=1.1916 dt=26.4s
2026-07-16 12:50:17,945 [INFO] trainer: epoch 419 step 50/54 loss=1.1764 lr=1.41e-05
2026-07-16 12:50:19,295 [INFO] trainer: epoch 419 done train_loss=1.1659 dt=19.9s
2026-07-16 12:50:38,476 [INFO] trainer: epoch 420 step 50/54 loss=1.1831 lr=1.38e-05
2026-07-16 12:50:39,837 [INFO] trainer: epoch 420 done train_loss=1.1827 dt=20.5s
2026-07-16 12:51:02,223 [INFO] trainer: epoch 421 step 50/54 loss=1.2044 lr=1.35e-05
2026-07-16 12:51:03,716 [INFO] trainer: epoch 421 done train_loss=1.2063 dt=22.0s
2026-07-16 12:51:24,350 [INFO] trainer: epoch 422 step 50/54 loss=1.1628 lr=1.32e-05
2026-07-16 12:51:25,699 [INFO] trainer: epoch 422 done train_loss=1.1685 dt=22.0s
2026-07-16 12:51:45,743 [INFO] trainer: epoch 423 step 50/54 loss=1.2136 lr=1.29e-05
2026-07-16 12:51:47,314 [INFO] trainer: epoch 423 done train_loss=1.2297 dt=21.6s
2026-07-16 12:52:07,012 [INFO] trainer: epoch 424 step 50/54 loss=1.1590 lr=1.26e-05
2026-07-16 12:52:08,392 [INFO] trainer: epoch 424 done train_loss=1.1701 dt=21.1s
2026-07-16 12:52:26,554 [INFO] trainer: epoch 425 step 50/54 loss=1.1806 lr=1.23e-05
2026-07-16 12:52:29,421 [INFO] trainer: epoch 425 done train_loss=1.1824 dt=21.0s
2026-07-16 12:55:30,815 [INFO] trainer: epoch 425 val_mean_dice=0.7587
2026-07-16 12:55:52,388 [INFO] trainer: epoch 426 step 50/54 loss=1.2003 lr=1.20e-05
2026-07-16 12:55:53,771 [INFO] trainer: epoch 426 done train_loss=1.2166 dt=20.7s
2026-07-16 12:56:12,865 [INFO] trainer: epoch 427 step 50/54 loss=1.1733 lr=1.17e-05
2026-07-16 12:56:14,362 [INFO] trainer: epoch 427 done train_loss=1.1622 dt=20.6s
2026-07-16 12:56:34,054 [INFO] trainer: epoch 428 step 50/54 loss=1.2114 lr=1.14e-05
2026-07-16 12:56:35,463 [INFO] trainer: epoch 428 done train_loss=1.1987 dt=21.1s
2026-07-16 12:56:55,260 [INFO] trainer: epoch 429 step 50/54 loss=1.2189 lr=1.12e-05
2026-07-16 12:56:56,687 [INFO] trainer: epoch 429 done train_loss=1.2214 dt=21.2s
2026-07-16 12:57:15,506 [INFO] trainer: epoch 430 step 50/54 loss=1.1935 lr=1.09e-05
2026-07-16 12:57:16,864 [INFO] trainer: epoch 430 done train_loss=1.2083 dt=20.2s
2026-07-16 12:57:39,429 [INFO] trainer: epoch 431 step 50/54 loss=1.1742 lr=1.06e-05
2026-07-16 12:57:40,793 [INFO] trainer: epoch 431 done train_loss=1.1722 dt=20.8s
2026-07-16 12:57:59,499 [INFO] trainer: epoch 432 step 50/54 loss=1.2451 lr=1.03e-05
2026-07-16 12:58:00,871 [INFO] trainer: epoch 432 done train_loss=1.2333 dt=20.1s
2026-07-16 12:58:19,761 [INFO] trainer: epoch 433 step 50/54 loss=1.2024 lr=1.01e-05
2026-07-16 12:58:21,963 [INFO] trainer: epoch 433 done train_loss=1.2261 dt=21.1s
2026-07-16 12:58:48,037 [INFO] trainer: epoch 434 step 50/54 loss=1.1502 lr=9.80e-06
2026-07-16 12:58:49,370 [INFO] trainer: epoch 434 done train_loss=1.1518 dt=27.4s
2026-07-16 12:59:11,425 [INFO] trainer: epoch 435 step 50/54 loss=1.1994 lr=9.54e-06
2026-07-16 12:59:12,921 [INFO] trainer: epoch 435 done train_loss=1.1960 dt=23.6s
2026-07-16 12:59:31,279 [INFO] trainer: epoch 436 step 50/54 loss=1.2307 lr=9.28e-06
2026-07-16 12:59:32,630 [INFO] trainer: epoch 436 done train_loss=1.2286 dt=19.7s
2026-07-16 12:59:53,159 [INFO] trainer: epoch 437 step 50/54 loss=1.1846 lr=9.03e-06
2026-07-16 12:59:54,522 [INFO] trainer: epoch 437 done train_loss=1.1857 dt=21.9s
2026-07-16 13:00:13,682 [INFO] trainer: epoch 438 step 50/54 loss=1.2234 lr=8.78e-06
2026-07-16 13:00:15,041 [INFO] trainer: epoch 438 done train_loss=1.2085 dt=20.5s
2026-07-16 13:00:33,316 [INFO] trainer: epoch 439 step 50/54 loss=1.1721 lr=8.53e-06
2026-07-16 13:00:34,667 [INFO] trainer: epoch 439 done train_loss=1.1772 dt=19.6s
2026-07-16 13:00:54,942 [INFO] trainer: epoch 440 step 50/54 loss=1.2107 lr=8.29e-06
2026-07-16 13:00:56,333 [INFO] trainer: epoch 440 done train_loss=1.2171 dt=21.7s
2026-07-16 13:01:17,640 [INFO] trainer: epoch 441 step 50/54 loss=1.2260 lr=8.05e-06
2026-07-16 13:01:19,334 [INFO] trainer: epoch 441 done train_loss=1.2336 dt=21.0s
2026-07-16 13:01:59,952 [INFO] trainer: epoch 442 step 50/54 loss=1.1862 lr=7.82e-06
2026-07-16 13:02:01,297 [INFO] trainer: epoch 442 done train_loss=1.1979 dt=42.0s
2026-07-16 13:02:18,880 [INFO] trainer: epoch 443 step 50/54 loss=1.1849 lr=7.59e-06
2026-07-16 13:02:20,229 [INFO] trainer: epoch 443 done train_loss=1.1888 dt=18.9s
2026-07-16 13:02:37,864 [INFO] trainer: epoch 444 step 50/54 loss=1.2224 lr=7.36e-06
2026-07-16 13:02:39,213 [INFO] trainer: epoch 444 done train_loss=1.2111 dt=19.0s
2026-07-16 13:03:00,687 [INFO] trainer: epoch 445 step 50/54 loss=1.1808 lr=7.14e-06
2026-07-16 13:03:02,247 [INFO] trainer: epoch 445 done train_loss=1.1803 dt=23.0s
2026-07-16 13:03:28,431 [INFO] trainer: epoch 446 step 50/54 loss=1.2404 lr=6.92e-06
2026-07-16 13:03:29,783 [INFO] trainer: epoch 446 done train_loss=1.2347 dt=27.5s
2026-07-16 13:03:47,445 [INFO] trainer: epoch 447 step 50/54 loss=1.2007 lr=6.71e-06
2026-07-16 13:03:48,796 [INFO] trainer: epoch 447 done train_loss=1.2115 dt=19.0s
2026-07-16 13:04:06,547 [INFO] trainer: epoch 448 step 50/54 loss=1.1421 lr=6.49e-06
2026-07-16 13:04:07,898 [INFO] trainer: epoch 448 done train_loss=1.1443 dt=19.1s
2026-07-16 13:04:30,904 [INFO] trainer: epoch 449 step 50/54 loss=1.2089 lr=6.29e-06
2026-07-16 13:04:32,365 [INFO] trainer: epoch 449 done train_loss=1.2047 dt=24.5s
2026-07-16 13:04:50,295 [INFO] trainer: epoch 450 step 50/54 loss=1.2763 lr=6.08e-06
2026-07-16 13:04:51,645 [INFO] trainer: epoch 450 done train_loss=1.2768 dt=19.3s
2026-07-16 13:07:49,526 [INFO] trainer: epoch 450 val_mean_dice=0.7581
2026-07-16 13:08:09,499 [INFO] trainer: epoch 451 step 50/54 loss=1.2135 lr=5.88e-06
2026-07-16 13:08:10,852 [INFO] trainer: epoch 451 done train_loss=1.2181 dt=19.2s
2026-07-16 13:08:28,665 [INFO] trainer: epoch 452 step 50/54 loss=1.2206 lr=5.69e-06
2026-07-16 13:08:30,016 [INFO] trainer: epoch 452 done train_loss=1.2341 dt=19.2s
2026-07-16 13:08:47,672 [INFO] trainer: epoch 453 step 50/54 loss=1.2476 lr=5.50e-06
2026-07-16 13:08:49,023 [INFO] trainer: epoch 453 done train_loss=1.2532 dt=19.0s
2026-07-16 13:09:06,832 [INFO] trainer: epoch 454 step 50/54 loss=1.1880 lr=5.31e-06
2026-07-16 13:09:08,183 [INFO] trainer: epoch 454 done train_loss=1.1928 dt=19.2s
2026-07-16 13:09:25,950 [INFO] trainer: epoch 455 step 50/54 loss=1.2066 lr=5.13e-06
2026-07-16 13:09:27,309 [INFO] trainer: epoch 455 done train_loss=1.2049 dt=19.1s
2026-07-16 13:09:45,218 [INFO] trainer: epoch 456 step 50/54 loss=1.1855 lr=4.95e-06
2026-07-16 13:09:46,573 [INFO] trainer: epoch 456 done train_loss=1.1826 dt=19.3s
2026-07-16 13:10:04,560 [INFO] trainer: epoch 457 step 50/54 loss=1.1885 lr=4.77e-06
2026-07-16 13:10:05,915 [INFO] trainer: epoch 457 done train_loss=1.1847 dt=19.3s
2026-07-16 13:10:23,920 [INFO] trainer: epoch 458 step 50/54 loss=1.1757 lr=4.60e-06
2026-07-16 13:10:25,273 [INFO] trainer: epoch 458 done train_loss=1.1727 dt=19.4s
2026-07-16 13:10:43,202 [INFO] trainer: epoch 459 step 50/54 loss=1.2560 lr=4.43e-06
2026-07-16 13:10:44,555 [INFO] trainer: epoch 459 done train_loss=1.2435 dt=19.3s
2026-07-16 13:11:02,395 [INFO] trainer: epoch 460 step 50/54 loss=1.1929 lr=4.27e-06
2026-07-16 13:11:03,747 [INFO] trainer: epoch 460 done train_loss=1.1810 dt=19.2s
2026-07-16 13:11:23,378 [INFO] trainer: epoch 461 step 50/54 loss=1.1937 lr=4.11e-06
2026-07-16 13:11:24,731 [INFO] trainer: epoch 461 done train_loss=1.1840 dt=19.1s
2026-07-16 13:11:42,605 [INFO] trainer: epoch 462 step 50/54 loss=1.2532 lr=3.95e-06
2026-07-16 13:11:43,958 [INFO] trainer: epoch 462 done train_loss=1.2449 dt=19.2s
2026-07-16 13:12:01,951 [INFO] trainer: epoch 463 step 50/54 loss=1.1989 lr=3.80e-06
2026-07-16 13:12:03,301 [INFO] trainer: epoch 463 done train_loss=1.1881 dt=19.3s
2026-07-16 13:12:21,158 [INFO] trainer: epoch 464 step 50/54 loss=1.1488 lr=3.65e-06
2026-07-16 13:12:22,509 [INFO] trainer: epoch 464 done train_loss=1.1496 dt=19.2s
2026-07-16 13:12:40,568 [INFO] trainer: epoch 465 step 50/54 loss=1.2480 lr=3.51e-06
2026-07-16 13:12:41,920 [INFO] trainer: epoch 465 done train_loss=1.2287 dt=19.4s
2026-07-16 13:12:59,695 [INFO] trainer: epoch 466 step 50/54 loss=1.1622 lr=3.36e-06
2026-07-16 13:13:01,046 [INFO] trainer: epoch 466 done train_loss=1.1592 dt=19.1s
2026-07-16 13:13:18,854 [INFO] trainer: epoch 467 step 50/54 loss=1.2237 lr=3.23e-06
2026-07-16 13:13:20,209 [INFO] trainer: epoch 467 done train_loss=1.2226 dt=19.2s
2026-07-16 13:13:39,414 [INFO] trainer: epoch 468 step 50/54 loss=1.1881 lr=3.10e-06
2026-07-16 13:13:40,767 [INFO] trainer: epoch 468 done train_loss=1.1768 dt=18.9s
2026-07-16 13:13:58,566 [INFO] trainer: epoch 469 step 50/54 loss=1.2333 lr=2.97e-06
2026-07-16 13:13:59,919 [INFO] trainer: epoch 469 done train_loss=1.2311 dt=19.2s
2026-07-16 13:14:17,748 [INFO] trainer: epoch 470 step 50/54 loss=1.2051 lr=2.84e-06
2026-07-16 13:14:19,100 [INFO] trainer: epoch 470 done train_loss=1.2114 dt=19.2s
2026-07-16 13:14:38,954 [INFO] trainer: epoch 471 step 50/54 loss=1.2131 lr=2.72e-06
2026-07-16 13:14:40,303 [INFO] trainer: epoch 471 done train_loss=1.2144 dt=19.1s
2026-07-16 13:14:58,086 [INFO] trainer: epoch 472 step 50/54 loss=1.2249 lr=2.61e-06
2026-07-16 13:14:59,439 [INFO] trainer: epoch 472 done train_loss=1.2282 dt=19.1s
2026-07-16 13:15:17,054 [INFO] trainer: epoch 473 step 50/54 loss=1.2177 lr=2.50e-06
2026-07-16 13:15:18,405 [INFO] trainer: epoch 473 done train_loss=1.2154 dt=19.0s
2026-07-16 13:15:36,217 [INFO] trainer: epoch 474 step 50/54 loss=1.1788 lr=2.39e-06
2026-07-16 13:15:37,569 [INFO] trainer: epoch 474 done train_loss=1.1831 dt=19.2s
2026-07-16 13:15:55,329 [INFO] trainer: epoch 475 step 50/54 loss=1.1982 lr=2.28e-06
2026-07-16 13:15:56,681 [INFO] trainer: epoch 475 done train_loss=1.2174 dt=19.1s
2026-07-16 13:18:31,143 [INFO] trainer: epoch 475 val_mean_dice=0.7577
2026-07-16 13:18:49,108 [INFO] trainer: epoch 476 step 50/54 loss=1.1980 lr=2.18e-06
2026-07-16 13:18:50,461 [INFO] trainer: epoch 476 done train_loss=1.1866 dt=19.3s
2026-07-16 13:19:08,218 [INFO] trainer: epoch 477 step 50/54 loss=1.2015 lr=2.09e-06
2026-07-16 13:19:09,571 [INFO] trainer: epoch 477 done train_loss=1.2094 dt=19.1s
2026-07-16 13:19:27,489 [INFO] trainer: epoch 478 step 50/54 loss=1.2228 lr=1.99e-06
2026-07-16 13:19:28,842 [INFO] trainer: epoch 478 done train_loss=1.2229 dt=19.3s
2026-07-16 13:19:46,641 [INFO] trainer: epoch 479 step 50/54 loss=1.2482 lr=1.91e-06
2026-07-16 13:19:47,994 [INFO] trainer: epoch 479 done train_loss=1.2330 dt=19.2s
2026-07-16 13:20:05,616 [INFO] trainer: epoch 480 step 50/54 loss=1.1606 lr=1.82e-06
2026-07-16 13:20:06,969 [INFO] trainer: epoch 480 done train_loss=1.1654 dt=19.0s
2026-07-16 13:20:27,255 [INFO] trainer: epoch 481 step 50/54 loss=1.2331 lr=1.74e-06
2026-07-16 13:20:28,609 [INFO] trainer: epoch 481 done train_loss=1.2278 dt=19.8s
2026-07-16 13:20:46,285 [INFO] trainer: epoch 482 step 50/54 loss=1.2002 lr=1.67e-06
2026-07-16 13:20:47,637 [INFO] trainer: epoch 482 done train_loss=1.2039 dt=19.0s
2026-07-16 13:21:05,222 [INFO] trainer: epoch 483 step 50/54 loss=1.2157 lr=1.60e-06
2026-07-16 13:21:06,572 [INFO] trainer: epoch 483 done train_loss=1.2061 dt=18.9s
2026-07-16 13:21:24,341 [INFO] trainer: epoch 484 step 50/54 loss=1.1736 lr=1.53e-06
2026-07-16 13:21:25,693 [INFO] trainer: epoch 484 done train_loss=1.1746 dt=19.1s
2026-07-16 13:21:43,517 [INFO] trainer: epoch 485 step 50/54 loss=1.1608 lr=1.46e-06
2026-07-16 13:21:44,867 [INFO] trainer: epoch 485 done train_loss=1.1532 dt=19.2s
2026-07-16 13:22:02,769 [INFO] trainer: epoch 486 step 50/54 loss=1.1787 lr=1.40e-06
2026-07-16 13:22:04,121 [INFO] trainer: epoch 486 done train_loss=1.1746 dt=19.3s
2026-07-16 13:22:21,900 [INFO] trainer: epoch 487 step 50/54 loss=1.1845 lr=1.35e-06
2026-07-16 13:22:23,252 [INFO] trainer: epoch 487 done train_loss=1.1880 dt=19.1s
2026-07-16 13:22:40,914 [INFO] trainer: epoch 488 step 50/54 loss=1.1755 lr=1.30e-06
2026-07-16 13:22:42,266 [INFO] trainer: epoch 488 done train_loss=1.1791 dt=19.0s
2026-07-16 13:22:59,913 [INFO] trainer: epoch 489 step 50/54 loss=1.1576 lr=1.25e-06
2026-07-16 13:23:01,264 [INFO] trainer: epoch 489 done train_loss=1.1635 dt=19.0s
2026-07-16 13:23:18,863 [INFO] trainer: epoch 490 step 50/54 loss=1.2210 lr=1.21e-06
2026-07-16 13:23:20,214 [INFO] trainer: epoch 490 done train_loss=1.2132 dt=18.9s
2026-07-16 13:23:39,811 [INFO] trainer: epoch 491 step 50/54 loss=1.1811 lr=1.17e-06
2026-07-16 13:23:41,167 [INFO] trainer: epoch 491 done train_loss=1.1825 dt=19.1s
2026-07-16 13:23:58,980 [INFO] trainer: epoch 492 step 50/54 loss=1.2092 lr=1.13e-06
2026-07-16 13:24:00,332 [INFO] trainer: epoch 492 done train_loss=1.2213 dt=19.2s
2026-07-16 13:24:17,974 [INFO] trainer: epoch 493 step 50/54 loss=1.2174 lr=1.10e-06
2026-07-16 13:24:19,326 [INFO] trainer: epoch 493 done train_loss=1.2218 dt=19.0s
2026-07-16 13:24:37,228 [INFO] trainer: epoch 494 step 50/54 loss=1.2220 lr=1.08e-06
2026-07-16 13:24:38,579 [INFO] trainer: epoch 494 done train_loss=1.2157 dt=19.3s
2026-07-16 13:24:56,371 [INFO] trainer: epoch 495 step 50/54 loss=1.2029 lr=1.05e-06
2026-07-16 13:24:57,722 [INFO] trainer: epoch 495 done train_loss=1.1999 dt=19.1s
2026-07-16 13:25:15,631 [INFO] trainer: epoch 496 step 50/54 loss=1.2413 lr=1.03e-06
2026-07-16 13:25:16,983 [INFO] trainer: epoch 496 done train_loss=1.2379 dt=19.3s
2026-07-16 13:25:34,722 [INFO] trainer: epoch 497 step 50/54 loss=1.2333 lr=1.02e-06
2026-07-16 13:25:36,073 [INFO] trainer: epoch 497 done train_loss=1.2295 dt=19.1s
2026-07-16 13:25:53,900 [INFO] trainer: epoch 498 step 50/54 loss=1.2481 lr=1.01e-06
2026-07-16 13:25:55,251 [INFO] trainer: epoch 498 done train_loss=1.2383 dt=19.2s
2026-07-16 13:26:13,307 [INFO] trainer: epoch 499 step 50/54 loss=1.2168 lr=1.00e-06
2026-07-16 13:26:14,661 [INFO] trainer: epoch 499 done train_loss=1.2217 dt=19.4s
2026-07-16 13:26:32,516 [INFO] trainer: epoch 500 step 50/54 loss=1.2053 lr=1.00e-06
2026-07-16 13:26:33,869 [INFO] trainer: epoch 500 done train_loss=1.2000 dt=19.2s
2026-07-16 13:29:08,045 [INFO] trainer: epoch 500 val_mean_dice=0.7586
2026-07-16 13:29:09,910 [INFO] trainer: total time 21756.7 s, best dice 0.7587 (epochs 1-500 / 500)
