2026-07-16 07:23:14,538 [INFO] train: ========================================================================
2026-07-16 07:23:14,539 [INFO] train: model=ctclip config=configs/lowshot/ls_ctclip_ft_pt_f010.yaml
2026-07-16 07:23:14,539 [INFO] train: output=/scratch/lskrlj/runs/ls_ctclip_ft_pt_f010 device=cuda (NVIDIA A100-SXM4-40GB)
2026-07-16 07:23:14,539 [INFO] train: epochs=500 batch_size=2 grad_accum=2 eff_batch=4 lr=0.0002 amp=True
2026-07-16 07:23:14,539 [INFO] train: ========================================================================
2026-07-16 07:23:14,543 [INFO] train: splits: train=1082 val=57 classes=117
2026-07-16 07:23:14,544 [INFO] train: low-shot: train_fraction=0.1000 seed=1234 -> 108/1082 train cases
2026-07-16 07:23:14,755 [INFO] train: disk cache: /scratch/lskrlj/cache/TotalSeg/833d9d046402 (fingerprint=833d9d046402)
2026-07-16 07:27:08,828 [INFO] train: model ctclip, trainable params: 35074160 / 35074160 total (freeze_backbone=False)
2026-07-16 07:27:12,196 [WARNING] trainer: --resume set but no checkpoint found in /scratch/lskrlj/runs/ls_ctclip_ft_pt_f010; starting fresh
2026-07-16 07:27:12,196 [INFO] trainer: start: epochs 1-500/500 device=cuda amp=bf16 train_batches=54 val_batches=57
2026-07-16 07:27:33,954 [INFO] trainer: epoch 1 step 50/54 loss=10.4835 lr=1.85e-05
2026-07-16 07:27:35,470 [INFO] trainer: epoch 1 done train_loss=10.4488 dt=23.3s
2026-07-16 07:27:55,126 [INFO] trainer: epoch 2 step 50/54 loss=9.3044 lr=3.85e-05
2026-07-16 07:27:56,640 [INFO] trainer: epoch 2 done train_loss=9.2481 dt=21.2s
2026-07-16 07:28:16,510 [INFO] trainer: epoch 3 step 50/54 loss=8.0133 lr=5.85e-05
2026-07-16 07:28:18,027 [INFO] trainer: epoch 3 done train_loss=7.9941 dt=21.4s
2026-07-16 07:28:37,716 [INFO] trainer: epoch 4 step 50/54 loss=7.2486 lr=7.85e-05
2026-07-16 07:28:39,233 [INFO] trainer: epoch 4 done train_loss=7.2313 dt=21.2s
2026-07-16 07:28:58,845 [INFO] trainer: epoch 5 step 50/54 loss=6.7426 lr=9.85e-05
2026-07-16 07:29:00,363 [INFO] trainer: epoch 5 done train_loss=6.7371 dt=21.1s
2026-07-16 07:29:19,874 [INFO] trainer: epoch 6 step 50/54 loss=6.4263 lr=1.19e-04
2026-07-16 07:29:21,391 [INFO] trainer: epoch 6 done train_loss=6.4150 dt=21.0s
2026-07-16 07:29:41,197 [INFO] trainer: epoch 7 step 50/54 loss=6.1296 lr=1.39e-04
2026-07-16 07:29:42,714 [INFO] trainer: epoch 7 done train_loss=6.1058 dt=21.3s
2026-07-16 07:30:02,276 [INFO] trainer: epoch 8 step 50/54 loss=5.8156 lr=1.59e-04
2026-07-16 07:30:03,791 [INFO] trainer: epoch 8 done train_loss=5.7982 dt=21.1s
2026-07-16 07:30:23,486 [INFO] trainer: epoch 9 step 50/54 loss=5.4875 lr=1.79e-04
2026-07-16 07:30:25,008 [INFO] trainer: epoch 9 done train_loss=5.4678 dt=21.2s
2026-07-16 07:30:44,663 [INFO] trainer: epoch 10 step 50/54 loss=5.2198 lr=1.99e-04
2026-07-16 07:30:46,181 [INFO] trainer: epoch 10 done train_loss=5.2082 dt=21.2s
2026-07-16 07:31:06,540 [INFO] trainer: epoch 11 step 50/54 loss=4.9333 lr=2.00e-04
2026-07-16 07:31:08,056 [INFO] trainer: epoch 11 done train_loss=4.9261 dt=21.3s
2026-07-16 07:31:27,727 [INFO] trainer: epoch 12 step 50/54 loss=4.6649 lr=2.00e-04
2026-07-16 07:31:29,242 [INFO] trainer: epoch 12 done train_loss=4.6620 dt=21.2s
2026-07-16 07:31:49,012 [INFO] trainer: epoch 13 step 50/54 loss=4.4243 lr=2.00e-04
2026-07-16 07:31:50,525 [INFO] trainer: epoch 13 done train_loss=4.4275 dt=21.3s
2026-07-16 07:32:10,152 [INFO] trainer: epoch 14 step 50/54 loss=4.2743 lr=2.00e-04
2026-07-16 07:32:11,669 [INFO] trainer: epoch 14 done train_loss=4.2654 dt=21.1s
2026-07-16 07:32:31,398 [INFO] trainer: epoch 15 step 50/54 loss=4.0196 lr=2.00e-04
2026-07-16 07:32:32,916 [INFO] trainer: epoch 15 done train_loss=4.0120 dt=21.2s
2026-07-16 07:32:52,603 [INFO] trainer: epoch 16 step 50/54 loss=3.9067 lr=2.00e-04
2026-07-16 07:32:54,117 [INFO] trainer: epoch 16 done train_loss=3.9151 dt=21.2s
2026-07-16 07:33:13,916 [INFO] trainer: epoch 17 step 50/54 loss=3.7495 lr=2.00e-04
2026-07-16 07:33:15,430 [INFO] trainer: epoch 17 done train_loss=3.7402 dt=21.3s
2026-07-16 07:33:35,234 [INFO] trainer: epoch 18 step 50/54 loss=3.6457 lr=2.00e-04
2026-07-16 07:33:36,747 [INFO] trainer: epoch 18 done train_loss=3.6349 dt=21.3s
2026-07-16 07:33:56,377 [INFO] trainer: epoch 19 step 50/54 loss=3.5500 lr=2.00e-04
2026-07-16 07:33:57,890 [INFO] trainer: epoch 19 done train_loss=3.5405 dt=21.1s
2026-07-16 07:34:17,534 [INFO] trainer: epoch 20 step 50/54 loss=3.4107 lr=2.00e-04
2026-07-16 07:34:19,048 [INFO] trainer: epoch 20 done train_loss=3.4174 dt=21.2s
2026-07-16 07:34:39,607 [INFO] trainer: epoch 21 step 50/54 loss=3.3378 lr=2.00e-04
2026-07-16 07:34:41,128 [INFO] trainer: epoch 21 done train_loss=3.3242 dt=21.5s
2026-07-16 07:35:00,919 [INFO] trainer: epoch 22 step 50/54 loss=3.2089 lr=2.00e-04
2026-07-16 07:35:02,436 [INFO] trainer: epoch 22 done train_loss=3.2191 dt=21.3s
2026-07-16 07:35:21,987 [INFO] trainer: epoch 23 step 50/54 loss=3.1266 lr=2.00e-04
2026-07-16 07:35:23,502 [INFO] trainer: epoch 23 done train_loss=3.1264 dt=21.1s
2026-07-16 07:35:43,010 [INFO] trainer: epoch 24 step 50/54 loss=3.0350 lr=2.00e-04
2026-07-16 07:35:44,525 [INFO] trainer: epoch 24 done train_loss=3.0412 dt=21.0s
2026-07-16 07:36:04,278 [INFO] trainer: epoch 25 step 50/54 loss=2.9316 lr=2.00e-04
2026-07-16 07:36:05,793 [INFO] trainer: epoch 25 done train_loss=2.9426 dt=21.3s
2026-07-16 07:37:48,849 [INFO] trainer: epoch 25 val_mean_dice=0.0373
2026-07-16 07:38:09,195 [INFO] trainer: epoch 26 step 50/54 loss=2.8687 lr=1.99e-04
2026-07-16 07:38:10,707 [INFO] trainer: epoch 26 done train_loss=2.8701 dt=21.3s
2026-07-16 07:38:30,303 [INFO] trainer: epoch 27 step 50/54 loss=2.8290 lr=1.99e-04
2026-07-16 07:38:31,819 [INFO] trainer: epoch 27 done train_loss=2.8219 dt=21.1s
2026-07-16 07:38:51,603 [INFO] trainer: epoch 28 step 50/54 loss=2.7246 lr=1.99e-04
2026-07-16 07:38:53,116 [INFO] trainer: epoch 28 done train_loss=2.7318 dt=21.3s
2026-07-16 07:39:12,879 [INFO] trainer: epoch 29 step 50/54 loss=2.7011 lr=1.99e-04
2026-07-16 07:39:14,398 [INFO] trainer: epoch 29 done train_loss=2.6947 dt=21.3s
2026-07-16 07:39:33,942 [INFO] trainer: epoch 30 step 50/54 loss=2.6194 lr=1.99e-04
2026-07-16 07:39:35,456 [INFO] trainer: epoch 30 done train_loss=2.6116 dt=21.1s
2026-07-16 07:39:55,782 [INFO] trainer: epoch 31 step 50/54 loss=2.5500 lr=1.99e-04
2026-07-16 07:39:57,299 [INFO] trainer: epoch 31 done train_loss=2.5605 dt=21.2s
2026-07-16 07:40:16,917 [INFO] trainer: epoch 32 step 50/54 loss=2.5355 lr=1.99e-04
2026-07-16 07:40:18,428 [INFO] trainer: epoch 32 done train_loss=2.5355 dt=21.1s
2026-07-16 07:40:37,920 [INFO] trainer: epoch 33 step 50/54 loss=2.4703 lr=1.99e-04
2026-07-16 07:40:39,440 [INFO] trainer: epoch 33 done train_loss=2.4692 dt=21.0s
2026-07-16 07:40:58,950 [INFO] trainer: epoch 34 step 50/54 loss=2.4583 lr=1.99e-04
2026-07-16 07:41:00,467 [INFO] trainer: epoch 34 done train_loss=2.4475 dt=21.0s
2026-07-16 07:41:20,145 [INFO] trainer: epoch 35 step 50/54 loss=2.3884 lr=1.99e-04
2026-07-16 07:41:21,664 [INFO] trainer: epoch 35 done train_loss=2.3911 dt=21.2s
2026-07-16 07:41:41,138 [INFO] trainer: epoch 36 step 50/54 loss=2.3333 lr=1.99e-04
2026-07-16 07:41:42,650 [INFO] trainer: epoch 36 done train_loss=2.3451 dt=21.0s
2026-07-16 07:42:02,267 [INFO] trainer: epoch 37 step 50/54 loss=2.2803 lr=1.99e-04
2026-07-16 07:42:03,779 [INFO] trainer: epoch 37 done train_loss=2.2862 dt=21.1s
2026-07-16 07:42:23,353 [INFO] trainer: epoch 38 step 50/54 loss=2.2912 lr=1.98e-04
2026-07-16 07:42:24,864 [INFO] trainer: epoch 38 done train_loss=2.2834 dt=21.1s
2026-07-16 07:42:44,393 [INFO] trainer: epoch 39 step 50/54 loss=2.2520 lr=1.98e-04
2026-07-16 07:42:45,906 [INFO] trainer: epoch 39 done train_loss=2.2487 dt=21.0s
2026-07-16 07:43:05,631 [INFO] trainer: epoch 40 step 50/54 loss=2.2231 lr=1.98e-04
2026-07-16 07:43:07,147 [INFO] trainer: epoch 40 done train_loss=2.2232 dt=21.2s
2026-07-16 07:43:27,742 [INFO] trainer: epoch 41 step 50/54 loss=2.1701 lr=1.98e-04
2026-07-16 07:43:29,256 [INFO] trainer: epoch 41 done train_loss=2.1741 dt=21.5s
2026-07-16 07:43:49,000 [INFO] trainer: epoch 42 step 50/54 loss=2.1182 lr=1.98e-04
2026-07-16 07:43:50,517 [INFO] trainer: epoch 42 done train_loss=2.1178 dt=21.3s
2026-07-16 07:44:10,119 [INFO] trainer: epoch 43 step 50/54 loss=2.1157 lr=1.98e-04
2026-07-16 07:44:11,632 [INFO] trainer: epoch 43 done train_loss=2.1127 dt=21.1s
2026-07-16 07:44:31,172 [INFO] trainer: epoch 44 step 50/54 loss=2.0677 lr=1.98e-04
2026-07-16 07:44:32,683 [INFO] trainer: epoch 44 done train_loss=2.0665 dt=21.1s
2026-07-16 07:44:52,287 [INFO] trainer: epoch 45 step 50/54 loss=2.0322 lr=1.98e-04
2026-07-16 07:44:53,804 [INFO] trainer: epoch 45 done train_loss=2.0397 dt=21.1s
2026-07-16 07:45:13,529 [INFO] trainer: epoch 46 step 50/54 loss=2.0247 lr=1.97e-04
2026-07-16 07:45:15,045 [INFO] trainer: epoch 46 done train_loss=2.0200 dt=21.2s
2026-07-16 07:45:34,823 [INFO] trainer: epoch 47 step 50/54 loss=2.0101 lr=1.97e-04
2026-07-16 07:45:36,342 [INFO] trainer: epoch 47 done train_loss=2.0167 dt=21.3s
2026-07-16 07:45:55,872 [INFO] trainer: epoch 48 step 50/54 loss=1.9569 lr=1.97e-04
2026-07-16 07:45:57,390 [INFO] trainer: epoch 48 done train_loss=1.9563 dt=21.0s
2026-07-16 07:46:17,123 [INFO] trainer: epoch 49 step 50/54 loss=1.9869 lr=1.97e-04
2026-07-16 07:46:18,640 [INFO] trainer: epoch 49 done train_loss=1.9808 dt=21.2s
2026-07-16 07:46:38,399 [INFO] trainer: epoch 50 step 50/54 loss=1.9500 lr=1.97e-04
2026-07-16 07:46:39,915 [INFO] trainer: epoch 50 done train_loss=1.9429 dt=21.3s
2026-07-16 07:48:19,453 [INFO] trainer: epoch 50 val_mean_dice=0.4033
2026-07-16 07:48:40,458 [INFO] trainer: epoch 51 step 50/54 loss=1.9173 lr=1.97e-04
2026-07-16 07:48:41,977 [INFO] trainer: epoch 51 done train_loss=1.9212 dt=21.2s
2026-07-16 07:49:01,500 [INFO] trainer: epoch 52 step 50/54 loss=1.8871 lr=1.96e-04
2026-07-16 07:49:03,014 [INFO] trainer: epoch 52 done train_loss=1.8923 dt=21.0s
2026-07-16 07:49:22,912 [INFO] trainer: epoch 53 step 50/54 loss=1.8999 lr=1.96e-04
2026-07-16 07:49:24,428 [INFO] trainer: epoch 53 done train_loss=1.8924 dt=21.4s
2026-07-16 07:49:44,258 [INFO] trainer: epoch 54 step 50/54 loss=1.8518 lr=1.96e-04
2026-07-16 07:49:45,773 [INFO] trainer: epoch 54 done train_loss=1.8395 dt=21.3s
2026-07-16 07:50:05,557 [INFO] trainer: epoch 55 step 50/54 loss=1.8705 lr=1.96e-04
2026-07-16 07:50:07,072 [INFO] trainer: epoch 55 done train_loss=1.8751 dt=21.3s
2026-07-16 07:50:26,703 [INFO] trainer: epoch 56 step 50/54 loss=1.8066 lr=1.96e-04
2026-07-16 07:50:28,222 [INFO] trainer: epoch 56 done train_loss=1.8096 dt=21.1s
2026-07-16 07:50:47,920 [INFO] trainer: epoch 57 step 50/54 loss=1.8215 lr=1.96e-04
2026-07-16 07:50:49,438 [INFO] trainer: epoch 57 done train_loss=1.8199 dt=21.2s
2026-07-16 07:51:08,997 [INFO] trainer: epoch 58 step 50/54 loss=1.8192 lr=1.95e-04
2026-07-16 07:51:10,514 [INFO] trainer: epoch 58 done train_loss=1.8132 dt=21.1s
2026-07-16 07:51:30,116 [INFO] trainer: epoch 59 step 50/54 loss=1.7961 lr=1.95e-04
2026-07-16 07:51:31,627 [INFO] trainer: epoch 59 done train_loss=1.7908 dt=21.1s
2026-07-16 07:51:51,187 [INFO] trainer: epoch 60 step 50/54 loss=1.7269 lr=1.95e-04
2026-07-16 07:51:52,701 [INFO] trainer: epoch 60 done train_loss=1.7270 dt=21.1s
2026-07-16 07:52:13,010 [INFO] trainer: epoch 61 step 50/54 loss=1.7632 lr=1.95e-04
2026-07-16 07:52:14,529 [INFO] trainer: epoch 61 done train_loss=1.7554 dt=21.2s
2026-07-16 07:52:34,138 [INFO] trainer: epoch 62 step 50/54 loss=1.7427 lr=1.95e-04
2026-07-16 07:52:35,653 [INFO] trainer: epoch 62 done train_loss=1.7481 dt=21.1s
2026-07-16 07:52:55,406 [INFO] trainer: epoch 63 step 50/54 loss=1.7017 lr=1.94e-04
2026-07-16 07:52:56,923 [INFO] trainer: epoch 63 done train_loss=1.7022 dt=21.3s
2026-07-16 07:53:16,595 [INFO] trainer: epoch 64 step 50/54 loss=1.7216 lr=1.94e-04
2026-07-16 07:53:18,117 [INFO] trainer: epoch 64 done train_loss=1.7172 dt=21.2s
2026-07-16 07:53:37,802 [INFO] trainer: epoch 65 step 50/54 loss=1.7192 lr=1.94e-04
2026-07-16 07:53:39,317 [INFO] trainer: epoch 65 done train_loss=1.7143 dt=21.2s
2026-07-16 07:53:59,072 [INFO] trainer: epoch 66 step 50/54 loss=1.6842 lr=1.94e-04
2026-07-16 07:54:00,592 [INFO] trainer: epoch 66 done train_loss=1.6826 dt=21.3s
2026-07-16 07:54:20,317 [INFO] trainer: epoch 67 step 50/54 loss=1.6431 lr=1.93e-04
2026-07-16 07:54:21,837 [INFO] trainer: epoch 67 done train_loss=1.6415 dt=21.2s
2026-07-16 07:54:41,485 [INFO] trainer: epoch 68 step 50/54 loss=1.6822 lr=1.93e-04
2026-07-16 07:54:43,002 [INFO] trainer: epoch 68 done train_loss=1.6854 dt=21.2s
2026-07-16 07:55:02,684 [INFO] trainer: epoch 69 step 50/54 loss=1.6495 lr=1.93e-04
2026-07-16 07:55:04,199 [INFO] trainer: epoch 69 done train_loss=1.6430 dt=21.2s
2026-07-16 07:55:23,959 [INFO] trainer: epoch 70 step 50/54 loss=1.6466 lr=1.93e-04
2026-07-16 07:55:25,479 [INFO] trainer: epoch 70 done train_loss=1.6484 dt=21.3s
2026-07-16 07:55:45,879 [INFO] trainer: epoch 71 step 50/54 loss=1.6002 lr=1.93e-04
2026-07-16 07:55:47,398 [INFO] trainer: epoch 71 done train_loss=1.6052 dt=21.2s
2026-07-16 07:56:07,064 [INFO] trainer: epoch 72 step 50/54 loss=1.6332 lr=1.92e-04
2026-07-16 07:56:08,579 [INFO] trainer: epoch 72 done train_loss=1.6364 dt=21.2s
2026-07-16 07:56:28,298 [INFO] trainer: epoch 73 step 50/54 loss=1.5992 lr=1.92e-04
2026-07-16 07:56:29,815 [INFO] trainer: epoch 73 done train_loss=1.6129 dt=21.2s
2026-07-16 07:56:49,439 [INFO] trainer: epoch 74 step 50/54 loss=1.5889 lr=1.92e-04
2026-07-16 07:56:50,961 [INFO] trainer: epoch 74 done train_loss=1.5780 dt=21.1s
2026-07-16 07:57:10,662 [INFO] trainer: epoch 75 step 50/54 loss=1.5802 lr=1.92e-04
2026-07-16 07:57:12,178 [INFO] trainer: epoch 75 done train_loss=1.5809 dt=21.2s
2026-07-16 07:58:51,573 [INFO] trainer: epoch 75 val_mean_dice=0.6205
2026-07-16 07:59:11,884 [INFO] trainer: epoch 76 step 50/54 loss=1.5698 lr=1.91e-04
2026-07-16 07:59:13,403 [INFO] trainer: epoch 76 done train_loss=1.5723 dt=21.2s
2026-07-16 07:59:32,851 [INFO] trainer: epoch 77 step 50/54 loss=1.5736 lr=1.91e-04
2026-07-16 07:59:34,367 [INFO] trainer: epoch 77 done train_loss=1.5631 dt=21.0s
2026-07-16 07:59:54,166 [INFO] trainer: epoch 78 step 50/54 loss=1.5433 lr=1.91e-04
2026-07-16 07:59:55,687 [INFO] trainer: epoch 78 done train_loss=1.5476 dt=21.3s
2026-07-16 08:00:15,245 [INFO] trainer: epoch 79 step 50/54 loss=1.5644 lr=1.90e-04
2026-07-16 08:00:16,768 [INFO] trainer: epoch 79 done train_loss=1.5580 dt=21.1s
2026-07-16 08:00:36,345 [INFO] trainer: epoch 80 step 50/54 loss=1.5546 lr=1.90e-04
2026-07-16 08:00:37,860 [INFO] trainer: epoch 80 done train_loss=1.5496 dt=21.1s
2026-07-16 08:00:58,071 [INFO] trainer: epoch 81 step 50/54 loss=1.5077 lr=1.90e-04
2026-07-16 08:00:59,586 [INFO] trainer: epoch 81 done train_loss=1.5141 dt=21.1s
2026-07-16 08:01:19,231 [INFO] trainer: epoch 82 step 50/54 loss=1.5250 lr=1.90e-04
2026-07-16 08:01:20,746 [INFO] trainer: epoch 82 done train_loss=1.5281 dt=21.2s
2026-07-16 08:01:40,494 [INFO] trainer: epoch 83 step 50/54 loss=1.5275 lr=1.89e-04
2026-07-16 08:01:42,010 [INFO] trainer: epoch 83 done train_loss=1.5273 dt=21.3s
2026-07-16 08:02:01,791 [INFO] trainer: epoch 84 step 50/54 loss=1.4704 lr=1.89e-04
2026-07-16 08:02:03,305 [INFO] trainer: epoch 84 done train_loss=1.4888 dt=21.3s
2026-07-16 08:02:23,150 [INFO] trainer: epoch 85 step 50/54 loss=1.4937 lr=1.89e-04
2026-07-16 08:02:24,668 [INFO] trainer: epoch 85 done train_loss=1.4839 dt=21.4s
2026-07-16 08:02:44,377 [INFO] trainer: epoch 86 step 50/54 loss=1.5177 lr=1.88e-04
2026-07-16 08:02:45,892 [INFO] trainer: epoch 86 done train_loss=1.5170 dt=21.2s
2026-07-16 08:03:05,603 [INFO] trainer: epoch 87 step 50/54 loss=1.4472 lr=1.88e-04
2026-07-16 08:03:07,121 [INFO] trainer: epoch 87 done train_loss=1.4521 dt=21.2s
2026-07-16 08:03:26,767 [INFO] trainer: epoch 88 step 50/54 loss=1.4581 lr=1.88e-04
2026-07-16 08:03:28,282 [INFO] trainer: epoch 88 done train_loss=1.4505 dt=21.2s
2026-07-16 08:03:47,931 [INFO] trainer: epoch 89 step 50/54 loss=1.4523 lr=1.88e-04
2026-07-16 08:03:49,446 [INFO] trainer: epoch 89 done train_loss=1.4713 dt=21.2s
2026-07-16 08:04:09,106 [INFO] trainer: epoch 90 step 50/54 loss=1.4435 lr=1.87e-04
2026-07-16 08:04:10,621 [INFO] trainer: epoch 90 done train_loss=1.4489 dt=21.2s
2026-07-16 08:04:30,955 [INFO] trainer: epoch 91 step 50/54 loss=1.4635 lr=1.87e-04
2026-07-16 08:04:32,474 [INFO] trainer: epoch 91 done train_loss=1.4644 dt=21.2s
2026-07-16 08:04:52,279 [INFO] trainer: epoch 92 step 50/54 loss=1.4484 lr=1.87e-04
2026-07-16 08:04:53,796 [INFO] trainer: epoch 92 done train_loss=1.4439 dt=21.3s
2026-07-16 08:05:13,508 [INFO] trainer: epoch 93 step 50/54 loss=1.4824 lr=1.86e-04
2026-07-16 08:05:15,025 [INFO] trainer: epoch 93 done train_loss=1.4685 dt=21.2s
2026-07-16 08:05:34,695 [INFO] trainer: epoch 94 step 50/54 loss=1.4495 lr=1.86e-04
2026-07-16 08:05:36,215 [INFO] trainer: epoch 94 done train_loss=1.4454 dt=21.2s
2026-07-16 08:05:55,760 [INFO] trainer: epoch 95 step 50/54 loss=1.4279 lr=1.86e-04
2026-07-16 08:05:57,278 [INFO] trainer: epoch 95 done train_loss=1.4312 dt=21.1s
2026-07-16 08:06:16,819 [INFO] trainer: epoch 96 step 50/54 loss=1.4553 lr=1.85e-04
2026-07-16 08:06:18,335 [INFO] trainer: epoch 96 done train_loss=1.4556 dt=21.1s
2026-07-16 08:06:38,020 [INFO] trainer: epoch 97 step 50/54 loss=1.4015 lr=1.85e-04
2026-07-16 08:06:39,536 [INFO] trainer: epoch 97 done train_loss=1.4110 dt=21.2s
2026-07-16 08:06:59,160 [INFO] trainer: epoch 98 step 50/54 loss=1.4121 lr=1.85e-04
2026-07-16 08:07:00,676 [INFO] trainer: epoch 98 done train_loss=1.4196 dt=21.1s
2026-07-16 08:07:20,190 [INFO] trainer: epoch 99 step 50/54 loss=1.4305 lr=1.84e-04
2026-07-16 08:07:21,704 [INFO] trainer: epoch 99 done train_loss=1.4228 dt=21.0s
2026-07-16 08:07:41,432 [INFO] trainer: epoch 100 step 50/54 loss=1.4434 lr=1.84e-04
2026-07-16 08:07:42,951 [INFO] trainer: epoch 100 done train_loss=1.4386 dt=21.2s
2026-07-16 08:09:22,255 [INFO] trainer: epoch 100 val_mean_dice=0.6648
2026-07-16 08:09:43,496 [INFO] trainer: epoch 101 step 50/54 loss=1.4028 lr=1.84e-04
2026-07-16 08:09:45,015 [INFO] trainer: epoch 101 done train_loss=1.4067 dt=21.5s
2026-07-16 08:10:04,595 [INFO] trainer: epoch 102 step 50/54 loss=1.3931 lr=1.83e-04
2026-07-16 08:10:06,112 [INFO] trainer: epoch 102 done train_loss=1.4027 dt=21.1s
2026-07-16 08:10:25,780 [INFO] trainer: epoch 103 step 50/54 loss=1.4028 lr=1.83e-04
2026-07-16 08:10:27,299 [INFO] trainer: epoch 103 done train_loss=1.3999 dt=21.2s
2026-07-16 08:10:47,140 [INFO] trainer: epoch 104 step 50/54 loss=1.3639 lr=1.82e-04
2026-07-16 08:10:48,659 [INFO] trainer: epoch 104 done train_loss=1.3709 dt=21.4s
2026-07-16 08:11:08,354 [INFO] trainer: epoch 105 step 50/54 loss=1.3624 lr=1.82e-04
2026-07-16 08:11:09,870 [INFO] trainer: epoch 105 done train_loss=1.3524 dt=21.2s
2026-07-16 08:11:29,832 [INFO] trainer: epoch 106 step 50/54 loss=1.3940 lr=1.82e-04
2026-07-16 08:11:31,355 [INFO] trainer: epoch 106 done train_loss=1.3939 dt=21.5s
2026-07-16 08:11:50,967 [INFO] trainer: epoch 107 step 50/54 loss=1.3808 lr=1.81e-04
2026-07-16 08:11:52,483 [INFO] trainer: epoch 107 done train_loss=1.3819 dt=21.1s
2026-07-16 08:12:12,142 [INFO] trainer: epoch 108 step 50/54 loss=1.3927 lr=1.81e-04
2026-07-16 08:12:13,658 [INFO] trainer: epoch 108 done train_loss=1.3860 dt=21.2s
2026-07-16 08:12:33,479 [INFO] trainer: epoch 109 step 50/54 loss=1.3660 lr=1.81e-04
2026-07-16 08:12:34,996 [INFO] trainer: epoch 109 done train_loss=1.3764 dt=21.3s
2026-07-16 08:12:54,562 [INFO] trainer: epoch 110 step 50/54 loss=1.3373 lr=1.80e-04
2026-07-16 08:12:56,081 [INFO] trainer: epoch 110 done train_loss=1.3430 dt=21.1s
2026-07-16 08:13:16,716 [INFO] trainer: epoch 111 step 50/54 loss=1.3855 lr=1.80e-04
2026-07-16 08:13:18,232 [INFO] trainer: epoch 111 done train_loss=1.3718 dt=21.5s
2026-07-16 08:13:37,793 [INFO] trainer: epoch 112 step 50/54 loss=1.3619 lr=1.79e-04
2026-07-16 08:13:39,314 [INFO] trainer: epoch 112 done train_loss=1.3657 dt=21.1s
2026-07-16 08:13:58,947 [INFO] trainer: epoch 113 step 50/54 loss=1.3305 lr=1.79e-04
2026-07-16 08:14:00,468 [INFO] trainer: epoch 113 done train_loss=1.3210 dt=21.2s
2026-07-16 08:14:20,136 [INFO] trainer: epoch 114 step 50/54 loss=1.3259 lr=1.79e-04
2026-07-16 08:14:21,654 [INFO] trainer: epoch 114 done train_loss=1.3537 dt=21.2s
2026-07-16 08:14:41,295 [INFO] trainer: epoch 115 step 50/54 loss=1.3338 lr=1.78e-04
2026-07-16 08:14:42,813 [INFO] trainer: epoch 115 done train_loss=1.3489 dt=21.2s
2026-07-16 08:15:02,491 [INFO] trainer: epoch 116 step 50/54 loss=1.3480 lr=1.78e-04
2026-07-16 08:15:04,011 [INFO] trainer: epoch 116 done train_loss=1.3471 dt=21.2s
2026-07-16 08:15:23,577 [INFO] trainer: epoch 117 step 50/54 loss=1.3725 lr=1.78e-04
2026-07-16 08:15:25,094 [INFO] trainer: epoch 117 done train_loss=1.3872 dt=21.1s
2026-07-16 08:15:44,764 [INFO] trainer: epoch 118 step 50/54 loss=1.3281 lr=1.77e-04
2026-07-16 08:15:46,281 [INFO] trainer: epoch 118 done train_loss=1.3404 dt=21.2s
2026-07-16 08:16:05,855 [INFO] trainer: epoch 119 step 50/54 loss=1.3348 lr=1.77e-04
2026-07-16 08:16:07,372 [INFO] trainer: epoch 119 done train_loss=1.3284 dt=21.1s
2026-07-16 08:16:27,193 [INFO] trainer: epoch 120 step 50/54 loss=1.3184 lr=1.76e-04
2026-07-16 08:16:28,711 [INFO] trainer: epoch 120 done train_loss=1.3249 dt=21.3s
2026-07-16 08:16:49,261 [INFO] trainer: epoch 121 step 50/54 loss=1.3803 lr=1.76e-04
2026-07-16 08:16:50,781 [INFO] trainer: epoch 121 done train_loss=1.3816 dt=21.4s
2026-07-16 08:17:10,644 [INFO] trainer: epoch 122 step 50/54 loss=1.3571 lr=1.75e-04
2026-07-16 08:17:12,165 [INFO] trainer: epoch 122 done train_loss=1.3548 dt=21.4s
2026-07-16 08:17:31,811 [INFO] trainer: epoch 123 step 50/54 loss=1.3682 lr=1.75e-04
2026-07-16 08:17:33,332 [INFO] trainer: epoch 123 done train_loss=1.3630 dt=21.2s
2026-07-16 08:17:53,160 [INFO] trainer: epoch 124 step 50/54 loss=1.3452 lr=1.75e-04
2026-07-16 08:17:54,678 [INFO] trainer: epoch 124 done train_loss=1.3385 dt=21.3s
2026-07-16 08:18:14,425 [INFO] trainer: epoch 125 step 50/54 loss=1.3195 lr=1.74e-04
2026-07-16 08:18:15,944 [INFO] trainer: epoch 125 done train_loss=1.3242 dt=21.3s
2026-07-16 08:19:55,492 [INFO] trainer: epoch 125 val_mean_dice=0.6907
2026-07-16 08:20:15,808 [INFO] trainer: epoch 126 step 50/54 loss=1.3258 lr=1.74e-04
2026-07-16 08:20:17,326 [INFO] trainer: epoch 126 done train_loss=1.3167 dt=21.2s
2026-07-16 08:20:36,842 [INFO] trainer: epoch 127 step 50/54 loss=1.3228 lr=1.73e-04
2026-07-16 08:20:38,359 [INFO] trainer: epoch 127 done train_loss=1.3127 dt=21.0s
2026-07-16 08:20:58,092 [INFO] trainer: epoch 128 step 50/54 loss=1.3234 lr=1.73e-04
2026-07-16 08:20:59,609 [INFO] trainer: epoch 128 done train_loss=1.3343 dt=21.2s
2026-07-16 08:21:19,338 [INFO] trainer: epoch 129 step 50/54 loss=1.3190 lr=1.72e-04
2026-07-16 08:21:20,855 [INFO] trainer: epoch 129 done train_loss=1.3229 dt=21.2s
2026-07-16 08:21:40,424 [INFO] trainer: epoch 130 step 50/54 loss=1.2831 lr=1.72e-04
2026-07-16 08:21:41,940 [INFO] trainer: epoch 130 done train_loss=1.2733 dt=21.1s
2026-07-16 08:22:02,235 [INFO] trainer: epoch 131 step 50/54 loss=1.3280 lr=1.72e-04
2026-07-16 08:22:03,757 [INFO] trainer: epoch 131 done train_loss=1.3284 dt=21.2s
2026-07-16 08:22:23,407 [INFO] trainer: epoch 132 step 50/54 loss=1.2781 lr=1.71e-04
2026-07-16 08:22:24,923 [INFO] trainer: epoch 132 done train_loss=1.2883 dt=21.2s
2026-07-16 08:22:44,553 [INFO] trainer: epoch 133 step 50/54 loss=1.2724 lr=1.71e-04
2026-07-16 08:22:46,073 [INFO] trainer: epoch 133 done train_loss=1.2769 dt=21.1s
2026-07-16 08:23:05,751 [INFO] trainer: epoch 134 step 50/54 loss=1.2443 lr=1.70e-04
2026-07-16 08:23:07,267 [INFO] trainer: epoch 134 done train_loss=1.2393 dt=21.2s
2026-07-16 08:23:26,811 [INFO] trainer: epoch 135 step 50/54 loss=1.3067 lr=1.70e-04
2026-07-16 08:23:28,329 [INFO] trainer: epoch 135 done train_loss=1.2979 dt=21.1s
2026-07-16 08:23:47,954 [INFO] trainer: epoch 136 step 50/54 loss=1.3221 lr=1.69e-04
2026-07-16 08:23:49,470 [INFO] trainer: epoch 136 done train_loss=1.3118 dt=21.1s
2026-07-16 08:24:09,021 [INFO] trainer: epoch 137 step 50/54 loss=1.2516 lr=1.69e-04
2026-07-16 08:24:10,535 [INFO] trainer: epoch 137 done train_loss=1.2605 dt=21.1s
2026-07-16 08:24:30,181 [INFO] trainer: epoch 138 step 50/54 loss=1.2984 lr=1.68e-04
2026-07-16 08:24:31,696 [INFO] trainer: epoch 138 done train_loss=1.2967 dt=21.2s
2026-07-16 08:24:51,370 [INFO] trainer: epoch 139 step 50/54 loss=1.2800 lr=1.68e-04
2026-07-16 08:24:52,884 [INFO] trainer: epoch 139 done train_loss=1.2635 dt=21.2s
2026-07-16 08:25:12,475 [INFO] trainer: epoch 140 step 50/54 loss=1.2758 lr=1.67e-04
2026-07-16 08:25:13,989 [INFO] trainer: epoch 140 done train_loss=1.2756 dt=21.1s
2026-07-16 08:25:34,115 [INFO] trainer: epoch 141 step 50/54 loss=1.2758 lr=1.67e-04
2026-07-16 08:25:35,631 [INFO] trainer: epoch 141 done train_loss=1.2746 dt=21.0s
2026-07-16 08:25:55,276 [INFO] trainer: epoch 142 step 50/54 loss=1.2928 lr=1.66e-04
2026-07-16 08:25:56,792 [INFO] trainer: epoch 142 done train_loss=1.2881 dt=21.2s
2026-07-16 08:26:16,455 [INFO] trainer: epoch 143 step 50/54 loss=1.3064 lr=1.66e-04
2026-07-16 08:26:17,971 [INFO] trainer: epoch 143 done train_loss=1.3058 dt=21.2s
2026-07-16 08:26:37,727 [INFO] trainer: epoch 144 step 50/54 loss=1.2739 lr=1.66e-04
2026-07-16 08:26:39,243 [INFO] trainer: epoch 144 done train_loss=1.2826 dt=21.3s
2026-07-16 08:26:58,923 [INFO] trainer: epoch 145 step 50/54 loss=1.2535 lr=1.65e-04
2026-07-16 08:27:00,440 [INFO] trainer: epoch 145 done train_loss=1.2549 dt=21.2s
2026-07-16 08:27:20,086 [INFO] trainer: epoch 146 step 50/54 loss=1.3164 lr=1.65e-04
2026-07-16 08:27:21,602 [INFO] trainer: epoch 146 done train_loss=1.3110 dt=21.2s
2026-07-16 08:27:41,100 [INFO] trainer: epoch 147 step 50/54 loss=1.2645 lr=1.64e-04
2026-07-16 08:27:42,616 [INFO] trainer: epoch 147 done train_loss=1.2628 dt=21.0s
2026-07-16 08:28:02,326 [INFO] trainer: epoch 148 step 50/54 loss=1.3110 lr=1.64e-04
2026-07-16 08:28:03,932 [INFO] trainer: epoch 148 done train_loss=1.2941 dt=21.3s
2026-07-16 08:28:23,846 [INFO] trainer: epoch 149 step 50/54 loss=1.2774 lr=1.63e-04
2026-07-16 08:28:25,375 [INFO] trainer: epoch 149 done train_loss=1.2785 dt=21.4s
2026-07-16 08:28:45,070 [INFO] trainer: epoch 150 step 50/54 loss=1.2463 lr=1.63e-04
2026-07-16 08:28:46,584 [INFO] trainer: epoch 150 done train_loss=1.2393 dt=21.2s
2026-07-16 08:30:26,963 [INFO] trainer: epoch 150 val_mean_dice=0.6982
2026-07-16 08:30:47,997 [INFO] trainer: epoch 151 step 50/54 loss=1.3190 lr=1.62e-04
2026-07-16 08:30:49,509 [INFO] trainer: epoch 151 done train_loss=1.3005 dt=21.3s
2026-07-16 08:31:09,209 [INFO] trainer: epoch 152 step 50/54 loss=1.2558 lr=1.62e-04
2026-07-16 08:31:10,725 [INFO] trainer: epoch 152 done train_loss=1.2701 dt=21.2s
2026-07-16 08:31:30,357 [INFO] trainer: epoch 153 step 50/54 loss=1.2260 lr=1.61e-04
2026-07-16 08:31:31,872 [INFO] trainer: epoch 153 done train_loss=1.2337 dt=21.1s
2026-07-16 08:31:51,777 [INFO] trainer: epoch 154 step 50/54 loss=1.2318 lr=1.61e-04
2026-07-16 08:31:53,294 [INFO] trainer: epoch 154 done train_loss=1.2290 dt=21.4s
2026-07-16 08:32:13,160 [INFO] trainer: epoch 155 step 50/54 loss=1.2869 lr=1.60e-04
2026-07-16 08:32:14,677 [INFO] trainer: epoch 155 done train_loss=1.2803 dt=21.4s
2026-07-16 08:32:34,585 [INFO] trainer: epoch 156 step 50/54 loss=1.2287 lr=1.60e-04
2026-07-16 08:32:36,100 [INFO] trainer: epoch 156 done train_loss=1.2308 dt=21.4s
2026-07-16 08:32:55,719 [INFO] trainer: epoch 157 step 50/54 loss=1.2731 lr=1.59e-04
2026-07-16 08:32:57,240 [INFO] trainer: epoch 157 done train_loss=1.2591 dt=21.1s
2026-07-16 08:33:16,767 [INFO] trainer: epoch 158 step 50/54 loss=1.2519 lr=1.59e-04
2026-07-16 08:33:18,284 [INFO] trainer: epoch 158 done train_loss=1.2452 dt=21.0s
2026-07-16 08:33:38,004 [INFO] trainer: epoch 159 step 50/54 loss=1.2353 lr=1.58e-04
2026-07-16 08:33:39,519 [INFO] trainer: epoch 159 done train_loss=1.2539 dt=21.2s
2026-07-16 08:33:59,206 [INFO] trainer: epoch 160 step 50/54 loss=1.2400 lr=1.57e-04
2026-07-16 08:34:00,721 [INFO] trainer: epoch 160 done train_loss=1.2314 dt=21.2s
2026-07-16 08:34:20,906 [INFO] trainer: epoch 161 step 50/54 loss=1.2432 lr=1.57e-04
2026-07-16 08:34:22,420 [INFO] trainer: epoch 161 done train_loss=1.2314 dt=21.0s
2026-07-16 08:34:42,001 [INFO] trainer: epoch 162 step 50/54 loss=1.2833 lr=1.56e-04
2026-07-16 08:34:43,518 [INFO] trainer: epoch 162 done train_loss=1.2799 dt=21.1s
2026-07-16 08:35:03,144 [INFO] trainer: epoch 163 step 50/54 loss=1.2844 lr=1.56e-04
2026-07-16 08:35:04,660 [INFO] trainer: epoch 163 done train_loss=1.2799 dt=21.1s
2026-07-16 08:35:24,280 [INFO] trainer: epoch 164 step 50/54 loss=1.2035 lr=1.55e-04
2026-07-16 08:35:25,795 [INFO] trainer: epoch 164 done train_loss=1.2046 dt=21.1s
2026-07-16 08:35:45,363 [INFO] trainer: epoch 165 step 50/54 loss=1.2640 lr=1.55e-04
2026-07-16 08:35:46,878 [INFO] trainer: epoch 165 done train_loss=1.2571 dt=21.1s
2026-07-16 08:36:06,348 [INFO] trainer: epoch 166 step 50/54 loss=1.2622 lr=1.54e-04
2026-07-16 08:36:07,863 [INFO] trainer: epoch 166 done train_loss=1.2504 dt=21.0s
2026-07-16 08:36:27,627 [INFO] trainer: epoch 167 step 50/54 loss=1.2249 lr=1.54e-04
2026-07-16 08:36:29,143 [INFO] trainer: epoch 167 done train_loss=1.2338 dt=21.3s
2026-07-16 08:36:48,775 [INFO] trainer: epoch 168 step 50/54 loss=1.2429 lr=1.53e-04
2026-07-16 08:36:50,292 [INFO] trainer: epoch 168 done train_loss=1.2480 dt=21.1s
2026-07-16 08:37:09,888 [INFO] trainer: epoch 169 step 50/54 loss=1.2297 lr=1.53e-04
2026-07-16 08:37:11,405 [INFO] trainer: epoch 169 done train_loss=1.2292 dt=21.1s
2026-07-16 08:37:30,991 [INFO] trainer: epoch 170 step 50/54 loss=1.2528 lr=1.52e-04
2026-07-16 08:37:32,505 [INFO] trainer: epoch 170 done train_loss=1.2371 dt=21.1s
2026-07-16 08:37:52,673 [INFO] trainer: epoch 171 step 50/54 loss=1.2521 lr=1.52e-04
2026-07-16 08:37:54,188 [INFO] trainer: epoch 171 done train_loss=1.2399 dt=21.1s
2026-07-16 08:38:13,815 [INFO] trainer: epoch 172 step 50/54 loss=1.2417 lr=1.51e-04
2026-07-16 08:38:15,331 [INFO] trainer: epoch 172 done train_loss=1.2431 dt=21.1s
2026-07-16 08:38:34,938 [INFO] trainer: epoch 173 step 50/54 loss=1.2388 lr=1.50e-04
2026-07-16 08:38:36,452 [INFO] trainer: epoch 173 done train_loss=1.2372 dt=21.1s
2026-07-16 08:38:56,040 [INFO] trainer: epoch 174 step 50/54 loss=1.2745 lr=1.50e-04
2026-07-16 08:38:57,556 [INFO] trainer: epoch 174 done train_loss=1.2767 dt=21.1s
2026-07-16 08:39:17,368 [INFO] trainer: epoch 175 step 50/54 loss=1.2152 lr=1.49e-04
2026-07-16 08:39:18,882 [INFO] trainer: epoch 175 done train_loss=1.2022 dt=21.3s
2026-07-16 08:41:02,408 [INFO] trainer: epoch 175 val_mean_dice=0.7093
2026-07-16 08:41:22,908 [INFO] trainer: epoch 176 step 50/54 loss=1.2182 lr=1.49e-04
2026-07-16 08:41:24,432 [INFO] trainer: epoch 176 done train_loss=1.2123 dt=21.3s
2026-07-16 08:41:44,041 [INFO] trainer: epoch 177 step 50/54 loss=1.2078 lr=1.48e-04
2026-07-16 08:41:45,555 [INFO] trainer: epoch 177 done train_loss=1.2050 dt=21.1s
2026-07-16 08:42:05,135 [INFO] trainer: epoch 178 step 50/54 loss=1.2101 lr=1.48e-04
2026-07-16 08:42:06,649 [INFO] trainer: epoch 178 done train_loss=1.2133 dt=21.1s
2026-07-16 08:42:26,237 [INFO] trainer: epoch 179 step 50/54 loss=1.2056 lr=1.47e-04
2026-07-16 08:42:27,751 [INFO] trainer: epoch 179 done train_loss=1.2024 dt=21.1s
2026-07-16 08:42:47,321 [INFO] trainer: epoch 180 step 50/54 loss=1.2202 lr=1.47e-04
2026-07-16 08:42:48,833 [INFO] trainer: epoch 180 done train_loss=1.2110 dt=21.1s
2026-07-16 08:43:09,054 [INFO] trainer: epoch 181 step 50/54 loss=1.1920 lr=1.46e-04
2026-07-16 08:43:10,571 [INFO] trainer: epoch 181 done train_loss=1.1906 dt=21.1s
2026-07-16 08:43:30,186 [INFO] trainer: epoch 182 step 50/54 loss=1.2200 lr=1.45e-04
2026-07-16 08:43:31,700 [INFO] trainer: epoch 182 done train_loss=1.2229 dt=21.1s
2026-07-16 08:43:51,428 [INFO] trainer: epoch 183 step 50/54 loss=1.2306 lr=1.45e-04
2026-07-16 08:43:52,945 [INFO] trainer: epoch 183 done train_loss=1.2250 dt=21.2s
2026-07-16 08:44:12,619 [INFO] trainer: epoch 184 step 50/54 loss=1.2064 lr=1.44e-04
2026-07-16 08:44:14,139 [INFO] trainer: epoch 184 done train_loss=1.2124 dt=21.2s
2026-07-16 08:44:34,147 [INFO] trainer: epoch 185 step 50/54 loss=1.1892 lr=1.44e-04
2026-07-16 08:44:35,659 [INFO] trainer: epoch 185 done train_loss=1.1800 dt=21.5s
2026-07-16 08:44:55,369 [INFO] trainer: epoch 186 step 50/54 loss=1.2429 lr=1.43e-04
2026-07-16 08:44:56,882 [INFO] trainer: epoch 186 done train_loss=1.2290 dt=21.2s
2026-07-16 08:45:16,448 [INFO] trainer: epoch 187 step 50/54 loss=1.2014 lr=1.43e-04
2026-07-16 08:45:17,963 [INFO] trainer: epoch 187 done train_loss=1.2087 dt=21.1s
2026-07-16 08:45:37,588 [INFO] trainer: epoch 188 step 50/54 loss=1.1867 lr=1.42e-04
2026-07-16 08:45:39,101 [INFO] trainer: epoch 188 done train_loss=1.1764 dt=21.1s
2026-07-16 08:45:58,822 [INFO] trainer: epoch 189 step 50/54 loss=1.1906 lr=1.41e-04
2026-07-16 08:46:00,335 [INFO] trainer: epoch 189 done train_loss=1.1904 dt=21.2s
2026-07-16 08:46:19,963 [INFO] trainer: epoch 190 step 50/54 loss=1.1809 lr=1.41e-04
2026-07-16 08:46:21,478 [INFO] trainer: epoch 190 done train_loss=1.1958 dt=21.1s
2026-07-16 08:46:41,676 [INFO] trainer: epoch 191 step 50/54 loss=1.1839 lr=1.40e-04
2026-07-16 08:46:43,192 [INFO] trainer: epoch 191 done train_loss=1.1890 dt=21.1s
2026-07-16 08:47:02,827 [INFO] trainer: epoch 192 step 50/54 loss=1.2209 lr=1.40e-04
2026-07-16 08:47:04,343 [INFO] trainer: epoch 192 done train_loss=1.2210 dt=21.1s
2026-07-16 08:47:24,048 [INFO] trainer: epoch 193 step 50/54 loss=1.1456 lr=1.39e-04
2026-07-16 08:47:25,564 [INFO] trainer: epoch 193 done train_loss=1.1550 dt=21.2s
2026-07-16 08:47:45,300 [INFO] trainer: epoch 194 step 50/54 loss=1.2042 lr=1.38e-04
2026-07-16 08:47:46,814 [INFO] trainer: epoch 194 done train_loss=1.2024 dt=21.3s
2026-07-16 08:48:06,521 [INFO] trainer: epoch 195 step 50/54 loss=1.1760 lr=1.38e-04
2026-07-16 08:48:08,037 [INFO] trainer: epoch 195 done train_loss=1.1703 dt=21.2s
2026-07-16 08:48:27,769 [INFO] trainer: epoch 196 step 50/54 loss=1.2118 lr=1.37e-04
2026-07-16 08:48:29,283 [INFO] trainer: epoch 196 done train_loss=1.2156 dt=21.2s
2026-07-16 08:48:48,912 [INFO] trainer: epoch 197 step 50/54 loss=1.1909 lr=1.37e-04
2026-07-16 08:48:50,427 [INFO] trainer: epoch 197 done train_loss=1.1841 dt=21.1s
2026-07-16 08:49:10,072 [INFO] trainer: epoch 198 step 50/54 loss=1.1569 lr=1.36e-04
2026-07-16 08:49:11,587 [INFO] trainer: epoch 198 done train_loss=1.1626 dt=21.2s
2026-07-16 08:49:31,244 [INFO] trainer: epoch 199 step 50/54 loss=1.1638 lr=1.36e-04
2026-07-16 08:49:32,759 [INFO] trainer: epoch 199 done train_loss=1.1650 dt=21.2s
2026-07-16 08:49:52,405 [INFO] trainer: epoch 200 step 50/54 loss=1.1798 lr=1.35e-04
2026-07-16 08:49:53,920 [INFO] trainer: epoch 200 done train_loss=1.1863 dt=21.2s
2026-07-16 08:51:33,410 [INFO] trainer: epoch 200 val_mean_dice=0.7211
2026-07-16 08:51:54,302 [INFO] trainer: epoch 201 step 50/54 loss=1.1773 lr=1.34e-04
2026-07-16 08:51:55,814 [INFO] trainer: epoch 201 done train_loss=1.1812 dt=21.1s
2026-07-16 08:52:15,320 [INFO] trainer: epoch 202 step 50/54 loss=1.1987 lr=1.34e-04
2026-07-16 08:52:16,835 [INFO] trainer: epoch 202 done train_loss=1.1820 dt=21.0s
2026-07-16 08:52:36,421 [INFO] trainer: epoch 203 step 50/54 loss=1.1761 lr=1.33e-04
2026-07-16 08:52:37,936 [INFO] trainer: epoch 203 done train_loss=1.1615 dt=21.1s
2026-07-16 08:52:57,416 [INFO] trainer: epoch 204 step 50/54 loss=1.1404 lr=1.33e-04
2026-07-16 08:52:58,930 [INFO] trainer: epoch 204 done train_loss=1.1470 dt=21.0s
2026-07-16 08:53:18,585 [INFO] trainer: epoch 205 step 50/54 loss=1.1928 lr=1.32e-04
2026-07-16 08:53:20,098 [INFO] trainer: epoch 205 done train_loss=1.1963 dt=21.2s
2026-07-16 08:53:39,961 [INFO] trainer: epoch 206 step 50/54 loss=1.1705 lr=1.31e-04
2026-07-16 08:53:41,474 [INFO] trainer: epoch 206 done train_loss=1.1564 dt=21.4s
2026-07-16 08:54:01,072 [INFO] trainer: epoch 207 step 50/54 loss=1.1636 lr=1.31e-04
2026-07-16 08:54:02,586 [INFO] trainer: epoch 207 done train_loss=1.1596 dt=21.1s
2026-07-16 08:54:22,254 [INFO] trainer: epoch 208 step 50/54 loss=1.1057 lr=1.30e-04
2026-07-16 08:54:23,772 [INFO] trainer: epoch 208 done train_loss=1.1225 dt=21.2s
2026-07-16 08:54:43,497 [INFO] trainer: epoch 209 step 50/54 loss=1.1525 lr=1.29e-04
2026-07-16 08:54:45,010 [INFO] trainer: epoch 209 done train_loss=1.1493 dt=21.2s
2026-07-16 08:55:04,554 [INFO] trainer: epoch 210 step 50/54 loss=1.1344 lr=1.29e-04
2026-07-16 08:55:06,069 [INFO] trainer: epoch 210 done train_loss=1.1398 dt=21.1s
2026-07-16 08:55:26,235 [INFO] trainer: epoch 211 step 50/54 loss=1.1476 lr=1.28e-04
2026-07-16 08:55:27,748 [INFO] trainer: epoch 211 done train_loss=1.1425 dt=21.0s
2026-07-16 08:55:47,505 [INFO] trainer: epoch 212 step 50/54 loss=1.1738 lr=1.28e-04
2026-07-16 08:55:49,020 [INFO] trainer: epoch 212 done train_loss=1.1650 dt=21.3s
2026-07-16 08:56:08,749 [INFO] trainer: epoch 213 step 50/54 loss=1.1626 lr=1.27e-04
2026-07-16 08:56:10,272 [INFO] trainer: epoch 213 done train_loss=1.1638 dt=21.3s
2026-07-16 08:56:30,187 [INFO] trainer: epoch 214 step 50/54 loss=1.1543 lr=1.26e-04
2026-07-16 08:56:31,702 [INFO] trainer: epoch 214 done train_loss=1.1451 dt=21.4s
2026-07-16 08:56:51,548 [INFO] trainer: epoch 215 step 50/54 loss=1.1346 lr=1.26e-04
2026-07-16 08:56:53,062 [INFO] trainer: epoch 215 done train_loss=1.1381 dt=21.4s
2026-07-16 08:57:12,780 [INFO] trainer: epoch 216 step 50/54 loss=1.1420 lr=1.25e-04
2026-07-16 08:57:14,296 [INFO] trainer: epoch 216 done train_loss=1.1372 dt=21.2s
2026-07-16 08:57:33,947 [INFO] trainer: epoch 217 step 50/54 loss=1.0764 lr=1.25e-04
2026-07-16 08:57:35,461 [INFO] trainer: epoch 217 done train_loss=1.0825 dt=21.2s
2026-07-16 08:57:55,211 [INFO] trainer: epoch 218 step 50/54 loss=1.1537 lr=1.24e-04
2026-07-16 08:57:56,726 [INFO] trainer: epoch 218 done train_loss=1.1439 dt=21.3s
2026-07-16 08:58:16,301 [INFO] trainer: epoch 219 step 50/54 loss=1.1410 lr=1.23e-04
2026-07-16 08:58:17,815 [INFO] trainer: epoch 219 done train_loss=1.1478 dt=21.1s
2026-07-16 08:58:37,486 [INFO] trainer: epoch 220 step 50/54 loss=1.1814 lr=1.23e-04
2026-07-16 08:58:39,000 [INFO] trainer: epoch 220 done train_loss=1.1741 dt=21.2s
2026-07-16 08:58:59,185 [INFO] trainer: epoch 221 step 50/54 loss=1.1300 lr=1.22e-04
2026-07-16 08:59:00,700 [INFO] trainer: epoch 221 done train_loss=1.1313 dt=21.1s
2026-07-16 08:59:20,242 [INFO] trainer: epoch 222 step 50/54 loss=1.1303 lr=1.21e-04
2026-07-16 08:59:21,758 [INFO] trainer: epoch 222 done train_loss=1.1317 dt=21.1s
2026-07-16 08:59:41,499 [INFO] trainer: epoch 223 step 50/54 loss=1.1271 lr=1.21e-04
2026-07-16 08:59:43,013 [INFO] trainer: epoch 223 done train_loss=1.1316 dt=21.3s
2026-07-16 09:00:02,688 [INFO] trainer: epoch 224 step 50/54 loss=1.1465 lr=1.20e-04
2026-07-16 09:00:04,203 [INFO] trainer: epoch 224 done train_loss=1.1418 dt=21.2s
2026-07-16 09:00:23,755 [INFO] trainer: epoch 225 step 50/54 loss=1.1663 lr=1.20e-04
2026-07-16 09:00:25,272 [INFO] trainer: epoch 225 done train_loss=1.1734 dt=21.1s
2026-07-16 09:02:04,901 [INFO] trainer: epoch 225 val_mean_dice=0.7227
2026-07-16 09:02:25,291 [INFO] trainer: epoch 226 step 50/54 loss=1.1425 lr=1.19e-04
2026-07-16 09:02:26,806 [INFO] trainer: epoch 226 done train_loss=1.1449 dt=21.2s
2026-07-16 09:02:46,485 [INFO] trainer: epoch 227 step 50/54 loss=1.1403 lr=1.18e-04
2026-07-16 09:02:47,999 [INFO] trainer: epoch 227 done train_loss=1.1342 dt=21.2s
2026-07-16 09:03:07,604 [INFO] trainer: epoch 228 step 50/54 loss=1.1641 lr=1.18e-04
2026-07-16 09:03:09,120 [INFO] trainer: epoch 228 done train_loss=1.1584 dt=21.1s
2026-07-16 09:03:28,703 [INFO] trainer: epoch 229 step 50/54 loss=1.1424 lr=1.17e-04
2026-07-16 09:03:30,217 [INFO] trainer: epoch 229 done train_loss=1.1340 dt=21.1s
2026-07-16 09:03:49,936 [INFO] trainer: epoch 230 step 50/54 loss=1.1310 lr=1.16e-04
2026-07-16 09:03:51,454 [INFO] trainer: epoch 230 done train_loss=1.1250 dt=21.2s
2026-07-16 09:04:11,874 [INFO] trainer: epoch 231 step 50/54 loss=1.1231 lr=1.16e-04
2026-07-16 09:04:13,391 [INFO] trainer: epoch 231 done train_loss=1.1367 dt=21.3s
2026-07-16 09:04:33,011 [INFO] trainer: epoch 232 step 50/54 loss=1.1620 lr=1.15e-04
2026-07-16 09:04:34,534 [INFO] trainer: epoch 232 done train_loss=1.1677 dt=21.1s
2026-07-16 09:04:54,162 [INFO] trainer: epoch 233 step 50/54 loss=1.1849 lr=1.15e-04
2026-07-16 09:04:55,676 [INFO] trainer: epoch 233 done train_loss=1.1823 dt=21.1s
2026-07-16 09:05:15,386 [INFO] trainer: epoch 234 step 50/54 loss=1.0849 lr=1.14e-04
2026-07-16 09:05:16,902 [INFO] trainer: epoch 234 done train_loss=1.0749 dt=21.2s
2026-07-16 09:05:36,490 [INFO] trainer: epoch 235 step 50/54 loss=1.1299 lr=1.13e-04
2026-07-16 09:05:38,011 [INFO] trainer: epoch 235 done train_loss=1.1216 dt=21.1s
2026-07-16 09:05:57,694 [INFO] trainer: epoch 236 step 50/54 loss=1.0956 lr=1.13e-04
2026-07-16 09:05:59,211 [INFO] trainer: epoch 236 done train_loss=1.0883 dt=21.2s
2026-07-16 09:06:18,865 [INFO] trainer: epoch 237 step 50/54 loss=1.0862 lr=1.12e-04
2026-07-16 09:06:20,379 [INFO] trainer: epoch 237 done train_loss=1.0876 dt=21.2s
2026-07-16 09:06:40,015 [INFO] trainer: epoch 238 step 50/54 loss=1.1446 lr=1.11e-04
2026-07-16 09:06:41,530 [INFO] trainer: epoch 238 done train_loss=1.1509 dt=21.2s
2026-07-16 09:07:01,216 [INFO] trainer: epoch 239 step 50/54 loss=1.1006 lr=1.11e-04
2026-07-16 09:07:02,731 [INFO] trainer: epoch 239 done train_loss=1.1017 dt=21.2s
2026-07-16 09:07:22,320 [INFO] trainer: epoch 240 step 50/54 loss=1.1129 lr=1.10e-04
2026-07-16 09:07:23,834 [INFO] trainer: epoch 240 done train_loss=1.1172 dt=21.1s
2026-07-16 09:07:44,351 [INFO] trainer: epoch 241 step 50/54 loss=1.1115 lr=1.09e-04
2026-07-16 09:07:45,866 [INFO] trainer: epoch 241 done train_loss=1.1136 dt=21.3s
2026-07-16 09:08:05,527 [INFO] trainer: epoch 242 step 50/54 loss=1.1114 lr=1.09e-04
2026-07-16 09:08:07,041 [INFO] trainer: epoch 242 done train_loss=1.1117 dt=21.2s
2026-07-16 09:08:26,834 [INFO] trainer: epoch 243 step 50/54 loss=1.1528 lr=1.08e-04
2026-07-16 09:08:28,352 [INFO] trainer: epoch 243 done train_loss=1.1560 dt=21.3s
2026-07-16 09:08:48,043 [INFO] trainer: epoch 244 step 50/54 loss=1.0910 lr=1.08e-04
2026-07-16 09:08:49,559 [INFO] trainer: epoch 244 done train_loss=1.1043 dt=21.2s
2026-07-16 09:09:09,176 [INFO] trainer: epoch 245 step 50/54 loss=1.1157 lr=1.07e-04
2026-07-16 09:09:10,691 [INFO] trainer: epoch 245 done train_loss=1.1177 dt=21.1s
2026-07-16 09:09:30,325 [INFO] trainer: epoch 246 step 50/54 loss=1.1233 lr=1.06e-04
2026-07-16 09:09:31,839 [INFO] trainer: epoch 246 done train_loss=1.1227 dt=21.1s
2026-07-16 09:09:51,478 [INFO] trainer: epoch 247 step 50/54 loss=1.1148 lr=1.06e-04
2026-07-16 09:09:52,992 [INFO] trainer: epoch 247 done train_loss=1.1251 dt=21.2s
2026-07-16 09:10:12,610 [INFO] trainer: epoch 248 step 50/54 loss=1.1247 lr=1.05e-04
2026-07-16 09:10:14,125 [INFO] trainer: epoch 248 done train_loss=1.1299 dt=21.1s
2026-07-16 09:10:33,718 [INFO] trainer: epoch 249 step 50/54 loss=1.1176 lr=1.04e-04
2026-07-16 09:10:35,232 [INFO] trainer: epoch 249 done train_loss=1.1159 dt=21.1s
2026-07-16 09:10:54,840 [INFO] trainer: epoch 250 step 50/54 loss=1.1377 lr=1.04e-04
2026-07-16 09:10:56,354 [INFO] trainer: epoch 250 done train_loss=1.1292 dt=21.1s
2026-07-16 09:12:35,571 [INFO] trainer: epoch 250 val_mean_dice=0.7312
2026-07-16 09:12:56,983 [INFO] trainer: epoch 251 step 50/54 loss=1.1148 lr=1.03e-04
2026-07-16 09:12:58,497 [INFO] trainer: epoch 251 done train_loss=1.1317 dt=21.4s
2026-07-16 09:13:18,046 [INFO] trainer: epoch 252 step 50/54 loss=1.1397 lr=1.02e-04
2026-07-16 09:13:19,560 [INFO] trainer: epoch 252 done train_loss=1.1455 dt=21.1s
2026-07-16 09:13:39,208 [INFO] trainer: epoch 253 step 50/54 loss=1.1027 lr=1.02e-04
2026-07-16 09:13:40,722 [INFO] trainer: epoch 253 done train_loss=1.1033 dt=21.2s
2026-07-16 09:14:00,398 [INFO] trainer: epoch 254 step 50/54 loss=1.1350 lr=1.01e-04
2026-07-16 09:14:01,921 [INFO] trainer: epoch 254 done train_loss=1.1268 dt=21.2s
2026-07-16 09:14:21,831 [INFO] trainer: epoch 255 step 50/54 loss=1.1024 lr=1.01e-04
2026-07-16 09:14:23,345 [INFO] trainer: epoch 255 done train_loss=1.1149 dt=21.4s
2026-07-16 09:14:42,911 [INFO] trainer: epoch 256 step 50/54 loss=1.0970 lr=9.99e-05
2026-07-16 09:14:44,424 [INFO] trainer: epoch 256 done train_loss=1.0873 dt=21.1s
2026-07-16 09:15:04,035 [INFO] trainer: epoch 257 step 50/54 loss=1.1050 lr=9.93e-05
2026-07-16 09:15:05,548 [INFO] trainer: epoch 257 done train_loss=1.0975 dt=21.1s
2026-07-16 09:15:25,129 [INFO] trainer: epoch 258 step 50/54 loss=1.1607 lr=9.86e-05
2026-07-16 09:15:26,644 [INFO] trainer: epoch 258 done train_loss=1.1539 dt=21.1s
2026-07-16 09:15:46,297 [INFO] trainer: epoch 259 step 50/54 loss=1.1045 lr=9.80e-05
2026-07-16 09:15:47,813 [INFO] trainer: epoch 259 done train_loss=1.1124 dt=21.2s
2026-07-16 09:16:07,474 [INFO] trainer: epoch 260 step 50/54 loss=1.0667 lr=9.74e-05
2026-07-16 09:16:08,990 [INFO] trainer: epoch 260 done train_loss=1.0778 dt=21.2s
2026-07-16 09:16:29,268 [INFO] trainer: epoch 261 step 50/54 loss=1.1037 lr=9.67e-05
2026-07-16 09:16:30,783 [INFO] trainer: epoch 261 done train_loss=1.1025 dt=21.2s
2026-07-16 09:16:50,408 [INFO] trainer: epoch 262 step 50/54 loss=1.1142 lr=9.61e-05
2026-07-16 09:16:51,923 [INFO] trainer: epoch 262 done train_loss=1.1218 dt=21.1s
2026-07-16 09:17:11,552 [INFO] trainer: epoch 263 step 50/54 loss=1.1208 lr=9.54e-05
2026-07-16 09:17:13,067 [INFO] trainer: epoch 263 done train_loss=1.1315 dt=21.1s
2026-07-16 09:17:32,683 [INFO] trainer: epoch 264 step 50/54 loss=1.0772 lr=9.48e-05
2026-07-16 09:17:34,197 [INFO] trainer: epoch 264 done train_loss=1.0672 dt=21.1s
2026-07-16 09:17:53,847 [INFO] trainer: epoch 265 step 50/54 loss=1.0800 lr=9.42e-05
2026-07-16 09:17:55,363 [INFO] trainer: epoch 265 done train_loss=1.0872 dt=21.2s
2026-07-16 09:18:14,974 [INFO] trainer: epoch 266 step 50/54 loss=1.0951 lr=9.35e-05
2026-07-16 09:18:16,490 [INFO] trainer: epoch 266 done train_loss=1.0908 dt=21.1s
2026-07-16 09:18:36,137 [INFO] trainer: epoch 267 step 50/54 loss=1.0996 lr=9.29e-05
2026-07-16 09:18:37,655 [INFO] trainer: epoch 267 done train_loss=1.0966 dt=21.2s
2026-07-16 09:18:57,215 [INFO] trainer: epoch 268 step 50/54 loss=1.1123 lr=9.23e-05
2026-07-16 09:18:58,727 [INFO] trainer: epoch 268 done train_loss=1.1074 dt=21.1s
2026-07-16 09:19:18,293 [INFO] trainer: epoch 269 step 50/54 loss=1.1117 lr=9.16e-05
2026-07-16 09:19:19,811 [INFO] trainer: epoch 269 done train_loss=1.1009 dt=21.1s
2026-07-16 09:19:39,288 [INFO] trainer: epoch 270 step 50/54 loss=1.1288 lr=9.10e-05
2026-07-16 09:19:40,804 [INFO] trainer: epoch 270 done train_loss=1.1279 dt=21.0s
2026-07-16 09:20:01,272 [INFO] trainer: epoch 271 step 50/54 loss=1.0891 lr=9.04e-05
2026-07-16 09:20:02,789 [INFO] trainer: epoch 271 done train_loss=1.0866 dt=21.2s
2026-07-16 09:20:22,331 [INFO] trainer: epoch 272 step 50/54 loss=1.0619 lr=8.97e-05
2026-07-16 09:20:23,846 [INFO] trainer: epoch 272 done train_loss=1.0692 dt=21.1s
2026-07-16 09:20:43,527 [INFO] trainer: epoch 273 step 50/54 loss=1.0872 lr=8.91e-05
2026-07-16 09:20:45,044 [INFO] trainer: epoch 273 done train_loss=1.0908 dt=21.2s
2026-07-16 09:21:04,741 [INFO] trainer: epoch 274 step 50/54 loss=1.1057 lr=8.85e-05
2026-07-16 09:21:06,259 [INFO] trainer: epoch 274 done train_loss=1.0944 dt=21.2s
2026-07-16 09:21:26,011 [INFO] trainer: epoch 275 step 50/54 loss=1.0511 lr=8.78e-05
2026-07-16 09:21:27,526 [INFO] trainer: epoch 275 done train_loss=1.0563 dt=21.3s
2026-07-16 09:23:07,041 [INFO] trainer: epoch 275 val_mean_dice=0.7358
2026-07-16 09:23:27,499 [INFO] trainer: epoch 276 step 50/54 loss=1.0832 lr=8.72e-05
2026-07-16 09:23:29,015 [INFO] trainer: epoch 276 done train_loss=1.0879 dt=21.3s
2026-07-16 09:23:48,796 [INFO] trainer: epoch 277 step 50/54 loss=1.1315 lr=8.66e-05
2026-07-16 09:23:50,316 [INFO] trainer: epoch 277 done train_loss=1.1287 dt=21.3s
2026-07-16 09:24:09,947 [INFO] trainer: epoch 278 step 50/54 loss=1.0692 lr=8.59e-05
2026-07-16 09:24:11,462 [INFO] trainer: epoch 278 done train_loss=1.0732 dt=21.1s
2026-07-16 09:24:31,054 [INFO] trainer: epoch 279 step 50/54 loss=1.0606 lr=8.53e-05
2026-07-16 09:24:32,569 [INFO] trainer: epoch 279 done train_loss=1.0623 dt=21.1s
2026-07-16 09:24:52,214 [INFO] trainer: epoch 280 step 50/54 loss=1.0804 lr=8.47e-05
2026-07-16 09:24:53,728 [INFO] trainer: epoch 280 done train_loss=1.0728 dt=21.2s
2026-07-16 09:25:14,022 [INFO] trainer: epoch 281 step 50/54 loss=1.0889 lr=8.40e-05
2026-07-16 09:25:15,538 [INFO] trainer: epoch 281 done train_loss=1.0994 dt=21.2s
2026-07-16 09:25:35,273 [INFO] trainer: epoch 282 step 50/54 loss=1.1623 lr=8.34e-05
2026-07-16 09:25:36,787 [INFO] trainer: epoch 282 done train_loss=1.1559 dt=21.2s
2026-07-16 09:25:56,659 [INFO] trainer: epoch 283 step 50/54 loss=1.1235 lr=8.28e-05
2026-07-16 09:25:58,178 [INFO] trainer: epoch 283 done train_loss=1.1235 dt=21.4s
2026-07-16 09:26:17,788 [INFO] trainer: epoch 284 step 50/54 loss=1.0721 lr=8.22e-05
2026-07-16 09:26:19,303 [INFO] trainer: epoch 284 done train_loss=1.0719 dt=21.1s
2026-07-16 09:26:38,886 [INFO] trainer: epoch 285 step 50/54 loss=1.1129 lr=8.15e-05
2026-07-16 09:26:40,402 [INFO] trainer: epoch 285 done train_loss=1.1174 dt=21.1s
2026-07-16 09:27:00,006 [INFO] trainer: epoch 286 step 50/54 loss=1.1152 lr=8.09e-05
2026-07-16 09:27:01,524 [INFO] trainer: epoch 286 done train_loss=1.1155 dt=21.1s
2026-07-16 09:27:21,094 [INFO] trainer: epoch 287 step 50/54 loss=1.1130 lr=8.03e-05
2026-07-16 09:27:22,609 [INFO] trainer: epoch 287 done train_loss=1.1150 dt=21.1s
2026-07-16 09:27:42,197 [INFO] trainer: epoch 288 step 50/54 loss=1.0776 lr=7.97e-05
2026-07-16 09:27:43,710 [INFO] trainer: epoch 288 done train_loss=1.0796 dt=21.1s
2026-07-16 09:28:03,365 [INFO] trainer: epoch 289 step 50/54 loss=1.0841 lr=7.90e-05
2026-07-16 09:28:04,878 [INFO] trainer: epoch 289 done train_loss=1.0794 dt=21.2s
2026-07-16 09:28:24,532 [INFO] trainer: epoch 290 step 50/54 loss=1.0936 lr=7.84e-05
2026-07-16 09:28:26,045 [INFO] trainer: epoch 290 done train_loss=1.0960 dt=21.2s
2026-07-16 09:28:55,301 [INFO] trainer: epoch 291 step 50/54 loss=1.1134 lr=7.78e-05
2026-07-16 09:28:56,817 [INFO] trainer: epoch 291 done train_loss=1.1095 dt=21.4s
2026-07-16 09:29:16,435 [INFO] trainer: epoch 292 step 50/54 loss=1.1069 lr=7.72e-05
2026-07-16 09:29:17,947 [INFO] trainer: epoch 292 done train_loss=1.1094 dt=21.1s
2026-07-16 09:29:37,516 [INFO] trainer: epoch 293 step 50/54 loss=1.0902 lr=7.65e-05
2026-07-16 09:29:39,031 [INFO] trainer: epoch 293 done train_loss=1.0992 dt=21.1s
2026-07-16 09:29:58,494 [INFO] trainer: epoch 294 step 50/54 loss=1.1017 lr=7.59e-05
2026-07-16 09:30:00,007 [INFO] trainer: epoch 294 done train_loss=1.1012 dt=21.0s
2026-07-16 09:30:19,709 [INFO] trainer: epoch 295 step 50/54 loss=1.0758 lr=7.53e-05
2026-07-16 09:30:21,223 [INFO] trainer: epoch 295 done train_loss=1.0720 dt=21.2s
2026-07-16 09:30:40,815 [INFO] trainer: epoch 296 step 50/54 loss=1.0625 lr=7.47e-05
2026-07-16 09:30:42,329 [INFO] trainer: epoch 296 done train_loss=1.0728 dt=21.1s
2026-07-16 09:31:01,916 [INFO] trainer: epoch 297 step 50/54 loss=1.0495 lr=7.41e-05
2026-07-16 09:31:03,431 [INFO] trainer: epoch 297 done train_loss=1.0438 dt=21.1s
2026-07-16 09:31:22,997 [INFO] trainer: epoch 298 step 50/54 loss=1.0635 lr=7.35e-05
2026-07-16 09:31:24,513 [INFO] trainer: epoch 298 done train_loss=1.0643 dt=21.1s
2026-07-16 09:31:44,145 [INFO] trainer: epoch 299 step 50/54 loss=1.0633 lr=7.28e-05
2026-07-16 09:31:45,668 [INFO] trainer: epoch 299 done train_loss=1.0661 dt=21.2s
2026-07-16 09:32:05,299 [INFO] trainer: epoch 300 step 50/54 loss=1.0683 lr=7.22e-05
2026-07-16 09:32:06,813 [INFO] trainer: epoch 300 done train_loss=1.0681 dt=21.1s
2026-07-16 09:33:45,996 [INFO] trainer: epoch 300 val_mean_dice=0.7283
2026-07-16 09:34:06,261 [INFO] trainer: epoch 301 step 50/54 loss=1.1086 lr=7.16e-05
2026-07-16 09:34:07,774 [INFO] trainer: epoch 301 done train_loss=1.1120 dt=21.1s
2026-07-16 09:34:27,415 [INFO] trainer: epoch 302 step 50/54 loss=1.0622 lr=7.10e-05
2026-07-16 09:34:28,932 [INFO] trainer: epoch 302 done train_loss=1.0639 dt=21.2s
2026-07-16 09:34:48,778 [INFO] trainer: epoch 303 step 50/54 loss=1.0710 lr=7.04e-05
2026-07-16 09:34:50,292 [INFO] trainer: epoch 303 done train_loss=1.0702 dt=21.4s
2026-07-16 09:35:09,973 [INFO] trainer: epoch 304 step 50/54 loss=1.0989 lr=6.98e-05
2026-07-16 09:35:11,488 [INFO] trainer: epoch 304 done train_loss=1.1025 dt=21.2s
2026-07-16 09:35:31,171 [INFO] trainer: epoch 305 step 50/54 loss=1.0709 lr=6.92e-05
2026-07-16 09:35:32,686 [INFO] trainer: epoch 305 done train_loss=1.0706 dt=21.2s
2026-07-16 09:35:52,335 [INFO] trainer: epoch 306 step 50/54 loss=1.0661 lr=6.86e-05
2026-07-16 09:35:53,852 [INFO] trainer: epoch 306 done train_loss=1.0716 dt=21.2s
2026-07-16 09:36:13,341 [INFO] trainer: epoch 307 step 50/54 loss=1.0632 lr=6.80e-05
2026-07-16 09:36:14,861 [INFO] trainer: epoch 307 done train_loss=1.0694 dt=21.0s
2026-07-16 09:36:34,390 [INFO] trainer: epoch 308 step 50/54 loss=1.0707 lr=6.74e-05
2026-07-16 09:36:35,905 [INFO] trainer: epoch 308 done train_loss=1.0679 dt=21.0s
2026-07-16 09:36:55,714 [INFO] trainer: epoch 309 step 50/54 loss=1.1120 lr=6.68e-05
2026-07-16 09:36:57,231 [INFO] trainer: epoch 309 done train_loss=1.0926 dt=21.3s
2026-07-16 09:37:17,125 [INFO] trainer: epoch 310 step 50/54 loss=1.0639 lr=6.62e-05
2026-07-16 09:37:18,637 [INFO] trainer: epoch 310 done train_loss=1.0652 dt=21.4s
2026-07-16 09:37:38,891 [INFO] trainer: epoch 311 step 50/54 loss=1.0196 lr=6.56e-05
2026-07-16 09:37:40,401 [INFO] trainer: epoch 311 done train_loss=1.0283 dt=21.1s
2026-07-16 09:37:59,929 [INFO] trainer: epoch 312 step 50/54 loss=1.1044 lr=6.50e-05
2026-07-16 09:38:01,444 [INFO] trainer: epoch 312 done train_loss=1.0938 dt=21.0s
2026-07-16 09:38:21,104 [INFO] trainer: epoch 313 step 50/54 loss=1.0551 lr=6.44e-05
2026-07-16 09:38:22,619 [INFO] trainer: epoch 313 done train_loss=1.0662 dt=21.2s
2026-07-16 09:38:42,273 [INFO] trainer: epoch 314 step 50/54 loss=1.1279 lr=6.38e-05
2026-07-16 09:38:43,787 [INFO] trainer: epoch 314 done train_loss=1.1170 dt=21.2s
2026-07-16 09:39:03,554 [INFO] trainer: epoch 315 step 50/54 loss=1.0735 lr=6.32e-05
2026-07-16 09:39:05,068 [INFO] trainer: epoch 315 done train_loss=1.0907 dt=21.3s
2026-07-16 09:39:24,723 [INFO] trainer: epoch 316 step 50/54 loss=1.0626 lr=6.26e-05
2026-07-16 09:39:26,241 [INFO] trainer: epoch 316 done train_loss=1.0599 dt=21.2s
2026-07-16 09:39:45,842 [INFO] trainer: epoch 317 step 50/54 loss=1.0540 lr=6.20e-05
2026-07-16 09:39:47,358 [INFO] trainer: epoch 317 done train_loss=1.0473 dt=21.1s
2026-07-16 09:40:07,016 [INFO] trainer: epoch 318 step 50/54 loss=1.0945 lr=6.14e-05
2026-07-16 09:40:08,531 [INFO] trainer: epoch 318 done train_loss=1.0851 dt=21.2s
2026-07-16 09:40:28,267 [INFO] trainer: epoch 319 step 50/54 loss=1.0672 lr=6.09e-05
2026-07-16 09:40:29,780 [INFO] trainer: epoch 319 done train_loss=1.0651 dt=21.2s
2026-07-16 09:40:49,380 [INFO] trainer: epoch 320 step 50/54 loss=1.0469 lr=6.03e-05
2026-07-16 09:40:50,897 [INFO] trainer: epoch 320 done train_loss=1.0594 dt=21.1s
2026-07-16 09:41:11,273 [INFO] trainer: epoch 321 step 50/54 loss=1.0936 lr=5.97e-05
2026-07-16 09:41:12,787 [INFO] trainer: epoch 321 done train_loss=1.0797 dt=21.2s
2026-07-16 09:41:32,448 [INFO] trainer: epoch 322 step 50/54 loss=1.0407 lr=5.91e-05
2026-07-16 09:41:33,962 [INFO] trainer: epoch 322 done train_loss=1.0527 dt=21.2s
2026-07-16 09:41:53,502 [INFO] trainer: epoch 323 step 50/54 loss=1.0746 lr=5.85e-05
2026-07-16 09:41:55,015 [INFO] trainer: epoch 323 done train_loss=1.0674 dt=21.1s
2026-07-16 09:42:14,957 [INFO] trainer: epoch 324 step 50/54 loss=1.0400 lr=5.79e-05
2026-07-16 09:42:16,475 [INFO] trainer: epoch 324 done train_loss=1.0422 dt=21.5s
2026-07-16 09:42:36,631 [INFO] trainer: epoch 325 step 50/54 loss=1.1203 lr=5.74e-05
2026-07-16 09:42:38,144 [INFO] trainer: epoch 325 done train_loss=1.1186 dt=21.7s
2026-07-16 09:44:25,430 [INFO] trainer: epoch 325 val_mean_dice=0.7416
2026-07-16 09:44:46,174 [INFO] trainer: epoch 326 step 50/54 loss=1.0537 lr=5.68e-05
2026-07-16 09:44:47,688 [INFO] trainer: epoch 326 done train_loss=1.0559 dt=21.4s
2026-07-16 09:45:07,347 [INFO] trainer: epoch 327 step 50/54 loss=1.0338 lr=5.62e-05
2026-07-16 09:45:08,863 [INFO] trainer: epoch 327 done train_loss=1.0515 dt=21.2s
2026-07-16 09:45:28,589 [INFO] trainer: epoch 328 step 50/54 loss=1.0832 lr=5.57e-05
2026-07-16 09:45:30,101 [INFO] trainer: epoch 328 done train_loss=1.0754 dt=21.2s
2026-07-16 09:45:49,678 [INFO] trainer: epoch 329 step 50/54 loss=1.0416 lr=5.51e-05
2026-07-16 09:45:51,194 [INFO] trainer: epoch 329 done train_loss=1.0531 dt=21.1s
2026-07-16 09:46:10,932 [INFO] trainer: epoch 330 step 50/54 loss=1.0774 lr=5.45e-05
2026-07-16 09:46:12,445 [INFO] trainer: epoch 330 done train_loss=1.0762 dt=21.3s
2026-07-16 09:46:33,052 [INFO] trainer: epoch 331 step 50/54 loss=1.0507 lr=5.40e-05
2026-07-16 09:46:34,566 [INFO] trainer: epoch 331 done train_loss=1.0614 dt=21.3s
2026-07-16 09:46:54,302 [INFO] trainer: epoch 332 step 50/54 loss=1.0696 lr=5.34e-05
2026-07-16 09:46:55,816 [INFO] trainer: epoch 332 done train_loss=1.0740 dt=21.2s
2026-07-16 09:47:15,485 [INFO] trainer: epoch 333 step 50/54 loss=1.0208 lr=5.28e-05
2026-07-16 09:47:17,000 [INFO] trainer: epoch 333 done train_loss=1.0281 dt=21.2s
2026-07-16 09:47:36,544 [INFO] trainer: epoch 334 step 50/54 loss=1.0874 lr=5.23e-05
2026-07-16 09:47:38,057 [INFO] trainer: epoch 334 done train_loss=1.0814 dt=21.1s
2026-07-16 09:47:57,634 [INFO] trainer: epoch 335 step 50/54 loss=1.0734 lr=5.17e-05
2026-07-16 09:47:59,152 [INFO] trainer: epoch 335 done train_loss=1.0751 dt=21.1s
2026-07-16 09:48:18,858 [INFO] trainer: epoch 336 step 50/54 loss=1.0660 lr=5.12e-05
2026-07-16 09:48:20,371 [INFO] trainer: epoch 336 done train_loss=1.0703 dt=21.2s
2026-07-16 09:48:40,128 [INFO] trainer: epoch 337 step 50/54 loss=1.0290 lr=5.06e-05
2026-07-16 09:48:41,645 [INFO] trainer: epoch 337 done train_loss=1.0302 dt=21.3s
2026-07-16 09:49:01,262 [INFO] trainer: epoch 338 step 50/54 loss=1.0814 lr=5.01e-05
2026-07-16 09:49:02,776 [INFO] trainer: epoch 338 done train_loss=1.0793 dt=21.1s
2026-07-16 09:49:22,486 [INFO] trainer: epoch 339 step 50/54 loss=1.0867 lr=4.95e-05
2026-07-16 09:49:24,003 [INFO] trainer: epoch 339 done train_loss=1.0859 dt=21.2s
2026-07-16 09:49:43,538 [INFO] trainer: epoch 340 step 50/54 loss=1.0936 lr=4.90e-05
2026-07-16 09:49:45,052 [INFO] trainer: epoch 340 done train_loss=1.0899 dt=21.0s
2026-07-16 09:50:05,576 [INFO] trainer: epoch 341 step 50/54 loss=1.0510 lr=4.84e-05
2026-07-16 09:50:07,092 [INFO] trainer: epoch 341 done train_loss=1.0632 dt=21.4s
2026-07-16 09:50:26,713 [INFO] trainer: epoch 342 step 50/54 loss=1.0654 lr=4.79e-05
2026-07-16 09:50:28,228 [INFO] trainer: epoch 342 done train_loss=1.0469 dt=21.1s
2026-07-16 09:50:47,908 [INFO] trainer: epoch 343 step 50/54 loss=1.0494 lr=4.73e-05
2026-07-16 09:50:49,424 [INFO] trainer: epoch 343 done train_loss=1.0563 dt=21.2s
2026-07-16 09:51:09,100 [INFO] trainer: epoch 344 step 50/54 loss=1.0483 lr=4.68e-05
2026-07-16 09:51:10,616 [INFO] trainer: epoch 344 done train_loss=1.0500 dt=21.2s
2026-07-16 09:51:30,342 [INFO] trainer: epoch 345 step 50/54 loss=1.0558 lr=4.63e-05
2026-07-16 09:51:31,859 [INFO] trainer: epoch 345 done train_loss=1.0610 dt=21.2s
2026-07-16 09:51:51,448 [INFO] trainer: epoch 346 step 50/54 loss=1.0498 lr=4.57e-05
2026-07-16 09:51:52,963 [INFO] trainer: epoch 346 done train_loss=1.0574 dt=21.1s
2026-07-16 09:52:12,538 [INFO] trainer: epoch 347 step 50/54 loss=1.0521 lr=4.52e-05
2026-07-16 09:52:14,052 [INFO] trainer: epoch 347 done train_loss=1.0508 dt=21.1s
2026-07-16 09:52:33,832 [INFO] trainer: epoch 348 step 50/54 loss=1.0603 lr=4.47e-05
2026-07-16 09:52:35,348 [INFO] trainer: epoch 348 done train_loss=1.0860 dt=21.3s
2026-07-16 09:52:54,908 [INFO] trainer: epoch 349 step 50/54 loss=1.0602 lr=4.41e-05
2026-07-16 09:52:56,425 [INFO] trainer: epoch 349 done train_loss=1.0540 dt=21.1s
2026-07-16 09:53:16,229 [INFO] trainer: epoch 350 step 50/54 loss=0.9984 lr=4.36e-05
2026-07-16 09:53:17,746 [INFO] trainer: epoch 350 done train_loss=0.9997 dt=21.3s
2026-07-16 09:55:04,266 [INFO] trainer: epoch 350 val_mean_dice=0.7419
2026-07-16 09:55:25,753 [INFO] trainer: epoch 351 step 50/54 loss=1.0630 lr=4.31e-05
2026-07-16 09:55:27,268 [INFO] trainer: epoch 351 done train_loss=1.0610 dt=21.3s
2026-07-16 09:55:47,195 [INFO] trainer: epoch 352 step 50/54 loss=1.0942 lr=4.26e-05
2026-07-16 09:55:48,713 [INFO] trainer: epoch 352 done train_loss=1.0795 dt=21.4s
2026-07-16 09:56:08,391 [INFO] trainer: epoch 353 step 50/54 loss=1.0606 lr=4.21e-05
2026-07-16 09:56:09,906 [INFO] trainer: epoch 353 done train_loss=1.0588 dt=21.2s
2026-07-16 09:56:29,498 [INFO] trainer: epoch 354 step 50/54 loss=1.0598 lr=4.15e-05
2026-07-16 09:56:31,015 [INFO] trainer: epoch 354 done train_loss=1.0537 dt=21.1s
2026-07-16 09:56:50,520 [INFO] trainer: epoch 355 step 50/54 loss=1.0060 lr=4.10e-05
2026-07-16 09:56:52,036 [INFO] trainer: epoch 355 done train_loss=1.0101 dt=21.0s
2026-07-16 09:57:11,670 [INFO] trainer: epoch 356 step 50/54 loss=1.0280 lr=4.05e-05
2026-07-16 09:57:13,190 [INFO] trainer: epoch 356 done train_loss=1.0391 dt=21.2s
2026-07-16 09:57:32,888 [INFO] trainer: epoch 357 step 50/54 loss=1.0427 lr=4.00e-05
2026-07-16 09:57:34,402 [INFO] trainer: epoch 357 done train_loss=1.0353 dt=21.2s
2026-07-16 09:57:53,939 [INFO] trainer: epoch 358 step 50/54 loss=1.0605 lr=3.95e-05
2026-07-16 09:57:55,457 [INFO] trainer: epoch 358 done train_loss=1.0512 dt=21.1s
2026-07-16 09:58:15,182 [INFO] trainer: epoch 359 step 50/54 loss=1.0638 lr=3.90e-05
2026-07-16 09:58:16,700 [INFO] trainer: epoch 359 done train_loss=1.0679 dt=21.2s
2026-07-16 09:58:36,328 [INFO] trainer: epoch 360 step 50/54 loss=1.0679 lr=3.85e-05
2026-07-16 09:58:37,849 [INFO] trainer: epoch 360 done train_loss=1.0616 dt=21.1s
2026-07-16 09:58:58,059 [INFO] trainer: epoch 361 step 50/54 loss=1.0576 lr=3.80e-05
2026-07-16 09:58:59,576 [INFO] trainer: epoch 361 done train_loss=1.0505 dt=21.1s
2026-07-16 09:59:19,250 [INFO] trainer: epoch 362 step 50/54 loss=1.0372 lr=3.75e-05
2026-07-16 09:59:20,764 [INFO] trainer: epoch 362 done train_loss=1.0262 dt=21.2s
2026-07-16 09:59:40,333 [INFO] trainer: epoch 363 step 50/54 loss=1.0470 lr=3.70e-05
2026-07-16 09:59:41,849 [INFO] trainer: epoch 363 done train_loss=1.0432 dt=21.1s
2026-07-16 10:00:01,880 [INFO] trainer: epoch 364 step 50/54 loss=1.0530 lr=3.65e-05
2026-07-16 10:00:03,398 [INFO] trainer: epoch 364 done train_loss=1.0599 dt=21.5s
2026-07-16 10:00:22,974 [INFO] trainer: epoch 365 step 50/54 loss=1.0267 lr=3.60e-05
2026-07-16 10:00:24,493 [INFO] trainer: epoch 365 done train_loss=1.0234 dt=21.1s
2026-07-16 10:00:44,186 [INFO] trainer: epoch 366 step 50/54 loss=1.0334 lr=3.56e-05
2026-07-16 10:00:45,707 [INFO] trainer: epoch 366 done train_loss=1.0210 dt=21.2s
2026-07-16 10:01:05,251 [INFO] trainer: epoch 367 step 50/54 loss=1.0072 lr=3.51e-05
2026-07-16 10:01:06,766 [INFO] trainer: epoch 367 done train_loss=1.0106 dt=21.1s
2026-07-16 10:01:26,410 [INFO] trainer: epoch 368 step 50/54 loss=1.0521 lr=3.46e-05
2026-07-16 10:01:27,930 [INFO] trainer: epoch 368 done train_loss=1.0535 dt=21.2s
2026-07-16 10:01:47,451 [INFO] trainer: epoch 369 step 50/54 loss=1.0448 lr=3.41e-05
2026-07-16 10:01:48,966 [INFO] trainer: epoch 369 done train_loss=1.0456 dt=21.0s
2026-07-16 10:02:08,579 [INFO] trainer: epoch 370 step 50/54 loss=1.0542 lr=3.36e-05
2026-07-16 10:02:10,095 [INFO] trainer: epoch 370 done train_loss=1.0510 dt=21.1s
2026-07-16 10:02:35,694 [INFO] trainer: epoch 371 step 50/54 loss=1.0614 lr=3.32e-05
2026-07-16 10:02:37,216 [INFO] trainer: epoch 371 done train_loss=1.0632 dt=21.1s
2026-07-16 10:02:56,840 [INFO] trainer: epoch 372 step 50/54 loss=1.0780 lr=3.27e-05
2026-07-16 10:02:58,359 [INFO] trainer: epoch 372 done train_loss=1.0665 dt=21.1s
2026-07-16 10:03:17,935 [INFO] trainer: epoch 373 step 50/54 loss=1.0244 lr=3.22e-05
2026-07-16 10:03:19,449 [INFO] trainer: epoch 373 done train_loss=1.0315 dt=21.1s
2026-07-16 10:03:39,053 [INFO] trainer: epoch 374 step 50/54 loss=1.0705 lr=3.18e-05
2026-07-16 10:03:40,566 [INFO] trainer: epoch 374 done train_loss=1.0576 dt=21.1s
2026-07-16 10:04:00,209 [INFO] trainer: epoch 375 step 50/54 loss=1.0661 lr=3.13e-05
2026-07-16 10:04:01,728 [INFO] trainer: epoch 375 done train_loss=1.0663 dt=21.2s
2026-07-16 10:05:40,974 [INFO] trainer: epoch 375 val_mean_dice=0.7460
2026-07-16 10:06:01,889 [INFO] trainer: epoch 376 step 50/54 loss=1.0689 lr=3.09e-05
2026-07-16 10:06:03,406 [INFO] trainer: epoch 376 done train_loss=1.0709 dt=21.3s
2026-07-16 10:06:23,068 [INFO] trainer: epoch 377 step 50/54 loss=1.0581 lr=3.04e-05
2026-07-16 10:06:24,587 [INFO] trainer: epoch 377 done train_loss=1.0495 dt=21.2s
2026-07-16 10:06:44,138 [INFO] trainer: epoch 378 step 50/54 loss=1.0373 lr=3.00e-05
2026-07-16 10:06:45,656 [INFO] trainer: epoch 378 done train_loss=1.0340 dt=21.1s
2026-07-16 10:07:05,233 [INFO] trainer: epoch 379 step 50/54 loss=1.0393 lr=2.95e-05
2026-07-16 10:07:06,748 [INFO] trainer: epoch 379 done train_loss=1.0409 dt=21.1s
2026-07-16 10:07:26,318 [INFO] trainer: epoch 380 step 50/54 loss=1.0419 lr=2.91e-05
2026-07-16 10:07:27,837 [INFO] trainer: epoch 380 done train_loss=1.0397 dt=21.1s
2026-07-16 10:07:48,095 [INFO] trainer: epoch 381 step 50/54 loss=1.0112 lr=2.86e-05
2026-07-16 10:07:49,616 [INFO] trainer: epoch 381 done train_loss=1.0257 dt=21.1s
2026-07-16 10:08:09,223 [INFO] trainer: epoch 382 step 50/54 loss=0.9996 lr=2.82e-05
2026-07-16 10:08:10,737 [INFO] trainer: epoch 382 done train_loss=1.0129 dt=21.1s
2026-07-16 10:08:30,225 [INFO] trainer: epoch 383 step 50/54 loss=1.0302 lr=2.77e-05
2026-07-16 10:08:31,742 [INFO] trainer: epoch 383 done train_loss=1.0352 dt=21.0s
2026-07-16 10:08:51,392 [INFO] trainer: epoch 384 step 50/54 loss=1.0476 lr=2.73e-05
2026-07-16 10:08:52,908 [INFO] trainer: epoch 384 done train_loss=1.0599 dt=21.2s
2026-07-16 10:09:12,573 [INFO] trainer: epoch 385 step 50/54 loss=1.0031 lr=2.69e-05
2026-07-16 10:09:14,091 [INFO] trainer: epoch 385 done train_loss=1.0032 dt=21.2s
2026-07-16 10:09:33,779 [INFO] trainer: epoch 386 step 50/54 loss=1.0848 lr=2.64e-05
2026-07-16 10:09:35,299 [INFO] trainer: epoch 386 done train_loss=1.0847 dt=21.2s
2026-07-16 10:09:54,902 [INFO] trainer: epoch 387 step 50/54 loss=1.1003 lr=2.60e-05
2026-07-16 10:09:56,421 [INFO] trainer: epoch 387 done train_loss=1.0885 dt=21.1s
2026-07-16 10:10:16,117 [INFO] trainer: epoch 388 step 50/54 loss=1.0104 lr=2.56e-05
2026-07-16 10:10:17,635 [INFO] trainer: epoch 388 done train_loss=1.0147 dt=21.2s
2026-07-16 10:10:37,165 [INFO] trainer: epoch 389 step 50/54 loss=1.0920 lr=2.52e-05
2026-07-16 10:10:38,685 [INFO] trainer: epoch 389 done train_loss=1.0845 dt=21.0s
2026-07-16 10:10:58,313 [INFO] trainer: epoch 390 step 50/54 loss=1.0010 lr=2.48e-05
2026-07-16 10:10:59,831 [INFO] trainer: epoch 390 done train_loss=0.9939 dt=21.1s
2026-07-16 10:11:20,078 [INFO] trainer: epoch 391 step 50/54 loss=1.0056 lr=2.44e-05
2026-07-16 10:11:21,597 [INFO] trainer: epoch 391 done train_loss=1.0023 dt=21.1s
2026-07-16 10:11:41,204 [INFO] trainer: epoch 392 step 50/54 loss=1.0253 lr=2.39e-05
2026-07-16 10:11:42,720 [INFO] trainer: epoch 392 done train_loss=1.0247 dt=21.1s
2026-07-16 10:12:02,386 [INFO] trainer: epoch 393 step 50/54 loss=1.0455 lr=2.35e-05
2026-07-16 10:12:03,904 [INFO] trainer: epoch 393 done train_loss=1.0488 dt=21.2s
2026-07-16 10:12:23,488 [INFO] trainer: epoch 394 step 50/54 loss=1.0762 lr=2.31e-05
2026-07-16 10:12:25,009 [INFO] trainer: epoch 394 done train_loss=1.0585 dt=21.1s
2026-07-16 10:12:44,677 [INFO] trainer: epoch 395 step 50/54 loss=0.9862 lr=2.27e-05
2026-07-16 10:12:46,194 [INFO] trainer: epoch 395 done train_loss=0.9949 dt=21.2s
2026-07-16 10:13:05,741 [INFO] trainer: epoch 396 step 50/54 loss=1.0349 lr=2.23e-05
2026-07-16 10:13:07,259 [INFO] trainer: epoch 396 done train_loss=1.0341 dt=21.1s
2026-07-16 10:13:26,948 [INFO] trainer: epoch 397 step 50/54 loss=1.0333 lr=2.19e-05
2026-07-16 10:13:28,466 [INFO] trainer: epoch 397 done train_loss=1.0326 dt=21.2s
2026-07-16 10:13:48,280 [INFO] trainer: epoch 398 step 50/54 loss=1.0784 lr=2.16e-05
2026-07-16 10:13:49,797 [INFO] trainer: epoch 398 done train_loss=1.0741 dt=21.3s
2026-07-16 10:14:09,335 [INFO] trainer: epoch 399 step 50/54 loss=1.0496 lr=2.12e-05
2026-07-16 10:14:10,850 [INFO] trainer: epoch 399 done train_loss=1.0460 dt=21.1s
2026-07-16 10:14:30,386 [INFO] trainer: epoch 400 step 50/54 loss=1.0051 lr=2.08e-05
2026-07-16 10:14:31,905 [INFO] trainer: epoch 400 done train_loss=1.0076 dt=21.1s
2026-07-16 10:16:11,125 [INFO] trainer: epoch 400 val_mean_dice=0.7459
2026-07-16 10:16:31,383 [INFO] trainer: epoch 401 step 50/54 loss=1.0263 lr=2.04e-05
2026-07-16 10:16:32,902 [INFO] trainer: epoch 401 done train_loss=1.0290 dt=21.1s
2026-07-16 10:16:52,664 [INFO] trainer: epoch 402 step 50/54 loss=1.0200 lr=2.00e-05
2026-07-16 10:16:54,183 [INFO] trainer: epoch 402 done train_loss=1.0300 dt=21.3s
2026-07-16 10:17:13,672 [INFO] trainer: epoch 403 step 50/54 loss=1.0438 lr=1.97e-05
2026-07-16 10:17:15,190 [INFO] trainer: epoch 403 done train_loss=1.0377 dt=21.0s
2026-07-16 10:17:34,796 [INFO] trainer: epoch 404 step 50/54 loss=1.0287 lr=1.93e-05
2026-07-16 10:17:36,315 [INFO] trainer: epoch 404 done train_loss=1.0334 dt=21.1s
2026-07-16 10:17:55,853 [INFO] trainer: epoch 405 step 50/54 loss=1.0287 lr=1.89e-05
2026-07-16 10:17:57,368 [INFO] trainer: epoch 405 done train_loss=1.0249 dt=21.1s
2026-07-16 10:18:16,938 [INFO] trainer: epoch 406 step 50/54 loss=1.0017 lr=1.86e-05
2026-07-16 10:18:18,460 [INFO] trainer: epoch 406 done train_loss=1.0057 dt=21.1s
2026-07-16 10:18:38,167 [INFO] trainer: epoch 407 step 50/54 loss=1.0637 lr=1.82e-05
2026-07-16 10:18:39,685 [INFO] trainer: epoch 407 done train_loss=1.0445 dt=21.2s
2026-07-16 10:18:59,459 [INFO] trainer: epoch 408 step 50/54 loss=1.0222 lr=1.78e-05
2026-07-16 10:19:00,981 [INFO] trainer: epoch 408 done train_loss=1.0203 dt=21.3s
2026-07-16 10:19:20,514 [INFO] trainer: epoch 409 step 50/54 loss=1.0219 lr=1.75e-05
2026-07-16 10:19:22,033 [INFO] trainer: epoch 409 done train_loss=1.0129 dt=21.1s
2026-07-16 10:19:41,711 [INFO] trainer: epoch 410 step 50/54 loss=1.0347 lr=1.71e-05
2026-07-16 10:19:43,231 [INFO] trainer: epoch 410 done train_loss=1.0406 dt=21.2s
2026-07-16 10:20:03,554 [INFO] trainer: epoch 411 step 50/54 loss=1.0441 lr=1.68e-05
2026-07-16 10:20:05,076 [INFO] trainer: epoch 411 done train_loss=1.0608 dt=21.2s
2026-07-16 10:20:24,767 [INFO] trainer: epoch 412 step 50/54 loss=1.0178 lr=1.64e-05
2026-07-16 10:20:26,289 [INFO] trainer: epoch 412 done train_loss=1.0161 dt=21.2s
2026-07-16 10:20:45,946 [INFO] trainer: epoch 413 step 50/54 loss=1.0437 lr=1.61e-05
2026-07-16 10:20:47,466 [INFO] trainer: epoch 413 done train_loss=1.0410 dt=21.2s
2026-07-16 10:21:07,017 [INFO] trainer: epoch 414 step 50/54 loss=1.0231 lr=1.58e-05
2026-07-16 10:21:08,537 [INFO] trainer: epoch 414 done train_loss=1.0304 dt=21.1s
2026-07-16 10:21:28,103 [INFO] trainer: epoch 415 step 50/54 loss=1.0798 lr=1.54e-05
2026-07-16 10:21:29,621 [INFO] trainer: epoch 415 done train_loss=1.0632 dt=21.1s
2026-07-16 10:21:49,295 [INFO] trainer: epoch 416 step 50/54 loss=1.0264 lr=1.51e-05
2026-07-16 10:21:50,808 [INFO] trainer: epoch 416 done train_loss=1.0172 dt=21.2s
2026-07-16 10:22:10,484 [INFO] trainer: epoch 417 step 50/54 loss=1.0125 lr=1.48e-05
2026-07-16 10:22:11,999 [INFO] trainer: epoch 417 done train_loss=1.0125 dt=21.2s
2026-07-16 10:22:31,642 [INFO] trainer: epoch 418 step 50/54 loss=1.0784 lr=1.45e-05
2026-07-16 10:22:33,159 [INFO] trainer: epoch 418 done train_loss=1.0754 dt=21.2s
2026-07-16 10:22:52,701 [INFO] trainer: epoch 419 step 50/54 loss=1.0855 lr=1.41e-05
2026-07-16 10:22:54,217 [INFO] trainer: epoch 419 done train_loss=1.0906 dt=21.1s
2026-07-16 10:23:13,970 [INFO] trainer: epoch 420 step 50/54 loss=1.0013 lr=1.38e-05
2026-07-16 10:23:15,485 [INFO] trainer: epoch 420 done train_loss=0.9943 dt=21.3s
2026-07-16 10:23:35,634 [INFO] trainer: epoch 421 step 50/54 loss=1.0203 lr=1.35e-05
2026-07-16 10:23:37,153 [INFO] trainer: epoch 421 done train_loss=1.0177 dt=21.0s
2026-07-16 10:23:56,948 [INFO] trainer: epoch 422 step 50/54 loss=1.0521 lr=1.32e-05
2026-07-16 10:23:58,469 [INFO] trainer: epoch 422 done train_loss=1.0481 dt=21.3s
2026-07-16 10:24:18,088 [INFO] trainer: epoch 423 step 50/54 loss=1.0281 lr=1.29e-05
2026-07-16 10:24:19,606 [INFO] trainer: epoch 423 done train_loss=1.0386 dt=21.1s
2026-07-16 10:24:39,198 [INFO] trainer: epoch 424 step 50/54 loss=1.0392 lr=1.26e-05
2026-07-16 10:24:40,719 [INFO] trainer: epoch 424 done train_loss=1.0476 dt=21.1s
2026-07-16 10:25:00,367 [INFO] trainer: epoch 425 step 50/54 loss=1.0303 lr=1.23e-05
2026-07-16 10:25:01,887 [INFO] trainer: epoch 425 done train_loss=1.0216 dt=21.2s
2026-07-16 10:26:41,100 [INFO] trainer: epoch 425 val_mean_dice=0.7476
2026-07-16 10:27:01,876 [INFO] trainer: epoch 426 step 50/54 loss=1.0476 lr=1.20e-05
2026-07-16 10:27:03,397 [INFO] trainer: epoch 426 done train_loss=1.0366 dt=21.1s
2026-07-16 10:27:23,130 [INFO] trainer: epoch 427 step 50/54 loss=1.0306 lr=1.17e-05
2026-07-16 10:27:24,646 [INFO] trainer: epoch 427 done train_loss=1.0283 dt=21.2s
2026-07-16 10:27:44,261 [INFO] trainer: epoch 428 step 50/54 loss=1.0479 lr=1.14e-05
2026-07-16 10:27:45,777 [INFO] trainer: epoch 428 done train_loss=1.0505 dt=21.1s
2026-07-16 10:28:05,316 [INFO] trainer: epoch 429 step 50/54 loss=1.0252 lr=1.12e-05
2026-07-16 10:28:06,832 [INFO] trainer: epoch 429 done train_loss=1.0165 dt=21.1s
2026-07-16 10:28:26,444 [INFO] trainer: epoch 430 step 50/54 loss=1.0059 lr=1.09e-05
2026-07-16 10:28:27,960 [INFO] trainer: epoch 430 done train_loss=1.0045 dt=21.1s
2026-07-16 10:28:51,455 [INFO] trainer: epoch 431 step 50/54 loss=1.0678 lr=1.06e-05
2026-07-16 10:28:52,972 [INFO] trainer: epoch 431 done train_loss=1.0664 dt=21.2s
2026-07-16 10:29:13,587 [INFO] trainer: epoch 432 step 50/54 loss=1.0246 lr=1.03e-05
2026-07-16 10:29:15,109 [INFO] trainer: epoch 432 done train_loss=1.0328 dt=22.1s
2026-07-16 10:29:34,789 [INFO] trainer: epoch 433 step 50/54 loss=1.0238 lr=1.01e-05
2026-07-16 10:29:36,305 [INFO] trainer: epoch 433 done train_loss=1.0167 dt=21.2s
2026-07-16 10:29:55,920 [INFO] trainer: epoch 434 step 50/54 loss=1.0261 lr=9.80e-06
2026-07-16 10:29:57,436 [INFO] trainer: epoch 434 done train_loss=1.0181 dt=21.1s
2026-07-16 10:30:17,057 [INFO] trainer: epoch 435 step 50/54 loss=0.9791 lr=9.54e-06
2026-07-16 10:30:18,573 [INFO] trainer: epoch 435 done train_loss=0.9776 dt=21.1s
2026-07-16 10:30:38,177 [INFO] trainer: epoch 436 step 50/54 loss=1.0156 lr=9.28e-06
2026-07-16 10:30:39,692 [INFO] trainer: epoch 436 done train_loss=1.0165 dt=21.1s
2026-07-16 10:30:59,368 [INFO] trainer: epoch 437 step 50/54 loss=1.0287 lr=9.03e-06
2026-07-16 10:31:00,884 [INFO] trainer: epoch 437 done train_loss=1.0278 dt=21.2s
2026-07-16 10:31:20,483 [INFO] trainer: epoch 438 step 50/54 loss=1.0016 lr=8.78e-06
2026-07-16 10:31:21,998 [INFO] trainer: epoch 438 done train_loss=1.0032 dt=21.1s
2026-07-16 10:31:41,548 [INFO] trainer: epoch 439 step 50/54 loss=1.0433 lr=8.53e-06
2026-07-16 10:31:43,069 [INFO] trainer: epoch 439 done train_loss=1.0369 dt=21.1s
2026-07-16 10:32:02,639 [INFO] trainer: epoch 440 step 50/54 loss=1.0128 lr=8.29e-06
2026-07-16 10:32:04,155 [INFO] trainer: epoch 440 done train_loss=1.0166 dt=21.1s
2026-07-16 10:32:28,672 [INFO] trainer: epoch 441 step 50/54 loss=1.0408 lr=8.05e-06
2026-07-16 10:32:30,188 [INFO] trainer: epoch 441 done train_loss=1.0378 dt=21.2s
2026-07-16 10:32:49,756 [INFO] trainer: epoch 442 step 50/54 loss=1.0071 lr=7.82e-06
2026-07-16 10:32:51,270 [INFO] trainer: epoch 442 done train_loss=1.0172 dt=21.1s
2026-07-16 10:33:10,902 [INFO] trainer: epoch 443 step 50/54 loss=1.0036 lr=7.59e-06
2026-07-16 10:33:12,419 [INFO] trainer: epoch 443 done train_loss=1.0003 dt=21.1s
2026-07-16 10:33:32,053 [INFO] trainer: epoch 444 step 50/54 loss=1.0549 lr=7.36e-06
2026-07-16 10:33:33,570 [INFO] trainer: epoch 444 done train_loss=1.0484 dt=21.2s
2026-07-16 10:33:53,252 [INFO] trainer: epoch 445 step 50/54 loss=1.0009 lr=7.14e-06
2026-07-16 10:33:54,775 [INFO] trainer: epoch 445 done train_loss=0.9961 dt=21.2s
2026-07-16 10:34:14,426 [INFO] trainer: epoch 446 step 50/54 loss=1.0801 lr=6.92e-06
2026-07-16 10:34:15,945 [INFO] trainer: epoch 446 done train_loss=1.0742 dt=21.2s
2026-07-16 10:34:35,665 [INFO] trainer: epoch 447 step 50/54 loss=1.0508 lr=6.71e-06
2026-07-16 10:34:37,181 [INFO] trainer: epoch 447 done train_loss=1.0455 dt=21.2s
2026-07-16 10:34:56,772 [INFO] trainer: epoch 448 step 50/54 loss=0.9931 lr=6.49e-06
2026-07-16 10:34:58,289 [INFO] trainer: epoch 448 done train_loss=1.0108 dt=21.1s
2026-07-16 10:35:17,902 [INFO] trainer: epoch 449 step 50/54 loss=1.0250 lr=6.29e-06
2026-07-16 10:35:19,417 [INFO] trainer: epoch 449 done train_loss=1.0160 dt=21.1s
2026-07-16 10:35:39,011 [INFO] trainer: epoch 450 step 50/54 loss=1.0535 lr=6.08e-06
2026-07-16 10:35:40,526 [INFO] trainer: epoch 450 done train_loss=1.0587 dt=21.1s
2026-07-16 10:37:21,296 [INFO] trainer: epoch 450 val_mean_dice=0.7488
2026-07-16 10:37:46,451 [INFO] trainer: epoch 451 step 50/54 loss=1.0133 lr=5.88e-06
2026-07-16 10:37:47,968 [INFO] trainer: epoch 451 done train_loss=1.0081 dt=21.3s
2026-07-16 10:38:07,609 [INFO] trainer: epoch 452 step 50/54 loss=1.0528 lr=5.69e-06
2026-07-16 10:38:09,123 [INFO] trainer: epoch 452 done train_loss=1.0531 dt=21.2s
2026-07-16 10:38:28,779 [INFO] trainer: epoch 453 step 50/54 loss=1.0545 lr=5.50e-06
2026-07-16 10:38:30,290 [INFO] trainer: epoch 453 done train_loss=1.0589 dt=21.2s
2026-07-16 10:38:50,014 [INFO] trainer: epoch 454 step 50/54 loss=0.9961 lr=5.31e-06
2026-07-16 10:38:51,531 [INFO] trainer: epoch 454 done train_loss=1.0087 dt=21.2s
2026-07-16 10:39:11,263 [INFO] trainer: epoch 455 step 50/54 loss=1.0339 lr=5.13e-06
2026-07-16 10:39:12,779 [INFO] trainer: epoch 455 done train_loss=1.0403 dt=21.2s
2026-07-16 10:39:32,305 [INFO] trainer: epoch 456 step 50/54 loss=1.0214 lr=4.95e-06
2026-07-16 10:39:33,820 [INFO] trainer: epoch 456 done train_loss=1.0183 dt=21.0s
2026-07-16 10:39:53,585 [INFO] trainer: epoch 457 step 50/54 loss=1.0058 lr=4.77e-06
2026-07-16 10:39:55,098 [INFO] trainer: epoch 457 done train_loss=0.9941 dt=21.3s
2026-07-16 10:40:14,680 [INFO] trainer: epoch 458 step 50/54 loss=1.0557 lr=4.60e-06
2026-07-16 10:40:16,194 [INFO] trainer: epoch 458 done train_loss=1.0398 dt=21.1s
2026-07-16 10:40:35,730 [INFO] trainer: epoch 459 step 50/54 loss=1.0228 lr=4.43e-06
2026-07-16 10:40:37,243 [INFO] trainer: epoch 459 done train_loss=1.0155 dt=21.0s
2026-07-16 10:40:56,886 [INFO] trainer: epoch 460 step 50/54 loss=0.9733 lr=4.27e-06
2026-07-16 10:40:58,402 [INFO] trainer: epoch 460 done train_loss=0.9840 dt=21.2s
2026-07-16 10:41:18,623 [INFO] trainer: epoch 461 step 50/54 loss=1.0401 lr=4.11e-06
2026-07-16 10:41:20,138 [INFO] trainer: epoch 461 done train_loss=1.0297 dt=21.1s
2026-07-16 10:41:39,822 [INFO] trainer: epoch 462 step 50/54 loss=1.0356 lr=3.95e-06
2026-07-16 10:41:41,335 [INFO] trainer: epoch 462 done train_loss=1.0440 dt=21.2s
2026-07-16 10:42:01,049 [INFO] trainer: epoch 463 step 50/54 loss=1.0119 lr=3.80e-06
2026-07-16 10:42:02,567 [INFO] trainer: epoch 463 done train_loss=1.0058 dt=21.2s
2026-07-16 10:42:22,459 [INFO] trainer: epoch 464 step 50/54 loss=1.0343 lr=3.65e-06
2026-07-16 10:42:23,978 [INFO] trainer: epoch 464 done train_loss=1.0265 dt=21.4s
2026-07-16 10:42:43,632 [INFO] trainer: epoch 465 step 50/54 loss=1.0469 lr=3.51e-06
2026-07-16 10:42:45,148 [INFO] trainer: epoch 465 done train_loss=1.0378 dt=21.2s
2026-07-16 10:43:04,903 [INFO] trainer: epoch 466 step 50/54 loss=1.0291 lr=3.36e-06
2026-07-16 10:43:06,418 [INFO] trainer: epoch 466 done train_loss=1.0183 dt=21.3s
2026-07-16 10:43:25,949 [INFO] trainer: epoch 467 step 50/54 loss=0.9845 lr=3.23e-06
2026-07-16 10:43:27,464 [INFO] trainer: epoch 467 done train_loss=1.0005 dt=21.0s
2026-07-16 10:43:47,035 [INFO] trainer: epoch 468 step 50/54 loss=0.9805 lr=3.10e-06
2026-07-16 10:43:48,548 [INFO] trainer: epoch 468 done train_loss=0.9720 dt=21.1s
2026-07-16 10:44:08,181 [INFO] trainer: epoch 469 step 50/54 loss=1.0938 lr=2.97e-06
2026-07-16 10:44:09,694 [INFO] trainer: epoch 469 done train_loss=1.0833 dt=21.1s
2026-07-16 10:44:29,180 [INFO] trainer: epoch 470 step 50/54 loss=1.0191 lr=2.84e-06
2026-07-16 10:44:30,693 [INFO] trainer: epoch 470 done train_loss=1.0045 dt=21.0s
2026-07-16 10:44:50,830 [INFO] trainer: epoch 471 step 50/54 loss=1.0444 lr=2.72e-06
2026-07-16 10:44:52,344 [INFO] trainer: epoch 471 done train_loss=1.0519 dt=21.1s
2026-07-16 10:45:12,148 [INFO] trainer: epoch 472 step 50/54 loss=1.0018 lr=2.61e-06
2026-07-16 10:45:13,665 [INFO] trainer: epoch 472 done train_loss=1.0068 dt=21.3s
2026-07-16 10:45:33,148 [INFO] trainer: epoch 473 step 50/54 loss=1.0082 lr=2.50e-06
2026-07-16 10:45:34,663 [INFO] trainer: epoch 473 done train_loss=1.0096 dt=21.0s
2026-07-16 10:45:54,164 [INFO] trainer: epoch 474 step 50/54 loss=1.0216 lr=2.39e-06
2026-07-16 10:45:55,679 [INFO] trainer: epoch 474 done train_loss=1.0130 dt=21.0s
2026-07-16 10:46:15,208 [INFO] trainer: epoch 475 step 50/54 loss=1.0260 lr=2.28e-06
2026-07-16 10:46:16,722 [INFO] trainer: epoch 475 done train_loss=1.0251 dt=21.0s
2026-07-16 10:47:58,722 [INFO] trainer: epoch 475 val_mean_dice=0.7488
2026-07-16 10:48:19,934 [INFO] trainer: epoch 476 step 50/54 loss=1.0120 lr=2.18e-06
2026-07-16 10:48:21,447 [INFO] trainer: epoch 476 done train_loss=1.0196 dt=21.8s
2026-07-16 10:48:41,120 [INFO] trainer: epoch 477 step 50/54 loss=1.0374 lr=2.09e-06
2026-07-16 10:48:42,633 [INFO] trainer: epoch 477 done train_loss=1.0395 dt=21.2s
2026-07-16 10:49:02,295 [INFO] trainer: epoch 478 step 50/54 loss=1.0120 lr=1.99e-06
2026-07-16 10:49:03,808 [INFO] trainer: epoch 478 done train_loss=1.0109 dt=21.2s
2026-07-16 10:49:23,596 [INFO] trainer: epoch 479 step 50/54 loss=1.0321 lr=1.91e-06
2026-07-16 10:49:25,109 [INFO] trainer: epoch 479 done train_loss=1.0189 dt=21.3s
2026-07-16 10:49:47,411 [INFO] trainer: epoch 480 step 50/54 loss=1.0370 lr=1.82e-06
2026-07-16 10:49:48,925 [INFO] trainer: epoch 480 done train_loss=1.0426 dt=23.8s
2026-07-16 10:50:09,015 [INFO] trainer: epoch 481 step 50/54 loss=1.0130 lr=1.74e-06
2026-07-16 10:50:10,535 [INFO] trainer: epoch 481 done train_loss=1.0084 dt=21.0s
2026-07-16 10:50:30,278 [INFO] trainer: epoch 482 step 50/54 loss=1.0627 lr=1.67e-06
2026-07-16 10:50:31,792 [INFO] trainer: epoch 482 done train_loss=1.0645 dt=21.3s
2026-07-16 10:50:51,447 [INFO] trainer: epoch 483 step 50/54 loss=1.0202 lr=1.60e-06
2026-07-16 10:50:52,960 [INFO] trainer: epoch 483 done train_loss=1.0260 dt=21.2s
2026-07-16 10:51:12,670 [INFO] trainer: epoch 484 step 50/54 loss=1.0004 lr=1.53e-06
2026-07-16 10:51:14,183 [INFO] trainer: epoch 484 done train_loss=1.0146 dt=21.2s
2026-07-16 10:51:33,934 [INFO] trainer: epoch 485 step 50/54 loss=1.0427 lr=1.46e-06
2026-07-16 10:51:35,449 [INFO] trainer: epoch 485 done train_loss=1.0372 dt=21.3s
2026-07-16 10:51:55,073 [INFO] trainer: epoch 486 step 50/54 loss=1.0015 lr=1.40e-06
2026-07-16 10:51:56,584 [INFO] trainer: epoch 486 done train_loss=0.9979 dt=21.1s
2026-07-16 10:52:16,233 [INFO] trainer: epoch 487 step 50/54 loss=1.0573 lr=1.35e-06
2026-07-16 10:52:17,747 [INFO] trainer: epoch 487 done train_loss=1.0461 dt=21.2s
2026-07-16 10:52:37,288 [INFO] trainer: epoch 488 step 50/54 loss=1.0517 lr=1.30e-06
2026-07-16 10:52:38,801 [INFO] trainer: epoch 488 done train_loss=1.0480 dt=21.1s
2026-07-16 10:52:58,527 [INFO] trainer: epoch 489 step 50/54 loss=1.0721 lr=1.25e-06
2026-07-16 10:53:00,042 [INFO] trainer: epoch 489 done train_loss=1.0632 dt=21.2s
2026-07-16 10:53:19,647 [INFO] trainer: epoch 490 step 50/54 loss=1.0193 lr=1.21e-06
2026-07-16 10:53:21,160 [INFO] trainer: epoch 490 done train_loss=1.0092 dt=21.1s
2026-07-16 10:53:41,439 [INFO] trainer: epoch 491 step 50/54 loss=1.0201 lr=1.17e-06
2026-07-16 10:53:42,953 [INFO] trainer: epoch 491 done train_loss=1.0214 dt=21.2s
2026-07-16 10:54:02,639 [INFO] trainer: epoch 492 step 50/54 loss=1.0104 lr=1.13e-06
2026-07-16 10:54:04,157 [INFO] trainer: epoch 492 done train_loss=1.0184 dt=21.2s
2026-07-16 10:54:23,811 [INFO] trainer: epoch 493 step 50/54 loss=1.0177 lr=1.10e-06
2026-07-16 10:54:25,327 [INFO] trainer: epoch 493 done train_loss=1.0214 dt=21.2s
2026-07-16 10:54:45,053 [INFO] trainer: epoch 494 step 50/54 loss=1.0265 lr=1.08e-06
2026-07-16 10:54:46,571 [INFO] trainer: epoch 494 done train_loss=1.0413 dt=21.2s
2026-07-16 10:55:06,202 [INFO] trainer: epoch 495 step 50/54 loss=1.0259 lr=1.05e-06
2026-07-16 10:55:07,717 [INFO] trainer: epoch 495 done train_loss=1.0319 dt=21.1s
2026-07-16 10:55:27,360 [INFO] trainer: epoch 496 step 50/54 loss=1.0059 lr=1.03e-06
2026-07-16 10:55:28,877 [INFO] trainer: epoch 496 done train_loss=1.0136 dt=21.2s
2026-07-16 10:55:48,554 [INFO] trainer: epoch 497 step 50/54 loss=1.0503 lr=1.02e-06
2026-07-16 10:55:50,069 [INFO] trainer: epoch 497 done train_loss=1.0431 dt=21.2s
2026-07-16 10:56:09,682 [INFO] trainer: epoch 498 step 50/54 loss=1.0341 lr=1.01e-06
2026-07-16 10:56:11,197 [INFO] trainer: epoch 498 done train_loss=1.0295 dt=21.1s
2026-07-16 10:56:30,949 [INFO] trainer: epoch 499 step 50/54 loss=1.0039 lr=1.00e-06
2026-07-16 10:56:32,463 [INFO] trainer: epoch 499 done train_loss=1.0072 dt=21.3s
2026-07-16 10:56:51,951 [INFO] trainer: epoch 500 step 50/54 loss=1.0217 lr=1.00e-06
2026-07-16 10:56:53,465 [INFO] trainer: epoch 500 done train_loss=1.0299 dt=21.0s
2026-07-16 10:58:34,353 [INFO] trainer: epoch 500 val_mean_dice=0.7494
2026-07-16 10:58:35,789 [INFO] trainer: total time 12683.6 s, best dice 0.7494 (epochs 1-500 / 500)
