2026-07-16 07:23:14,880 [INFO] train: ========================================================================
2026-07-16 07:23:14,881 [INFO] train: model=voco_b config=configs/lowshot/ls_vocoB_ft_pt_f010.yaml
2026-07-16 07:23:14,881 [INFO] train: output=/scratch/lskrlj/runs/ls_vocoB_ft_pt_f010 device=cuda (NVIDIA A100-SXM4-40GB)
2026-07-16 07:23:14,881 [INFO] train: epochs=500 batch_size=2 grad_accum=2 eff_batch=4 lr=0.0002 amp=True
2026-07-16 07:23:14,881 [INFO] train: ========================================================================
2026-07-16 07:23:14,883 [INFO] train: splits: train=1082 val=57 classes=117
2026-07-16 07:23:14,883 [INFO] train: low-shot: train_fraction=0.1000 seed=1234 -> 108/1082 train cases
2026-07-16 07:23:15,033 [INFO] train: disk cache: /scratch/lskrlj/cache/TotalSeg/833d9d046402 (fingerprint=833d9d046402)
2026-07-16 07:26:02,195 [INFO] train: model voco_b, trainable params: 27603114 / 27603114 total (freeze_backbone=False)
2026-07-16 07:26:33,249 [WARNING] trainer: --resume set but no checkpoint found in /scratch/lskrlj/runs/ls_vocoB_ft_pt_f010; starting fresh
2026-07-16 07:26:33,251 [INFO] trainer: start: epochs 1-500/500 device=cuda amp=bf16 train_batches=54 val_batches=57
2026-07-16 07:26:57,346 [INFO] trainer: epoch 1 step 50/54 loss=11.1572 lr=1.85e-05
2026-07-16 07:26:59,448 [INFO] trainer: epoch 1 done train_loss=11.1222 dt=26.2s
2026-07-16 07:27:19,427 [INFO] trainer: epoch 2 step 50/54 loss=10.1194 lr=3.85e-05
2026-07-16 07:27:20,893 [INFO] trainer: epoch 2 done train_loss=10.0829 dt=21.4s
2026-07-16 07:27:40,808 [INFO] trainer: epoch 3 step 50/54 loss=9.0859 lr=5.85e-05
2026-07-16 07:27:42,942 [INFO] trainer: epoch 3 done train_loss=9.0560 dt=22.0s
2026-07-16 07:28:03,927 [INFO] trainer: epoch 4 step 50/54 loss=8.3949 lr=7.85e-05
2026-07-16 07:28:05,430 [INFO] trainer: epoch 4 done train_loss=8.3636 dt=22.5s
2026-07-16 07:28:24,868 [INFO] trainer: epoch 5 step 50/54 loss=7.8125 lr=9.85e-05
2026-07-16 07:28:26,984 [INFO] trainer: epoch 5 done train_loss=7.7958 dt=21.6s
2026-07-16 07:28:49,215 [INFO] trainer: epoch 6 step 50/54 loss=7.3362 lr=1.19e-04
2026-07-16 07:28:50,683 [INFO] trainer: epoch 6 done train_loss=7.3155 dt=23.7s
2026-07-16 07:29:10,963 [INFO] trainer: epoch 7 step 50/54 loss=6.8946 lr=1.39e-04
2026-07-16 07:29:12,427 [INFO] trainer: epoch 7 done train_loss=6.8712 dt=21.7s
2026-07-16 07:29:33,164 [INFO] trainer: epoch 8 step 50/54 loss=6.4702 lr=1.59e-04
2026-07-16 07:29:34,639 [INFO] trainer: epoch 8 done train_loss=6.4678 dt=22.2s
2026-07-16 07:29:56,369 [INFO] trainer: epoch 9 step 50/54 loss=6.0865 lr=1.79e-04
2026-07-16 07:29:57,834 [INFO] trainer: epoch 9 done train_loss=6.0706 dt=23.2s
2026-07-16 07:30:18,086 [INFO] trainer: epoch 10 step 50/54 loss=5.6672 lr=1.99e-04
2026-07-16 07:30:19,551 [INFO] trainer: epoch 10 done train_loss=5.6673 dt=21.7s
2026-07-16 07:30:39,797 [INFO] trainer: epoch 11 step 50/54 loss=5.3375 lr=2.00e-04
2026-07-16 07:30:41,270 [INFO] trainer: epoch 11 done train_loss=5.3265 dt=21.3s
2026-07-16 07:31:03,140 [INFO] trainer: epoch 12 step 50/54 loss=4.9806 lr=2.00e-04
2026-07-16 07:31:04,614 [INFO] trainer: epoch 12 done train_loss=4.9662 dt=23.3s
2026-07-16 07:31:25,466 [INFO] trainer: epoch 13 step 50/54 loss=4.6563 lr=2.00e-04
2026-07-16 07:31:26,931 [INFO] trainer: epoch 13 done train_loss=4.6466 dt=22.3s
2026-07-16 07:31:47,036 [INFO] trainer: epoch 14 step 50/54 loss=4.4218 lr=2.00e-04
2026-07-16 07:31:48,501 [INFO] trainer: epoch 14 done train_loss=4.4062 dt=21.6s
2026-07-16 07:32:08,487 [INFO] trainer: epoch 15 step 50/54 loss=4.1759 lr=2.00e-04
2026-07-16 07:32:09,953 [INFO] trainer: epoch 15 done train_loss=4.1676 dt=21.5s
2026-07-16 07:32:30,034 [INFO] trainer: epoch 16 step 50/54 loss=3.9470 lr=2.00e-04
2026-07-16 07:32:31,500 [INFO] trainer: epoch 16 done train_loss=3.9346 dt=21.5s
2026-07-16 07:32:52,089 [INFO] trainer: epoch 17 step 50/54 loss=3.8016 lr=2.00e-04
2026-07-16 07:32:53,557 [INFO] trainer: epoch 17 done train_loss=3.7880 dt=22.1s
2026-07-16 07:33:13,786 [INFO] trainer: epoch 18 step 50/54 loss=3.6388 lr=2.00e-04
2026-07-16 07:33:15,255 [INFO] trainer: epoch 18 done train_loss=3.6355 dt=21.7s
2026-07-16 07:33:35,527 [INFO] trainer: epoch 19 step 50/54 loss=3.4702 lr=2.00e-04
2026-07-16 07:33:37,005 [INFO] trainer: epoch 19 done train_loss=3.4675 dt=21.7s
2026-07-16 07:33:56,410 [INFO] trainer: epoch 20 step 50/54 loss=3.3644 lr=2.00e-04
2026-07-16 07:33:58,587 [INFO] trainer: epoch 20 done train_loss=3.3610 dt=21.6s
2026-07-16 07:34:19,620 [INFO] trainer: epoch 21 step 50/54 loss=3.2237 lr=2.00e-04
2026-07-16 07:34:21,083 [INFO] trainer: epoch 21 done train_loss=3.2231 dt=21.8s
2026-07-16 07:34:40,235 [INFO] trainer: epoch 22 step 50/54 loss=3.1559 lr=2.00e-04
2026-07-16 07:34:41,704 [INFO] trainer: epoch 22 done train_loss=3.1607 dt=20.6s
2026-07-16 07:35:00,775 [INFO] trainer: epoch 23 step 50/54 loss=3.0397 lr=2.00e-04
2026-07-16 07:35:02,242 [INFO] trainer: epoch 23 done train_loss=3.0368 dt=20.5s
2026-07-16 07:35:22,370 [INFO] trainer: epoch 24 step 50/54 loss=2.9753 lr=2.00e-04
2026-07-16 07:35:23,840 [INFO] trainer: epoch 24 done train_loss=2.9785 dt=21.6s
2026-07-16 07:35:43,833 [INFO] trainer: epoch 25 step 50/54 loss=2.9212 lr=2.00e-04
2026-07-16 07:35:45,303 [INFO] trainer: epoch 25 done train_loss=2.9121 dt=21.5s
2026-07-16 07:37:13,761 [INFO] trainer: epoch 25 val_mean_dice=0.0386
2026-07-16 07:37:35,230 [INFO] trainer: epoch 26 step 50/54 loss=2.8143 lr=1.99e-04
2026-07-16 07:37:36,695 [INFO] trainer: epoch 26 done train_loss=2.8130 dt=22.5s
2026-07-16 07:37:57,259 [INFO] trainer: epoch 27 step 50/54 loss=2.7377 lr=1.99e-04
2026-07-16 07:37:58,731 [INFO] trainer: epoch 27 done train_loss=2.7291 dt=22.0s
2026-07-16 07:38:18,451 [INFO] trainer: epoch 28 step 50/54 loss=2.6954 lr=1.99e-04
2026-07-16 07:38:19,915 [INFO] trainer: epoch 28 done train_loss=2.6908 dt=21.2s
2026-07-16 07:38:40,378 [INFO] trainer: epoch 29 step 50/54 loss=2.6350 lr=1.99e-04
2026-07-16 07:38:41,846 [INFO] trainer: epoch 29 done train_loss=2.6256 dt=21.9s
2026-07-16 07:39:01,839 [INFO] trainer: epoch 30 step 50/54 loss=2.5821 lr=1.99e-04
2026-07-16 07:39:03,303 [INFO] trainer: epoch 30 done train_loss=2.5846 dt=21.5s
2026-07-16 07:39:24,489 [INFO] trainer: epoch 31 step 50/54 loss=2.5406 lr=1.99e-04
2026-07-16 07:39:26,157 [INFO] trainer: epoch 31 done train_loss=2.5374 dt=22.4s
2026-07-16 07:39:46,321 [INFO] trainer: epoch 32 step 50/54 loss=2.5064 lr=1.99e-04
2026-07-16 07:39:47,784 [INFO] trainer: epoch 32 done train_loss=2.5020 dt=21.6s
2026-07-16 07:40:08,264 [INFO] trainer: epoch 33 step 50/54 loss=2.4443 lr=1.99e-04
2026-07-16 07:40:09,729 [INFO] trainer: epoch 33 done train_loss=2.4491 dt=21.9s
2026-07-16 07:40:30,015 [INFO] trainer: epoch 34 step 50/54 loss=2.4137 lr=1.99e-04
2026-07-16 07:40:31,523 [INFO] trainer: epoch 34 done train_loss=2.4069 dt=21.8s
2026-07-16 07:40:52,719 [INFO] trainer: epoch 35 step 50/54 loss=2.3730 lr=1.99e-04
2026-07-16 07:40:54,200 [INFO] trainer: epoch 35 done train_loss=2.3837 dt=22.7s
2026-07-16 07:41:15,409 [INFO] trainer: epoch 36 step 50/54 loss=2.3611 lr=1.99e-04
2026-07-16 07:41:16,873 [INFO] trainer: epoch 36 done train_loss=2.3633 dt=22.7s
2026-07-16 07:41:37,400 [INFO] trainer: epoch 37 step 50/54 loss=2.2950 lr=1.99e-04
2026-07-16 07:41:38,879 [INFO] trainer: epoch 37 done train_loss=2.2887 dt=22.0s
2026-07-16 07:41:58,755 [INFO] trainer: epoch 38 step 50/54 loss=2.2753 lr=1.98e-04
2026-07-16 07:42:00,219 [INFO] trainer: epoch 38 done train_loss=2.2653 dt=21.3s
2026-07-16 07:42:20,032 [INFO] trainer: epoch 39 step 50/54 loss=2.2206 lr=1.98e-04
2026-07-16 07:42:21,537 [INFO] trainer: epoch 39 done train_loss=2.2175 dt=21.3s
2026-07-16 07:42:45,900 [INFO] trainer: epoch 40 step 50/54 loss=2.1681 lr=1.98e-04
2026-07-16 07:42:47,516 [INFO] trainer: epoch 40 done train_loss=2.1686 dt=26.0s
2026-07-16 07:43:09,183 [INFO] trainer: epoch 41 step 50/54 loss=2.1781 lr=1.98e-04
2026-07-16 07:43:10,649 [INFO] trainer: epoch 41 done train_loss=2.1815 dt=22.8s
2026-07-16 07:43:32,396 [INFO] trainer: epoch 42 step 50/54 loss=2.1649 lr=1.98e-04
2026-07-16 07:43:34,237 [INFO] trainer: epoch 42 done train_loss=2.1595 dt=23.6s
2026-07-16 07:43:54,337 [INFO] trainer: epoch 43 step 50/54 loss=2.1178 lr=1.98e-04
2026-07-16 07:43:55,799 [INFO] trainer: epoch 43 done train_loss=2.1196 dt=21.6s
2026-07-16 07:44:17,158 [INFO] trainer: epoch 44 step 50/54 loss=2.0856 lr=1.98e-04
2026-07-16 07:44:18,657 [INFO] trainer: epoch 44 done train_loss=2.0981 dt=22.9s
2026-07-16 07:44:39,397 [INFO] trainer: epoch 45 step 50/54 loss=2.0688 lr=1.98e-04
2026-07-16 07:44:40,860 [INFO] trainer: epoch 45 done train_loss=2.0726 dt=22.2s
2026-07-16 07:45:03,206 [INFO] trainer: epoch 46 step 50/54 loss=2.0552 lr=1.97e-04
2026-07-16 07:45:04,896 [INFO] trainer: epoch 46 done train_loss=2.0537 dt=24.0s
2026-07-16 07:45:25,256 [INFO] trainer: epoch 47 step 50/54 loss=2.0405 lr=1.97e-04
2026-07-16 07:45:26,735 [INFO] trainer: epoch 47 done train_loss=2.0352 dt=21.8s
2026-07-16 07:45:47,092 [INFO] trainer: epoch 48 step 50/54 loss=1.9911 lr=1.97e-04
2026-07-16 07:45:48,558 [INFO] trainer: epoch 48 done train_loss=1.9850 dt=21.8s
2026-07-16 07:46:13,065 [INFO] trainer: epoch 49 step 50/54 loss=2.0061 lr=1.97e-04
2026-07-16 07:46:14,647 [INFO] trainer: epoch 49 done train_loss=2.0051 dt=26.1s
2026-07-16 07:46:34,790 [INFO] trainer: epoch 50 step 50/54 loss=1.9618 lr=1.97e-04
2026-07-16 07:46:36,426 [INFO] trainer: epoch 50 done train_loss=1.9610 dt=21.8s
2026-07-16 07:48:22,210 [INFO] trainer: epoch 50 val_mean_dice=0.3739
2026-07-16 07:48:44,097 [INFO] trainer: epoch 51 step 50/54 loss=1.9302 lr=1.97e-04
2026-07-16 07:48:45,997 [INFO] trainer: epoch 51 done train_loss=1.9400 dt=23.0s
2026-07-16 07:49:06,669 [INFO] trainer: epoch 52 step 50/54 loss=1.9245 lr=1.96e-04
2026-07-16 07:49:08,133 [INFO] trainer: epoch 52 done train_loss=1.9177 dt=22.1s
2026-07-16 07:49:29,833 [INFO] trainer: epoch 53 step 50/54 loss=1.8713 lr=1.96e-04
2026-07-16 07:49:31,322 [INFO] trainer: epoch 53 done train_loss=1.8839 dt=23.2s
2026-07-16 07:49:51,911 [INFO] trainer: epoch 54 step 50/54 loss=1.8575 lr=1.96e-04
2026-07-16 07:49:53,609 [INFO] trainer: epoch 54 done train_loss=1.8582 dt=22.3s
2026-07-16 07:50:16,685 [INFO] trainer: epoch 55 step 50/54 loss=1.8772 lr=1.96e-04
2026-07-16 07:50:18,435 [INFO] trainer: epoch 55 done train_loss=1.8765 dt=24.8s
2026-07-16 07:50:39,323 [INFO] trainer: epoch 56 step 50/54 loss=1.8453 lr=1.96e-04
2026-07-16 07:50:41,364 [INFO] trainer: epoch 56 done train_loss=1.8455 dt=22.9s
2026-07-16 07:51:01,430 [INFO] trainer: epoch 57 step 50/54 loss=1.8348 lr=1.96e-04
2026-07-16 07:51:03,515 [INFO] trainer: epoch 57 done train_loss=1.8362 dt=22.2s
2026-07-16 07:51:27,328 [INFO] trainer: epoch 58 step 50/54 loss=1.8134 lr=1.95e-04
2026-07-16 07:51:29,328 [INFO] trainer: epoch 58 done train_loss=1.8190 dt=25.8s
2026-07-16 07:51:54,731 [INFO] trainer: epoch 59 step 50/54 loss=1.7990 lr=1.95e-04
2026-07-16 07:51:56,372 [INFO] trainer: epoch 59 done train_loss=1.7986 dt=27.0s
2026-07-16 07:52:20,922 [INFO] trainer: epoch 60 step 50/54 loss=1.7922 lr=1.95e-04
2026-07-16 07:52:22,801 [INFO] trainer: epoch 60 done train_loss=1.7930 dt=26.4s
2026-07-16 07:52:46,402 [INFO] trainer: epoch 61 step 50/54 loss=1.7793 lr=1.95e-04
2026-07-16 07:52:48,097 [INFO] trainer: epoch 61 done train_loss=1.7819 dt=24.9s
2026-07-16 07:53:09,595 [INFO] trainer: epoch 62 step 50/54 loss=1.7691 lr=1.95e-04
2026-07-16 07:53:11,219 [INFO] trainer: epoch 62 done train_loss=1.7662 dt=23.1s
2026-07-16 07:53:33,842 [INFO] trainer: epoch 63 step 50/54 loss=1.7364 lr=1.94e-04
2026-07-16 07:53:36,565 [INFO] trainer: epoch 63 done train_loss=1.7354 dt=25.3s
2026-07-16 07:54:00,144 [INFO] trainer: epoch 64 step 50/54 loss=1.7060 lr=1.94e-04
2026-07-16 07:54:01,805 [INFO] trainer: epoch 64 done train_loss=1.7132 dt=25.2s
2026-07-16 07:54:23,550 [INFO] trainer: epoch 65 step 50/54 loss=1.7181 lr=1.94e-04
2026-07-16 07:54:25,075 [INFO] trainer: epoch 65 done train_loss=1.7091 dt=23.3s
2026-07-16 07:54:46,821 [INFO] trainer: epoch 66 step 50/54 loss=1.6946 lr=1.94e-04
2026-07-16 07:54:48,397 [INFO] trainer: epoch 66 done train_loss=1.6995 dt=23.3s
2026-07-16 07:55:10,697 [INFO] trainer: epoch 67 step 50/54 loss=1.7129 lr=1.93e-04
2026-07-16 07:55:12,385 [INFO] trainer: epoch 67 done train_loss=1.7056 dt=24.0s
2026-07-16 07:55:36,985 [INFO] trainer: epoch 68 step 50/54 loss=1.6782 lr=1.93e-04
2026-07-16 07:55:38,809 [INFO] trainer: epoch 68 done train_loss=1.6852 dt=26.4s
2026-07-16 07:55:59,835 [INFO] trainer: epoch 69 step 50/54 loss=1.6559 lr=1.93e-04
2026-07-16 07:56:01,442 [INFO] trainer: epoch 69 done train_loss=1.6579 dt=22.6s
2026-07-16 07:56:22,849 [INFO] trainer: epoch 70 step 50/54 loss=1.6459 lr=1.93e-04
2026-07-16 07:56:24,558 [INFO] trainer: epoch 70 done train_loss=1.6454 dt=23.1s
2026-07-16 07:56:47,139 [INFO] trainer: epoch 71 step 50/54 loss=1.6099 lr=1.93e-04
2026-07-16 07:56:48,617 [INFO] trainer: epoch 71 done train_loss=1.6168 dt=23.6s
2026-07-16 07:57:11,393 [INFO] trainer: epoch 72 step 50/54 loss=1.6211 lr=1.92e-04
2026-07-16 07:57:13,127 [INFO] trainer: epoch 72 done train_loss=1.6113 dt=24.5s
2026-07-16 07:57:36,029 [INFO] trainer: epoch 73 step 50/54 loss=1.6390 lr=1.92e-04
2026-07-16 07:57:37,591 [INFO] trainer: epoch 73 done train_loss=1.6403 dt=24.5s
2026-07-16 07:57:59,516 [INFO] trainer: epoch 74 step 50/54 loss=1.6094 lr=1.92e-04
2026-07-16 07:58:01,027 [INFO] trainer: epoch 74 done train_loss=1.6016 dt=23.4s
2026-07-16 07:58:25,110 [INFO] trainer: epoch 75 step 50/54 loss=1.6162 lr=1.92e-04
2026-07-16 07:58:26,910 [INFO] trainer: epoch 75 done train_loss=1.6177 dt=25.9s
2026-07-16 08:00:05,865 [INFO] trainer: epoch 75 val_mean_dice=0.5765
2026-07-16 08:00:32,305 [INFO] trainer: epoch 76 step 50/54 loss=1.5582 lr=1.91e-04
2026-07-16 08:00:34,358 [INFO] trainer: epoch 76 done train_loss=1.5632 dt=28.1s
2026-07-16 08:00:59,740 [INFO] trainer: epoch 77 step 50/54 loss=1.5817 lr=1.91e-04
2026-07-16 08:01:02,496 [INFO] trainer: epoch 77 done train_loss=1.5813 dt=28.1s
2026-07-16 08:01:35,158 [INFO] trainer: epoch 78 step 50/54 loss=1.5985 lr=1.91e-04
2026-07-16 08:01:37,110 [INFO] trainer: epoch 78 done train_loss=1.5977 dt=34.6s
2026-07-16 08:02:01,581 [INFO] trainer: epoch 79 step 50/54 loss=1.5760 lr=1.90e-04
2026-07-16 08:02:03,693 [INFO] trainer: epoch 79 done train_loss=1.5754 dt=26.6s
2026-07-16 08:02:28,610 [INFO] trainer: epoch 80 step 50/54 loss=1.5256 lr=1.90e-04
2026-07-16 08:02:30,291 [INFO] trainer: epoch 80 done train_loss=1.5270 dt=26.6s
2026-07-16 08:03:51,412 [INFO] trainer: epoch 81 step 50/54 loss=1.5310 lr=1.90e-04
2026-07-16 08:03:53,042 [INFO] trainer: epoch 81 done train_loss=1.5277 dt=82.4s
2026-07-16 08:04:14,084 [INFO] trainer: epoch 82 step 50/54 loss=1.5520 lr=1.90e-04
2026-07-16 08:04:16,033 [INFO] trainer: epoch 82 done train_loss=1.5562 dt=23.0s
2026-07-16 08:04:37,637 [INFO] trainer: epoch 83 step 50/54 loss=1.5175 lr=1.89e-04
2026-07-16 08:04:39,261 [INFO] trainer: epoch 83 done train_loss=1.5090 dt=23.2s
2026-07-16 08:05:00,227 [INFO] trainer: epoch 84 step 50/54 loss=1.4859 lr=1.89e-04
2026-07-16 08:05:01,886 [INFO] trainer: epoch 84 done train_loss=1.4929 dt=22.6s
2026-07-16 08:05:24,290 [INFO] trainer: epoch 85 step 50/54 loss=1.4947 lr=1.89e-04
2026-07-16 08:05:25,931 [INFO] trainer: epoch 85 done train_loss=1.4945 dt=24.0s
2026-07-16 08:05:55,587 [INFO] trainer: epoch 86 step 50/54 loss=1.4489 lr=1.88e-04
2026-07-16 08:05:57,386 [INFO] trainer: epoch 86 done train_loss=1.4454 dt=31.5s
2026-07-16 08:06:22,763 [INFO] trainer: epoch 87 step 50/54 loss=1.4877 lr=1.88e-04
2026-07-16 08:06:24,773 [INFO] trainer: epoch 87 done train_loss=1.4884 dt=27.4s
2026-07-16 08:06:49,929 [INFO] trainer: epoch 88 step 50/54 loss=1.4886 lr=1.88e-04
2026-07-16 08:06:51,647 [INFO] trainer: epoch 88 done train_loss=1.4866 dt=26.9s
2026-07-16 08:07:15,663 [INFO] trainer: epoch 89 step 50/54 loss=1.4576 lr=1.88e-04
2026-07-16 08:07:17,260 [INFO] trainer: epoch 89 done train_loss=1.4628 dt=25.6s
2026-07-16 08:07:41,097 [INFO] trainer: epoch 90 step 50/54 loss=1.5102 lr=1.87e-04
2026-07-16 08:07:42,593 [INFO] trainer: epoch 90 done train_loss=1.5070 dt=25.3s
2026-07-16 08:08:04,603 [INFO] trainer: epoch 91 step 50/54 loss=1.4604 lr=1.87e-04
2026-07-16 08:08:06,412 [INFO] trainer: epoch 91 done train_loss=1.4589 dt=23.4s
2026-07-16 08:08:30,573 [INFO] trainer: epoch 92 step 50/54 loss=1.4518 lr=1.87e-04
2026-07-16 08:08:32,581 [INFO] trainer: epoch 92 done train_loss=1.4450 dt=26.2s
2026-07-16 08:08:55,429 [INFO] trainer: epoch 93 step 50/54 loss=1.4106 lr=1.86e-04
2026-07-16 08:08:57,086 [INFO] trainer: epoch 93 done train_loss=1.4191 dt=24.5s
2026-07-16 08:09:21,381 [INFO] trainer: epoch 94 step 50/54 loss=1.4402 lr=1.86e-04
2026-07-16 08:09:22,978 [INFO] trainer: epoch 94 done train_loss=1.4364 dt=25.9s
2026-07-16 08:10:08,370 [INFO] trainer: epoch 95 step 50/54 loss=1.4290 lr=1.86e-04
2026-07-16 08:10:09,849 [INFO] trainer: epoch 95 done train_loss=1.4249 dt=46.9s
2026-07-16 08:10:32,172 [INFO] trainer: epoch 96 step 50/54 loss=1.4689 lr=1.85e-04
2026-07-16 08:10:33,828 [INFO] trainer: epoch 96 done train_loss=1.4762 dt=24.0s
2026-07-16 08:10:57,218 [INFO] trainer: epoch 97 step 50/54 loss=1.4762 lr=1.85e-04
2026-07-16 08:10:58,956 [INFO] trainer: epoch 97 done train_loss=1.4721 dt=25.1s
2026-07-16 08:11:20,318 [INFO] trainer: epoch 98 step 50/54 loss=1.4102 lr=1.85e-04
2026-07-16 08:11:22,286 [INFO] trainer: epoch 98 done train_loss=1.4258 dt=23.3s
2026-07-16 08:11:44,756 [INFO] trainer: epoch 99 step 50/54 loss=1.4058 lr=1.84e-04
2026-07-16 08:11:46,345 [INFO] trainer: epoch 99 done train_loss=1.4055 dt=24.1s
2026-07-16 08:12:08,379 [INFO] trainer: epoch 100 step 50/54 loss=1.4048 lr=1.84e-04
2026-07-16 08:12:10,040 [INFO] trainer: epoch 100 done train_loss=1.4129 dt=23.7s
2026-07-16 08:13:52,096 [INFO] trainer: epoch 100 val_mean_dice=0.7060
2026-07-16 08:14:21,333 [INFO] trainer: epoch 101 step 50/54 loss=1.4323 lr=1.84e-04
2026-07-16 08:14:22,849 [INFO] trainer: epoch 101 done train_loss=1.4363 dt=29.8s
2026-07-16 08:14:46,800 [INFO] trainer: epoch 102 step 50/54 loss=1.3614 lr=1.83e-04
2026-07-16 08:14:48,490 [INFO] trainer: epoch 102 done train_loss=1.3694 dt=25.6s
2026-07-16 08:15:10,620 [INFO] trainer: epoch 103 step 50/54 loss=1.3729 lr=1.83e-04
2026-07-16 08:15:12,266 [INFO] trainer: epoch 103 done train_loss=1.3783 dt=23.8s
2026-07-16 08:15:34,254 [INFO] trainer: epoch 104 step 50/54 loss=1.3928 lr=1.82e-04
2026-07-16 08:15:36,221 [INFO] trainer: epoch 104 done train_loss=1.3981 dt=24.0s
2026-07-16 08:15:59,887 [INFO] trainer: epoch 105 step 50/54 loss=1.4204 lr=1.82e-04
2026-07-16 08:16:02,343 [INFO] trainer: epoch 105 done train_loss=1.4175 dt=26.1s
2026-07-16 08:16:24,667 [INFO] trainer: epoch 106 step 50/54 loss=1.3806 lr=1.82e-04
2026-07-16 08:16:26,520 [INFO] trainer: epoch 106 done train_loss=1.3759 dt=24.2s
2026-07-16 08:16:48,771 [INFO] trainer: epoch 107 step 50/54 loss=1.3894 lr=1.81e-04
2026-07-16 08:16:50,629 [INFO] trainer: epoch 107 done train_loss=1.3782 dt=24.1s
2026-07-16 08:17:13,232 [INFO] trainer: epoch 108 step 50/54 loss=1.3956 lr=1.81e-04
2026-07-16 08:17:14,850 [INFO] trainer: epoch 108 done train_loss=1.3945 dt=24.2s
2026-07-16 08:17:36,397 [INFO] trainer: epoch 109 step 50/54 loss=1.3848 lr=1.81e-04
2026-07-16 08:17:37,904 [INFO] trainer: epoch 109 done train_loss=1.3906 dt=23.1s
2026-07-16 08:18:01,733 [INFO] trainer: epoch 110 step 50/54 loss=1.4127 lr=1.80e-04
2026-07-16 08:18:03,325 [INFO] trainer: epoch 110 done train_loss=1.4077 dt=25.4s
2026-07-16 08:18:27,460 [INFO] trainer: epoch 111 step 50/54 loss=1.3537 lr=1.80e-04
2026-07-16 08:18:29,232 [INFO] trainer: epoch 111 done train_loss=1.3519 dt=25.6s
2026-07-16 08:18:52,253 [INFO] trainer: epoch 112 step 50/54 loss=1.4024 lr=1.79e-04
2026-07-16 08:18:53,946 [INFO] trainer: epoch 112 done train_loss=1.4045 dt=24.7s
2026-07-16 08:19:15,889 [INFO] trainer: epoch 113 step 50/54 loss=1.4111 lr=1.79e-04
2026-07-16 08:19:17,373 [INFO] trainer: epoch 113 done train_loss=1.4039 dt=23.4s
2026-07-16 08:19:37,798 [INFO] trainer: epoch 114 step 50/54 loss=1.3628 lr=1.79e-04
2026-07-16 08:19:39,396 [INFO] trainer: epoch 114 done train_loss=1.3614 dt=22.0s
2026-07-16 08:20:00,969 [INFO] trainer: epoch 115 step 50/54 loss=1.3316 lr=1.78e-04
2026-07-16 08:20:03,078 [INFO] trainer: epoch 115 done train_loss=1.3403 dt=23.7s
2026-07-16 08:20:25,053 [INFO] trainer: epoch 116 step 50/54 loss=1.3470 lr=1.78e-04
2026-07-16 08:20:26,687 [INFO] trainer: epoch 116 done train_loss=1.3448 dt=23.6s
2026-07-16 08:20:49,130 [INFO] trainer: epoch 117 step 50/54 loss=1.3264 lr=1.78e-04
2026-07-16 08:20:50,857 [INFO] trainer: epoch 117 done train_loss=1.3506 dt=24.2s
2026-07-16 08:21:15,615 [INFO] trainer: epoch 118 step 50/54 loss=1.3249 lr=1.77e-04
2026-07-16 08:21:17,664 [INFO] trainer: epoch 118 done train_loss=1.3263 dt=26.8s
2026-07-16 08:21:41,755 [INFO] trainer: epoch 119 step 50/54 loss=1.3470 lr=1.77e-04
2026-07-16 08:21:43,923 [INFO] trainer: epoch 119 done train_loss=1.3535 dt=26.3s
2026-07-16 08:22:08,192 [INFO] trainer: epoch 120 step 50/54 loss=1.3383 lr=1.76e-04
2026-07-16 08:22:10,092 [INFO] trainer: epoch 120 done train_loss=1.3429 dt=26.2s
2026-07-16 08:22:34,048 [INFO] trainer: epoch 121 step 50/54 loss=1.3515 lr=1.76e-04
2026-07-16 08:22:36,482 [INFO] trainer: epoch 121 done train_loss=1.3438 dt=26.0s
2026-07-16 08:23:00,861 [INFO] trainer: epoch 122 step 50/54 loss=1.3413 lr=1.75e-04
2026-07-16 08:23:02,390 [INFO] trainer: epoch 122 done train_loss=1.3477 dt=25.9s
2026-07-16 08:23:25,530 [INFO] trainer: epoch 123 step 50/54 loss=1.3264 lr=1.75e-04
2026-07-16 08:23:27,336 [INFO] trainer: epoch 123 done train_loss=1.3256 dt=24.9s
2026-07-16 08:23:50,155 [INFO] trainer: epoch 124 step 50/54 loss=1.3988 lr=1.75e-04
2026-07-16 08:23:52,592 [INFO] trainer: epoch 124 done train_loss=1.3984 dt=25.3s
2026-07-16 08:24:14,592 [INFO] trainer: epoch 125 step 50/54 loss=1.3042 lr=1.74e-04
2026-07-16 08:24:16,060 [INFO] trainer: epoch 125 done train_loss=1.3057 dt=23.5s
2026-07-16 08:25:58,038 [INFO] trainer: epoch 125 val_mean_dice=0.7329
2026-07-16 08:26:24,852 [INFO] trainer: epoch 126 step 50/54 loss=1.3237 lr=1.74e-04
2026-07-16 08:26:26,504 [INFO] trainer: epoch 126 done train_loss=1.3297 dt=28.1s
2026-07-16 08:26:51,405 [INFO] trainer: epoch 127 step 50/54 loss=1.2904 lr=1.73e-04
2026-07-16 08:26:53,173 [INFO] trainer: epoch 127 done train_loss=1.2836 dt=26.7s
2026-07-16 08:27:17,206 [INFO] trainer: epoch 128 step 50/54 loss=1.3019 lr=1.73e-04
2026-07-16 08:27:18,931 [INFO] trainer: epoch 128 done train_loss=1.2945 dt=25.8s
2026-07-16 08:27:48,053 [INFO] trainer: epoch 129 step 50/54 loss=1.2907 lr=1.72e-04
2026-07-16 08:27:50,018 [INFO] trainer: epoch 129 done train_loss=1.2946 dt=31.1s
2026-07-16 08:28:14,025 [INFO] trainer: epoch 130 step 50/54 loss=1.3398 lr=1.72e-04
2026-07-16 08:28:15,586 [INFO] trainer: epoch 130 done train_loss=1.3469 dt=25.6s
2026-07-16 08:28:38,471 [INFO] trainer: epoch 131 step 50/54 loss=1.3441 lr=1.72e-04
2026-07-16 08:28:40,020 [INFO] trainer: epoch 131 done train_loss=1.3366 dt=24.1s
2026-07-16 08:29:02,181 [INFO] trainer: epoch 132 step 50/54 loss=1.2864 lr=1.71e-04
2026-07-16 08:29:03,764 [INFO] trainer: epoch 132 done train_loss=1.2966 dt=23.7s
2026-07-16 08:29:26,963 [INFO] trainer: epoch 133 step 50/54 loss=1.3278 lr=1.71e-04
2026-07-16 08:29:28,652 [INFO] trainer: epoch 133 done train_loss=1.3289 dt=24.9s
2026-07-16 08:29:55,018 [INFO] trainer: epoch 134 step 50/54 loss=1.2655 lr=1.70e-04
2026-07-16 08:29:56,733 [INFO] trainer: epoch 134 done train_loss=1.2639 dt=28.1s
2026-07-16 08:30:19,170 [INFO] trainer: epoch 135 step 50/54 loss=1.3156 lr=1.70e-04
2026-07-16 08:30:20,841 [INFO] trainer: epoch 135 done train_loss=1.3250 dt=24.1s
2026-07-16 08:30:44,732 [INFO] trainer: epoch 136 step 50/54 loss=1.2774 lr=1.69e-04
2026-07-16 08:30:46,696 [INFO] trainer: epoch 136 done train_loss=1.2763 dt=25.9s
2026-07-16 08:31:10,564 [INFO] trainer: epoch 137 step 50/54 loss=1.3215 lr=1.69e-04
2026-07-16 08:31:12,842 [INFO] trainer: epoch 137 done train_loss=1.3301 dt=26.1s
2026-07-16 08:31:37,975 [INFO] trainer: epoch 138 step 50/54 loss=1.2981 lr=1.68e-04
2026-07-16 08:31:39,585 [INFO] trainer: epoch 138 done train_loss=1.2918 dt=26.7s
2026-07-16 08:32:03,312 [INFO] trainer: epoch 139 step 50/54 loss=1.3222 lr=1.68e-04
2026-07-16 08:32:05,617 [INFO] trainer: epoch 139 done train_loss=1.3262 dt=26.0s
2026-07-16 08:32:31,917 [INFO] trainer: epoch 140 step 50/54 loss=1.2172 lr=1.67e-04
2026-07-16 08:32:33,460 [INFO] trainer: epoch 140 done train_loss=1.2209 dt=27.8s
2026-07-16 08:33:11,799 [INFO] trainer: epoch 141 step 50/54 loss=1.2830 lr=1.67e-04
2026-07-16 08:33:13,439 [INFO] trainer: epoch 141 done train_loss=1.2769 dt=39.6s
2026-07-16 08:33:51,907 [INFO] trainer: epoch 142 step 50/54 loss=1.2645 lr=1.66e-04
2026-07-16 08:33:54,074 [INFO] trainer: epoch 142 done train_loss=1.2589 dt=40.6s
2026-07-16 08:34:18,289 [INFO] trainer: epoch 143 step 50/54 loss=1.2624 lr=1.66e-04
2026-07-16 08:34:20,029 [INFO] trainer: epoch 143 done train_loss=1.2669 dt=26.0s
2026-07-16 08:34:44,887 [INFO] trainer: epoch 144 step 50/54 loss=1.3051 lr=1.66e-04
2026-07-16 08:34:46,710 [INFO] trainer: epoch 144 done train_loss=1.3003 dt=26.7s
2026-07-16 08:35:10,113 [INFO] trainer: epoch 145 step 50/54 loss=1.3098 lr=1.65e-04
2026-07-16 08:35:11,626 [INFO] trainer: epoch 145 done train_loss=1.2979 dt=24.9s
2026-07-16 08:35:35,022 [INFO] trainer: epoch 146 step 50/54 loss=1.2615 lr=1.65e-04
2026-07-16 08:35:36,625 [INFO] trainer: epoch 146 done train_loss=1.2644 dt=25.0s
2026-07-16 08:35:58,398 [INFO] trainer: epoch 147 step 50/54 loss=1.2645 lr=1.64e-04
2026-07-16 08:36:00,106 [INFO] trainer: epoch 147 done train_loss=1.2748 dt=23.5s
2026-07-16 08:37:07,181 [INFO] trainer: epoch 148 step 50/54 loss=1.2982 lr=1.64e-04
2026-07-16 08:37:09,702 [INFO] trainer: epoch 148 done train_loss=1.3007 dt=69.6s
2026-07-16 08:37:34,876 [INFO] trainer: epoch 149 step 50/54 loss=1.2419 lr=1.63e-04
2026-07-16 08:37:36,469 [INFO] trainer: epoch 149 done train_loss=1.2658 dt=26.8s
2026-07-16 08:37:59,254 [INFO] trainer: epoch 150 step 50/54 loss=1.2943 lr=1.63e-04
2026-07-16 08:38:00,751 [INFO] trainer: epoch 150 done train_loss=1.3005 dt=24.3s
2026-07-16 08:39:44,867 [INFO] trainer: epoch 150 val_mean_dice=0.7420
2026-07-16 08:40:12,565 [INFO] trainer: epoch 151 step 50/54 loss=1.2802 lr=1.62e-04
2026-07-16 08:40:14,810 [INFO] trainer: epoch 151 done train_loss=1.2775 dt=29.3s
2026-07-16 08:40:38,219 [INFO] trainer: epoch 152 step 50/54 loss=1.2810 lr=1.62e-04
2026-07-16 08:40:40,943 [INFO] trainer: epoch 152 done train_loss=1.2760 dt=26.1s
2026-07-16 08:41:04,930 [INFO] trainer: epoch 153 step 50/54 loss=1.2523 lr=1.61e-04
2026-07-16 08:41:06,622 [INFO] trainer: epoch 153 done train_loss=1.2451 dt=25.7s
2026-07-16 08:41:28,606 [INFO] trainer: epoch 154 step 50/54 loss=1.2704 lr=1.61e-04
2026-07-16 08:41:30,395 [INFO] trainer: epoch 154 done train_loss=1.2597 dt=23.8s
2026-07-16 08:41:53,314 [INFO] trainer: epoch 155 step 50/54 loss=1.2698 lr=1.60e-04
2026-07-16 08:41:55,239 [INFO] trainer: epoch 155 done train_loss=1.2737 dt=24.8s
2026-07-16 08:42:18,164 [INFO] trainer: epoch 156 step 50/54 loss=1.2413 lr=1.60e-04
2026-07-16 08:42:19,983 [INFO] trainer: epoch 156 done train_loss=1.2487 dt=24.7s
2026-07-16 08:42:44,108 [INFO] trainer: epoch 157 step 50/54 loss=1.2655 lr=1.59e-04
2026-07-16 08:42:45,670 [INFO] trainer: epoch 157 done train_loss=1.2631 dt=25.7s
2026-07-16 08:43:09,828 [INFO] trainer: epoch 158 step 50/54 loss=1.2809 lr=1.59e-04
2026-07-16 08:43:11,536 [INFO] trainer: epoch 158 done train_loss=1.2763 dt=25.9s
2026-07-16 08:43:36,256 [INFO] trainer: epoch 159 step 50/54 loss=1.2913 lr=1.58e-04
2026-07-16 08:43:38,275 [INFO] trainer: epoch 159 done train_loss=1.2934 dt=26.7s
2026-07-16 08:44:01,610 [INFO] trainer: epoch 160 step 50/54 loss=1.2918 lr=1.57e-04
2026-07-16 08:44:03,726 [INFO] trainer: epoch 160 done train_loss=1.2909 dt=25.5s
2026-07-16 08:44:28,315 [INFO] trainer: epoch 161 step 50/54 loss=1.2534 lr=1.57e-04
2026-07-16 08:44:29,846 [INFO] trainer: epoch 161 done train_loss=1.2573 dt=25.7s
2026-07-16 08:44:53,773 [INFO] trainer: epoch 162 step 50/54 loss=1.2416 lr=1.56e-04
2026-07-16 08:44:55,245 [INFO] trainer: epoch 162 done train_loss=1.2360 dt=25.4s
2026-07-16 08:45:20,461 [INFO] trainer: epoch 163 step 50/54 loss=1.3078 lr=1.56e-04
2026-07-16 08:45:23,435 [INFO] trainer: epoch 163 done train_loss=1.2937 dt=28.2s
2026-07-16 08:45:48,884 [INFO] trainer: epoch 164 step 50/54 loss=1.2364 lr=1.55e-04
2026-07-16 08:45:50,953 [INFO] trainer: epoch 164 done train_loss=1.2393 dt=27.5s
2026-07-16 08:46:22,530 [INFO] trainer: epoch 165 step 50/54 loss=1.2273 lr=1.55e-04
2026-07-16 08:46:24,379 [INFO] trainer: epoch 165 done train_loss=1.2311 dt=33.4s
2026-07-16 08:46:49,419 [INFO] trainer: epoch 166 step 50/54 loss=1.2439 lr=1.54e-04
2026-07-16 08:46:51,219 [INFO] trainer: epoch 166 done train_loss=1.2418 dt=26.8s
2026-07-16 08:47:13,760 [INFO] trainer: epoch 167 step 50/54 loss=1.2481 lr=1.54e-04
2026-07-16 08:47:15,408 [INFO] trainer: epoch 167 done train_loss=1.2524 dt=24.2s
2026-07-16 08:47:37,381 [INFO] trainer: epoch 168 step 50/54 loss=1.2417 lr=1.53e-04
2026-07-16 08:47:38,959 [INFO] trainer: epoch 168 done train_loss=1.2367 dt=23.6s
2026-07-16 08:48:00,935 [INFO] trainer: epoch 169 step 50/54 loss=1.2558 lr=1.53e-04
2026-07-16 08:48:03,174 [INFO] trainer: epoch 169 done train_loss=1.2648 dt=24.2s
2026-07-16 08:48:25,044 [INFO] trainer: epoch 170 step 50/54 loss=1.2585 lr=1.52e-04
2026-07-16 08:48:26,665 [INFO] trainer: epoch 170 done train_loss=1.2465 dt=23.5s
2026-07-16 08:48:49,721 [INFO] trainer: epoch 171 step 50/54 loss=1.2475 lr=1.52e-04
2026-07-16 08:48:51,286 [INFO] trainer: epoch 171 done train_loss=1.2440 dt=24.3s
2026-07-16 08:49:14,475 [INFO] trainer: epoch 172 step 50/54 loss=1.2279 lr=1.51e-04
2026-07-16 08:49:16,455 [INFO] trainer: epoch 172 done train_loss=1.2265 dt=25.2s
2026-07-16 08:49:39,631 [INFO] trainer: epoch 173 step 50/54 loss=1.2687 lr=1.50e-04
2026-07-16 08:49:41,294 [INFO] trainer: epoch 173 done train_loss=1.2639 dt=24.8s
2026-07-16 08:50:03,525 [INFO] trainer: epoch 174 step 50/54 loss=1.2704 lr=1.50e-04
2026-07-16 08:50:05,901 [INFO] trainer: epoch 174 done train_loss=1.2684 dt=24.6s
2026-07-16 08:50:29,514 [INFO] trainer: epoch 175 step 50/54 loss=1.1872 lr=1.49e-04
2026-07-16 08:50:31,299 [INFO] trainer: epoch 175 done train_loss=1.1948 dt=25.4s
2026-07-16 08:52:13,398 [INFO] trainer: epoch 175 val_mean_dice=0.7464
2026-07-16 08:52:39,117 [INFO] trainer: epoch 176 step 50/54 loss=1.2772 lr=1.49e-04
2026-07-16 08:52:40,827 [INFO] trainer: epoch 176 done train_loss=1.2705 dt=27.0s
2026-07-16 08:53:07,170 [INFO] trainer: epoch 177 step 50/54 loss=1.2072 lr=1.48e-04
2026-07-16 08:53:09,110 [INFO] trainer: epoch 177 done train_loss=1.2074 dt=28.3s
2026-07-16 08:53:33,966 [INFO] trainer: epoch 178 step 50/54 loss=1.2561 lr=1.48e-04
2026-07-16 08:53:36,195 [INFO] trainer: epoch 178 done train_loss=1.2418 dt=27.1s
2026-07-16 08:53:59,012 [INFO] trainer: epoch 179 step 50/54 loss=1.2098 lr=1.47e-04
2026-07-16 08:54:00,510 [INFO] trainer: epoch 179 done train_loss=1.2139 dt=24.3s
2026-07-16 08:54:22,873 [INFO] trainer: epoch 180 step 50/54 loss=1.2971 lr=1.47e-04
2026-07-16 08:54:24,724 [INFO] trainer: epoch 180 done train_loss=1.2877 dt=24.2s
2026-07-16 08:54:46,902 [INFO] trainer: epoch 181 step 50/54 loss=1.2142 lr=1.46e-04
2026-07-16 08:54:48,452 [INFO] trainer: epoch 181 done train_loss=1.2201 dt=23.3s
2026-07-16 08:55:09,334 [INFO] trainer: epoch 182 step 50/54 loss=1.2039 lr=1.45e-04
2026-07-16 08:55:11,038 [INFO] trainer: epoch 182 done train_loss=1.1976 dt=22.6s
2026-07-16 08:55:33,958 [INFO] trainer: epoch 183 step 50/54 loss=1.2330 lr=1.45e-04
2026-07-16 08:55:35,555 [INFO] trainer: epoch 183 done train_loss=1.2348 dt=24.5s
2026-07-16 08:55:56,219 [INFO] trainer: epoch 184 step 50/54 loss=1.1966 lr=1.44e-04
2026-07-16 08:55:58,976 [INFO] trainer: epoch 184 done train_loss=1.1958 dt=23.4s
2026-07-16 08:56:21,429 [INFO] trainer: epoch 185 step 50/54 loss=1.2531 lr=1.44e-04
2026-07-16 08:56:22,909 [INFO] trainer: epoch 185 done train_loss=1.2541 dt=23.9s
2026-07-16 08:56:45,521 [INFO] trainer: epoch 186 step 50/54 loss=1.2126 lr=1.43e-04
2026-07-16 08:56:47,394 [INFO] trainer: epoch 186 done train_loss=1.2175 dt=24.5s
2026-07-16 08:57:09,455 [INFO] trainer: epoch 187 step 50/54 loss=1.2509 lr=1.43e-04
2026-07-16 08:57:11,136 [INFO] trainer: epoch 187 done train_loss=1.2597 dt=23.7s
2026-07-16 08:57:33,281 [INFO] trainer: epoch 188 step 50/54 loss=1.2431 lr=1.42e-04
2026-07-16 08:57:34,779 [INFO] trainer: epoch 188 done train_loss=1.2409 dt=23.6s
2026-07-16 08:57:55,849 [INFO] trainer: epoch 189 step 50/54 loss=1.2333 lr=1.41e-04
2026-07-16 08:57:57,785 [INFO] trainer: epoch 189 done train_loss=1.2355 dt=23.0s
2026-07-16 08:58:18,104 [INFO] trainer: epoch 190 step 50/54 loss=1.2049 lr=1.41e-04
2026-07-16 08:58:19,780 [INFO] trainer: epoch 190 done train_loss=1.2038 dt=22.0s
2026-07-16 08:58:43,612 [INFO] trainer: epoch 191 step 50/54 loss=1.2444 lr=1.40e-04
2026-07-16 08:58:45,086 [INFO] trainer: epoch 191 done train_loss=1.2519 dt=24.9s
2026-07-16 08:59:08,959 [INFO] trainer: epoch 192 step 50/54 loss=1.2243 lr=1.40e-04
2026-07-16 08:59:11,076 [INFO] trainer: epoch 192 done train_loss=1.2101 dt=26.0s
2026-07-16 08:59:33,097 [INFO] trainer: epoch 193 step 50/54 loss=1.2496 lr=1.39e-04
2026-07-16 08:59:34,871 [INFO] trainer: epoch 193 done train_loss=1.2453 dt=23.8s
2026-07-16 08:59:58,096 [INFO] trainer: epoch 194 step 50/54 loss=1.2206 lr=1.38e-04
2026-07-16 08:59:59,571 [INFO] trainer: epoch 194 done train_loss=1.2137 dt=24.7s
2026-07-16 09:00:22,789 [INFO] trainer: epoch 195 step 50/54 loss=1.2344 lr=1.38e-04
2026-07-16 09:00:24,861 [INFO] trainer: epoch 195 done train_loss=1.2269 dt=25.3s
2026-07-16 09:00:46,385 [INFO] trainer: epoch 196 step 50/54 loss=1.2421 lr=1.37e-04
2026-07-16 09:00:48,282 [INFO] trainer: epoch 196 done train_loss=1.2396 dt=23.4s
2026-07-16 09:01:26,909 [INFO] trainer: epoch 197 step 50/54 loss=1.2337 lr=1.37e-04
2026-07-16 09:01:29,293 [INFO] trainer: epoch 197 done train_loss=1.2346 dt=41.0s
2026-07-16 09:01:52,854 [INFO] trainer: epoch 198 step 50/54 loss=1.1889 lr=1.36e-04
2026-07-16 09:01:55,449 [INFO] trainer: epoch 198 done train_loss=1.1997 dt=26.2s
2026-07-16 09:02:20,733 [INFO] trainer: epoch 199 step 50/54 loss=1.2086 lr=1.36e-04
2026-07-16 09:02:22,584 [INFO] trainer: epoch 199 done train_loss=1.2174 dt=27.1s
2026-07-16 09:02:48,423 [INFO] trainer: epoch 200 step 50/54 loss=1.2284 lr=1.35e-04
2026-07-16 09:02:50,273 [INFO] trainer: epoch 200 done train_loss=1.2252 dt=27.7s
2026-07-16 09:04:28,089 [INFO] trainer: epoch 200 val_mean_dice=0.7559
2026-07-16 09:04:50,911 [INFO] trainer: epoch 201 step 50/54 loss=1.2018 lr=1.34e-04
2026-07-16 09:04:52,483 [INFO] trainer: epoch 201 done train_loss=1.2096 dt=23.6s
2026-07-16 09:05:16,427 [INFO] trainer: epoch 202 step 50/54 loss=1.1707 lr=1.34e-04
2026-07-16 09:05:17,936 [INFO] trainer: epoch 202 done train_loss=1.1906 dt=25.5s
2026-07-16 09:05:38,980 [INFO] trainer: epoch 203 step 50/54 loss=1.1956 lr=1.33e-04
2026-07-16 09:05:40,553 [INFO] trainer: epoch 203 done train_loss=1.1962 dt=22.6s
2026-07-16 09:06:03,268 [INFO] trainer: epoch 204 step 50/54 loss=1.1795 lr=1.33e-04
2026-07-16 09:06:05,177 [INFO] trainer: epoch 204 done train_loss=1.1831 dt=24.6s
2026-07-16 09:06:25,744 [INFO] trainer: epoch 205 step 50/54 loss=1.1841 lr=1.32e-04
2026-07-16 09:06:27,574 [INFO] trainer: epoch 205 done train_loss=1.1718 dt=22.4s
2026-07-16 09:06:48,687 [INFO] trainer: epoch 206 step 50/54 loss=1.2241 lr=1.31e-04
2026-07-16 09:06:50,415 [INFO] trainer: epoch 206 done train_loss=1.2212 dt=22.8s
2026-07-16 09:07:12,980 [INFO] trainer: epoch 207 step 50/54 loss=1.1898 lr=1.31e-04
2026-07-16 09:07:14,533 [INFO] trainer: epoch 207 done train_loss=1.1883 dt=24.1s
2026-07-16 09:07:36,263 [INFO] trainer: epoch 208 step 50/54 loss=1.2328 lr=1.30e-04
2026-07-16 09:07:38,087 [INFO] trainer: epoch 208 done train_loss=1.2195 dt=23.6s
2026-07-16 09:08:01,557 [INFO] trainer: epoch 209 step 50/54 loss=1.2118 lr=1.29e-04
2026-07-16 09:08:03,227 [INFO] trainer: epoch 209 done train_loss=1.2084 dt=25.1s
2026-07-16 09:08:25,293 [INFO] trainer: epoch 210 step 50/54 loss=1.1913 lr=1.29e-04
2026-07-16 09:08:26,763 [INFO] trainer: epoch 210 done train_loss=1.1907 dt=23.5s
2026-07-16 09:08:55,611 [INFO] trainer: epoch 211 step 50/54 loss=1.1668 lr=1.28e-04
2026-07-16 09:08:57,174 [INFO] trainer: epoch 211 done train_loss=1.1712 dt=29.8s
2026-07-16 09:09:20,100 [INFO] trainer: epoch 212 step 50/54 loss=1.1827 lr=1.28e-04
2026-07-16 09:09:22,358 [INFO] trainer: epoch 212 done train_loss=1.1778 dt=25.2s
2026-07-16 09:09:46,304 [INFO] trainer: epoch 213 step 50/54 loss=1.1779 lr=1.27e-04
2026-07-16 09:09:48,746 [INFO] trainer: epoch 213 done train_loss=1.1705 dt=26.4s
2026-07-16 09:10:33,049 [INFO] trainer: epoch 214 step 50/54 loss=1.2102 lr=1.26e-04
2026-07-16 09:10:35,051 [INFO] trainer: epoch 214 done train_loss=1.2037 dt=46.3s
2026-07-16 09:11:06,313 [INFO] trainer: epoch 215 step 50/54 loss=1.1963 lr=1.26e-04
2026-07-16 09:11:08,009 [INFO] trainer: epoch 215 done train_loss=1.1995 dt=33.0s
2026-07-16 09:11:37,795 [INFO] trainer: epoch 216 step 50/54 loss=1.1777 lr=1.25e-04
2026-07-16 09:11:40,586 [INFO] trainer: epoch 216 done train_loss=1.1817 dt=32.6s
2026-07-16 09:12:12,661 [INFO] trainer: epoch 217 step 50/54 loss=1.1999 lr=1.25e-04
2026-07-16 09:12:14,141 [INFO] trainer: epoch 217 done train_loss=1.1921 dt=33.6s
2026-07-16 09:13:12,170 [INFO] trainer: epoch 218 step 50/54 loss=1.1564 lr=1.24e-04
2026-07-16 09:13:14,796 [INFO] trainer: epoch 218 done train_loss=1.1619 dt=60.7s
2026-07-16 09:13:44,818 [INFO] trainer: epoch 219 step 50/54 loss=1.1901 lr=1.23e-04
2026-07-16 09:13:46,493 [INFO] trainer: epoch 219 done train_loss=1.1799 dt=31.7s
2026-07-16 09:14:16,357 [INFO] trainer: epoch 220 step 50/54 loss=1.1507 lr=1.23e-04
2026-07-16 09:14:17,845 [INFO] trainer: epoch 220 done train_loss=1.1501 dt=31.4s
2026-07-16 09:14:54,559 [INFO] trainer: epoch 221 step 50/54 loss=1.1998 lr=1.22e-04
2026-07-16 09:14:56,934 [INFO] trainer: epoch 221 done train_loss=1.1885 dt=38.5s
2026-07-16 09:15:24,104 [INFO] trainer: epoch 222 step 50/54 loss=1.1639 lr=1.21e-04
2026-07-16 09:15:26,498 [INFO] trainer: epoch 222 done train_loss=1.1665 dt=29.6s
2026-07-16 09:16:02,477 [INFO] trainer: epoch 223 step 50/54 loss=1.2066 lr=1.21e-04
2026-07-16 09:16:06,621 [INFO] trainer: epoch 223 done train_loss=1.2204 dt=40.1s
2026-07-16 09:16:50,917 [INFO] trainer: epoch 224 step 50/54 loss=1.1960 lr=1.20e-04
2026-07-16 09:16:54,136 [INFO] trainer: epoch 224 done train_loss=1.1935 dt=47.5s
2026-07-16 09:17:31,977 [INFO] trainer: epoch 225 step 50/54 loss=1.2121 lr=1.20e-04
2026-07-16 09:17:34,436 [INFO] trainer: epoch 225 done train_loss=1.1947 dt=40.3s
2026-07-16 09:20:28,826 [INFO] trainer: epoch 225 val_mean_dice=0.7640
2026-07-16 09:21:19,239 [INFO] trainer: epoch 226 step 50/54 loss=1.2102 lr=1.19e-04
2026-07-16 09:21:20,799 [INFO] trainer: epoch 226 done train_loss=1.2090 dt=51.6s
2026-07-16 09:21:47,552 [INFO] trainer: epoch 227 step 50/54 loss=1.1448 lr=1.18e-04
2026-07-16 09:21:49,041 [INFO] trainer: epoch 227 done train_loss=1.1409 dt=28.2s
2026-07-16 09:22:31,860 [INFO] trainer: epoch 228 step 50/54 loss=1.1913 lr=1.18e-04
2026-07-16 09:22:33,466 [INFO] trainer: epoch 228 done train_loss=1.1939 dt=44.4s
2026-07-16 09:23:18,268 [INFO] trainer: epoch 229 step 50/54 loss=1.1280 lr=1.17e-04
2026-07-16 09:23:21,201 [INFO] trainer: epoch 229 done train_loss=1.1408 dt=47.7s
2026-07-16 09:24:06,439 [INFO] trainer: epoch 230 step 50/54 loss=1.1995 lr=1.16e-04
2026-07-16 09:24:09,071 [INFO] trainer: epoch 230 done train_loss=1.1938 dt=47.9s
2026-07-16 09:24:33,061 [INFO] trainer: epoch 231 step 50/54 loss=1.1677 lr=1.16e-04
2026-07-16 09:24:35,113 [INFO] trainer: epoch 231 done train_loss=1.1597 dt=25.7s
2026-07-16 09:25:44,299 [INFO] trainer: epoch 232 step 50/54 loss=1.1528 lr=1.15e-04
2026-07-16 09:25:53,762 [INFO] trainer: epoch 232 done train_loss=1.1714 dt=78.6s
2026-07-16 09:26:31,287 [INFO] trainer: epoch 233 step 50/54 loss=1.1869 lr=1.15e-04
2026-07-16 09:26:34,171 [INFO] trainer: epoch 233 done train_loss=1.2006 dt=40.4s
2026-07-16 09:27:41,450 [INFO] trainer: epoch 234 step 50/54 loss=1.1704 lr=1.14e-04
2026-07-16 09:27:44,552 [INFO] trainer: epoch 234 done train_loss=1.2059 dt=70.4s
2026-07-16 09:31:47,334 [INFO] trainer: epoch 235 step 50/54 loss=1.1673 lr=1.13e-04
2026-07-16 09:31:50,187 [INFO] trainer: epoch 235 done train_loss=1.1684 dt=245.6s
2026-07-16 09:33:26,406 [INFO] trainer: epoch 236 step 50/54 loss=1.1174 lr=1.13e-04
2026-07-16 09:33:27,951 [INFO] trainer: epoch 236 done train_loss=1.1169 dt=97.8s
2026-07-16 09:33:51,020 [INFO] trainer: epoch 237 step 50/54 loss=1.2142 lr=1.12e-04
2026-07-16 09:33:54,546 [INFO] trainer: epoch 237 done train_loss=1.2155 dt=26.6s
2026-07-16 09:34:37,781 [INFO] trainer: epoch 238 step 50/54 loss=1.1630 lr=1.11e-04
2026-07-16 09:34:39,491 [INFO] trainer: epoch 238 done train_loss=1.1570 dt=44.9s
2026-07-16 09:35:12,263 [INFO] trainer: epoch 239 step 50/54 loss=1.1587 lr=1.11e-04
2026-07-16 09:35:13,728 [INFO] trainer: epoch 239 done train_loss=1.1626 dt=34.2s
2026-07-16 09:35:51,936 [INFO] trainer: epoch 240 step 50/54 loss=1.1802 lr=1.10e-04
2026-07-16 09:35:53,471 [INFO] trainer: epoch 240 done train_loss=1.1687 dt=39.7s
2026-07-16 09:36:20,999 [INFO] trainer: epoch 241 step 50/54 loss=1.2009 lr=1.09e-04
2026-07-16 09:36:23,909 [INFO] trainer: epoch 241 done train_loss=1.1817 dt=30.1s
2026-07-16 09:36:57,107 [INFO] trainer: epoch 242 step 50/54 loss=1.1794 lr=1.09e-04
2026-07-16 09:36:59,195 [INFO] trainer: epoch 242 done train_loss=1.1870 dt=35.3s
2026-07-16 09:37:30,502 [INFO] trainer: epoch 243 step 50/54 loss=1.1290 lr=1.08e-04
2026-07-16 09:37:31,960 [INFO] trainer: epoch 243 done train_loss=1.1227 dt=32.8s
2026-07-16 09:38:51,952 [INFO] trainer: epoch 244 step 50/54 loss=1.1723 lr=1.08e-04
2026-07-16 09:38:53,440 [INFO] trainer: epoch 244 done train_loss=1.1753 dt=81.5s
2026-07-16 09:39:38,373 [INFO] trainer: epoch 245 step 50/54 loss=1.1765 lr=1.07e-04
2026-07-16 09:39:45,280 [INFO] trainer: epoch 245 done train_loss=1.1898 dt=51.8s
2026-07-16 09:41:18,327 [INFO] trainer: epoch 246 step 50/54 loss=1.1667 lr=1.06e-04
2026-07-16 09:41:21,123 [INFO] trainer: epoch 246 done train_loss=1.1601 dt=95.8s
2026-07-16 09:42:42,710 [INFO] trainer: epoch 247 step 50/54 loss=1.1201 lr=1.06e-04
2026-07-16 09:42:54,678 [INFO] trainer: epoch 247 done train_loss=1.1342 dt=93.6s
2026-07-16 09:44:00,934 [INFO] trainer: epoch 248 step 50/54 loss=1.1820 lr=1.05e-04
2026-07-16 09:44:04,150 [INFO] trainer: epoch 248 done train_loss=1.1776 dt=69.5s
2026-07-16 09:44:36,062 [INFO] trainer: epoch 249 step 50/54 loss=1.1506 lr=1.04e-04
2026-07-16 09:44:39,547 [INFO] trainer: epoch 249 done train_loss=1.1533 dt=35.4s
2026-07-16 09:45:26,136 [INFO] trainer: epoch 250 step 50/54 loss=1.1288 lr=1.04e-04
2026-07-16 09:45:29,709 [INFO] trainer: epoch 250 done train_loss=1.1273 dt=50.2s
2026-07-16 09:48:12,722 [INFO] trainer: epoch 250 val_mean_dice=0.7681
2026-07-16 09:48:57,825 [INFO] trainer: epoch 251 step 50/54 loss=1.1220 lr=1.03e-04
2026-07-16 09:49:01,192 [INFO] trainer: epoch 251 done train_loss=1.1358 dt=47.6s
2026-07-16 09:49:36,187 [INFO] trainer: epoch 252 step 50/54 loss=1.1413 lr=1.02e-04
2026-07-16 09:49:37,862 [INFO] trainer: epoch 252 done train_loss=1.1351 dt=36.7s
2026-07-16 09:50:27,899 [INFO] trainer: epoch 253 step 50/54 loss=1.1653 lr=1.02e-04
2026-07-16 09:50:30,945 [INFO] trainer: epoch 253 done train_loss=1.1598 dt=53.1s
2026-07-16 09:51:07,151 [INFO] trainer: epoch 254 step 50/54 loss=1.2254 lr=1.01e-04
2026-07-16 09:51:09,020 [INFO] trainer: epoch 254 done train_loss=1.2072 dt=38.1s
2026-07-16 09:51:46,563 [INFO] trainer: epoch 255 step 50/54 loss=1.1710 lr=1.01e-04
2026-07-16 09:51:48,026 [INFO] trainer: epoch 255 done train_loss=1.1780 dt=39.0s
2026-07-16 09:58:03,543 [INFO] trainer: epoch 256 step 50/54 loss=1.1313 lr=9.99e-05
2026-07-16 09:58:05,132 [INFO] trainer: epoch 256 done train_loss=1.1336 dt=377.1s
2026-07-16 10:00:54,394 [INFO] trainer: epoch 257 step 50/54 loss=1.1530 lr=9.93e-05
2026-07-16 10:00:56,677 [INFO] trainer: epoch 257 done train_loss=1.1481 dt=171.5s
2026-07-16 10:02:04,688 [INFO] trainer: epoch 258 step 50/54 loss=1.1583 lr=9.86e-05
2026-07-16 10:02:06,573 [INFO] trainer: epoch 258 done train_loss=1.1533 dt=69.9s
2026-07-16 10:03:31,038 [INFO] trainer: epoch 259 step 50/54 loss=1.1737 lr=9.80e-05
2026-07-16 10:03:34,568 [INFO] trainer: epoch 259 done train_loss=1.1700 dt=88.0s
2026-07-16 10:04:14,596 [INFO] trainer: epoch 260 step 50/54 loss=1.1407 lr=9.74e-05
2026-07-16 10:04:45,344 [INFO] trainer: epoch 260 done train_loss=1.1537 dt=70.8s
2026-07-16 10:08:19,943 [INFO] trainer: epoch 261 step 50/54 loss=1.1462 lr=9.67e-05
2026-07-16 10:08:22,606 [INFO] trainer: epoch 261 done train_loss=1.1471 dt=216.9s
2026-07-16 10:09:33,472 [INFO] trainer: epoch 262 step 50/54 loss=1.1648 lr=9.61e-05
2026-07-16 10:09:38,563 [INFO] trainer: epoch 262 done train_loss=1.1595 dt=76.0s
2026-07-16 10:10:31,445 [INFO] trainer: epoch 263 step 50/54 loss=1.1241 lr=9.54e-05
2026-07-16 10:10:33,280 [INFO] trainer: epoch 263 done train_loss=1.1250 dt=54.7s
2026-07-16 10:11:03,754 [INFO] trainer: epoch 264 step 50/54 loss=1.1168 lr=9.48e-05
2026-07-16 10:11:05,830 [INFO] trainer: epoch 264 done train_loss=1.1238 dt=32.5s
2026-07-16 10:11:46,685 [INFO] trainer: epoch 265 step 50/54 loss=1.1133 lr=9.42e-05
2026-07-16 10:11:54,039 [INFO] trainer: epoch 265 done train_loss=1.1077 dt=48.2s
2026-07-16 10:13:07,333 [INFO] trainer: epoch 266 step 50/54 loss=1.1093 lr=9.35e-05
2026-07-16 10:13:11,734 [INFO] trainer: epoch 266 done train_loss=1.1085 dt=77.7s
2026-07-16 10:14:04,966 [INFO] trainer: epoch 267 step 50/54 loss=1.1498 lr=9.29e-05
2026-07-16 10:14:10,074 [INFO] trainer: epoch 267 done train_loss=1.1574 dt=58.3s
2026-07-16 10:15:23,389 [INFO] trainer: epoch 268 step 50/54 loss=1.1409 lr=9.23e-05
2026-07-16 10:15:27,945 [INFO] trainer: epoch 268 done train_loss=1.1385 dt=77.9s
2026-07-16 10:16:12,324 [INFO] trainer: epoch 269 step 50/54 loss=1.1272 lr=9.16e-05
2026-07-16 10:16:13,790 [INFO] trainer: epoch 269 done train_loss=1.1257 dt=45.8s
2026-07-16 10:17:22,212 [INFO] trainer: epoch 270 step 50/54 loss=1.1422 lr=9.10e-05
2026-07-16 10:17:23,963 [INFO] trainer: epoch 270 done train_loss=1.1464 dt=70.2s
2026-07-16 10:18:41,267 [INFO] trainer: epoch 271 step 50/54 loss=1.1410 lr=9.04e-05
2026-07-16 10:20:44,535 [INFO] trainer: epoch 271 done train_loss=1.1430 dt=200.0s
2026-07-16 10:23:52,223 [INFO] trainer: epoch 272 step 50/54 loss=1.1095 lr=8.97e-05
2026-07-16 10:23:59,211 [INFO] trainer: epoch 272 done train_loss=1.1121 dt=194.7s
2026-07-16 10:34:30,736 [INFO] trainer: epoch 273 step 50/54 loss=1.1741 lr=8.91e-05
2026-07-16 10:34:32,234 [INFO] trainer: epoch 273 done train_loss=1.1753 dt=633.0s
2026-07-16 10:36:17,010 [INFO] trainer: epoch 274 step 50/54 loss=1.1588 lr=8.85e-05
2026-07-16 10:36:22,463 [INFO] trainer: epoch 274 done train_loss=1.1622 dt=110.2s
2026-07-16 10:45:50,811 [INFO] trainer: epoch 275 step 50/54 loss=1.1100 lr=8.78e-05
2026-07-16 10:45:52,343 [INFO] trainer: epoch 275 done train_loss=1.1052 dt=569.9s
2026-07-16 10:54:03,855 [INFO] trainer: epoch 275 val_mean_dice=0.7689
2026-07-16 10:55:01,341 [INFO] trainer: epoch 276 step 50/54 loss=1.1127 lr=8.72e-05
2026-07-16 10:55:03,359 [INFO] trainer: epoch 276 done train_loss=1.1144 dt=59.0s
2026-07-16 10:55:28,112 [INFO] trainer: epoch 277 step 50/54 loss=1.0988 lr=8.66e-05
2026-07-16 10:55:30,107 [INFO] trainer: epoch 277 done train_loss=1.1062 dt=26.7s
2026-07-16 10:56:07,260 [INFO] trainer: epoch 278 step 50/54 loss=1.1223 lr=8.59e-05
2026-07-16 10:56:09,567 [INFO] trainer: epoch 278 done train_loss=1.1240 dt=39.5s
2026-07-16 10:56:36,415 [INFO] trainer: epoch 279 step 50/54 loss=1.1411 lr=8.53e-05
2026-07-16 10:56:38,515 [INFO] trainer: epoch 279 done train_loss=1.1407 dt=28.9s
2026-07-16 10:57:08,131 [INFO] trainer: epoch 280 step 50/54 loss=1.1666 lr=8.47e-05
2026-07-16 10:57:10,303 [INFO] trainer: epoch 280 done train_loss=1.1658 dt=31.8s
2026-07-16 10:57:40,448 [INFO] trainer: epoch 281 step 50/54 loss=1.1274 lr=8.40e-05
2026-07-16 10:57:42,078 [INFO] trainer: epoch 281 done train_loss=1.1327 dt=31.4s
2026-07-16 10:58:08,688 [INFO] trainer: epoch 282 step 50/54 loss=1.1156 lr=8.34e-05
2026-07-16 10:58:13,227 [INFO] trainer: epoch 282 done train_loss=1.1451 dt=31.1s
2026-07-16 10:58:53,556 [INFO] trainer: epoch 283 step 50/54 loss=1.1214 lr=8.28e-05
2026-07-16 10:58:58,247 [INFO] trainer: epoch 283 done train_loss=1.1230 dt=45.0s
2026-07-16 10:59:30,727 [INFO] trainer: epoch 284 step 50/54 loss=1.1237 lr=8.22e-05
2026-07-16 10:59:36,989 [INFO] trainer: epoch 284 done train_loss=1.1352 dt=38.7s
2026-07-16 11:00:12,583 [INFO] trainer: epoch 285 step 50/54 loss=1.1285 lr=8.15e-05
2026-07-16 11:00:14,483 [INFO] trainer: epoch 285 done train_loss=1.1313 dt=37.5s
2026-07-16 11:00:43,797 [INFO] trainer: epoch 286 step 50/54 loss=1.1482 lr=8.09e-05
2026-07-16 11:00:45,953 [INFO] trainer: epoch 286 done train_loss=1.1430 dt=31.5s
2026-07-16 11:01:10,834 [INFO] trainer: epoch 287 step 50/54 loss=1.1252 lr=8.03e-05
2026-07-16 11:01:12,932 [INFO] trainer: epoch 287 done train_loss=1.1226 dt=27.0s
2026-07-16 11:02:29,187 [INFO] trainer: epoch 288 step 50/54 loss=1.0821 lr=7.97e-05
2026-07-16 11:02:30,642 [INFO] trainer: epoch 288 done train_loss=1.0802 dt=77.7s
2026-07-16 11:03:28,190 [INFO] trainer: epoch 289 step 50/54 loss=1.0978 lr=7.90e-05
2026-07-16 11:03:29,663 [INFO] trainer: epoch 289 done train_loss=1.0893 dt=59.0s
2026-07-16 11:04:08,627 [INFO] trainer: epoch 290 step 50/54 loss=1.1261 lr=7.84e-05
2026-07-16 11:04:12,131 [INFO] trainer: epoch 290 done train_loss=1.1352 dt=42.5s
2026-07-16 11:04:44,417 [INFO] trainer: epoch 291 step 50/54 loss=1.1200 lr=7.78e-05
2026-07-16 11:04:46,576 [INFO] trainer: epoch 291 done train_loss=1.1167 dt=34.1s
2026-07-16 11:05:17,922 [INFO] trainer: epoch 292 step 50/54 loss=1.1416 lr=7.72e-05
2026-07-16 11:05:19,947 [INFO] trainer: epoch 292 done train_loss=1.1410 dt=33.4s
2026-07-16 11:06:03,163 [INFO] trainer: epoch 293 step 50/54 loss=1.1005 lr=7.65e-05
2026-07-16 11:06:06,174 [INFO] trainer: epoch 293 done train_loss=1.1048 dt=46.2s
2026-07-16 11:06:33,027 [INFO] trainer: epoch 294 step 50/54 loss=1.1282 lr=7.59e-05
2026-07-16 11:06:35,175 [INFO] trainer: epoch 294 done train_loss=1.1315 dt=29.0s
2026-07-16 11:07:09,842 [INFO] trainer: epoch 295 step 50/54 loss=1.1449 lr=7.53e-05
2026-07-16 11:07:11,455 [INFO] trainer: epoch 295 done train_loss=1.1463 dt=36.3s
2026-07-16 11:07:58,177 [INFO] trainer: epoch 296 step 50/54 loss=1.0979 lr=7.47e-05
2026-07-16 11:08:01,443 [INFO] trainer: epoch 296 done train_loss=1.0905 dt=50.0s
2026-07-16 11:08:40,449 [INFO] trainer: epoch 297 step 50/54 loss=1.1327 lr=7.41e-05
2026-07-16 11:08:42,419 [INFO] trainer: epoch 297 done train_loss=1.1394 dt=41.0s
2026-07-16 11:09:19,129 [INFO] trainer: epoch 298 step 50/54 loss=1.1032 lr=7.35e-05
2026-07-16 11:09:21,965 [INFO] trainer: epoch 298 done train_loss=1.0883 dt=39.5s
2026-07-16 11:09:48,011 [INFO] trainer: epoch 299 step 50/54 loss=1.0924 lr=7.28e-05
2026-07-16 11:09:49,785 [INFO] trainer: epoch 299 done train_loss=1.0896 dt=27.8s
2026-07-16 11:10:21,451 [INFO] trainer: epoch 300 step 50/54 loss=1.0489 lr=7.22e-05
2026-07-16 11:10:23,060 [INFO] trainer: epoch 300 done train_loss=1.0548 dt=33.3s
2026-07-16 11:13:30,218 [INFO] trainer: epoch 300 val_mean_dice=0.7688
2026-07-16 11:14:06,963 [INFO] trainer: epoch 301 step 50/54 loss=1.1199 lr=7.16e-05
2026-07-16 11:14:09,086 [INFO] trainer: epoch 301 done train_loss=1.1174 dt=38.3s
2026-07-16 11:14:38,758 [INFO] trainer: epoch 302 step 50/54 loss=1.0792 lr=7.10e-05
2026-07-16 11:14:43,748 [INFO] trainer: epoch 302 done train_loss=1.0861 dt=34.7s
2026-07-16 11:15:17,087 [INFO] trainer: epoch 303 step 50/54 loss=1.0497 lr=7.04e-05
2026-07-16 11:15:18,956 [INFO] trainer: epoch 303 done train_loss=1.0618 dt=35.2s
2026-07-16 11:15:47,191 [INFO] trainer: epoch 304 step 50/54 loss=1.1235 lr=6.98e-05
2026-07-16 11:15:49,012 [INFO] trainer: epoch 304 done train_loss=1.1187 dt=30.1s
2026-07-16 11:16:18,877 [INFO] trainer: epoch 305 step 50/54 loss=1.1105 lr=6.92e-05
2026-07-16 11:16:20,770 [INFO] trainer: epoch 305 done train_loss=1.1127 dt=31.8s
2026-07-16 11:16:50,687 [INFO] trainer: epoch 306 step 50/54 loss=1.1464 lr=6.86e-05
2026-07-16 11:16:52,303 [INFO] trainer: epoch 306 done train_loss=1.1415 dt=31.5s
2026-07-16 11:17:22,409 [INFO] trainer: epoch 307 step 50/54 loss=1.0858 lr=6.80e-05
2026-07-16 11:17:24,232 [INFO] trainer: epoch 307 done train_loss=1.0902 dt=31.9s
2026-07-16 11:17:54,855 [INFO] trainer: epoch 308 step 50/54 loss=1.0871 lr=6.74e-05
2026-07-16 11:17:56,959 [INFO] trainer: epoch 308 done train_loss=1.0966 dt=32.7s
2026-07-16 11:18:26,985 [INFO] trainer: epoch 309 step 50/54 loss=1.1140 lr=6.68e-05
2026-07-16 11:18:30,507 [INFO] trainer: epoch 309 done train_loss=1.1161 dt=33.5s
2026-07-16 11:18:59,612 [INFO] trainer: epoch 310 step 50/54 loss=1.1245 lr=6.62e-05
2026-07-16 11:19:01,269 [INFO] trainer: epoch 310 done train_loss=1.1249 dt=30.7s
2026-07-16 11:19:33,714 [INFO] trainer: epoch 311 step 50/54 loss=1.0888 lr=6.56e-05
2026-07-16 11:19:36,673 [INFO] trainer: epoch 311 done train_loss=1.0886 dt=35.0s
2026-07-16 11:20:11,442 [INFO] trainer: epoch 312 step 50/54 loss=1.0852 lr=6.50e-05
2026-07-16 11:20:16,195 [INFO] trainer: epoch 312 done train_loss=1.0877 dt=39.5s
2026-07-16 11:20:59,179 [INFO] trainer: epoch 313 step 50/54 loss=1.0686 lr=6.44e-05
2026-07-16 11:21:03,882 [INFO] trainer: epoch 313 done train_loss=1.0709 dt=47.7s
2026-07-16 11:21:39,027 [INFO] trainer: epoch 314 step 50/54 loss=1.0928 lr=6.38e-05
2026-07-16 11:21:42,210 [INFO] trainer: epoch 314 done train_loss=1.0957 dt=38.3s
2026-07-16 11:22:16,729 [INFO] trainer: epoch 315 step 50/54 loss=1.1181 lr=6.32e-05
2026-07-16 11:22:19,047 [INFO] trainer: epoch 315 done train_loss=1.1251 dt=36.8s
2026-07-16 11:22:50,044 [INFO] trainer: epoch 316 step 50/54 loss=1.1286 lr=6.26e-05
2026-07-16 11:22:52,753 [INFO] trainer: epoch 316 done train_loss=1.1192 dt=33.7s
2026-07-16 11:23:21,351 [INFO] trainer: epoch 317 step 50/54 loss=1.0967 lr=6.20e-05
2026-07-16 11:23:22,952 [INFO] trainer: epoch 317 done train_loss=1.0978 dt=30.2s
2026-07-16 11:24:31,230 [INFO] trainer: epoch 318 step 50/54 loss=1.1108 lr=6.14e-05
2026-07-16 11:24:33,160 [INFO] trainer: epoch 318 done train_loss=1.1211 dt=70.2s
2026-07-16 11:25:07,776 [INFO] trainer: epoch 319 step 50/54 loss=1.1252 lr=6.09e-05
2026-07-16 11:25:10,579 [INFO] trainer: epoch 319 done train_loss=1.1240 dt=37.4s
2026-07-16 11:26:14,941 [INFO] trainer: epoch 320 step 50/54 loss=1.1082 lr=6.03e-05
2026-07-16 11:26:16,739 [INFO] trainer: epoch 320 done train_loss=1.0985 dt=66.2s
2026-07-16 11:26:49,716 [INFO] trainer: epoch 321 step 50/54 loss=1.0960 lr=5.97e-05
2026-07-16 11:26:51,726 [INFO] trainer: epoch 321 done train_loss=1.0848 dt=34.7s
2026-07-16 11:27:31,030 [INFO] trainer: epoch 322 step 50/54 loss=1.0506 lr=5.91e-05
2026-07-16 11:27:33,952 [INFO] trainer: epoch 322 done train_loss=1.0559 dt=42.2s
2026-07-16 11:28:29,460 [INFO] trainer: epoch 323 step 50/54 loss=1.0717 lr=5.85e-05
2026-07-16 11:28:31,797 [INFO] trainer: epoch 323 done train_loss=1.0725 dt=57.8s
2026-07-16 11:29:05,861 [INFO] trainer: epoch 324 step 50/54 loss=1.1121 lr=5.79e-05
2026-07-16 11:29:07,772 [INFO] trainer: epoch 324 done train_loss=1.1137 dt=36.0s
2026-07-16 11:29:37,425 [INFO] trainer: epoch 325 step 50/54 loss=1.0884 lr=5.74e-05
2026-07-16 11:29:39,328 [INFO] trainer: epoch 325 done train_loss=1.0857 dt=31.6s
2026-07-16 11:34:47,324 [INFO] trainer: epoch 325 val_mean_dice=0.7741
2026-07-16 11:35:34,725 [INFO] trainer: epoch 326 step 50/54 loss=1.1067 lr=5.68e-05
2026-07-16 11:35:36,695 [INFO] trainer: epoch 326 done train_loss=1.1053 dt=48.7s
2026-07-16 11:36:17,117 [INFO] trainer: epoch 327 step 50/54 loss=1.1192 lr=5.62e-05
2026-07-16 11:36:19,129 [INFO] trainer: epoch 327 done train_loss=1.1154 dt=42.4s
2026-07-16 11:36:44,716 [INFO] trainer: epoch 328 step 50/54 loss=1.1010 lr=5.57e-05
2026-07-16 11:36:46,593 [INFO] trainer: epoch 328 done train_loss=1.1048 dt=27.5s
2026-07-16 11:37:14,594 [INFO] trainer: epoch 329 step 50/54 loss=1.1054 lr=5.51e-05
2026-07-16 11:37:16,184 [INFO] trainer: epoch 329 done train_loss=1.1150 dt=29.6s
2026-07-16 11:37:43,671 [INFO] trainer: epoch 330 step 50/54 loss=1.0640 lr=5.45e-05
2026-07-16 11:37:45,164 [INFO] trainer: epoch 330 done train_loss=1.0747 dt=29.0s
2026-07-16 11:38:19,049 [INFO] trainer: epoch 331 step 50/54 loss=1.1553 lr=5.40e-05
2026-07-16 11:38:21,343 [INFO] trainer: epoch 331 done train_loss=1.1590 dt=35.8s
2026-07-16 11:38:54,866 [INFO] trainer: epoch 332 step 50/54 loss=1.0686 lr=5.34e-05
2026-07-16 11:38:57,127 [INFO] trainer: epoch 332 done train_loss=1.0690 dt=35.8s
2026-07-16 11:39:23,525 [INFO] trainer: epoch 333 step 50/54 loss=1.1246 lr=5.28e-05
2026-07-16 11:39:25,015 [INFO] trainer: epoch 333 done train_loss=1.1124 dt=27.9s
2026-07-16 11:39:47,472 [INFO] trainer: epoch 334 step 50/54 loss=1.0987 lr=5.23e-05
2026-07-16 11:39:49,236 [INFO] trainer: epoch 334 done train_loss=1.1026 dt=24.2s
2026-07-16 11:40:13,794 [INFO] trainer: epoch 335 step 50/54 loss=1.1232 lr=5.17e-05
2026-07-16 11:40:15,397 [INFO] trainer: epoch 335 done train_loss=1.1190 dt=26.2s
2026-07-16 11:40:44,104 [INFO] trainer: epoch 336 step 50/54 loss=1.1019 lr=5.12e-05
2026-07-16 11:40:45,621 [INFO] trainer: epoch 336 done train_loss=1.1159 dt=30.2s
2026-07-16 11:41:20,442 [INFO] trainer: epoch 337 step 50/54 loss=1.1476 lr=5.06e-05
2026-07-16 11:41:22,367 [INFO] trainer: epoch 337 done train_loss=1.1458 dt=36.7s
2026-07-16 11:41:51,418 [INFO] trainer: epoch 338 step 50/54 loss=1.1069 lr=5.01e-05
2026-07-16 11:41:52,906 [INFO] trainer: epoch 338 done train_loss=1.1026 dt=30.5s
2026-07-16 11:42:25,483 [INFO] trainer: epoch 339 step 50/54 loss=1.0389 lr=4.95e-05
2026-07-16 11:42:28,119 [INFO] trainer: epoch 339 done train_loss=1.0456 dt=35.2s
2026-07-16 11:42:53,520 [INFO] trainer: epoch 340 step 50/54 loss=1.1235 lr=4.90e-05
2026-07-16 11:42:56,589 [INFO] trainer: epoch 340 done train_loss=1.1300 dt=28.5s
2026-07-16 11:43:21,417 [INFO] trainer: epoch 341 step 50/54 loss=1.0740 lr=4.84e-05
2026-07-16 11:43:22,976 [INFO] trainer: epoch 341 done train_loss=1.0891 dt=25.8s
2026-07-16 11:43:52,763 [INFO] trainer: epoch 342 step 50/54 loss=1.1589 lr=4.79e-05
2026-07-16 11:43:54,441 [INFO] trainer: epoch 342 done train_loss=1.1365 dt=31.5s
2026-07-16 11:44:26,799 [INFO] trainer: epoch 343 step 50/54 loss=1.0693 lr=4.73e-05
2026-07-16 11:44:28,247 [INFO] trainer: epoch 343 done train_loss=1.0693 dt=33.8s
2026-07-16 11:45:44,299 [INFO] trainer: epoch 344 step 50/54 loss=1.0383 lr=4.68e-05
2026-07-16 11:45:45,980 [INFO] trainer: epoch 344 done train_loss=1.0557 dt=77.7s
2026-07-16 11:46:11,834 [INFO] trainer: epoch 345 step 50/54 loss=1.1013 lr=4.63e-05
2026-07-16 11:46:13,402 [INFO] trainer: epoch 345 done train_loss=1.0900 dt=27.4s
2026-07-16 11:46:40,294 [INFO] trainer: epoch 346 step 50/54 loss=1.1178 lr=4.57e-05
2026-07-16 11:46:43,463 [INFO] trainer: epoch 346 done train_loss=1.1126 dt=30.1s
2026-07-16 11:47:12,582 [INFO] trainer: epoch 347 step 50/54 loss=1.1170 lr=4.52e-05
2026-07-16 11:47:14,742 [INFO] trainer: epoch 347 done train_loss=1.1152 dt=31.3s
2026-07-16 11:47:40,806 [INFO] trainer: epoch 348 step 50/54 loss=1.1201 lr=4.47e-05
2026-07-16 11:47:42,354 [INFO] trainer: epoch 348 done train_loss=1.1130 dt=27.6s
2026-07-16 11:48:08,620 [INFO] trainer: epoch 349 step 50/54 loss=1.1204 lr=4.41e-05
2026-07-16 11:48:10,275 [INFO] trainer: epoch 349 done train_loss=1.1076 dt=27.9s
2026-07-16 11:48:34,637 [INFO] trainer: epoch 350 step 50/54 loss=1.1021 lr=4.36e-05
2026-07-16 11:48:36,410 [INFO] trainer: epoch 350 done train_loss=1.1062 dt=26.1s
2026-07-16 11:50:27,989 [INFO] trainer: epoch 350 val_mean_dice=0.7741
2026-07-16 11:50:52,856 [INFO] trainer: epoch 351 step 50/54 loss=1.1004 lr=4.31e-05
2026-07-16 11:50:54,399 [INFO] trainer: epoch 351 done train_loss=1.1100 dt=26.0s
2026-07-16 11:51:19,538 [INFO] trainer: epoch 352 step 50/54 loss=1.0917 lr=4.26e-05
2026-07-16 11:51:21,209 [INFO] trainer: epoch 352 done train_loss=1.0927 dt=26.8s
2026-07-16 11:51:44,874 [INFO] trainer: epoch 353 step 50/54 loss=1.0948 lr=4.21e-05
2026-07-16 11:51:46,516 [INFO] trainer: epoch 353 done train_loss=1.0933 dt=25.3s
2026-07-16 11:52:09,993 [INFO] trainer: epoch 354 step 50/54 loss=1.1111 lr=4.15e-05
2026-07-16 11:52:11,571 [INFO] trainer: epoch 354 done train_loss=1.1176 dt=25.1s
2026-07-16 11:52:33,474 [INFO] trainer: epoch 355 step 50/54 loss=1.0655 lr=4.10e-05
2026-07-16 11:52:35,247 [INFO] trainer: epoch 355 done train_loss=1.0695 dt=23.7s
2026-07-16 11:52:58,787 [INFO] trainer: epoch 356 step 50/54 loss=1.0626 lr=4.05e-05
2026-07-16 11:53:00,802 [INFO] trainer: epoch 356 done train_loss=1.0747 dt=25.6s
2026-07-16 11:53:24,222 [INFO] trainer: epoch 357 step 50/54 loss=1.1049 lr=4.00e-05
2026-07-16 11:53:25,691 [INFO] trainer: epoch 357 done train_loss=1.0936 dt=24.9s
2026-07-16 11:53:54,248 [INFO] trainer: epoch 358 step 50/54 loss=1.0985 lr=3.95e-05
2026-07-16 11:53:57,292 [INFO] trainer: epoch 358 done train_loss=1.1103 dt=31.6s
2026-07-16 11:54:25,890 [INFO] trainer: epoch 359 step 50/54 loss=1.0853 lr=3.90e-05
2026-07-16 11:54:27,859 [INFO] trainer: epoch 359 done train_loss=1.0844 dt=30.6s
2026-07-16 11:54:55,900 [INFO] trainer: epoch 360 step 50/54 loss=1.0804 lr=3.85e-05
2026-07-16 11:54:59,368 [INFO] trainer: epoch 360 done train_loss=1.0893 dt=31.5s
2026-07-16 11:55:27,724 [INFO] trainer: epoch 361 step 50/54 loss=1.0511 lr=3.80e-05
2026-07-16 11:55:29,322 [INFO] trainer: epoch 361 done train_loss=1.0620 dt=29.6s
2026-07-16 11:55:53,877 [INFO] trainer: epoch 362 step 50/54 loss=1.0655 lr=3.75e-05
2026-07-16 11:55:55,450 [INFO] trainer: epoch 362 done train_loss=1.0638 dt=26.1s
2026-07-16 11:56:26,908 [INFO] trainer: epoch 363 step 50/54 loss=1.1209 lr=3.70e-05
2026-07-16 11:56:29,310 [INFO] trainer: epoch 363 done train_loss=1.1183 dt=33.9s
2026-07-16 11:57:01,337 [INFO] trainer: epoch 364 step 50/54 loss=1.0988 lr=3.65e-05
2026-07-16 11:57:02,937 [INFO] trainer: epoch 364 done train_loss=1.0911 dt=33.6s
2026-07-16 11:57:27,382 [INFO] trainer: epoch 365 step 50/54 loss=1.0815 lr=3.60e-05
2026-07-16 11:57:30,024 [INFO] trainer: epoch 365 done train_loss=1.0860 dt=27.1s
2026-07-16 11:57:53,883 [INFO] trainer: epoch 366 step 50/54 loss=1.0666 lr=3.56e-05
2026-07-16 11:57:55,840 [INFO] trainer: epoch 366 done train_loss=1.0770 dt=25.8s
2026-07-16 11:58:20,497 [INFO] trainer: epoch 367 step 50/54 loss=1.0760 lr=3.51e-05
2026-07-16 11:58:22,474 [INFO] trainer: epoch 367 done train_loss=1.0703 dt=26.6s
2026-07-16 11:58:48,205 [INFO] trainer: epoch 368 step 50/54 loss=1.0522 lr=3.46e-05
2026-07-16 11:58:50,211 [INFO] trainer: epoch 368 done train_loss=1.0597 dt=27.7s
2026-07-16 11:59:16,189 [INFO] trainer: epoch 369 step 50/54 loss=1.0834 lr=3.41e-05
2026-07-16 11:59:18,383 [INFO] trainer: epoch 369 done train_loss=1.0903 dt=28.2s
2026-07-16 11:59:50,385 [INFO] trainer: epoch 370 step 50/54 loss=1.0875 lr=3.36e-05
2026-07-16 11:59:52,982 [INFO] trainer: epoch 370 done train_loss=1.0921 dt=34.6s
2026-07-16 12:00:39,231 [INFO] trainer: epoch 371 step 50/54 loss=1.1156 lr=3.32e-05
2026-07-16 12:00:41,002 [INFO] trainer: epoch 371 done train_loss=1.1120 dt=47.6s
2026-07-16 12:01:31,310 [INFO] trainer: epoch 372 step 50/54 loss=1.0564 lr=3.27e-05
2026-07-16 12:01:42,045 [INFO] trainer: epoch 372 done train_loss=1.0503 dt=61.0s
2026-07-16 12:02:30,839 [INFO] trainer: epoch 373 step 50/54 loss=1.0507 lr=3.22e-05
2026-07-16 12:02:35,449 [INFO] trainer: epoch 373 done train_loss=1.0496 dt=53.4s
2026-07-16 12:03:27,020 [INFO] trainer: epoch 374 step 50/54 loss=1.0593 lr=3.18e-05
2026-07-16 12:03:28,488 [INFO] trainer: epoch 374 done train_loss=1.0626 dt=53.0s
2026-07-16 12:04:00,338 [INFO] trainer: epoch 375 step 50/54 loss=1.0821 lr=3.13e-05
2026-07-16 12:04:01,807 [INFO] trainer: epoch 375 done train_loss=1.0808 dt=33.3s
2026-07-16 12:07:11,029 [INFO] trainer: epoch 375 val_mean_dice=0.7762
2026-07-16 12:07:40,333 [INFO] trainer: epoch 376 step 50/54 loss=1.0665 lr=3.09e-05
2026-07-16 12:07:43,266 [INFO] trainer: epoch 376 done train_loss=1.0642 dt=31.6s
2026-07-16 12:09:27,374 [INFO] trainer: epoch 377 step 50/54 loss=1.1357 lr=3.04e-05
2026-07-16 12:09:43,448 [INFO] trainer: epoch 377 done train_loss=1.1151 dt=120.2s
2026-07-16 12:10:10,452 [INFO] trainer: epoch 378 step 50/54 loss=1.0767 lr=3.00e-05
2026-07-16 12:10:12,153 [INFO] trainer: epoch 378 done train_loss=1.0714 dt=28.7s
2026-07-16 12:10:42,835 [INFO] trainer: epoch 379 step 50/54 loss=1.0621 lr=2.95e-05
2026-07-16 12:10:45,187 [INFO] trainer: epoch 379 done train_loss=1.0576 dt=33.0s
2026-07-16 12:12:42,446 [INFO] trainer: epoch 380 step 50/54 loss=1.1314 lr=2.91e-05
2026-07-16 12:12:45,572 [INFO] trainer: epoch 380 done train_loss=1.1409 dt=120.4s
2026-07-16 12:18:14,456 [INFO] trainer: epoch 381 step 50/54 loss=1.0904 lr=2.86e-05
2026-07-16 12:18:16,353 [INFO] trainer: epoch 381 done train_loss=1.0912 dt=330.4s
2026-07-16 12:19:18,723 [INFO] trainer: epoch 382 step 50/54 loss=1.0693 lr=2.82e-05
2026-07-16 12:19:21,053 [INFO] trainer: epoch 382 done train_loss=1.0791 dt=64.7s
2026-07-16 12:20:31,893 [INFO] trainer: epoch 383 step 50/54 loss=1.0633 lr=2.77e-05
2026-07-16 12:20:33,449 [INFO] trainer: epoch 383 done train_loss=1.0568 dt=72.4s
2026-07-16 12:21:19,936 [INFO] trainer: epoch 384 step 50/54 loss=1.1154 lr=2.73e-05
2026-07-16 12:21:21,809 [INFO] trainer: epoch 384 done train_loss=1.1015 dt=48.4s
2026-07-16 12:21:57,569 [INFO] trainer: epoch 385 step 50/54 loss=1.1090 lr=2.69e-05
2026-07-16 12:21:59,310 [INFO] trainer: epoch 385 done train_loss=1.0990 dt=37.5s
2026-07-16 12:22:35,996 [INFO] trainer: epoch 386 step 50/54 loss=1.0639 lr=2.64e-05
2026-07-16 12:22:39,715 [INFO] trainer: epoch 386 done train_loss=1.0720 dt=40.4s
2026-07-16 12:23:23,009 [INFO] trainer: epoch 387 step 50/54 loss=1.0578 lr=2.60e-05
2026-07-16 12:23:26,564 [INFO] trainer: epoch 387 done train_loss=1.0620 dt=46.8s
2026-07-16 12:24:16,114 [INFO] trainer: epoch 388 step 50/54 loss=1.1131 lr=2.56e-05
2026-07-16 12:24:17,562 [INFO] trainer: epoch 388 done train_loss=1.1133 dt=51.0s
2026-07-16 12:24:51,218 [INFO] trainer: epoch 389 step 50/54 loss=1.1196 lr=2.52e-05
2026-07-16 12:24:52,692 [INFO] trainer: epoch 389 done train_loss=1.1222 dt=35.1s
2026-07-16 12:25:37,223 [INFO] trainer: epoch 390 step 50/54 loss=1.1182 lr=2.48e-05
2026-07-16 12:25:38,732 [INFO] trainer: epoch 390 done train_loss=1.1133 dt=46.0s
2026-07-16 12:26:06,865 [INFO] trainer: epoch 391 step 50/54 loss=1.0715 lr=2.44e-05
2026-07-16 12:26:08,367 [INFO] trainer: epoch 391 done train_loss=1.0681 dt=29.3s
2026-07-16 12:26:41,293 [INFO] trainer: epoch 392 step 50/54 loss=1.0559 lr=2.39e-05
2026-07-16 12:26:42,758 [INFO] trainer: epoch 392 done train_loss=1.0484 dt=34.4s
2026-07-16 12:27:48,575 [INFO] trainer: epoch 393 step 50/54 loss=1.0709 lr=2.35e-05
2026-07-16 12:27:50,204 [INFO] trainer: epoch 393 done train_loss=1.0792 dt=67.4s
2026-07-16 12:28:15,207 [INFO] trainer: epoch 394 step 50/54 loss=1.0383 lr=2.31e-05
2026-07-16 12:28:17,378 [INFO] trainer: epoch 394 done train_loss=1.0427 dt=27.2s
2026-07-16 12:28:42,634 [INFO] trainer: epoch 395 step 50/54 loss=1.0716 lr=2.27e-05
2026-07-16 12:28:44,110 [INFO] trainer: epoch 395 done train_loss=1.0927 dt=26.7s
2026-07-16 12:29:12,401 [INFO] trainer: epoch 396 step 50/54 loss=1.0500 lr=2.23e-05
2026-07-16 12:29:14,100 [INFO] trainer: epoch 396 done train_loss=1.0613 dt=30.0s
2026-07-16 12:29:39,796 [INFO] trainer: epoch 397 step 50/54 loss=1.0404 lr=2.19e-05
2026-07-16 12:29:41,830 [INFO] trainer: epoch 397 done train_loss=1.0443 dt=27.7s
2026-07-16 12:30:31,409 [INFO] trainer: epoch 398 step 50/54 loss=1.0786 lr=2.16e-05
2026-07-16 12:30:33,398 [INFO] trainer: epoch 398 done train_loss=1.0793 dt=51.6s
2026-07-16 12:31:14,410 [INFO] trainer: epoch 399 step 50/54 loss=1.1148 lr=2.12e-05
2026-07-16 12:31:15,934 [INFO] trainer: epoch 399 done train_loss=1.1073 dt=42.5s
2026-07-16 12:32:32,912 [INFO] trainer: epoch 400 step 50/54 loss=1.0672 lr=2.08e-05
2026-07-16 12:32:37,588 [INFO] trainer: epoch 400 done train_loss=1.0721 dt=81.7s
2026-07-16 12:36:31,798 [INFO] trainer: epoch 400 val_mean_dice=0.7791
2026-07-16 12:37:04,546 [INFO] trainer: epoch 401 step 50/54 loss=1.1176 lr=2.04e-05
2026-07-16 12:37:06,049 [INFO] trainer: epoch 401 done train_loss=1.1109 dt=33.3s
2026-07-16 12:37:49,467 [INFO] trainer: epoch 402 step 50/54 loss=1.0367 lr=2.00e-05
2026-07-16 12:37:54,203 [INFO] trainer: epoch 402 done train_loss=1.0461 dt=48.2s
2026-07-16 12:38:41,421 [INFO] trainer: epoch 403 step 50/54 loss=1.0562 lr=1.97e-05
2026-07-16 12:38:44,515 [INFO] trainer: epoch 403 done train_loss=1.0639 dt=50.3s
2026-07-16 12:39:18,979 [INFO] trainer: epoch 404 step 50/54 loss=1.0767 lr=1.93e-05
2026-07-16 12:39:21,295 [INFO] trainer: epoch 404 done train_loss=1.0790 dt=36.8s
2026-07-16 12:39:50,962 [INFO] trainer: epoch 405 step 50/54 loss=1.0285 lr=1.89e-05
2026-07-16 12:39:53,426 [INFO] trainer: epoch 405 done train_loss=1.0314 dt=32.1s
2026-07-16 12:40:24,894 [INFO] trainer: epoch 406 step 50/54 loss=1.0392 lr=1.86e-05
2026-07-16 12:40:26,786 [INFO] trainer: epoch 406 done train_loss=1.0489 dt=33.4s
2026-07-16 12:40:53,612 [INFO] trainer: epoch 407 step 50/54 loss=1.0433 lr=1.82e-05
2026-07-16 12:40:55,788 [INFO] trainer: epoch 407 done train_loss=1.0721 dt=29.0s
2026-07-16 12:41:26,408 [INFO] trainer: epoch 408 step 50/54 loss=1.1295 lr=1.78e-05
2026-07-16 12:41:28,753 [INFO] trainer: epoch 408 done train_loss=1.1413 dt=33.0s
2026-07-16 12:41:57,887 [INFO] trainer: epoch 409 step 50/54 loss=1.0521 lr=1.75e-05
2026-07-16 12:41:59,435 [INFO] trainer: epoch 409 done train_loss=1.0550 dt=30.7s
2026-07-16 12:42:26,966 [INFO] trainer: epoch 410 step 50/54 loss=1.0572 lr=1.71e-05
2026-07-16 12:42:30,350 [INFO] trainer: epoch 410 done train_loss=1.0636 dt=30.9s
2026-07-16 12:43:04,595 [INFO] trainer: epoch 411 step 50/54 loss=1.1044 lr=1.68e-05
2026-07-16 12:43:06,066 [INFO] trainer: epoch 411 done train_loss=1.0905 dt=35.4s
2026-07-16 12:43:41,610 [INFO] trainer: epoch 412 step 50/54 loss=1.0698 lr=1.64e-05
2026-07-16 12:43:43,076 [INFO] trainer: epoch 412 done train_loss=1.0676 dt=37.0s
2026-07-16 12:44:02,258 [INFO] trainer: epoch 413 step 50/54 loss=1.0542 lr=1.61e-05
2026-07-16 12:44:03,724 [INFO] trainer: epoch 413 done train_loss=1.0491 dt=20.6s
2026-07-16 12:44:26,631 [INFO] trainer: epoch 414 step 50/54 loss=1.0706 lr=1.58e-05
2026-07-16 12:44:28,100 [INFO] trainer: epoch 414 done train_loss=1.0573 dt=24.4s
2026-07-16 12:44:49,655 [INFO] trainer: epoch 415 step 50/54 loss=1.0861 lr=1.54e-05
2026-07-16 12:44:51,758 [INFO] trainer: epoch 415 done train_loss=1.0790 dt=23.7s
2026-07-16 12:45:12,484 [INFO] trainer: epoch 416 step 50/54 loss=1.0755 lr=1.51e-05
2026-07-16 12:45:13,974 [INFO] trainer: epoch 416 done train_loss=1.0825 dt=22.2s
2026-07-16 12:45:36,109 [INFO] trainer: epoch 417 step 50/54 loss=1.0688 lr=1.48e-05
2026-07-16 12:45:38,171 [INFO] trainer: epoch 417 done train_loss=1.0643 dt=24.2s
2026-07-16 12:45:59,651 [INFO] trainer: epoch 418 step 50/54 loss=1.0810 lr=1.45e-05
2026-07-16 12:46:01,116 [INFO] trainer: epoch 418 done train_loss=1.0744 dt=22.9s
2026-07-16 12:46:21,504 [INFO] trainer: epoch 419 step 50/54 loss=1.0658 lr=1.41e-05
2026-07-16 12:46:22,973 [INFO] trainer: epoch 419 done train_loss=1.0583 dt=21.9s
2026-07-16 12:46:46,645 [INFO] trainer: epoch 420 step 50/54 loss=1.0940 lr=1.38e-05
2026-07-16 12:46:48,613 [INFO] trainer: epoch 420 done train_loss=1.0906 dt=25.6s
2026-07-16 12:47:28,590 [INFO] trainer: epoch 421 step 50/54 loss=1.0990 lr=1.35e-05
2026-07-16 12:47:30,431 [INFO] trainer: epoch 421 done train_loss=1.0957 dt=41.2s
2026-07-16 12:48:00,481 [INFO] trainer: epoch 422 step 50/54 loss=1.0515 lr=1.32e-05
2026-07-16 12:48:03,150 [INFO] trainer: epoch 422 done train_loss=1.0496 dt=32.7s
2026-07-16 12:48:35,699 [INFO] trainer: epoch 423 step 50/54 loss=1.0914 lr=1.29e-05
2026-07-16 12:48:38,766 [INFO] trainer: epoch 423 done train_loss=1.0874 dt=35.6s
2026-07-16 12:49:07,617 [INFO] trainer: epoch 424 step 50/54 loss=1.0817 lr=1.26e-05
2026-07-16 12:49:09,201 [INFO] trainer: epoch 424 done train_loss=1.0781 dt=30.4s
2026-07-16 12:49:36,974 [INFO] trainer: epoch 425 step 50/54 loss=1.0448 lr=1.23e-05
2026-07-16 12:49:38,899 [INFO] trainer: epoch 425 done train_loss=1.0494 dt=29.7s
2026-07-16 12:51:27,335 [INFO] trainer: epoch 425 val_mean_dice=0.7802
2026-07-16 12:51:48,211 [INFO] trainer: epoch 426 step 50/54 loss=1.0336 lr=1.20e-05
2026-07-16 12:51:49,670 [INFO] trainer: epoch 426 done train_loss=1.0566 dt=21.9s
2026-07-16 12:52:10,398 [INFO] trainer: epoch 427 step 50/54 loss=1.0836 lr=1.17e-05
2026-07-16 12:52:11,865 [INFO] trainer: epoch 427 done train_loss=1.0818 dt=22.2s
2026-07-16 12:52:33,074 [INFO] trainer: epoch 428 step 50/54 loss=1.0511 lr=1.14e-05
2026-07-16 12:52:34,559 [INFO] trainer: epoch 428 done train_loss=1.0559 dt=22.7s
2026-07-16 12:52:56,338 [INFO] trainer: epoch 429 step 50/54 loss=1.0874 lr=1.12e-05
2026-07-16 12:52:57,837 [INFO] trainer: epoch 429 done train_loss=1.0803 dt=23.3s
2026-07-16 12:53:19,428 [INFO] trainer: epoch 430 step 50/54 loss=1.1169 lr=1.09e-05
2026-07-16 12:53:20,911 [INFO] trainer: epoch 430 done train_loss=1.1041 dt=23.1s
2026-07-16 12:53:42,826 [INFO] trainer: epoch 431 step 50/54 loss=1.0922 lr=1.06e-05
2026-07-16 12:53:44,290 [INFO] trainer: epoch 431 done train_loss=1.0850 dt=23.0s
2026-07-16 12:54:04,860 [INFO] trainer: epoch 432 step 50/54 loss=1.0788 lr=1.03e-05
2026-07-16 12:54:06,337 [INFO] trainer: epoch 432 done train_loss=1.0857 dt=22.0s
2026-07-16 12:54:27,680 [INFO] trainer: epoch 433 step 50/54 loss=1.0642 lr=1.01e-05
2026-07-16 12:54:29,162 [INFO] trainer: epoch 433 done train_loss=1.0615 dt=22.8s
2026-07-16 12:54:49,473 [INFO] trainer: epoch 434 step 50/54 loss=1.0269 lr=9.80e-06
2026-07-16 12:54:50,920 [INFO] trainer: epoch 434 done train_loss=1.0378 dt=21.8s
2026-07-16 12:55:11,742 [INFO] trainer: epoch 435 step 50/54 loss=1.1061 lr=9.54e-06
2026-07-16 12:55:13,206 [INFO] trainer: epoch 435 done train_loss=1.0962 dt=22.3s
2026-07-16 12:55:33,885 [INFO] trainer: epoch 436 step 50/54 loss=1.0904 lr=9.28e-06
2026-07-16 12:55:35,357 [INFO] trainer: epoch 436 done train_loss=1.0811 dt=22.2s
2026-07-16 12:55:55,833 [INFO] trainer: epoch 437 step 50/54 loss=1.0429 lr=9.03e-06
2026-07-16 12:55:57,302 [INFO] trainer: epoch 437 done train_loss=1.0328 dt=21.9s
2026-07-16 12:56:17,690 [INFO] trainer: epoch 438 step 50/54 loss=1.0378 lr=8.78e-06
2026-07-16 12:56:19,159 [INFO] trainer: epoch 438 done train_loss=1.0403 dt=21.9s
2026-07-16 12:56:39,394 [INFO] trainer: epoch 439 step 50/54 loss=1.0572 lr=8.53e-06
2026-07-16 12:56:40,862 [INFO] trainer: epoch 439 done train_loss=1.0480 dt=21.7s
2026-07-16 12:57:01,276 [INFO] trainer: epoch 440 step 50/54 loss=1.0745 lr=8.29e-06
2026-07-16 12:57:02,745 [INFO] trainer: epoch 440 done train_loss=1.0723 dt=21.9s
2026-07-16 12:57:23,154 [INFO] trainer: epoch 441 step 50/54 loss=1.0839 lr=8.05e-06
2026-07-16 12:57:24,621 [INFO] trainer: epoch 441 done train_loss=1.0904 dt=21.5s
2026-07-16 12:57:45,239 [INFO] trainer: epoch 442 step 50/54 loss=1.0968 lr=7.82e-06
2026-07-16 12:57:46,704 [INFO] trainer: epoch 442 done train_loss=1.1107 dt=22.1s
2026-07-16 12:58:07,228 [INFO] trainer: epoch 443 step 50/54 loss=1.1034 lr=7.59e-06
2026-07-16 12:58:08,698 [INFO] trainer: epoch 443 done train_loss=1.1154 dt=22.0s
2026-07-16 12:58:28,945 [INFO] trainer: epoch 444 step 50/54 loss=1.0945 lr=7.36e-06
2026-07-16 12:58:30,412 [INFO] trainer: epoch 444 done train_loss=1.1077 dt=21.7s
2026-07-16 12:58:56,721 [INFO] trainer: epoch 445 step 50/54 loss=1.0346 lr=7.14e-06
2026-07-16 12:58:58,186 [INFO] trainer: epoch 445 done train_loss=1.0421 dt=27.8s
2026-07-16 12:59:21,601 [INFO] trainer: epoch 446 step 50/54 loss=1.0767 lr=6.92e-06
2026-07-16 12:59:23,096 [INFO] trainer: epoch 446 done train_loss=1.0742 dt=24.9s
2026-07-16 12:59:43,611 [INFO] trainer: epoch 447 step 50/54 loss=1.0126 lr=6.71e-06
2026-07-16 12:59:45,173 [INFO] trainer: epoch 447 done train_loss=1.0171 dt=22.1s
2026-07-16 13:00:04,524 [INFO] trainer: epoch 448 step 50/54 loss=1.0739 lr=6.49e-06
2026-07-16 13:00:06,712 [INFO] trainer: epoch 448 done train_loss=1.0898 dt=21.5s
2026-07-16 13:00:27,965 [INFO] trainer: epoch 449 step 50/54 loss=1.0789 lr=6.29e-06
2026-07-16 13:00:29,427 [INFO] trainer: epoch 449 done train_loss=1.0755 dt=22.7s
2026-07-16 13:00:49,509 [INFO] trainer: epoch 450 step 50/54 loss=1.0613 lr=6.08e-06
2026-07-16 13:00:50,975 [INFO] trainer: epoch 450 done train_loss=1.0558 dt=21.5s
2026-07-16 13:03:05,145 [INFO] trainer: epoch 450 val_mean_dice=0.7812
2026-07-16 13:03:29,067 [INFO] trainer: epoch 451 step 50/54 loss=1.0558 lr=5.88e-06
2026-07-16 13:03:30,529 [INFO] trainer: epoch 451 done train_loss=1.0569 dt=24.2s
2026-07-16 13:03:49,589 [INFO] trainer: epoch 452 step 50/54 loss=1.0944 lr=5.69e-06
2026-07-16 13:03:51,051 [INFO] trainer: epoch 452 done train_loss=1.1047 dt=20.5s
2026-07-16 13:04:10,202 [INFO] trainer: epoch 453 step 50/54 loss=1.1231 lr=5.50e-06
2026-07-16 13:04:11,665 [INFO] trainer: epoch 453 done train_loss=1.1217 dt=20.6s
2026-07-16 13:04:35,592 [INFO] trainer: epoch 454 step 50/54 loss=1.0584 lr=5.31e-06
2026-07-16 13:04:37,056 [INFO] trainer: epoch 454 done train_loss=1.0539 dt=25.4s
2026-07-16 13:04:57,009 [INFO] trainer: epoch 455 step 50/54 loss=1.1137 lr=5.13e-06
2026-07-16 13:04:58,476 [INFO] trainer: epoch 455 done train_loss=1.1135 dt=21.4s
2026-07-16 13:05:19,088 [INFO] trainer: epoch 456 step 50/54 loss=1.0935 lr=4.95e-06
2026-07-16 13:05:20,573 [INFO] trainer: epoch 456 done train_loss=1.0899 dt=22.1s
2026-07-16 13:05:40,054 [INFO] trainer: epoch 457 step 50/54 loss=1.0758 lr=4.77e-06
2026-07-16 13:05:41,506 [INFO] trainer: epoch 457 done train_loss=1.0750 dt=20.9s
2026-07-16 13:06:00,996 [INFO] trainer: epoch 458 step 50/54 loss=1.0925 lr=4.60e-06
2026-07-16 13:06:02,458 [INFO] trainer: epoch 458 done train_loss=1.0844 dt=21.0s
2026-07-16 13:06:21,620 [INFO] trainer: epoch 459 step 50/54 loss=1.0370 lr=4.43e-06
2026-07-16 13:06:23,087 [INFO] trainer: epoch 459 done train_loss=1.0378 dt=20.6s
2026-07-16 13:06:42,479 [INFO] trainer: epoch 460 step 50/54 loss=1.0793 lr=4.27e-06
2026-07-16 13:06:43,943 [INFO] trainer: epoch 460 done train_loss=1.0746 dt=20.9s
2026-07-16 13:07:03,249 [INFO] trainer: epoch 461 step 50/54 loss=1.0519 lr=4.11e-06
2026-07-16 13:07:04,710 [INFO] trainer: epoch 461 done train_loss=1.0480 dt=20.4s
2026-07-16 13:07:23,772 [INFO] trainer: epoch 462 step 50/54 loss=1.0396 lr=3.95e-06
2026-07-16 13:07:25,238 [INFO] trainer: epoch 462 done train_loss=1.0368 dt=20.5s
2026-07-16 13:07:44,279 [INFO] trainer: epoch 463 step 50/54 loss=1.0301 lr=3.80e-06
2026-07-16 13:07:45,741 [INFO] trainer: epoch 463 done train_loss=1.0519 dt=20.5s
2026-07-16 13:08:04,889 [INFO] trainer: epoch 464 step 50/54 loss=1.0982 lr=3.65e-06
2026-07-16 13:08:06,351 [INFO] trainer: epoch 464 done train_loss=1.0966 dt=20.6s
2026-07-16 13:08:25,421 [INFO] trainer: epoch 465 step 50/54 loss=1.0736 lr=3.51e-06
2026-07-16 13:08:26,883 [INFO] trainer: epoch 465 done train_loss=1.0609 dt=20.5s
2026-07-16 13:08:45,868 [INFO] trainer: epoch 466 step 50/54 loss=1.0488 lr=3.36e-06
2026-07-16 13:08:47,334 [INFO] trainer: epoch 466 done train_loss=1.0383 dt=20.5s
2026-07-16 13:09:06,454 [INFO] trainer: epoch 467 step 50/54 loss=1.0251 lr=3.23e-06
2026-07-16 13:09:07,917 [INFO] trainer: epoch 467 done train_loss=1.0168 dt=20.6s
2026-07-16 13:09:27,038 [INFO] trainer: epoch 468 step 50/54 loss=1.0251 lr=3.10e-06
2026-07-16 13:09:28,502 [INFO] trainer: epoch 468 done train_loss=1.0445 dt=20.6s
2026-07-16 13:09:47,715 [INFO] trainer: epoch 469 step 50/54 loss=1.0412 lr=2.97e-06
2026-07-16 13:09:49,177 [INFO] trainer: epoch 469 done train_loss=1.0442 dt=20.7s
2026-07-16 13:10:08,178 [INFO] trainer: epoch 470 step 50/54 loss=1.0534 lr=2.84e-06
2026-07-16 13:10:09,641 [INFO] trainer: epoch 470 done train_loss=1.0563 dt=20.5s
2026-07-16 13:10:29,146 [INFO] trainer: epoch 471 step 50/54 loss=1.0987 lr=2.72e-06
2026-07-16 13:10:30,609 [INFO] trainer: epoch 471 done train_loss=1.1047 dt=20.6s
2026-07-16 13:10:49,687 [INFO] trainer: epoch 472 step 50/54 loss=1.0858 lr=2.61e-06
2026-07-16 13:10:51,150 [INFO] trainer: epoch 472 done train_loss=1.0895 dt=20.5s
2026-07-16 13:11:10,261 [INFO] trainer: epoch 473 step 50/54 loss=1.0296 lr=2.50e-06
2026-07-16 13:11:11,723 [INFO] trainer: epoch 473 done train_loss=1.0313 dt=20.6s
2026-07-16 13:11:30,736 [INFO] trainer: epoch 474 step 50/54 loss=1.0951 lr=2.39e-06
2026-07-16 13:11:32,202 [INFO] trainer: epoch 474 done train_loss=1.1102 dt=20.5s
2026-07-16 13:11:51,334 [INFO] trainer: epoch 475 step 50/54 loss=1.0822 lr=2.28e-06
2026-07-16 13:11:52,795 [INFO] trainer: epoch 475 done train_loss=1.0924 dt=20.6s
2026-07-16 13:13:16,763 [INFO] trainer: epoch 475 val_mean_dice=0.7799
2026-07-16 13:13:38,616 [INFO] trainer: epoch 476 step 50/54 loss=1.0532 lr=2.18e-06
2026-07-16 13:13:40,078 [INFO] trainer: epoch 476 done train_loss=1.0548 dt=23.3s
2026-07-16 13:13:59,120 [INFO] trainer: epoch 477 step 50/54 loss=1.0298 lr=2.09e-06
2026-07-16 13:14:00,583 [INFO] trainer: epoch 477 done train_loss=1.0371 dt=20.5s
2026-07-16 13:14:19,681 [INFO] trainer: epoch 478 step 50/54 loss=1.0227 lr=1.99e-06
2026-07-16 13:14:21,144 [INFO] trainer: epoch 478 done train_loss=1.0219 dt=20.6s
2026-07-16 13:14:40,432 [INFO] trainer: epoch 479 step 50/54 loss=1.0369 lr=1.91e-06
2026-07-16 13:14:41,892 [INFO] trainer: epoch 479 done train_loss=1.0464 dt=20.7s
2026-07-16 13:15:01,037 [INFO] trainer: epoch 480 step 50/54 loss=1.0497 lr=1.82e-06
2026-07-16 13:15:02,503 [INFO] trainer: epoch 480 done train_loss=1.0458 dt=20.6s
2026-07-16 13:15:21,848 [INFO] trainer: epoch 481 step 50/54 loss=1.1232 lr=1.74e-06
2026-07-16 13:15:23,311 [INFO] trainer: epoch 481 done train_loss=1.1182 dt=20.5s
2026-07-16 13:15:42,374 [INFO] trainer: epoch 482 step 50/54 loss=1.0984 lr=1.67e-06
2026-07-16 13:15:43,837 [INFO] trainer: epoch 482 done train_loss=1.1033 dt=20.5s
2026-07-16 13:16:02,992 [INFO] trainer: epoch 483 step 50/54 loss=1.0972 lr=1.60e-06
2026-07-16 13:16:04,457 [INFO] trainer: epoch 483 done train_loss=1.0961 dt=20.6s
2026-07-16 13:16:23,535 [INFO] trainer: epoch 484 step 50/54 loss=1.0516 lr=1.53e-06
2026-07-16 13:16:24,998 [INFO] trainer: epoch 484 done train_loss=1.0620 dt=20.5s
2026-07-16 13:16:44,093 [INFO] trainer: epoch 485 step 50/54 loss=1.0430 lr=1.46e-06
2026-07-16 13:16:45,556 [INFO] trainer: epoch 485 done train_loss=1.0467 dt=20.6s
2026-07-16 13:17:04,861 [INFO] trainer: epoch 486 step 50/54 loss=1.0854 lr=1.40e-06
2026-07-16 13:17:06,323 [INFO] trainer: epoch 486 done train_loss=1.0876 dt=20.8s
2026-07-16 13:17:25,491 [INFO] trainer: epoch 487 step 50/54 loss=1.0742 lr=1.35e-06
2026-07-16 13:17:26,955 [INFO] trainer: epoch 487 done train_loss=1.0648 dt=20.6s
2026-07-16 13:17:45,998 [INFO] trainer: epoch 488 step 50/54 loss=1.0153 lr=1.30e-06
2026-07-16 13:17:47,462 [INFO] trainer: epoch 488 done train_loss=1.0093 dt=20.5s
2026-07-16 13:18:06,412 [INFO] trainer: epoch 489 step 50/54 loss=1.0654 lr=1.25e-06
2026-07-16 13:18:07,875 [INFO] trainer: epoch 489 done train_loss=1.0612 dt=20.4s
2026-07-16 13:18:27,065 [INFO] trainer: epoch 490 step 50/54 loss=1.0755 lr=1.21e-06
2026-07-16 13:18:28,531 [INFO] trainer: epoch 490 done train_loss=1.0762 dt=20.7s
2026-07-16 13:18:48,221 [INFO] trainer: epoch 491 step 50/54 loss=1.1228 lr=1.17e-06
2026-07-16 13:18:49,684 [INFO] trainer: epoch 491 done train_loss=1.1156 dt=20.8s
2026-07-16 13:19:08,760 [INFO] trainer: epoch 492 step 50/54 loss=1.0649 lr=1.13e-06
2026-07-16 13:19:10,223 [INFO] trainer: epoch 492 done train_loss=1.0712 dt=20.5s
2026-07-16 13:19:29,207 [INFO] trainer: epoch 493 step 50/54 loss=1.0581 lr=1.10e-06
2026-07-16 13:19:30,670 [INFO] trainer: epoch 493 done train_loss=1.0535 dt=20.4s
2026-07-16 13:19:49,731 [INFO] trainer: epoch 494 step 50/54 loss=1.0951 lr=1.08e-06
2026-07-16 13:19:51,194 [INFO] trainer: epoch 494 done train_loss=1.0945 dt=20.5s
2026-07-16 13:20:10,666 [INFO] trainer: epoch 495 step 50/54 loss=1.0234 lr=1.05e-06
2026-07-16 13:20:12,128 [INFO] trainer: epoch 495 done train_loss=1.0314 dt=20.9s
2026-07-16 13:20:31,215 [INFO] trainer: epoch 496 step 50/54 loss=1.0498 lr=1.03e-06
2026-07-16 13:20:32,678 [INFO] trainer: epoch 496 done train_loss=1.0464 dt=20.5s
2026-07-16 13:20:51,772 [INFO] trainer: epoch 497 step 50/54 loss=1.0794 lr=1.02e-06
2026-07-16 13:20:53,235 [INFO] trainer: epoch 497 done train_loss=1.0712 dt=20.6s
2026-07-16 13:21:12,335 [INFO] trainer: epoch 498 step 50/54 loss=1.0548 lr=1.01e-06
2026-07-16 13:21:13,798 [INFO] trainer: epoch 498 done train_loss=1.0671 dt=20.6s
2026-07-16 13:21:33,055 [INFO] trainer: epoch 499 step 50/54 loss=1.1007 lr=1.00e-06
2026-07-16 13:21:34,517 [INFO] trainer: epoch 499 done train_loss=1.0933 dt=20.7s
2026-07-16 13:21:53,589 [INFO] trainer: epoch 500 step 50/54 loss=1.0833 lr=1.00e-06
2026-07-16 13:21:55,052 [INFO] trainer: epoch 500 done train_loss=1.0883 dt=20.5s
2026-07-16 13:23:18,637 [INFO] trainer: epoch 500 val_mean_dice=0.7810
2026-07-16 13:23:19,072 [INFO] trainer: total time 21405.8 s, best dice 0.7812 (epochs 1-500 / 500)
