2026-07-16 07:21:45,211 [INFO] train: ========================================================================
2026-07-16 07:21:45,212 [INFO] train: model=ctfm config=configs/lowshot/ls_ctfm_ft_pt_f010.yaml
2026-07-16 07:21:45,212 [INFO] train: output=/scratch/lskrlj/runs/ls_ctfm_ft_pt_f010 device=cuda (NVIDIA A100-SXM4-40GB)
2026-07-16 07:21:45,212 [INFO] train: epochs=500 batch_size=2 grad_accum=2 eff_batch=4 lr=0.0002 amp=True
2026-07-16 07:21:45,212 [INFO] train: ========================================================================
2026-07-16 07:21:45,215 [INFO] train: splits: train=1082 val=57 classes=117
2026-07-16 07:21:45,215 [INFO] train: low-shot: train_fraction=0.1000 seed=1234 -> 108/1082 train cases
2026-07-16 07:22:08,913 [INFO] train: disk cache: /scratch/lskrlj/cache/TotalSeg/833d9d046402 (fingerprint=833d9d046402)
2026-07-16 07:26:02,345 [INFO] train: model ctfm, trainable params: 86786232 / 86786232 total (freeze_backbone=False)
2026-07-16 07:26:33,249 [WARNING] trainer: --resume set but no checkpoint found in /scratch/lskrlj/runs/ls_ctfm_ft_pt_f010; starting fresh
2026-07-16 07:26:33,249 [INFO] trainer: start: epochs 1-500/500 device=cuda amp=bf16 train_batches=54 val_batches=57
2026-07-16 07:26:50,221 [INFO] trainer: epoch 1 step 50/54 loss=11.2548 lr=1.85e-05
2026-07-16 07:26:51,210 [INFO] trainer: epoch 1 done train_loss=11.2352 dt=18.0s
2026-07-16 07:27:04,736 [INFO] trainer: epoch 2 step 50/54 loss=10.4629 lr=3.85e-05
2026-07-16 07:27:05,720 [INFO] trainer: epoch 2 done train_loss=10.4342 dt=14.5s
2026-07-16 07:27:19,102 [INFO] trainer: epoch 3 step 50/54 loss=9.3266 lr=5.85e-05
2026-07-16 07:27:20,090 [INFO] trainer: epoch 3 done train_loss=9.2677 dt=14.4s
2026-07-16 07:27:33,569 [INFO] trainer: epoch 4 step 50/54 loss=8.3967 lr=7.85e-05
2026-07-16 07:27:34,557 [INFO] trainer: epoch 4 done train_loss=8.3737 dt=14.5s
2026-07-16 07:27:48,125 [INFO] trainer: epoch 5 step 50/54 loss=7.7918 lr=9.85e-05
2026-07-16 07:27:49,112 [INFO] trainer: epoch 5 done train_loss=7.7783 dt=14.6s
2026-07-16 07:28:02,641 [INFO] trainer: epoch 6 step 50/54 loss=7.3285 lr=1.19e-04
2026-07-16 07:28:03,631 [INFO] trainer: epoch 6 done train_loss=7.3041 dt=14.5s
2026-07-16 07:28:17,212 [INFO] trainer: epoch 7 step 50/54 loss=6.9166 lr=1.39e-04
2026-07-16 07:28:18,200 [INFO] trainer: epoch 7 done train_loss=6.8939 dt=14.6s
2026-07-16 07:28:31,753 [INFO] trainer: epoch 8 step 50/54 loss=6.4223 lr=1.59e-04
2026-07-16 07:28:32,744 [INFO] trainer: epoch 8 done train_loss=6.4292 dt=14.5s
2026-07-16 07:28:46,208 [INFO] trainer: epoch 9 step 50/54 loss=6.0660 lr=1.79e-04
2026-07-16 07:28:47,197 [INFO] trainer: epoch 9 done train_loss=6.0502 dt=14.5s
2026-07-16 07:29:00,660 [INFO] trainer: epoch 10 step 50/54 loss=5.7060 lr=1.99e-04
2026-07-16 07:29:01,651 [INFO] trainer: epoch 10 done train_loss=5.6739 dt=14.5s
2026-07-16 07:29:16,696 [INFO] trainer: epoch 11 step 50/54 loss=5.3410 lr=2.00e-04
2026-07-16 07:29:17,683 [INFO] trainer: epoch 11 done train_loss=5.3401 dt=14.6s
2026-07-16 07:29:31,020 [INFO] trainer: epoch 12 step 50/54 loss=5.0528 lr=2.00e-04
2026-07-16 07:29:32,008 [INFO] trainer: epoch 12 done train_loss=5.0528 dt=14.3s
2026-07-16 07:29:45,281 [INFO] trainer: epoch 13 step 50/54 loss=4.8376 lr=2.00e-04
2026-07-16 07:29:46,267 [INFO] trainer: epoch 13 done train_loss=4.8304 dt=14.3s
2026-07-16 07:29:59,607 [INFO] trainer: epoch 14 step 50/54 loss=4.5985 lr=2.00e-04
2026-07-16 07:30:00,594 [INFO] trainer: epoch 14 done train_loss=4.5874 dt=14.3s
2026-07-16 07:30:14,102 [INFO] trainer: epoch 15 step 50/54 loss=4.3846 lr=2.00e-04
2026-07-16 07:30:15,087 [INFO] trainer: epoch 15 done train_loss=4.3703 dt=14.5s
2026-07-16 07:30:28,551 [INFO] trainer: epoch 16 step 50/54 loss=4.1495 lr=2.00e-04
2026-07-16 07:30:29,537 [INFO] trainer: epoch 16 done train_loss=4.1418 dt=14.4s
2026-07-16 07:30:43,258 [INFO] trainer: epoch 17 step 50/54 loss=4.0289 lr=2.00e-04
2026-07-16 07:30:44,245 [INFO] trainer: epoch 17 done train_loss=4.0278 dt=14.7s
2026-07-16 07:30:57,644 [INFO] trainer: epoch 18 step 50/54 loss=3.8074 lr=2.00e-04
2026-07-16 07:30:58,631 [INFO] trainer: epoch 18 done train_loss=3.8038 dt=14.4s
2026-07-16 07:31:12,175 [INFO] trainer: epoch 19 step 50/54 loss=3.6875 lr=2.00e-04
2026-07-16 07:31:13,161 [INFO] trainer: epoch 19 done train_loss=3.6834 dt=14.5s
2026-07-16 07:31:26,832 [INFO] trainer: epoch 20 step 50/54 loss=3.5187 lr=2.00e-04
2026-07-16 07:31:27,819 [INFO] trainer: epoch 20 done train_loss=3.5194 dt=14.7s
2026-07-16 07:31:42,916 [INFO] trainer: epoch 21 step 50/54 loss=3.4414 lr=2.00e-04
2026-07-16 07:31:43,903 [INFO] trainer: epoch 21 done train_loss=3.4233 dt=14.7s
2026-07-16 07:31:57,508 [INFO] trainer: epoch 22 step 50/54 loss=3.3119 lr=2.00e-04
2026-07-16 07:31:58,496 [INFO] trainer: epoch 22 done train_loss=3.3058 dt=14.6s
2026-07-16 07:32:11,975 [INFO] trainer: epoch 23 step 50/54 loss=3.1647 lr=2.00e-04
2026-07-16 07:32:12,961 [INFO] trainer: epoch 23 done train_loss=3.1560 dt=14.5s
2026-07-16 07:32:26,650 [INFO] trainer: epoch 24 step 50/54 loss=3.0835 lr=2.00e-04
2026-07-16 07:32:27,637 [INFO] trainer: epoch 24 done train_loss=3.0771 dt=14.7s
2026-07-16 07:32:41,336 [INFO] trainer: epoch 25 step 50/54 loss=2.9703 lr=2.00e-04
2026-07-16 07:32:42,322 [INFO] trainer: epoch 25 done train_loss=2.9622 dt=14.7s
2026-07-16 07:33:32,640 [INFO] trainer: epoch 25 val_mean_dice=0.0403
2026-07-16 07:33:47,436 [INFO] trainer: epoch 26 step 50/54 loss=2.9290 lr=1.99e-04
2026-07-16 07:33:48,423 [INFO] trainer: epoch 26 done train_loss=2.9244 dt=14.5s
2026-07-16 07:34:02,118 [INFO] trainer: epoch 27 step 50/54 loss=2.8443 lr=1.99e-04
2026-07-16 07:34:03,113 [INFO] trainer: epoch 27 done train_loss=2.8386 dt=14.7s
2026-07-16 07:34:16,854 [INFO] trainer: epoch 28 step 50/54 loss=2.7451 lr=1.99e-04
2026-07-16 07:34:17,842 [INFO] trainer: epoch 28 done train_loss=2.7414 dt=14.7s
2026-07-16 07:34:31,544 [INFO] trainer: epoch 29 step 50/54 loss=2.7000 lr=1.99e-04
2026-07-16 07:34:32,531 [INFO] trainer: epoch 29 done train_loss=2.6926 dt=14.7s
2026-07-16 07:34:45,947 [INFO] trainer: epoch 30 step 50/54 loss=2.6522 lr=1.99e-04
2026-07-16 07:34:46,935 [INFO] trainer: epoch 30 done train_loss=2.6465 dt=14.4s
2026-07-16 07:35:01,902 [INFO] trainer: epoch 31 step 50/54 loss=2.5978 lr=1.99e-04
2026-07-16 07:35:02,889 [INFO] trainer: epoch 31 done train_loss=2.5895 dt=14.4s
2026-07-16 07:35:16,220 [INFO] trainer: epoch 32 step 50/54 loss=2.5420 lr=1.99e-04
2026-07-16 07:35:17,206 [INFO] trainer: epoch 32 done train_loss=2.5337 dt=14.3s
2026-07-16 07:35:30,689 [INFO] trainer: epoch 33 step 50/54 loss=2.4684 lr=1.99e-04
2026-07-16 07:35:31,678 [INFO] trainer: epoch 33 done train_loss=2.4659 dt=14.5s
2026-07-16 07:35:45,174 [INFO] trainer: epoch 34 step 50/54 loss=2.4293 lr=1.99e-04
2026-07-16 07:35:46,163 [INFO] trainer: epoch 34 done train_loss=2.4321 dt=14.5s
2026-07-16 07:35:59,780 [INFO] trainer: epoch 35 step 50/54 loss=2.3843 lr=1.99e-04
2026-07-16 07:36:00,767 [INFO] trainer: epoch 35 done train_loss=2.3848 dt=14.6s
2026-07-16 07:36:14,380 [INFO] trainer: epoch 36 step 50/54 loss=2.3733 lr=1.99e-04
2026-07-16 07:36:15,367 [INFO] trainer: epoch 36 done train_loss=2.3701 dt=14.6s
2026-07-16 07:36:28,916 [INFO] trainer: epoch 37 step 50/54 loss=2.3231 lr=1.99e-04
2026-07-16 07:36:29,904 [INFO] trainer: epoch 37 done train_loss=2.3172 dt=14.5s
2026-07-16 07:36:43,485 [INFO] trainer: epoch 38 step 50/54 loss=2.2938 lr=1.98e-04
2026-07-16 07:36:44,472 [INFO] trainer: epoch 38 done train_loss=2.2896 dt=14.6s
2026-07-16 07:36:58,011 [INFO] trainer: epoch 39 step 50/54 loss=2.2598 lr=1.98e-04
2026-07-16 07:36:58,997 [INFO] trainer: epoch 39 done train_loss=2.2619 dt=14.5s
2026-07-16 07:37:12,420 [INFO] trainer: epoch 40 step 50/54 loss=2.2306 lr=1.98e-04
2026-07-16 07:37:13,410 [INFO] trainer: epoch 40 done train_loss=2.2372 dt=14.4s
2026-07-16 07:37:28,476 [INFO] trainer: epoch 41 step 50/54 loss=2.1879 lr=1.98e-04
2026-07-16 07:37:29,465 [INFO] trainer: epoch 41 done train_loss=2.1911 dt=14.5s
2026-07-16 07:37:43,126 [INFO] trainer: epoch 42 step 50/54 loss=2.1695 lr=1.98e-04
2026-07-16 07:37:44,115 [INFO] trainer: epoch 42 done train_loss=2.1672 dt=14.6s
2026-07-16 07:37:57,611 [INFO] trainer: epoch 43 step 50/54 loss=2.1321 lr=1.98e-04
2026-07-16 07:37:58,598 [INFO] trainer: epoch 43 done train_loss=2.1311 dt=14.5s
2026-07-16 07:38:12,260 [INFO] trainer: epoch 44 step 50/54 loss=2.1034 lr=1.98e-04
2026-07-16 07:38:13,247 [INFO] trainer: epoch 44 done train_loss=2.1007 dt=14.6s
2026-07-16 07:38:26,799 [INFO] trainer: epoch 45 step 50/54 loss=2.0814 lr=1.98e-04
2026-07-16 07:38:27,787 [INFO] trainer: epoch 45 done train_loss=2.0843 dt=14.5s
2026-07-16 07:38:41,259 [INFO] trainer: epoch 46 step 50/54 loss=2.0369 lr=1.97e-04
2026-07-16 07:38:42,245 [INFO] trainer: epoch 46 done train_loss=2.0290 dt=14.5s
2026-07-16 07:38:55,856 [INFO] trainer: epoch 47 step 50/54 loss=2.0109 lr=1.97e-04
2026-07-16 07:38:56,848 [INFO] trainer: epoch 47 done train_loss=2.0147 dt=14.6s
2026-07-16 07:39:10,625 [INFO] trainer: epoch 48 step 50/54 loss=2.0071 lr=1.97e-04
2026-07-16 07:39:11,611 [INFO] trainer: epoch 48 done train_loss=2.0022 dt=14.8s
2026-07-16 07:39:25,100 [INFO] trainer: epoch 49 step 50/54 loss=1.9734 lr=1.97e-04
2026-07-16 07:39:26,089 [INFO] trainer: epoch 49 done train_loss=1.9686 dt=14.5s
2026-07-16 07:39:39,538 [INFO] trainer: epoch 50 step 50/54 loss=1.9185 lr=1.97e-04
2026-07-16 07:39:40,526 [INFO] trainer: epoch 50 done train_loss=1.9189 dt=14.4s
2026-07-16 07:40:26,959 [INFO] trainer: epoch 50 val_mean_dice=0.3426
2026-07-16 07:40:43,170 [INFO] trainer: epoch 51 step 50/54 loss=1.9108 lr=1.97e-04
2026-07-16 07:40:44,156 [INFO] trainer: epoch 51 done train_loss=1.9053 dt=14.2s
2026-07-16 07:40:57,580 [INFO] trainer: epoch 52 step 50/54 loss=1.8837 lr=1.96e-04
2026-07-16 07:40:58,568 [INFO] trainer: epoch 52 done train_loss=1.8853 dt=14.4s
2026-07-16 07:41:11,994 [INFO] trainer: epoch 53 step 50/54 loss=1.8724 lr=1.96e-04
2026-07-16 07:41:12,981 [INFO] trainer: epoch 53 done train_loss=1.8667 dt=14.4s
2026-07-16 07:41:26,720 [INFO] trainer: epoch 54 step 50/54 loss=1.8453 lr=1.96e-04
2026-07-16 07:41:27,706 [INFO] trainer: epoch 54 done train_loss=1.8501 dt=14.7s
2026-07-16 07:41:41,340 [INFO] trainer: epoch 55 step 50/54 loss=1.8152 lr=1.96e-04
2026-07-16 07:41:42,327 [INFO] trainer: epoch 55 done train_loss=1.8237 dt=14.6s
2026-07-16 07:41:55,870 [INFO] trainer: epoch 56 step 50/54 loss=1.7995 lr=1.96e-04
2026-07-16 07:41:56,860 [INFO] trainer: epoch 56 done train_loss=1.7892 dt=14.5s
2026-07-16 07:42:10,424 [INFO] trainer: epoch 57 step 50/54 loss=1.7973 lr=1.96e-04
2026-07-16 07:42:11,411 [INFO] trainer: epoch 57 done train_loss=1.8053 dt=14.6s
2026-07-16 07:42:25,065 [INFO] trainer: epoch 58 step 50/54 loss=1.7851 lr=1.95e-04
2026-07-16 07:42:26,054 [INFO] trainer: epoch 58 done train_loss=1.7763 dt=14.6s
2026-07-16 07:42:39,720 [INFO] trainer: epoch 59 step 50/54 loss=1.7537 lr=1.95e-04
2026-07-16 07:42:40,707 [INFO] trainer: epoch 59 done train_loss=1.7597 dt=14.7s
2026-07-16 07:42:54,247 [INFO] trainer: epoch 60 step 50/54 loss=1.7304 lr=1.95e-04
2026-07-16 07:42:55,236 [INFO] trainer: epoch 60 done train_loss=1.7239 dt=14.5s
2026-07-16 07:43:10,396 [INFO] trainer: epoch 61 step 50/54 loss=1.6807 lr=1.95e-04
2026-07-16 07:43:11,384 [INFO] trainer: epoch 61 done train_loss=1.6807 dt=14.6s
2026-07-16 07:43:24,857 [INFO] trainer: epoch 62 step 50/54 loss=1.6713 lr=1.95e-04
2026-07-16 07:43:25,844 [INFO] trainer: epoch 62 done train_loss=1.6705 dt=14.5s
2026-07-16 07:43:39,444 [INFO] trainer: epoch 63 step 50/54 loss=1.6479 lr=1.94e-04
2026-07-16 07:43:40,433 [INFO] trainer: epoch 63 done train_loss=1.6575 dt=14.6s
2026-07-16 07:43:54,071 [INFO] trainer: epoch 64 step 50/54 loss=1.6405 lr=1.94e-04
2026-07-16 07:43:55,061 [INFO] trainer: epoch 64 done train_loss=1.6381 dt=14.6s
2026-07-16 07:44:08,650 [INFO] trainer: epoch 65 step 50/54 loss=1.6353 lr=1.94e-04
2026-07-16 07:44:09,636 [INFO] trainer: epoch 65 done train_loss=1.6345 dt=14.6s
2026-07-16 07:44:23,182 [INFO] trainer: epoch 66 step 50/54 loss=1.6374 lr=1.94e-04
2026-07-16 07:44:24,169 [INFO] trainer: epoch 66 done train_loss=1.6379 dt=14.5s
2026-07-16 07:44:37,860 [INFO] trainer: epoch 67 step 50/54 loss=1.5959 lr=1.93e-04
2026-07-16 07:44:38,847 [INFO] trainer: epoch 67 done train_loss=1.5926 dt=14.7s
2026-07-16 07:44:52,416 [INFO] trainer: epoch 68 step 50/54 loss=1.6334 lr=1.93e-04
2026-07-16 07:44:53,407 [INFO] trainer: epoch 68 done train_loss=1.6306 dt=14.6s
2026-07-16 07:45:07,009 [INFO] trainer: epoch 69 step 50/54 loss=1.5657 lr=1.93e-04
2026-07-16 07:45:07,998 [INFO] trainer: epoch 69 done train_loss=1.5613 dt=14.6s
2026-07-16 07:45:21,619 [INFO] trainer: epoch 70 step 50/54 loss=1.5624 lr=1.93e-04
2026-07-16 07:45:22,610 [INFO] trainer: epoch 70 done train_loss=1.5678 dt=14.6s
2026-07-16 07:45:37,862 [INFO] trainer: epoch 71 step 50/54 loss=1.5656 lr=1.93e-04
2026-07-16 07:45:38,852 [INFO] trainer: epoch 71 done train_loss=1.5579 dt=14.6s
2026-07-16 07:45:52,215 [INFO] trainer: epoch 72 step 50/54 loss=1.5231 lr=1.92e-04
2026-07-16 07:45:53,203 [INFO] trainer: epoch 72 done train_loss=1.5340 dt=14.4s
2026-07-16 07:46:06,786 [INFO] trainer: epoch 73 step 50/54 loss=1.5115 lr=1.92e-04
2026-07-16 07:46:07,776 [INFO] trainer: epoch 73 done train_loss=1.5111 dt=14.6s
2026-07-16 07:46:21,418 [INFO] trainer: epoch 74 step 50/54 loss=1.5150 lr=1.92e-04
2026-07-16 07:46:22,408 [INFO] trainer: epoch 74 done train_loss=1.5086 dt=14.6s
2026-07-16 07:46:36,068 [INFO] trainer: epoch 75 step 50/54 loss=1.4869 lr=1.92e-04
2026-07-16 07:46:37,056 [INFO] trainer: epoch 75 done train_loss=1.4977 dt=14.6s
2026-07-16 07:47:23,454 [INFO] trainer: epoch 75 val_mean_dice=0.6652
2026-07-16 07:47:38,555 [INFO] trainer: epoch 76 step 50/54 loss=1.5060 lr=1.91e-04
2026-07-16 07:47:39,543 [INFO] trainer: epoch 76 done train_loss=1.5046 dt=14.5s
2026-07-16 07:47:53,109 [INFO] trainer: epoch 77 step 50/54 loss=1.4874 lr=1.91e-04
2026-07-16 07:47:54,097 [INFO] trainer: epoch 77 done train_loss=1.4791 dt=14.6s
2026-07-16 07:48:07,774 [INFO] trainer: epoch 78 step 50/54 loss=1.5012 lr=1.91e-04
2026-07-16 07:48:08,761 [INFO] trainer: epoch 78 done train_loss=1.5026 dt=14.7s
2026-07-16 07:48:22,553 [INFO] trainer: epoch 79 step 50/54 loss=1.5072 lr=1.90e-04
2026-07-16 07:48:23,540 [INFO] trainer: epoch 79 done train_loss=1.4967 dt=14.8s
2026-07-16 07:48:37,175 [INFO] trainer: epoch 80 step 50/54 loss=1.4576 lr=1.90e-04
2026-07-16 07:48:38,162 [INFO] trainer: epoch 80 done train_loss=1.4567 dt=14.6s
2026-07-16 07:48:53,338 [INFO] trainer: epoch 81 step 50/54 loss=1.4187 lr=1.90e-04
2026-07-16 07:48:54,327 [INFO] trainer: epoch 81 done train_loss=1.4306 dt=14.5s
2026-07-16 07:49:07,973 [INFO] trainer: epoch 82 step 50/54 loss=1.4125 lr=1.90e-04
2026-07-16 07:49:08,962 [INFO] trainer: epoch 82 done train_loss=1.4320 dt=14.6s
2026-07-16 07:49:22,565 [INFO] trainer: epoch 83 step 50/54 loss=1.4008 lr=1.89e-04
2026-07-16 07:49:23,555 [INFO] trainer: epoch 83 done train_loss=1.4120 dt=14.6s
2026-07-16 07:49:36,900 [INFO] trainer: epoch 84 step 50/54 loss=1.4173 lr=1.89e-04
2026-07-16 07:49:37,888 [INFO] trainer: epoch 84 done train_loss=1.4048 dt=14.3s
2026-07-16 07:49:51,447 [INFO] trainer: epoch 85 step 50/54 loss=1.4121 lr=1.89e-04
2026-07-16 07:49:52,437 [INFO] trainer: epoch 85 done train_loss=1.4167 dt=14.5s
2026-07-16 07:50:05,837 [INFO] trainer: epoch 86 step 50/54 loss=1.4090 lr=1.88e-04
2026-07-16 07:50:06,824 [INFO] trainer: epoch 86 done train_loss=1.4094 dt=14.4s
2026-07-16 07:50:20,604 [INFO] trainer: epoch 87 step 50/54 loss=1.4275 lr=1.88e-04
2026-07-16 07:50:21,589 [INFO] trainer: epoch 87 done train_loss=1.4184 dt=14.8s
2026-07-16 07:50:35,246 [INFO] trainer: epoch 88 step 50/54 loss=1.3814 lr=1.88e-04
2026-07-16 07:50:36,236 [INFO] trainer: epoch 88 done train_loss=1.3967 dt=14.6s
2026-07-16 07:50:49,915 [INFO] trainer: epoch 89 step 50/54 loss=1.2961 lr=1.88e-04
2026-07-16 07:50:50,907 [INFO] trainer: epoch 89 done train_loss=1.2944 dt=14.7s
2026-07-16 07:51:04,636 [INFO] trainer: epoch 90 step 50/54 loss=1.3313 lr=1.87e-04
2026-07-16 07:51:05,623 [INFO] trainer: epoch 90 done train_loss=1.3287 dt=14.7s
2026-07-16 07:51:21,032 [INFO] trainer: epoch 91 step 50/54 loss=1.3678 lr=1.87e-04
2026-07-16 07:51:22,018 [INFO] trainer: epoch 91 done train_loss=1.3632 dt=14.8s
2026-07-16 07:51:35,688 [INFO] trainer: epoch 92 step 50/54 loss=1.3288 lr=1.87e-04
2026-07-16 07:51:36,676 [INFO] trainer: epoch 92 done train_loss=1.3487 dt=14.7s
2026-07-16 07:51:50,318 [INFO] trainer: epoch 93 step 50/54 loss=1.3181 lr=1.86e-04
2026-07-16 07:51:51,308 [INFO] trainer: epoch 93 done train_loss=1.3101 dt=14.6s
2026-07-16 07:52:04,901 [INFO] trainer: epoch 94 step 50/54 loss=1.3475 lr=1.86e-04
2026-07-16 07:52:05,891 [INFO] trainer: epoch 94 done train_loss=1.3358 dt=14.6s
2026-07-16 07:52:19,772 [INFO] trainer: epoch 95 step 50/54 loss=1.3336 lr=1.86e-04
2026-07-16 07:52:20,760 [INFO] trainer: epoch 95 done train_loss=1.3305 dt=14.9s
2026-07-16 07:52:34,336 [INFO] trainer: epoch 96 step 50/54 loss=1.2946 lr=1.85e-04
2026-07-16 07:52:35,324 [INFO] trainer: epoch 96 done train_loss=1.2945 dt=14.6s
2026-07-16 07:52:48,973 [INFO] trainer: epoch 97 step 50/54 loss=1.2939 lr=1.85e-04
2026-07-16 07:52:49,960 [INFO] trainer: epoch 97 done train_loss=1.3014 dt=14.6s
2026-07-16 07:53:03,570 [INFO] trainer: epoch 98 step 50/54 loss=1.2992 lr=1.85e-04
2026-07-16 07:53:04,560 [INFO] trainer: epoch 98 done train_loss=1.3109 dt=14.6s
2026-07-16 07:53:18,186 [INFO] trainer: epoch 99 step 50/54 loss=1.3124 lr=1.84e-04
2026-07-16 07:53:19,173 [INFO] trainer: epoch 99 done train_loss=1.3065 dt=14.6s
2026-07-16 07:53:32,688 [INFO] trainer: epoch 100 step 50/54 loss=1.2958 lr=1.84e-04
2026-07-16 07:53:33,675 [INFO] trainer: epoch 100 done train_loss=1.3075 dt=14.5s
2026-07-16 07:54:20,354 [INFO] trainer: epoch 100 val_mean_dice=0.7468
2026-07-16 07:54:37,099 [INFO] trainer: epoch 101 step 50/54 loss=1.3131 lr=1.84e-04
2026-07-16 07:54:38,087 [INFO] trainer: epoch 101 done train_loss=1.3183 dt=14.6s
2026-07-16 07:54:51,635 [INFO] trainer: epoch 102 step 50/54 loss=1.3165 lr=1.83e-04
2026-07-16 07:54:52,623 [INFO] trainer: epoch 102 done train_loss=1.3151 dt=14.5s
2026-07-16 07:55:06,218 [INFO] trainer: epoch 103 step 50/54 loss=1.3131 lr=1.83e-04
2026-07-16 07:55:07,206 [INFO] trainer: epoch 103 done train_loss=1.3079 dt=14.6s
2026-07-16 07:55:20,698 [INFO] trainer: epoch 104 step 50/54 loss=1.2925 lr=1.82e-04
2026-07-16 07:55:21,687 [INFO] trainer: epoch 104 done train_loss=1.2948 dt=14.5s
2026-07-16 07:55:35,300 [INFO] trainer: epoch 105 step 50/54 loss=1.2761 lr=1.82e-04
2026-07-16 07:55:36,288 [INFO] trainer: epoch 105 done train_loss=1.2724 dt=14.6s
2026-07-16 07:55:49,876 [INFO] trainer: epoch 106 step 50/54 loss=1.2666 lr=1.82e-04
2026-07-16 07:55:50,863 [INFO] trainer: epoch 106 done train_loss=1.2761 dt=14.6s
2026-07-16 07:56:04,596 [INFO] trainer: epoch 107 step 50/54 loss=1.2784 lr=1.81e-04
2026-07-16 07:56:05,583 [INFO] trainer: epoch 107 done train_loss=1.2755 dt=14.7s
2026-07-16 07:56:19,099 [INFO] trainer: epoch 108 step 50/54 loss=1.3087 lr=1.81e-04
2026-07-16 07:56:20,088 [INFO] trainer: epoch 108 done train_loss=1.2993 dt=14.5s
2026-07-16 07:56:33,663 [INFO] trainer: epoch 109 step 50/54 loss=1.2913 lr=1.81e-04
2026-07-16 07:56:34,652 [INFO] trainer: epoch 109 done train_loss=1.2803 dt=14.6s
2026-07-16 07:56:48,343 [INFO] trainer: epoch 110 step 50/54 loss=1.2657 lr=1.80e-04
2026-07-16 07:56:49,331 [INFO] trainer: epoch 110 done train_loss=1.2596 dt=14.7s
2026-07-16 07:57:04,513 [INFO] trainer: epoch 111 step 50/54 loss=1.2849 lr=1.80e-04
2026-07-16 07:57:05,501 [INFO] trainer: epoch 111 done train_loss=1.2755 dt=14.6s
2026-07-16 07:57:19,020 [INFO] trainer: epoch 112 step 50/54 loss=1.2714 lr=1.79e-04
2026-07-16 07:57:20,007 [INFO] trainer: epoch 112 done train_loss=1.2703 dt=14.5s
2026-07-16 07:57:33,512 [INFO] trainer: epoch 113 step 50/54 loss=1.2614 lr=1.79e-04
2026-07-16 07:57:34,502 [INFO] trainer: epoch 113 done train_loss=1.2741 dt=14.5s
2026-07-16 07:57:48,215 [INFO] trainer: epoch 114 step 50/54 loss=1.2504 lr=1.79e-04
2026-07-16 07:57:49,202 [INFO] trainer: epoch 114 done train_loss=1.2499 dt=14.7s
2026-07-16 07:58:02,569 [INFO] trainer: epoch 115 step 50/54 loss=1.2028 lr=1.78e-04
2026-07-16 07:58:03,556 [INFO] trainer: epoch 115 done train_loss=1.2121 dt=14.4s
2026-07-16 07:58:17,280 [INFO] trainer: epoch 116 step 50/54 loss=1.2601 lr=1.78e-04
2026-07-16 07:58:18,268 [INFO] trainer: epoch 116 done train_loss=1.2715 dt=14.7s
2026-07-16 07:58:32,142 [INFO] trainer: epoch 117 step 50/54 loss=1.2617 lr=1.78e-04
2026-07-16 07:58:33,131 [INFO] trainer: epoch 117 done train_loss=1.2462 dt=14.9s
2026-07-16 07:58:46,842 [INFO] trainer: epoch 118 step 50/54 loss=1.2656 lr=1.77e-04
2026-07-16 07:58:47,831 [INFO] trainer: epoch 118 done train_loss=1.2627 dt=14.7s
2026-07-16 07:59:01,216 [INFO] trainer: epoch 119 step 50/54 loss=1.2585 lr=1.77e-04
2026-07-16 07:59:02,207 [INFO] trainer: epoch 119 done train_loss=1.2711 dt=14.4s
2026-07-16 07:59:15,825 [INFO] trainer: epoch 120 step 50/54 loss=1.2300 lr=1.76e-04
2026-07-16 07:59:16,814 [INFO] trainer: epoch 120 done train_loss=1.2204 dt=14.6s
2026-07-16 07:59:31,928 [INFO] trainer: epoch 121 step 50/54 loss=1.1945 lr=1.76e-04
2026-07-16 07:59:32,914 [INFO] trainer: epoch 121 done train_loss=1.2006 dt=14.5s
2026-07-16 07:59:46,484 [INFO] trainer: epoch 122 step 50/54 loss=1.2556 lr=1.75e-04
2026-07-16 07:59:47,472 [INFO] trainer: epoch 122 done train_loss=1.2471 dt=14.6s
2026-07-16 08:00:00,978 [INFO] trainer: epoch 123 step 50/54 loss=1.2260 lr=1.75e-04
2026-07-16 08:00:01,967 [INFO] trainer: epoch 123 done train_loss=1.2323 dt=14.5s
2026-07-16 08:00:15,519 [INFO] trainer: epoch 124 step 50/54 loss=1.2083 lr=1.75e-04
2026-07-16 08:00:16,506 [INFO] trainer: epoch 124 done train_loss=1.2113 dt=14.5s
2026-07-16 08:00:30,200 [INFO] trainer: epoch 125 step 50/54 loss=1.2402 lr=1.74e-04
2026-07-16 08:00:31,188 [INFO] trainer: epoch 125 done train_loss=1.2320 dt=14.7s
2026-07-16 08:01:17,656 [INFO] trainer: epoch 125 val_mean_dice=0.7533
2026-07-16 08:01:33,249 [INFO] trainer: epoch 126 step 50/54 loss=1.2034 lr=1.74e-04
2026-07-16 08:01:34,245 [INFO] trainer: epoch 126 done train_loss=1.2138 dt=14.8s
2026-07-16 08:01:47,681 [INFO] trainer: epoch 127 step 50/54 loss=1.2362 lr=1.73e-04
2026-07-16 08:01:48,676 [INFO] trainer: epoch 127 done train_loss=1.2459 dt=14.4s
2026-07-16 08:02:02,031 [INFO] trainer: epoch 128 step 50/54 loss=1.2121 lr=1.73e-04
2026-07-16 08:02:03,024 [INFO] trainer: epoch 128 done train_loss=1.2182 dt=14.3s
2026-07-16 08:02:16,489 [INFO] trainer: epoch 129 step 50/54 loss=1.1951 lr=1.72e-04
2026-07-16 08:02:17,487 [INFO] trainer: epoch 129 done train_loss=1.1967 dt=14.5s
2026-07-16 08:02:30,894 [INFO] trainer: epoch 130 step 50/54 loss=1.2359 lr=1.72e-04
2026-07-16 08:02:31,886 [INFO] trainer: epoch 130 done train_loss=1.2239 dt=14.4s
2026-07-16 08:02:46,958 [INFO] trainer: epoch 131 step 50/54 loss=1.2336 lr=1.72e-04
2026-07-16 08:02:47,951 [INFO] trainer: epoch 131 done train_loss=1.2432 dt=14.5s
2026-07-16 08:03:01,432 [INFO] trainer: epoch 132 step 50/54 loss=1.1914 lr=1.71e-04
2026-07-16 08:03:02,421 [INFO] trainer: epoch 132 done train_loss=1.2005 dt=14.5s
2026-07-16 08:03:16,089 [INFO] trainer: epoch 133 step 50/54 loss=1.1949 lr=1.71e-04
2026-07-16 08:03:27,946 [INFO] trainer: epoch 133 done train_loss=1.1980 dt=25.5s
2026-07-16 08:03:41,283 [INFO] trainer: epoch 134 step 50/54 loss=1.2053 lr=1.70e-04
2026-07-16 08:03:42,268 [INFO] trainer: epoch 134 done train_loss=1.2127 dt=14.3s
2026-07-16 08:03:55,662 [INFO] trainer: epoch 135 step 50/54 loss=1.2110 lr=1.70e-04
2026-07-16 08:03:56,648 [INFO] trainer: epoch 135 done train_loss=1.2114 dt=14.4s
2026-07-16 08:04:10,179 [INFO] trainer: epoch 136 step 50/54 loss=1.2237 lr=1.69e-04
2026-07-16 08:04:11,166 [INFO] trainer: epoch 136 done train_loss=1.2354 dt=14.5s
2026-07-16 08:04:24,680 [INFO] trainer: epoch 137 step 50/54 loss=1.3069 lr=1.69e-04
2026-07-16 08:04:25,670 [INFO] trainer: epoch 137 done train_loss=1.2978 dt=14.5s
2026-07-16 08:04:39,291 [INFO] trainer: epoch 138 step 50/54 loss=1.2445 lr=1.68e-04
2026-07-16 08:04:40,276 [INFO] trainer: epoch 138 done train_loss=1.2256 dt=14.6s
2026-07-16 08:04:53,792 [INFO] trainer: epoch 139 step 50/54 loss=1.2036 lr=1.68e-04
2026-07-16 08:04:54,780 [INFO] trainer: epoch 139 done train_loss=1.1984 dt=14.5s
2026-07-16 08:05:08,158 [INFO] trainer: epoch 140 step 50/54 loss=1.1601 lr=1.67e-04
2026-07-16 08:05:09,147 [INFO] trainer: epoch 140 done train_loss=1.1739 dt=14.4s
2026-07-16 08:05:24,292 [INFO] trainer: epoch 141 step 50/54 loss=1.1833 lr=1.67e-04
2026-07-16 08:05:25,281 [INFO] trainer: epoch 141 done train_loss=1.1975 dt=14.6s
2026-07-16 08:05:38,868 [INFO] trainer: epoch 142 step 50/54 loss=1.1972 lr=1.66e-04
2026-07-16 08:05:39,855 [INFO] trainer: epoch 142 done train_loss=1.1982 dt=14.6s
2026-07-16 08:05:53,648 [INFO] trainer: epoch 143 step 50/54 loss=1.2295 lr=1.66e-04
2026-07-16 08:05:54,638 [INFO] trainer: epoch 143 done train_loss=1.2160 dt=14.8s
2026-07-16 08:06:08,282 [INFO] trainer: epoch 144 step 50/54 loss=1.1596 lr=1.66e-04
2026-07-16 08:06:09,269 [INFO] trainer: epoch 144 done train_loss=1.1545 dt=14.6s
2026-07-16 08:06:22,859 [INFO] trainer: epoch 145 step 50/54 loss=1.1841 lr=1.65e-04
2026-07-16 08:06:23,850 [INFO] trainer: epoch 145 done train_loss=1.1793 dt=14.6s
2026-07-16 08:06:37,401 [INFO] trainer: epoch 146 step 50/54 loss=1.1929 lr=1.65e-04
2026-07-16 08:06:38,389 [INFO] trainer: epoch 146 done train_loss=1.1905 dt=14.5s
2026-07-16 08:06:51,854 [INFO] trainer: epoch 147 step 50/54 loss=1.2027 lr=1.64e-04
2026-07-16 08:06:52,844 [INFO] trainer: epoch 147 done train_loss=1.2007 dt=14.5s
2026-07-16 08:07:06,283 [INFO] trainer: epoch 148 step 50/54 loss=1.1705 lr=1.64e-04
2026-07-16 08:07:07,270 [INFO] trainer: epoch 148 done train_loss=1.1576 dt=14.4s
2026-07-16 08:07:20,963 [INFO] trainer: epoch 149 step 50/54 loss=1.1543 lr=1.63e-04
2026-07-16 08:07:21,949 [INFO] trainer: epoch 149 done train_loss=1.1553 dt=14.7s
2026-07-16 08:07:35,560 [INFO] trainer: epoch 150 step 50/54 loss=1.1551 lr=1.63e-04
2026-07-16 08:07:36,550 [INFO] trainer: epoch 150 done train_loss=1.1674 dt=14.6s
2026-07-16 08:08:23,137 [INFO] trainer: epoch 150 val_mean_dice=0.7603
2026-07-16 08:08:39,907 [INFO] trainer: epoch 151 step 50/54 loss=1.1833 lr=1.62e-04
2026-07-16 08:08:40,894 [INFO] trainer: epoch 151 done train_loss=1.1870 dt=14.6s
2026-07-16 08:08:54,604 [INFO] trainer: epoch 152 step 50/54 loss=1.1835 lr=1.62e-04
2026-07-16 08:08:55,597 [INFO] trainer: epoch 152 done train_loss=1.1728 dt=14.7s
2026-07-16 08:09:09,158 [INFO] trainer: epoch 153 step 50/54 loss=1.1789 lr=1.61e-04
2026-07-16 08:09:10,147 [INFO] trainer: epoch 153 done train_loss=1.1695 dt=14.5s
2026-07-16 08:09:23,669 [INFO] trainer: epoch 154 step 50/54 loss=1.1760 lr=1.61e-04
2026-07-16 08:09:24,660 [INFO] trainer: epoch 154 done train_loss=1.1827 dt=14.5s
2026-07-16 08:09:38,378 [INFO] trainer: epoch 155 step 50/54 loss=1.1794 lr=1.60e-04
2026-07-16 08:09:39,366 [INFO] trainer: epoch 155 done train_loss=1.1728 dt=14.7s
2026-07-16 08:09:52,781 [INFO] trainer: epoch 156 step 50/54 loss=1.1434 lr=1.60e-04
2026-07-16 08:09:53,769 [INFO] trainer: epoch 156 done train_loss=1.1458 dt=14.4s
2026-07-16 08:10:07,145 [INFO] trainer: epoch 157 step 50/54 loss=1.1237 lr=1.59e-04
2026-07-16 08:10:08,134 [INFO] trainer: epoch 157 done train_loss=1.1299 dt=14.4s
2026-07-16 08:10:21,437 [INFO] trainer: epoch 158 step 50/54 loss=1.1710 lr=1.59e-04
2026-07-16 08:10:22,427 [INFO] trainer: epoch 158 done train_loss=1.1773 dt=14.3s
2026-07-16 08:10:35,890 [INFO] trainer: epoch 159 step 50/54 loss=1.1492 lr=1.58e-04
2026-07-16 08:10:36,879 [INFO] trainer: epoch 159 done train_loss=1.1367 dt=14.5s
2026-07-16 08:10:50,261 [INFO] trainer: epoch 160 step 50/54 loss=1.1482 lr=1.57e-04
2026-07-16 08:10:51,249 [INFO] trainer: epoch 160 done train_loss=1.1541 dt=14.4s
2026-07-16 08:11:06,721 [INFO] trainer: epoch 161 step 50/54 loss=1.2240 lr=1.57e-04
2026-07-16 08:11:07,712 [INFO] trainer: epoch 161 done train_loss=1.2123 dt=14.9s
2026-07-16 08:11:21,238 [INFO] trainer: epoch 162 step 50/54 loss=1.1191 lr=1.56e-04
2026-07-16 08:11:22,225 [INFO] trainer: epoch 162 done train_loss=1.1148 dt=14.5s
2026-07-16 08:11:35,963 [INFO] trainer: epoch 163 step 50/54 loss=1.1538 lr=1.56e-04
2026-07-16 08:11:36,953 [INFO] trainer: epoch 163 done train_loss=1.1607 dt=14.7s
2026-07-16 08:11:50,746 [INFO] trainer: epoch 164 step 50/54 loss=1.1452 lr=1.55e-04
2026-07-16 08:11:51,735 [INFO] trainer: epoch 164 done train_loss=1.1320 dt=14.8s
2026-07-16 08:12:05,660 [INFO] trainer: epoch 165 step 50/54 loss=1.1644 lr=1.55e-04
2026-07-16 08:12:06,650 [INFO] trainer: epoch 165 done train_loss=1.1764 dt=14.9s
2026-07-16 08:12:20,281 [INFO] trainer: epoch 166 step 50/54 loss=1.1375 lr=1.54e-04
2026-07-16 08:12:21,271 [INFO] trainer: epoch 166 done train_loss=1.1318 dt=14.6s
2026-07-16 08:12:34,987 [INFO] trainer: epoch 167 step 50/54 loss=1.1017 lr=1.54e-04
2026-07-16 08:12:35,974 [INFO] trainer: epoch 167 done train_loss=1.1037 dt=14.7s
2026-07-16 08:12:49,541 [INFO] trainer: epoch 168 step 50/54 loss=1.1261 lr=1.53e-04
2026-07-16 08:12:50,530 [INFO] trainer: epoch 168 done train_loss=1.1329 dt=14.6s
2026-07-16 08:13:04,247 [INFO] trainer: epoch 169 step 50/54 loss=1.1349 lr=1.53e-04
2026-07-16 08:13:05,234 [INFO] trainer: epoch 169 done train_loss=1.1400 dt=14.7s
2026-07-16 08:13:18,787 [INFO] trainer: epoch 170 step 50/54 loss=1.1550 lr=1.52e-04
2026-07-16 08:13:19,775 [INFO] trainer: epoch 170 done train_loss=1.1562 dt=14.5s
2026-07-16 08:13:34,747 [INFO] trainer: epoch 171 step 50/54 loss=1.0958 lr=1.52e-04
2026-07-16 08:13:35,734 [INFO] trainer: epoch 171 done train_loss=1.0942 dt=14.4s
2026-07-16 08:13:49,298 [INFO] trainer: epoch 172 step 50/54 loss=1.1515 lr=1.51e-04
2026-07-16 08:13:50,287 [INFO] trainer: epoch 172 done train_loss=1.1433 dt=14.6s
2026-07-16 08:14:03,913 [INFO] trainer: epoch 173 step 50/54 loss=1.1602 lr=1.50e-04
2026-07-16 08:14:04,898 [INFO] trainer: epoch 173 done train_loss=1.1498 dt=14.6s
2026-07-16 08:14:18,165 [INFO] trainer: epoch 174 step 50/54 loss=1.1210 lr=1.50e-04
2026-07-16 08:14:19,153 [INFO] trainer: epoch 174 done train_loss=1.1139 dt=14.3s
2026-07-16 08:14:32,793 [INFO] trainer: epoch 175 step 50/54 loss=1.1474 lr=1.49e-04
2026-07-16 08:14:33,779 [INFO] trainer: epoch 175 done train_loss=1.1482 dt=14.6s
2026-07-16 08:15:20,111 [INFO] trainer: epoch 175 val_mean_dice=0.7709
2026-07-16 08:15:35,366 [INFO] trainer: epoch 176 step 50/54 loss=1.1219 lr=1.49e-04
2026-07-16 08:15:36,353 [INFO] trainer: epoch 176 done train_loss=1.1397 dt=14.6s
2026-07-16 08:15:50,079 [INFO] trainer: epoch 177 step 50/54 loss=1.1340 lr=1.48e-04
2026-07-16 08:15:51,064 [INFO] trainer: epoch 177 done train_loss=1.1473 dt=14.7s
2026-07-16 08:16:04,528 [INFO] trainer: epoch 178 step 50/54 loss=1.1204 lr=1.48e-04
2026-07-16 08:16:05,513 [INFO] trainer: epoch 178 done train_loss=1.1165 dt=14.4s
2026-07-16 08:16:18,994 [INFO] trainer: epoch 179 step 50/54 loss=1.1689 lr=1.47e-04
2026-07-16 08:16:19,980 [INFO] trainer: epoch 179 done train_loss=1.1533 dt=14.5s
2026-07-16 08:16:33,521 [INFO] trainer: epoch 180 step 50/54 loss=1.1350 lr=1.47e-04
2026-07-16 08:16:34,508 [INFO] trainer: epoch 180 done train_loss=1.1278 dt=14.5s
2026-07-16 08:16:49,626 [INFO] trainer: epoch 181 step 50/54 loss=1.1765 lr=1.46e-04
2026-07-16 08:16:50,616 [INFO] trainer: epoch 181 done train_loss=1.1679 dt=14.5s
2026-07-16 08:17:03,898 [INFO] trainer: epoch 182 step 50/54 loss=1.1581 lr=1.45e-04
2026-07-16 08:17:04,887 [INFO] trainer: epoch 182 done train_loss=1.1477 dt=14.3s
2026-07-16 08:17:18,443 [INFO] trainer: epoch 183 step 50/54 loss=1.1170 lr=1.45e-04
2026-07-16 08:17:19,433 [INFO] trainer: epoch 183 done train_loss=1.1161 dt=14.5s
2026-07-16 08:17:33,114 [INFO] trainer: epoch 184 step 50/54 loss=1.1073 lr=1.44e-04
2026-07-16 08:17:34,100 [INFO] trainer: epoch 184 done train_loss=1.1067 dt=14.7s
2026-07-16 08:17:47,487 [INFO] trainer: epoch 185 step 50/54 loss=1.1223 lr=1.44e-04
2026-07-16 08:17:48,478 [INFO] trainer: epoch 185 done train_loss=1.1259 dt=14.4s
2026-07-16 08:18:02,170 [INFO] trainer: epoch 186 step 50/54 loss=1.1223 lr=1.43e-04
2026-07-16 08:18:03,156 [INFO] trainer: epoch 186 done train_loss=1.1248 dt=14.7s
2026-07-16 08:18:16,684 [INFO] trainer: epoch 187 step 50/54 loss=1.0842 lr=1.43e-04
2026-07-16 08:18:17,673 [INFO] trainer: epoch 187 done train_loss=1.0813 dt=14.5s
2026-07-16 08:18:31,206 [INFO] trainer: epoch 188 step 50/54 loss=1.0797 lr=1.42e-04
2026-07-16 08:18:32,194 [INFO] trainer: epoch 188 done train_loss=1.0769 dt=14.5s
2026-07-16 08:18:45,706 [INFO] trainer: epoch 189 step 50/54 loss=1.0786 lr=1.41e-04
2026-07-16 08:18:46,693 [INFO] trainer: epoch 189 done train_loss=1.0824 dt=14.4s
2026-07-16 08:19:00,320 [INFO] trainer: epoch 190 step 50/54 loss=1.1088 lr=1.41e-04
2026-07-16 08:19:01,303 [INFO] trainer: epoch 190 done train_loss=1.1110 dt=14.6s
2026-07-16 08:19:16,518 [INFO] trainer: epoch 191 step 50/54 loss=1.0699 lr=1.40e-04
2026-07-16 08:19:17,504 [INFO] trainer: epoch 191 done train_loss=1.0660 dt=14.6s
2026-07-16 08:19:31,130 [INFO] trainer: epoch 192 step 50/54 loss=1.0897 lr=1.40e-04
2026-07-16 08:19:32,116 [INFO] trainer: epoch 192 done train_loss=1.0850 dt=14.6s
2026-07-16 08:19:45,494 [INFO] trainer: epoch 193 step 50/54 loss=1.0395 lr=1.39e-04
2026-07-16 08:19:46,481 [INFO] trainer: epoch 193 done train_loss=1.0376 dt=14.4s
2026-07-16 08:20:00,105 [INFO] trainer: epoch 194 step 50/54 loss=1.0980 lr=1.38e-04
2026-07-16 08:20:01,091 [INFO] trainer: epoch 194 done train_loss=1.0971 dt=14.6s
2026-07-16 08:20:14,851 [INFO] trainer: epoch 195 step 50/54 loss=1.0704 lr=1.38e-04
2026-07-16 08:20:15,838 [INFO] trainer: epoch 195 done train_loss=1.0694 dt=14.7s
2026-07-16 08:20:29,350 [INFO] trainer: epoch 196 step 50/54 loss=1.0693 lr=1.37e-04
2026-07-16 08:20:30,342 [INFO] trainer: epoch 196 done train_loss=1.0573 dt=14.5s
2026-07-16 08:20:44,033 [INFO] trainer: epoch 197 step 50/54 loss=1.0758 lr=1.37e-04
2026-07-16 08:20:45,022 [INFO] trainer: epoch 197 done train_loss=1.0947 dt=14.7s
2026-07-16 08:20:58,405 [INFO] trainer: epoch 198 step 50/54 loss=1.0926 lr=1.36e-04
2026-07-16 08:20:59,394 [INFO] trainer: epoch 198 done train_loss=1.1075 dt=14.4s
2026-07-16 08:21:13,038 [INFO] trainer: epoch 199 step 50/54 loss=1.1154 lr=1.36e-04
2026-07-16 08:21:14,030 [INFO] trainer: epoch 199 done train_loss=1.1148 dt=14.6s
2026-07-16 08:21:27,547 [INFO] trainer: epoch 200 step 50/54 loss=1.0915 lr=1.35e-04
2026-07-16 08:21:28,536 [INFO] trainer: epoch 200 done train_loss=1.0832 dt=14.5s
2026-07-16 08:22:15,050 [INFO] trainer: epoch 200 val_mean_dice=0.7847
2026-07-16 08:22:31,816 [INFO] trainer: epoch 201 step 50/54 loss=1.0651 lr=1.34e-04
2026-07-16 08:22:32,804 [INFO] trainer: epoch 201 done train_loss=1.0709 dt=14.6s
2026-07-16 08:22:46,417 [INFO] trainer: epoch 202 step 50/54 loss=1.0651 lr=1.34e-04
2026-07-16 08:22:47,405 [INFO] trainer: epoch 202 done train_loss=1.0722 dt=14.6s
2026-07-16 08:23:01,004 [INFO] trainer: epoch 203 step 50/54 loss=1.0716 lr=1.33e-04
2026-07-16 08:23:01,993 [INFO] trainer: epoch 203 done train_loss=1.0716 dt=14.6s
2026-07-16 08:23:15,363 [INFO] trainer: epoch 204 step 50/54 loss=1.1031 lr=1.33e-04
2026-07-16 08:23:16,350 [INFO] trainer: epoch 204 done train_loss=1.0919 dt=14.4s
2026-07-16 08:23:29,703 [INFO] trainer: epoch 205 step 50/54 loss=1.0816 lr=1.32e-04
2026-07-16 08:23:30,691 [INFO] trainer: epoch 205 done train_loss=1.0715 dt=14.3s
2026-07-16 08:23:44,481 [INFO] trainer: epoch 206 step 50/54 loss=1.0607 lr=1.31e-04
2026-07-16 08:23:45,471 [INFO] trainer: epoch 206 done train_loss=1.0666 dt=14.8s
2026-07-16 08:23:58,888 [INFO] trainer: epoch 207 step 50/54 loss=1.0563 lr=1.31e-04
2026-07-16 08:23:59,873 [INFO] trainer: epoch 207 done train_loss=1.0622 dt=14.4s
2026-07-16 08:24:13,598 [INFO] trainer: epoch 208 step 50/54 loss=1.0876 lr=1.30e-04
2026-07-16 08:24:14,586 [INFO] trainer: epoch 208 done train_loss=1.0885 dt=14.7s
2026-07-16 08:24:28,095 [INFO] trainer: epoch 209 step 50/54 loss=1.1023 lr=1.29e-04
2026-07-16 08:24:29,082 [INFO] trainer: epoch 209 done train_loss=1.0965 dt=14.5s
2026-07-16 08:24:42,652 [INFO] trainer: epoch 210 step 50/54 loss=1.0799 lr=1.29e-04
2026-07-16 08:24:43,640 [INFO] trainer: epoch 210 done train_loss=1.0715 dt=14.6s
2026-07-16 08:24:58,716 [INFO] trainer: epoch 211 step 50/54 loss=1.0826 lr=1.28e-04
2026-07-16 08:24:59,702 [INFO] trainer: epoch 211 done train_loss=1.0981 dt=14.5s
2026-07-16 08:25:13,078 [INFO] trainer: epoch 212 step 50/54 loss=1.0494 lr=1.28e-04
2026-07-16 08:25:14,065 [INFO] trainer: epoch 212 done train_loss=1.0419 dt=14.4s
2026-07-16 08:25:27,525 [INFO] trainer: epoch 213 step 50/54 loss=1.0863 lr=1.27e-04
2026-07-16 08:25:28,514 [INFO] trainer: epoch 213 done train_loss=1.0815 dt=14.4s
2026-07-16 08:25:42,142 [INFO] trainer: epoch 214 step 50/54 loss=1.0864 lr=1.26e-04
2026-07-16 08:25:43,132 [INFO] trainer: epoch 214 done train_loss=1.0908 dt=14.6s
2026-07-16 08:25:56,767 [INFO] trainer: epoch 215 step 50/54 loss=1.0536 lr=1.26e-04
2026-07-16 08:25:57,755 [INFO] trainer: epoch 215 done train_loss=1.0532 dt=14.6s
2026-07-16 08:26:11,415 [INFO] trainer: epoch 216 step 50/54 loss=1.0851 lr=1.25e-04
2026-07-16 08:26:12,403 [INFO] trainer: epoch 216 done train_loss=1.0858 dt=14.6s
2026-07-16 08:26:25,909 [INFO] trainer: epoch 217 step 50/54 loss=1.0760 lr=1.25e-04
2026-07-16 08:26:26,894 [INFO] trainer: epoch 217 done train_loss=1.0706 dt=14.5s
2026-07-16 08:26:40,352 [INFO] trainer: epoch 218 step 50/54 loss=1.0271 lr=1.24e-04
2026-07-16 08:26:41,340 [INFO] trainer: epoch 218 done train_loss=1.0391 dt=14.4s
2026-07-16 08:26:54,955 [INFO] trainer: epoch 219 step 50/54 loss=1.0454 lr=1.23e-04
2026-07-16 08:26:55,943 [INFO] trainer: epoch 219 done train_loss=1.0428 dt=14.6s
2026-07-16 08:27:09,517 [INFO] trainer: epoch 220 step 50/54 loss=1.0417 lr=1.23e-04
2026-07-16 08:27:10,505 [INFO] trainer: epoch 220 done train_loss=1.0582 dt=14.6s
2026-07-16 08:27:25,754 [INFO] trainer: epoch 221 step 50/54 loss=1.0849 lr=1.22e-04
2026-07-16 08:27:26,742 [INFO] trainer: epoch 221 done train_loss=1.0916 dt=14.7s
2026-07-16 08:27:40,321 [INFO] trainer: epoch 222 step 50/54 loss=1.0730 lr=1.21e-04
2026-07-16 08:27:41,306 [INFO] trainer: epoch 222 done train_loss=1.0745 dt=14.6s
2026-07-16 08:27:54,907 [INFO] trainer: epoch 223 step 50/54 loss=1.0651 lr=1.21e-04
2026-07-16 08:27:55,895 [INFO] trainer: epoch 223 done train_loss=1.0705 dt=14.6s
2026-07-16 08:28:09,534 [INFO] trainer: epoch 224 step 50/54 loss=1.0500 lr=1.20e-04
2026-07-16 08:28:10,523 [INFO] trainer: epoch 224 done train_loss=1.0577 dt=14.6s
2026-07-16 08:28:24,552 [INFO] trainer: epoch 225 step 50/54 loss=1.0863 lr=1.20e-04
2026-07-16 08:28:25,541 [INFO] trainer: epoch 225 done train_loss=1.0873 dt=15.0s
2026-07-16 08:29:12,016 [INFO] trainer: epoch 225 val_mean_dice=0.7917
2026-07-16 08:29:27,284 [INFO] trainer: epoch 226 step 50/54 loss=1.0978 lr=1.19e-04
2026-07-16 08:29:28,270 [INFO] trainer: epoch 226 done train_loss=1.1017 dt=14.7s
2026-07-16 08:29:41,800 [INFO] trainer: epoch 227 step 50/54 loss=1.0858 lr=1.18e-04
2026-07-16 08:29:42,787 [INFO] trainer: epoch 227 done train_loss=1.0877 dt=14.5s
2026-07-16 08:29:56,232 [INFO] trainer: epoch 228 step 50/54 loss=1.0490 lr=1.18e-04
2026-07-16 08:29:57,217 [INFO] trainer: epoch 228 done train_loss=1.0505 dt=14.4s
2026-07-16 08:30:10,706 [INFO] trainer: epoch 229 step 50/54 loss=1.0484 lr=1.17e-04
2026-07-16 08:30:11,692 [INFO] trainer: epoch 229 done train_loss=1.0482 dt=14.5s
2026-07-16 08:30:25,412 [INFO] trainer: epoch 230 step 50/54 loss=1.0773 lr=1.16e-04
2026-07-16 08:30:26,401 [INFO] trainer: epoch 230 done train_loss=1.0827 dt=14.7s
2026-07-16 08:30:41,563 [INFO] trainer: epoch 231 step 50/54 loss=1.0388 lr=1.16e-04
2026-07-16 08:30:42,549 [INFO] trainer: epoch 231 done train_loss=1.0397 dt=14.6s
2026-07-16 08:30:55,972 [INFO] trainer: epoch 232 step 50/54 loss=1.0578 lr=1.15e-04
2026-07-16 08:30:56,960 [INFO] trainer: epoch 232 done train_loss=1.0525 dt=14.4s
2026-07-16 08:31:10,464 [INFO] trainer: epoch 233 step 50/54 loss=1.0857 lr=1.15e-04
2026-07-16 08:31:11,451 [INFO] trainer: epoch 233 done train_loss=1.0894 dt=14.5s
2026-07-16 08:31:25,092 [INFO] trainer: epoch 234 step 50/54 loss=1.0623 lr=1.14e-04
2026-07-16 08:31:26,082 [INFO] trainer: epoch 234 done train_loss=1.0704 dt=14.6s
2026-07-16 08:31:39,775 [INFO] trainer: epoch 235 step 50/54 loss=1.0545 lr=1.13e-04
2026-07-16 08:31:40,765 [INFO] trainer: epoch 235 done train_loss=1.0503 dt=14.7s
2026-07-16 08:31:54,236 [INFO] trainer: epoch 236 step 50/54 loss=1.0601 lr=1.13e-04
2026-07-16 08:31:55,224 [INFO] trainer: epoch 236 done train_loss=1.0440 dt=14.5s
2026-07-16 08:32:08,683 [INFO] trainer: epoch 237 step 50/54 loss=1.0434 lr=1.12e-04
2026-07-16 08:32:09,672 [INFO] trainer: epoch 237 done train_loss=1.0492 dt=14.4s
2026-07-16 08:32:23,429 [INFO] trainer: epoch 238 step 50/54 loss=1.0252 lr=1.11e-04
2026-07-16 08:32:24,415 [INFO] trainer: epoch 238 done train_loss=1.0295 dt=14.7s
2026-07-16 08:32:37,859 [INFO] trainer: epoch 239 step 50/54 loss=1.1005 lr=1.11e-04
2026-07-16 08:32:38,845 [INFO] trainer: epoch 239 done train_loss=1.1061 dt=14.4s
2026-07-16 08:32:52,237 [INFO] trainer: epoch 240 step 50/54 loss=1.0676 lr=1.10e-04
2026-07-16 08:32:53,225 [INFO] trainer: epoch 240 done train_loss=1.0692 dt=14.4s
2026-07-16 08:33:08,370 [INFO] trainer: epoch 241 step 50/54 loss=1.0148 lr=1.09e-04
2026-07-16 08:33:09,357 [INFO] trainer: epoch 241 done train_loss=1.0089 dt=14.5s
2026-07-16 08:33:22,877 [INFO] trainer: epoch 242 step 50/54 loss=1.0421 lr=1.09e-04
2026-07-16 08:33:23,865 [INFO] trainer: epoch 242 done train_loss=1.0496 dt=14.5s
2026-07-16 08:33:37,613 [INFO] trainer: epoch 243 step 50/54 loss=1.0046 lr=1.08e-04
2026-07-16 08:33:38,604 [INFO] trainer: epoch 243 done train_loss=1.0004 dt=14.4s
2026-07-16 08:33:51,980 [INFO] trainer: epoch 244 step 50/54 loss=1.0541 lr=1.08e-04
2026-07-16 08:33:52,968 [INFO] trainer: epoch 244 done train_loss=1.0603 dt=14.4s
2026-07-16 08:34:06,444 [INFO] trainer: epoch 245 step 50/54 loss=1.0477 lr=1.07e-04
2026-07-16 08:34:07,431 [INFO] trainer: epoch 245 done train_loss=1.0401 dt=14.5s
2026-07-16 08:34:21,165 [INFO] trainer: epoch 246 step 50/54 loss=1.0704 lr=1.06e-04
2026-07-16 08:34:22,156 [INFO] trainer: epoch 246 done train_loss=1.0623 dt=14.7s
2026-07-16 08:34:35,506 [INFO] trainer: epoch 247 step 50/54 loss=1.0442 lr=1.06e-04
2026-07-16 08:34:36,495 [INFO] trainer: epoch 247 done train_loss=1.0373 dt=14.3s
2026-07-16 08:34:49,975 [INFO] trainer: epoch 248 step 50/54 loss=1.0109 lr=1.05e-04
2026-07-16 08:34:50,963 [INFO] trainer: epoch 248 done train_loss=1.0078 dt=14.5s
2026-07-16 08:35:04,645 [INFO] trainer: epoch 249 step 50/54 loss=1.0655 lr=1.04e-04
2026-07-16 08:35:05,635 [INFO] trainer: epoch 249 done train_loss=1.0584 dt=14.7s
2026-07-16 08:35:19,068 [INFO] trainer: epoch 250 step 50/54 loss=1.0645 lr=1.04e-04
2026-07-16 08:35:20,058 [INFO] trainer: epoch 250 done train_loss=1.0699 dt=14.4s
2026-07-16 08:36:06,649 [INFO] trainer: epoch 250 val_mean_dice=0.7930
2026-07-16 08:36:23,133 [INFO] trainer: epoch 251 step 50/54 loss=1.0452 lr=1.03e-04
2026-07-16 08:36:24,119 [INFO] trainer: epoch 251 done train_loss=1.0485 dt=14.5s
2026-07-16 08:36:37,261 [INFO] trainer: epoch 252 step 50/54 loss=1.0852 lr=1.02e-04
2026-07-16 08:36:38,249 [INFO] trainer: epoch 252 done train_loss=1.0783 dt=14.1s
2026-07-16 08:36:51,705 [INFO] trainer: epoch 253 step 50/54 loss=1.0501 lr=1.02e-04
2026-07-16 08:36:52,692 [INFO] trainer: epoch 253 done train_loss=1.0600 dt=14.4s
2026-07-16 08:37:06,387 [INFO] trainer: epoch 254 step 50/54 loss=1.0687 lr=1.01e-04
2026-07-16 08:37:07,377 [INFO] trainer: epoch 254 done train_loss=1.0713 dt=14.7s
2026-07-16 08:37:20,753 [INFO] trainer: epoch 255 step 50/54 loss=1.0600 lr=1.01e-04
2026-07-16 08:37:21,743 [INFO] trainer: epoch 255 done train_loss=1.0530 dt=14.4s
2026-07-16 08:37:35,112 [INFO] trainer: epoch 256 step 50/54 loss=1.0768 lr=9.99e-05
2026-07-16 08:37:36,101 [INFO] trainer: epoch 256 done train_loss=1.0763 dt=14.4s
2026-07-16 08:37:49,731 [INFO] trainer: epoch 257 step 50/54 loss=1.0038 lr=9.93e-05
2026-07-16 08:37:50,719 [INFO] trainer: epoch 257 done train_loss=1.0123 dt=14.6s
2026-07-16 08:38:04,405 [INFO] trainer: epoch 258 step 50/54 loss=1.0373 lr=9.86e-05
2026-07-16 08:38:05,394 [INFO] trainer: epoch 258 done train_loss=1.0232 dt=14.7s
2026-07-16 08:38:19,215 [INFO] trainer: epoch 259 step 50/54 loss=1.0495 lr=9.80e-05
2026-07-16 08:38:20,202 [INFO] trainer: epoch 259 done train_loss=1.0444 dt=14.8s
2026-07-16 08:38:33,688 [INFO] trainer: epoch 260 step 50/54 loss=1.0266 lr=9.74e-05
2026-07-16 08:38:34,676 [INFO] trainer: epoch 260 done train_loss=1.0286 dt=14.5s
2026-07-16 08:38:50,180 [INFO] trainer: epoch 261 step 50/54 loss=0.9968 lr=9.67e-05
2026-07-16 08:38:51,168 [INFO] trainer: epoch 261 done train_loss=0.9884 dt=14.9s
2026-07-16 08:39:05,007 [INFO] trainer: epoch 262 step 50/54 loss=1.0770 lr=9.61e-05
2026-07-16 08:39:05,996 [INFO] trainer: epoch 262 done train_loss=1.0729 dt=14.8s
2026-07-16 08:39:19,716 [INFO] trainer: epoch 263 step 50/54 loss=1.0638 lr=9.54e-05
2026-07-16 08:39:20,702 [INFO] trainer: epoch 263 done train_loss=1.0738 dt=14.7s
2026-07-16 08:39:34,396 [INFO] trainer: epoch 264 step 50/54 loss=1.0649 lr=9.48e-05
2026-07-16 08:39:35,382 [INFO] trainer: epoch 264 done train_loss=1.0564 dt=14.7s
2026-07-16 08:39:49,247 [INFO] trainer: epoch 265 step 50/54 loss=1.0364 lr=9.42e-05
2026-07-16 08:39:50,232 [INFO] trainer: epoch 265 done train_loss=1.0446 dt=14.8s
2026-07-16 08:40:03,770 [INFO] trainer: epoch 266 step 50/54 loss=0.9989 lr=9.35e-05
2026-07-16 08:40:04,760 [INFO] trainer: epoch 266 done train_loss=0.9981 dt=14.5s
2026-07-16 08:40:18,473 [INFO] trainer: epoch 267 step 50/54 loss=1.0324 lr=9.29e-05
2026-07-16 08:40:19,462 [INFO] trainer: epoch 267 done train_loss=1.0341 dt=14.7s
2026-07-16 08:40:32,936 [INFO] trainer: epoch 268 step 50/54 loss=1.0469 lr=9.23e-05
2026-07-16 08:40:33,927 [INFO] trainer: epoch 268 done train_loss=1.0602 dt=14.5s
2026-07-16 08:40:47,490 [INFO] trainer: epoch 269 step 50/54 loss=1.0775 lr=9.16e-05
2026-07-16 08:40:48,477 [INFO] trainer: epoch 269 done train_loss=1.0738 dt=14.5s
2026-07-16 08:41:02,030 [INFO] trainer: epoch 270 step 50/54 loss=1.0244 lr=9.10e-05
2026-07-16 08:41:03,018 [INFO] trainer: epoch 270 done train_loss=1.0249 dt=14.5s
2026-07-16 08:41:18,294 [INFO] trainer: epoch 271 step 50/54 loss=1.0279 lr=9.04e-05
2026-07-16 08:41:19,279 [INFO] trainer: epoch 271 done train_loss=1.0253 dt=14.7s
2026-07-16 08:41:32,850 [INFO] trainer: epoch 272 step 50/54 loss=1.0455 lr=8.97e-05
2026-07-16 08:41:33,838 [INFO] trainer: epoch 272 done train_loss=1.0572 dt=14.6s
2026-07-16 08:41:47,277 [INFO] trainer: epoch 273 step 50/54 loss=0.9960 lr=8.91e-05
2026-07-16 08:41:48,264 [INFO] trainer: epoch 273 done train_loss=0.9959 dt=14.4s
2026-07-16 08:42:01,839 [INFO] trainer: epoch 274 step 50/54 loss=1.0042 lr=8.85e-05
2026-07-16 08:42:02,826 [INFO] trainer: epoch 274 done train_loss=1.0110 dt=14.6s
2026-07-16 08:42:16,339 [INFO] trainer: epoch 275 step 50/54 loss=1.0294 lr=8.78e-05
2026-07-16 08:42:17,326 [INFO] trainer: epoch 275 done train_loss=1.0343 dt=14.5s
2026-07-16 08:43:04,541 [INFO] trainer: epoch 275 val_mean_dice=0.7979
2026-07-16 08:43:19,663 [INFO] trainer: epoch 276 step 50/54 loss=1.0036 lr=8.72e-05
2026-07-16 08:43:20,651 [INFO] trainer: epoch 276 done train_loss=1.0033 dt=14.5s
2026-07-16 08:43:34,063 [INFO] trainer: epoch 277 step 50/54 loss=0.9834 lr=8.66e-05
2026-07-16 08:43:35,053 [INFO] trainer: epoch 277 done train_loss=0.9908 dt=14.4s
2026-07-16 08:43:48,383 [INFO] trainer: epoch 278 step 50/54 loss=0.9834 lr=8.59e-05
2026-07-16 08:43:49,370 [INFO] trainer: epoch 278 done train_loss=0.9792 dt=14.3s
2026-07-16 08:44:02,685 [INFO] trainer: epoch 279 step 50/54 loss=0.9876 lr=8.53e-05
2026-07-16 08:44:03,674 [INFO] trainer: epoch 279 done train_loss=0.9770 dt=14.3s
2026-07-16 08:44:17,140 [INFO] trainer: epoch 280 step 50/54 loss=1.0399 lr=8.47e-05
2026-07-16 08:44:18,128 [INFO] trainer: epoch 280 done train_loss=1.0358 dt=14.5s
2026-07-16 08:44:33,234 [INFO] trainer: epoch 281 step 50/54 loss=1.0367 lr=8.40e-05
2026-07-16 08:44:34,224 [INFO] trainer: epoch 281 done train_loss=1.0343 dt=14.5s
2026-07-16 08:44:47,733 [INFO] trainer: epoch 282 step 50/54 loss=0.9826 lr=8.34e-05
2026-07-16 08:44:48,721 [INFO] trainer: epoch 282 done train_loss=1.0018 dt=14.5s
2026-07-16 08:45:02,309 [INFO] trainer: epoch 283 step 50/54 loss=1.0982 lr=8.28e-05
2026-07-16 08:45:03,301 [INFO] trainer: epoch 283 done train_loss=1.0879 dt=14.6s
2026-07-16 08:45:16,780 [INFO] trainer: epoch 284 step 50/54 loss=1.0198 lr=8.22e-05
2026-07-16 08:45:17,770 [INFO] trainer: epoch 284 done train_loss=1.0207 dt=14.5s
2026-07-16 08:45:31,133 [INFO] trainer: epoch 285 step 50/54 loss=1.0570 lr=8.15e-05
2026-07-16 08:45:32,124 [INFO] trainer: epoch 285 done train_loss=1.0554 dt=14.4s
2026-07-16 08:45:45,731 [INFO] trainer: epoch 286 step 50/54 loss=1.0410 lr=8.09e-05
2026-07-16 08:45:46,719 [INFO] trainer: epoch 286 done train_loss=1.0423 dt=14.6s
2026-07-16 08:46:00,247 [INFO] trainer: epoch 287 step 50/54 loss=1.0123 lr=8.03e-05
2026-07-16 08:46:01,235 [INFO] trainer: epoch 287 done train_loss=1.0067 dt=14.5s
2026-07-16 08:46:14,764 [INFO] trainer: epoch 288 step 50/54 loss=1.0008 lr=7.97e-05
2026-07-16 08:46:15,755 [INFO] trainer: epoch 288 done train_loss=0.9985 dt=14.5s
2026-07-16 08:46:29,548 [INFO] trainer: epoch 289 step 50/54 loss=1.0282 lr=7.90e-05
2026-07-16 08:46:30,539 [INFO] trainer: epoch 289 done train_loss=1.0117 dt=14.8s
2026-07-16 08:46:43,938 [INFO] trainer: epoch 290 step 50/54 loss=0.9990 lr=7.84e-05
2026-07-16 08:46:44,931 [INFO] trainer: epoch 290 done train_loss=0.9978 dt=14.4s
2026-07-16 08:47:00,373 [INFO] trainer: epoch 291 step 50/54 loss=1.0367 lr=7.78e-05
2026-07-16 08:47:01,363 [INFO] trainer: epoch 291 done train_loss=1.0374 dt=14.8s
2026-07-16 08:47:15,005 [INFO] trainer: epoch 292 step 50/54 loss=1.0306 lr=7.72e-05
2026-07-16 08:47:15,997 [INFO] trainer: epoch 292 done train_loss=1.0344 dt=14.6s
2026-07-16 08:47:29,553 [INFO] trainer: epoch 293 step 50/54 loss=1.0528 lr=7.65e-05
2026-07-16 08:47:30,540 [INFO] trainer: epoch 293 done train_loss=1.0431 dt=14.5s
2026-07-16 08:47:44,231 [INFO] trainer: epoch 294 step 50/54 loss=1.0009 lr=7.59e-05
2026-07-16 08:47:45,219 [INFO] trainer: epoch 294 done train_loss=1.0040 dt=14.7s
2026-07-16 08:47:58,697 [INFO] trainer: epoch 295 step 50/54 loss=1.0251 lr=7.53e-05
2026-07-16 08:47:59,688 [INFO] trainer: epoch 295 done train_loss=1.0203 dt=14.5s
2026-07-16 08:48:13,350 [INFO] trainer: epoch 296 step 50/54 loss=0.9689 lr=7.47e-05
2026-07-16 08:48:14,337 [INFO] trainer: epoch 296 done train_loss=0.9699 dt=14.6s
2026-07-16 08:48:27,922 [INFO] trainer: epoch 297 step 50/54 loss=1.0295 lr=7.41e-05
2026-07-16 08:48:28,910 [INFO] trainer: epoch 297 done train_loss=1.0286 dt=14.6s
2026-07-16 08:48:42,456 [INFO] trainer: epoch 298 step 50/54 loss=1.0322 lr=7.35e-05
2026-07-16 08:48:43,446 [INFO] trainer: epoch 298 done train_loss=1.0258 dt=14.5s
2026-07-16 08:48:57,257 [INFO] trainer: epoch 299 step 50/54 loss=1.0241 lr=7.28e-05
2026-07-16 08:48:58,247 [INFO] trainer: epoch 299 done train_loss=1.0168 dt=14.8s
2026-07-16 08:49:11,776 [INFO] trainer: epoch 300 step 50/54 loss=0.9713 lr=7.22e-05
2026-07-16 08:49:12,764 [INFO] trainer: epoch 300 done train_loss=0.9751 dt=14.5s
2026-07-16 08:49:59,146 [INFO] trainer: epoch 300 val_mean_dice=0.7984
2026-07-16 08:50:16,231 [INFO] trainer: epoch 301 step 50/54 loss=1.0663 lr=7.16e-05
2026-07-16 08:50:17,217 [INFO] trainer: epoch 301 done train_loss=1.0535 dt=14.9s
2026-07-16 08:50:30,821 [INFO] trainer: epoch 302 step 50/54 loss=1.0347 lr=7.10e-05
2026-07-16 08:50:31,810 [INFO] trainer: epoch 302 done train_loss=1.0345 dt=14.6s
2026-07-16 08:50:45,559 [INFO] trainer: epoch 303 step 50/54 loss=1.0378 lr=7.04e-05
2026-07-16 08:50:46,545 [INFO] trainer: epoch 303 done train_loss=1.0513 dt=14.7s
2026-07-16 08:51:00,117 [INFO] trainer: epoch 304 step 50/54 loss=1.0345 lr=6.98e-05
2026-07-16 08:51:01,106 [INFO] trainer: epoch 304 done train_loss=1.0274 dt=14.6s
2026-07-16 08:51:14,812 [INFO] trainer: epoch 305 step 50/54 loss=1.0322 lr=6.92e-05
2026-07-16 08:51:15,798 [INFO] trainer: epoch 305 done train_loss=1.0323 dt=14.7s
2026-07-16 08:51:29,345 [INFO] trainer: epoch 306 step 50/54 loss=1.0281 lr=6.86e-05
2026-07-16 08:51:30,334 [INFO] trainer: epoch 306 done train_loss=1.0269 dt=14.5s
2026-07-16 08:51:43,872 [INFO] trainer: epoch 307 step 50/54 loss=0.9914 lr=6.80e-05
2026-07-16 08:51:44,861 [INFO] trainer: epoch 307 done train_loss=1.0138 dt=14.5s
2026-07-16 08:51:58,528 [INFO] trainer: epoch 308 step 50/54 loss=1.0641 lr=6.74e-05
2026-07-16 08:51:59,518 [INFO] trainer: epoch 308 done train_loss=1.0784 dt=14.7s
2026-07-16 08:52:13,037 [INFO] trainer: epoch 309 step 50/54 loss=1.0201 lr=6.68e-05
2026-07-16 08:52:14,026 [INFO] trainer: epoch 309 done train_loss=1.0261 dt=14.5s
2026-07-16 08:52:27,555 [INFO] trainer: epoch 310 step 50/54 loss=1.0044 lr=6.62e-05
2026-07-16 08:52:28,544 [INFO] trainer: epoch 310 done train_loss=1.0041 dt=14.5s
2026-07-16 08:52:43,837 [INFO] trainer: epoch 311 step 50/54 loss=1.0290 lr=6.56e-05
2026-07-16 08:52:44,827 [INFO] trainer: epoch 311 done train_loss=1.0433 dt=14.7s
2026-07-16 08:52:58,373 [INFO] trainer: epoch 312 step 50/54 loss=1.0241 lr=6.50e-05
2026-07-16 08:52:59,359 [INFO] trainer: epoch 312 done train_loss=1.0196 dt=14.5s
2026-07-16 08:53:12,898 [INFO] trainer: epoch 313 step 50/54 loss=0.9931 lr=6.44e-05
2026-07-16 08:53:13,884 [INFO] trainer: epoch 313 done train_loss=0.9845 dt=14.5s
2026-07-16 08:53:27,582 [INFO] trainer: epoch 314 step 50/54 loss=1.0161 lr=6.38e-05
2026-07-16 08:53:28,569 [INFO] trainer: epoch 314 done train_loss=1.0156 dt=14.7s
2026-07-16 08:53:42,164 [INFO] trainer: epoch 315 step 50/54 loss=1.0041 lr=6.32e-05
2026-07-16 08:53:43,151 [INFO] trainer: epoch 315 done train_loss=0.9884 dt=14.6s
2026-07-16 08:53:56,671 [INFO] trainer: epoch 316 step 50/54 loss=1.0307 lr=6.26e-05
2026-07-16 08:53:57,657 [INFO] trainer: epoch 316 done train_loss=1.0366 dt=14.5s
2026-07-16 08:54:11,343 [INFO] trainer: epoch 317 step 50/54 loss=0.9951 lr=6.20e-05
2026-07-16 08:54:12,328 [INFO] trainer: epoch 317 done train_loss=0.9852 dt=14.7s
2026-07-16 08:54:25,992 [INFO] trainer: epoch 318 step 50/54 loss=1.0031 lr=6.14e-05
2026-07-16 08:54:26,980 [INFO] trainer: epoch 318 done train_loss=1.0086 dt=14.7s
2026-07-16 08:54:40,333 [INFO] trainer: epoch 319 step 50/54 loss=1.0027 lr=6.09e-05
2026-07-16 08:54:41,321 [INFO] trainer: epoch 319 done train_loss=1.0218 dt=14.3s
2026-07-16 08:54:54,816 [INFO] trainer: epoch 320 step 50/54 loss=0.9661 lr=6.03e-05
2026-07-16 08:54:55,805 [INFO] trainer: epoch 320 done train_loss=0.9710 dt=14.5s
2026-07-16 08:55:11,178 [INFO] trainer: epoch 321 step 50/54 loss=1.0358 lr=5.97e-05
2026-07-16 08:55:12,169 [INFO] trainer: epoch 321 done train_loss=1.0319 dt=14.7s
2026-07-16 08:55:25,600 [INFO] trainer: epoch 322 step 50/54 loss=1.0242 lr=5.91e-05
2026-07-16 08:55:26,586 [INFO] trainer: epoch 322 done train_loss=1.0076 dt=14.4s
2026-07-16 08:55:40,113 [INFO] trainer: epoch 323 step 50/54 loss=1.0575 lr=5.85e-05
2026-07-16 08:55:41,099 [INFO] trainer: epoch 323 done train_loss=1.0576 dt=14.5s
2026-07-16 08:55:54,571 [INFO] trainer: epoch 324 step 50/54 loss=0.9575 lr=5.79e-05
2026-07-16 08:55:55,559 [INFO] trainer: epoch 324 done train_loss=0.9642 dt=14.5s
2026-07-16 08:56:09,266 [INFO] trainer: epoch 325 step 50/54 loss=1.0189 lr=5.74e-05
2026-07-16 08:56:10,252 [INFO] trainer: epoch 325 done train_loss=1.0245 dt=14.7s
2026-07-16 08:56:56,699 [INFO] trainer: epoch 325 val_mean_dice=0.7993
2026-07-16 08:57:12,019 [INFO] trainer: epoch 326 step 50/54 loss=1.0316 lr=5.68e-05
2026-07-16 08:57:13,009 [INFO] trainer: epoch 326 done train_loss=1.0514 dt=14.7s
2026-07-16 08:57:26,734 [INFO] trainer: epoch 327 step 50/54 loss=1.0184 lr=5.62e-05
2026-07-16 08:57:27,721 [INFO] trainer: epoch 327 done train_loss=1.0252 dt=14.7s
2026-07-16 08:57:41,035 [INFO] trainer: epoch 328 step 50/54 loss=0.9909 lr=5.57e-05
2026-07-16 08:57:42,022 [INFO] trainer: epoch 328 done train_loss=1.0073 dt=14.3s
2026-07-16 08:57:55,746 [INFO] trainer: epoch 329 step 50/54 loss=1.0383 lr=5.51e-05
2026-07-16 08:57:56,733 [INFO] trainer: epoch 329 done train_loss=1.0299 dt=14.7s
2026-07-16 08:58:10,588 [INFO] trainer: epoch 330 step 50/54 loss=0.9930 lr=5.45e-05
2026-07-16 08:58:11,576 [INFO] trainer: epoch 330 done train_loss=1.0012 dt=14.8s
2026-07-16 08:58:26,739 [INFO] trainer: epoch 331 step 50/54 loss=1.0127 lr=5.40e-05
2026-07-16 08:58:27,725 [INFO] trainer: epoch 331 done train_loss=1.0088 dt=14.6s
2026-07-16 08:58:40,979 [INFO] trainer: epoch 332 step 50/54 loss=0.9972 lr=5.34e-05
2026-07-16 08:58:41,969 [INFO] trainer: epoch 332 done train_loss=0.9969 dt=14.2s
2026-07-16 08:58:55,399 [INFO] trainer: epoch 333 step 50/54 loss=0.9860 lr=5.28e-05
2026-07-16 08:58:56,388 [INFO] trainer: epoch 333 done train_loss=0.9893 dt=14.4s
2026-07-16 08:59:10,010 [INFO] trainer: epoch 334 step 50/54 loss=1.0181 lr=5.23e-05
2026-07-16 08:59:10,998 [INFO] trainer: epoch 334 done train_loss=1.0184 dt=14.6s
2026-07-16 08:59:24,538 [INFO] trainer: epoch 335 step 50/54 loss=0.9998 lr=5.17e-05
2026-07-16 08:59:25,527 [INFO] trainer: epoch 335 done train_loss=0.9955 dt=14.5s
2026-07-16 08:59:39,142 [INFO] trainer: epoch 336 step 50/54 loss=1.0200 lr=5.12e-05
2026-07-16 08:59:40,129 [INFO] trainer: epoch 336 done train_loss=1.0116 dt=14.6s
2026-07-16 08:59:53,833 [INFO] trainer: epoch 337 step 50/54 loss=1.0287 lr=5.06e-05
2026-07-16 08:59:54,819 [INFO] trainer: epoch 337 done train_loss=1.0292 dt=14.7s
2026-07-16 09:00:08,364 [INFO] trainer: epoch 338 step 50/54 loss=0.9945 lr=5.01e-05
2026-07-16 09:00:09,352 [INFO] trainer: epoch 338 done train_loss=0.9931 dt=14.5s
2026-07-16 09:00:22,912 [INFO] trainer: epoch 339 step 50/54 loss=1.0096 lr=4.95e-05
2026-07-16 09:00:23,900 [INFO] trainer: epoch 339 done train_loss=1.0126 dt=14.5s
2026-07-16 09:00:37,456 [INFO] trainer: epoch 340 step 50/54 loss=0.9795 lr=4.90e-05
2026-07-16 09:00:38,444 [INFO] trainer: epoch 340 done train_loss=0.9804 dt=14.5s
2026-07-16 09:00:53,737 [INFO] trainer: epoch 341 step 50/54 loss=1.0354 lr=4.84e-05
2026-07-16 09:00:54,724 [INFO] trainer: epoch 341 done train_loss=1.0251 dt=14.7s
2026-07-16 09:01:08,092 [INFO] trainer: epoch 342 step 50/54 loss=1.0026 lr=4.79e-05
2026-07-16 09:01:10,206 [INFO] trainer: epoch 342 done train_loss=1.0107 dt=15.5s
2026-07-16 09:01:23,667 [INFO] trainer: epoch 343 step 50/54 loss=0.9763 lr=4.73e-05
2026-07-16 09:01:24,653 [INFO] trainer: epoch 343 done train_loss=0.9798 dt=14.4s
2026-07-16 09:01:38,228 [INFO] trainer: epoch 344 step 50/54 loss=0.9657 lr=4.68e-05
2026-07-16 09:01:39,212 [INFO] trainer: epoch 344 done train_loss=0.9695 dt=14.6s
2026-07-16 09:01:52,740 [INFO] trainer: epoch 345 step 50/54 loss=0.9960 lr=4.63e-05
2026-07-16 09:01:53,726 [INFO] trainer: epoch 345 done train_loss=0.9943 dt=14.5s
2026-07-16 09:02:07,337 [INFO] trainer: epoch 346 step 50/54 loss=0.9614 lr=4.57e-05
2026-07-16 09:02:08,326 [INFO] trainer: epoch 346 done train_loss=0.9754 dt=14.6s
2026-07-16 09:02:21,718 [INFO] trainer: epoch 347 step 50/54 loss=0.9643 lr=4.52e-05
2026-07-16 09:02:22,705 [INFO] trainer: epoch 347 done train_loss=0.9515 dt=14.4s
2026-07-16 09:02:36,206 [INFO] trainer: epoch 348 step 50/54 loss=0.9806 lr=4.47e-05
2026-07-16 09:02:37,193 [INFO] trainer: epoch 348 done train_loss=0.9800 dt=14.5s
2026-07-16 09:02:50,751 [INFO] trainer: epoch 349 step 50/54 loss=1.0551 lr=4.41e-05
2026-07-16 09:02:51,740 [INFO] trainer: epoch 349 done train_loss=1.0469 dt=14.5s
2026-07-16 09:03:05,195 [INFO] trainer: epoch 350 step 50/54 loss=1.0168 lr=4.36e-05
2026-07-16 09:03:06,182 [INFO] trainer: epoch 350 done train_loss=1.0115 dt=14.4s
2026-07-16 09:03:52,554 [INFO] trainer: epoch 350 val_mean_dice=0.8018
2026-07-16 09:04:09,522 [INFO] trainer: epoch 351 step 50/54 loss=1.0032 lr=4.31e-05
2026-07-16 09:04:10,509 [INFO] trainer: epoch 351 done train_loss=1.0135 dt=14.6s
2026-07-16 09:04:23,939 [INFO] trainer: epoch 352 step 50/54 loss=0.9819 lr=4.26e-05
2026-07-16 09:04:24,928 [INFO] trainer: epoch 352 done train_loss=0.9833 dt=14.4s
2026-07-16 09:04:38,341 [INFO] trainer: epoch 353 step 50/54 loss=1.0294 lr=4.21e-05
2026-07-16 09:04:39,329 [INFO] trainer: epoch 353 done train_loss=1.0292 dt=14.4s
2026-07-16 09:04:53,134 [INFO] trainer: epoch 354 step 50/54 loss=1.0176 lr=4.15e-05
2026-07-16 09:04:54,120 [INFO] trainer: epoch 354 done train_loss=1.0091 dt=14.8s
2026-07-16 09:05:07,685 [INFO] trainer: epoch 355 step 50/54 loss=1.0289 lr=4.10e-05
2026-07-16 09:05:08,673 [INFO] trainer: epoch 355 done train_loss=1.0225 dt=14.6s
2026-07-16 09:05:22,318 [INFO] trainer: epoch 356 step 50/54 loss=1.0308 lr=4.05e-05
2026-07-16 09:05:23,305 [INFO] trainer: epoch 356 done train_loss=1.0281 dt=14.6s
2026-07-16 09:05:37,025 [INFO] trainer: epoch 357 step 50/54 loss=0.9895 lr=4.00e-05
2026-07-16 09:05:38,015 [INFO] trainer: epoch 357 done train_loss=1.0120 dt=14.7s
2026-07-16 09:05:51,636 [INFO] trainer: epoch 358 step 50/54 loss=1.0306 lr=3.95e-05
2026-07-16 09:05:52,622 [INFO] trainer: epoch 358 done train_loss=1.0311 dt=14.6s
2026-07-16 09:06:06,324 [INFO] trainer: epoch 359 step 50/54 loss=1.0132 lr=3.90e-05
2026-07-16 09:06:07,311 [INFO] trainer: epoch 359 done train_loss=1.0182 dt=14.7s
2026-07-16 09:06:20,898 [INFO] trainer: epoch 360 step 50/54 loss=1.0350 lr=3.85e-05
2026-07-16 09:06:21,885 [INFO] trainer: epoch 360 done train_loss=1.0299 dt=14.6s
2026-07-16 09:06:37,010 [INFO] trainer: epoch 361 step 50/54 loss=1.0003 lr=3.80e-05
2026-07-16 09:06:37,998 [INFO] trainer: epoch 361 done train_loss=0.9979 dt=14.6s
2026-07-16 09:06:51,701 [INFO] trainer: epoch 362 step 50/54 loss=1.0028 lr=3.75e-05
2026-07-16 09:06:52,691 [INFO] trainer: epoch 362 done train_loss=0.9997 dt=14.7s
2026-07-16 09:07:06,255 [INFO] trainer: epoch 363 step 50/54 loss=0.9645 lr=3.70e-05
2026-07-16 09:07:07,242 [INFO] trainer: epoch 363 done train_loss=0.9633 dt=14.6s
2026-07-16 09:07:20,765 [INFO] trainer: epoch 364 step 50/54 loss=0.9974 lr=3.65e-05
2026-07-16 09:07:21,752 [INFO] trainer: epoch 364 done train_loss=1.0066 dt=14.5s
2026-07-16 09:07:35,653 [INFO] trainer: epoch 365 step 50/54 loss=0.9816 lr=3.60e-05
2026-07-16 09:07:36,640 [INFO] trainer: epoch 365 done train_loss=0.9961 dt=14.9s
2026-07-16 09:07:50,167 [INFO] trainer: epoch 366 step 50/54 loss=0.9749 lr=3.56e-05
2026-07-16 09:07:51,154 [INFO] trainer: epoch 366 done train_loss=0.9932 dt=14.5s
2026-07-16 09:08:04,702 [INFO] trainer: epoch 367 step 50/54 loss=1.0076 lr=3.51e-05
2026-07-16 09:08:05,689 [INFO] trainer: epoch 367 done train_loss=0.9985 dt=14.5s
2026-07-16 09:08:19,312 [INFO] trainer: epoch 368 step 50/54 loss=1.0166 lr=3.46e-05
2026-07-16 09:08:20,298 [INFO] trainer: epoch 368 done train_loss=1.0140 dt=14.6s
2026-07-16 09:08:33,930 [INFO] trainer: epoch 369 step 50/54 loss=1.0167 lr=3.41e-05
2026-07-16 09:08:34,918 [INFO] trainer: epoch 369 done train_loss=1.0125 dt=14.6s
2026-07-16 09:08:48,483 [INFO] trainer: epoch 370 step 50/54 loss=1.0173 lr=3.36e-05
2026-07-16 09:08:49,472 [INFO] trainer: epoch 370 done train_loss=1.0067 dt=14.6s
2026-07-16 09:09:04,661 [INFO] trainer: epoch 371 step 50/54 loss=1.0008 lr=3.32e-05
2026-07-16 09:09:05,647 [INFO] trainer: epoch 371 done train_loss=0.9893 dt=14.6s
2026-07-16 09:09:19,016 [INFO] trainer: epoch 372 step 50/54 loss=0.9522 lr=3.27e-05
2026-07-16 09:09:20,003 [INFO] trainer: epoch 372 done train_loss=0.9547 dt=14.4s
2026-07-16 09:09:33,636 [INFO] trainer: epoch 373 step 50/54 loss=0.9576 lr=3.22e-05
2026-07-16 09:09:34,623 [INFO] trainer: epoch 373 done train_loss=0.9571 dt=14.6s
2026-07-16 09:09:48,189 [INFO] trainer: epoch 374 step 50/54 loss=1.0094 lr=3.18e-05
2026-07-16 09:09:49,176 [INFO] trainer: epoch 374 done train_loss=1.0135 dt=14.6s
2026-07-16 09:10:02,686 [INFO] trainer: epoch 375 step 50/54 loss=0.9535 lr=3.13e-05
2026-07-16 09:10:03,674 [INFO] trainer: epoch 375 done train_loss=0.9702 dt=14.5s
2026-07-16 09:10:50,028 [INFO] trainer: epoch 375 val_mean_dice=0.8011
2026-07-16 09:11:03,376 [INFO] trainer: epoch 376 step 50/54 loss=0.9796 lr=3.09e-05
2026-07-16 09:11:04,364 [INFO] trainer: epoch 376 done train_loss=0.9712 dt=14.3s
2026-07-16 09:11:17,790 [INFO] trainer: epoch 377 step 50/54 loss=0.9960 lr=3.04e-05
2026-07-16 09:11:18,774 [INFO] trainer: epoch 377 done train_loss=0.9948 dt=14.4s
2026-07-16 09:11:32,337 [INFO] trainer: epoch 378 step 50/54 loss=0.9940 lr=3.00e-05
2026-07-16 09:11:33,325 [INFO] trainer: epoch 378 done train_loss=0.9947 dt=14.6s
2026-07-16 09:11:46,687 [INFO] trainer: epoch 379 step 50/54 loss=1.0105 lr=2.95e-05
2026-07-16 09:11:47,674 [INFO] trainer: epoch 379 done train_loss=0.9981 dt=14.3s
2026-07-16 09:12:01,176 [INFO] trainer: epoch 380 step 50/54 loss=0.9647 lr=2.91e-05
2026-07-16 09:12:02,162 [INFO] trainer: epoch 380 done train_loss=0.9785 dt=14.5s
2026-07-16 09:12:17,097 [INFO] trainer: epoch 381 step 50/54 loss=0.9781 lr=2.86e-05
2026-07-16 09:12:18,084 [INFO] trainer: epoch 381 done train_loss=0.9850 dt=14.4s
2026-07-16 09:12:31,608 [INFO] trainer: epoch 382 step 50/54 loss=1.0175 lr=2.82e-05
2026-07-16 09:12:32,596 [INFO] trainer: epoch 382 done train_loss=1.0173 dt=14.5s
2026-07-16 09:12:46,202 [INFO] trainer: epoch 383 step 50/54 loss=1.0099 lr=2.77e-05
2026-07-16 09:12:47,188 [INFO] trainer: epoch 383 done train_loss=1.0000 dt=14.6s
2026-07-16 09:13:00,764 [INFO] trainer: epoch 384 step 50/54 loss=0.9723 lr=2.73e-05
2026-07-16 09:13:01,752 [INFO] trainer: epoch 384 done train_loss=0.9749 dt=14.6s
2026-07-16 09:13:15,224 [INFO] trainer: epoch 385 step 50/54 loss=0.9135 lr=2.69e-05
2026-07-16 09:13:16,211 [INFO] trainer: epoch 385 done train_loss=0.9241 dt=14.5s
2026-07-16 09:13:29,482 [INFO] trainer: epoch 386 step 50/54 loss=1.0045 lr=2.64e-05
2026-07-16 09:13:30,471 [INFO] trainer: epoch 386 done train_loss=0.9944 dt=14.2s
2026-07-16 09:13:43,915 [INFO] trainer: epoch 387 step 50/54 loss=0.9674 lr=2.60e-05
2026-07-16 09:13:44,902 [INFO] trainer: epoch 387 done train_loss=0.9707 dt=14.4s
2026-07-16 09:13:58,306 [INFO] trainer: epoch 388 step 50/54 loss=0.9776 lr=2.56e-05
2026-07-16 09:13:59,294 [INFO] trainer: epoch 388 done train_loss=0.9786 dt=14.4s
2026-07-16 09:14:12,605 [INFO] trainer: epoch 389 step 50/54 loss=0.9798 lr=2.52e-05
2026-07-16 09:14:13,594 [INFO] trainer: epoch 389 done train_loss=0.9961 dt=14.3s
2026-07-16 09:14:27,123 [INFO] trainer: epoch 390 step 50/54 loss=1.0074 lr=2.48e-05
2026-07-16 09:14:28,109 [INFO] trainer: epoch 390 done train_loss=1.0109 dt=14.5s
2026-07-16 09:14:43,108 [INFO] trainer: epoch 391 step 50/54 loss=0.9071 lr=2.44e-05
2026-07-16 09:14:44,094 [INFO] trainer: epoch 391 done train_loss=0.9030 dt=14.4s
2026-07-16 09:14:57,872 [INFO] trainer: epoch 392 step 50/54 loss=0.9508 lr=2.39e-05
2026-07-16 09:14:58,860 [INFO] trainer: epoch 392 done train_loss=0.9591 dt=14.8s
2026-07-16 09:15:12,420 [INFO] trainer: epoch 393 step 50/54 loss=0.9914 lr=2.35e-05
2026-07-16 09:15:13,407 [INFO] trainer: epoch 393 done train_loss=0.9693 dt=14.5s
2026-07-16 09:15:26,837 [INFO] trainer: epoch 394 step 50/54 loss=1.0166 lr=2.31e-05
2026-07-16 09:15:27,825 [INFO] trainer: epoch 394 done train_loss=1.0070 dt=14.4s
2026-07-16 09:15:41,443 [INFO] trainer: epoch 395 step 50/54 loss=1.0015 lr=2.27e-05
2026-07-16 09:15:42,429 [INFO] trainer: epoch 395 done train_loss=0.9980 dt=14.6s
2026-07-16 09:15:56,222 [INFO] trainer: epoch 396 step 50/54 loss=0.9630 lr=2.23e-05
2026-07-16 09:15:57,208 [INFO] trainer: epoch 396 done train_loss=0.9711 dt=14.8s
2026-07-16 09:16:10,588 [INFO] trainer: epoch 397 step 50/54 loss=1.0311 lr=2.19e-05
2026-07-16 09:16:11,577 [INFO] trainer: epoch 397 done train_loss=1.0205 dt=14.4s
2026-07-16 09:16:25,307 [INFO] trainer: epoch 398 step 50/54 loss=0.9494 lr=2.16e-05
2026-07-16 09:16:26,293 [INFO] trainer: epoch 398 done train_loss=0.9590 dt=14.7s
2026-07-16 09:16:39,774 [INFO] trainer: epoch 399 step 50/54 loss=0.9966 lr=2.12e-05
2026-07-16 09:16:40,760 [INFO] trainer: epoch 399 done train_loss=1.0024 dt=14.5s
2026-07-16 09:16:54,360 [INFO] trainer: epoch 400 step 50/54 loss=1.0111 lr=2.08e-05
2026-07-16 09:16:55,346 [INFO] trainer: epoch 400 done train_loss=1.0044 dt=14.6s
2026-07-16 09:17:41,669 [INFO] trainer: epoch 400 val_mean_dice=0.8043
2026-07-16 09:17:58,133 [INFO] trainer: epoch 401 step 50/54 loss=0.9970 lr=2.04e-05
2026-07-16 09:17:59,121 [INFO] trainer: epoch 401 done train_loss=0.9958 dt=14.4s
2026-07-16 09:18:12,649 [INFO] trainer: epoch 402 step 50/54 loss=0.9801 lr=2.00e-05
2026-07-16 09:18:13,636 [INFO] trainer: epoch 402 done train_loss=0.9813 dt=14.5s
2026-07-16 09:18:27,091 [INFO] trainer: epoch 403 step 50/54 loss=1.0080 lr=1.97e-05
2026-07-16 09:18:28,077 [INFO] trainer: epoch 403 done train_loss=1.0033 dt=14.4s
2026-07-16 09:18:41,801 [INFO] trainer: epoch 404 step 50/54 loss=1.0258 lr=1.93e-05
2026-07-16 09:18:42,789 [INFO] trainer: epoch 404 done train_loss=1.0241 dt=14.7s
2026-07-16 09:18:56,145 [INFO] trainer: epoch 405 step 50/54 loss=0.9536 lr=1.89e-05
2026-07-16 09:18:57,133 [INFO] trainer: epoch 405 done train_loss=0.9735 dt=14.3s
2026-07-16 09:19:10,919 [INFO] trainer: epoch 406 step 50/54 loss=0.9883 lr=1.86e-05
2026-07-16 09:19:11,906 [INFO] trainer: epoch 406 done train_loss=0.9831 dt=14.8s
2026-07-16 09:19:25,385 [INFO] trainer: epoch 407 step 50/54 loss=0.9641 lr=1.82e-05
2026-07-16 09:19:26,374 [INFO] trainer: epoch 407 done train_loss=0.9611 dt=14.5s
2026-07-16 09:19:40,001 [INFO] trainer: epoch 408 step 50/54 loss=0.9780 lr=1.78e-05
2026-07-16 09:19:40,990 [INFO] trainer: epoch 408 done train_loss=0.9719 dt=14.6s
2026-07-16 09:19:54,493 [INFO] trainer: epoch 409 step 50/54 loss=1.0265 lr=1.75e-05
2026-07-16 09:19:55,482 [INFO] trainer: epoch 409 done train_loss=1.0243 dt=14.5s
2026-07-16 09:20:09,236 [INFO] trainer: epoch 410 step 50/54 loss=0.9781 lr=1.71e-05
2026-07-16 09:20:10,225 [INFO] trainer: epoch 410 done train_loss=0.9722 dt=14.7s
2026-07-16 09:20:25,282 [INFO] trainer: epoch 411 step 50/54 loss=0.9824 lr=1.68e-05
2026-07-16 09:20:26,267 [INFO] trainer: epoch 411 done train_loss=0.9860 dt=14.5s
2026-07-16 09:20:46,588 [INFO] trainer: epoch 412 step 50/54 loss=0.9780 lr=1.64e-05
2026-07-16 09:20:47,714 [INFO] trainer: epoch 412 done train_loss=0.9986 dt=21.4s
2026-07-16 09:21:01,525 [INFO] trainer: epoch 413 step 50/54 loss=0.9675 lr=1.61e-05
2026-07-16 09:21:02,511 [INFO] trainer: epoch 413 done train_loss=0.9745 dt=14.8s
2026-07-16 09:21:16,120 [INFO] trainer: epoch 414 step 50/54 loss=0.9526 lr=1.58e-05
2026-07-16 09:21:17,106 [INFO] trainer: epoch 414 done train_loss=0.9565 dt=14.6s
2026-07-16 09:21:30,509 [INFO] trainer: epoch 415 step 50/54 loss=0.9998 lr=1.54e-05
2026-07-16 09:21:31,497 [INFO] trainer: epoch 415 done train_loss=0.9826 dt=14.4s
2026-07-16 09:21:44,858 [INFO] trainer: epoch 416 step 50/54 loss=0.9743 lr=1.51e-05
2026-07-16 09:21:45,847 [INFO] trainer: epoch 416 done train_loss=0.9661 dt=14.3s
2026-07-16 09:21:59,357 [INFO] trainer: epoch 417 step 50/54 loss=0.9537 lr=1.48e-05
2026-07-16 09:22:00,344 [INFO] trainer: epoch 417 done train_loss=0.9462 dt=14.5s
2026-07-16 09:22:13,906 [INFO] trainer: epoch 418 step 50/54 loss=0.9881 lr=1.45e-05
2026-07-16 09:22:14,895 [INFO] trainer: epoch 418 done train_loss=0.9940 dt=14.6s
2026-07-16 09:22:28,514 [INFO] trainer: epoch 419 step 50/54 loss=1.0067 lr=1.41e-05
2026-07-16 09:22:29,500 [INFO] trainer: epoch 419 done train_loss=0.9965 dt=14.6s
2026-07-16 09:22:43,072 [INFO] trainer: epoch 420 step 50/54 loss=0.9813 lr=1.38e-05
2026-07-16 09:22:44,058 [INFO] trainer: epoch 420 done train_loss=0.9769 dt=14.6s
2026-07-16 09:22:59,046 [INFO] trainer: epoch 421 step 50/54 loss=0.9872 lr=1.35e-05
2026-07-16 09:23:00,031 [INFO] trainer: epoch 421 done train_loss=0.9781 dt=14.4s
2026-07-16 09:23:13,469 [INFO] trainer: epoch 422 step 50/54 loss=1.0075 lr=1.32e-05
2026-07-16 09:23:14,457 [INFO] trainer: epoch 422 done train_loss=0.9992 dt=14.4s
2026-07-16 09:23:27,954 [INFO] trainer: epoch 423 step 50/54 loss=0.9588 lr=1.29e-05
2026-07-16 09:23:28,940 [INFO] trainer: epoch 423 done train_loss=0.9658 dt=14.5s
2026-07-16 09:23:42,505 [INFO] trainer: epoch 424 step 50/54 loss=1.0090 lr=1.26e-05
2026-07-16 09:23:43,492 [INFO] trainer: epoch 424 done train_loss=0.9989 dt=14.6s
2026-07-16 09:23:56,954 [INFO] trainer: epoch 425 step 50/54 loss=0.9639 lr=1.23e-05
2026-07-16 09:23:57,942 [INFO] trainer: epoch 425 done train_loss=0.9537 dt=14.4s
2026-07-16 09:24:44,297 [INFO] trainer: epoch 425 val_mean_dice=0.8050
2026-07-16 09:24:59,491 [INFO] trainer: epoch 426 step 50/54 loss=0.9865 lr=1.20e-05
2026-07-16 09:25:00,476 [INFO] trainer: epoch 426 done train_loss=0.9813 dt=14.6s
2026-07-16 09:25:13,996 [INFO] trainer: epoch 427 step 50/54 loss=0.9688 lr=1.17e-05
2026-07-16 09:25:14,984 [INFO] trainer: epoch 427 done train_loss=0.9612 dt=14.5s
2026-07-16 09:25:28,349 [INFO] trainer: epoch 428 step 50/54 loss=0.9382 lr=1.14e-05
2026-07-16 09:25:29,335 [INFO] trainer: epoch 428 done train_loss=0.9460 dt=14.4s
2026-07-16 09:25:42,741 [INFO] trainer: epoch 429 step 50/54 loss=0.9507 lr=1.12e-05
2026-07-16 09:25:43,728 [INFO] trainer: epoch 429 done train_loss=0.9722 dt=14.4s
2026-07-16 09:25:57,154 [INFO] trainer: epoch 430 step 50/54 loss=1.0047 lr=1.09e-05
2026-07-16 09:25:58,141 [INFO] trainer: epoch 430 done train_loss=0.9969 dt=14.4s
2026-07-16 09:26:13,217 [INFO] trainer: epoch 431 step 50/54 loss=1.0092 lr=1.06e-05
2026-07-16 09:26:14,204 [INFO] trainer: epoch 431 done train_loss=1.0061 dt=14.5s
2026-07-16 09:26:27,807 [INFO] trainer: epoch 432 step 50/54 loss=0.9920 lr=1.03e-05
2026-07-16 09:26:28,793 [INFO] trainer: epoch 432 done train_loss=0.9797 dt=14.6s
2026-07-16 09:26:42,275 [INFO] trainer: epoch 433 step 50/54 loss=0.9958 lr=1.01e-05
2026-07-16 09:26:43,263 [INFO] trainer: epoch 433 done train_loss=0.9868 dt=14.5s
2026-07-16 09:26:56,686 [INFO] trainer: epoch 434 step 50/54 loss=0.9574 lr=9.80e-06
2026-07-16 09:26:57,671 [INFO] trainer: epoch 434 done train_loss=0.9506 dt=14.4s
2026-07-16 09:27:11,091 [INFO] trainer: epoch 435 step 50/54 loss=0.9418 lr=9.54e-06
2026-07-16 09:27:12,078 [INFO] trainer: epoch 435 done train_loss=0.9602 dt=14.4s
2026-07-16 09:27:25,418 [INFO] trainer: epoch 436 step 50/54 loss=0.9931 lr=9.28e-06
2026-07-16 09:27:26,405 [INFO] trainer: epoch 436 done train_loss=0.9938 dt=14.3s
2026-07-16 09:27:39,807 [INFO] trainer: epoch 437 step 50/54 loss=1.0115 lr=9.03e-06
2026-07-16 09:27:40,794 [INFO] trainer: epoch 437 done train_loss=1.0013 dt=14.4s
2026-07-16 09:27:54,271 [INFO] trainer: epoch 438 step 50/54 loss=1.0024 lr=8.78e-06
2026-07-16 09:27:55,258 [INFO] trainer: epoch 438 done train_loss=0.9920 dt=14.5s
2026-07-16 09:28:08,751 [INFO] trainer: epoch 439 step 50/54 loss=0.9672 lr=8.53e-06
2026-07-16 09:28:09,739 [INFO] trainer: epoch 439 done train_loss=0.9606 dt=14.5s
2026-07-16 09:28:28,355 [INFO] trainer: epoch 440 step 50/54 loss=1.0168 lr=8.29e-06
2026-07-16 09:28:29,342 [INFO] trainer: epoch 440 done train_loss=1.0109 dt=19.6s
2026-07-16 09:28:44,205 [INFO] trainer: epoch 441 step 50/54 loss=0.9943 lr=8.05e-06
2026-07-16 09:28:45,193 [INFO] trainer: epoch 441 done train_loss=0.9949 dt=14.4s
2026-07-16 09:28:58,459 [INFO] trainer: epoch 442 step 50/54 loss=0.9897 lr=7.82e-06
2026-07-16 09:28:59,448 [INFO] trainer: epoch 442 done train_loss=0.9906 dt=14.3s
2026-07-16 09:29:12,898 [INFO] trainer: epoch 443 step 50/54 loss=1.0223 lr=7.59e-06
2026-07-16 09:29:13,884 [INFO] trainer: epoch 443 done train_loss=1.0385 dt=14.4s
2026-07-16 09:29:27,429 [INFO] trainer: epoch 444 step 50/54 loss=1.0140 lr=7.36e-06
2026-07-16 09:29:28,415 [INFO] trainer: epoch 444 done train_loss=1.0251 dt=14.5s
2026-07-16 09:29:41,947 [INFO] trainer: epoch 445 step 50/54 loss=0.9898 lr=7.14e-06
2026-07-16 09:29:42,933 [INFO] trainer: epoch 445 done train_loss=0.9891 dt=14.5s
2026-07-16 09:29:56,329 [INFO] trainer: epoch 446 step 50/54 loss=0.9853 lr=6.92e-06
2026-07-16 09:29:57,315 [INFO] trainer: epoch 446 done train_loss=0.9931 dt=14.4s
2026-07-16 09:30:10,682 [INFO] trainer: epoch 447 step 50/54 loss=0.9378 lr=6.71e-06
2026-07-16 09:30:11,669 [INFO] trainer: epoch 447 done train_loss=0.9437 dt=14.4s
2026-07-16 09:30:25,156 [INFO] trainer: epoch 448 step 50/54 loss=0.9554 lr=6.49e-06
2026-07-16 09:30:26,143 [INFO] trainer: epoch 448 done train_loss=0.9815 dt=14.5s
2026-07-16 09:30:39,413 [INFO] trainer: epoch 449 step 50/54 loss=1.0420 lr=6.29e-06
2026-07-16 09:30:40,400 [INFO] trainer: epoch 449 done train_loss=1.0438 dt=14.3s
2026-07-16 09:30:54,152 [INFO] trainer: epoch 450 step 50/54 loss=1.0087 lr=6.08e-06
2026-07-16 09:30:55,143 [INFO] trainer: epoch 450 done train_loss=1.0064 dt=14.7s
2026-07-16 09:31:41,650 [INFO] trainer: epoch 450 val_mean_dice=0.8046
2026-07-16 09:31:56,530 [INFO] trainer: epoch 451 step 50/54 loss=0.9934 lr=5.88e-06
2026-07-16 09:31:57,519 [INFO] trainer: epoch 451 done train_loss=1.0020 dt=14.4s
2026-07-16 09:32:11,041 [INFO] trainer: epoch 452 step 50/54 loss=0.9830 lr=5.69e-06
2026-07-16 09:32:12,027 [INFO] trainer: epoch 452 done train_loss=0.9784 dt=14.5s
2026-07-16 09:32:25,551 [INFO] trainer: epoch 453 step 50/54 loss=0.9821 lr=5.50e-06
2026-07-16 09:32:26,538 [INFO] trainer: epoch 453 done train_loss=0.9934 dt=14.5s
2026-07-16 09:32:39,861 [INFO] trainer: epoch 454 step 50/54 loss=0.9779 lr=5.31e-06
2026-07-16 09:32:40,848 [INFO] trainer: epoch 454 done train_loss=0.9696 dt=14.3s
2026-07-16 09:32:54,350 [INFO] trainer: epoch 455 step 50/54 loss=1.0206 lr=5.13e-06
2026-07-16 09:32:55,337 [INFO] trainer: epoch 455 done train_loss=1.0183 dt=14.5s
2026-07-16 09:33:08,734 [INFO] trainer: epoch 456 step 50/54 loss=1.0068 lr=4.95e-06
2026-07-16 09:33:09,719 [INFO] trainer: epoch 456 done train_loss=0.9954 dt=14.4s
2026-07-16 09:33:23,073 [INFO] trainer: epoch 457 step 50/54 loss=0.9712 lr=4.77e-06
2026-07-16 09:33:24,058 [INFO] trainer: epoch 457 done train_loss=0.9698 dt=14.3s
2026-07-16 09:33:37,555 [INFO] trainer: epoch 458 step 50/54 loss=0.9724 lr=4.60e-06
2026-07-16 09:33:38,540 [INFO] trainer: epoch 458 done train_loss=0.9686 dt=14.5s
2026-07-16 09:33:52,042 [INFO] trainer: epoch 459 step 50/54 loss=1.0120 lr=4.43e-06
2026-07-16 09:33:53,028 [INFO] trainer: epoch 459 done train_loss=1.0004 dt=14.5s
2026-07-16 09:34:06,588 [INFO] trainer: epoch 460 step 50/54 loss=0.9617 lr=4.27e-06
2026-07-16 09:34:07,576 [INFO] trainer: epoch 460 done train_loss=0.9594 dt=14.5s
2026-07-16 09:34:22,594 [INFO] trainer: epoch 461 step 50/54 loss=1.0091 lr=4.11e-06
2026-07-16 09:34:23,581 [INFO] trainer: epoch 461 done train_loss=1.0279 dt=14.5s
2026-07-16 09:34:36,990 [INFO] trainer: epoch 462 step 50/54 loss=0.9753 lr=3.95e-06
2026-07-16 09:34:37,979 [INFO] trainer: epoch 462 done train_loss=0.9778 dt=14.4s
2026-07-16 09:34:51,620 [INFO] trainer: epoch 463 step 50/54 loss=1.0090 lr=3.80e-06
2026-07-16 09:34:52,606 [INFO] trainer: epoch 463 done train_loss=1.0030 dt=14.6s
2026-07-16 09:35:06,134 [INFO] trainer: epoch 464 step 50/54 loss=0.9495 lr=3.65e-06
2026-07-16 09:35:07,122 [INFO] trainer: epoch 464 done train_loss=0.9633 dt=14.4s
2026-07-16 09:35:20,569 [INFO] trainer: epoch 465 step 50/54 loss=1.0291 lr=3.51e-06
2026-07-16 09:35:21,554 [INFO] trainer: epoch 465 done train_loss=1.0464 dt=14.4s
2026-07-16 09:35:34,944 [INFO] trainer: epoch 466 step 50/54 loss=1.0171 lr=3.36e-06
2026-07-16 09:35:35,930 [INFO] trainer: epoch 466 done train_loss=1.0148 dt=14.4s
2026-07-16 09:35:49,573 [INFO] trainer: epoch 467 step 50/54 loss=0.9775 lr=3.23e-06
2026-07-16 09:35:50,559 [INFO] trainer: epoch 467 done train_loss=0.9887 dt=14.6s
2026-07-16 09:36:03,952 [INFO] trainer: epoch 468 step 50/54 loss=1.0173 lr=3.10e-06
2026-07-16 09:36:04,939 [INFO] trainer: epoch 468 done train_loss=1.0057 dt=14.4s
2026-07-16 09:36:18,208 [INFO] trainer: epoch 469 step 50/54 loss=0.9910 lr=2.97e-06
2026-07-16 09:36:19,196 [INFO] trainer: epoch 469 done train_loss=0.9846 dt=14.3s
2026-07-16 09:36:32,572 [INFO] trainer: epoch 470 step 50/54 loss=0.9973 lr=2.84e-06
2026-07-16 09:36:33,558 [INFO] trainer: epoch 470 done train_loss=0.9958 dt=14.4s
2026-07-16 09:36:48,579 [INFO] trainer: epoch 471 step 50/54 loss=0.9935 lr=2.72e-06
2026-07-16 09:36:49,565 [INFO] trainer: epoch 471 done train_loss=0.9948 dt=14.4s
2026-07-16 09:37:02,998 [INFO] trainer: epoch 472 step 50/54 loss=0.9706 lr=2.61e-06
2026-07-16 09:37:03,985 [INFO] trainer: epoch 472 done train_loss=0.9744 dt=14.4s
2026-07-16 09:37:17,491 [INFO] trainer: epoch 473 step 50/54 loss=0.9346 lr=2.50e-06
2026-07-16 09:37:18,481 [INFO] trainer: epoch 473 done train_loss=0.9642 dt=14.5s
2026-07-16 09:37:32,130 [INFO] trainer: epoch 474 step 50/54 loss=1.0004 lr=2.39e-06
2026-07-16 09:37:33,117 [INFO] trainer: epoch 474 done train_loss=0.9905 dt=14.6s
2026-07-16 09:37:46,511 [INFO] trainer: epoch 475 step 50/54 loss=0.9829 lr=2.28e-06
2026-07-16 09:37:47,497 [INFO] trainer: epoch 475 done train_loss=0.9787 dt=14.4s
2026-07-16 09:38:33,902 [INFO] trainer: epoch 475 val_mean_dice=0.8054
2026-07-16 09:38:49,108 [INFO] trainer: epoch 476 step 50/54 loss=0.9932 lr=2.18e-06
2026-07-16 09:38:50,093 [INFO] trainer: epoch 476 done train_loss=1.0008 dt=14.6s
2026-07-16 09:39:03,494 [INFO] trainer: epoch 477 step 50/54 loss=0.9387 lr=2.09e-06
2026-07-16 09:39:04,479 [INFO] trainer: epoch 477 done train_loss=0.9393 dt=14.4s
2026-07-16 09:39:17,890 [INFO] trainer: epoch 478 step 50/54 loss=0.9726 lr=1.99e-06
2026-07-16 09:39:18,877 [INFO] trainer: epoch 478 done train_loss=0.9584 dt=14.4s
2026-07-16 09:39:32,416 [INFO] trainer: epoch 479 step 50/54 loss=0.9516 lr=1.91e-06
2026-07-16 09:39:33,402 [INFO] trainer: epoch 479 done train_loss=0.9571 dt=14.5s
2026-07-16 09:39:46,728 [INFO] trainer: epoch 480 step 50/54 loss=0.9629 lr=1.82e-06
2026-07-16 09:39:47,719 [INFO] trainer: epoch 480 done train_loss=0.9555 dt=14.3s
2026-07-16 09:40:02,685 [INFO] trainer: epoch 481 step 50/54 loss=1.0177 lr=1.74e-06
2026-07-16 09:40:03,674 [INFO] trainer: epoch 481 done train_loss=1.0045 dt=14.4s
2026-07-16 09:40:16,985 [INFO] trainer: epoch 482 step 50/54 loss=0.9599 lr=1.67e-06
2026-07-16 09:40:17,973 [INFO] trainer: epoch 482 done train_loss=0.9629 dt=14.3s
2026-07-16 09:40:31,194 [INFO] trainer: epoch 483 step 50/54 loss=0.9416 lr=1.60e-06
2026-07-16 09:40:32,182 [INFO] trainer: epoch 483 done train_loss=0.9378 dt=14.2s
2026-07-16 09:40:45,439 [INFO] trainer: epoch 484 step 50/54 loss=1.0279 lr=1.53e-06
2026-07-16 09:40:46,426 [INFO] trainer: epoch 484 done train_loss=1.0238 dt=14.2s
2026-07-16 09:40:59,723 [INFO] trainer: epoch 485 step 50/54 loss=0.9768 lr=1.46e-06
2026-07-16 09:41:00,709 [INFO] trainer: epoch 485 done train_loss=0.9703 dt=14.3s
2026-07-16 09:41:14,192 [INFO] trainer: epoch 486 step 50/54 loss=0.9944 lr=1.40e-06
2026-07-16 09:41:15,178 [INFO] trainer: epoch 486 done train_loss=0.9886 dt=14.5s
2026-07-16 09:41:28,628 [INFO] trainer: epoch 487 step 50/54 loss=0.9757 lr=1.35e-06
2026-07-16 09:41:29,615 [INFO] trainer: epoch 487 done train_loss=0.9816 dt=14.4s
2026-07-16 09:41:43,128 [INFO] trainer: epoch 488 step 50/54 loss=1.0053 lr=1.30e-06
2026-07-16 09:41:44,117 [INFO] trainer: epoch 488 done train_loss=1.0010 dt=14.5s
2026-07-16 09:41:57,580 [INFO] trainer: epoch 489 step 50/54 loss=0.9580 lr=1.25e-06
2026-07-16 09:41:58,569 [INFO] trainer: epoch 489 done train_loss=0.9513 dt=14.5s
2026-07-16 09:42:12,029 [INFO] trainer: epoch 490 step 50/54 loss=0.9807 lr=1.21e-06
2026-07-16 09:42:13,018 [INFO] trainer: epoch 490 done train_loss=0.9724 dt=14.4s
2026-07-16 09:42:27,817 [INFO] trainer: epoch 491 step 50/54 loss=0.9993 lr=1.17e-06
2026-07-16 09:42:28,805 [INFO] trainer: epoch 491 done train_loss=1.0020 dt=14.3s
2026-07-16 09:42:42,276 [INFO] trainer: epoch 492 step 50/54 loss=0.9942 lr=1.13e-06
2026-07-16 09:42:43,263 [INFO] trainer: epoch 492 done train_loss=0.9844 dt=14.5s
2026-07-16 09:42:56,812 [INFO] trainer: epoch 493 step 50/54 loss=0.9579 lr=1.10e-06
2026-07-16 09:42:57,813 [INFO] trainer: epoch 493 done train_loss=0.9625 dt=14.6s
2026-07-16 09:43:11,253 [INFO] trainer: epoch 494 step 50/54 loss=0.9510 lr=1.08e-06
2026-07-16 09:43:12,238 [INFO] trainer: epoch 494 done train_loss=0.9555 dt=14.4s
2026-07-16 09:43:25,716 [INFO] trainer: epoch 495 step 50/54 loss=0.9584 lr=1.05e-06
2026-07-16 09:43:26,703 [INFO] trainer: epoch 495 done train_loss=0.9751 dt=14.5s
2026-07-16 09:43:40,219 [INFO] trainer: epoch 496 step 50/54 loss=0.9725 lr=1.03e-06
2026-07-16 09:43:41,205 [INFO] trainer: epoch 496 done train_loss=0.9678 dt=14.5s
2026-07-16 09:43:54,754 [INFO] trainer: epoch 497 step 50/54 loss=0.9859 lr=1.02e-06
2026-07-16 09:43:55,741 [INFO] trainer: epoch 497 done train_loss=0.9904 dt=14.5s
2026-07-16 09:44:09,199 [INFO] trainer: epoch 498 step 50/54 loss=0.9971 lr=1.01e-06
2026-07-16 09:44:10,191 [INFO] trainer: epoch 498 done train_loss=1.0045 dt=14.4s
2026-07-16 09:44:23,533 [INFO] trainer: epoch 499 step 50/54 loss=1.0015 lr=1.00e-06
2026-07-16 09:44:24,519 [INFO] trainer: epoch 499 done train_loss=1.0043 dt=14.3s
2026-07-16 09:44:38,011 [INFO] trainer: epoch 500 step 50/54 loss=0.9924 lr=1.00e-06
2026-07-16 09:44:38,996 [INFO] trainer: epoch 500 done train_loss=0.9856 dt=14.5s
2026-07-16 09:45:25,238 [INFO] trainer: epoch 500 val_mean_dice=0.8053
2026-07-16 09:45:26,742 [INFO] trainer: total time 8333.5 s, best dice 0.8054 (epochs 1-500 / 500)
