2026-07-16 07:47:01,793 [INFO] train: ========================================================================
2026-07-16 07:47:01,793 [INFO] train: model=dino3d config=configs/lowshot/ls_dino3d_ft_pt_f010.yaml
2026-07-16 07:47:01,794 [INFO] train: output=/scratch/lskrlj/runs/ls_dino3d_ft_pt_f010 device=cuda (NVIDIA A100-SXM4-40GB)
2026-07-16 07:47:01,794 [INFO] train: epochs=500 batch_size=2 grad_accum=2 eff_batch=4 lr=0.0002 amp=True
2026-07-16 07:47:01,794 [INFO] train: ========================================================================
2026-07-16 07:47:01,798 [INFO] train: splits: train=1082 val=57 classes=117
2026-07-16 07:47:01,798 [INFO] train: low-shot: train_fraction=0.1000 seed=1234 -> 108/1082 train cases
2026-07-16 07:47:02,320 [INFO] train: disk cache: /scratch/lskrlj/cache/TotalSeg/833d9d046402 (fingerprint=833d9d046402)
2026-07-16 07:48:19,647 [INFO] dinov2: using MLP layer as FFN
2026-07-16 07:48:29,197 [INFO] train: model dino3d, trainable params: 316552920 / 316552920 total (freeze_backbone=False)
2026-07-16 07:48:40,749 [WARNING] trainer: --resume set but no checkpoint found in /scratch/lskrlj/runs/ls_dino3d_ft_pt_f010; starting fresh
2026-07-16 07:48:40,750 [INFO] trainer: start: epochs 1-500/500 device=cuda amp=bf16 train_batches=54 val_batches=57
2026-07-16 07:48:58,817 [INFO] trainer: epoch 1 step 50/54 loss=9.9114 lr=1.85e-05
2026-07-16 07:48:59,899 [INFO] trainer: epoch 1 done train_loss=9.8765 dt=19.1s
2026-07-16 07:49:14,816 [INFO] trainer: epoch 2 step 50/54 loss=8.7032 lr=3.85e-05
2026-07-16 07:49:15,891 [INFO] trainer: epoch 2 done train_loss=8.6775 dt=16.0s
2026-07-16 07:49:30,414 [INFO] trainer: epoch 3 step 50/54 loss=7.8944 lr=5.85e-05
2026-07-16 07:49:31,488 [INFO] trainer: epoch 3 done train_loss=7.8693 dt=15.6s
2026-07-16 07:49:46,102 [INFO] trainer: epoch 4 step 50/54 loss=7.4124 lr=7.85e-05
2026-07-16 07:49:47,181 [INFO] trainer: epoch 4 done train_loss=7.4015 dt=15.7s
2026-07-16 07:50:01,872 [INFO] trainer: epoch 5 step 50/54 loss=7.0881 lr=9.85e-05
2026-07-16 07:50:02,950 [INFO] trainer: epoch 5 done train_loss=7.0759 dt=15.8s
2026-07-16 07:50:17,610 [INFO] trainer: epoch 6 step 50/54 loss=6.6800 lr=1.19e-04
2026-07-16 07:50:18,682 [INFO] trainer: epoch 6 done train_loss=6.6646 dt=15.7s
2026-07-16 07:50:33,243 [INFO] trainer: epoch 7 step 50/54 loss=6.3186 lr=1.39e-04
2026-07-16 07:50:34,314 [INFO] trainer: epoch 7 done train_loss=6.3006 dt=15.6s
2026-07-16 07:50:48,826 [INFO] trainer: epoch 8 step 50/54 loss=5.9744 lr=1.59e-04
2026-07-16 07:50:49,899 [INFO] trainer: epoch 8 done train_loss=5.9537 dt=15.6s
2026-07-16 07:51:04,451 [INFO] trainer: epoch 9 step 50/54 loss=5.5764 lr=1.79e-04
2026-07-16 07:51:05,523 [INFO] trainer: epoch 9 done train_loss=5.5747 dt=15.6s
2026-07-16 07:51:20,182 [INFO] trainer: epoch 10 step 50/54 loss=5.1839 lr=1.99e-04
2026-07-16 07:51:21,257 [INFO] trainer: epoch 10 done train_loss=5.1589 dt=15.7s
2026-07-16 07:51:41,042 [INFO] trainer: epoch 11 step 50/54 loss=4.8363 lr=2.00e-04
2026-07-16 07:51:42,113 [INFO] trainer: epoch 11 done train_loss=4.8210 dt=15.7s
2026-07-16 07:51:56,613 [INFO] trainer: epoch 12 step 50/54 loss=4.5353 lr=2.00e-04
2026-07-16 07:51:57,686 [INFO] trainer: epoch 12 done train_loss=4.5406 dt=15.6s
2026-07-16 07:52:12,323 [INFO] trainer: epoch 13 step 50/54 loss=4.2696 lr=2.00e-04
2026-07-16 07:52:13,395 [INFO] trainer: epoch 13 done train_loss=4.2561 dt=15.7s
2026-07-16 07:52:27,825 [INFO] trainer: epoch 14 step 50/54 loss=4.0843 lr=2.00e-04
2026-07-16 07:52:28,894 [INFO] trainer: epoch 14 done train_loss=4.0717 dt=15.5s
2026-07-16 07:52:43,265 [INFO] trainer: epoch 15 step 50/54 loss=3.9115 lr=2.00e-04
2026-07-16 07:52:44,337 [INFO] trainer: epoch 15 done train_loss=3.8994 dt=15.4s
2026-07-16 07:52:59,109 [INFO] trainer: epoch 16 step 50/54 loss=3.7321 lr=2.00e-04
2026-07-16 07:53:00,184 [INFO] trainer: epoch 16 done train_loss=3.7251 dt=15.8s
2026-07-16 07:53:14,692 [INFO] trainer: epoch 17 step 50/54 loss=3.6367 lr=2.00e-04
2026-07-16 07:53:15,760 [INFO] trainer: epoch 17 done train_loss=3.6445 dt=15.6s
2026-07-16 07:53:30,368 [INFO] trainer: epoch 18 step 50/54 loss=3.5412 lr=2.00e-04
2026-07-16 07:53:31,437 [INFO] trainer: epoch 18 done train_loss=3.5272 dt=15.7s
2026-07-16 07:53:45,936 [INFO] trainer: epoch 19 step 50/54 loss=3.5219 lr=2.00e-04
2026-07-16 07:53:47,023 [INFO] trainer: epoch 19 done train_loss=3.5197 dt=15.6s
2026-07-16 07:54:01,689 [INFO] trainer: epoch 20 step 50/54 loss=3.4132 lr=2.00e-04
2026-07-16 07:54:02,769 [INFO] trainer: epoch 20 done train_loss=3.4067 dt=15.7s
2026-07-16 07:54:22,470 [INFO] trainer: epoch 21 step 50/54 loss=3.3948 lr=2.00e-04
2026-07-16 07:54:23,549 [INFO] trainer: epoch 21 done train_loss=3.3820 dt=15.7s
2026-07-16 07:54:38,110 [INFO] trainer: epoch 22 step 50/54 loss=3.3515 lr=2.00e-04
2026-07-16 07:54:39,197 [INFO] trainer: epoch 22 done train_loss=3.3610 dt=15.6s
2026-07-16 07:54:53,967 [INFO] trainer: epoch 23 step 50/54 loss=3.3084 lr=2.00e-04
2026-07-16 07:54:55,037 [INFO] trainer: epoch 23 done train_loss=3.3036 dt=15.8s
2026-07-16 07:55:09,875 [INFO] trainer: epoch 24 step 50/54 loss=3.2468 lr=2.00e-04
2026-07-16 07:55:10,959 [INFO] trainer: epoch 24 done train_loss=3.2561 dt=15.9s
2026-07-16 07:55:25,678 [INFO] trainer: epoch 25 step 50/54 loss=3.2657 lr=2.00e-04
2026-07-16 07:55:26,756 [INFO] trainer: epoch 25 done train_loss=3.2485 dt=15.8s
2026-07-16 07:56:22,189 [INFO] trainer: epoch 25 val_mean_dice=0.0046
2026-07-16 07:56:41,657 [INFO] trainer: epoch 26 step 50/54 loss=3.2441 lr=1.99e-04
2026-07-16 07:56:42,734 [INFO] trainer: epoch 26 done train_loss=3.2362 dt=15.6s
2026-07-16 07:56:57,182 [INFO] trainer: epoch 27 step 50/54 loss=3.2235 lr=1.99e-04
2026-07-16 07:56:58,268 [INFO] trainer: epoch 27 done train_loss=3.2080 dt=15.5s
2026-07-16 07:57:12,651 [INFO] trainer: epoch 28 step 50/54 loss=3.1879 lr=1.99e-04
2026-07-16 07:57:13,721 [INFO] trainer: epoch 28 done train_loss=3.1835 dt=15.5s
2026-07-16 07:57:28,286 [INFO] trainer: epoch 29 step 50/54 loss=3.1681 lr=1.99e-04
2026-07-16 07:57:29,360 [INFO] trainer: epoch 29 done train_loss=3.1675 dt=15.6s
2026-07-16 07:57:43,925 [INFO] trainer: epoch 30 step 50/54 loss=3.0800 lr=1.99e-04
2026-07-16 07:57:44,997 [INFO] trainer: epoch 30 done train_loss=3.0745 dt=15.6s
2026-07-16 07:58:04,842 [INFO] trainer: epoch 31 step 50/54 loss=3.0526 lr=1.99e-04
2026-07-16 07:58:05,918 [INFO] trainer: epoch 31 done train_loss=3.0650 dt=15.4s
2026-07-16 07:58:20,368 [INFO] trainer: epoch 32 step 50/54 loss=3.0578 lr=1.99e-04
2026-07-16 07:58:21,437 [INFO] trainer: epoch 32 done train_loss=3.0457 dt=15.5s
2026-07-16 07:58:35,785 [INFO] trainer: epoch 33 step 50/54 loss=3.0650 lr=1.99e-04
2026-07-16 07:58:36,862 [INFO] trainer: epoch 33 done train_loss=3.0864 dt=15.4s
2026-07-16 07:58:51,336 [INFO] trainer: epoch 34 step 50/54 loss=3.0285 lr=1.99e-04
2026-07-16 07:58:52,415 [INFO] trainer: epoch 34 done train_loss=3.0315 dt=15.6s
2026-07-16 07:59:07,133 [INFO] trainer: epoch 35 step 50/54 loss=3.0134 lr=1.99e-04
2026-07-16 07:59:08,208 [INFO] trainer: epoch 35 done train_loss=3.0138 dt=15.8s
2026-07-16 07:59:22,669 [INFO] trainer: epoch 36 step 50/54 loss=2.9896 lr=1.99e-04
2026-07-16 07:59:23,747 [INFO] trainer: epoch 36 done train_loss=2.9887 dt=15.5s
2026-07-16 07:59:38,175 [INFO] trainer: epoch 37 step 50/54 loss=2.9788 lr=1.99e-04
2026-07-16 07:59:39,257 [INFO] trainer: epoch 37 done train_loss=2.9733 dt=15.5s
2026-07-16 07:59:53,670 [INFO] trainer: epoch 38 step 50/54 loss=2.9327 lr=1.98e-04
2026-07-16 07:59:54,754 [INFO] trainer: epoch 38 done train_loss=2.9393 dt=15.5s
2026-07-16 08:00:09,478 [INFO] trainer: epoch 39 step 50/54 loss=2.9797 lr=1.98e-04
2026-07-16 08:00:10,553 [INFO] trainer: epoch 39 done train_loss=2.9594 dt=15.8s
2026-07-16 08:00:25,112 [INFO] trainer: epoch 40 step 50/54 loss=2.8962 lr=1.98e-04
2026-07-16 08:00:26,188 [INFO] trainer: epoch 40 done train_loss=2.8927 dt=15.6s
2026-07-16 08:00:46,844 [INFO] trainer: epoch 41 step 50/54 loss=2.9268 lr=1.98e-04
2026-07-16 08:00:47,922 [INFO] trainer: epoch 41 done train_loss=2.9219 dt=15.9s
2026-07-16 08:01:02,536 [INFO] trainer: epoch 42 step 50/54 loss=2.8307 lr=1.98e-04
2026-07-16 08:01:03,614 [INFO] trainer: epoch 42 done train_loss=2.8529 dt=15.7s
2026-07-16 08:01:18,099 [INFO] trainer: epoch 43 step 50/54 loss=2.8936 lr=1.98e-04
2026-07-16 08:01:19,176 [INFO] trainer: epoch 43 done train_loss=2.8884 dt=15.6s
2026-07-16 08:01:33,735 [INFO] trainer: epoch 44 step 50/54 loss=2.8063 lr=1.98e-04
2026-07-16 08:01:34,808 [INFO] trainer: epoch 44 done train_loss=2.8200 dt=15.6s
2026-07-16 08:01:49,719 [INFO] trainer: epoch 45 step 50/54 loss=2.8203 lr=1.98e-04
2026-07-16 08:01:50,801 [INFO] trainer: epoch 45 done train_loss=2.8281 dt=16.0s
2026-07-16 08:02:05,369 [INFO] trainer: epoch 46 step 50/54 loss=2.8194 lr=1.97e-04
2026-07-16 08:02:06,448 [INFO] trainer: epoch 46 done train_loss=2.8359 dt=15.6s
2026-07-16 08:02:20,962 [INFO] trainer: epoch 47 step 50/54 loss=2.8022 lr=1.97e-04
2026-07-16 08:02:22,039 [INFO] trainer: epoch 47 done train_loss=2.8004 dt=15.6s
2026-07-16 08:02:36,588 [INFO] trainer: epoch 48 step 50/54 loss=2.8050 lr=1.97e-04
2026-07-16 08:02:37,666 [INFO] trainer: epoch 48 done train_loss=2.7915 dt=15.6s
2026-07-16 08:02:52,205 [INFO] trainer: epoch 49 step 50/54 loss=2.7761 lr=1.97e-04
2026-07-16 08:02:53,281 [INFO] trainer: epoch 49 done train_loss=2.7680 dt=15.6s
2026-07-16 08:03:07,787 [INFO] trainer: epoch 50 step 50/54 loss=2.7517 lr=1.97e-04
2026-07-16 08:03:08,866 [INFO] trainer: epoch 50 done train_loss=2.7479 dt=15.6s
2026-07-16 08:03:58,287 [INFO] trainer: epoch 50 val_mean_dice=0.0390
2026-07-16 08:04:24,857 [INFO] trainer: epoch 51 step 50/54 loss=2.7776 lr=1.97e-04
2026-07-16 08:04:25,936 [INFO] trainer: epoch 51 done train_loss=2.7633 dt=15.8s
2026-07-16 08:04:40,588 [INFO] trainer: epoch 52 step 50/54 loss=2.6970 lr=1.96e-04
2026-07-16 08:04:41,667 [INFO] trainer: epoch 52 done train_loss=2.6972 dt=15.7s
2026-07-16 08:04:56,084 [INFO] trainer: epoch 53 step 50/54 loss=2.7340 lr=1.96e-04
2026-07-16 08:04:57,162 [INFO] trainer: epoch 53 done train_loss=2.7358 dt=15.5s
2026-07-16 08:05:11,758 [INFO] trainer: epoch 54 step 50/54 loss=2.6831 lr=1.96e-04
2026-07-16 08:05:12,832 [INFO] trainer: epoch 54 done train_loss=2.6902 dt=15.7s
2026-07-16 08:05:27,472 [INFO] trainer: epoch 55 step 50/54 loss=2.6689 lr=1.96e-04
2026-07-16 08:05:28,546 [INFO] trainer: epoch 55 done train_loss=2.6755 dt=15.7s
2026-07-16 08:05:43,232 [INFO] trainer: epoch 56 step 50/54 loss=2.6786 lr=1.96e-04
2026-07-16 08:05:44,309 [INFO] trainer: epoch 56 done train_loss=2.6695 dt=15.8s
2026-07-16 08:05:58,887 [INFO] trainer: epoch 57 step 50/54 loss=2.6605 lr=1.96e-04
2026-07-16 08:05:59,964 [INFO] trainer: epoch 57 done train_loss=2.6577 dt=15.7s
2026-07-16 08:06:14,472 [INFO] trainer: epoch 58 step 50/54 loss=2.6426 lr=1.95e-04
2026-07-16 08:06:15,551 [INFO] trainer: epoch 58 done train_loss=2.6390 dt=15.6s
2026-07-16 08:06:29,968 [INFO] trainer: epoch 59 step 50/54 loss=2.6193 lr=1.95e-04
2026-07-16 08:06:31,046 [INFO] trainer: epoch 59 done train_loss=2.6191 dt=15.5s
2026-07-16 08:06:45,571 [INFO] trainer: epoch 60 step 50/54 loss=2.6110 lr=1.95e-04
2026-07-16 08:06:46,649 [INFO] trainer: epoch 60 done train_loss=2.6084 dt=15.6s
2026-07-16 08:07:07,034 [INFO] trainer: epoch 61 step 50/54 loss=2.6494 lr=1.95e-04
2026-07-16 08:07:08,110 [INFO] trainer: epoch 61 done train_loss=2.6439 dt=15.6s
2026-07-16 08:07:22,695 [INFO] trainer: epoch 62 step 50/54 loss=2.5958 lr=1.95e-04
2026-07-16 08:07:23,772 [INFO] trainer: epoch 62 done train_loss=2.6001 dt=15.7s
2026-07-16 08:07:38,499 [INFO] trainer: epoch 63 step 50/54 loss=2.5672 lr=1.94e-04
2026-07-16 08:07:39,575 [INFO] trainer: epoch 63 done train_loss=2.5716 dt=15.8s
2026-07-16 08:07:54,265 [INFO] trainer: epoch 64 step 50/54 loss=2.5476 lr=1.94e-04
2026-07-16 08:07:55,342 [INFO] trainer: epoch 64 done train_loss=2.5387 dt=15.8s
2026-07-16 08:08:09,985 [INFO] trainer: epoch 65 step 50/54 loss=2.5368 lr=1.94e-04
2026-07-16 08:08:11,060 [INFO] trainer: epoch 65 done train_loss=2.5431 dt=15.7s
2026-07-16 08:08:25,657 [INFO] trainer: epoch 66 step 50/54 loss=2.5560 lr=1.94e-04
2026-07-16 08:08:26,733 [INFO] trainer: epoch 66 done train_loss=2.5529 dt=15.7s
2026-07-16 08:08:41,440 [INFO] trainer: epoch 67 step 50/54 loss=2.5510 lr=1.93e-04
2026-07-16 08:08:42,511 [INFO] trainer: epoch 67 done train_loss=2.5419 dt=15.8s
2026-07-16 08:08:57,107 [INFO] trainer: epoch 68 step 50/54 loss=2.5339 lr=1.93e-04
2026-07-16 08:08:58,185 [INFO] trainer: epoch 68 done train_loss=2.5370 dt=15.7s
2026-07-16 08:09:12,810 [INFO] trainer: epoch 69 step 50/54 loss=2.5054 lr=1.93e-04
2026-07-16 08:09:13,889 [INFO] trainer: epoch 69 done train_loss=2.5081 dt=15.7s
2026-07-16 08:09:28,358 [INFO] trainer: epoch 70 step 50/54 loss=2.5185 lr=1.93e-04
2026-07-16 08:09:29,438 [INFO] trainer: epoch 70 done train_loss=2.5051 dt=15.5s
2026-07-16 08:09:49,783 [INFO] trainer: epoch 71 step 50/54 loss=2.4653 lr=1.93e-04
2026-07-16 08:09:50,861 [INFO] trainer: epoch 71 done train_loss=2.4702 dt=15.5s
2026-07-16 08:10:05,408 [INFO] trainer: epoch 72 step 50/54 loss=2.4596 lr=1.92e-04
2026-07-16 08:10:06,479 [INFO] trainer: epoch 72 done train_loss=2.4527 dt=15.6s
2026-07-16 08:10:21,051 [INFO] trainer: epoch 73 step 50/54 loss=2.4693 lr=1.92e-04
2026-07-16 08:10:22,131 [INFO] trainer: epoch 73 done train_loss=2.4621 dt=15.7s
2026-07-16 08:10:36,568 [INFO] trainer: epoch 74 step 50/54 loss=2.4474 lr=1.92e-04
2026-07-16 08:10:37,641 [INFO] trainer: epoch 74 done train_loss=2.4628 dt=15.5s
2026-07-16 08:10:52,104 [INFO] trainer: epoch 75 step 50/54 loss=2.4704 lr=1.92e-04
2026-07-16 08:10:53,186 [INFO] trainer: epoch 75 done train_loss=2.4750 dt=15.5s
2026-07-16 08:11:42,648 [INFO] trainer: epoch 75 val_mean_dice=0.1439
2026-07-16 08:12:02,852 [INFO] trainer: epoch 76 step 50/54 loss=2.4394 lr=1.91e-04
2026-07-16 08:12:03,920 [INFO] trainer: epoch 76 done train_loss=2.4471 dt=15.7s
2026-07-16 08:12:18,514 [INFO] trainer: epoch 77 step 50/54 loss=2.4505 lr=1.91e-04
2026-07-16 08:12:19,595 [INFO] trainer: epoch 77 done train_loss=2.4322 dt=15.7s
2026-07-16 08:12:34,085 [INFO] trainer: epoch 78 step 50/54 loss=2.4275 lr=1.91e-04
2026-07-16 08:12:35,165 [INFO] trainer: epoch 78 done train_loss=2.4210 dt=15.6s
2026-07-16 08:12:49,780 [INFO] trainer: epoch 79 step 50/54 loss=2.4142 lr=1.90e-04
2026-07-16 08:12:50,865 [INFO] trainer: epoch 79 done train_loss=2.4227 dt=15.7s
2026-07-16 08:13:05,597 [INFO] trainer: epoch 80 step 50/54 loss=2.4001 lr=1.90e-04
2026-07-16 08:13:06,677 [INFO] trainer: epoch 80 done train_loss=2.4016 dt=15.8s
2026-07-16 08:13:26,727 [INFO] trainer: epoch 81 step 50/54 loss=2.3956 lr=1.90e-04
2026-07-16 08:13:27,806 [INFO] trainer: epoch 81 done train_loss=2.3865 dt=15.6s
2026-07-16 08:13:42,507 [INFO] trainer: epoch 82 step 50/54 loss=2.4025 lr=1.90e-04
2026-07-16 08:13:43,579 [INFO] trainer: epoch 82 done train_loss=2.4009 dt=15.8s
2026-07-16 08:13:58,381 [INFO] trainer: epoch 83 step 50/54 loss=2.3906 lr=1.89e-04
2026-07-16 08:13:59,462 [INFO] trainer: epoch 83 done train_loss=2.3795 dt=15.9s
2026-07-16 08:14:14,068 [INFO] trainer: epoch 84 step 50/54 loss=2.3615 lr=1.89e-04
2026-07-16 08:14:15,147 [INFO] trainer: epoch 84 done train_loss=2.3747 dt=15.7s
2026-07-16 08:14:29,870 [INFO] trainer: epoch 85 step 50/54 loss=2.3549 lr=1.89e-04
2026-07-16 08:14:30,944 [INFO] trainer: epoch 85 done train_loss=2.3538 dt=15.8s
2026-07-16 08:14:45,530 [INFO] trainer: epoch 86 step 50/54 loss=2.3430 lr=1.88e-04
2026-07-16 08:14:46,612 [INFO] trainer: epoch 86 done train_loss=2.3408 dt=15.7s
2026-07-16 08:15:01,155 [INFO] trainer: epoch 87 step 50/54 loss=2.3135 lr=1.88e-04
2026-07-16 08:15:02,238 [INFO] trainer: epoch 87 done train_loss=2.3197 dt=15.6s
2026-07-16 08:15:16,815 [INFO] trainer: epoch 88 step 50/54 loss=2.3249 lr=1.88e-04
2026-07-16 08:15:17,883 [INFO] trainer: epoch 88 done train_loss=2.3380 dt=15.6s
2026-07-16 08:15:32,419 [INFO] trainer: epoch 89 step 50/54 loss=2.3231 lr=1.88e-04
2026-07-16 08:15:33,488 [INFO] trainer: epoch 89 done train_loss=2.3366 dt=15.6s
2026-07-16 08:15:48,109 [INFO] trainer: epoch 90 step 50/54 loss=2.3064 lr=1.87e-04
2026-07-16 08:15:49,190 [INFO] trainer: epoch 90 done train_loss=2.3081 dt=15.7s
2026-07-16 08:16:09,577 [INFO] trainer: epoch 91 step 50/54 loss=2.3154 lr=1.87e-04
2026-07-16 08:16:10,654 [INFO] trainer: epoch 91 done train_loss=2.3120 dt=15.8s
2026-07-16 08:16:25,163 [INFO] trainer: epoch 92 step 50/54 loss=2.2903 lr=1.87e-04
2026-07-16 08:16:26,235 [INFO] trainer: epoch 92 done train_loss=2.2801 dt=15.6s
2026-07-16 08:16:40,679 [INFO] trainer: epoch 93 step 50/54 loss=2.3082 lr=1.86e-04
2026-07-16 08:16:41,750 [INFO] trainer: epoch 93 done train_loss=2.3026 dt=15.5s
2026-07-16 08:16:56,195 [INFO] trainer: epoch 94 step 50/54 loss=2.2858 lr=1.86e-04
2026-07-16 08:16:57,266 [INFO] trainer: epoch 94 done train_loss=2.2801 dt=15.5s
2026-07-16 08:17:11,648 [INFO] trainer: epoch 95 step 50/54 loss=2.2502 lr=1.86e-04
2026-07-16 08:17:12,719 [INFO] trainer: epoch 95 done train_loss=2.2545 dt=15.5s
2026-07-16 08:17:27,257 [INFO] trainer: epoch 96 step 50/54 loss=2.2771 lr=1.85e-04
2026-07-16 08:17:28,329 [INFO] trainer: epoch 96 done train_loss=2.2741 dt=15.6s
2026-07-16 08:17:42,880 [INFO] trainer: epoch 97 step 50/54 loss=2.2659 lr=1.85e-04
2026-07-16 08:17:43,952 [INFO] trainer: epoch 97 done train_loss=2.2708 dt=15.6s
2026-07-16 08:17:58,505 [INFO] trainer: epoch 98 step 50/54 loss=2.2426 lr=1.85e-04
2026-07-16 08:17:59,584 [INFO] trainer: epoch 98 done train_loss=2.2447 dt=15.6s
2026-07-16 08:18:13,911 [INFO] trainer: epoch 99 step 50/54 loss=2.2579 lr=1.84e-04
2026-07-16 08:18:14,987 [INFO] trainer: epoch 99 done train_loss=2.2562 dt=15.4s
2026-07-16 08:18:29,406 [INFO] trainer: epoch 100 step 50/54 loss=2.2710 lr=1.84e-04
2026-07-16 08:18:30,484 [INFO] trainer: epoch 100 done train_loss=2.2754 dt=15.5s
2026-07-16 08:19:19,947 [INFO] trainer: epoch 100 val_mean_dice=0.2311
2026-07-16 08:19:46,075 [INFO] trainer: epoch 101 step 50/54 loss=2.2243 lr=1.84e-04
2026-07-16 08:19:47,149 [INFO] trainer: epoch 101 done train_loss=2.2266 dt=15.6s
2026-07-16 08:20:01,707 [INFO] trainer: epoch 102 step 50/54 loss=2.2326 lr=1.83e-04
2026-07-16 08:20:02,782 [INFO] trainer: epoch 102 done train_loss=2.2196 dt=15.6s
2026-07-16 08:20:17,402 [INFO] trainer: epoch 103 step 50/54 loss=2.2019 lr=1.83e-04
2026-07-16 08:20:18,475 [INFO] trainer: epoch 103 done train_loss=2.2025 dt=15.7s
2026-07-16 08:20:33,045 [INFO] trainer: epoch 104 step 50/54 loss=2.2036 lr=1.82e-04
2026-07-16 08:20:34,117 [INFO] trainer: epoch 104 done train_loss=2.2110 dt=15.6s
2026-07-16 08:20:48,680 [INFO] trainer: epoch 105 step 50/54 loss=2.2516 lr=1.82e-04
2026-07-16 08:20:49,753 [INFO] trainer: epoch 105 done train_loss=2.2619 dt=15.6s
2026-07-16 08:21:04,259 [INFO] trainer: epoch 106 step 50/54 loss=2.2235 lr=1.82e-04
2026-07-16 08:21:05,333 [INFO] trainer: epoch 106 done train_loss=2.2107 dt=15.6s
2026-07-16 08:21:19,959 [INFO] trainer: epoch 107 step 50/54 loss=2.1907 lr=1.81e-04
2026-07-16 08:21:21,034 [INFO] trainer: epoch 107 done train_loss=2.1975 dt=15.7s
2026-07-16 08:21:35,538 [INFO] trainer: epoch 108 step 50/54 loss=2.1905 lr=1.81e-04
2026-07-16 08:21:36,619 [INFO] trainer: epoch 108 done train_loss=2.1859 dt=15.6s
2026-07-16 08:21:51,348 [INFO] trainer: epoch 109 step 50/54 loss=2.2141 lr=1.81e-04
2026-07-16 08:21:52,422 [INFO] trainer: epoch 109 done train_loss=2.2031 dt=15.8s
2026-07-16 08:22:06,956 [INFO] trainer: epoch 110 step 50/54 loss=2.1924 lr=1.80e-04
2026-07-16 08:22:08,027 [INFO] trainer: epoch 110 done train_loss=2.2073 dt=15.6s
2026-07-16 08:22:28,284 [INFO] trainer: epoch 111 step 50/54 loss=2.1730 lr=1.80e-04
2026-07-16 08:22:29,355 [INFO] trainer: epoch 111 done train_loss=2.1726 dt=15.6s
2026-07-16 08:22:43,802 [INFO] trainer: epoch 112 step 50/54 loss=2.1873 lr=1.79e-04
2026-07-16 08:22:44,877 [INFO] trainer: epoch 112 done train_loss=2.1946 dt=15.5s
2026-07-16 08:22:59,452 [INFO] trainer: epoch 113 step 50/54 loss=2.1676 lr=1.79e-04
2026-07-16 08:23:00,527 [INFO] trainer: epoch 113 done train_loss=2.1631 dt=15.6s
2026-07-16 08:23:15,101 [INFO] trainer: epoch 114 step 50/54 loss=2.1660 lr=1.79e-04
2026-07-16 08:23:16,178 [INFO] trainer: epoch 114 done train_loss=2.1660 dt=15.6s
2026-07-16 08:23:30,962 [INFO] trainer: epoch 115 step 50/54 loss=2.1601 lr=1.78e-04
2026-07-16 08:23:32,036 [INFO] trainer: epoch 115 done train_loss=2.1614 dt=15.9s
2026-07-16 08:23:47,361 [INFO] trainer: epoch 116 step 50/54 loss=2.1668 lr=1.78e-04
2026-07-16 08:23:48,436 [INFO] trainer: epoch 116 done train_loss=2.1621 dt=16.4s
2026-07-16 08:24:02,982 [INFO] trainer: epoch 117 step 50/54 loss=2.1773 lr=1.78e-04
2026-07-16 08:24:04,056 [INFO] trainer: epoch 117 done train_loss=2.1749 dt=15.6s
2026-07-16 08:24:18,635 [INFO] trainer: epoch 118 step 50/54 loss=2.1194 lr=1.77e-04
2026-07-16 08:24:19,712 [INFO] trainer: epoch 118 done train_loss=2.1379 dt=15.7s
2026-07-16 08:24:34,394 [INFO] trainer: epoch 119 step 50/54 loss=2.1541 lr=1.77e-04
2026-07-16 08:24:35,469 [INFO] trainer: epoch 119 done train_loss=2.1564 dt=15.8s
2026-07-16 08:24:50,708 [INFO] trainer: epoch 120 step 50/54 loss=2.1628 lr=1.76e-04
2026-07-16 08:24:51,784 [INFO] trainer: epoch 120 done train_loss=2.1630 dt=16.3s
2026-07-16 08:25:11,922 [INFO] trainer: epoch 121 step 50/54 loss=2.1175 lr=1.76e-04
2026-07-16 08:25:13,000 [INFO] trainer: epoch 121 done train_loss=2.1186 dt=15.5s
2026-07-16 08:25:27,472 [INFO] trainer: epoch 122 step 50/54 loss=2.1235 lr=1.75e-04
2026-07-16 08:25:28,548 [INFO] trainer: epoch 122 done train_loss=2.1179 dt=15.5s
2026-07-16 08:25:43,190 [INFO] trainer: epoch 123 step 50/54 loss=2.0973 lr=1.75e-04
2026-07-16 08:25:44,267 [INFO] trainer: epoch 123 done train_loss=2.0971 dt=15.7s
2026-07-16 08:25:58,872 [INFO] trainer: epoch 124 step 50/54 loss=2.1343 lr=1.75e-04
2026-07-16 08:25:59,947 [INFO] trainer: epoch 124 done train_loss=2.1401 dt=15.7s
2026-07-16 08:26:14,391 [INFO] trainer: epoch 125 step 50/54 loss=2.1067 lr=1.74e-04
2026-07-16 08:26:15,466 [INFO] trainer: epoch 125 done train_loss=2.0977 dt=15.5s
2026-07-16 08:27:04,873 [INFO] trainer: epoch 125 val_mean_dice=0.2898
2026-07-16 08:27:24,761 [INFO] trainer: epoch 126 step 50/54 loss=2.1279 lr=1.74e-04
2026-07-16 08:27:25,838 [INFO] trainer: epoch 126 done train_loss=2.1086 dt=15.5s
2026-07-16 08:27:40,347 [INFO] trainer: epoch 127 step 50/54 loss=2.0798 lr=1.73e-04
2026-07-16 08:27:41,423 [INFO] trainer: epoch 127 done train_loss=2.0821 dt=15.6s
2026-07-16 08:27:55,965 [INFO] trainer: epoch 128 step 50/54 loss=2.1039 lr=1.73e-04
2026-07-16 08:27:57,043 [INFO] trainer: epoch 128 done train_loss=2.1054 dt=15.6s
2026-07-16 08:28:11,569 [INFO] trainer: epoch 129 step 50/54 loss=2.1177 lr=1.72e-04
2026-07-16 08:28:12,644 [INFO] trainer: epoch 129 done train_loss=2.1154 dt=15.6s
2026-07-16 08:28:27,265 [INFO] trainer: epoch 130 step 50/54 loss=2.1061 lr=1.72e-04
2026-07-16 08:28:28,343 [INFO] trainer: epoch 130 done train_loss=2.1098 dt=15.7s
2026-07-16 08:28:48,320 [INFO] trainer: epoch 131 step 50/54 loss=2.0814 lr=1.72e-04
2026-07-16 08:28:49,397 [INFO] trainer: epoch 131 done train_loss=2.0839 dt=15.6s
2026-07-16 08:29:03,839 [INFO] trainer: epoch 132 step 50/54 loss=2.0740 lr=1.71e-04
2026-07-16 08:29:04,918 [INFO] trainer: epoch 132 done train_loss=2.0819 dt=15.5s
2026-07-16 08:29:19,556 [INFO] trainer: epoch 133 step 50/54 loss=2.0699 lr=1.71e-04
2026-07-16 08:29:20,633 [INFO] trainer: epoch 133 done train_loss=2.0745 dt=15.7s
2026-07-16 08:29:35,004 [INFO] trainer: epoch 134 step 50/54 loss=2.0618 lr=1.70e-04
2026-07-16 08:29:36,081 [INFO] trainer: epoch 134 done train_loss=2.0762 dt=15.4s
2026-07-16 08:29:50,665 [INFO] trainer: epoch 135 step 50/54 loss=2.0861 lr=1.70e-04
2026-07-16 08:29:51,741 [INFO] trainer: epoch 135 done train_loss=2.0877 dt=15.7s
2026-07-16 08:30:06,209 [INFO] trainer: epoch 136 step 50/54 loss=2.0516 lr=1.69e-04
2026-07-16 08:30:07,290 [INFO] trainer: epoch 136 done train_loss=2.0506 dt=15.5s
2026-07-16 08:30:21,866 [INFO] trainer: epoch 137 step 50/54 loss=2.0553 lr=1.69e-04
2026-07-16 08:30:22,942 [INFO] trainer: epoch 137 done train_loss=2.0497 dt=15.7s
2026-07-16 08:30:37,734 [INFO] trainer: epoch 138 step 50/54 loss=2.0555 lr=1.68e-04
2026-07-16 08:30:38,809 [INFO] trainer: epoch 138 done train_loss=2.0570 dt=15.9s
2026-07-16 08:30:53,280 [INFO] trainer: epoch 139 step 50/54 loss=2.0454 lr=1.68e-04
2026-07-16 08:30:54,360 [INFO] trainer: epoch 139 done train_loss=2.0425 dt=15.6s
2026-07-16 08:31:08,636 [INFO] trainer: epoch 140 step 50/54 loss=2.0894 lr=1.67e-04
2026-07-16 08:31:09,710 [INFO] trainer: epoch 140 done train_loss=2.0801 dt=15.3s
2026-07-16 08:31:29,856 [INFO] trainer: epoch 141 step 50/54 loss=2.0556 lr=1.67e-04
2026-07-16 08:31:30,935 [INFO] trainer: epoch 141 done train_loss=2.0438 dt=15.6s
2026-07-16 08:31:45,545 [INFO] trainer: epoch 142 step 50/54 loss=2.0354 lr=1.66e-04
2026-07-16 08:31:46,621 [INFO] trainer: epoch 142 done train_loss=2.0308 dt=15.7s
2026-07-16 08:32:01,194 [INFO] trainer: epoch 143 step 50/54 loss=2.0332 lr=1.66e-04
2026-07-16 08:32:02,271 [INFO] trainer: epoch 143 done train_loss=2.0259 dt=15.6s
2026-07-16 08:32:16,640 [INFO] trainer: epoch 144 step 50/54 loss=2.0258 lr=1.66e-04
2026-07-16 08:32:17,713 [INFO] trainer: epoch 144 done train_loss=2.0252 dt=15.4s
2026-07-16 08:32:32,194 [INFO] trainer: epoch 145 step 50/54 loss=2.0110 lr=1.65e-04
2026-07-16 08:32:33,270 [INFO] trainer: epoch 145 done train_loss=2.0215 dt=15.6s
2026-07-16 08:32:47,753 [INFO] trainer: epoch 146 step 50/54 loss=2.0473 lr=1.65e-04
2026-07-16 08:32:48,834 [INFO] trainer: epoch 146 done train_loss=2.0517 dt=15.6s
2026-07-16 08:33:03,284 [INFO] trainer: epoch 147 step 50/54 loss=2.0243 lr=1.64e-04
2026-07-16 08:33:04,356 [INFO] trainer: epoch 147 done train_loss=2.0377 dt=15.5s
2026-07-16 08:33:18,711 [INFO] trainer: epoch 148 step 50/54 loss=2.0519 lr=1.64e-04
2026-07-16 08:33:19,781 [INFO] trainer: epoch 148 done train_loss=2.0515 dt=15.4s
2026-07-16 08:33:34,130 [INFO] trainer: epoch 149 step 50/54 loss=2.0241 lr=1.63e-04
2026-07-16 08:33:35,202 [INFO] trainer: epoch 149 done train_loss=2.0206 dt=15.4s
2026-07-16 08:33:49,683 [INFO] trainer: epoch 150 step 50/54 loss=2.0252 lr=1.63e-04
2026-07-16 08:33:50,758 [INFO] trainer: epoch 150 done train_loss=2.0149 dt=15.6s
2026-07-16 08:34:40,162 [INFO] trainer: epoch 150 val_mean_dice=0.3729
2026-07-16 08:35:06,061 [INFO] trainer: epoch 151 step 50/54 loss=2.0333 lr=1.62e-04
2026-07-16 08:35:07,137 [INFO] trainer: epoch 151 done train_loss=2.0233 dt=15.6s
2026-07-16 08:35:21,649 [INFO] trainer: epoch 152 step 50/54 loss=2.0092 lr=1.62e-04
2026-07-16 08:35:22,721 [INFO] trainer: epoch 152 done train_loss=2.0129 dt=15.6s
2026-07-16 08:35:37,095 [INFO] trainer: epoch 153 step 50/54 loss=2.0044 lr=1.61e-04
2026-07-16 08:35:38,173 [INFO] trainer: epoch 153 done train_loss=1.9903 dt=15.5s
2026-07-16 08:35:52,485 [INFO] trainer: epoch 154 step 50/54 loss=2.0149 lr=1.61e-04
2026-07-16 08:35:53,554 [INFO] trainer: epoch 154 done train_loss=2.0084 dt=15.4s
2026-07-16 08:36:08,068 [INFO] trainer: epoch 155 step 50/54 loss=2.0122 lr=1.60e-04
2026-07-16 08:36:09,148 [INFO] trainer: epoch 155 done train_loss=2.0054 dt=15.6s
2026-07-16 08:36:23,757 [INFO] trainer: epoch 156 step 50/54 loss=1.9924 lr=1.60e-04
2026-07-16 08:36:24,834 [INFO] trainer: epoch 156 done train_loss=2.0003 dt=15.7s
2026-07-16 08:36:39,323 [INFO] trainer: epoch 157 step 50/54 loss=2.0259 lr=1.59e-04
2026-07-16 08:36:40,399 [INFO] trainer: epoch 157 done train_loss=2.0281 dt=15.6s
2026-07-16 08:36:54,974 [INFO] trainer: epoch 158 step 50/54 loss=2.0335 lr=1.59e-04
2026-07-16 08:36:56,050 [INFO] trainer: epoch 158 done train_loss=2.0287 dt=15.7s
2026-07-16 08:37:10,550 [INFO] trainer: epoch 159 step 50/54 loss=1.9742 lr=1.58e-04
2026-07-16 08:37:11,627 [INFO] trainer: epoch 159 done train_loss=1.9673 dt=15.6s
2026-07-16 08:37:26,089 [INFO] trainer: epoch 160 step 50/54 loss=1.9983 lr=1.57e-04
2026-07-16 08:37:27,162 [INFO] trainer: epoch 160 done train_loss=2.0014 dt=15.5s
2026-07-16 08:37:47,330 [INFO] trainer: epoch 161 step 50/54 loss=1.9754 lr=1.57e-04
2026-07-16 08:37:48,402 [INFO] trainer: epoch 161 done train_loss=1.9779 dt=15.6s
2026-07-16 08:38:02,982 [INFO] trainer: epoch 162 step 50/54 loss=1.9849 lr=1.56e-04
2026-07-16 08:38:04,055 [INFO] trainer: epoch 162 done train_loss=1.9855 dt=15.7s
2026-07-16 08:38:18,567 [INFO] trainer: epoch 163 step 50/54 loss=1.9833 lr=1.56e-04
2026-07-16 08:38:19,645 [INFO] trainer: epoch 163 done train_loss=1.9876 dt=15.6s
2026-07-16 08:38:34,092 [INFO] trainer: epoch 164 step 50/54 loss=1.9462 lr=1.55e-04
2026-07-16 08:38:35,163 [INFO] trainer: epoch 164 done train_loss=1.9493 dt=15.5s
2026-07-16 08:38:49,710 [INFO] trainer: epoch 165 step 50/54 loss=1.9772 lr=1.55e-04
2026-07-16 08:38:50,790 [INFO] trainer: epoch 165 done train_loss=1.9757 dt=15.6s
2026-07-16 08:39:05,238 [INFO] trainer: epoch 166 step 50/54 loss=1.9525 lr=1.54e-04
2026-07-16 08:39:06,311 [INFO] trainer: epoch 166 done train_loss=1.9664 dt=15.5s
2026-07-16 08:39:20,901 [INFO] trainer: epoch 167 step 50/54 loss=1.9644 lr=1.54e-04
2026-07-16 08:39:21,982 [INFO] trainer: epoch 167 done train_loss=1.9626 dt=15.7s
2026-07-16 08:39:36,396 [INFO] trainer: epoch 168 step 50/54 loss=1.9898 lr=1.53e-04
2026-07-16 08:39:37,470 [INFO] trainer: epoch 168 done train_loss=1.9782 dt=15.5s
2026-07-16 08:39:51,902 [INFO] trainer: epoch 169 step 50/54 loss=1.9645 lr=1.53e-04
2026-07-16 08:39:52,982 [INFO] trainer: epoch 169 done train_loss=1.9530 dt=15.5s
2026-07-16 08:40:07,391 [INFO] trainer: epoch 170 step 50/54 loss=1.9437 lr=1.52e-04
2026-07-16 08:40:08,464 [INFO] trainer: epoch 170 done train_loss=1.9512 dt=15.5s
2026-07-16 08:40:28,379 [INFO] trainer: epoch 171 step 50/54 loss=1.9673 lr=1.52e-04
2026-07-16 08:40:29,449 [INFO] trainer: epoch 171 done train_loss=1.9713 dt=15.5s
2026-07-16 08:40:44,040 [INFO] trainer: epoch 172 step 50/54 loss=1.9562 lr=1.51e-04
2026-07-16 08:40:45,110 [INFO] trainer: epoch 172 done train_loss=1.9553 dt=15.7s
2026-07-16 08:40:59,620 [INFO] trainer: epoch 173 step 50/54 loss=1.9602 lr=1.50e-04
2026-07-16 08:41:00,688 [INFO] trainer: epoch 173 done train_loss=1.9496 dt=15.6s
2026-07-16 08:41:15,157 [INFO] trainer: epoch 174 step 50/54 loss=1.9385 lr=1.50e-04
2026-07-16 08:41:16,227 [INFO] trainer: epoch 174 done train_loss=1.9489 dt=15.5s
2026-07-16 08:41:30,697 [INFO] trainer: epoch 175 step 50/54 loss=1.8948 lr=1.49e-04
2026-07-16 08:41:31,767 [INFO] trainer: epoch 175 done train_loss=1.9039 dt=15.5s
2026-07-16 08:42:21,127 [INFO] trainer: epoch 175 val_mean_dice=0.4080
2026-07-16 08:42:41,207 [INFO] trainer: epoch 176 step 50/54 loss=1.9418 lr=1.49e-04
2026-07-16 08:42:42,284 [INFO] trainer: epoch 176 done train_loss=1.9469 dt=15.6s
2026-07-16 08:42:56,922 [INFO] trainer: epoch 177 step 50/54 loss=1.9464 lr=1.48e-04
2026-07-16 08:42:58,004 [INFO] trainer: epoch 177 done train_loss=1.9493 dt=15.7s
2026-07-16 08:43:12,365 [INFO] trainer: epoch 178 step 50/54 loss=1.9256 lr=1.48e-04
2026-07-16 08:43:13,431 [INFO] trainer: epoch 178 done train_loss=1.9242 dt=15.4s
2026-07-16 08:43:27,861 [INFO] trainer: epoch 179 step 50/54 loss=1.9477 lr=1.47e-04
2026-07-16 08:43:28,929 [INFO] trainer: epoch 179 done train_loss=1.9397 dt=15.5s
2026-07-16 08:43:43,299 [INFO] trainer: epoch 180 step 50/54 loss=1.9234 lr=1.47e-04
2026-07-16 08:43:44,369 [INFO] trainer: epoch 180 done train_loss=1.9278 dt=15.4s
2026-07-16 08:44:04,279 [INFO] trainer: epoch 181 step 50/54 loss=1.9423 lr=1.46e-04
2026-07-16 08:44:05,347 [INFO] trainer: epoch 181 done train_loss=1.9326 dt=15.5s
2026-07-16 08:44:19,916 [INFO] trainer: epoch 182 step 50/54 loss=1.9357 lr=1.45e-04
2026-07-16 08:44:20,984 [INFO] trainer: epoch 182 done train_loss=1.9337 dt=15.6s
2026-07-16 08:44:35,523 [INFO] trainer: epoch 183 step 50/54 loss=1.9195 lr=1.45e-04
2026-07-16 08:44:36,591 [INFO] trainer: epoch 183 done train_loss=1.9190 dt=15.6s
2026-07-16 08:44:50,963 [INFO] trainer: epoch 184 step 50/54 loss=1.9221 lr=1.44e-04
2026-07-16 08:44:52,047 [INFO] trainer: epoch 184 done train_loss=1.9306 dt=15.5s
2026-07-16 08:45:06,519 [INFO] trainer: epoch 185 step 50/54 loss=1.9157 lr=1.44e-04
2026-07-16 08:45:07,593 [INFO] trainer: epoch 185 done train_loss=1.9232 dt=15.5s
2026-07-16 08:45:21,947 [INFO] trainer: epoch 186 step 50/54 loss=1.9407 lr=1.43e-04
2026-07-16 08:45:23,021 [INFO] trainer: epoch 186 done train_loss=1.9349 dt=15.4s
2026-07-16 08:45:37,506 [INFO] trainer: epoch 187 step 50/54 loss=1.9212 lr=1.43e-04
2026-07-16 08:45:38,588 [INFO] trainer: epoch 187 done train_loss=1.9143 dt=15.6s
2026-07-16 08:45:53,122 [INFO] trainer: epoch 188 step 50/54 loss=1.9258 lr=1.42e-04
2026-07-16 08:45:54,198 [INFO] trainer: epoch 188 done train_loss=1.9334 dt=15.6s
2026-07-16 08:46:08,528 [INFO] trainer: epoch 189 step 50/54 loss=1.9119 lr=1.41e-04
2026-07-16 08:46:09,599 [INFO] trainer: epoch 189 done train_loss=1.9081 dt=15.4s
2026-07-16 08:46:24,217 [INFO] trainer: epoch 190 step 50/54 loss=1.9048 lr=1.41e-04
2026-07-16 08:46:25,297 [INFO] trainer: epoch 190 done train_loss=1.9128 dt=15.7s
2026-07-16 08:46:45,494 [INFO] trainer: epoch 191 step 50/54 loss=1.9135 lr=1.40e-04
2026-07-16 08:46:46,571 [INFO] trainer: epoch 191 done train_loss=1.9057 dt=15.6s
2026-07-16 08:47:01,061 [INFO] trainer: epoch 192 step 50/54 loss=1.8855 lr=1.40e-04
2026-07-16 08:47:02,142 [INFO] trainer: epoch 192 done train_loss=1.8847 dt=15.6s
2026-07-16 08:47:16,650 [INFO] trainer: epoch 193 step 50/54 loss=1.8984 lr=1.39e-04
2026-07-16 08:47:17,725 [INFO] trainer: epoch 193 done train_loss=1.8854 dt=15.6s
2026-07-16 08:47:32,193 [INFO] trainer: epoch 194 step 50/54 loss=1.8899 lr=1.38e-04
2026-07-16 08:47:33,266 [INFO] trainer: epoch 194 done train_loss=1.8841 dt=15.5s
2026-07-16 08:47:47,802 [INFO] trainer: epoch 195 step 50/54 loss=1.9096 lr=1.38e-04
2026-07-16 08:47:48,875 [INFO] trainer: epoch 195 done train_loss=1.9104 dt=15.6s
2026-07-16 08:48:03,301 [INFO] trainer: epoch 196 step 50/54 loss=1.8932 lr=1.37e-04
2026-07-16 08:48:04,370 [INFO] trainer: epoch 196 done train_loss=1.8825 dt=15.5s
2026-07-16 08:48:18,792 [INFO] trainer: epoch 197 step 50/54 loss=1.9213 lr=1.37e-04
2026-07-16 08:48:19,864 [INFO] trainer: epoch 197 done train_loss=1.9239 dt=15.5s
2026-07-16 08:48:34,357 [INFO] trainer: epoch 198 step 50/54 loss=1.8870 lr=1.36e-04
2026-07-16 08:48:35,431 [INFO] trainer: epoch 198 done train_loss=1.8908 dt=15.6s
2026-07-16 08:48:49,733 [INFO] trainer: epoch 199 step 50/54 loss=1.9159 lr=1.36e-04
2026-07-16 08:48:50,804 [INFO] trainer: epoch 199 done train_loss=1.8980 dt=15.4s
2026-07-16 08:49:05,275 [INFO] trainer: epoch 200 step 50/54 loss=1.8694 lr=1.35e-04
2026-07-16 08:49:06,356 [INFO] trainer: epoch 200 done train_loss=1.8775 dt=15.6s
2026-07-16 08:49:55,762 [INFO] trainer: epoch 200 val_mean_dice=0.4332
2026-07-16 08:50:21,866 [INFO] trainer: epoch 201 step 50/54 loss=1.8699 lr=1.34e-04
2026-07-16 08:50:22,938 [INFO] trainer: epoch 201 done train_loss=1.8730 dt=15.9s
2026-07-16 08:50:37,437 [INFO] trainer: epoch 202 step 50/54 loss=1.8518 lr=1.34e-04
2026-07-16 08:50:38,509 [INFO] trainer: epoch 202 done train_loss=1.8448 dt=15.6s
2026-07-16 08:50:53,041 [INFO] trainer: epoch 203 step 50/54 loss=1.8471 lr=1.33e-04
2026-07-16 08:50:54,117 [INFO] trainer: epoch 203 done train_loss=1.8536 dt=15.6s
2026-07-16 08:51:08,512 [INFO] trainer: epoch 204 step 50/54 loss=1.8862 lr=1.33e-04
2026-07-16 08:51:09,589 [INFO] trainer: epoch 204 done train_loss=1.8929 dt=15.5s
2026-07-16 08:51:24,240 [INFO] trainer: epoch 205 step 50/54 loss=1.8733 lr=1.32e-04
2026-07-16 08:51:25,317 [INFO] trainer: epoch 205 done train_loss=1.8761 dt=15.7s
2026-07-16 08:51:39,650 [INFO] trainer: epoch 206 step 50/54 loss=1.8553 lr=1.31e-04
2026-07-16 08:51:40,725 [INFO] trainer: epoch 206 done train_loss=1.8627 dt=15.4s
2026-07-16 08:51:55,312 [INFO] trainer: epoch 207 step 50/54 loss=1.8765 lr=1.31e-04
2026-07-16 08:51:56,388 [INFO] trainer: epoch 207 done train_loss=1.8740 dt=15.7s
2026-07-16 08:52:10,868 [INFO] trainer: epoch 208 step 50/54 loss=1.8416 lr=1.30e-04
2026-07-16 08:52:11,940 [INFO] trainer: epoch 208 done train_loss=1.8482 dt=15.6s
2026-07-16 08:52:26,350 [INFO] trainer: epoch 209 step 50/54 loss=1.8600 lr=1.29e-04
2026-07-16 08:52:27,425 [INFO] trainer: epoch 209 done train_loss=1.8752 dt=15.5s
2026-07-16 08:52:41,743 [INFO] trainer: epoch 210 step 50/54 loss=1.8830 lr=1.29e-04
2026-07-16 08:52:42,820 [INFO] trainer: epoch 210 done train_loss=1.8823 dt=15.4s
2026-07-16 08:53:02,915 [INFO] trainer: epoch 211 step 50/54 loss=1.9187 lr=1.28e-04
2026-07-16 08:53:03,996 [INFO] trainer: epoch 211 done train_loss=1.9129 dt=15.7s
2026-07-16 08:53:18,540 [INFO] trainer: epoch 212 step 50/54 loss=1.8855 lr=1.28e-04
2026-07-16 08:53:19,628 [INFO] trainer: epoch 212 done train_loss=1.8842 dt=15.6s
2026-07-16 08:53:34,316 [INFO] trainer: epoch 213 step 50/54 loss=1.8618 lr=1.27e-04
2026-07-16 08:53:35,392 [INFO] trainer: epoch 213 done train_loss=1.8515 dt=15.8s
2026-07-16 08:53:50,604 [INFO] trainer: epoch 214 step 50/54 loss=1.8664 lr=1.26e-04
2026-07-16 08:53:51,681 [INFO] trainer: epoch 214 done train_loss=1.8558 dt=16.3s
2026-07-16 08:54:06,290 [INFO] trainer: epoch 215 step 50/54 loss=1.8610 lr=1.26e-04
2026-07-16 08:54:07,370 [INFO] trainer: epoch 215 done train_loss=1.8640 dt=15.7s
2026-07-16 08:54:21,848 [INFO] trainer: epoch 216 step 50/54 loss=1.8641 lr=1.25e-04
2026-07-16 08:54:22,919 [INFO] trainer: epoch 216 done train_loss=1.8534 dt=15.5s
2026-07-16 08:54:37,218 [INFO] trainer: epoch 217 step 50/54 loss=1.8568 lr=1.25e-04
2026-07-16 08:54:38,290 [INFO] trainer: epoch 217 done train_loss=1.8684 dt=15.4s
2026-07-16 08:54:52,972 [INFO] trainer: epoch 218 step 50/54 loss=1.8374 lr=1.24e-04
2026-07-16 08:54:54,047 [INFO] trainer: epoch 218 done train_loss=1.8341 dt=15.8s
2026-07-16 08:55:08,665 [INFO] trainer: epoch 219 step 50/54 loss=1.8633 lr=1.23e-04
2026-07-16 08:55:09,750 [INFO] trainer: epoch 219 done train_loss=1.8707 dt=15.7s
2026-07-16 08:55:24,343 [INFO] trainer: epoch 220 step 50/54 loss=1.8153 lr=1.23e-04
2026-07-16 08:55:25,416 [INFO] trainer: epoch 220 done train_loss=1.8076 dt=15.7s
2026-07-16 08:55:44,756 [INFO] trainer: epoch 221 step 50/54 loss=1.8342 lr=1.22e-04
2026-07-16 08:55:45,829 [INFO] trainer: epoch 221 done train_loss=1.8315 dt=15.4s
2026-07-16 08:56:00,413 [INFO] trainer: epoch 222 step 50/54 loss=1.8563 lr=1.21e-04
2026-07-16 08:56:01,490 [INFO] trainer: epoch 222 done train_loss=1.8544 dt=15.7s
2026-07-16 08:56:15,785 [INFO] trainer: epoch 223 step 50/54 loss=1.8628 lr=1.21e-04
2026-07-16 08:56:16,869 [INFO] trainer: epoch 223 done train_loss=1.8589 dt=15.4s
2026-07-16 08:56:31,290 [INFO] trainer: epoch 224 step 50/54 loss=1.8387 lr=1.20e-04
2026-07-16 08:56:32,359 [INFO] trainer: epoch 224 done train_loss=1.8337 dt=15.5s
2026-07-16 08:56:46,734 [INFO] trainer: epoch 225 step 50/54 loss=1.8570 lr=1.20e-04
2026-07-16 08:56:47,812 [INFO] trainer: epoch 225 done train_loss=1.8564 dt=15.5s
2026-07-16 08:57:41,596 [INFO] trainer: epoch 225 val_mean_dice=0.4476
2026-07-16 08:58:04,193 [INFO] trainer: epoch 226 step 50/54 loss=1.8265 lr=1.19e-04
2026-07-16 08:58:05,268 [INFO] trainer: epoch 226 done train_loss=1.8298 dt=15.4s
2026-07-16 08:58:19,730 [INFO] trainer: epoch 227 step 50/54 loss=1.8293 lr=1.18e-04
2026-07-16 08:58:20,802 [INFO] trainer: epoch 227 done train_loss=1.8406 dt=15.5s
2026-07-16 08:58:35,291 [INFO] trainer: epoch 228 step 50/54 loss=1.8368 lr=1.18e-04
2026-07-16 08:58:36,360 [INFO] trainer: epoch 228 done train_loss=1.8381 dt=15.6s
2026-07-16 08:58:50,971 [INFO] trainer: epoch 229 step 50/54 loss=1.8215 lr=1.17e-04
2026-07-16 08:58:52,042 [INFO] trainer: epoch 229 done train_loss=1.8347 dt=15.7s
2026-07-16 08:59:06,540 [INFO] trainer: epoch 230 step 50/54 loss=1.8370 lr=1.16e-04
2026-07-16 08:59:07,613 [INFO] trainer: epoch 230 done train_loss=1.8402 dt=15.6s
2026-07-16 08:59:26,975 [INFO] trainer: epoch 231 step 50/54 loss=1.8406 lr=1.16e-04
2026-07-16 08:59:28,051 [INFO] trainer: epoch 231 done train_loss=1.8440 dt=15.4s
2026-07-16 08:59:42,448 [INFO] trainer: epoch 232 step 50/54 loss=1.8244 lr=1.15e-04
2026-07-16 08:59:43,524 [INFO] trainer: epoch 232 done train_loss=1.8313 dt=15.5s
2026-07-16 08:59:58,134 [INFO] trainer: epoch 233 step 50/54 loss=1.8415 lr=1.15e-04
2026-07-16 08:59:59,206 [INFO] trainer: epoch 233 done train_loss=1.8390 dt=15.7s
2026-07-16 09:00:13,532 [INFO] trainer: epoch 234 step 50/54 loss=1.8618 lr=1.14e-04
2026-07-16 09:00:14,613 [INFO] trainer: epoch 234 done train_loss=1.8722 dt=15.4s
2026-07-16 09:00:28,918 [INFO] trainer: epoch 235 step 50/54 loss=1.8295 lr=1.13e-04
2026-07-16 09:00:29,994 [INFO] trainer: epoch 235 done train_loss=1.8305 dt=15.4s
2026-07-16 09:00:44,353 [INFO] trainer: epoch 236 step 50/54 loss=1.8260 lr=1.13e-04
2026-07-16 09:00:45,429 [INFO] trainer: epoch 236 done train_loss=1.8321 dt=15.4s
2026-07-16 09:00:59,858 [INFO] trainer: epoch 237 step 50/54 loss=1.7879 lr=1.12e-04
2026-07-16 09:01:00,931 [INFO] trainer: epoch 237 done train_loss=1.7857 dt=15.5s
2026-07-16 09:01:15,343 [INFO] trainer: epoch 238 step 50/54 loss=1.8209 lr=1.11e-04
2026-07-16 09:01:16,411 [INFO] trainer: epoch 238 done train_loss=1.8037 dt=15.5s
2026-07-16 09:01:30,774 [INFO] trainer: epoch 239 step 50/54 loss=1.7870 lr=1.11e-04
2026-07-16 09:01:31,851 [INFO] trainer: epoch 239 done train_loss=1.7963 dt=15.4s
2026-07-16 09:01:46,264 [INFO] trainer: epoch 240 step 50/54 loss=1.7840 lr=1.10e-04
2026-07-16 09:01:47,334 [INFO] trainer: epoch 240 done train_loss=1.7974 dt=15.5s
2026-07-16 09:02:07,524 [INFO] trainer: epoch 241 step 50/54 loss=1.8181 lr=1.09e-04
2026-07-16 09:02:08,599 [INFO] trainer: epoch 241 done train_loss=1.8099 dt=15.5s
2026-07-16 09:02:23,129 [INFO] trainer: epoch 242 step 50/54 loss=1.7929 lr=1.09e-04
2026-07-16 09:02:24,203 [INFO] trainer: epoch 242 done train_loss=1.7893 dt=15.6s
2026-07-16 09:02:38,607 [INFO] trainer: epoch 243 step 50/54 loss=1.8272 lr=1.08e-04
2026-07-16 09:02:39,680 [INFO] trainer: epoch 243 done train_loss=1.8267 dt=15.5s
2026-07-16 09:02:54,160 [INFO] trainer: epoch 244 step 50/54 loss=1.7839 lr=1.08e-04
2026-07-16 09:02:55,236 [INFO] trainer: epoch 244 done train_loss=1.7870 dt=15.6s
2026-07-16 09:03:09,829 [INFO] trainer: epoch 245 step 50/54 loss=1.7963 lr=1.07e-04
2026-07-16 09:03:10,905 [INFO] trainer: epoch 245 done train_loss=1.8077 dt=15.7s
2026-07-16 09:03:25,344 [INFO] trainer: epoch 246 step 50/54 loss=1.8100 lr=1.06e-04
2026-07-16 09:03:26,417 [INFO] trainer: epoch 246 done train_loss=1.8023 dt=15.5s
2026-07-16 09:03:41,000 [INFO] trainer: epoch 247 step 50/54 loss=1.7845 lr=1.06e-04
2026-07-16 09:03:42,076 [INFO] trainer: epoch 247 done train_loss=1.7785 dt=15.7s
2026-07-16 09:03:56,637 [INFO] trainer: epoch 248 step 50/54 loss=1.7860 lr=1.05e-04
2026-07-16 09:03:57,712 [INFO] trainer: epoch 248 done train_loss=1.7965 dt=15.6s
2026-07-16 09:04:12,416 [INFO] trainer: epoch 249 step 50/54 loss=1.7743 lr=1.04e-04
2026-07-16 09:04:13,491 [INFO] trainer: epoch 249 done train_loss=1.7757 dt=15.8s
2026-07-16 09:04:28,280 [INFO] trainer: epoch 250 step 50/54 loss=1.7925 lr=1.04e-04
2026-07-16 09:04:29,356 [INFO] trainer: epoch 250 done train_loss=1.7991 dt=15.9s
2026-07-16 09:05:18,767 [INFO] trainer: epoch 250 val_mean_dice=0.4653
2026-07-16 09:05:44,632 [INFO] trainer: epoch 251 step 50/54 loss=1.8041 lr=1.03e-04
2026-07-16 09:05:45,707 [INFO] trainer: epoch 251 done train_loss=1.8001 dt=15.6s
2026-07-16 09:06:00,304 [INFO] trainer: epoch 252 step 50/54 loss=1.7997 lr=1.02e-04
2026-07-16 09:06:01,374 [INFO] trainer: epoch 252 done train_loss=1.8025 dt=15.7s
2026-07-16 09:06:16,012 [INFO] trainer: epoch 253 step 50/54 loss=1.7756 lr=1.02e-04
2026-07-16 09:06:17,087 [INFO] trainer: epoch 253 done train_loss=1.7968 dt=15.7s
2026-07-16 09:06:31,590 [INFO] trainer: epoch 254 step 50/54 loss=1.7717 lr=1.01e-04
2026-07-16 09:06:32,665 [INFO] trainer: epoch 254 done train_loss=1.7712 dt=15.6s
2026-07-16 09:06:47,451 [INFO] trainer: epoch 255 step 50/54 loss=1.7714 lr=1.01e-04
2026-07-16 09:06:48,533 [INFO] trainer: epoch 255 done train_loss=1.7771 dt=15.9s
2026-07-16 09:07:03,112 [INFO] trainer: epoch 256 step 50/54 loss=1.7767 lr=9.99e-05
2026-07-16 09:07:04,187 [INFO] trainer: epoch 256 done train_loss=1.7782 dt=15.7s
2026-07-16 09:07:18,480 [INFO] trainer: epoch 257 step 50/54 loss=1.7952 lr=9.93e-05
2026-07-16 09:07:19,550 [INFO] trainer: epoch 257 done train_loss=1.7916 dt=15.4s
2026-07-16 09:07:33,986 [INFO] trainer: epoch 258 step 50/54 loss=1.8246 lr=9.86e-05
2026-07-16 09:07:35,055 [INFO] trainer: epoch 258 done train_loss=1.8172 dt=15.5s
2026-07-16 09:07:49,667 [INFO] trainer: epoch 259 step 50/54 loss=1.7779 lr=9.80e-05
2026-07-16 09:07:50,739 [INFO] trainer: epoch 259 done train_loss=1.7719 dt=15.7s
2026-07-16 09:08:05,212 [INFO] trainer: epoch 260 step 50/54 loss=1.7789 lr=9.74e-05
2026-07-16 09:08:06,286 [INFO] trainer: epoch 260 done train_loss=1.7818 dt=15.5s
2026-07-16 09:08:26,561 [INFO] trainer: epoch 261 step 50/54 loss=1.7789 lr=9.67e-05
2026-07-16 09:08:27,636 [INFO] trainer: epoch 261 done train_loss=1.7693 dt=15.7s
2026-07-16 09:08:42,055 [INFO] trainer: epoch 262 step 50/54 loss=1.7397 lr=9.61e-05
2026-07-16 09:08:43,124 [INFO] trainer: epoch 262 done train_loss=1.7542 dt=15.5s
2026-07-16 09:08:57,647 [INFO] trainer: epoch 263 step 50/54 loss=1.7193 lr=9.54e-05
2026-07-16 09:08:58,716 [INFO] trainer: epoch 263 done train_loss=1.7215 dt=15.6s
2026-07-16 09:09:13,034 [INFO] trainer: epoch 264 step 50/54 loss=1.7279 lr=9.48e-05
2026-07-16 09:09:14,102 [INFO] trainer: epoch 264 done train_loss=1.7316 dt=15.4s
2026-07-16 09:09:28,728 [INFO] trainer: epoch 265 step 50/54 loss=1.7495 lr=9.42e-05
2026-07-16 09:09:29,800 [INFO] trainer: epoch 265 done train_loss=1.7567 dt=15.7s
2026-07-16 09:09:44,374 [INFO] trainer: epoch 266 step 50/54 loss=1.7454 lr=9.35e-05
2026-07-16 09:09:45,452 [INFO] trainer: epoch 266 done train_loss=1.7458 dt=15.7s
2026-07-16 09:09:59,977 [INFO] trainer: epoch 267 step 50/54 loss=1.7580 lr=9.29e-05
2026-07-16 09:10:01,056 [INFO] trainer: epoch 267 done train_loss=1.7627 dt=15.6s
2026-07-16 09:10:15,502 [INFO] trainer: epoch 268 step 50/54 loss=1.7432 lr=9.23e-05
2026-07-16 09:10:16,574 [INFO] trainer: epoch 268 done train_loss=1.7463 dt=15.5s
2026-07-16 09:10:31,042 [INFO] trainer: epoch 269 step 50/54 loss=1.7441 lr=9.16e-05
2026-07-16 09:10:32,116 [INFO] trainer: epoch 269 done train_loss=1.7394 dt=15.5s
2026-07-16 09:10:46,803 [INFO] trainer: epoch 270 step 50/54 loss=1.7626 lr=9.10e-05
2026-07-16 09:10:47,876 [INFO] trainer: epoch 270 done train_loss=1.7640 dt=15.8s
2026-07-16 09:11:08,505 [INFO] trainer: epoch 271 step 50/54 loss=1.7906 lr=9.04e-05
2026-07-16 09:11:09,577 [INFO] trainer: epoch 271 done train_loss=1.7820 dt=15.6s
2026-07-16 09:11:24,102 [INFO] trainer: epoch 272 step 50/54 loss=1.7912 lr=8.97e-05
2026-07-16 09:11:25,174 [INFO] trainer: epoch 272 done train_loss=1.7860 dt=15.6s
2026-07-16 09:11:39,995 [INFO] trainer: epoch 273 step 50/54 loss=1.7564 lr=8.91e-05
2026-07-16 09:11:41,073 [INFO] trainer: epoch 273 done train_loss=1.7602 dt=15.9s
2026-07-16 09:11:55,561 [INFO] trainer: epoch 274 step 50/54 loss=1.7590 lr=8.85e-05
2026-07-16 09:11:56,638 [INFO] trainer: epoch 274 done train_loss=1.7501 dt=15.6s
2026-07-16 09:12:11,253 [INFO] trainer: epoch 275 step 50/54 loss=1.7532 lr=8.78e-05
2026-07-16 09:12:12,330 [INFO] trainer: epoch 275 done train_loss=1.7501 dt=15.7s
2026-07-16 09:13:01,823 [INFO] trainer: epoch 275 val_mean_dice=0.4875
2026-07-16 09:13:22,014 [INFO] trainer: epoch 276 step 50/54 loss=1.7765 lr=8.72e-05
2026-07-16 09:13:23,092 [INFO] trainer: epoch 276 done train_loss=1.7576 dt=15.7s
2026-07-16 09:13:37,983 [INFO] trainer: epoch 277 step 50/54 loss=1.7760 lr=8.66e-05
2026-07-16 09:13:39,055 [INFO] trainer: epoch 277 done train_loss=1.7723 dt=16.0s
2026-07-16 09:13:53,664 [INFO] trainer: epoch 278 step 50/54 loss=1.7680 lr=8.59e-05
2026-07-16 09:13:54,739 [INFO] trainer: epoch 278 done train_loss=1.7636 dt=15.7s
2026-07-16 09:14:09,199 [INFO] trainer: epoch 279 step 50/54 loss=1.7859 lr=8.53e-05
2026-07-16 09:14:10,273 [INFO] trainer: epoch 279 done train_loss=1.7839 dt=15.5s
2026-07-16 09:14:25,863 [INFO] trainer: epoch 280 step 50/54 loss=1.7711 lr=8.47e-05
2026-07-16 09:14:26,941 [INFO] trainer: epoch 280 done train_loss=1.7698 dt=16.7s
2026-07-16 09:14:49,325 [INFO] trainer: epoch 281 step 50/54 loss=1.7567 lr=8.40e-05
2026-07-16 09:14:50,404 [INFO] trainer: epoch 281 done train_loss=1.7486 dt=15.6s
2026-07-16 09:15:05,013 [INFO] trainer: epoch 282 step 50/54 loss=1.7464 lr=8.34e-05
2026-07-16 09:15:06,086 [INFO] trainer: epoch 282 done train_loss=1.7469 dt=15.7s
2026-07-16 09:15:20,466 [INFO] trainer: epoch 283 step 50/54 loss=1.7291 lr=8.28e-05
2026-07-16 09:15:21,534 [INFO] trainer: epoch 283 done train_loss=1.7174 dt=15.4s
2026-07-16 09:15:35,869 [INFO] trainer: epoch 284 step 50/54 loss=1.7156 lr=8.22e-05
2026-07-16 09:15:36,948 [INFO] trainer: epoch 284 done train_loss=1.7160 dt=15.4s
2026-07-16 09:15:51,446 [INFO] trainer: epoch 285 step 50/54 loss=1.7397 lr=8.15e-05
2026-07-16 09:15:52,518 [INFO] trainer: epoch 285 done train_loss=1.7349 dt=15.6s
2026-07-16 09:16:06,843 [INFO] trainer: epoch 286 step 50/54 loss=1.7261 lr=8.09e-05
2026-07-16 09:16:07,919 [INFO] trainer: epoch 286 done train_loss=1.7168 dt=15.4s
2026-07-16 09:16:22,439 [INFO] trainer: epoch 287 step 50/54 loss=1.7153 lr=8.03e-05
2026-07-16 09:16:23,512 [INFO] trainer: epoch 287 done train_loss=1.7132 dt=15.6s
2026-07-16 09:16:37,852 [INFO] trainer: epoch 288 step 50/54 loss=1.6903 lr=7.97e-05
2026-07-16 09:16:38,921 [INFO] trainer: epoch 288 done train_loss=1.6968 dt=15.4s
2026-07-16 09:16:53,331 [INFO] trainer: epoch 289 step 50/54 loss=1.7380 lr=7.90e-05
2026-07-16 09:16:54,401 [INFO] trainer: epoch 289 done train_loss=1.7351 dt=15.5s
2026-07-16 09:17:08,925 [INFO] trainer: epoch 290 step 50/54 loss=1.7244 lr=7.84e-05
2026-07-16 09:17:09,998 [INFO] trainer: epoch 290 done train_loss=1.7257 dt=15.6s
2026-07-16 09:17:32,676 [INFO] trainer: epoch 291 step 50/54 loss=1.7264 lr=7.78e-05
2026-07-16 09:17:33,745 [INFO] trainer: epoch 291 done train_loss=1.7284 dt=15.7s
2026-07-16 09:17:48,274 [INFO] trainer: epoch 292 step 50/54 loss=1.7586 lr=7.72e-05
2026-07-16 09:17:49,343 [INFO] trainer: epoch 292 done train_loss=1.7574 dt=15.6s
2026-07-16 09:18:03,914 [INFO] trainer: epoch 293 step 50/54 loss=1.7034 lr=7.65e-05
2026-07-16 09:18:04,989 [INFO] trainer: epoch 293 done train_loss=1.7140 dt=15.6s
2026-07-16 09:18:19,465 [INFO] trainer: epoch 294 step 50/54 loss=1.7222 lr=7.59e-05
2026-07-16 09:18:20,538 [INFO] trainer: epoch 294 done train_loss=1.7195 dt=15.5s
2026-07-16 09:18:35,026 [INFO] trainer: epoch 295 step 50/54 loss=1.7629 lr=7.53e-05
2026-07-16 09:18:36,096 [INFO] trainer: epoch 295 done train_loss=1.7602 dt=15.6s
2026-07-16 09:18:50,560 [INFO] trainer: epoch 296 step 50/54 loss=1.7261 lr=7.47e-05
2026-07-16 09:18:51,636 [INFO] trainer: epoch 296 done train_loss=1.7418 dt=15.5s
2026-07-16 09:19:06,124 [INFO] trainer: epoch 297 step 50/54 loss=1.7252 lr=7.41e-05
2026-07-16 09:19:07,195 [INFO] trainer: epoch 297 done train_loss=1.7256 dt=15.6s
2026-07-16 09:19:21,872 [INFO] trainer: epoch 298 step 50/54 loss=1.6829 lr=7.35e-05
2026-07-16 09:19:22,951 [INFO] trainer: epoch 298 done train_loss=1.6965 dt=15.8s
2026-07-16 09:19:37,545 [INFO] trainer: epoch 299 step 50/54 loss=1.7125 lr=7.28e-05
2026-07-16 09:19:38,614 [INFO] trainer: epoch 299 done train_loss=1.7221 dt=15.7s
2026-07-16 09:19:53,191 [INFO] trainer: epoch 300 step 50/54 loss=1.7045 lr=7.22e-05
2026-07-16 09:19:54,261 [INFO] trainer: epoch 300 done train_loss=1.7207 dt=15.6s
2026-07-16 09:20:43,725 [INFO] trainer: epoch 300 val_mean_dice=0.4948
2026-07-16 09:21:09,453 [INFO] trainer: epoch 301 step 50/54 loss=1.7215 lr=7.16e-05
2026-07-16 09:21:10,528 [INFO] trainer: epoch 301 done train_loss=1.7173 dt=15.5s
2026-07-16 09:21:25,060 [INFO] trainer: epoch 302 step 50/54 loss=1.6970 lr=7.10e-05
2026-07-16 09:21:26,136 [INFO] trainer: epoch 302 done train_loss=1.6925 dt=15.6s
2026-07-16 09:21:40,612 [INFO] trainer: epoch 303 step 50/54 loss=1.6563 lr=7.04e-05
2026-07-16 09:21:41,686 [INFO] trainer: epoch 303 done train_loss=1.6565 dt=15.6s
2026-07-16 09:21:55,987 [INFO] trainer: epoch 304 step 50/54 loss=1.6885 lr=6.98e-05
2026-07-16 09:21:57,063 [INFO] trainer: epoch 304 done train_loss=1.7033 dt=15.4s
2026-07-16 09:22:11,417 [INFO] trainer: epoch 305 step 50/54 loss=1.6925 lr=6.92e-05
2026-07-16 09:22:12,495 [INFO] trainer: epoch 305 done train_loss=1.6871 dt=15.4s
2026-07-16 09:22:27,062 [INFO] trainer: epoch 306 step 50/54 loss=1.7057 lr=6.86e-05
2026-07-16 09:22:28,140 [INFO] trainer: epoch 306 done train_loss=1.6916 dt=15.6s
2026-07-16 09:22:43,231 [INFO] trainer: epoch 307 step 50/54 loss=1.7249 lr=6.80e-05
2026-07-16 09:22:44,310 [INFO] trainer: epoch 307 done train_loss=1.7268 dt=16.2s
2026-07-16 09:22:58,847 [INFO] trainer: epoch 308 step 50/54 loss=1.7220 lr=6.74e-05
2026-07-16 09:22:59,932 [INFO] trainer: epoch 308 done train_loss=1.7142 dt=15.6s
2026-07-16 09:23:14,460 [INFO] trainer: epoch 309 step 50/54 loss=1.6935 lr=6.68e-05
2026-07-16 09:23:15,541 [INFO] trainer: epoch 309 done train_loss=1.6888 dt=15.6s
2026-07-16 09:23:30,045 [INFO] trainer: epoch 310 step 50/54 loss=1.7169 lr=6.62e-05
2026-07-16 09:23:31,119 [INFO] trainer: epoch 310 done train_loss=1.7119 dt=15.6s
2026-07-16 09:23:51,201 [INFO] trainer: epoch 311 step 50/54 loss=1.6759 lr=6.56e-05
2026-07-16 09:23:52,277 [INFO] trainer: epoch 311 done train_loss=1.6763 dt=15.6s
2026-07-16 09:24:06,843 [INFO] trainer: epoch 312 step 50/54 loss=1.6710 lr=6.50e-05
2026-07-16 09:24:07,917 [INFO] trainer: epoch 312 done train_loss=1.6683 dt=15.6s
2026-07-16 09:24:22,300 [INFO] trainer: epoch 313 step 50/54 loss=1.7033 lr=6.44e-05
2026-07-16 09:24:23,372 [INFO] trainer: epoch 313 done train_loss=1.7154 dt=15.5s
2026-07-16 09:24:37,840 [INFO] trainer: epoch 314 step 50/54 loss=1.7195 lr=6.38e-05
2026-07-16 09:24:38,915 [INFO] trainer: epoch 314 done train_loss=1.7183 dt=15.5s
2026-07-16 09:24:53,479 [INFO] trainer: epoch 315 step 50/54 loss=1.7423 lr=6.32e-05
2026-07-16 09:24:54,554 [INFO] trainer: epoch 315 done train_loss=1.7408 dt=15.6s
2026-07-16 09:25:09,054 [INFO] trainer: epoch 316 step 50/54 loss=1.6907 lr=6.26e-05
2026-07-16 09:25:10,130 [INFO] trainer: epoch 316 done train_loss=1.6929 dt=15.6s
2026-07-16 09:25:24,599 [INFO] trainer: epoch 317 step 50/54 loss=1.6671 lr=6.20e-05
2026-07-16 09:25:25,669 [INFO] trainer: epoch 317 done train_loss=1.6767 dt=15.5s
2026-07-16 09:25:40,214 [INFO] trainer: epoch 318 step 50/54 loss=1.6766 lr=6.14e-05
2026-07-16 09:25:41,293 [INFO] trainer: epoch 318 done train_loss=1.6816 dt=15.6s
2026-07-16 09:25:55,568 [INFO] trainer: epoch 319 step 50/54 loss=1.6727 lr=6.09e-05
2026-07-16 09:25:56,642 [INFO] trainer: epoch 319 done train_loss=1.6777 dt=15.3s
2026-07-16 09:26:11,534 [INFO] trainer: epoch 320 step 50/54 loss=1.6978 lr=6.03e-05
2026-07-16 09:26:12,607 [INFO] trainer: epoch 320 done train_loss=1.6923 dt=16.0s
2026-07-16 09:26:32,445 [INFO] trainer: epoch 321 step 50/54 loss=1.6738 lr=5.97e-05
2026-07-16 09:26:33,526 [INFO] trainer: epoch 321 done train_loss=1.6750 dt=15.5s
2026-07-16 09:26:48,293 [INFO] trainer: epoch 322 step 50/54 loss=1.6938 lr=5.91e-05
2026-07-16 09:26:49,365 [INFO] trainer: epoch 322 done train_loss=1.6835 dt=15.8s
2026-07-16 09:27:03,880 [INFO] trainer: epoch 323 step 50/54 loss=1.6888 lr=5.85e-05
2026-07-16 09:27:04,952 [INFO] trainer: epoch 323 done train_loss=1.6796 dt=15.6s
2026-07-16 09:27:19,240 [INFO] trainer: epoch 324 step 50/54 loss=1.6628 lr=5.79e-05
2026-07-16 09:27:20,316 [INFO] trainer: epoch 324 done train_loss=1.6494 dt=15.4s
2026-07-16 09:27:34,860 [INFO] trainer: epoch 325 step 50/54 loss=1.6779 lr=5.74e-05
2026-07-16 09:27:35,937 [INFO] trainer: epoch 325 done train_loss=1.6885 dt=15.6s
2026-07-16 09:28:25,479 [INFO] trainer: epoch 325 val_mean_dice=0.5132
2026-07-16 09:28:46,491 [INFO] trainer: epoch 326 step 50/54 loss=1.6821 lr=5.68e-05
2026-07-16 09:28:47,567 [INFO] trainer: epoch 326 done train_loss=1.6881 dt=16.0s
2026-07-16 09:29:02,091 [INFO] trainer: epoch 327 step 50/54 loss=1.6838 lr=5.62e-05
2026-07-16 09:29:03,163 [INFO] trainer: epoch 327 done train_loss=1.6731 dt=15.6s
2026-07-16 09:29:17,857 [INFO] trainer: epoch 328 step 50/54 loss=1.6783 lr=5.57e-05
2026-07-16 09:29:18,931 [INFO] trainer: epoch 328 done train_loss=1.6752 dt=15.8s
2026-07-16 09:29:33,466 [INFO] trainer: epoch 329 step 50/54 loss=1.6672 lr=5.51e-05
2026-07-16 09:29:34,540 [INFO] trainer: epoch 329 done train_loss=1.6667 dt=15.6s
2026-07-16 09:29:48,973 [INFO] trainer: epoch 330 step 50/54 loss=1.6883 lr=5.45e-05
2026-07-16 09:29:50,049 [INFO] trainer: epoch 330 done train_loss=1.6905 dt=15.5s
2026-07-16 09:30:10,096 [INFO] trainer: epoch 331 step 50/54 loss=1.6623 lr=5.40e-05
2026-07-16 09:30:11,173 [INFO] trainer: epoch 331 done train_loss=1.6569 dt=15.6s
2026-07-16 09:30:25,711 [INFO] trainer: epoch 332 step 50/54 loss=1.6453 lr=5.34e-05
2026-07-16 09:30:26,789 [INFO] trainer: epoch 332 done train_loss=1.6563 dt=15.6s
2026-07-16 09:30:41,318 [INFO] trainer: epoch 333 step 50/54 loss=1.6881 lr=5.28e-05
2026-07-16 09:30:42,390 [INFO] trainer: epoch 333 done train_loss=1.6822 dt=15.6s
2026-07-16 09:30:56,889 [INFO] trainer: epoch 334 step 50/54 loss=1.6728 lr=5.23e-05
2026-07-16 09:30:57,961 [INFO] trainer: epoch 334 done train_loss=1.6608 dt=15.6s
2026-07-16 09:31:12,650 [INFO] trainer: epoch 335 step 50/54 loss=1.6655 lr=5.17e-05
2026-07-16 09:31:13,723 [INFO] trainer: epoch 335 done train_loss=1.6547 dt=15.8s
2026-07-16 09:31:28,059 [INFO] trainer: epoch 336 step 50/54 loss=1.7023 lr=5.12e-05
2026-07-16 09:31:29,141 [INFO] trainer: epoch 336 done train_loss=1.7073 dt=15.4s
2026-07-16 09:31:43,539 [INFO] trainer: epoch 337 step 50/54 loss=1.6534 lr=5.06e-05
2026-07-16 09:31:44,616 [INFO] trainer: epoch 337 done train_loss=1.6553 dt=15.5s
2026-07-16 09:31:58,965 [INFO] trainer: epoch 338 step 50/54 loss=1.6781 lr=5.01e-05
2026-07-16 09:32:00,040 [INFO] trainer: epoch 338 done train_loss=1.6817 dt=15.4s
2026-07-16 09:32:14,424 [INFO] trainer: epoch 339 step 50/54 loss=1.6250 lr=4.95e-05
2026-07-16 09:32:15,498 [INFO] trainer: epoch 339 done train_loss=1.6324 dt=15.5s
2026-07-16 09:32:29,978 [INFO] trainer: epoch 340 step 50/54 loss=1.6613 lr=4.90e-05
2026-07-16 09:32:31,051 [INFO] trainer: epoch 340 done train_loss=1.6549 dt=15.6s
2026-07-16 09:32:58,804 [INFO] trainer: epoch 341 step 50/54 loss=1.6705 lr=4.84e-05
2026-07-16 09:32:59,873 [INFO] trainer: epoch 341 done train_loss=1.6675 dt=15.6s
2026-07-16 09:33:14,453 [INFO] trainer: epoch 342 step 50/54 loss=1.6576 lr=4.79e-05
2026-07-16 09:33:15,531 [INFO] trainer: epoch 342 done train_loss=1.6517 dt=15.7s
2026-07-16 09:33:30,044 [INFO] trainer: epoch 343 step 50/54 loss=1.6554 lr=4.73e-05
2026-07-16 09:33:31,110 [INFO] trainer: epoch 343 done train_loss=1.6567 dt=15.6s
2026-07-16 09:33:45,582 [INFO] trainer: epoch 344 step 50/54 loss=1.6604 lr=4.68e-05
2026-07-16 09:33:46,653 [INFO] trainer: epoch 344 done train_loss=1.6683 dt=15.5s
2026-07-16 09:34:01,027 [INFO] trainer: epoch 345 step 50/54 loss=1.6979 lr=4.63e-05
2026-07-16 09:34:02,095 [INFO] trainer: epoch 345 done train_loss=1.6838 dt=15.4s
2026-07-16 09:34:16,570 [INFO] trainer: epoch 346 step 50/54 loss=1.6408 lr=4.57e-05
2026-07-16 09:34:17,645 [INFO] trainer: epoch 346 done train_loss=1.6456 dt=15.5s
2026-07-16 09:34:32,147 [INFO] trainer: epoch 347 step 50/54 loss=1.6649 lr=4.52e-05
2026-07-16 09:34:33,223 [INFO] trainer: epoch 347 done train_loss=1.6683 dt=15.6s
2026-07-16 09:34:47,684 [INFO] trainer: epoch 348 step 50/54 loss=1.6735 lr=4.47e-05
2026-07-16 09:34:48,756 [INFO] trainer: epoch 348 done train_loss=1.6622 dt=15.5s
2026-07-16 09:35:03,313 [INFO] trainer: epoch 349 step 50/54 loss=1.6338 lr=4.41e-05
2026-07-16 09:35:04,385 [INFO] trainer: epoch 349 done train_loss=1.6259 dt=15.6s
2026-07-16 09:35:18,801 [INFO] trainer: epoch 350 step 50/54 loss=1.6669 lr=4.36e-05
2026-07-16 09:35:19,878 [INFO] trainer: epoch 350 done train_loss=1.6608 dt=15.5s
2026-07-16 09:36:09,194 [INFO] trainer: epoch 350 val_mean_dice=0.5186
2026-07-16 09:36:35,210 [INFO] trainer: epoch 351 step 50/54 loss=1.6478 lr=4.31e-05
2026-07-16 09:36:36,279 [INFO] trainer: epoch 351 done train_loss=1.6464 dt=15.6s
2026-07-16 09:36:50,741 [INFO] trainer: epoch 352 step 50/54 loss=1.6466 lr=4.26e-05
2026-07-16 09:36:51,819 [INFO] trainer: epoch 352 done train_loss=1.6529 dt=15.5s
2026-07-16 09:37:06,265 [INFO] trainer: epoch 353 step 50/54 loss=1.6703 lr=4.21e-05
2026-07-16 09:37:07,341 [INFO] trainer: epoch 353 done train_loss=1.6714 dt=15.5s
2026-07-16 09:37:21,932 [INFO] trainer: epoch 354 step 50/54 loss=1.6811 lr=4.15e-05
2026-07-16 09:37:23,010 [INFO] trainer: epoch 354 done train_loss=1.6731 dt=15.7s
2026-07-16 09:37:37,499 [INFO] trainer: epoch 355 step 50/54 loss=1.6531 lr=4.10e-05
2026-07-16 09:37:38,570 [INFO] trainer: epoch 355 done train_loss=1.6466 dt=15.6s
2026-07-16 09:37:52,911 [INFO] trainer: epoch 356 step 50/54 loss=1.6465 lr=4.05e-05
2026-07-16 09:37:53,988 [INFO] trainer: epoch 356 done train_loss=1.6416 dt=15.4s
2026-07-16 09:38:08,547 [INFO] trainer: epoch 357 step 50/54 loss=1.6545 lr=4.00e-05
2026-07-16 09:38:09,624 [INFO] trainer: epoch 357 done train_loss=1.6428 dt=15.6s
2026-07-16 09:38:24,163 [INFO] trainer: epoch 358 step 50/54 loss=1.6087 lr=3.95e-05
2026-07-16 09:38:25,246 [INFO] trainer: epoch 358 done train_loss=1.6208 dt=15.6s
2026-07-16 09:38:39,784 [INFO] trainer: epoch 359 step 50/54 loss=1.6552 lr=3.90e-05
2026-07-16 09:38:40,854 [INFO] trainer: epoch 359 done train_loss=1.6594 dt=15.6s
2026-07-16 09:38:55,325 [INFO] trainer: epoch 360 step 50/54 loss=1.6258 lr=3.85e-05
2026-07-16 09:38:56,402 [INFO] trainer: epoch 360 done train_loss=1.6285 dt=15.5s
2026-07-16 09:39:16,657 [INFO] trainer: epoch 361 step 50/54 loss=1.6108 lr=3.80e-05
2026-07-16 09:39:17,735 [INFO] trainer: epoch 361 done train_loss=1.6069 dt=15.8s
2026-07-16 09:39:32,196 [INFO] trainer: epoch 362 step 50/54 loss=1.6182 lr=3.75e-05
2026-07-16 09:39:33,267 [INFO] trainer: epoch 362 done train_loss=1.6274 dt=15.5s
2026-07-16 09:39:47,686 [INFO] trainer: epoch 363 step 50/54 loss=1.6654 lr=3.70e-05
2026-07-16 09:39:48,756 [INFO] trainer: epoch 363 done train_loss=1.6546 dt=15.5s
2026-07-16 09:40:03,150 [INFO] trainer: epoch 364 step 50/54 loss=1.5892 lr=3.65e-05
2026-07-16 09:40:04,220 [INFO] trainer: epoch 364 done train_loss=1.5837 dt=15.5s
2026-07-16 09:40:18,579 [INFO] trainer: epoch 365 step 50/54 loss=1.6138 lr=3.60e-05
2026-07-16 09:40:19,650 [INFO] trainer: epoch 365 done train_loss=1.6132 dt=15.4s
2026-07-16 09:40:34,238 [INFO] trainer: epoch 366 step 50/54 loss=1.6044 lr=3.56e-05
2026-07-16 09:40:35,307 [INFO] trainer: epoch 366 done train_loss=1.6065 dt=15.7s
2026-07-16 09:40:49,891 [INFO] trainer: epoch 367 step 50/54 loss=1.6325 lr=3.51e-05
2026-07-16 09:40:50,964 [INFO] trainer: epoch 367 done train_loss=1.6282 dt=15.7s
2026-07-16 09:41:05,293 [INFO] trainer: epoch 368 step 50/54 loss=1.6121 lr=3.46e-05
2026-07-16 09:41:06,367 [INFO] trainer: epoch 368 done train_loss=1.6088 dt=15.4s
2026-07-16 09:41:20,694 [INFO] trainer: epoch 369 step 50/54 loss=1.6411 lr=3.41e-05
2026-07-16 09:41:21,769 [INFO] trainer: epoch 369 done train_loss=1.6399 dt=15.4s
2026-07-16 09:41:36,218 [INFO] trainer: epoch 370 step 50/54 loss=1.5927 lr=3.36e-05
2026-07-16 09:41:37,291 [INFO] trainer: epoch 370 done train_loss=1.5926 dt=15.5s
2026-07-16 09:41:57,335 [INFO] trainer: epoch 371 step 50/54 loss=1.6085 lr=3.32e-05
2026-07-16 09:41:58,411 [INFO] trainer: epoch 371 done train_loss=1.6189 dt=15.7s
2026-07-16 09:42:12,773 [INFO] trainer: epoch 372 step 50/54 loss=1.5847 lr=3.27e-05
2026-07-16 09:42:13,845 [INFO] trainer: epoch 372 done train_loss=1.5951 dt=15.4s
2026-07-16 09:42:28,381 [INFO] trainer: epoch 373 step 50/54 loss=1.6263 lr=3.22e-05
2026-07-16 09:42:29,455 [INFO] trainer: epoch 373 done train_loss=1.6333 dt=15.6s
2026-07-16 09:42:43,748 [INFO] trainer: epoch 374 step 50/54 loss=1.6240 lr=3.18e-05
2026-07-16 09:42:44,820 [INFO] trainer: epoch 374 done train_loss=1.6234 dt=15.4s
2026-07-16 09:42:59,218 [INFO] trainer: epoch 375 step 50/54 loss=1.6310 lr=3.13e-05
2026-07-16 09:43:00,290 [INFO] trainer: epoch 375 done train_loss=1.6365 dt=15.5s
2026-07-16 09:43:49,896 [INFO] trainer: epoch 375 val_mean_dice=0.5280
2026-07-16 09:44:10,151 [INFO] trainer: epoch 376 step 50/54 loss=1.5994 lr=3.09e-05
2026-07-16 09:44:11,221 [INFO] trainer: epoch 376 done train_loss=1.6106 dt=15.7s
2026-07-16 09:44:25,647 [INFO] trainer: epoch 377 step 50/54 loss=1.5811 lr=3.04e-05
2026-07-16 09:44:26,718 [INFO] trainer: epoch 377 done train_loss=1.5967 dt=15.5s
2026-07-16 09:44:41,106 [INFO] trainer: epoch 378 step 50/54 loss=1.6600 lr=3.00e-05
2026-07-16 09:44:42,175 [INFO] trainer: epoch 378 done train_loss=1.6590 dt=15.5s
2026-07-16 09:44:56,592 [INFO] trainer: epoch 379 step 50/54 loss=1.6234 lr=2.95e-05
2026-07-16 09:44:57,664 [INFO] trainer: epoch 379 done train_loss=1.6316 dt=15.5s
2026-07-16 09:45:12,203 [INFO] trainer: epoch 380 step 50/54 loss=1.6454 lr=2.91e-05
2026-07-16 09:45:13,273 [INFO] trainer: epoch 380 done train_loss=1.6428 dt=15.6s
2026-07-16 09:45:33,428 [INFO] trainer: epoch 381 step 50/54 loss=1.6256 lr=2.86e-05
2026-07-16 09:45:34,505 [INFO] trainer: epoch 381 done train_loss=1.6200 dt=15.6s
2026-07-16 09:45:49,025 [INFO] trainer: epoch 382 step 50/54 loss=1.6384 lr=2.82e-05
2026-07-16 09:45:50,104 [INFO] trainer: epoch 382 done train_loss=1.6318 dt=15.6s
2026-07-16 09:46:04,536 [INFO] trainer: epoch 383 step 50/54 loss=1.6261 lr=2.77e-05
2026-07-16 09:46:05,613 [INFO] trainer: epoch 383 done train_loss=1.6345 dt=15.5s
2026-07-16 09:46:20,050 [INFO] trainer: epoch 384 step 50/54 loss=1.6167 lr=2.73e-05
2026-07-16 09:46:21,122 [INFO] trainer: epoch 384 done train_loss=1.6269 dt=15.5s
2026-07-16 09:46:35,534 [INFO] trainer: epoch 385 step 50/54 loss=1.6136 lr=2.69e-05
2026-07-16 09:46:36,610 [INFO] trainer: epoch 385 done train_loss=1.6124 dt=15.5s
2026-07-16 09:46:50,960 [INFO] trainer: epoch 386 step 50/54 loss=1.6371 lr=2.64e-05
2026-07-16 09:46:52,029 [INFO] trainer: epoch 386 done train_loss=1.6327 dt=15.4s
2026-07-16 09:47:06,601 [INFO] trainer: epoch 387 step 50/54 loss=1.6336 lr=2.60e-05
2026-07-16 09:47:07,679 [INFO] trainer: epoch 387 done train_loss=1.6286 dt=15.6s
2026-07-16 09:47:22,201 [INFO] trainer: epoch 388 step 50/54 loss=1.6030 lr=2.56e-05
2026-07-16 09:47:23,270 [INFO] trainer: epoch 388 done train_loss=1.6090 dt=15.6s
2026-07-16 09:47:37,843 [INFO] trainer: epoch 389 step 50/54 loss=1.6225 lr=2.52e-05
2026-07-16 09:47:38,910 [INFO] trainer: epoch 389 done train_loss=1.6071 dt=15.6s
2026-07-16 09:47:53,416 [INFO] trainer: epoch 390 step 50/54 loss=1.6019 lr=2.48e-05
2026-07-16 09:47:54,491 [INFO] trainer: epoch 390 done train_loss=1.5957 dt=15.6s
2026-07-16 09:48:14,489 [INFO] trainer: epoch 391 step 50/54 loss=1.6146 lr=2.44e-05
2026-07-16 09:48:15,560 [INFO] trainer: epoch 391 done train_loss=1.6121 dt=15.6s
2026-07-16 09:48:29,798 [INFO] trainer: epoch 392 step 50/54 loss=1.6286 lr=2.39e-05
2026-07-16 09:48:30,867 [INFO] trainer: epoch 392 done train_loss=1.6204 dt=15.3s
2026-07-16 09:48:45,285 [INFO] trainer: epoch 393 step 50/54 loss=1.6312 lr=2.35e-05
2026-07-16 09:48:46,354 [INFO] trainer: epoch 393 done train_loss=1.6192 dt=15.5s
2026-07-16 09:49:00,752 [INFO] trainer: epoch 394 step 50/54 loss=1.6158 lr=2.31e-05
2026-07-16 09:49:01,820 [INFO] trainer: epoch 394 done train_loss=1.6100 dt=15.5s
2026-07-16 09:49:16,208 [INFO] trainer: epoch 395 step 50/54 loss=1.6118 lr=2.27e-05
2026-07-16 09:49:17,284 [INFO] trainer: epoch 395 done train_loss=1.6221 dt=15.5s
2026-07-16 09:49:31,701 [INFO] trainer: epoch 396 step 50/54 loss=1.6397 lr=2.23e-05
2026-07-16 09:49:32,772 [INFO] trainer: epoch 396 done train_loss=1.6374 dt=15.5s
2026-07-16 09:49:47,121 [INFO] trainer: epoch 397 step 50/54 loss=1.5904 lr=2.19e-05
2026-07-16 09:49:48,191 [INFO] trainer: epoch 397 done train_loss=1.5907 dt=15.4s
2026-07-16 09:50:02,674 [INFO] trainer: epoch 398 step 50/54 loss=1.5848 lr=2.16e-05
2026-07-16 09:50:03,752 [INFO] trainer: epoch 398 done train_loss=1.5829 dt=15.6s
2026-07-16 09:50:18,326 [INFO] trainer: epoch 399 step 50/54 loss=1.6469 lr=2.12e-05
2026-07-16 09:50:19,404 [INFO] trainer: epoch 399 done train_loss=1.6378 dt=15.7s
2026-07-16 09:50:33,779 [INFO] trainer: epoch 400 step 50/54 loss=1.6081 lr=2.08e-05
2026-07-16 09:50:34,849 [INFO] trainer: epoch 400 done train_loss=1.6037 dt=15.4s
2026-07-16 09:51:24,144 [INFO] trainer: epoch 400 val_mean_dice=0.5294
2026-07-16 09:51:49,642 [INFO] trainer: epoch 401 step 50/54 loss=1.6186 lr=2.04e-05
2026-07-16 09:51:50,715 [INFO] trainer: epoch 401 done train_loss=1.6257 dt=15.5s
2026-07-16 09:52:05,089 [INFO] trainer: epoch 402 step 50/54 loss=1.6359 lr=2.00e-05
2026-07-16 09:52:06,167 [INFO] trainer: epoch 402 done train_loss=1.6264 dt=15.5s
2026-07-16 09:52:20,718 [INFO] trainer: epoch 403 step 50/54 loss=1.5735 lr=1.97e-05
2026-07-16 09:52:21,786 [INFO] trainer: epoch 403 done train_loss=1.5860 dt=15.6s
2026-07-16 09:52:36,217 [INFO] trainer: epoch 404 step 50/54 loss=1.6157 lr=1.93e-05
2026-07-16 09:52:37,288 [INFO] trainer: epoch 404 done train_loss=1.6396 dt=15.5s
2026-07-16 09:52:51,820 [INFO] trainer: epoch 405 step 50/54 loss=1.6104 lr=1.89e-05
2026-07-16 09:52:52,897 [INFO] trainer: epoch 405 done train_loss=1.6041 dt=15.6s
2026-07-16 09:53:07,252 [INFO] trainer: epoch 406 step 50/54 loss=1.6380 lr=1.86e-05
2026-07-16 09:53:08,326 [INFO] trainer: epoch 406 done train_loss=1.6251 dt=15.4s
2026-07-16 09:53:22,788 [INFO] trainer: epoch 407 step 50/54 loss=1.5834 lr=1.82e-05
2026-07-16 09:53:23,859 [INFO] trainer: epoch 407 done train_loss=1.5785 dt=15.5s
2026-07-16 09:53:38,346 [INFO] trainer: epoch 408 step 50/54 loss=1.6308 lr=1.78e-05
2026-07-16 09:53:39,426 [INFO] trainer: epoch 408 done train_loss=1.6253 dt=15.6s
2026-07-16 09:53:54,074 [INFO] trainer: epoch 409 step 50/54 loss=1.5930 lr=1.75e-05
2026-07-16 09:53:55,152 [INFO] trainer: epoch 409 done train_loss=1.6086 dt=15.7s
2026-07-16 09:54:09,476 [INFO] trainer: epoch 410 step 50/54 loss=1.6010 lr=1.71e-05
2026-07-16 09:54:10,545 [INFO] trainer: epoch 410 done train_loss=1.6050 dt=15.4s
2026-07-16 09:54:30,691 [INFO] trainer: epoch 411 step 50/54 loss=1.5938 lr=1.68e-05
2026-07-16 09:54:31,760 [INFO] trainer: epoch 411 done train_loss=1.6035 dt=15.7s
2026-07-16 09:54:46,368 [INFO] trainer: epoch 412 step 50/54 loss=1.6076 lr=1.64e-05
2026-07-16 09:54:47,444 [INFO] trainer: epoch 412 done train_loss=1.6109 dt=15.7s
2026-07-16 09:55:02,039 [INFO] trainer: epoch 413 step 50/54 loss=1.6152 lr=1.61e-05
2026-07-16 09:55:03,108 [INFO] trainer: epoch 413 done train_loss=1.6186 dt=15.7s
2026-07-16 09:55:17,494 [INFO] trainer: epoch 414 step 50/54 loss=1.6115 lr=1.58e-05
2026-07-16 09:55:18,565 [INFO] trainer: epoch 414 done train_loss=1.6072 dt=15.5s
2026-07-16 09:55:33,002 [INFO] trainer: epoch 415 step 50/54 loss=1.5471 lr=1.54e-05
2026-07-16 09:55:34,076 [INFO] trainer: epoch 415 done train_loss=1.5645 dt=15.5s
2026-07-16 09:55:48,679 [INFO] trainer: epoch 416 step 50/54 loss=1.6019 lr=1.51e-05
2026-07-16 09:55:49,749 [INFO] trainer: epoch 416 done train_loss=1.5994 dt=15.7s
2026-07-16 09:56:04,265 [INFO] trainer: epoch 417 step 50/54 loss=1.5759 lr=1.48e-05
2026-07-16 09:56:05,346 [INFO] trainer: epoch 417 done train_loss=1.5812 dt=15.6s
2026-07-16 09:56:19,964 [INFO] trainer: epoch 418 step 50/54 loss=1.6097 lr=1.45e-05
2026-07-16 09:56:21,044 [INFO] trainer: epoch 418 done train_loss=1.6219 dt=15.7s
2026-07-16 09:56:35,452 [INFO] trainer: epoch 419 step 50/54 loss=1.6121 lr=1.41e-05
2026-07-16 09:56:36,530 [INFO] trainer: epoch 419 done train_loss=1.6043 dt=15.5s
2026-07-16 09:56:50,797 [INFO] trainer: epoch 420 step 50/54 loss=1.5873 lr=1.38e-05
2026-07-16 09:56:51,902 [INFO] trainer: epoch 420 done train_loss=1.5938 dt=15.4s
2026-07-16 09:57:46,008 [INFO] trainer: epoch 421 step 50/54 loss=1.6035 lr=1.35e-05
2026-07-16 09:57:47,077 [INFO] trainer: epoch 421 done train_loss=1.6053 dt=15.4s
2026-07-16 09:58:01,607 [INFO] trainer: epoch 422 step 50/54 loss=1.6411 lr=1.32e-05
2026-07-16 09:58:02,677 [INFO] trainer: epoch 422 done train_loss=1.6342 dt=15.6s
2026-07-16 09:58:17,024 [INFO] trainer: epoch 423 step 50/54 loss=1.5655 lr=1.29e-05
2026-07-16 09:58:18,096 [INFO] trainer: epoch 423 done train_loss=1.5673 dt=15.4s
2026-07-16 09:59:26,501 [INFO] trainer: epoch 424 step 50/54 loss=1.5745 lr=1.26e-05
2026-07-16 09:59:27,558 [INFO] trainer: epoch 424 done train_loss=1.5763 dt=69.5s
2026-07-16 09:59:42,096 [INFO] trainer: epoch 425 step 50/54 loss=1.5702 lr=1.23e-05
2026-07-16 09:59:43,167 [INFO] trainer: epoch 425 done train_loss=1.5706 dt=15.6s
2026-07-16 10:00:33,102 [INFO] trainer: epoch 425 val_mean_dice=0.5305
2026-07-16 10:00:53,266 [INFO] trainer: epoch 426 step 50/54 loss=1.5646 lr=1.20e-05
2026-07-16 10:00:54,346 [INFO] trainer: epoch 426 done train_loss=1.5715 dt=15.6s
2026-07-16 10:01:09,133 [INFO] trainer: epoch 427 step 50/54 loss=1.6218 lr=1.17e-05
2026-07-16 10:01:10,318 [INFO] trainer: epoch 427 done train_loss=1.6196 dt=16.0s
2026-07-16 10:01:25,182 [INFO] trainer: epoch 428 step 50/54 loss=1.6207 lr=1.14e-05
2026-07-16 10:01:26,256 [INFO] trainer: epoch 428 done train_loss=1.6166 dt=15.9s
2026-07-16 10:01:40,669 [INFO] trainer: epoch 429 step 50/54 loss=1.5758 lr=1.12e-05
2026-07-16 10:01:41,742 [INFO] trainer: epoch 429 done train_loss=1.5679 dt=15.5s
2026-07-16 10:01:56,698 [INFO] trainer: epoch 430 step 50/54 loss=1.6347 lr=1.09e-05
2026-07-16 10:01:58,154 [INFO] trainer: epoch 430 done train_loss=1.6432 dt=16.4s
2026-07-16 10:02:37,876 [INFO] trainer: epoch 431 step 50/54 loss=1.5683 lr=1.06e-05
2026-07-16 10:02:38,951 [INFO] trainer: epoch 431 done train_loss=1.5686 dt=15.7s
2026-07-16 10:02:53,174 [INFO] trainer: epoch 432 step 50/54 loss=1.6018 lr=1.03e-05
2026-07-16 10:02:54,248 [INFO] trainer: epoch 432 done train_loss=1.6114 dt=15.3s
2026-07-16 10:03:08,627 [INFO] trainer: epoch 433 step 50/54 loss=1.5993 lr=1.01e-05
2026-07-16 10:03:09,706 [INFO] trainer: epoch 433 done train_loss=1.6003 dt=15.5s
2026-07-16 10:03:24,246 [INFO] trainer: epoch 434 step 50/54 loss=1.6168 lr=9.80e-06
2026-07-16 10:03:25,319 [INFO] trainer: epoch 434 done train_loss=1.6089 dt=15.6s
2026-07-16 10:03:39,809 [INFO] trainer: epoch 435 step 50/54 loss=1.6222 lr=9.54e-06
2026-07-16 10:03:40,889 [INFO] trainer: epoch 435 done train_loss=1.6160 dt=15.6s
2026-07-16 10:03:55,469 [INFO] trainer: epoch 436 step 50/54 loss=1.6074 lr=9.28e-06
2026-07-16 10:03:56,549 [INFO] trainer: epoch 436 done train_loss=1.6072 dt=15.7s
2026-07-16 10:04:10,876 [INFO] trainer: epoch 437 step 50/54 loss=1.5720 lr=9.03e-06
2026-07-16 10:04:11,947 [INFO] trainer: epoch 437 done train_loss=1.5812 dt=15.4s
2026-07-16 10:04:26,339 [INFO] trainer: epoch 438 step 50/54 loss=1.6208 lr=8.78e-06
2026-07-16 10:04:27,415 [INFO] trainer: epoch 438 done train_loss=1.6061 dt=15.5s
2026-07-16 10:04:41,892 [INFO] trainer: epoch 439 step 50/54 loss=1.5881 lr=8.53e-06
2026-07-16 10:04:42,963 [INFO] trainer: epoch 439 done train_loss=1.5980 dt=15.5s
2026-07-16 10:04:57,774 [INFO] trainer: epoch 440 step 50/54 loss=1.5638 lr=8.29e-06
2026-07-16 10:04:58,855 [INFO] trainer: epoch 440 done train_loss=1.5653 dt=15.9s
2026-07-16 10:05:26,167 [INFO] trainer: epoch 441 step 50/54 loss=1.5917 lr=8.05e-06
2026-07-16 10:05:27,238 [INFO] trainer: epoch 441 done train_loss=1.6028 dt=15.5s
2026-07-16 10:05:41,523 [INFO] trainer: epoch 442 step 50/54 loss=1.5687 lr=7.82e-06
2026-07-16 10:05:42,602 [INFO] trainer: epoch 442 done train_loss=1.5604 dt=15.4s
2026-07-16 10:05:57,155 [INFO] trainer: epoch 443 step 50/54 loss=1.5876 lr=7.59e-06
2026-07-16 10:05:58,227 [INFO] trainer: epoch 443 done train_loss=1.5911 dt=15.6s
2026-07-16 10:06:12,664 [INFO] trainer: epoch 444 step 50/54 loss=1.6062 lr=7.36e-06
2026-07-16 10:06:13,736 [INFO] trainer: epoch 444 done train_loss=1.6092 dt=15.5s
2026-07-16 10:06:28,254 [INFO] trainer: epoch 445 step 50/54 loss=1.5875 lr=7.14e-06
2026-07-16 10:06:29,326 [INFO] trainer: epoch 445 done train_loss=1.6007 dt=15.6s
2026-07-16 10:06:43,727 [INFO] trainer: epoch 446 step 50/54 loss=1.6171 lr=6.92e-06
2026-07-16 10:06:44,799 [INFO] trainer: epoch 446 done train_loss=1.6110 dt=15.5s
2026-07-16 10:06:59,307 [INFO] trainer: epoch 447 step 50/54 loss=1.5878 lr=6.71e-06
2026-07-16 10:07:00,380 [INFO] trainer: epoch 447 done train_loss=1.5920 dt=15.6s
2026-07-16 10:07:14,822 [INFO] trainer: epoch 448 step 50/54 loss=1.5671 lr=6.49e-06
2026-07-16 10:07:15,896 [INFO] trainer: epoch 448 done train_loss=1.5600 dt=15.5s
2026-07-16 10:07:30,325 [INFO] trainer: epoch 449 step 50/54 loss=1.5922 lr=6.29e-06
2026-07-16 10:07:31,399 [INFO] trainer: epoch 449 done train_loss=1.5965 dt=15.5s
2026-07-16 10:07:45,759 [INFO] trainer: epoch 450 step 50/54 loss=1.5997 lr=6.08e-06
2026-07-16 10:07:46,833 [INFO] trainer: epoch 450 done train_loss=1.5876 dt=15.4s
2026-07-16 10:08:39,051 [INFO] trainer: epoch 450 val_mean_dice=0.5338
2026-07-16 10:09:05,651 [INFO] trainer: epoch 451 step 50/54 loss=1.6032 lr=5.88e-06
2026-07-16 10:09:06,722 [INFO] trainer: epoch 451 done train_loss=1.5995 dt=15.5s
2026-07-16 10:09:21,285 [INFO] trainer: epoch 452 step 50/54 loss=1.5703 lr=5.69e-06
2026-07-16 10:09:22,362 [INFO] trainer: epoch 452 done train_loss=1.5806 dt=15.6s
2026-07-16 10:09:36,817 [INFO] trainer: epoch 453 step 50/54 loss=1.5844 lr=5.50e-06
2026-07-16 10:09:37,891 [INFO] trainer: epoch 453 done train_loss=1.5942 dt=15.5s
2026-07-16 10:09:52,591 [INFO] trainer: epoch 454 step 50/54 loss=1.5884 lr=5.31e-06
2026-07-16 10:09:53,673 [INFO] trainer: epoch 454 done train_loss=1.5778 dt=15.8s
2026-07-16 10:10:08,383 [INFO] trainer: epoch 455 step 50/54 loss=1.5957 lr=5.13e-06
2026-07-16 10:10:09,455 [INFO] trainer: epoch 455 done train_loss=1.5899 dt=15.8s
2026-07-16 10:10:24,008 [INFO] trainer: epoch 456 step 50/54 loss=1.5413 lr=4.95e-06
2026-07-16 10:10:25,081 [INFO] trainer: epoch 456 done train_loss=1.5507 dt=15.6s
2026-07-16 10:10:39,658 [INFO] trainer: epoch 457 step 50/54 loss=1.6003 lr=4.77e-06
2026-07-16 10:10:40,735 [INFO] trainer: epoch 457 done train_loss=1.6024 dt=15.7s
2026-07-16 10:10:55,323 [INFO] trainer: epoch 458 step 50/54 loss=1.6229 lr=4.60e-06
2026-07-16 10:10:56,397 [INFO] trainer: epoch 458 done train_loss=1.6146 dt=15.7s
2026-07-16 10:11:10,855 [INFO] trainer: epoch 459 step 50/54 loss=1.6048 lr=4.43e-06
2026-07-16 10:11:11,934 [INFO] trainer: epoch 459 done train_loss=1.5930 dt=15.5s
2026-07-16 10:11:26,652 [INFO] trainer: epoch 460 step 50/54 loss=1.5812 lr=4.27e-06
2026-07-16 10:11:27,728 [INFO] trainer: epoch 460 done train_loss=1.5919 dt=15.8s
2026-07-16 10:11:48,249 [INFO] trainer: epoch 461 step 50/54 loss=1.5689 lr=4.11e-06
2026-07-16 10:11:49,321 [INFO] trainer: epoch 461 done train_loss=1.5618 dt=15.7s
2026-07-16 10:12:03,930 [INFO] trainer: epoch 462 step 50/54 loss=1.5907 lr=3.95e-06
2026-07-16 10:12:05,003 [INFO] trainer: epoch 462 done train_loss=1.5863 dt=15.7s
2026-07-16 10:12:19,331 [INFO] trainer: epoch 463 step 50/54 loss=1.5797 lr=3.80e-06
2026-07-16 10:12:20,410 [INFO] trainer: epoch 463 done train_loss=1.5812 dt=15.4s
2026-07-16 10:12:34,903 [INFO] trainer: epoch 464 step 50/54 loss=1.6055 lr=3.65e-06
2026-07-16 10:12:35,979 [INFO] trainer: epoch 464 done train_loss=1.6075 dt=15.6s
2026-07-16 10:12:50,506 [INFO] trainer: epoch 465 step 50/54 loss=1.5812 lr=3.51e-06
2026-07-16 10:12:51,586 [INFO] trainer: epoch 465 done train_loss=1.5623 dt=15.6s
2026-07-16 10:13:05,976 [INFO] trainer: epoch 466 step 50/54 loss=1.5905 lr=3.36e-06
2026-07-16 10:13:07,048 [INFO] trainer: epoch 466 done train_loss=1.5852 dt=15.5s
2026-07-16 10:13:21,538 [INFO] trainer: epoch 467 step 50/54 loss=1.5661 lr=3.23e-06
2026-07-16 10:13:22,612 [INFO] trainer: epoch 467 done train_loss=1.5774 dt=15.6s
2026-07-16 10:13:37,151 [INFO] trainer: epoch 468 step 50/54 loss=1.5804 lr=3.10e-06
2026-07-16 10:13:38,225 [INFO] trainer: epoch 468 done train_loss=1.5674 dt=15.6s
2026-07-16 10:13:52,902 [INFO] trainer: epoch 469 step 50/54 loss=1.5724 lr=2.97e-06
2026-07-16 10:13:53,977 [INFO] trainer: epoch 469 done train_loss=1.5835 dt=15.8s
2026-07-16 10:14:08,524 [INFO] trainer: epoch 470 step 50/54 loss=1.5462 lr=2.84e-06
2026-07-16 10:14:09,598 [INFO] trainer: epoch 470 done train_loss=1.5570 dt=15.6s
2026-07-16 10:14:37,830 [INFO] trainer: epoch 471 step 50/54 loss=1.6108 lr=2.72e-06
2026-07-16 10:14:38,907 [INFO] trainer: epoch 471 done train_loss=1.6215 dt=15.8s
2026-07-16 10:14:53,496 [INFO] trainer: epoch 472 step 50/54 loss=1.5844 lr=2.61e-06
2026-07-16 10:14:54,572 [INFO] trainer: epoch 472 done train_loss=1.5784 dt=15.7s
2026-07-16 10:15:09,206 [INFO] trainer: epoch 473 step 50/54 loss=1.5508 lr=2.50e-06
2026-07-16 10:15:10,280 [INFO] trainer: epoch 473 done train_loss=1.5468 dt=15.7s
2026-07-16 10:15:24,831 [INFO] trainer: epoch 474 step 50/54 loss=1.5736 lr=2.39e-06
2026-07-16 10:15:25,904 [INFO] trainer: epoch 474 done train_loss=1.5787 dt=15.6s
2026-07-16 10:15:40,484 [INFO] trainer: epoch 475 step 50/54 loss=1.5872 lr=2.28e-06
2026-07-16 10:15:41,557 [INFO] trainer: epoch 475 done train_loss=1.5808 dt=15.7s
2026-07-16 10:16:30,904 [INFO] trainer: epoch 475 val_mean_dice=0.5352
2026-07-16 10:16:51,546 [INFO] trainer: epoch 476 step 50/54 loss=1.5738 lr=2.18e-06
2026-07-16 10:16:52,619 [INFO] trainer: epoch 476 done train_loss=1.5708 dt=15.9s
2026-07-16 10:17:07,021 [INFO] trainer: epoch 477 step 50/54 loss=1.5992 lr=2.09e-06
2026-07-16 10:17:08,097 [INFO] trainer: epoch 477 done train_loss=1.5896 dt=15.5s
2026-07-16 10:17:22,663 [INFO] trainer: epoch 478 step 50/54 loss=1.6098 lr=1.99e-06
2026-07-16 10:17:23,737 [INFO] trainer: epoch 478 done train_loss=1.6075 dt=15.6s
2026-07-16 10:17:38,313 [INFO] trainer: epoch 479 step 50/54 loss=1.6255 lr=1.91e-06
2026-07-16 10:17:39,383 [INFO] trainer: epoch 479 done train_loss=1.6098 dt=15.6s
2026-07-16 10:17:53,783 [INFO] trainer: epoch 480 step 50/54 loss=1.5849 lr=1.82e-06
2026-07-16 10:17:54,855 [INFO] trainer: epoch 480 done train_loss=1.5794 dt=15.5s
2026-07-16 10:18:15,111 [INFO] trainer: epoch 481 step 50/54 loss=1.5726 lr=1.74e-06
2026-07-16 10:18:16,187 [INFO] trainer: epoch 481 done train_loss=1.5844 dt=15.5s
2026-07-16 10:18:30,831 [INFO] trainer: epoch 482 step 50/54 loss=1.5852 lr=1.67e-06
2026-07-16 10:18:31,902 [INFO] trainer: epoch 482 done train_loss=1.5999 dt=15.7s
2026-07-16 10:18:46,424 [INFO] trainer: epoch 483 step 50/54 loss=1.6016 lr=1.60e-06
2026-07-16 10:18:47,497 [INFO] trainer: epoch 483 done train_loss=1.6018 dt=15.6s
2026-07-16 10:19:01,730 [INFO] trainer: epoch 484 step 50/54 loss=1.5451 lr=1.53e-06
2026-07-16 10:19:02,809 [INFO] trainer: epoch 484 done train_loss=1.5543 dt=15.3s
2026-07-16 10:19:17,297 [INFO] trainer: epoch 485 step 50/54 loss=1.5772 lr=1.46e-06
2026-07-16 10:19:18,368 [INFO] trainer: epoch 485 done train_loss=1.5759 dt=15.6s
2026-07-16 10:19:32,879 [INFO] trainer: epoch 486 step 50/54 loss=1.5671 lr=1.40e-06
2026-07-16 10:19:33,951 [INFO] trainer: epoch 486 done train_loss=1.5724 dt=15.6s
2026-07-16 10:19:48,245 [INFO] trainer: epoch 487 step 50/54 loss=1.5897 lr=1.35e-06
2026-07-16 10:19:49,318 [INFO] trainer: epoch 487 done train_loss=1.5842 dt=15.4s
2026-07-16 10:20:03,824 [INFO] trainer: epoch 488 step 50/54 loss=1.5630 lr=1.30e-06
2026-07-16 10:20:04,899 [INFO] trainer: epoch 488 done train_loss=1.5643 dt=15.6s
2026-07-16 10:20:19,576 [INFO] trainer: epoch 489 step 50/54 loss=1.5629 lr=1.25e-06
2026-07-16 10:20:20,649 [INFO] trainer: epoch 489 done train_loss=1.5641 dt=15.7s
2026-07-16 10:20:35,072 [INFO] trainer: epoch 490 step 50/54 loss=1.5858 lr=1.21e-06
2026-07-16 10:20:36,140 [INFO] trainer: epoch 490 done train_loss=1.5916 dt=15.5s
2026-07-16 10:21:10,792 [INFO] trainer: epoch 491 step 50/54 loss=1.5724 lr=1.17e-06
2026-07-16 10:21:11,869 [INFO] trainer: epoch 491 done train_loss=1.5596 dt=15.9s
2026-07-16 10:21:26,497 [INFO] trainer: epoch 492 step 50/54 loss=1.5912 lr=1.13e-06
2026-07-16 10:21:27,569 [INFO] trainer: epoch 492 done train_loss=1.5829 dt=15.7s
2026-07-16 10:21:42,058 [INFO] trainer: epoch 493 step 50/54 loss=1.5840 lr=1.10e-06
2026-07-16 10:21:43,130 [INFO] trainer: epoch 493 done train_loss=1.5890 dt=15.6s
2026-07-16 10:21:57,545 [INFO] trainer: epoch 494 step 50/54 loss=1.5531 lr=1.08e-06
2026-07-16 10:21:58,620 [INFO] trainer: epoch 494 done train_loss=1.5574 dt=15.5s
2026-07-16 10:22:13,022 [INFO] trainer: epoch 495 step 50/54 loss=1.5964 lr=1.05e-06
2026-07-16 10:22:14,099 [INFO] trainer: epoch 495 done train_loss=1.5932 dt=15.5s
2026-07-16 10:22:28,446 [INFO] trainer: epoch 496 step 50/54 loss=1.5476 lr=1.03e-06
2026-07-16 10:22:29,521 [INFO] trainer: epoch 496 done train_loss=1.5506 dt=15.4s
2026-07-16 10:22:44,126 [INFO] trainer: epoch 497 step 50/54 loss=1.5980 lr=1.02e-06
2026-07-16 10:22:45,200 [INFO] trainer: epoch 497 done train_loss=1.5929 dt=15.7s
2026-07-16 10:22:59,797 [INFO] trainer: epoch 498 step 50/54 loss=1.5592 lr=1.01e-06
2026-07-16 10:23:00,861 [INFO] trainer: epoch 498 done train_loss=1.5672 dt=15.7s
2026-07-16 10:23:15,427 [INFO] trainer: epoch 499 step 50/54 loss=1.5661 lr=1.00e-06
2026-07-16 10:23:16,507 [INFO] trainer: epoch 499 done train_loss=1.5706 dt=15.6s
2026-07-16 10:23:30,883 [INFO] trainer: epoch 500 step 50/54 loss=1.5898 lr=1.00e-06
2026-07-16 10:23:31,959 [INFO] trainer: epoch 500 done train_loss=1.5907 dt=15.5s
2026-07-16 10:24:38,477 [INFO] trainer: epoch 500 val_mean_dice=0.5349
2026-07-16 10:24:57,437 [INFO] trainer: total time 9376.7 s, best dice 0.5352 (epochs 1-500 / 500)
