2026-07-16 07:23:15,197 [INFO] train: ========================================================================
2026-07-16 07:23:15,203 [INFO] train: model=voco_b config=configs/lowshot/ls_vocoB_frz_pt_f010.yaml
2026-07-16 07:23:15,204 [INFO] train: output=/scratch/lskrlj/runs/ls_vocoB_frz_pt_f010 device=cuda (NVIDIA A100-SXM4-40GB)
2026-07-16 07:23:15,204 [INFO] train: epochs=500 batch_size=2 grad_accum=2 eff_batch=4 lr=0.0002 amp=True
2026-07-16 07:23:15,204 [INFO] train: ========================================================================
2026-07-16 07:23:15,205 [INFO] train: splits: train=1082 val=57 classes=117
2026-07-16 07:23:15,205 [INFO] train: low-shot: train_fraction=0.1000 seed=1234 -> 108/1082 train cases
2026-07-16 07:23:15,215 [INFO] train: disk cache: /scratch/lskrlj/cache/TotalSeg/833d9d046402 (fingerprint=833d9d046402)
2026-07-16 07:26:02,194 [INFO] train: model voco_b, trainable params: 8965752 / 27603114 total (freeze_backbone=True)
2026-07-16 07:26:33,249 [WARNING] trainer: --resume set but no checkpoint found in /scratch/lskrlj/runs/ls_vocoB_frz_pt_f010; starting fresh
2026-07-16 07:26:33,251 [INFO] trainer: start: epochs 1-500/500 device=cuda amp=bf16 train_batches=54 val_batches=57
2026-07-16 07:26:52,255 [INFO] trainer: epoch 1 step 50/54 loss=11.1399 lr=1.85e-05
2026-07-16 07:26:53,346 [INFO] trainer: epoch 1 done train_loss=11.1120 dt=20.1s
2026-07-16 07:27:07,730 [INFO] trainer: epoch 2 step 50/54 loss=10.1570 lr=3.85e-05
2026-07-16 07:27:09,482 [INFO] trainer: epoch 2 done train_loss=10.1125 dt=16.1s
2026-07-16 07:27:25,147 [INFO] trainer: epoch 3 step 50/54 loss=9.1705 lr=5.85e-05
2026-07-16 07:27:26,218 [INFO] trainer: epoch 3 done train_loss=9.1356 dt=16.7s
2026-07-16 07:27:41,192 [INFO] trainer: epoch 4 step 50/54 loss=8.5172 lr=7.85e-05
2026-07-16 07:27:42,911 [INFO] trainer: epoch 4 done train_loss=8.4821 dt=16.7s
2026-07-16 07:27:58,621 [INFO] trainer: epoch 5 step 50/54 loss=7.9787 lr=9.85e-05
2026-07-16 07:28:00,204 [INFO] trainer: epoch 5 done train_loss=7.9511 dt=17.3s
2026-07-16 07:28:15,624 [INFO] trainer: epoch 6 step 50/54 loss=7.5152 lr=1.19e-04
2026-07-16 07:28:16,688 [INFO] trainer: epoch 6 done train_loss=7.4999 dt=16.5s
2026-07-16 07:28:32,388 [INFO] trainer: epoch 7 step 50/54 loss=7.1519 lr=1.39e-04
2026-07-16 07:28:33,499 [INFO] trainer: epoch 7 done train_loss=7.1332 dt=16.8s
2026-07-16 07:28:48,375 [INFO] trainer: epoch 8 step 50/54 loss=6.7486 lr=1.59e-04
2026-07-16 07:28:49,438 [INFO] trainer: epoch 8 done train_loss=6.7252 dt=15.9s
2026-07-16 07:29:04,623 [INFO] trainer: epoch 9 step 50/54 loss=6.3911 lr=1.79e-04
2026-07-16 07:29:05,690 [INFO] trainer: epoch 9 done train_loss=6.3867 dt=16.3s
2026-07-16 07:29:21,152 [INFO] trainer: epoch 10 step 50/54 loss=6.0725 lr=1.99e-04
2026-07-16 07:29:22,224 [INFO] trainer: epoch 10 done train_loss=6.0522 dt=16.5s
2026-07-16 07:29:37,480 [INFO] trainer: epoch 11 step 50/54 loss=5.7721 lr=2.00e-04
2026-07-16 07:29:38,585 [INFO] trainer: epoch 11 done train_loss=5.7570 dt=16.1s
2026-07-16 07:29:53,749 [INFO] trainer: epoch 12 step 50/54 loss=5.4449 lr=2.00e-04
2026-07-16 07:29:54,823 [INFO] trainer: epoch 12 done train_loss=5.4358 dt=16.2s
2026-07-16 07:30:10,387 [INFO] trainer: epoch 13 step 50/54 loss=5.1919 lr=2.00e-04
2026-07-16 07:30:11,459 [INFO] trainer: epoch 13 done train_loss=5.1992 dt=16.6s
2026-07-16 07:30:27,344 [INFO] trainer: epoch 14 step 50/54 loss=5.0120 lr=2.00e-04
2026-07-16 07:30:28,414 [INFO] trainer: epoch 14 done train_loss=5.0042 dt=17.0s
2026-07-16 07:30:44,463 [INFO] trainer: epoch 15 step 50/54 loss=4.7668 lr=2.00e-04
2026-07-16 07:30:45,594 [INFO] trainer: epoch 15 done train_loss=4.7589 dt=17.2s
2026-07-16 07:31:00,206 [INFO] trainer: epoch 16 step 50/54 loss=4.5475 lr=2.00e-04
2026-07-16 07:31:01,441 [INFO] trainer: epoch 16 done train_loss=4.5467 dt=15.8s
2026-07-16 07:31:18,536 [INFO] trainer: epoch 17 step 50/54 loss=4.3877 lr=2.00e-04
2026-07-16 07:31:19,607 [INFO] trainer: epoch 17 done train_loss=4.3693 dt=18.2s
2026-07-16 07:31:34,918 [INFO] trainer: epoch 18 step 50/54 loss=4.2083 lr=2.00e-04
2026-07-16 07:31:35,993 [INFO] trainer: epoch 18 done train_loss=4.1926 dt=16.4s
2026-07-16 07:31:51,236 [INFO] trainer: epoch 19 step 50/54 loss=4.0353 lr=2.00e-04
2026-07-16 07:31:52,487 [INFO] trainer: epoch 19 done train_loss=4.0173 dt=16.5s
2026-07-16 07:32:08,285 [INFO] trainer: epoch 20 step 50/54 loss=3.8683 lr=2.00e-04
2026-07-16 07:32:09,352 [INFO] trainer: epoch 20 done train_loss=3.8653 dt=16.9s
2026-07-16 07:32:24,446 [INFO] trainer: epoch 21 step 50/54 loss=3.6837 lr=2.00e-04
2026-07-16 07:32:25,508 [INFO] trainer: epoch 21 done train_loss=3.6745 dt=15.9s
2026-07-16 07:32:40,209 [INFO] trainer: epoch 22 step 50/54 loss=3.5398 lr=2.00e-04
2026-07-16 07:32:41,293 [INFO] trainer: epoch 22 done train_loss=3.5387 dt=15.8s
2026-07-16 07:32:56,694 [INFO] trainer: epoch 23 step 50/54 loss=3.4758 lr=2.00e-04
2026-07-16 07:32:57,757 [INFO] trainer: epoch 23 done train_loss=3.4790 dt=16.5s
2026-07-16 07:33:13,536 [INFO] trainer: epoch 24 step 50/54 loss=3.3906 lr=2.00e-04
2026-07-16 07:33:14,700 [INFO] trainer: epoch 24 done train_loss=3.3961 dt=16.9s
2026-07-16 07:33:30,242 [INFO] trainer: epoch 25 step 50/54 loss=3.2585 lr=2.00e-04
2026-07-16 07:33:31,303 [INFO] trainer: epoch 25 done train_loss=3.2636 dt=16.6s
2026-07-16 07:34:58,073 [INFO] trainer: epoch 25 val_mean_dice=0.0164
2026-07-16 07:35:13,379 [INFO] trainer: epoch 26 step 50/54 loss=3.1702 lr=1.99e-04
2026-07-16 07:35:14,457 [INFO] trainer: epoch 26 done train_loss=3.1721 dt=16.1s
2026-07-16 07:35:29,715 [INFO] trainer: epoch 27 step 50/54 loss=3.1140 lr=1.99e-04
2026-07-16 07:35:30,779 [INFO] trainer: epoch 27 done train_loss=3.1057 dt=16.3s
2026-07-16 07:35:46,233 [INFO] trainer: epoch 28 step 50/54 loss=3.0114 lr=1.99e-04
2026-07-16 07:35:47,301 [INFO] trainer: epoch 28 done train_loss=3.0031 dt=16.5s
2026-07-16 07:36:02,762 [INFO] trainer: epoch 29 step 50/54 loss=2.9322 lr=1.99e-04
2026-07-16 07:36:03,831 [INFO] trainer: epoch 29 done train_loss=2.9243 dt=16.5s
2026-07-16 07:36:19,111 [INFO] trainer: epoch 30 step 50/54 loss=2.8391 lr=1.99e-04
2026-07-16 07:36:20,256 [INFO] trainer: epoch 30 done train_loss=2.8424 dt=16.4s
2026-07-16 07:36:35,964 [INFO] trainer: epoch 31 step 50/54 loss=2.8038 lr=1.99e-04
2026-07-16 07:36:37,177 [INFO] trainer: epoch 31 done train_loss=2.8100 dt=16.6s
2026-07-16 07:36:52,535 [INFO] trainer: epoch 32 step 50/54 loss=2.7423 lr=1.99e-04
2026-07-16 07:36:53,596 [INFO] trainer: epoch 32 done train_loss=2.7406 dt=16.4s
2026-07-16 07:37:08,900 [INFO] trainer: epoch 33 step 50/54 loss=2.6942 lr=1.99e-04
2026-07-16 07:37:09,981 [INFO] trainer: epoch 33 done train_loss=2.7024 dt=16.4s
2026-07-16 07:37:25,149 [INFO] trainer: epoch 34 step 50/54 loss=2.6503 lr=1.99e-04
2026-07-16 07:37:26,339 [INFO] trainer: epoch 34 done train_loss=2.6557 dt=16.4s
2026-07-16 07:37:42,770 [INFO] trainer: epoch 35 step 50/54 loss=2.5752 lr=1.99e-04
2026-07-16 07:37:43,834 [INFO] trainer: epoch 35 done train_loss=2.5802 dt=17.5s
2026-07-16 07:37:59,638 [INFO] trainer: epoch 36 step 50/54 loss=2.5365 lr=1.99e-04
2026-07-16 07:38:00,700 [INFO] trainer: epoch 36 done train_loss=2.5372 dt=16.9s
2026-07-16 07:38:15,916 [INFO] trainer: epoch 37 step 50/54 loss=2.5013 lr=1.99e-04
2026-07-16 07:38:16,980 [INFO] trainer: epoch 37 done train_loss=2.5022 dt=16.3s
2026-07-16 07:38:32,126 [INFO] trainer: epoch 38 step 50/54 loss=2.4774 lr=1.98e-04
2026-07-16 07:38:33,229 [INFO] trainer: epoch 38 done train_loss=2.4779 dt=16.2s
2026-07-16 07:38:48,058 [INFO] trainer: epoch 39 step 50/54 loss=2.4388 lr=1.98e-04
2026-07-16 07:38:49,144 [INFO] trainer: epoch 39 done train_loss=2.4371 dt=15.9s
2026-07-16 07:39:05,292 [INFO] trainer: epoch 40 step 50/54 loss=2.3881 lr=1.98e-04
2026-07-16 07:39:06,356 [INFO] trainer: epoch 40 done train_loss=2.3796 dt=17.2s
2026-07-16 07:39:23,254 [INFO] trainer: epoch 41 step 50/54 loss=2.3717 lr=1.98e-04
2026-07-16 07:39:24,460 [INFO] trainer: epoch 41 done train_loss=2.3726 dt=17.8s
2026-07-16 07:39:40,003 [INFO] trainer: epoch 42 step 50/54 loss=2.3327 lr=1.98e-04
2026-07-16 07:39:41,065 [INFO] trainer: epoch 42 done train_loss=2.3261 dt=16.6s
2026-07-16 07:39:56,506 [INFO] trainer: epoch 43 step 50/54 loss=2.3406 lr=1.98e-04
2026-07-16 07:39:57,589 [INFO] trainer: epoch 43 done train_loss=2.3328 dt=16.5s
2026-07-16 07:40:12,325 [INFO] trainer: epoch 44 step 50/54 loss=2.2899 lr=1.98e-04
2026-07-16 07:40:13,847 [INFO] trainer: epoch 44 done train_loss=2.2856 dt=16.3s
2026-07-16 07:40:29,157 [INFO] trainer: epoch 45 step 50/54 loss=2.2567 lr=1.98e-04
2026-07-16 07:40:30,219 [INFO] trainer: epoch 45 done train_loss=2.2463 dt=16.4s
2026-07-16 07:40:45,936 [INFO] trainer: epoch 46 step 50/54 loss=2.2509 lr=1.97e-04
2026-07-16 07:40:47,017 [INFO] trainer: epoch 46 done train_loss=2.2465 dt=16.8s
2026-07-16 07:41:02,310 [INFO] trainer: epoch 47 step 50/54 loss=2.1950 lr=1.97e-04
2026-07-16 07:41:03,375 [INFO] trainer: epoch 47 done train_loss=2.1912 dt=16.4s
2026-07-16 07:41:18,745 [INFO] trainer: epoch 48 step 50/54 loss=2.2006 lr=1.97e-04
2026-07-16 07:41:19,818 [INFO] trainer: epoch 48 done train_loss=2.2043 dt=16.4s
2026-07-16 07:41:35,595 [INFO] trainer: epoch 49 step 50/54 loss=2.1583 lr=1.97e-04
2026-07-16 07:41:36,658 [INFO] trainer: epoch 49 done train_loss=2.1583 dt=16.8s
2026-07-16 07:41:52,037 [INFO] trainer: epoch 50 step 50/54 loss=2.1257 lr=1.97e-04
2026-07-16 07:41:53,236 [INFO] trainer: epoch 50 done train_loss=2.1247 dt=16.6s
2026-07-16 07:43:27,707 [INFO] trainer: epoch 50 val_mean_dice=0.2700
2026-07-16 07:43:44,842 [INFO] trainer: epoch 51 step 50/54 loss=2.1135 lr=1.97e-04
2026-07-16 07:43:45,951 [INFO] trainer: epoch 51 done train_loss=2.1204 dt=17.6s
2026-07-16 07:44:01,127 [INFO] trainer: epoch 52 step 50/54 loss=2.0860 lr=1.96e-04
2026-07-16 07:44:02,242 [INFO] trainer: epoch 52 done train_loss=2.0789 dt=16.3s
2026-07-16 07:44:18,704 [INFO] trainer: epoch 53 step 50/54 loss=2.0844 lr=1.96e-04
2026-07-16 07:44:19,769 [INFO] trainer: epoch 53 done train_loss=2.0783 dt=17.5s
2026-07-16 07:44:35,988 [INFO] trainer: epoch 54 step 50/54 loss=2.0621 lr=1.96e-04
2026-07-16 07:44:37,109 [INFO] trainer: epoch 54 done train_loss=2.0536 dt=17.3s
2026-07-16 07:44:53,135 [INFO] trainer: epoch 55 step 50/54 loss=2.0198 lr=1.96e-04
2026-07-16 07:44:54,984 [INFO] trainer: epoch 55 done train_loss=2.0165 dt=17.9s
2026-07-16 07:45:12,164 [INFO] trainer: epoch 56 step 50/54 loss=1.9877 lr=1.96e-04
2026-07-16 07:45:13,258 [INFO] trainer: epoch 56 done train_loss=1.9860 dt=18.3s
2026-07-16 07:45:28,107 [INFO] trainer: epoch 57 step 50/54 loss=1.9904 lr=1.96e-04
2026-07-16 07:45:29,505 [INFO] trainer: epoch 57 done train_loss=1.9885 dt=16.2s
2026-07-16 07:45:44,788 [INFO] trainer: epoch 58 step 50/54 loss=1.9706 lr=1.95e-04
2026-07-16 07:45:45,906 [INFO] trainer: epoch 58 done train_loss=1.9675 dt=16.4s
2026-07-16 07:46:03,281 [INFO] trainer: epoch 59 step 50/54 loss=1.9598 lr=1.95e-04
2026-07-16 07:46:04,784 [INFO] trainer: epoch 59 done train_loss=1.9629 dt=18.9s
2026-07-16 07:46:21,817 [INFO] trainer: epoch 60 step 50/54 loss=1.9176 lr=1.95e-04
2026-07-16 07:46:22,877 [INFO] trainer: epoch 60 done train_loss=1.9249 dt=18.1s
2026-07-16 07:46:37,927 [INFO] trainer: epoch 61 step 50/54 loss=1.9247 lr=1.95e-04
2026-07-16 07:46:38,995 [INFO] trainer: epoch 61 done train_loss=1.9175 dt=15.8s
2026-07-16 07:46:55,983 [INFO] trainer: epoch 62 step 50/54 loss=1.9212 lr=1.95e-04
2026-07-16 07:46:57,851 [INFO] trainer: epoch 62 done train_loss=1.9174 dt=18.9s
2026-07-16 07:47:21,230 [INFO] trainer: epoch 63 step 50/54 loss=1.9065 lr=1.94e-04
2026-07-16 07:47:22,298 [INFO] trainer: epoch 63 done train_loss=1.9123 dt=24.4s
2026-07-16 07:47:37,662 [INFO] trainer: epoch 64 step 50/54 loss=1.8598 lr=1.94e-04
2026-07-16 07:47:38,740 [INFO] trainer: epoch 64 done train_loss=1.8550 dt=16.4s
2026-07-16 07:47:54,654 [INFO] trainer: epoch 65 step 50/54 loss=1.8206 lr=1.94e-04
2026-07-16 07:47:55,715 [INFO] trainer: epoch 65 done train_loss=1.8303 dt=17.0s
2026-07-16 07:48:11,365 [INFO] trainer: epoch 66 step 50/54 loss=1.8502 lr=1.94e-04
2026-07-16 07:48:12,483 [INFO] trainer: epoch 66 done train_loss=1.8433 dt=16.8s
2026-07-16 07:48:26,898 [INFO] trainer: epoch 67 step 50/54 loss=1.8558 lr=1.93e-04
2026-07-16 07:48:27,962 [INFO] trainer: epoch 67 done train_loss=1.8681 dt=15.5s
2026-07-16 07:48:45,098 [INFO] trainer: epoch 68 step 50/54 loss=1.7816 lr=1.93e-04
2026-07-16 07:48:46,748 [INFO] trainer: epoch 68 done train_loss=1.7842 dt=18.8s
2026-07-16 07:49:02,308 [INFO] trainer: epoch 69 step 50/54 loss=1.7962 lr=1.93e-04
2026-07-16 07:49:03,371 [INFO] trainer: epoch 69 done train_loss=1.7950 dt=16.6s
2026-07-16 07:49:18,791 [INFO] trainer: epoch 70 step 50/54 loss=1.7802 lr=1.93e-04
2026-07-16 07:49:20,522 [INFO] trainer: epoch 70 done train_loss=1.7754 dt=17.2s
2026-07-16 07:49:37,573 [INFO] trainer: epoch 71 step 50/54 loss=1.7839 lr=1.93e-04
2026-07-16 07:49:38,644 [INFO] trainer: epoch 71 done train_loss=1.7926 dt=17.8s
2026-07-16 07:49:53,765 [INFO] trainer: epoch 72 step 50/54 loss=1.7677 lr=1.92e-04
2026-07-16 07:49:54,838 [INFO] trainer: epoch 72 done train_loss=1.7716 dt=16.2s
2026-07-16 07:50:12,789 [INFO] trainer: epoch 73 step 50/54 loss=1.7510 lr=1.92e-04
2026-07-16 07:50:13,982 [INFO] trainer: epoch 73 done train_loss=1.7443 dt=19.1s
2026-07-16 07:50:29,462 [INFO] trainer: epoch 74 step 50/54 loss=1.7156 lr=1.92e-04
2026-07-16 07:50:30,525 [INFO] trainer: epoch 74 done train_loss=1.7268 dt=16.5s
2026-07-16 07:50:47,048 [INFO] trainer: epoch 75 step 50/54 loss=1.6840 lr=1.92e-04
2026-07-16 07:50:48,117 [INFO] trainer: epoch 75 done train_loss=1.7022 dt=17.6s
2026-07-16 07:52:24,091 [INFO] trainer: epoch 75 val_mean_dice=0.5687
2026-07-16 07:52:42,237 [INFO] trainer: epoch 76 step 50/54 loss=1.7056 lr=1.91e-04
2026-07-16 07:52:43,430 [INFO] trainer: epoch 76 done train_loss=1.7129 dt=19.0s
2026-07-16 07:52:59,859 [INFO] trainer: epoch 77 step 50/54 loss=1.7301 lr=1.91e-04
2026-07-16 07:53:01,049 [INFO] trainer: epoch 77 done train_loss=1.7193 dt=17.6s
2026-07-16 07:53:17,875 [INFO] trainer: epoch 78 step 50/54 loss=1.7024 lr=1.91e-04
2026-07-16 07:53:18,950 [INFO] trainer: epoch 78 done train_loss=1.7060 dt=17.9s
2026-07-16 07:53:37,608 [INFO] trainer: epoch 79 step 50/54 loss=1.6700 lr=1.90e-04
2026-07-16 07:53:38,942 [INFO] trainer: epoch 79 done train_loss=1.6689 dt=20.0s
2026-07-16 07:53:56,606 [INFO] trainer: epoch 80 step 50/54 loss=1.6641 lr=1.90e-04
2026-07-16 07:53:57,776 [INFO] trainer: epoch 80 done train_loss=1.6770 dt=18.8s
2026-07-16 07:54:14,792 [INFO] trainer: epoch 81 step 50/54 loss=1.6409 lr=1.90e-04
2026-07-16 07:54:16,116 [INFO] trainer: epoch 81 done train_loss=1.6606 dt=18.0s
2026-07-16 07:54:33,333 [INFO] trainer: epoch 82 step 50/54 loss=1.6504 lr=1.90e-04
2026-07-16 07:54:34,488 [INFO] trainer: epoch 82 done train_loss=1.6352 dt=18.4s
2026-07-16 07:54:50,623 [INFO] trainer: epoch 83 step 50/54 loss=1.6574 lr=1.89e-04
2026-07-16 07:54:51,911 [INFO] trainer: epoch 83 done train_loss=1.6611 dt=17.4s
2026-07-16 07:55:08,271 [INFO] trainer: epoch 84 step 50/54 loss=1.6749 lr=1.89e-04
2026-07-16 07:55:09,753 [INFO] trainer: epoch 84 done train_loss=1.6843 dt=17.8s
2026-07-16 07:55:29,305 [INFO] trainer: epoch 85 step 50/54 loss=1.6275 lr=1.89e-04
2026-07-16 07:55:31,336 [INFO] trainer: epoch 85 done train_loss=1.6245 dt=21.6s
2026-07-16 07:55:47,676 [INFO] trainer: epoch 86 step 50/54 loss=1.5932 lr=1.88e-04
2026-07-16 07:55:48,823 [INFO] trainer: epoch 86 done train_loss=1.6014 dt=17.5s
2026-07-16 07:56:04,880 [INFO] trainer: epoch 87 step 50/54 loss=1.6444 lr=1.88e-04
2026-07-16 07:56:05,954 [INFO] trainer: epoch 87 done train_loss=1.6411 dt=17.1s
2026-07-16 07:56:22,317 [INFO] trainer: epoch 88 step 50/54 loss=1.6406 lr=1.88e-04
2026-07-16 07:56:23,729 [INFO] trainer: epoch 88 done train_loss=1.6458 dt=17.8s
2026-07-16 07:56:40,357 [INFO] trainer: epoch 89 step 50/54 loss=1.5900 lr=1.88e-04
2026-07-16 07:56:41,770 [INFO] trainer: epoch 89 done train_loss=1.5878 dt=18.0s
2026-07-16 07:56:58,842 [INFO] trainer: epoch 90 step 50/54 loss=1.6271 lr=1.87e-04
2026-07-16 07:57:00,211 [INFO] trainer: epoch 90 done train_loss=1.6214 dt=18.4s
2026-07-16 07:57:17,960 [INFO] trainer: epoch 91 step 50/54 loss=1.5823 lr=1.87e-04
2026-07-16 07:57:19,226 [INFO] trainer: epoch 91 done train_loss=1.5774 dt=18.7s
2026-07-16 07:57:35,659 [INFO] trainer: epoch 92 step 50/54 loss=1.6099 lr=1.87e-04
2026-07-16 07:57:36,806 [INFO] trainer: epoch 92 done train_loss=1.5995 dt=17.6s
2026-07-16 07:57:53,189 [INFO] trainer: epoch 93 step 50/54 loss=1.5854 lr=1.86e-04
2026-07-16 07:57:54,549 [INFO] trainer: epoch 93 done train_loss=1.5854 dt=17.7s
2026-07-16 07:58:13,567 [INFO] trainer: epoch 94 step 50/54 loss=1.5564 lr=1.86e-04
2026-07-16 07:58:14,680 [INFO] trainer: epoch 94 done train_loss=1.5516 dt=20.1s
2026-07-16 07:58:33,991 [INFO] trainer: epoch 95 step 50/54 loss=1.5583 lr=1.86e-04
2026-07-16 07:58:35,152 [INFO] trainer: epoch 95 done train_loss=1.5662 dt=20.5s
2026-07-16 07:58:54,679 [INFO] trainer: epoch 96 step 50/54 loss=1.5933 lr=1.85e-04
2026-07-16 07:58:56,523 [INFO] trainer: epoch 96 done train_loss=1.5850 dt=21.4s
2026-07-16 07:59:13,384 [INFO] trainer: epoch 97 step 50/54 loss=1.5507 lr=1.85e-04
2026-07-16 07:59:15,006 [INFO] trainer: epoch 97 done train_loss=1.5556 dt=18.5s
2026-07-16 07:59:34,128 [INFO] trainer: epoch 98 step 50/54 loss=1.5607 lr=1.85e-04
2026-07-16 07:59:35,603 [INFO] trainer: epoch 98 done train_loss=1.5609 dt=20.6s
2026-07-16 07:59:55,064 [INFO] trainer: epoch 99 step 50/54 loss=1.5499 lr=1.84e-04
2026-07-16 07:59:56,546 [INFO] trainer: epoch 99 done train_loss=1.5417 dt=20.9s
2026-07-16 08:00:13,938 [INFO] trainer: epoch 100 step 50/54 loss=1.5438 lr=1.84e-04
2026-07-16 08:00:15,292 [INFO] trainer: epoch 100 done train_loss=1.5321 dt=18.7s
2026-07-16 08:02:19,657 [INFO] trainer: epoch 100 val_mean_dice=0.6727
2026-07-16 08:02:38,752 [INFO] trainer: epoch 101 step 50/54 loss=1.5085 lr=1.84e-04
2026-07-16 08:02:39,849 [INFO] trainer: epoch 101 done train_loss=1.5049 dt=19.3s
2026-07-16 08:03:52,200 [INFO] trainer: epoch 102 step 50/54 loss=1.5000 lr=1.83e-04
2026-07-16 08:03:53,401 [INFO] trainer: epoch 102 done train_loss=1.5183 dt=73.6s
2026-07-16 08:04:09,705 [INFO] trainer: epoch 103 step 50/54 loss=1.5403 lr=1.83e-04
2026-07-16 08:04:10,778 [INFO] trainer: epoch 103 done train_loss=1.5518 dt=17.4s
2026-07-16 08:04:26,571 [INFO] trainer: epoch 104 step 50/54 loss=1.5162 lr=1.82e-04
2026-07-16 08:04:27,790 [INFO] trainer: epoch 104 done train_loss=1.5150 dt=17.0s
2026-07-16 08:04:43,798 [INFO] trainer: epoch 105 step 50/54 loss=1.5292 lr=1.82e-04
2026-07-16 08:04:45,047 [INFO] trainer: epoch 105 done train_loss=1.5210 dt=17.3s
2026-07-16 08:05:00,970 [INFO] trainer: epoch 106 step 50/54 loss=1.4944 lr=1.82e-04
2026-07-16 08:05:02,223 [INFO] trainer: epoch 106 done train_loss=1.4935 dt=17.2s
2026-07-16 08:05:19,370 [INFO] trainer: epoch 107 step 50/54 loss=1.5238 lr=1.81e-04
2026-07-16 08:05:20,559 [INFO] trainer: epoch 107 done train_loss=1.5155 dt=18.3s
2026-07-16 08:05:43,552 [INFO] trainer: epoch 108 step 50/54 loss=1.4815 lr=1.81e-04
2026-07-16 08:05:44,646 [INFO] trainer: epoch 108 done train_loss=1.4856 dt=24.1s
2026-07-16 08:06:03,669 [INFO] trainer: epoch 109 step 50/54 loss=1.4815 lr=1.81e-04
2026-07-16 08:06:04,782 [INFO] trainer: epoch 109 done train_loss=1.4823 dt=20.1s
2026-07-16 08:06:25,160 [INFO] trainer: epoch 110 step 50/54 loss=1.4872 lr=1.80e-04
2026-07-16 08:06:26,800 [INFO] trainer: epoch 110 done train_loss=1.4942 dt=22.0s
2026-07-16 08:06:47,573 [INFO] trainer: epoch 111 step 50/54 loss=1.5354 lr=1.80e-04
2026-07-16 08:06:48,960 [INFO] trainer: epoch 111 done train_loss=1.5267 dt=21.8s
2026-07-16 08:07:08,959 [INFO] trainer: epoch 112 step 50/54 loss=1.4866 lr=1.79e-04
2026-07-16 08:07:10,231 [INFO] trainer: epoch 112 done train_loss=1.4750 dt=21.3s
2026-07-16 08:07:27,719 [INFO] trainer: epoch 113 step 50/54 loss=1.5114 lr=1.79e-04
2026-07-16 08:07:28,883 [INFO] trainer: epoch 113 done train_loss=1.5100 dt=18.7s
2026-07-16 08:07:46,127 [INFO] trainer: epoch 114 step 50/54 loss=1.4999 lr=1.79e-04
2026-07-16 08:07:47,330 [INFO] trainer: epoch 114 done train_loss=1.5069 dt=18.4s
2026-07-16 08:08:04,053 [INFO] trainer: epoch 115 step 50/54 loss=1.5056 lr=1.78e-04
2026-07-16 08:08:05,366 [INFO] trainer: epoch 115 done train_loss=1.5006 dt=18.0s
2026-07-16 08:08:25,157 [INFO] trainer: epoch 116 step 50/54 loss=1.4474 lr=1.78e-04
2026-07-16 08:08:26,287 [INFO] trainer: epoch 116 done train_loss=1.4450 dt=20.9s
2026-07-16 08:08:44,221 [INFO] trainer: epoch 117 step 50/54 loss=1.4852 lr=1.78e-04
2026-07-16 08:08:45,288 [INFO] trainer: epoch 117 done train_loss=1.4875 dt=19.0s
2026-07-16 08:09:01,715 [INFO] trainer: epoch 118 step 50/54 loss=1.5184 lr=1.77e-04
2026-07-16 08:09:02,983 [INFO] trainer: epoch 118 done train_loss=1.5020 dt=17.7s
2026-07-16 08:09:21,245 [INFO] trainer: epoch 119 step 50/54 loss=1.4460 lr=1.77e-04
2026-07-16 08:09:22,359 [INFO] trainer: epoch 119 done train_loss=1.4478 dt=19.4s
2026-07-16 08:10:03,886 [INFO] trainer: epoch 120 step 50/54 loss=1.4899 lr=1.76e-04
2026-07-16 08:10:05,028 [INFO] trainer: epoch 120 done train_loss=1.4850 dt=42.7s
2026-07-16 08:10:21,247 [INFO] trainer: epoch 121 step 50/54 loss=1.4754 lr=1.76e-04
2026-07-16 08:10:22,670 [INFO] trainer: epoch 121 done train_loss=1.4765 dt=17.3s
2026-07-16 08:10:39,224 [INFO] trainer: epoch 122 step 50/54 loss=1.4595 lr=1.75e-04
2026-07-16 08:10:40,287 [INFO] trainer: epoch 122 done train_loss=1.4665 dt=17.6s
2026-07-16 08:10:57,702 [INFO] trainer: epoch 123 step 50/54 loss=1.4609 lr=1.75e-04
2026-07-16 08:10:58,819 [INFO] trainer: epoch 123 done train_loss=1.4537 dt=18.5s
2026-07-16 08:11:15,337 [INFO] trainer: epoch 124 step 50/54 loss=1.4486 lr=1.75e-04
2026-07-16 08:11:16,610 [INFO] trainer: epoch 124 done train_loss=1.4355 dt=17.8s
2026-07-16 08:11:32,738 [INFO] trainer: epoch 125 step 50/54 loss=1.5071 lr=1.74e-04
2026-07-16 08:11:33,994 [INFO] trainer: epoch 125 done train_loss=1.4839 dt=17.4s
2026-07-16 08:13:22,032 [INFO] trainer: epoch 125 val_mean_dice=0.6835
2026-07-16 08:13:41,856 [INFO] trainer: epoch 126 step 50/54 loss=1.4575 lr=1.74e-04
2026-07-16 08:13:43,299 [INFO] trainer: epoch 126 done train_loss=1.4422 dt=20.9s
2026-07-16 08:14:01,093 [INFO] trainer: epoch 127 step 50/54 loss=1.4475 lr=1.73e-04
2026-07-16 08:14:02,668 [INFO] trainer: epoch 127 done train_loss=1.4525 dt=19.4s
2026-07-16 08:14:26,823 [INFO] trainer: epoch 128 step 50/54 loss=1.4626 lr=1.73e-04
2026-07-16 08:14:28,263 [INFO] trainer: epoch 128 done train_loss=1.4497 dt=25.6s
2026-07-16 08:14:46,400 [INFO] trainer: epoch 129 step 50/54 loss=1.4377 lr=1.72e-04
2026-07-16 08:14:47,608 [INFO] trainer: epoch 129 done train_loss=1.4554 dt=19.3s
2026-07-16 08:15:03,881 [INFO] trainer: epoch 130 step 50/54 loss=1.4266 lr=1.72e-04
2026-07-16 08:15:05,188 [INFO] trainer: epoch 130 done train_loss=1.4249 dt=17.6s
2026-07-16 08:15:22,353 [INFO] trainer: epoch 131 step 50/54 loss=1.4212 lr=1.72e-04
2026-07-16 08:15:23,416 [INFO] trainer: epoch 131 done train_loss=1.4156 dt=17.9s
2026-07-16 08:15:39,345 [INFO] trainer: epoch 132 step 50/54 loss=1.4130 lr=1.71e-04
2026-07-16 08:15:40,521 [INFO] trainer: epoch 132 done train_loss=1.4259 dt=17.1s
2026-07-16 08:15:58,976 [INFO] trainer: epoch 133 step 50/54 loss=1.4165 lr=1.71e-04
2026-07-16 08:16:00,996 [INFO] trainer: epoch 133 done train_loss=1.4303 dt=20.5s
2026-07-16 08:16:17,529 [INFO] trainer: epoch 134 step 50/54 loss=1.3936 lr=1.70e-04
2026-07-16 08:16:18,599 [INFO] trainer: epoch 134 done train_loss=1.4050 dt=17.6s
2026-07-16 08:16:36,271 [INFO] trainer: epoch 135 step 50/54 loss=1.4663 lr=1.70e-04
2026-07-16 08:16:38,067 [INFO] trainer: epoch 135 done train_loss=1.4645 dt=19.5s
2026-07-16 08:16:54,692 [INFO] trainer: epoch 136 step 50/54 loss=1.4118 lr=1.69e-04
2026-07-16 08:16:56,090 [INFO] trainer: epoch 136 done train_loss=1.4134 dt=18.0s
2026-07-16 08:17:12,670 [INFO] trainer: epoch 137 step 50/54 loss=1.3757 lr=1.69e-04
2026-07-16 08:17:13,801 [INFO] trainer: epoch 137 done train_loss=1.3818 dt=17.7s
2026-07-16 08:17:30,791 [INFO] trainer: epoch 138 step 50/54 loss=1.4253 lr=1.68e-04
2026-07-16 08:17:32,063 [INFO] trainer: epoch 138 done train_loss=1.4291 dt=18.3s
2026-07-16 08:17:49,284 [INFO] trainer: epoch 139 step 50/54 loss=1.4074 lr=1.68e-04
2026-07-16 08:17:50,506 [INFO] trainer: epoch 139 done train_loss=1.4253 dt=18.4s
2026-07-16 08:18:08,228 [INFO] trainer: epoch 140 step 50/54 loss=1.4070 lr=1.67e-04
2026-07-16 08:18:09,649 [INFO] trainer: epoch 140 done train_loss=1.3929 dt=19.1s
2026-07-16 08:18:28,426 [INFO] trainer: epoch 141 step 50/54 loss=1.3892 lr=1.67e-04
2026-07-16 08:18:30,020 [INFO] trainer: epoch 141 done train_loss=1.3988 dt=20.1s
2026-07-16 08:18:47,726 [INFO] trainer: epoch 142 step 50/54 loss=1.4309 lr=1.66e-04
2026-07-16 08:18:48,835 [INFO] trainer: epoch 142 done train_loss=1.4351 dt=18.8s
2026-07-16 08:19:05,341 [INFO] trainer: epoch 143 step 50/54 loss=1.4065 lr=1.66e-04
2026-07-16 08:19:06,563 [INFO] trainer: epoch 143 done train_loss=1.4067 dt=17.7s
2026-07-16 08:19:23,243 [INFO] trainer: epoch 144 step 50/54 loss=1.4056 lr=1.66e-04
2026-07-16 08:19:24,444 [INFO] trainer: epoch 144 done train_loss=1.4064 dt=17.9s
2026-07-16 08:19:40,231 [INFO] trainer: epoch 145 step 50/54 loss=1.4006 lr=1.65e-04
2026-07-16 08:19:41,661 [INFO] trainer: epoch 145 done train_loss=1.4013 dt=17.2s
2026-07-16 08:19:57,904 [INFO] trainer: epoch 146 step 50/54 loss=1.3956 lr=1.65e-04
2026-07-16 08:19:59,407 [INFO] trainer: epoch 146 done train_loss=1.3881 dt=17.7s
2026-07-16 08:20:17,308 [INFO] trainer: epoch 147 step 50/54 loss=1.4110 lr=1.64e-04
2026-07-16 08:20:18,618 [INFO] trainer: epoch 147 done train_loss=1.4105 dt=19.2s
2026-07-16 08:20:35,486 [INFO] trainer: epoch 148 step 50/54 loss=1.3935 lr=1.64e-04
2026-07-16 08:20:36,924 [INFO] trainer: epoch 148 done train_loss=1.3899 dt=18.3s
2026-07-16 08:20:53,355 [INFO] trainer: epoch 149 step 50/54 loss=1.3959 lr=1.63e-04
2026-07-16 08:20:54,913 [INFO] trainer: epoch 149 done train_loss=1.4013 dt=18.0s
2026-07-16 08:21:13,109 [INFO] trainer: epoch 150 step 50/54 loss=1.4513 lr=1.63e-04
2026-07-16 08:21:15,263 [INFO] trainer: epoch 150 done train_loss=1.4595 dt=20.3s
2026-07-16 08:22:58,235 [INFO] trainer: epoch 150 val_mean_dice=0.7235
2026-07-16 08:23:16,265 [INFO] trainer: epoch 151 step 50/54 loss=1.3740 lr=1.62e-04
2026-07-16 08:23:17,478 [INFO] trainer: epoch 151 done train_loss=1.3668 dt=18.4s
2026-07-16 08:23:36,702 [INFO] trainer: epoch 152 step 50/54 loss=1.4009 lr=1.62e-04
2026-07-16 08:23:37,910 [INFO] trainer: epoch 152 done train_loss=1.3928 dt=20.4s
2026-07-16 08:23:55,565 [INFO] trainer: epoch 153 step 50/54 loss=1.4590 lr=1.61e-04
2026-07-16 08:23:56,930 [INFO] trainer: epoch 153 done train_loss=1.4640 dt=19.0s
2026-07-16 08:24:14,487 [INFO] trainer: epoch 154 step 50/54 loss=1.4199 lr=1.61e-04
2026-07-16 08:24:15,605 [INFO] trainer: epoch 154 done train_loss=1.4221 dt=18.7s
2026-07-16 08:24:33,530 [INFO] trainer: epoch 155 step 50/54 loss=1.4575 lr=1.60e-04
2026-07-16 08:24:34,783 [INFO] trainer: epoch 155 done train_loss=1.4332 dt=19.2s
2026-07-16 08:24:52,259 [INFO] trainer: epoch 156 step 50/54 loss=1.3602 lr=1.60e-04
2026-07-16 08:24:53,777 [INFO] trainer: epoch 156 done train_loss=1.3731 dt=19.0s
2026-07-16 08:25:11,721 [INFO] trainer: epoch 157 step 50/54 loss=1.4045 lr=1.59e-04
2026-07-16 08:25:13,777 [INFO] trainer: epoch 157 done train_loss=1.4072 dt=20.0s
2026-07-16 08:25:32,384 [INFO] trainer: epoch 158 step 50/54 loss=1.3704 lr=1.59e-04
2026-07-16 08:25:34,085 [INFO] trainer: epoch 158 done train_loss=1.3649 dt=20.3s
2026-07-16 08:25:53,520 [INFO] trainer: epoch 159 step 50/54 loss=1.4276 lr=1.58e-04
2026-07-16 08:25:55,233 [INFO] trainer: epoch 159 done train_loss=1.4233 dt=21.1s
2026-07-16 08:26:13,274 [INFO] trainer: epoch 160 step 50/54 loss=1.4075 lr=1.57e-04
2026-07-16 08:26:14,497 [INFO] trainer: epoch 160 done train_loss=1.3950 dt=19.3s
2026-07-16 08:26:35,372 [INFO] trainer: epoch 161 step 50/54 loss=1.3814 lr=1.57e-04
2026-07-16 08:26:36,829 [INFO] trainer: epoch 161 done train_loss=1.3798 dt=22.1s
2026-07-16 08:26:55,424 [INFO] trainer: epoch 162 step 50/54 loss=1.3728 lr=1.56e-04
2026-07-16 08:26:56,585 [INFO] trainer: epoch 162 done train_loss=1.3764 dt=19.8s
2026-07-16 08:27:15,297 [INFO] trainer: epoch 163 step 50/54 loss=1.3556 lr=1.56e-04
2026-07-16 08:27:16,702 [INFO] trainer: epoch 163 done train_loss=1.3623 dt=20.1s
2026-07-16 08:27:34,242 [INFO] trainer: epoch 164 step 50/54 loss=1.4131 lr=1.55e-04
2026-07-16 08:27:36,022 [INFO] trainer: epoch 164 done train_loss=1.4073 dt=19.3s
2026-07-16 08:27:59,558 [INFO] trainer: epoch 165 step 50/54 loss=1.3641 lr=1.55e-04
2026-07-16 08:28:01,186 [INFO] trainer: epoch 165 done train_loss=1.3631 dt=25.2s
2026-07-16 08:28:18,378 [INFO] trainer: epoch 166 step 50/54 loss=1.3755 lr=1.54e-04
2026-07-16 08:28:19,451 [INFO] trainer: epoch 166 done train_loss=1.3740 dt=18.3s
2026-07-16 08:28:37,014 [INFO] trainer: epoch 167 step 50/54 loss=1.3721 lr=1.54e-04
2026-07-16 08:28:38,171 [INFO] trainer: epoch 167 done train_loss=1.3733 dt=18.7s
2026-07-16 08:28:54,640 [INFO] trainer: epoch 168 step 50/54 loss=1.3955 lr=1.53e-04
2026-07-16 08:28:55,940 [INFO] trainer: epoch 168 done train_loss=1.3993 dt=17.8s
2026-07-16 08:29:12,644 [INFO] trainer: epoch 169 step 50/54 loss=1.3601 lr=1.53e-04
2026-07-16 08:29:13,828 [INFO] trainer: epoch 169 done train_loss=1.3486 dt=17.9s
2026-07-16 08:29:31,724 [INFO] trainer: epoch 170 step 50/54 loss=1.3813 lr=1.52e-04
2026-07-16 08:29:33,085 [INFO] trainer: epoch 170 done train_loss=1.3734 dt=19.3s
2026-07-16 08:29:55,483 [INFO] trainer: epoch 171 step 50/54 loss=1.3774 lr=1.52e-04
2026-07-16 08:29:56,705 [INFO] trainer: epoch 171 done train_loss=1.3820 dt=23.3s
2026-07-16 08:30:13,519 [INFO] trainer: epoch 172 step 50/54 loss=1.3580 lr=1.51e-04
2026-07-16 08:30:14,720 [INFO] trainer: epoch 172 done train_loss=1.3636 dt=18.0s
2026-07-16 08:30:33,381 [INFO] trainer: epoch 173 step 50/54 loss=1.3270 lr=1.50e-04
2026-07-16 08:30:34,482 [INFO] trainer: epoch 173 done train_loss=1.3278 dt=19.8s
2026-07-16 08:30:52,183 [INFO] trainer: epoch 174 step 50/54 loss=1.3575 lr=1.50e-04
2026-07-16 08:30:53,436 [INFO] trainer: epoch 174 done train_loss=1.3507 dt=19.0s
2026-07-16 08:31:12,455 [INFO] trainer: epoch 175 step 50/54 loss=1.3744 lr=1.49e-04
2026-07-16 08:31:14,811 [INFO] trainer: epoch 175 done train_loss=1.3702 dt=21.4s
2026-07-16 08:33:10,667 [INFO] trainer: epoch 175 val_mean_dice=0.7196
2026-07-16 08:33:43,219 [INFO] trainer: epoch 176 step 50/54 loss=1.3324 lr=1.49e-04
2026-07-16 08:33:44,842 [INFO] trainer: epoch 176 done train_loss=1.3390 dt=34.1s
2026-07-16 08:34:04,455 [INFO] trainer: epoch 177 step 50/54 loss=1.3392 lr=1.48e-04
2026-07-16 08:34:05,569 [INFO] trainer: epoch 177 done train_loss=1.3445 dt=20.7s
2026-07-16 08:34:23,525 [INFO] trainer: epoch 178 step 50/54 loss=1.3909 lr=1.48e-04
2026-07-16 08:34:24,782 [INFO] trainer: epoch 178 done train_loss=1.3933 dt=19.2s
2026-07-16 08:34:45,068 [INFO] trainer: epoch 179 step 50/54 loss=1.3214 lr=1.47e-04
2026-07-16 08:34:46,558 [INFO] trainer: epoch 179 done train_loss=1.3319 dt=21.8s
2026-07-16 08:35:04,688 [INFO] trainer: epoch 180 step 50/54 loss=1.3641 lr=1.47e-04
2026-07-16 08:35:05,919 [INFO] trainer: epoch 180 done train_loss=1.3576 dt=19.4s
2026-07-16 08:35:23,144 [INFO] trainer: epoch 181 step 50/54 loss=1.3578 lr=1.46e-04
2026-07-16 08:35:25,307 [INFO] trainer: epoch 181 done train_loss=1.3545 dt=19.1s
2026-07-16 08:35:42,652 [INFO] trainer: epoch 182 step 50/54 loss=1.3885 lr=1.45e-04
2026-07-16 08:35:44,004 [INFO] trainer: epoch 182 done train_loss=1.4045 dt=18.7s
2026-07-16 08:36:00,679 [INFO] trainer: epoch 183 step 50/54 loss=1.3225 lr=1.45e-04
2026-07-16 08:36:01,758 [INFO] trainer: epoch 183 done train_loss=1.3262 dt=17.8s
2026-07-16 08:37:04,765 [INFO] trainer: epoch 184 step 50/54 loss=1.3248 lr=1.44e-04
2026-07-16 08:37:05,876 [INFO] trainer: epoch 184 done train_loss=1.3191 dt=64.1s
2026-07-16 08:37:25,919 [INFO] trainer: epoch 185 step 50/54 loss=1.2890 lr=1.44e-04
2026-07-16 08:37:28,474 [INFO] trainer: epoch 185 done train_loss=1.3041 dt=22.6s
2026-07-16 08:37:45,076 [INFO] trainer: epoch 186 step 50/54 loss=1.3233 lr=1.43e-04
2026-07-16 08:37:46,410 [INFO] trainer: epoch 186 done train_loss=1.3317 dt=17.9s
2026-07-16 08:38:04,067 [INFO] trainer: epoch 187 step 50/54 loss=1.3539 lr=1.43e-04
2026-07-16 08:38:05,316 [INFO] trainer: epoch 187 done train_loss=1.3483 dt=18.9s
2026-07-16 08:38:24,153 [INFO] trainer: epoch 188 step 50/54 loss=1.3241 lr=1.42e-04
2026-07-16 08:38:25,468 [INFO] trainer: epoch 188 done train_loss=1.3268 dt=20.2s
2026-07-16 08:38:42,300 [INFO] trainer: epoch 189 step 50/54 loss=1.3204 lr=1.41e-04
2026-07-16 08:38:43,712 [INFO] trainer: epoch 189 done train_loss=1.3323 dt=18.2s
2026-07-16 08:39:01,970 [INFO] trainer: epoch 190 step 50/54 loss=1.3506 lr=1.41e-04
2026-07-16 08:39:03,724 [INFO] trainer: epoch 190 done train_loss=1.3631 dt=20.0s
2026-07-16 08:39:22,421 [INFO] trainer: epoch 191 step 50/54 loss=1.3745 lr=1.40e-04
2026-07-16 08:39:24,191 [INFO] trainer: epoch 191 done train_loss=1.3608 dt=20.2s
2026-07-16 08:39:44,704 [INFO] trainer: epoch 192 step 50/54 loss=1.3401 lr=1.40e-04
2026-07-16 08:39:46,244 [INFO] trainer: epoch 192 done train_loss=1.3474 dt=22.1s
2026-07-16 08:40:06,391 [INFO] trainer: epoch 193 step 50/54 loss=1.3749 lr=1.39e-04
2026-07-16 08:40:07,920 [INFO] trainer: epoch 193 done train_loss=1.3679 dt=21.7s
2026-07-16 08:40:26,341 [INFO] trainer: epoch 194 step 50/54 loss=1.3082 lr=1.38e-04
2026-07-16 08:40:27,741 [INFO] trainer: epoch 194 done train_loss=1.3170 dt=19.8s
2026-07-16 08:40:47,109 [INFO] trainer: epoch 195 step 50/54 loss=1.3452 lr=1.38e-04
2026-07-16 08:40:48,421 [INFO] trainer: epoch 195 done train_loss=1.3447 dt=20.7s
2026-07-16 08:41:06,859 [INFO] trainer: epoch 196 step 50/54 loss=1.3181 lr=1.37e-04
2026-07-16 08:41:08,168 [INFO] trainer: epoch 196 done train_loss=1.3134 dt=19.7s
2026-07-16 08:41:24,363 [INFO] trainer: epoch 197 step 50/54 loss=1.3652 lr=1.37e-04
2026-07-16 08:41:25,700 [INFO] trainer: epoch 197 done train_loss=1.3629 dt=17.5s
2026-07-16 08:41:42,622 [INFO] trainer: epoch 198 step 50/54 loss=1.3332 lr=1.36e-04
2026-07-16 08:41:43,748 [INFO] trainer: epoch 198 done train_loss=1.3294 dt=18.0s
2026-07-16 08:42:03,141 [INFO] trainer: epoch 199 step 50/54 loss=1.3668 lr=1.36e-04
2026-07-16 08:42:04,225 [INFO] trainer: epoch 199 done train_loss=1.3693 dt=20.5s
2026-07-16 08:42:23,052 [INFO] trainer: epoch 200 step 50/54 loss=1.3162 lr=1.35e-04
2026-07-16 08:42:24,668 [INFO] trainer: epoch 200 done train_loss=1.3125 dt=20.4s
2026-07-16 08:44:03,897 [INFO] trainer: epoch 200 val_mean_dice=0.7247
2026-07-16 08:44:22,375 [INFO] trainer: epoch 201 step 50/54 loss=1.3196 lr=1.34e-04
2026-07-16 08:44:23,591 [INFO] trainer: epoch 201 done train_loss=1.3226 dt=19.0s
2026-07-16 08:44:43,024 [INFO] trainer: epoch 202 step 50/54 loss=1.3254 lr=1.34e-04
2026-07-16 08:44:44,232 [INFO] trainer: epoch 202 done train_loss=1.3327 dt=20.6s
2026-07-16 08:45:03,625 [INFO] trainer: epoch 203 step 50/54 loss=1.3323 lr=1.33e-04
2026-07-16 08:45:04,789 [INFO] trainer: epoch 203 done train_loss=1.3342 dt=20.6s
2026-07-16 08:45:24,737 [INFO] trainer: epoch 204 step 50/54 loss=1.3259 lr=1.33e-04
2026-07-16 08:45:26,258 [INFO] trainer: epoch 204 done train_loss=1.3146 dt=21.5s
2026-07-16 08:45:45,649 [INFO] trainer: epoch 205 step 50/54 loss=1.2752 lr=1.32e-04
2026-07-16 08:45:46,792 [INFO] trainer: epoch 205 done train_loss=1.2784 dt=20.5s
2026-07-16 08:46:11,586 [INFO] trainer: epoch 206 step 50/54 loss=1.3240 lr=1.31e-04
2026-07-16 08:46:13,194 [INFO] trainer: epoch 206 done train_loss=1.3094 dt=26.4s
2026-07-16 08:46:30,240 [INFO] trainer: epoch 207 step 50/54 loss=1.3450 lr=1.31e-04
2026-07-16 08:46:32,479 [INFO] trainer: epoch 207 done train_loss=1.3431 dt=19.3s
2026-07-16 08:46:51,505 [INFO] trainer: epoch 208 step 50/54 loss=1.2861 lr=1.30e-04
2026-07-16 08:46:52,580 [INFO] trainer: epoch 208 done train_loss=1.2986 dt=20.1s
2026-07-16 08:47:10,180 [INFO] trainer: epoch 209 step 50/54 loss=1.3482 lr=1.29e-04
2026-07-16 08:47:11,403 [INFO] trainer: epoch 209 done train_loss=1.3293 dt=18.8s
2026-07-16 08:47:28,500 [INFO] trainer: epoch 210 step 50/54 loss=1.2942 lr=1.29e-04
2026-07-16 08:47:29,741 [INFO] trainer: epoch 210 done train_loss=1.2982 dt=18.3s
2026-07-16 08:47:46,865 [INFO] trainer: epoch 211 step 50/54 loss=1.2757 lr=1.28e-04
2026-07-16 08:47:47,979 [INFO] trainer: epoch 211 done train_loss=1.2928 dt=17.9s
2026-07-16 08:48:05,373 [INFO] trainer: epoch 212 step 50/54 loss=1.3443 lr=1.28e-04
2026-07-16 08:48:06,531 [INFO] trainer: epoch 212 done train_loss=1.3350 dt=18.6s
2026-07-16 08:48:23,052 [INFO] trainer: epoch 213 step 50/54 loss=1.3104 lr=1.27e-04
2026-07-16 08:48:24,616 [INFO] trainer: epoch 213 done train_loss=1.3129 dt=18.1s
2026-07-16 08:48:41,566 [INFO] trainer: epoch 214 step 50/54 loss=1.2980 lr=1.26e-04
2026-07-16 08:48:42,699 [INFO] trainer: epoch 214 done train_loss=1.3041 dt=18.1s
2026-07-16 08:49:00,215 [INFO] trainer: epoch 215 step 50/54 loss=1.3569 lr=1.26e-04
2026-07-16 08:49:01,378 [INFO] trainer: epoch 215 done train_loss=1.3529 dt=18.7s
2026-07-16 08:49:19,102 [INFO] trainer: epoch 216 step 50/54 loss=1.3187 lr=1.25e-04
2026-07-16 08:49:20,473 [INFO] trainer: epoch 216 done train_loss=1.3126 dt=19.1s
2026-07-16 08:49:37,109 [INFO] trainer: epoch 217 step 50/54 loss=1.3136 lr=1.25e-04
2026-07-16 08:49:38,523 [INFO] trainer: epoch 217 done train_loss=1.2967 dt=18.0s
2026-07-16 08:49:55,055 [INFO] trainer: epoch 218 step 50/54 loss=1.3158 lr=1.24e-04
2026-07-16 08:49:57,017 [INFO] trainer: epoch 218 done train_loss=1.3128 dt=18.5s
2026-07-16 08:50:16,326 [INFO] trainer: epoch 219 step 50/54 loss=1.3062 lr=1.23e-04
2026-07-16 08:50:17,393 [INFO] trainer: epoch 219 done train_loss=1.3160 dt=20.4s
2026-07-16 08:50:34,953 [INFO] trainer: epoch 220 step 50/54 loss=1.3022 lr=1.23e-04
2026-07-16 08:50:36,248 [INFO] trainer: epoch 220 done train_loss=1.3067 dt=18.9s
2026-07-16 08:50:57,169 [INFO] trainer: epoch 221 step 50/54 loss=1.2965 lr=1.22e-04
2026-07-16 08:50:59,260 [INFO] trainer: epoch 221 done train_loss=1.2849 dt=22.6s
2026-07-16 08:51:16,078 [INFO] trainer: epoch 222 step 50/54 loss=1.3066 lr=1.21e-04
2026-07-16 08:51:17,366 [INFO] trainer: epoch 222 done train_loss=1.2954 dt=18.1s
2026-07-16 08:51:34,768 [INFO] trainer: epoch 223 step 50/54 loss=1.3429 lr=1.21e-04
2026-07-16 08:51:35,852 [INFO] trainer: epoch 223 done train_loss=1.3296 dt=18.5s
2026-07-16 08:51:52,276 [INFO] trainer: epoch 224 step 50/54 loss=1.2959 lr=1.20e-04
2026-07-16 08:51:54,195 [INFO] trainer: epoch 224 done train_loss=1.2964 dt=18.3s
2026-07-16 08:52:11,920 [INFO] trainer: epoch 225 step 50/54 loss=1.3029 lr=1.20e-04
2026-07-16 08:52:13,666 [INFO] trainer: epoch 225 done train_loss=1.2990 dt=19.5s
2026-07-16 08:53:52,810 [INFO] trainer: epoch 225 val_mean_dice=0.7279
2026-07-16 08:54:09,698 [INFO] trainer: epoch 226 step 50/54 loss=1.3345 lr=1.19e-04
2026-07-16 08:54:11,185 [INFO] trainer: epoch 226 done train_loss=1.3172 dt=17.9s
2026-07-16 08:54:28,629 [INFO] trainer: epoch 227 step 50/54 loss=1.3115 lr=1.18e-04
2026-07-16 08:54:29,725 [INFO] trainer: epoch 227 done train_loss=1.3095 dt=18.5s
2026-07-16 08:54:46,227 [INFO] trainer: epoch 228 step 50/54 loss=1.2898 lr=1.18e-04
2026-07-16 08:54:47,433 [INFO] trainer: epoch 228 done train_loss=1.2837 dt=17.7s
2026-07-16 08:55:03,323 [INFO] trainer: epoch 229 step 50/54 loss=1.2660 lr=1.17e-04
2026-07-16 08:55:04,615 [INFO] trainer: epoch 229 done train_loss=1.2514 dt=17.2s
2026-07-16 08:55:22,157 [INFO] trainer: epoch 230 step 50/54 loss=1.2612 lr=1.16e-04
2026-07-16 08:55:23,764 [INFO] trainer: epoch 230 done train_loss=1.2503 dt=19.1s
2026-07-16 08:55:39,767 [INFO] trainer: epoch 231 step 50/54 loss=1.2753 lr=1.16e-04
2026-07-16 08:55:40,849 [INFO] trainer: epoch 231 done train_loss=1.2755 dt=16.8s
2026-07-16 08:55:58,035 [INFO] trainer: epoch 232 step 50/54 loss=1.2933 lr=1.15e-04
2026-07-16 08:55:59,354 [INFO] trainer: epoch 232 done train_loss=1.2910 dt=18.5s
2026-07-16 08:56:16,378 [INFO] trainer: epoch 233 step 50/54 loss=1.2951 lr=1.15e-04
2026-07-16 08:56:17,830 [INFO] trainer: epoch 233 done train_loss=1.2842 dt=18.5s
2026-07-16 08:56:35,102 [INFO] trainer: epoch 234 step 50/54 loss=1.2701 lr=1.14e-04
2026-07-16 08:56:36,319 [INFO] trainer: epoch 234 done train_loss=1.2578 dt=18.5s
2026-07-16 08:56:54,750 [INFO] trainer: epoch 235 step 50/54 loss=1.2647 lr=1.13e-04
2026-07-16 08:56:55,940 [INFO] trainer: epoch 235 done train_loss=1.2751 dt=19.6s
2026-07-16 08:57:12,215 [INFO] trainer: epoch 236 step 50/54 loss=1.2903 lr=1.13e-04
2026-07-16 08:57:13,285 [INFO] trainer: epoch 236 done train_loss=1.2948 dt=17.3s
2026-07-16 08:57:29,528 [INFO] trainer: epoch 237 step 50/54 loss=1.2455 lr=1.12e-04
2026-07-16 08:57:31,091 [INFO] trainer: epoch 237 done train_loss=1.2543 dt=17.8s
2026-07-16 08:57:47,332 [INFO] trainer: epoch 238 step 50/54 loss=1.3153 lr=1.11e-04
2026-07-16 08:57:48,550 [INFO] trainer: epoch 238 done train_loss=1.3055 dt=17.5s
2026-07-16 08:58:03,929 [INFO] trainer: epoch 239 step 50/54 loss=1.2976 lr=1.11e-04
2026-07-16 08:58:05,089 [INFO] trainer: epoch 239 done train_loss=1.2841 dt=16.5s
2026-07-16 08:58:21,074 [INFO] trainer: epoch 240 step 50/54 loss=1.2916 lr=1.10e-04
2026-07-16 08:58:22,218 [INFO] trainer: epoch 240 done train_loss=1.2783 dt=17.1s
2026-07-16 08:58:40,282 [INFO] trainer: epoch 241 step 50/54 loss=1.2716 lr=1.09e-04
2026-07-16 08:58:41,660 [INFO] trainer: epoch 241 done train_loss=1.2648 dt=19.1s
2026-07-16 08:58:58,262 [INFO] trainer: epoch 242 step 50/54 loss=1.2723 lr=1.09e-04
2026-07-16 08:58:59,609 [INFO] trainer: epoch 242 done train_loss=1.2896 dt=17.9s
2026-07-16 08:59:18,474 [INFO] trainer: epoch 243 step 50/54 loss=1.2779 lr=1.08e-04
2026-07-16 08:59:19,552 [INFO] trainer: epoch 243 done train_loss=1.2874 dt=19.9s
2026-07-16 08:59:35,940 [INFO] trainer: epoch 244 step 50/54 loss=1.3082 lr=1.08e-04
2026-07-16 08:59:37,039 [INFO] trainer: epoch 244 done train_loss=1.3188 dt=17.5s
2026-07-16 08:59:54,546 [INFO] trainer: epoch 245 step 50/54 loss=1.2464 lr=1.07e-04
2026-07-16 08:59:55,682 [INFO] trainer: epoch 245 done train_loss=1.2469 dt=18.6s
2026-07-16 09:00:13,593 [INFO] trainer: epoch 246 step 50/54 loss=1.2850 lr=1.06e-04
2026-07-16 09:00:14,690 [INFO] trainer: epoch 246 done train_loss=1.2784 dt=19.0s
2026-07-16 09:00:31,189 [INFO] trainer: epoch 247 step 50/54 loss=1.2355 lr=1.06e-04
2026-07-16 09:00:32,360 [INFO] trainer: epoch 247 done train_loss=1.2424 dt=17.7s
2026-07-16 09:00:48,439 [INFO] trainer: epoch 248 step 50/54 loss=1.3077 lr=1.05e-04
2026-07-16 09:00:49,694 [INFO] trainer: epoch 248 done train_loss=1.2999 dt=17.3s
2026-07-16 09:01:20,183 [INFO] trainer: epoch 249 step 50/54 loss=1.2678 lr=1.04e-04
2026-07-16 09:01:21,955 [INFO] trainer: epoch 249 done train_loss=1.2737 dt=32.3s
2026-07-16 09:01:42,243 [INFO] trainer: epoch 250 step 50/54 loss=1.2798 lr=1.04e-04
2026-07-16 09:01:43,438 [INFO] trainer: epoch 250 done train_loss=1.2840 dt=21.5s
2026-07-16 09:03:42,657 [INFO] trainer: epoch 250 val_mean_dice=0.7321
2026-07-16 09:04:01,597 [INFO] trainer: epoch 251 step 50/54 loss=1.2923 lr=1.03e-04
2026-07-16 09:04:02,734 [INFO] trainer: epoch 251 done train_loss=1.2909 dt=18.8s
2026-07-16 09:04:19,324 [INFO] trainer: epoch 252 step 50/54 loss=1.2924 lr=1.02e-04
2026-07-16 09:04:20,663 [INFO] trainer: epoch 252 done train_loss=1.2892 dt=17.9s
2026-07-16 09:04:38,493 [INFO] trainer: epoch 253 step 50/54 loss=1.2651 lr=1.02e-04
2026-07-16 09:04:39,660 [INFO] trainer: epoch 253 done train_loss=1.2630 dt=19.0s
2026-07-16 09:04:55,811 [INFO] trainer: epoch 254 step 50/54 loss=1.2798 lr=1.01e-04
2026-07-16 09:04:56,983 [INFO] trainer: epoch 254 done train_loss=1.2757 dt=17.3s
2026-07-16 09:05:14,725 [INFO] trainer: epoch 255 step 50/54 loss=1.2494 lr=1.01e-04
2026-07-16 09:05:15,968 [INFO] trainer: epoch 255 done train_loss=1.2584 dt=19.0s
2026-07-16 09:05:31,436 [INFO] trainer: epoch 256 step 50/54 loss=1.2544 lr=9.99e-05
2026-07-16 09:05:32,544 [INFO] trainer: epoch 256 done train_loss=1.2697 dt=16.6s
2026-07-16 09:05:49,527 [INFO] trainer: epoch 257 step 50/54 loss=1.2768 lr=9.93e-05
2026-07-16 09:05:50,642 [INFO] trainer: epoch 257 done train_loss=1.2854 dt=18.1s
2026-07-16 09:06:07,591 [INFO] trainer: epoch 258 step 50/54 loss=1.2853 lr=9.86e-05
2026-07-16 09:06:08,674 [INFO] trainer: epoch 258 done train_loss=1.2731 dt=18.0s
2026-07-16 09:06:24,705 [INFO] trainer: epoch 259 step 50/54 loss=1.2478 lr=9.80e-05
2026-07-16 09:06:25,768 [INFO] trainer: epoch 259 done train_loss=1.2605 dt=17.1s
2026-07-16 09:06:42,483 [INFO] trainer: epoch 260 step 50/54 loss=1.2416 lr=9.74e-05
2026-07-16 09:06:43,750 [INFO] trainer: epoch 260 done train_loss=1.2427 dt=18.0s
2026-07-16 09:07:00,181 [INFO] trainer: epoch 261 step 50/54 loss=1.2899 lr=9.67e-05
2026-07-16 09:07:01,779 [INFO] trainer: epoch 261 done train_loss=1.2897 dt=17.7s
2026-07-16 09:07:18,359 [INFO] trainer: epoch 262 step 50/54 loss=1.3142 lr=9.61e-05
2026-07-16 09:07:19,547 [INFO] trainer: epoch 262 done train_loss=1.3126 dt=17.8s
2026-07-16 09:07:35,260 [INFO] trainer: epoch 263 step 50/54 loss=1.2389 lr=9.54e-05
2026-07-16 09:07:36,517 [INFO] trainer: epoch 263 done train_loss=1.2362 dt=17.0s
2026-07-16 09:07:54,969 [INFO] trainer: epoch 264 step 50/54 loss=1.2772 lr=9.48e-05
2026-07-16 09:07:56,196 [INFO] trainer: epoch 264 done train_loss=1.2667 dt=19.7s
2026-07-16 09:08:12,057 [INFO] trainer: epoch 265 step 50/54 loss=1.2694 lr=9.42e-05
2026-07-16 09:08:13,278 [INFO] trainer: epoch 265 done train_loss=1.2593 dt=17.1s
2026-07-16 09:08:29,789 [INFO] trainer: epoch 266 step 50/54 loss=1.2009 lr=9.35e-05
2026-07-16 09:08:31,500 [INFO] trainer: epoch 266 done train_loss=1.2289 dt=18.2s
2026-07-16 09:08:51,567 [INFO] trainer: epoch 267 step 50/54 loss=1.2667 lr=9.29e-05
2026-07-16 09:08:55,616 [INFO] trainer: epoch 267 done train_loss=1.2672 dt=24.1s
2026-07-16 09:09:13,538 [INFO] trainer: epoch 268 step 50/54 loss=1.2564 lr=9.23e-05
2026-07-16 09:09:14,971 [INFO] trainer: epoch 268 done train_loss=1.2683 dt=19.4s
2026-07-16 09:09:32,279 [INFO] trainer: epoch 269 step 50/54 loss=1.2302 lr=9.16e-05
2026-07-16 09:09:33,432 [INFO] trainer: epoch 269 done train_loss=1.2278 dt=18.5s
2026-07-16 09:09:53,850 [INFO] trainer: epoch 270 step 50/54 loss=1.2216 lr=9.10e-05
2026-07-16 09:09:54,912 [INFO] trainer: epoch 270 done train_loss=1.2154 dt=21.5s
2026-07-16 09:10:33,291 [INFO] trainer: epoch 271 step 50/54 loss=1.3011 lr=9.04e-05
2026-07-16 09:10:34,814 [INFO] trainer: epoch 271 done train_loss=1.2993 dt=39.6s
2026-07-16 09:10:56,352 [INFO] trainer: epoch 272 step 50/54 loss=1.2577 lr=8.97e-05
2026-07-16 09:10:58,987 [INFO] trainer: epoch 272 done train_loss=1.2607 dt=24.2s
2026-07-16 09:11:24,264 [INFO] trainer: epoch 273 step 50/54 loss=1.3040 lr=8.91e-05
2026-07-16 09:11:26,804 [INFO] trainer: epoch 273 done train_loss=1.3021 dt=27.8s
2026-07-16 09:11:50,289 [INFO] trainer: epoch 274 step 50/54 loss=1.2744 lr=8.85e-05
2026-07-16 09:11:51,355 [INFO] trainer: epoch 274 done train_loss=1.2772 dt=24.5s
2026-07-16 09:12:37,262 [INFO] trainer: epoch 275 step 50/54 loss=1.2322 lr=8.78e-05
2026-07-16 09:12:38,330 [INFO] trainer: epoch 275 done train_loss=1.2264 dt=47.0s
2026-07-16 09:15:09,189 [INFO] trainer: epoch 275 val_mean_dice=0.7422
2026-07-16 09:15:33,147 [INFO] trainer: epoch 276 step 50/54 loss=1.2651 lr=8.72e-05
2026-07-16 09:15:35,445 [INFO] trainer: epoch 276 done train_loss=1.2619 dt=25.7s
2026-07-16 09:16:06,835 [INFO] trainer: epoch 277 step 50/54 loss=1.2895 lr=8.66e-05
2026-07-16 09:16:09,024 [INFO] trainer: epoch 277 done train_loss=1.2833 dt=33.6s
2026-07-16 09:16:44,667 [INFO] trainer: epoch 278 step 50/54 loss=1.2731 lr=8.59e-05
2026-07-16 09:16:45,742 [INFO] trainer: epoch 278 done train_loss=1.2645 dt=36.7s
2026-07-16 09:17:24,876 [INFO] trainer: epoch 279 step 50/54 loss=1.2430 lr=8.53e-05
2026-07-16 09:17:26,955 [INFO] trainer: epoch 279 done train_loss=1.2490 dt=41.2s
2026-07-16 09:18:03,369 [INFO] trainer: epoch 280 step 50/54 loss=1.2283 lr=8.47e-05
2026-07-16 09:18:04,843 [INFO] trainer: epoch 280 done train_loss=1.2373 dt=37.9s
2026-07-16 09:18:28,880 [INFO] trainer: epoch 281 step 50/54 loss=1.2364 lr=8.40e-05
2026-07-16 09:18:31,184 [INFO] trainer: epoch 281 done train_loss=1.2447 dt=25.8s
2026-07-16 09:19:18,526 [INFO] trainer: epoch 282 step 50/54 loss=1.2813 lr=8.34e-05
2026-07-16 09:19:20,559 [INFO] trainer: epoch 282 done train_loss=1.2983 dt=49.4s
2026-07-16 09:19:46,840 [INFO] trainer: epoch 283 step 50/54 loss=1.2533 lr=8.28e-05
2026-07-16 09:19:48,280 [INFO] trainer: epoch 283 done train_loss=1.2602 dt=27.7s
2026-07-16 09:20:29,232 [INFO] trainer: epoch 284 step 50/54 loss=1.2729 lr=8.22e-05
2026-07-16 09:20:44,057 [INFO] trainer: epoch 284 done train_loss=1.2671 dt=55.8s
2026-07-16 09:21:10,335 [INFO] trainer: epoch 285 step 50/54 loss=1.2422 lr=8.15e-05
2026-07-16 09:21:13,785 [INFO] trainer: epoch 285 done train_loss=1.2293 dt=29.7s
2026-07-16 09:21:34,798 [INFO] trainer: epoch 286 step 50/54 loss=1.2526 lr=8.09e-05
2026-07-16 09:21:36,010 [INFO] trainer: epoch 286 done train_loss=1.2451 dt=22.2s
2026-07-16 09:22:01,409 [INFO] trainer: epoch 287 step 50/54 loss=1.2311 lr=8.03e-05
2026-07-16 09:22:03,652 [INFO] trainer: epoch 287 done train_loss=1.2235 dt=27.6s
2026-07-16 09:22:31,077 [INFO] trainer: epoch 288 step 50/54 loss=1.2469 lr=7.97e-05
2026-07-16 09:22:32,423 [INFO] trainer: epoch 288 done train_loss=1.2397 dt=28.8s
2026-07-16 09:23:14,639 [INFO] trainer: epoch 289 step 50/54 loss=1.3101 lr=7.90e-05
2026-07-16 09:23:15,803 [INFO] trainer: epoch 289 done train_loss=1.3012 dt=43.4s
2026-07-16 09:23:57,861 [INFO] trainer: epoch 290 step 50/54 loss=1.2938 lr=7.84e-05
2026-07-16 09:23:59,550 [INFO] trainer: epoch 290 done train_loss=1.2904 dt=43.7s
2026-07-16 09:24:21,602 [INFO] trainer: epoch 291 step 50/54 loss=1.2500 lr=7.78e-05
2026-07-16 09:24:22,667 [INFO] trainer: epoch 291 done train_loss=1.2463 dt=22.6s
2026-07-16 09:24:41,631 [INFO] trainer: epoch 292 step 50/54 loss=1.2548 lr=7.72e-05
2026-07-16 09:24:43,417 [INFO] trainer: epoch 292 done train_loss=1.2473 dt=20.7s
2026-07-16 09:26:03,082 [INFO] trainer: epoch 293 step 50/54 loss=1.2291 lr=7.65e-05
2026-07-16 09:26:06,179 [INFO] trainer: epoch 293 done train_loss=1.2371 dt=82.8s
2026-07-16 09:26:29,458 [INFO] trainer: epoch 294 step 50/54 loss=1.2036 lr=7.59e-05
2026-07-16 09:26:32,606 [INFO] trainer: epoch 294 done train_loss=1.2091 dt=26.4s
2026-07-16 09:27:35,650 [INFO] trainer: epoch 295 step 50/54 loss=1.2204 lr=7.53e-05
2026-07-16 09:27:37,596 [INFO] trainer: epoch 295 done train_loss=1.2353 dt=65.0s
2026-07-16 09:31:21,214 [INFO] trainer: epoch 296 step 50/54 loss=1.2710 lr=7.47e-05
2026-07-16 09:31:22,929 [INFO] trainer: epoch 296 done train_loss=1.2787 dt=225.3s
2026-07-16 09:32:18,281 [INFO] trainer: epoch 297 step 50/54 loss=1.2207 lr=7.41e-05
2026-07-16 09:32:20,326 [INFO] trainer: epoch 297 done train_loss=1.2298 dt=57.4s
2026-07-16 09:33:31,824 [INFO] trainer: epoch 298 step 50/54 loss=1.2023 lr=7.35e-05
2026-07-16 09:33:32,894 [INFO] trainer: epoch 298 done train_loss=1.2008 dt=72.6s
2026-07-16 09:33:50,711 [INFO] trainer: epoch 299 step 50/54 loss=1.2382 lr=7.28e-05
2026-07-16 09:33:51,773 [INFO] trainer: epoch 299 done train_loss=1.2541 dt=18.9s
2026-07-16 09:34:30,434 [INFO] trainer: epoch 300 step 50/54 loss=1.2744 lr=7.22e-05
2026-07-16 09:34:32,127 [INFO] trainer: epoch 300 done train_loss=1.2655 dt=40.4s
2026-07-16 09:37:04,869 [INFO] trainer: epoch 300 val_mean_dice=0.7464
2026-07-16 09:37:30,392 [INFO] trainer: epoch 301 step 50/54 loss=1.2161 lr=7.16e-05
2026-07-16 09:37:31,452 [INFO] trainer: epoch 301 done train_loss=1.2272 dt=25.9s
2026-07-16 09:38:34,148 [INFO] trainer: epoch 302 step 50/54 loss=1.2118 lr=7.10e-05
2026-07-16 09:38:42,297 [INFO] trainer: epoch 302 done train_loss=1.2063 dt=70.8s
2026-07-16 09:39:19,667 [INFO] trainer: epoch 303 step 50/54 loss=1.2707 lr=7.04e-05
2026-07-16 09:39:20,995 [INFO] trainer: epoch 303 done train_loss=1.2873 dt=38.7s
2026-07-16 09:40:20,713 [INFO] trainer: epoch 304 step 50/54 loss=1.2228 lr=6.98e-05
2026-07-16 09:40:21,775 [INFO] trainer: epoch 304 done train_loss=1.2227 dt=60.8s
2026-07-16 09:42:03,371 [INFO] trainer: epoch 305 step 50/54 loss=1.2812 lr=6.92e-05
2026-07-16 09:42:15,858 [INFO] trainer: epoch 305 done train_loss=1.2839 dt=114.1s
2026-07-16 09:43:22,875 [INFO] trainer: epoch 306 step 50/54 loss=1.2423 lr=6.86e-05
2026-07-16 09:43:24,616 [INFO] trainer: epoch 306 done train_loss=1.2397 dt=68.8s
2026-07-16 09:43:59,366 [INFO] trainer: epoch 307 step 50/54 loss=1.2943 lr=6.80e-05
2026-07-16 09:44:00,630 [INFO] trainer: epoch 307 done train_loss=1.2879 dt=36.0s
2026-07-16 09:44:27,409 [INFO] trainer: epoch 308 step 50/54 loss=1.2275 lr=6.74e-05
2026-07-16 09:44:28,470 [INFO] trainer: epoch 308 done train_loss=1.2543 dt=27.8s
2026-07-16 09:45:06,956 [INFO] trainer: epoch 309 step 50/54 loss=1.2311 lr=6.68e-05
2026-07-16 09:45:11,577 [INFO] trainer: epoch 309 done train_loss=1.2289 dt=43.1s
2026-07-16 09:45:46,137 [INFO] trainer: epoch 310 step 50/54 loss=1.2733 lr=6.62e-05
2026-07-16 09:45:47,628 [INFO] trainer: epoch 310 done train_loss=1.2691 dt=36.1s
2026-07-16 09:46:13,791 [INFO] trainer: epoch 311 step 50/54 loss=1.2740 lr=6.56e-05
2026-07-16 09:46:15,520 [INFO] trainer: epoch 311 done train_loss=1.2786 dt=27.0s
2026-07-16 09:46:47,740 [INFO] trainer: epoch 312 step 50/54 loss=1.2893 lr=6.50e-05
2026-07-16 09:46:49,673 [INFO] trainer: epoch 312 done train_loss=1.2699 dt=34.2s
2026-07-16 09:47:14,847 [INFO] trainer: epoch 313 step 50/54 loss=1.2330 lr=6.44e-05
2026-07-16 09:47:16,710 [INFO] trainer: epoch 313 done train_loss=1.2253 dt=27.0s
2026-07-16 09:47:38,479 [INFO] trainer: epoch 314 step 50/54 loss=1.2570 lr=6.38e-05
2026-07-16 09:47:40,702 [INFO] trainer: epoch 314 done train_loss=1.2630 dt=24.0s
2026-07-16 09:48:06,019 [INFO] trainer: epoch 315 step 50/54 loss=1.2469 lr=6.32e-05
2026-07-16 09:48:08,053 [INFO] trainer: epoch 315 done train_loss=1.2424 dt=27.4s
2026-07-16 09:48:47,135 [INFO] trainer: epoch 316 step 50/54 loss=1.2267 lr=6.26e-05
2026-07-16 09:48:49,234 [INFO] trainer: epoch 316 done train_loss=1.2389 dt=41.2s
2026-07-16 09:49:14,563 [INFO] trainer: epoch 317 step 50/54 loss=1.2352 lr=6.20e-05
2026-07-16 09:49:17,943 [INFO] trainer: epoch 317 done train_loss=1.2346 dt=28.7s
2026-07-16 09:49:44,020 [INFO] trainer: epoch 318 step 50/54 loss=1.2615 lr=6.14e-05
2026-07-16 09:49:49,529 [INFO] trainer: epoch 318 done train_loss=1.2730 dt=31.6s
2026-07-16 09:50:34,132 [INFO] trainer: epoch 319 step 50/54 loss=1.2654 lr=6.09e-05
2026-07-16 09:50:36,312 [INFO] trainer: epoch 319 done train_loss=1.2600 dt=46.8s
2026-07-16 09:51:05,168 [INFO] trainer: epoch 320 step 50/54 loss=1.2272 lr=6.03e-05
2026-07-16 09:51:06,682 [INFO] trainer: epoch 320 done train_loss=1.2167 dt=30.4s
2026-07-16 09:51:37,870 [INFO] trainer: epoch 321 step 50/54 loss=1.2319 lr=5.97e-05
2026-07-16 09:51:40,910 [INFO] trainer: epoch 321 done train_loss=1.2311 dt=33.9s
2026-07-16 09:52:56,354 [INFO] trainer: epoch 322 step 50/54 loss=1.2482 lr=5.91e-05
2026-07-16 09:53:15,018 [INFO] trainer: epoch 322 done train_loss=1.2385 dt=94.1s
2026-07-16 09:58:17,047 [INFO] trainer: epoch 323 step 50/54 loss=1.2109 lr=5.85e-05
2026-07-16 09:58:18,739 [INFO] trainer: epoch 323 done train_loss=1.2061 dt=303.7s
2026-07-16 10:01:15,292 [INFO] trainer: epoch 324 step 50/54 loss=1.2354 lr=5.79e-05
2026-07-16 10:01:22,586 [INFO] trainer: epoch 324 done train_loss=1.2645 dt=183.8s
2026-07-16 10:02:09,313 [INFO] trainer: epoch 325 step 50/54 loss=1.2545 lr=5.74e-05
2026-07-16 10:02:13,294 [INFO] trainer: epoch 325 done train_loss=1.2546 dt=50.7s
2026-07-16 10:10:19,206 [INFO] trainer: epoch 325 val_mean_dice=0.7507
2026-07-16 10:10:42,671 [INFO] trainer: epoch 326 step 50/54 loss=1.2351 lr=5.68e-05
2026-07-16 10:10:44,303 [INFO] trainer: epoch 326 done train_loss=1.2218 dt=24.2s
2026-07-16 10:11:06,269 [INFO] trainer: epoch 327 step 50/54 loss=1.2364 lr=5.62e-05
2026-07-16 10:11:07,362 [INFO] trainer: epoch 327 done train_loss=1.2350 dt=23.1s
2026-07-16 10:11:47,708 [INFO] trainer: epoch 328 step 50/54 loss=1.2508 lr=5.57e-05
2026-07-16 10:11:53,826 [INFO] trainer: epoch 328 done train_loss=1.2541 dt=46.5s
2026-07-16 10:13:16,696 [INFO] trainer: epoch 329 step 50/54 loss=1.2219 lr=5.51e-05
2026-07-16 10:13:18,713 [INFO] trainer: epoch 329 done train_loss=1.2082 dt=84.9s
2026-07-16 10:14:06,187 [INFO] trainer: epoch 330 step 50/54 loss=1.2909 lr=5.45e-05
2026-07-16 10:14:10,355 [INFO] trainer: epoch 330 done train_loss=1.2805 dt=51.6s
2026-07-16 10:15:13,512 [INFO] trainer: epoch 331 step 50/54 loss=1.2382 lr=5.40e-05
2026-07-16 10:15:14,637 [INFO] trainer: epoch 331 done train_loss=1.2366 dt=64.0s
2026-07-16 10:15:38,568 [INFO] trainer: epoch 332 step 50/54 loss=1.2140 lr=5.34e-05
2026-07-16 10:15:39,622 [INFO] trainer: epoch 332 done train_loss=1.2184 dt=25.0s
2026-07-16 10:16:20,394 [INFO] trainer: epoch 333 step 50/54 loss=1.1949 lr=5.28e-05
2026-07-16 10:16:21,981 [INFO] trainer: epoch 333 done train_loss=1.2159 dt=42.4s
2026-07-16 10:17:21,441 [INFO] trainer: epoch 334 step 50/54 loss=1.2433 lr=5.23e-05
2026-07-16 10:17:22,774 [INFO] trainer: epoch 334 done train_loss=1.2369 dt=60.8s
2026-07-16 10:18:25,157 [INFO] trainer: epoch 335 step 50/54 loss=1.2388 lr=5.17e-05
2026-07-16 10:18:29,585 [INFO] trainer: epoch 335 done train_loss=1.2553 dt=66.8s
2026-07-16 10:22:30,608 [INFO] trainer: epoch 336 step 50/54 loss=1.2399 lr=5.12e-05
2026-07-16 10:22:31,682 [INFO] trainer: epoch 336 done train_loss=1.2436 dt=242.1s
2026-07-16 10:29:28,643 [INFO] trainer: epoch 337 step 50/54 loss=1.2389 lr=5.06e-05
2026-07-16 10:29:30,539 [INFO] trainer: epoch 337 done train_loss=1.2445 dt=418.9s
2026-07-16 10:34:35,293 [INFO] trainer: epoch 338 step 50/54 loss=1.2748 lr=5.01e-05
2026-07-16 10:34:36,450 [INFO] trainer: epoch 338 done train_loss=1.2667 dt=305.9s
2026-07-16 10:34:57,938 [INFO] trainer: epoch 339 step 50/54 loss=1.2705 lr=4.95e-05
2026-07-16 10:34:59,265 [INFO] trainer: epoch 339 done train_loss=1.2595 dt=22.8s
2026-07-16 10:43:31,561 [INFO] trainer: epoch 340 step 50/54 loss=1.2300 lr=4.90e-05
2026-07-16 10:43:54,641 [INFO] trainer: epoch 340 done train_loss=1.2362 dt=535.4s
2026-07-16 10:46:40,379 [INFO] trainer: epoch 341 step 50/54 loss=1.2055 lr=4.84e-05
2026-07-16 10:46:50,796 [INFO] trainer: epoch 341 done train_loss=1.1971 dt=175.9s
2026-07-16 10:50:01,071 [INFO] trainer: epoch 342 step 50/54 loss=1.1941 lr=4.79e-05
2026-07-16 10:50:19,087 [INFO] trainer: epoch 342 done train_loss=1.1940 dt=208.3s
2026-07-16 10:51:48,687 [INFO] trainer: epoch 343 step 50/54 loss=1.1988 lr=4.73e-05
2026-07-16 10:51:59,578 [INFO] trainer: epoch 343 done train_loss=1.1996 dt=100.5s
2026-07-16 10:52:48,530 [INFO] trainer: epoch 344 step 50/54 loss=1.2726 lr=4.68e-05
2026-07-16 10:52:49,955 [INFO] trainer: epoch 344 done train_loss=1.2657 dt=50.4s
2026-07-16 10:53:25,726 [INFO] trainer: epoch 345 step 50/54 loss=1.2452 lr=4.63e-05
2026-07-16 10:53:27,211 [INFO] trainer: epoch 345 done train_loss=1.2605 dt=37.3s
2026-07-16 10:53:46,658 [INFO] trainer: epoch 346 step 50/54 loss=1.2303 lr=4.57e-05
2026-07-16 10:53:50,677 [INFO] trainer: epoch 346 done train_loss=1.2304 dt=23.5s
2026-07-16 10:54:54,952 [INFO] trainer: epoch 347 step 50/54 loss=1.2399 lr=4.52e-05
2026-07-16 10:54:56,793 [INFO] trainer: epoch 347 done train_loss=1.2339 dt=66.1s
2026-07-16 10:55:14,902 [INFO] trainer: epoch 348 step 50/54 loss=1.2006 lr=4.47e-05
2026-07-16 10:55:15,967 [INFO] trainer: epoch 348 done train_loss=1.1982 dt=19.2s
2026-07-16 10:55:36,065 [INFO] trainer: epoch 349 step 50/54 loss=1.1854 lr=4.41e-05
2026-07-16 10:55:38,461 [INFO] trainer: epoch 349 done train_loss=1.1823 dt=22.5s
2026-07-16 10:56:09,199 [INFO] trainer: epoch 350 step 50/54 loss=1.2066 lr=4.36e-05
2026-07-16 10:56:10,484 [INFO] trainer: epoch 350 done train_loss=1.2103 dt=32.0s
2026-07-16 10:58:18,188 [INFO] trainer: epoch 350 val_mean_dice=0.7515
2026-07-16 10:58:47,602 [INFO] trainer: epoch 351 step 50/54 loss=1.2025 lr=4.31e-05
2026-07-16 10:58:49,840 [INFO] trainer: epoch 351 done train_loss=1.2206 dt=30.9s
2026-07-16 10:59:18,039 [INFO] trainer: epoch 352 step 50/54 loss=1.2126 lr=4.26e-05
2026-07-16 10:59:19,680 [INFO] trainer: epoch 352 done train_loss=1.2242 dt=29.8s
2026-07-16 10:59:52,599 [INFO] trainer: epoch 353 step 50/54 loss=1.2388 lr=4.21e-05
2026-07-16 10:59:53,788 [INFO] trainer: epoch 353 done train_loss=1.2248 dt=34.1s
2026-07-16 11:00:20,309 [INFO] trainer: epoch 354 step 50/54 loss=1.2438 lr=4.15e-05
2026-07-16 11:00:22,275 [INFO] trainer: epoch 354 done train_loss=1.2420 dt=28.5s
2026-07-16 11:00:44,926 [INFO] trainer: epoch 355 step 50/54 loss=1.1863 lr=4.10e-05
2026-07-16 11:00:46,019 [INFO] trainer: epoch 355 done train_loss=1.1925 dt=23.7s
2026-07-16 11:01:06,716 [INFO] trainer: epoch 356 step 50/54 loss=1.2036 lr=4.05e-05
2026-07-16 11:01:07,978 [INFO] trainer: epoch 356 done train_loss=1.2103 dt=22.0s
2026-07-16 11:02:22,551 [INFO] trainer: epoch 357 step 50/54 loss=1.1827 lr=4.00e-05
2026-07-16 11:02:24,642 [INFO] trainer: epoch 357 done train_loss=1.1966 dt=76.7s
2026-07-16 11:03:06,594 [INFO] trainer: epoch 358 step 50/54 loss=1.2165 lr=3.95e-05
2026-07-16 11:03:09,414 [INFO] trainer: epoch 358 done train_loss=1.2358 dt=44.8s
2026-07-16 11:03:49,056 [INFO] trainer: epoch 359 step 50/54 loss=1.2251 lr=3.90e-05
2026-07-16 11:03:50,631 [INFO] trainer: epoch 359 done train_loss=1.2309 dt=41.2s
2026-07-16 11:04:24,715 [INFO] trainer: epoch 360 step 50/54 loss=1.2277 lr=3.85e-05
2026-07-16 11:04:26,559 [INFO] trainer: epoch 360 done train_loss=1.2375 dt=35.9s
2026-07-16 11:04:48,721 [INFO] trainer: epoch 361 step 50/54 loss=1.2250 lr=3.80e-05
2026-07-16 11:04:50,137 [INFO] trainer: epoch 361 done train_loss=1.2178 dt=23.3s
2026-07-16 11:05:14,755 [INFO] trainer: epoch 362 step 50/54 loss=1.2214 lr=3.75e-05
2026-07-16 11:05:16,095 [INFO] trainer: epoch 362 done train_loss=1.2301 dt=26.0s
2026-07-16 11:05:51,518 [INFO] trainer: epoch 363 step 50/54 loss=1.2080 lr=3.70e-05
2026-07-16 11:05:52,745 [INFO] trainer: epoch 363 done train_loss=1.2027 dt=36.6s
2026-07-16 11:06:12,571 [INFO] trainer: epoch 364 step 50/54 loss=1.2384 lr=3.65e-05
2026-07-16 11:06:14,512 [INFO] trainer: epoch 364 done train_loss=1.2337 dt=21.8s
2026-07-16 11:06:35,128 [INFO] trainer: epoch 365 step 50/54 loss=1.2909 lr=3.60e-05
2026-07-16 11:06:36,653 [INFO] trainer: epoch 365 done train_loss=1.2831 dt=22.1s
2026-07-16 11:07:04,135 [INFO] trainer: epoch 366 step 50/54 loss=1.2244 lr=3.56e-05
2026-07-16 11:07:05,837 [INFO] trainer: epoch 366 done train_loss=1.2201 dt=29.2s
2026-07-16 11:07:40,926 [INFO] trainer: epoch 367 step 50/54 loss=1.2252 lr=3.51e-05
2026-07-16 11:07:43,238 [INFO] trainer: epoch 367 done train_loss=1.2193 dt=37.4s
2026-07-16 11:08:22,707 [INFO] trainer: epoch 368 step 50/54 loss=1.2044 lr=3.46e-05
2026-07-16 11:08:23,874 [INFO] trainer: epoch 368 done train_loss=1.1991 dt=40.6s
2026-07-16 11:08:46,895 [INFO] trainer: epoch 369 step 50/54 loss=1.2153 lr=3.41e-05
2026-07-16 11:08:49,674 [INFO] trainer: epoch 369 done train_loss=1.2265 dt=25.8s
2026-07-16 11:09:16,186 [INFO] trainer: epoch 370 step 50/54 loss=1.2144 lr=3.36e-05
2026-07-16 11:09:17,234 [INFO] trainer: epoch 370 done train_loss=1.2137 dt=27.6s
2026-07-16 11:09:42,357 [INFO] trainer: epoch 371 step 50/54 loss=1.1638 lr=3.32e-05
2026-07-16 11:09:44,150 [INFO] trainer: epoch 371 done train_loss=1.1864 dt=26.3s
2026-07-16 11:10:07,960 [INFO] trainer: epoch 372 step 50/54 loss=1.2204 lr=3.27e-05
2026-07-16 11:10:10,848 [INFO] trainer: epoch 372 done train_loss=1.2277 dt=26.7s
2026-07-16 11:10:41,336 [INFO] trainer: epoch 373 step 50/54 loss=1.2415 lr=3.22e-05
2026-07-16 11:10:44,036 [INFO] trainer: epoch 373 done train_loss=1.2233 dt=33.2s
2026-07-16 11:11:36,855 [INFO] trainer: epoch 374 step 50/54 loss=1.1702 lr=3.18e-05
2026-07-16 11:11:39,843 [INFO] trainer: epoch 374 done train_loss=1.1966 dt=55.8s
2026-07-16 11:12:15,296 [INFO] trainer: epoch 375 step 50/54 loss=1.2439 lr=3.13e-05
2026-07-16 11:12:16,468 [INFO] trainer: epoch 375 done train_loss=1.2271 dt=36.6s
2026-07-16 11:14:24,823 [INFO] trainer: epoch 375 val_mean_dice=0.7533
2026-07-16 11:14:56,614 [INFO] trainer: epoch 376 step 50/54 loss=1.1830 lr=3.09e-05
2026-07-16 11:14:58,177 [INFO] trainer: epoch 376 done train_loss=1.1835 dt=32.7s
2026-07-16 11:15:19,952 [INFO] trainer: epoch 377 step 50/54 loss=1.2303 lr=3.04e-05
2026-07-16 11:15:21,077 [INFO] trainer: epoch 377 done train_loss=1.2274 dt=22.9s
2026-07-16 11:15:41,211 [INFO] trainer: epoch 378 step 50/54 loss=1.1937 lr=3.00e-05
2026-07-16 11:15:42,972 [INFO] trainer: epoch 378 done train_loss=1.2009 dt=21.9s
2026-07-16 11:16:06,960 [INFO] trainer: epoch 379 step 50/54 loss=1.2052 lr=2.95e-05
2026-07-16 11:16:08,495 [INFO] trainer: epoch 379 done train_loss=1.2218 dt=25.5s
2026-07-16 11:16:30,816 [INFO] trainer: epoch 380 step 50/54 loss=1.2157 lr=2.91e-05
2026-07-16 11:16:33,223 [INFO] trainer: epoch 380 done train_loss=1.2157 dt=24.7s
2026-07-16 11:16:56,278 [INFO] trainer: epoch 381 step 50/54 loss=1.2227 lr=2.86e-05
2026-07-16 11:16:57,350 [INFO] trainer: epoch 381 done train_loss=1.2252 dt=23.8s
2026-07-16 11:17:19,455 [INFO] trainer: epoch 382 step 50/54 loss=1.2142 lr=2.82e-05
2026-07-16 11:17:21,490 [INFO] trainer: epoch 382 done train_loss=1.2176 dt=24.1s
2026-07-16 11:17:47,006 [INFO] trainer: epoch 383 step 50/54 loss=1.1542 lr=2.77e-05
2026-07-16 11:17:48,583 [INFO] trainer: epoch 383 done train_loss=1.1562 dt=27.1s
2026-07-16 11:18:16,340 [INFO] trainer: epoch 384 step 50/54 loss=1.2668 lr=2.73e-05
2026-07-16 11:18:18,145 [INFO] trainer: epoch 384 done train_loss=1.2541 dt=29.6s
2026-07-16 11:18:39,772 [INFO] trainer: epoch 385 step 50/54 loss=1.1853 lr=2.69e-05
2026-07-16 11:18:41,876 [INFO] trainer: epoch 385 done train_loss=1.1828 dt=23.7s
2026-07-16 11:19:01,936 [INFO] trainer: epoch 386 step 50/54 loss=1.2052 lr=2.64e-05
2026-07-16 11:19:03,435 [INFO] trainer: epoch 386 done train_loss=1.2210 dt=21.6s
2026-07-16 11:19:26,802 [INFO] trainer: epoch 387 step 50/54 loss=1.2346 lr=2.60e-05
2026-07-16 11:19:29,008 [INFO] trainer: epoch 387 done train_loss=1.2225 dt=25.6s
2026-07-16 11:20:01,903 [INFO] trainer: epoch 388 step 50/54 loss=1.2200 lr=2.56e-05
2026-07-16 11:20:03,206 [INFO] trainer: epoch 388 done train_loss=1.2133 dt=34.2s
2026-07-16 11:20:28,057 [INFO] trainer: epoch 389 step 50/54 loss=1.1736 lr=2.52e-05
2026-07-16 11:20:30,736 [INFO] trainer: epoch 389 done train_loss=1.1838 dt=27.5s
2026-07-16 11:21:04,412 [INFO] trainer: epoch 390 step 50/54 loss=1.1566 lr=2.48e-05
2026-07-16 11:21:05,469 [INFO] trainer: epoch 390 done train_loss=1.1511 dt=34.7s
2026-07-16 11:21:33,186 [INFO] trainer: epoch 391 step 50/54 loss=1.2347 lr=2.44e-05
2026-07-16 11:21:35,921 [INFO] trainer: epoch 391 done train_loss=1.2310 dt=21.9s
2026-07-16 11:22:05,613 [INFO] trainer: epoch 392 step 50/54 loss=1.1956 lr=2.39e-05
2026-07-16 11:22:06,674 [INFO] trainer: epoch 392 done train_loss=1.1908 dt=30.8s
2026-07-16 11:22:36,077 [INFO] trainer: epoch 393 step 50/54 loss=1.1706 lr=2.35e-05
2026-07-16 11:22:37,630 [INFO] trainer: epoch 393 done train_loss=1.1614 dt=31.0s
2026-07-16 11:23:04,052 [INFO] trainer: epoch 394 step 50/54 loss=1.1935 lr=2.31e-05
2026-07-16 11:23:06,726 [INFO] trainer: epoch 394 done train_loss=1.1937 dt=29.1s
2026-07-16 11:23:26,189 [INFO] trainer: epoch 395 step 50/54 loss=1.2455 lr=2.27e-05
2026-07-16 11:23:27,457 [INFO] trainer: epoch 395 done train_loss=1.2352 dt=20.7s
2026-07-16 11:24:05,589 [INFO] trainer: epoch 396 step 50/54 loss=1.2220 lr=2.23e-05
2026-07-16 11:24:32,269 [INFO] trainer: epoch 396 done train_loss=1.2225 dt=64.8s
2026-07-16 11:24:56,808 [INFO] trainer: epoch 397 step 50/54 loss=1.2180 lr=2.19e-05
2026-07-16 11:24:59,419 [INFO] trainer: epoch 397 done train_loss=1.2295 dt=27.1s
2026-07-16 11:25:48,866 [INFO] trainer: epoch 398 step 50/54 loss=1.2339 lr=2.16e-05
2026-07-16 11:25:55,552 [INFO] trainer: epoch 398 done train_loss=1.2312 dt=56.1s
2026-07-16 11:26:20,827 [INFO] trainer: epoch 399 step 50/54 loss=1.1795 lr=2.12e-05
2026-07-16 11:26:24,056 [INFO] trainer: epoch 399 done train_loss=1.1748 dt=28.5s
2026-07-16 11:26:48,107 [INFO] trainer: epoch 400 step 50/54 loss=1.1827 lr=2.08e-05
2026-07-16 11:26:49,456 [INFO] trainer: epoch 400 done train_loss=1.1813 dt=25.4s
2026-07-16 11:30:00,355 [INFO] trainer: epoch 400 val_mean_dice=0.7561
2026-07-16 11:30:38,725 [INFO] trainer: epoch 401 step 50/54 loss=1.1980 lr=2.04e-05
2026-07-16 11:30:40,817 [INFO] trainer: epoch 401 done train_loss=1.1894 dt=35.6s
2026-07-16 11:31:01,828 [INFO] trainer: epoch 402 step 50/54 loss=1.2203 lr=2.00e-05
2026-07-16 11:31:03,600 [INFO] trainer: epoch 402 done train_loss=1.2147 dt=22.8s
2026-07-16 11:34:21,544 [INFO] trainer: epoch 403 step 50/54 loss=1.2068 lr=1.97e-05
2026-07-16 11:34:22,628 [INFO] trainer: epoch 403 done train_loss=1.2088 dt=199.0s
2026-07-16 11:34:50,609 [INFO] trainer: epoch 404 step 50/54 loss=1.1911 lr=1.93e-05
2026-07-16 11:34:54,467 [INFO] trainer: epoch 404 done train_loss=1.1908 dt=31.8s
2026-07-16 11:35:27,895 [INFO] trainer: epoch 405 step 50/54 loss=1.2078 lr=1.89e-05
2026-07-16 11:35:29,565 [INFO] trainer: epoch 405 done train_loss=1.2035 dt=35.1s
2026-07-16 11:36:06,302 [INFO] trainer: epoch 406 step 50/54 loss=1.2290 lr=1.86e-05
2026-07-16 11:36:07,910 [INFO] trainer: epoch 406 done train_loss=1.2322 dt=38.3s
2026-07-16 11:36:26,731 [INFO] trainer: epoch 407 step 50/54 loss=1.1679 lr=1.82e-05
2026-07-16 11:36:27,833 [INFO] trainer: epoch 407 done train_loss=1.1746 dt=19.9s
2026-07-16 11:36:49,667 [INFO] trainer: epoch 408 step 50/54 loss=1.2182 lr=1.78e-05
2026-07-16 11:36:50,742 [INFO] trainer: epoch 408 done train_loss=1.2276 dt=22.9s
2026-07-16 11:37:12,056 [INFO] trainer: epoch 409 step 50/54 loss=1.1972 lr=1.75e-05
2026-07-16 11:37:14,226 [INFO] trainer: epoch 409 done train_loss=1.2018 dt=23.5s
2026-07-16 11:37:34,886 [INFO] trainer: epoch 410 step 50/54 loss=1.2296 lr=1.71e-05
2026-07-16 11:37:36,058 [INFO] trainer: epoch 410 done train_loss=1.2238 dt=21.8s
2026-07-16 11:37:58,852 [INFO] trainer: epoch 411 step 50/54 loss=1.2088 lr=1.68e-05
2026-07-16 11:38:00,360 [INFO] trainer: epoch 411 done train_loss=1.2170 dt=24.0s
2026-07-16 11:38:31,845 [INFO] trainer: epoch 412 step 50/54 loss=1.2074 lr=1.64e-05
2026-07-16 11:38:32,908 [INFO] trainer: epoch 412 done train_loss=1.2116 dt=32.5s
2026-07-16 11:38:57,021 [INFO] trainer: epoch 413 step 50/54 loss=1.2045 lr=1.61e-05
2026-07-16 11:38:58,150 [INFO] trainer: epoch 413 done train_loss=1.2005 dt=25.2s
2026-07-16 11:39:18,402 [INFO] trainer: epoch 414 step 50/54 loss=1.1956 lr=1.58e-05
2026-07-16 11:39:19,679 [INFO] trainer: epoch 414 done train_loss=1.2118 dt=21.5s
2026-07-16 11:39:38,565 [INFO] trainer: epoch 415 step 50/54 loss=1.1886 lr=1.54e-05
2026-07-16 11:39:39,641 [INFO] trainer: epoch 415 done train_loss=1.1741 dt=20.0s
2026-07-16 11:39:58,014 [INFO] trainer: epoch 416 step 50/54 loss=1.1933 lr=1.51e-05
2026-07-16 11:39:59,094 [INFO] trainer: epoch 416 done train_loss=1.2022 dt=19.5s
2026-07-16 11:40:18,953 [INFO] trainer: epoch 417 step 50/54 loss=1.2382 lr=1.48e-05
2026-07-16 11:40:20,180 [INFO] trainer: epoch 417 done train_loss=1.2243 dt=21.1s
2026-07-16 11:40:40,425 [INFO] trainer: epoch 418 step 50/54 loss=1.2057 lr=1.45e-05
2026-07-16 11:40:42,463 [INFO] trainer: epoch 418 done train_loss=1.1845 dt=22.3s
2026-07-16 11:41:07,671 [INFO] trainer: epoch 419 step 50/54 loss=1.2708 lr=1.41e-05
2026-07-16 11:41:08,819 [INFO] trainer: epoch 419 done train_loss=1.2698 dt=26.4s
2026-07-16 11:41:35,972 [INFO] trainer: epoch 420 step 50/54 loss=1.1876 lr=1.38e-05
2026-07-16 11:41:37,215 [INFO] trainer: epoch 420 done train_loss=1.1865 dt=28.4s
2026-07-16 11:41:54,563 [INFO] trainer: epoch 421 step 50/54 loss=1.2065 lr=1.35e-05
2026-07-16 11:41:55,811 [INFO] trainer: epoch 421 done train_loss=1.2117 dt=18.3s
2026-07-16 11:42:26,276 [INFO] trainer: epoch 422 step 50/54 loss=1.1789 lr=1.32e-05
2026-07-16 11:42:28,186 [INFO] trainer: epoch 422 done train_loss=1.1722 dt=32.4s
2026-07-16 11:42:46,073 [INFO] trainer: epoch 423 step 50/54 loss=1.2536 lr=1.29e-05
2026-07-16 11:42:47,552 [INFO] trainer: epoch 423 done train_loss=1.2439 dt=19.4s
2026-07-16 11:43:09,181 [INFO] trainer: epoch 424 step 50/54 loss=1.2017 lr=1.26e-05
2026-07-16 11:43:10,671 [INFO] trainer: epoch 424 done train_loss=1.2017 dt=23.1s
2026-07-16 11:43:28,576 [INFO] trainer: epoch 425 step 50/54 loss=1.1287 lr=1.23e-05
2026-07-16 11:43:30,839 [INFO] trainer: epoch 425 done train_loss=1.1242 dt=20.2s
2026-07-16 11:46:38,551 [INFO] trainer: epoch 425 val_mean_dice=0.7572
2026-07-16 11:47:05,418 [INFO] trainer: epoch 426 step 50/54 loss=1.2622 lr=1.20e-05
2026-07-16 11:47:07,166 [INFO] trainer: epoch 426 done train_loss=1.2481 dt=27.6s
2026-07-16 11:47:26,717 [INFO] trainer: epoch 427 step 50/54 loss=1.2270 lr=1.17e-05
2026-07-16 11:47:27,793 [INFO] trainer: epoch 427 done train_loss=1.2151 dt=20.6s
2026-07-16 11:47:49,155 [INFO] trainer: epoch 428 step 50/54 loss=1.1752 lr=1.14e-05
2026-07-16 11:47:50,519 [INFO] trainer: epoch 428 done train_loss=1.1878 dt=22.7s
2026-07-16 11:48:09,637 [INFO] trainer: epoch 429 step 50/54 loss=1.2253 lr=1.12e-05
2026-07-16 11:48:11,022 [INFO] trainer: epoch 429 done train_loss=1.2139 dt=20.5s
2026-07-16 11:48:29,888 [INFO] trainer: epoch 430 step 50/54 loss=1.1716 lr=1.09e-05
2026-07-16 11:48:31,027 [INFO] trainer: epoch 430 done train_loss=1.1806 dt=20.0s
2026-07-16 11:48:50,162 [INFO] trainer: epoch 431 step 50/54 loss=1.1831 lr=1.06e-05
2026-07-16 11:48:52,020 [INFO] trainer: epoch 431 done train_loss=1.2074 dt=20.7s
2026-07-16 11:49:11,325 [INFO] trainer: epoch 432 step 50/54 loss=1.2350 lr=1.03e-05
2026-07-16 11:49:12,495 [INFO] trainer: epoch 432 done train_loss=1.2434 dt=20.5s
2026-07-16 11:49:31,668 [INFO] trainer: epoch 433 step 50/54 loss=1.2311 lr=1.01e-05
2026-07-16 11:49:33,223 [INFO] trainer: epoch 433 done train_loss=1.2185 dt=20.7s
2026-07-16 11:49:50,127 [INFO] trainer: epoch 434 step 50/54 loss=1.2190 lr=9.80e-06
2026-07-16 11:49:51,212 [INFO] trainer: epoch 434 done train_loss=1.2223 dt=18.0s
2026-07-16 11:50:15,584 [INFO] trainer: epoch 435 step 50/54 loss=1.1802 lr=9.54e-06
2026-07-16 11:50:16,701 [INFO] trainer: epoch 435 done train_loss=1.1815 dt=25.5s
2026-07-16 11:50:36,583 [INFO] trainer: epoch 436 step 50/54 loss=1.1587 lr=9.28e-06
2026-07-16 11:50:37,783 [INFO] trainer: epoch 436 done train_loss=1.1669 dt=21.1s
2026-07-16 11:50:54,256 [INFO] trainer: epoch 437 step 50/54 loss=1.2193 lr=9.03e-06
2026-07-16 11:50:55,448 [INFO] trainer: epoch 437 done train_loss=1.2081 dt=17.7s
2026-07-16 11:51:14,976 [INFO] trainer: epoch 438 step 50/54 loss=1.2143 lr=8.78e-06
2026-07-16 11:51:16,204 [INFO] trainer: epoch 438 done train_loss=1.2129 dt=20.8s
2026-07-16 11:51:34,887 [INFO] trainer: epoch 439 step 50/54 loss=1.2061 lr=8.53e-06
2026-07-16 11:51:36,252 [INFO] trainer: epoch 439 done train_loss=1.1981 dt=20.0s
2026-07-16 11:51:53,965 [INFO] trainer: epoch 440 step 50/54 loss=1.1887 lr=8.29e-06
2026-07-16 11:51:55,190 [INFO] trainer: epoch 440 done train_loss=1.1766 dt=18.9s
2026-07-16 11:52:12,933 [INFO] trainer: epoch 441 step 50/54 loss=1.2157 lr=8.05e-06
2026-07-16 11:52:14,103 [INFO] trainer: epoch 441 done train_loss=1.1992 dt=18.6s
2026-07-16 11:52:31,049 [INFO] trainer: epoch 442 step 50/54 loss=1.1784 lr=7.82e-06
2026-07-16 11:52:32,415 [INFO] trainer: epoch 442 done train_loss=1.1729 dt=18.3s
2026-07-16 11:52:50,013 [INFO] trainer: epoch 443 step 50/54 loss=1.2188 lr=7.59e-06
2026-07-16 11:52:51,730 [INFO] trainer: epoch 443 done train_loss=1.2126 dt=19.3s
2026-07-16 11:53:09,503 [INFO] trainer: epoch 444 step 50/54 loss=1.2197 lr=7.36e-06
2026-07-16 11:53:10,753 [INFO] trainer: epoch 444 done train_loss=1.2235 dt=19.0s
2026-07-16 11:53:31,309 [INFO] trainer: epoch 445 step 50/54 loss=1.1797 lr=7.14e-06
2026-07-16 11:53:32,473 [INFO] trainer: epoch 445 done train_loss=1.1810 dt=21.7s
2026-07-16 11:53:52,545 [INFO] trainer: epoch 446 step 50/54 loss=1.2085 lr=6.92e-06
2026-07-16 11:53:53,610 [INFO] trainer: epoch 446 done train_loss=1.2087 dt=21.1s
2026-07-16 11:54:19,055 [INFO] trainer: epoch 447 step 50/54 loss=1.1698 lr=6.71e-06
2026-07-16 11:54:21,089 [INFO] trainer: epoch 447 done train_loss=1.1649 dt=27.5s
2026-07-16 11:54:41,192 [INFO] trainer: epoch 448 step 50/54 loss=1.2263 lr=6.49e-06
2026-07-16 11:54:43,019 [INFO] trainer: epoch 448 done train_loss=1.2350 dt=21.9s
2026-07-16 11:55:09,088 [INFO] trainer: epoch 449 step 50/54 loss=1.1870 lr=6.29e-06
2026-07-16 11:55:11,018 [INFO] trainer: epoch 449 done train_loss=1.1905 dt=28.0s
2026-07-16 11:55:29,054 [INFO] trainer: epoch 450 step 50/54 loss=1.2270 lr=6.08e-06
2026-07-16 11:55:30,641 [INFO] trainer: epoch 450 done train_loss=1.2238 dt=19.6s
2026-07-16 11:57:32,216 [INFO] trainer: epoch 450 val_mean_dice=0.7566
2026-07-16 11:57:52,785 [INFO] trainer: epoch 451 step 50/54 loss=1.2232 lr=5.88e-06
2026-07-16 11:57:53,962 [INFO] trainer: epoch 451 done train_loss=1.2184 dt=21.4s
2026-07-16 11:58:12,423 [INFO] trainer: epoch 452 step 50/54 loss=1.2197 lr=5.69e-06
2026-07-16 11:58:13,791 [INFO] trainer: epoch 452 done train_loss=1.2244 dt=19.8s
2026-07-16 11:58:35,473 [INFO] trainer: epoch 453 step 50/54 loss=1.2444 lr=5.50e-06
2026-07-16 11:58:36,621 [INFO] trainer: epoch 453 done train_loss=1.2453 dt=22.8s
2026-07-16 11:58:54,090 [INFO] trainer: epoch 454 step 50/54 loss=1.2177 lr=5.31e-06
2026-07-16 11:58:55,175 [INFO] trainer: epoch 454 done train_loss=1.2356 dt=18.6s
2026-07-16 11:59:15,802 [INFO] trainer: epoch 455 step 50/54 loss=1.1721 lr=5.13e-06
2026-07-16 11:59:17,595 [INFO] trainer: epoch 455 done train_loss=1.1640 dt=22.4s
2026-07-16 11:59:43,297 [INFO] trainer: epoch 456 step 50/54 loss=1.1754 lr=4.95e-06
2026-07-16 11:59:44,482 [INFO] trainer: epoch 456 done train_loss=1.1761 dt=26.9s
2026-07-16 12:00:12,444 [INFO] trainer: epoch 457 step 50/54 loss=1.2055 lr=4.77e-06
2026-07-16 12:00:14,250 [INFO] trainer: epoch 457 done train_loss=1.2070 dt=29.8s
2026-07-16 12:00:55,046 [INFO] trainer: epoch 458 step 50/54 loss=1.2049 lr=4.60e-06
2026-07-16 12:00:57,127 [INFO] trainer: epoch 458 done train_loss=1.1997 dt=42.9s
2026-07-16 12:01:54,446 [INFO] trainer: epoch 459 step 50/54 loss=1.2381 lr=4.43e-06
2026-07-16 12:01:56,162 [INFO] trainer: epoch 459 done train_loss=1.2423 dt=59.0s
2026-07-16 12:02:39,740 [INFO] trainer: epoch 460 step 50/54 loss=1.2104 lr=4.27e-06
2026-07-16 12:02:43,027 [INFO] trainer: epoch 460 done train_loss=1.2046 dt=46.8s
2026-07-16 12:03:26,919 [INFO] trainer: epoch 461 step 50/54 loss=1.1868 lr=4.11e-06
2026-07-16 12:03:27,983 [INFO] trainer: epoch 461 done train_loss=1.1900 dt=44.2s
2026-07-16 12:03:56,184 [INFO] trainer: epoch 462 step 50/54 loss=1.2049 lr=3.95e-06
2026-07-16 12:03:57,926 [INFO] trainer: epoch 462 done train_loss=1.2073 dt=29.9s
2026-07-16 12:04:14,762 [INFO] trainer: epoch 463 step 50/54 loss=1.2021 lr=3.80e-06
2026-07-16 12:04:15,821 [INFO] trainer: epoch 463 done train_loss=1.1892 dt=17.9s
2026-07-16 12:05:03,985 [INFO] trainer: epoch 464 step 50/54 loss=1.1713 lr=3.65e-06
2026-07-16 12:05:05,866 [INFO] trainer: epoch 464 done train_loss=1.1686 dt=50.0s
2026-07-16 12:05:31,190 [INFO] trainer: epoch 465 step 50/54 loss=1.2104 lr=3.51e-06
2026-07-16 12:05:33,301 [INFO] trainer: epoch 465 done train_loss=1.1959 dt=27.4s
2026-07-16 12:05:58,302 [INFO] trainer: epoch 466 step 50/54 loss=1.1969 lr=3.36e-06
2026-07-16 12:06:01,520 [INFO] trainer: epoch 466 done train_loss=1.2002 dt=28.2s
2026-07-16 12:06:26,139 [INFO] trainer: epoch 467 step 50/54 loss=1.2208 lr=3.23e-06
2026-07-16 12:06:29,198 [INFO] trainer: epoch 467 done train_loss=1.2159 dt=27.7s
2026-07-16 12:06:57,135 [INFO] trainer: epoch 468 step 50/54 loss=1.2241 lr=3.10e-06
2026-07-16 12:06:59,739 [INFO] trainer: epoch 468 done train_loss=1.2171 dt=30.5s
2026-07-16 12:07:23,226 [INFO] trainer: epoch 469 step 50/54 loss=1.1961 lr=2.97e-06
2026-07-16 12:07:25,244 [INFO] trainer: epoch 469 done train_loss=1.1958 dt=25.5s
2026-07-16 12:08:09,571 [INFO] trainer: epoch 470 step 50/54 loss=1.1953 lr=2.84e-06
2026-07-16 12:08:23,803 [INFO] trainer: epoch 470 done train_loss=1.1907 dt=58.6s
2026-07-16 12:09:15,823 [INFO] trainer: epoch 471 step 50/54 loss=1.1813 lr=2.72e-06
2026-07-16 12:09:16,887 [INFO] trainer: epoch 471 done train_loss=1.1807 dt=52.5s
2026-07-16 12:10:01,083 [INFO] trainer: epoch 472 step 50/54 loss=1.2148 lr=2.61e-06
2026-07-16 12:10:03,469 [INFO] trainer: epoch 472 done train_loss=1.2126 dt=46.6s
2026-07-16 12:10:25,755 [INFO] trainer: epoch 473 step 50/54 loss=1.2104 lr=2.50e-06
2026-07-16 12:10:27,245 [INFO] trainer: epoch 473 done train_loss=1.2249 dt=23.8s
2026-07-16 12:10:46,554 [INFO] trainer: epoch 474 step 50/54 loss=1.2049 lr=2.39e-06
2026-07-16 12:10:47,637 [INFO] trainer: epoch 474 done train_loss=1.2015 dt=20.4s
2026-07-16 12:12:42,331 [INFO] trainer: epoch 475 step 50/54 loss=1.1990 lr=2.28e-06
2026-07-16 12:12:48,377 [INFO] trainer: epoch 475 done train_loss=1.2038 dt=120.7s
2026-07-16 12:21:25,260 [INFO] trainer: epoch 475 val_mean_dice=0.7595
2026-07-16 12:21:58,670 [INFO] trainer: epoch 476 step 50/54 loss=1.1528 lr=2.18e-06
2026-07-16 12:22:00,511 [INFO] trainer: epoch 476 done train_loss=1.1662 dt=34.8s
2026-07-16 12:22:24,270 [INFO] trainer: epoch 477 step 50/54 loss=1.1766 lr=2.09e-06
2026-07-16 12:22:26,885 [INFO] trainer: epoch 477 done train_loss=1.1749 dt=26.4s
2026-07-16 12:23:07,610 [INFO] trainer: epoch 478 step 50/54 loss=1.2191 lr=1.99e-06
2026-07-16 12:23:08,726 [INFO] trainer: epoch 478 done train_loss=1.2263 dt=41.8s
2026-07-16 12:24:01,528 [INFO] trainer: epoch 479 step 50/54 loss=1.1817 lr=1.91e-06
2026-07-16 12:24:02,866 [INFO] trainer: epoch 479 done train_loss=1.1754 dt=54.1s
2026-07-16 12:24:35,632 [INFO] trainer: epoch 480 step 50/54 loss=1.2142 lr=1.82e-06
2026-07-16 12:24:37,627 [INFO] trainer: epoch 480 done train_loss=1.2117 dt=34.8s
2026-07-16 12:24:58,677 [INFO] trainer: epoch 481 step 50/54 loss=1.1615 lr=1.74e-06
2026-07-16 12:25:01,623 [INFO] trainer: epoch 481 done train_loss=1.1553 dt=23.7s
2026-07-16 12:25:45,216 [INFO] trainer: epoch 482 step 50/54 loss=1.2106 lr=1.67e-06
2026-07-16 12:25:47,133 [INFO] trainer: epoch 482 done train_loss=1.1986 dt=45.5s
2026-07-16 12:26:10,983 [INFO] trainer: epoch 483 step 50/54 loss=1.2036 lr=1.60e-06
2026-07-16 12:26:13,260 [INFO] trainer: epoch 483 done train_loss=1.2176 dt=26.1s
2026-07-16 12:26:38,269 [INFO] trainer: epoch 484 step 50/54 loss=1.2270 lr=1.53e-06
2026-07-16 12:26:39,336 [INFO] trainer: epoch 484 done train_loss=1.2230 dt=26.1s
2026-07-16 12:27:05,421 [INFO] trainer: epoch 485 step 50/54 loss=1.2147 lr=1.46e-06
2026-07-16 12:27:10,699 [INFO] trainer: epoch 485 done train_loss=1.2206 dt=31.4s
2026-07-16 12:28:03,108 [INFO] trainer: epoch 486 step 50/54 loss=1.2013 lr=1.40e-06
2026-07-16 12:28:05,254 [INFO] trainer: epoch 486 done train_loss=1.2050 dt=54.6s
2026-07-16 12:28:24,881 [INFO] trainer: epoch 487 step 50/54 loss=1.2105 lr=1.35e-06
2026-07-16 12:28:26,001 [INFO] trainer: epoch 487 done train_loss=1.1936 dt=20.7s
2026-07-16 12:28:46,013 [INFO] trainer: epoch 488 step 50/54 loss=1.1698 lr=1.30e-06
2026-07-16 12:28:47,897 [INFO] trainer: epoch 488 done train_loss=1.1808 dt=21.9s
2026-07-16 12:29:09,103 [INFO] trainer: epoch 489 step 50/54 loss=1.1779 lr=1.25e-06
2026-07-16 12:29:11,332 [INFO] trainer: epoch 489 done train_loss=1.1724 dt=23.4s
2026-07-16 12:29:29,361 [INFO] trainer: epoch 490 step 50/54 loss=1.1937 lr=1.21e-06
2026-07-16 12:29:30,421 [INFO] trainer: epoch 490 done train_loss=1.1941 dt=19.1s
2026-07-16 12:30:03,824 [INFO] trainer: epoch 491 step 50/54 loss=1.2097 lr=1.17e-06
2026-07-16 12:30:06,556 [INFO] trainer: epoch 491 done train_loss=1.1986 dt=35.6s
2026-07-16 12:30:40,214 [INFO] trainer: epoch 492 step 50/54 loss=1.1806 lr=1.13e-06
2026-07-16 12:30:43,180 [INFO] trainer: epoch 492 done train_loss=1.1754 dt=36.6s
2026-07-16 12:31:15,957 [INFO] trainer: epoch 493 step 50/54 loss=1.2173 lr=1.10e-06
2026-07-16 12:31:21,178 [INFO] trainer: epoch 493 done train_loss=1.2151 dt=38.0s
2026-07-16 12:32:27,674 [INFO] trainer: epoch 494 step 50/54 loss=1.2349 lr=1.08e-06
2026-07-16 12:32:30,512 [INFO] trainer: epoch 494 done train_loss=1.2359 dt=69.3s
2026-07-16 12:33:08,847 [INFO] trainer: epoch 495 step 50/54 loss=1.2019 lr=1.05e-06
2026-07-16 12:33:10,958 [INFO] trainer: epoch 495 done train_loss=1.1971 dt=40.4s
2026-07-16 12:33:38,158 [INFO] trainer: epoch 496 step 50/54 loss=1.2015 lr=1.03e-06
2026-07-16 12:33:47,774 [INFO] trainer: epoch 496 done train_loss=1.2107 dt=36.8s
2026-07-16 12:34:24,131 [INFO] trainer: epoch 497 step 50/54 loss=1.2074 lr=1.02e-06
2026-07-16 12:34:25,188 [INFO] trainer: epoch 497 done train_loss=1.2001 dt=37.4s
2026-07-16 12:34:44,413 [INFO] trainer: epoch 498 step 50/54 loss=1.2462 lr=1.01e-06
2026-07-16 12:34:46,345 [INFO] trainer: epoch 498 done train_loss=1.2323 dt=21.2s
2026-07-16 12:35:57,705 [INFO] trainer: epoch 499 step 50/54 loss=1.2002 lr=1.00e-06
2026-07-16 12:35:59,319 [INFO] trainer: epoch 499 done train_loss=1.2001 dt=73.0s
2026-07-16 12:36:31,987 [INFO] trainer: epoch 500 step 50/54 loss=1.1695 lr=1.00e-06
2026-07-16 12:36:34,299 [INFO] trainer: epoch 500 done train_loss=1.1652 dt=35.0s
2026-07-16 12:39:46,374 [INFO] trainer: epoch 500 val_mean_dice=0.7595
2026-07-16 12:39:46,823 [INFO] trainer: total time 18793.6 s, best dice 0.7595 (epochs 1-500 / 500)
