2026-07-16 07:21:45,117 [INFO] train: ========================================================================
2026-07-16 07:21:45,118 [INFO] train: model=suprem_unet config=configs/lowshot/ls_supUnet_frz_pt_f010.yaml
2026-07-16 07:21:45,118 [INFO] train: output=/scratch/lskrlj/runs/ls_supUnet_frz_pt_f010 device=cuda (NVIDIA A100-SXM4-40GB)
2026-07-16 07:21:45,118 [INFO] train: epochs=500 batch_size=2 grad_accum=2 eff_batch=4 lr=0.0002 amp=True
2026-07-16 07:21:45,118 [INFO] train: ========================================================================
2026-07-16 07:21:45,121 [INFO] train: splits: train=1082 val=57 classes=117
2026-07-16 07:21:45,122 [INFO] train: low-shot: train_fraction=0.1000 seed=1234 -> 108/1082 train cases
2026-07-16 07:22:08,914 [INFO] train: disk cache: /scratch/lskrlj/cache/TotalSeg/833d9d046402 (fingerprint=833d9d046402)
2026-07-16 07:26:01,745 [INFO] train: model suprem_unet, trainable params: 9898712 / 28972312 total (freeze_backbone=True)
2026-07-16 07:26:33,249 [WARNING] trainer: --resume set but no checkpoint found in /scratch/lskrlj/runs/ls_supUnet_frz_pt_f010; starting fresh
2026-07-16 07:26:33,249 [INFO] trainer: start: epochs 1-500/500 device=cuda amp=bf16 train_batches=54 val_batches=57
2026-07-16 07:26:47,664 [INFO] trainer: epoch 1 step 50/54 loss=11.3934 lr=1.85e-05
2026-07-16 07:26:48,472 [INFO] trainer: epoch 1 done train_loss=11.3750 dt=15.2s
2026-07-16 07:26:59,441 [INFO] trainer: epoch 2 step 50/54 loss=10.7232 lr=3.85e-05
2026-07-16 07:27:00,251 [INFO] trainer: epoch 2 done train_loss=10.6845 dt=11.8s
2026-07-16 07:27:11,159 [INFO] trainer: epoch 3 step 50/54 loss=9.7082 lr=5.85e-05
2026-07-16 07:27:11,964 [INFO] trainer: epoch 3 done train_loss=9.6723 dt=11.7s
2026-07-16 07:27:23,040 [INFO] trainer: epoch 4 step 50/54 loss=8.8288 lr=7.85e-05
2026-07-16 07:27:23,847 [INFO] trainer: epoch 4 done train_loss=8.7957 dt=11.9s
2026-07-16 07:27:34,837 [INFO] trainer: epoch 5 step 50/54 loss=8.1615 lr=9.85e-05
2026-07-16 07:27:35,647 [INFO] trainer: epoch 5 done train_loss=8.1240 dt=11.8s
2026-07-16 07:27:46,598 [INFO] trainer: epoch 6 step 50/54 loss=7.6000 lr=1.19e-04
2026-07-16 07:27:47,409 [INFO] trainer: epoch 6 done train_loss=7.5900 dt=11.8s
2026-07-16 07:27:58,424 [INFO] trainer: epoch 7 step 50/54 loss=7.2130 lr=1.39e-04
2026-07-16 07:27:59,233 [INFO] trainer: epoch 7 done train_loss=7.1873 dt=11.8s
2026-07-16 07:28:10,105 [INFO] trainer: epoch 8 step 50/54 loss=6.7276 lr=1.59e-04
2026-07-16 07:28:10,916 [INFO] trainer: epoch 8 done train_loss=6.7164 dt=11.7s
2026-07-16 07:28:21,840 [INFO] trainer: epoch 9 step 50/54 loss=6.3516 lr=1.79e-04
2026-07-16 07:28:22,650 [INFO] trainer: epoch 9 done train_loss=6.3315 dt=11.7s
2026-07-16 07:28:33,674 [INFO] trainer: epoch 10 step 50/54 loss=5.9533 lr=1.99e-04
2026-07-16 07:28:34,485 [INFO] trainer: epoch 10 done train_loss=5.9530 dt=11.8s
2026-07-16 07:28:45,723 [INFO] trainer: epoch 11 step 50/54 loss=5.6555 lr=2.00e-04
2026-07-16 07:28:46,531 [INFO] trainer: epoch 11 done train_loss=5.6371 dt=11.8s
2026-07-16 07:28:57,516 [INFO] trainer: epoch 12 step 50/54 loss=5.2987 lr=2.00e-04
2026-07-16 07:28:58,326 [INFO] trainer: epoch 12 done train_loss=5.2837 dt=11.8s
2026-07-16 07:29:09,509 [INFO] trainer: epoch 13 step 50/54 loss=4.9551 lr=2.00e-04
2026-07-16 07:29:10,320 [INFO] trainer: epoch 13 done train_loss=4.9508 dt=12.0s
2026-07-16 07:29:21,243 [INFO] trainer: epoch 14 step 50/54 loss=4.7239 lr=2.00e-04
2026-07-16 07:29:22,052 [INFO] trainer: epoch 14 done train_loss=4.7047 dt=11.7s
2026-07-16 07:29:33,261 [INFO] trainer: epoch 15 step 50/54 loss=4.4840 lr=2.00e-04
2026-07-16 07:29:34,070 [INFO] trainer: epoch 15 done train_loss=4.4683 dt=12.0s
2026-07-16 07:29:44,917 [INFO] trainer: epoch 16 step 50/54 loss=4.2752 lr=2.00e-04
2026-07-16 07:29:45,727 [INFO] trainer: epoch 16 done train_loss=4.2640 dt=11.7s
2026-07-16 07:29:56,616 [INFO] trainer: epoch 17 step 50/54 loss=4.0942 lr=2.00e-04
2026-07-16 07:29:57,425 [INFO] trainer: epoch 17 done train_loss=4.0815 dt=11.7s
2026-07-16 07:30:08,429 [INFO] trainer: epoch 18 step 50/54 loss=3.8955 lr=2.00e-04
2026-07-16 07:30:09,238 [INFO] trainer: epoch 18 done train_loss=3.9058 dt=11.8s
2026-07-16 07:30:20,282 [INFO] trainer: epoch 19 step 50/54 loss=3.8185 lr=2.00e-04
2026-07-16 07:30:21,093 [INFO] trainer: epoch 19 done train_loss=3.8017 dt=11.9s
2026-07-16 07:30:32,258 [INFO] trainer: epoch 20 step 50/54 loss=3.6401 lr=2.00e-04
2026-07-16 07:30:33,070 [INFO] trainer: epoch 20 done train_loss=3.6352 dt=12.0s
2026-07-16 07:30:44,409 [INFO] trainer: epoch 21 step 50/54 loss=3.5281 lr=2.00e-04
2026-07-16 07:30:45,219 [INFO] trainer: epoch 21 done train_loss=3.5178 dt=11.9s
2026-07-16 07:30:56,280 [INFO] trainer: epoch 22 step 50/54 loss=3.3983 lr=2.00e-04
2026-07-16 07:30:57,090 [INFO] trainer: epoch 22 done train_loss=3.4046 dt=11.9s
2026-07-16 07:31:08,208 [INFO] trainer: epoch 23 step 50/54 loss=3.3098 lr=2.00e-04
2026-07-16 07:31:09,019 [INFO] trainer: epoch 23 done train_loss=3.3133 dt=11.9s
2026-07-16 07:31:20,150 [INFO] trainer: epoch 24 step 50/54 loss=3.2132 lr=2.00e-04
2026-07-16 07:31:20,961 [INFO] trainer: epoch 24 done train_loss=3.2078 dt=11.9s
2026-07-16 07:31:32,117 [INFO] trainer: epoch 25 step 50/54 loss=3.1523 lr=2.00e-04
2026-07-16 07:31:32,929 [INFO] trainer: epoch 25 done train_loss=3.1464 dt=12.0s
2026-07-16 07:33:02,090 [INFO] trainer: epoch 25 val_mean_dice=0.0215
2026-07-16 07:33:13,304 [INFO] trainer: epoch 26 step 50/54 loss=3.0614 lr=1.99e-04
2026-07-16 07:33:14,113 [INFO] trainer: epoch 26 done train_loss=3.0575 dt=11.7s
2026-07-16 07:33:25,231 [INFO] trainer: epoch 27 step 50/54 loss=2.9773 lr=1.99e-04
2026-07-16 07:33:26,042 [INFO] trainer: epoch 27 done train_loss=2.9681 dt=11.9s
2026-07-16 07:33:37,207 [INFO] trainer: epoch 28 step 50/54 loss=2.9351 lr=1.99e-04
2026-07-16 07:33:38,017 [INFO] trainer: epoch 28 done train_loss=2.9282 dt=12.0s
2026-07-16 07:33:49,069 [INFO] trainer: epoch 29 step 50/54 loss=2.8667 lr=1.99e-04
2026-07-16 07:33:49,877 [INFO] trainer: epoch 29 done train_loss=2.8634 dt=11.9s
2026-07-16 07:34:00,893 [INFO] trainer: epoch 30 step 50/54 loss=2.7964 lr=1.99e-04
2026-07-16 07:34:01,702 [INFO] trainer: epoch 30 done train_loss=2.7830 dt=11.8s
2026-07-16 07:34:13,083 [INFO] trainer: epoch 31 step 50/54 loss=2.7573 lr=1.99e-04
2026-07-16 07:34:13,891 [INFO] trainer: epoch 31 done train_loss=2.7601 dt=11.9s
2026-07-16 07:34:24,933 [INFO] trainer: epoch 32 step 50/54 loss=2.7069 lr=1.99e-04
2026-07-16 07:34:25,741 [INFO] trainer: epoch 32 done train_loss=2.7036 dt=11.8s
2026-07-16 07:34:36,854 [INFO] trainer: epoch 33 step 50/54 loss=2.6880 lr=1.99e-04
2026-07-16 07:34:37,663 [INFO] trainer: epoch 33 done train_loss=2.6737 dt=11.9s
2026-07-16 07:34:48,925 [INFO] trainer: epoch 34 step 50/54 loss=2.6258 lr=1.99e-04
2026-07-16 07:34:49,733 [INFO] trainer: epoch 34 done train_loss=2.6241 dt=12.1s
2026-07-16 07:35:00,898 [INFO] trainer: epoch 35 step 50/54 loss=2.5565 lr=1.99e-04
2026-07-16 07:35:01,706 [INFO] trainer: epoch 35 done train_loss=2.5611 dt=12.0s
2026-07-16 07:35:12,752 [INFO] trainer: epoch 36 step 50/54 loss=2.5458 lr=1.99e-04
2026-07-16 07:35:13,561 [INFO] trainer: epoch 36 done train_loss=2.5462 dt=11.9s
2026-07-16 07:35:24,538 [INFO] trainer: epoch 37 step 50/54 loss=2.4807 lr=1.99e-04
2026-07-16 07:35:25,347 [INFO] trainer: epoch 37 done train_loss=2.4780 dt=11.8s
2026-07-16 07:35:36,598 [INFO] trainer: epoch 38 step 50/54 loss=2.4767 lr=1.98e-04
2026-07-16 07:35:37,406 [INFO] trainer: epoch 38 done train_loss=2.4797 dt=12.1s
2026-07-16 07:35:48,279 [INFO] trainer: epoch 39 step 50/54 loss=2.4141 lr=1.98e-04
2026-07-16 07:35:49,090 [INFO] trainer: epoch 39 done train_loss=2.4216 dt=11.7s
2026-07-16 07:36:00,039 [INFO] trainer: epoch 40 step 50/54 loss=2.3961 lr=1.98e-04
2026-07-16 07:36:00,848 [INFO] trainer: epoch 40 done train_loss=2.3967 dt=11.8s
2026-07-16 07:36:12,208 [INFO] trainer: epoch 41 step 50/54 loss=2.3592 lr=1.98e-04
2026-07-16 07:36:13,018 [INFO] trainer: epoch 41 done train_loss=2.3621 dt=11.9s
2026-07-16 07:36:24,058 [INFO] trainer: epoch 42 step 50/54 loss=2.3519 lr=1.98e-04
2026-07-16 07:36:24,867 [INFO] trainer: epoch 42 done train_loss=2.3534 dt=11.8s
2026-07-16 07:36:35,920 [INFO] trainer: epoch 43 step 50/54 loss=2.3082 lr=1.98e-04
2026-07-16 07:36:36,730 [INFO] trainer: epoch 43 done train_loss=2.3107 dt=11.9s
2026-07-16 07:36:47,627 [INFO] trainer: epoch 44 step 50/54 loss=2.2774 lr=1.98e-04
2026-07-16 07:36:48,437 [INFO] trainer: epoch 44 done train_loss=2.2745 dt=11.7s
2026-07-16 07:36:59,341 [INFO] trainer: epoch 45 step 50/54 loss=2.2482 lr=1.98e-04
2026-07-16 07:37:00,149 [INFO] trainer: epoch 45 done train_loss=2.2476 dt=11.7s
2026-07-16 07:37:11,162 [INFO] trainer: epoch 46 step 50/54 loss=2.2053 lr=1.97e-04
2026-07-16 07:37:11,972 [INFO] trainer: epoch 46 done train_loss=2.2157 dt=11.8s
2026-07-16 07:37:23,035 [INFO] trainer: epoch 47 step 50/54 loss=2.2059 lr=1.97e-04
2026-07-16 07:37:23,844 [INFO] trainer: epoch 47 done train_loss=2.2062 dt=11.9s
2026-07-16 07:37:34,778 [INFO] trainer: epoch 48 step 50/54 loss=2.1776 lr=1.97e-04
2026-07-16 07:37:35,589 [INFO] trainer: epoch 48 done train_loss=2.1781 dt=11.7s
2026-07-16 07:37:46,643 [INFO] trainer: epoch 49 step 50/54 loss=2.1390 lr=1.97e-04
2026-07-16 07:37:47,452 [INFO] trainer: epoch 49 done train_loss=2.1416 dt=11.9s
2026-07-16 07:37:58,686 [INFO] trainer: epoch 50 step 50/54 loss=2.1083 lr=1.97e-04
2026-07-16 07:37:59,495 [INFO] trainer: epoch 50 done train_loss=2.1129 dt=12.0s
2026-07-16 07:38:45,634 [INFO] trainer: epoch 50 val_mean_dice=0.2804
2026-07-16 07:38:57,258 [INFO] trainer: epoch 51 step 50/54 loss=2.1098 lr=1.97e-04
2026-07-16 07:38:58,069 [INFO] trainer: epoch 51 done train_loss=2.1058 dt=11.9s
2026-07-16 07:39:09,044 [INFO] trainer: epoch 52 step 50/54 loss=2.0827 lr=1.96e-04
2026-07-16 07:39:09,857 [INFO] trainer: epoch 52 done train_loss=2.0849 dt=11.8s
2026-07-16 07:39:20,813 [INFO] trainer: epoch 53 step 50/54 loss=2.0421 lr=1.96e-04
2026-07-16 07:39:21,622 [INFO] trainer: epoch 53 done train_loss=2.0396 dt=11.8s
2026-07-16 07:39:32,777 [INFO] trainer: epoch 54 step 50/54 loss=2.0411 lr=1.96e-04
2026-07-16 07:39:33,585 [INFO] trainer: epoch 54 done train_loss=2.0477 dt=12.0s
2026-07-16 07:39:44,574 [INFO] trainer: epoch 55 step 50/54 loss=1.9987 lr=1.96e-04
2026-07-16 07:39:45,384 [INFO] trainer: epoch 55 done train_loss=1.9985 dt=11.8s
2026-07-16 07:39:56,339 [INFO] trainer: epoch 56 step 50/54 loss=1.9633 lr=1.96e-04
2026-07-16 07:39:57,147 [INFO] trainer: epoch 56 done train_loss=1.9755 dt=11.8s
2026-07-16 07:40:08,147 [INFO] trainer: epoch 57 step 50/54 loss=1.9766 lr=1.96e-04
2026-07-16 07:40:08,954 [INFO] trainer: epoch 57 done train_loss=1.9749 dt=11.8s
2026-07-16 07:40:20,007 [INFO] trainer: epoch 58 step 50/54 loss=1.9390 lr=1.95e-04
2026-07-16 07:40:20,816 [INFO] trainer: epoch 58 done train_loss=1.9383 dt=11.9s
2026-07-16 07:40:31,982 [INFO] trainer: epoch 59 step 50/54 loss=1.9337 lr=1.95e-04
2026-07-16 07:40:32,794 [INFO] trainer: epoch 59 done train_loss=1.9336 dt=12.0s
2026-07-16 07:40:43,598 [INFO] trainer: epoch 60 step 50/54 loss=1.9272 lr=1.95e-04
2026-07-16 07:40:44,409 [INFO] trainer: epoch 60 done train_loss=1.9331 dt=11.6s
2026-07-16 07:40:55,559 [INFO] trainer: epoch 61 step 50/54 loss=1.8973 lr=1.95e-04
2026-07-16 07:40:56,367 [INFO] trainer: epoch 61 done train_loss=1.8982 dt=11.7s
2026-07-16 07:41:07,392 [INFO] trainer: epoch 62 step 50/54 loss=1.8850 lr=1.95e-04
2026-07-16 07:41:08,202 [INFO] trainer: epoch 62 done train_loss=1.8876 dt=11.8s
2026-07-16 07:41:19,100 [INFO] trainer: epoch 63 step 50/54 loss=1.8644 lr=1.94e-04
2026-07-16 07:41:19,908 [INFO] trainer: epoch 63 done train_loss=1.8616 dt=11.7s
2026-07-16 07:41:30,921 [INFO] trainer: epoch 64 step 50/54 loss=1.8436 lr=1.94e-04
2026-07-16 07:41:31,731 [INFO] trainer: epoch 64 done train_loss=1.8406 dt=11.8s
2026-07-16 07:41:42,889 [INFO] trainer: epoch 65 step 50/54 loss=1.8266 lr=1.94e-04
2026-07-16 07:41:43,700 [INFO] trainer: epoch 65 done train_loss=1.8240 dt=12.0s
2026-07-16 07:41:54,777 [INFO] trainer: epoch 66 step 50/54 loss=1.8066 lr=1.94e-04
2026-07-16 07:41:55,585 [INFO] trainer: epoch 66 done train_loss=1.8215 dt=11.9s
2026-07-16 07:42:06,585 [INFO] trainer: epoch 67 step 50/54 loss=1.8000 lr=1.93e-04
2026-07-16 07:42:07,396 [INFO] trainer: epoch 67 done train_loss=1.8076 dt=11.8s
2026-07-16 07:42:18,387 [INFO] trainer: epoch 68 step 50/54 loss=1.7825 lr=1.93e-04
2026-07-16 07:42:19,196 [INFO] trainer: epoch 68 done train_loss=1.7827 dt=11.8s
2026-07-16 07:42:30,179 [INFO] trainer: epoch 69 step 50/54 loss=1.7463 lr=1.93e-04
2026-07-16 07:42:30,986 [INFO] trainer: epoch 69 done train_loss=1.7531 dt=11.8s
2026-07-16 07:42:42,065 [INFO] trainer: epoch 70 step 50/54 loss=1.7775 lr=1.93e-04
2026-07-16 07:42:42,874 [INFO] trainer: epoch 70 done train_loss=1.7763 dt=11.9s
2026-07-16 07:42:54,183 [INFO] trainer: epoch 71 step 50/54 loss=1.7294 lr=1.93e-04
2026-07-16 07:42:54,993 [INFO] trainer: epoch 71 done train_loss=1.7331 dt=11.8s
2026-07-16 07:43:06,165 [INFO] trainer: epoch 72 step 50/54 loss=1.6976 lr=1.92e-04
2026-07-16 07:43:06,977 [INFO] trainer: epoch 72 done train_loss=1.7080 dt=12.0s
2026-07-16 07:43:18,049 [INFO] trainer: epoch 73 step 50/54 loss=1.7451 lr=1.92e-04
2026-07-16 07:43:18,859 [INFO] trainer: epoch 73 done train_loss=1.7326 dt=11.9s
2026-07-16 07:43:29,804 [INFO] trainer: epoch 74 step 50/54 loss=1.6962 lr=1.92e-04
2026-07-16 07:43:30,614 [INFO] trainer: epoch 74 done train_loss=1.6986 dt=11.8s
2026-07-16 07:43:41,737 [INFO] trainer: epoch 75 step 50/54 loss=1.7007 lr=1.92e-04
2026-07-16 07:43:42,546 [INFO] trainer: epoch 75 done train_loss=1.6918 dt=11.9s
2026-07-16 07:44:25,958 [INFO] trainer: epoch 75 val_mean_dice=0.5394
2026-07-16 07:44:37,296 [INFO] trainer: epoch 76 step 50/54 loss=1.6843 lr=1.91e-04
2026-07-16 07:44:38,109 [INFO] trainer: epoch 76 done train_loss=1.6974 dt=11.8s
2026-07-16 07:44:49,205 [INFO] trainer: epoch 77 step 50/54 loss=1.6800 lr=1.91e-04
2026-07-16 07:44:50,016 [INFO] trainer: epoch 77 done train_loss=1.6786 dt=11.9s
2026-07-16 07:45:00,997 [INFO] trainer: epoch 78 step 50/54 loss=1.6595 lr=1.91e-04
2026-07-16 07:45:01,808 [INFO] trainer: epoch 78 done train_loss=1.6565 dt=11.8s
2026-07-16 07:45:12,906 [INFO] trainer: epoch 79 step 50/54 loss=1.6328 lr=1.90e-04
2026-07-16 07:45:13,717 [INFO] trainer: epoch 79 done train_loss=1.6391 dt=11.9s
2026-07-16 07:45:24,835 [INFO] trainer: epoch 80 step 50/54 loss=1.6721 lr=1.90e-04
2026-07-16 07:45:25,644 [INFO] trainer: epoch 80 done train_loss=1.6682 dt=11.9s
2026-07-16 07:45:37,189 [INFO] trainer: epoch 81 step 50/54 loss=1.6206 lr=1.90e-04
2026-07-16 07:45:37,998 [INFO] trainer: epoch 81 done train_loss=1.6187 dt=12.1s
2026-07-16 07:45:49,245 [INFO] trainer: epoch 82 step 50/54 loss=1.6162 lr=1.90e-04
2026-07-16 07:45:50,055 [INFO] trainer: epoch 82 done train_loss=1.6057 dt=12.1s
2026-07-16 07:46:01,142 [INFO] trainer: epoch 83 step 50/54 loss=1.6367 lr=1.89e-04
2026-07-16 07:46:01,951 [INFO] trainer: epoch 83 done train_loss=1.6475 dt=11.9s
2026-07-16 07:46:13,009 [INFO] trainer: epoch 84 step 50/54 loss=1.5929 lr=1.89e-04
2026-07-16 07:46:13,816 [INFO] trainer: epoch 84 done train_loss=1.5898 dt=11.9s
2026-07-16 07:46:24,935 [INFO] trainer: epoch 85 step 50/54 loss=1.5739 lr=1.89e-04
2026-07-16 07:46:25,748 [INFO] trainer: epoch 85 done train_loss=1.5704 dt=11.9s
2026-07-16 07:46:36,707 [INFO] trainer: epoch 86 step 50/54 loss=1.5569 lr=1.88e-04
2026-07-16 07:46:37,517 [INFO] trainer: epoch 86 done train_loss=1.5579 dt=11.8s
2026-07-16 07:46:48,547 [INFO] trainer: epoch 87 step 50/54 loss=1.6112 lr=1.88e-04
2026-07-16 07:46:49,355 [INFO] trainer: epoch 87 done train_loss=1.6041 dt=11.8s
2026-07-16 07:47:00,384 [INFO] trainer: epoch 88 step 50/54 loss=1.5810 lr=1.88e-04
2026-07-16 07:47:01,193 [INFO] trainer: epoch 88 done train_loss=1.5846 dt=11.8s
2026-07-16 07:47:12,278 [INFO] trainer: epoch 89 step 50/54 loss=1.5836 lr=1.88e-04
2026-07-16 07:47:13,089 [INFO] trainer: epoch 89 done train_loss=1.5831 dt=11.9s
2026-07-16 07:47:24,062 [INFO] trainer: epoch 90 step 50/54 loss=1.5334 lr=1.87e-04
2026-07-16 07:47:24,874 [INFO] trainer: epoch 90 done train_loss=1.5389 dt=11.8s
2026-07-16 07:47:36,136 [INFO] trainer: epoch 91 step 50/54 loss=1.5509 lr=1.87e-04
2026-07-16 07:47:36,946 [INFO] trainer: epoch 91 done train_loss=1.5477 dt=11.8s
2026-07-16 07:47:47,958 [INFO] trainer: epoch 92 step 50/54 loss=1.5139 lr=1.87e-04
2026-07-16 07:47:48,768 [INFO] trainer: epoch 92 done train_loss=1.5135 dt=11.8s
2026-07-16 07:47:59,858 [INFO] trainer: epoch 93 step 50/54 loss=1.5131 lr=1.86e-04
2026-07-16 07:48:00,669 [INFO] trainer: epoch 93 done train_loss=1.5043 dt=11.9s
2026-07-16 07:48:11,660 [INFO] trainer: epoch 94 step 50/54 loss=1.5236 lr=1.86e-04
2026-07-16 07:48:12,468 [INFO] trainer: epoch 94 done train_loss=1.5174 dt=11.8s
2026-07-16 07:48:23,424 [INFO] trainer: epoch 95 step 50/54 loss=1.5151 lr=1.86e-04
2026-07-16 07:48:24,232 [INFO] trainer: epoch 95 done train_loss=1.5044 dt=11.8s
2026-07-16 07:48:35,116 [INFO] trainer: epoch 96 step 50/54 loss=1.4818 lr=1.85e-04
2026-07-16 07:48:35,928 [INFO] trainer: epoch 96 done train_loss=1.4764 dt=11.7s
2026-07-16 07:48:46,754 [INFO] trainer: epoch 97 step 50/54 loss=1.4942 lr=1.85e-04
2026-07-16 07:48:47,563 [INFO] trainer: epoch 97 done train_loss=1.4981 dt=11.6s
2026-07-16 07:48:58,493 [INFO] trainer: epoch 98 step 50/54 loss=1.4672 lr=1.85e-04
2026-07-16 07:48:59,302 [INFO] trainer: epoch 98 done train_loss=1.4742 dt=11.7s
2026-07-16 07:49:10,391 [INFO] trainer: epoch 99 step 50/54 loss=1.5059 lr=1.84e-04
2026-07-16 07:49:11,202 [INFO] trainer: epoch 99 done train_loss=1.4983 dt=11.9s
2026-07-16 07:49:22,170 [INFO] trainer: epoch 100 step 50/54 loss=1.4759 lr=1.84e-04
2026-07-16 07:49:22,980 [INFO] trainer: epoch 100 done train_loss=1.4752 dt=11.8s
2026-07-16 07:50:06,366 [INFO] trainer: epoch 100 val_mean_dice=0.6879
2026-07-16 07:50:17,873 [INFO] trainer: epoch 101 step 50/54 loss=1.4933 lr=1.84e-04
2026-07-16 07:50:18,683 [INFO] trainer: epoch 101 done train_loss=1.4878 dt=11.7s
2026-07-16 07:50:29,651 [INFO] trainer: epoch 102 step 50/54 loss=1.4287 lr=1.83e-04
2026-07-16 07:50:30,462 [INFO] trainer: epoch 102 done train_loss=1.4311 dt=11.8s
2026-07-16 07:50:41,488 [INFO] trainer: epoch 103 step 50/54 loss=1.4981 lr=1.83e-04
2026-07-16 07:50:42,301 [INFO] trainer: epoch 103 done train_loss=1.4997 dt=11.8s
2026-07-16 07:50:53,428 [INFO] trainer: epoch 104 step 50/54 loss=1.4321 lr=1.82e-04
2026-07-16 07:50:54,240 [INFO] trainer: epoch 104 done train_loss=1.4371 dt=11.9s
2026-07-16 07:51:05,361 [INFO] trainer: epoch 105 step 50/54 loss=1.3990 lr=1.82e-04
2026-07-16 07:51:06,174 [INFO] trainer: epoch 105 done train_loss=1.4096 dt=11.9s
2026-07-16 07:51:17,218 [INFO] trainer: epoch 106 step 50/54 loss=1.4801 lr=1.82e-04
2026-07-16 07:51:18,029 [INFO] trainer: epoch 106 done train_loss=1.4896 dt=11.9s
2026-07-16 07:51:28,929 [INFO] trainer: epoch 107 step 50/54 loss=1.4410 lr=1.81e-04
2026-07-16 07:51:29,738 [INFO] trainer: epoch 107 done train_loss=1.4399 dt=11.7s
2026-07-16 07:51:40,501 [INFO] trainer: epoch 108 step 50/54 loss=1.4104 lr=1.81e-04
2026-07-16 07:51:41,312 [INFO] trainer: epoch 108 done train_loss=1.4075 dt=11.6s
2026-07-16 07:51:52,286 [INFO] trainer: epoch 109 step 50/54 loss=1.4535 lr=1.81e-04
2026-07-16 07:51:53,095 [INFO] trainer: epoch 109 done train_loss=1.4388 dt=11.8s
2026-07-16 07:52:03,891 [INFO] trainer: epoch 110 step 50/54 loss=1.4308 lr=1.80e-04
2026-07-16 07:52:04,701 [INFO] trainer: epoch 110 done train_loss=1.4191 dt=11.6s
2026-07-16 07:52:15,831 [INFO] trainer: epoch 111 step 50/54 loss=1.3840 lr=1.80e-04
2026-07-16 07:52:16,640 [INFO] trainer: epoch 111 done train_loss=1.3868 dt=11.6s
2026-07-16 07:52:27,519 [INFO] trainer: epoch 112 step 50/54 loss=1.4258 lr=1.79e-04
2026-07-16 07:52:28,330 [INFO] trainer: epoch 112 done train_loss=1.4209 dt=11.7s
2026-07-16 07:52:39,470 [INFO] trainer: epoch 113 step 50/54 loss=1.3864 lr=1.79e-04
2026-07-16 07:52:40,281 [INFO] trainer: epoch 113 done train_loss=1.3773 dt=12.0s
2026-07-16 07:52:51,186 [INFO] trainer: epoch 114 step 50/54 loss=1.3782 lr=1.79e-04
2026-07-16 07:52:51,996 [INFO] trainer: epoch 114 done train_loss=1.3902 dt=11.7s
2026-07-16 07:53:02,897 [INFO] trainer: epoch 115 step 50/54 loss=1.3792 lr=1.78e-04
2026-07-16 07:53:03,707 [INFO] trainer: epoch 115 done train_loss=1.3968 dt=11.7s
2026-07-16 07:53:14,565 [INFO] trainer: epoch 116 step 50/54 loss=1.3966 lr=1.78e-04
2026-07-16 07:53:15,374 [INFO] trainer: epoch 116 done train_loss=1.4115 dt=11.7s
2026-07-16 07:53:26,298 [INFO] trainer: epoch 117 step 50/54 loss=1.3655 lr=1.78e-04
2026-07-16 07:53:27,109 [INFO] trainer: epoch 117 done train_loss=1.3515 dt=11.7s
2026-07-16 07:53:37,958 [INFO] trainer: epoch 118 step 50/54 loss=1.3786 lr=1.77e-04
2026-07-16 07:53:38,767 [INFO] trainer: epoch 118 done train_loss=1.3745 dt=11.7s
2026-07-16 07:53:49,833 [INFO] trainer: epoch 119 step 50/54 loss=1.3940 lr=1.77e-04
2026-07-16 07:53:50,643 [INFO] trainer: epoch 119 done train_loss=1.3985 dt=11.9s
2026-07-16 07:54:01,775 [INFO] trainer: epoch 120 step 50/54 loss=1.3991 lr=1.76e-04
2026-07-16 07:54:02,583 [INFO] trainer: epoch 120 done train_loss=1.3995 dt=11.9s
2026-07-16 07:54:13,851 [INFO] trainer: epoch 121 step 50/54 loss=1.4234 lr=1.76e-04
2026-07-16 07:54:14,661 [INFO] trainer: epoch 121 done train_loss=1.4257 dt=11.7s
2026-07-16 07:54:25,521 [INFO] trainer: epoch 122 step 50/54 loss=1.3736 lr=1.75e-04
2026-07-16 07:54:26,332 [INFO] trainer: epoch 122 done train_loss=1.3576 dt=11.7s
2026-07-16 07:54:37,324 [INFO] trainer: epoch 123 step 50/54 loss=1.3826 lr=1.75e-04
2026-07-16 07:54:38,134 [INFO] trainer: epoch 123 done train_loss=1.3858 dt=11.8s
2026-07-16 07:54:49,289 [INFO] trainer: epoch 124 step 50/54 loss=1.3400 lr=1.75e-04
2026-07-16 07:54:50,099 [INFO] trainer: epoch 124 done train_loss=1.3524 dt=12.0s
2026-07-16 07:55:01,000 [INFO] trainer: epoch 125 step 50/54 loss=1.3799 lr=1.74e-04
2026-07-16 07:55:01,812 [INFO] trainer: epoch 125 done train_loss=1.3749 dt=11.7s
2026-07-16 07:55:45,227 [INFO] trainer: epoch 125 val_mean_dice=0.7098
2026-07-16 07:55:56,504 [INFO] trainer: epoch 126 step 50/54 loss=1.3697 lr=1.74e-04
2026-07-16 07:55:57,313 [INFO] trainer: epoch 126 done train_loss=1.3688 dt=11.8s
2026-07-16 07:56:08,532 [INFO] trainer: epoch 127 step 50/54 loss=1.3346 lr=1.73e-04
2026-07-16 07:56:09,345 [INFO] trainer: epoch 127 done train_loss=1.3388 dt=12.0s
2026-07-16 07:56:20,216 [INFO] trainer: epoch 128 step 50/54 loss=1.3533 lr=1.73e-04
2026-07-16 07:56:21,026 [INFO] trainer: epoch 128 done train_loss=1.3525 dt=11.7s
2026-07-16 07:56:31,927 [INFO] trainer: epoch 129 step 50/54 loss=1.3669 lr=1.72e-04
2026-07-16 07:56:32,736 [INFO] trainer: epoch 129 done train_loss=1.3653 dt=11.7s
2026-07-16 07:56:43,861 [INFO] trainer: epoch 130 step 50/54 loss=1.3547 lr=1.72e-04
2026-07-16 07:56:44,670 [INFO] trainer: epoch 130 done train_loss=1.3594 dt=11.9s
2026-07-16 07:56:56,049 [INFO] trainer: epoch 131 step 50/54 loss=1.3548 lr=1.72e-04
2026-07-16 07:56:56,858 [INFO] trainer: epoch 131 done train_loss=1.3573 dt=11.9s
2026-07-16 07:57:07,763 [INFO] trainer: epoch 132 step 50/54 loss=1.3913 lr=1.71e-04
2026-07-16 07:57:08,572 [INFO] trainer: epoch 132 done train_loss=1.3872 dt=11.7s
2026-07-16 07:57:19,393 [INFO] trainer: epoch 133 step 50/54 loss=1.3494 lr=1.71e-04
2026-07-16 07:57:20,202 [INFO] trainer: epoch 133 done train_loss=1.3546 dt=11.6s
2026-07-16 07:57:31,158 [INFO] trainer: epoch 134 step 50/54 loss=1.3755 lr=1.70e-04
2026-07-16 07:57:31,969 [INFO] trainer: epoch 134 done train_loss=1.3732 dt=11.8s
2026-07-16 07:57:42,926 [INFO] trainer: epoch 135 step 50/54 loss=1.3365 lr=1.70e-04
2026-07-16 07:57:43,735 [INFO] trainer: epoch 135 done train_loss=1.3506 dt=11.8s
2026-07-16 07:57:54,856 [INFO] trainer: epoch 136 step 50/54 loss=1.3980 lr=1.69e-04
2026-07-16 07:57:55,667 [INFO] trainer: epoch 136 done train_loss=1.3935 dt=11.9s
2026-07-16 07:58:06,754 [INFO] trainer: epoch 137 step 50/54 loss=1.3618 lr=1.69e-04
2026-07-16 07:58:07,563 [INFO] trainer: epoch 137 done train_loss=1.3717 dt=11.9s
2026-07-16 07:58:18,408 [INFO] trainer: epoch 138 step 50/54 loss=1.3594 lr=1.68e-04
2026-07-16 07:58:19,217 [INFO] trainer: epoch 138 done train_loss=1.3755 dt=11.7s
2026-07-16 07:58:30,252 [INFO] trainer: epoch 139 step 50/54 loss=1.3616 lr=1.68e-04
2026-07-16 07:58:31,061 [INFO] trainer: epoch 139 done train_loss=1.3685 dt=11.8s
2026-07-16 07:58:42,011 [INFO] trainer: epoch 140 step 50/54 loss=1.3210 lr=1.67e-04
2026-07-16 07:58:42,820 [INFO] trainer: epoch 140 done train_loss=1.3157 dt=11.8s
2026-07-16 07:58:54,416 [INFO] trainer: epoch 141 step 50/54 loss=1.3270 lr=1.67e-04
2026-07-16 07:58:55,226 [INFO] trainer: epoch 141 done train_loss=1.3289 dt=11.8s
2026-07-16 07:59:06,349 [INFO] trainer: epoch 142 step 50/54 loss=1.3263 lr=1.66e-04
2026-07-16 07:59:07,159 [INFO] trainer: epoch 142 done train_loss=1.3302 dt=11.9s
2026-07-16 07:59:18,235 [INFO] trainer: epoch 143 step 50/54 loss=1.3473 lr=1.66e-04
2026-07-16 07:59:19,044 [INFO] trainer: epoch 143 done train_loss=1.3568 dt=11.9s
2026-07-16 07:59:30,100 [INFO] trainer: epoch 144 step 50/54 loss=1.3152 lr=1.66e-04
2026-07-16 07:59:30,910 [INFO] trainer: epoch 144 done train_loss=1.3135 dt=11.9s
2026-07-16 07:59:41,950 [INFO] trainer: epoch 145 step 50/54 loss=1.3589 lr=1.65e-04
2026-07-16 07:59:42,759 [INFO] trainer: epoch 145 done train_loss=1.3522 dt=11.8s
2026-07-16 07:59:53,629 [INFO] trainer: epoch 146 step 50/54 loss=1.3192 lr=1.65e-04
2026-07-16 07:59:54,440 [INFO] trainer: epoch 146 done train_loss=1.3340 dt=11.7s
2026-07-16 08:00:05,382 [INFO] trainer: epoch 147 step 50/54 loss=1.3586 lr=1.64e-04
2026-07-16 08:00:06,191 [INFO] trainer: epoch 147 done train_loss=1.3472 dt=11.8s
2026-07-16 08:00:17,131 [INFO] trainer: epoch 148 step 50/54 loss=1.3222 lr=1.64e-04
2026-07-16 08:00:17,939 [INFO] trainer: epoch 148 done train_loss=1.3208 dt=11.7s
2026-07-16 08:00:28,805 [INFO] trainer: epoch 149 step 50/54 loss=1.3054 lr=1.63e-04
2026-07-16 08:00:29,614 [INFO] trainer: epoch 149 done train_loss=1.3082 dt=11.7s
2026-07-16 08:00:40,565 [INFO] trainer: epoch 150 step 50/54 loss=1.3257 lr=1.63e-04
2026-07-16 08:00:41,374 [INFO] trainer: epoch 150 done train_loss=1.3258 dt=11.8s
2026-07-16 08:01:24,862 [INFO] trainer: epoch 150 val_mean_dice=0.7307
2026-07-16 08:01:37,050 [INFO] trainer: epoch 151 step 50/54 loss=1.3195 lr=1.62e-04
2026-07-16 08:01:37,861 [INFO] trainer: epoch 151 done train_loss=1.3146 dt=12.1s
2026-07-16 08:01:48,777 [INFO] trainer: epoch 152 step 50/54 loss=1.3341 lr=1.62e-04
2026-07-16 08:01:49,586 [INFO] trainer: epoch 152 done train_loss=1.3184 dt=11.7s
2026-07-16 08:02:00,542 [INFO] trainer: epoch 153 step 50/54 loss=1.2950 lr=1.61e-04
2026-07-16 08:02:01,351 [INFO] trainer: epoch 153 done train_loss=1.3123 dt=11.8s
2026-07-16 08:02:12,456 [INFO] trainer: epoch 154 step 50/54 loss=1.2656 lr=1.61e-04
2026-07-16 08:02:13,266 [INFO] trainer: epoch 154 done train_loss=1.2717 dt=11.9s
2026-07-16 08:02:24,265 [INFO] trainer: epoch 155 step 50/54 loss=1.3323 lr=1.60e-04
2026-07-16 08:02:25,078 [INFO] trainer: epoch 155 done train_loss=1.3308 dt=11.8s
2026-07-16 08:02:36,163 [INFO] trainer: epoch 156 step 50/54 loss=1.3513 lr=1.60e-04
2026-07-16 08:02:36,972 [INFO] trainer: epoch 156 done train_loss=1.3424 dt=11.9s
2026-07-16 08:02:47,980 [INFO] trainer: epoch 157 step 50/54 loss=1.3573 lr=1.59e-04
2026-07-16 08:02:48,793 [INFO] trainer: epoch 157 done train_loss=1.3573 dt=11.8s
2026-07-16 08:03:00,028 [INFO] trainer: epoch 158 step 50/54 loss=1.3199 lr=1.59e-04
2026-07-16 08:03:00,838 [INFO] trainer: epoch 158 done train_loss=1.3159 dt=12.0s
2026-07-16 08:03:11,979 [INFO] trainer: epoch 159 step 50/54 loss=1.2968 lr=1.58e-04
2026-07-16 08:03:12,790 [INFO] trainer: epoch 159 done train_loss=1.3062 dt=12.0s
2026-07-16 08:03:23,890 [INFO] trainer: epoch 160 step 50/54 loss=1.2937 lr=1.57e-04
2026-07-16 08:03:24,698 [INFO] trainer: epoch 160 done train_loss=1.2841 dt=11.9s
2026-07-16 08:03:38,082 [INFO] trainer: epoch 161 step 50/54 loss=1.3167 lr=1.57e-04
2026-07-16 08:03:38,892 [INFO] trainer: epoch 161 done train_loss=1.3183 dt=11.9s
2026-07-16 08:03:49,870 [INFO] trainer: epoch 162 step 50/54 loss=1.3375 lr=1.56e-04
2026-07-16 08:03:50,681 [INFO] trainer: epoch 162 done train_loss=1.3367 dt=11.8s
2026-07-16 08:04:01,751 [INFO] trainer: epoch 163 step 50/54 loss=1.2870 lr=1.56e-04
2026-07-16 08:04:02,560 [INFO] trainer: epoch 163 done train_loss=1.3007 dt=11.9s
2026-07-16 08:04:13,642 [INFO] trainer: epoch 164 step 50/54 loss=1.2957 lr=1.55e-04
2026-07-16 08:04:14,454 [INFO] trainer: epoch 164 done train_loss=1.2986 dt=11.9s
2026-07-16 08:04:25,318 [INFO] trainer: epoch 165 step 50/54 loss=1.2509 lr=1.55e-04
2026-07-16 08:04:26,130 [INFO] trainer: epoch 165 done train_loss=1.2571 dt=11.7s
2026-07-16 08:04:37,104 [INFO] trainer: epoch 166 step 50/54 loss=1.3313 lr=1.54e-04
2026-07-16 08:04:37,915 [INFO] trainer: epoch 166 done train_loss=1.3388 dt=11.8s
2026-07-16 08:04:49,098 [INFO] trainer: epoch 167 step 50/54 loss=1.3138 lr=1.54e-04
2026-07-16 08:04:49,911 [INFO] trainer: epoch 167 done train_loss=1.3137 dt=12.0s
2026-07-16 08:05:01,108 [INFO] trainer: epoch 168 step 50/54 loss=1.2786 lr=1.53e-04
2026-07-16 08:05:01,917 [INFO] trainer: epoch 168 done train_loss=1.2949 dt=12.0s
2026-07-16 08:05:12,944 [INFO] trainer: epoch 169 step 50/54 loss=1.2915 lr=1.53e-04
2026-07-16 08:05:13,755 [INFO] trainer: epoch 169 done train_loss=1.2945 dt=11.8s
2026-07-16 08:05:24,661 [INFO] trainer: epoch 170 step 50/54 loss=1.3015 lr=1.52e-04
2026-07-16 08:05:25,470 [INFO] trainer: epoch 170 done train_loss=1.3034 dt=11.7s
2026-07-16 08:05:36,745 [INFO] trainer: epoch 171 step 50/54 loss=1.2949 lr=1.52e-04
2026-07-16 08:05:37,554 [INFO] trainer: epoch 171 done train_loss=1.2884 dt=11.8s
2026-07-16 08:05:48,507 [INFO] trainer: epoch 172 step 50/54 loss=1.2952 lr=1.51e-04
2026-07-16 08:05:49,319 [INFO] trainer: epoch 172 done train_loss=1.3028 dt=11.8s
2026-07-16 08:06:00,355 [INFO] trainer: epoch 173 step 50/54 loss=1.2935 lr=1.50e-04
2026-07-16 08:06:01,165 [INFO] trainer: epoch 173 done train_loss=1.2857 dt=11.8s
2026-07-16 08:06:12,236 [INFO] trainer: epoch 174 step 50/54 loss=1.2467 lr=1.50e-04
2026-07-16 08:06:13,045 [INFO] trainer: epoch 174 done train_loss=1.2487 dt=11.9s
2026-07-16 08:06:24,206 [INFO] trainer: epoch 175 step 50/54 loss=1.2754 lr=1.49e-04
2026-07-16 08:06:25,015 [INFO] trainer: epoch 175 done train_loss=1.2808 dt=12.0s
2026-07-16 08:07:08,482 [INFO] trainer: epoch 175 val_mean_dice=0.7375
2026-07-16 08:07:19,845 [INFO] trainer: epoch 176 step 50/54 loss=1.2705 lr=1.49e-04
2026-07-16 08:07:20,647 [INFO] trainer: epoch 176 done train_loss=1.2773 dt=11.9s
2026-07-16 08:07:31,712 [INFO] trainer: epoch 177 step 50/54 loss=1.2546 lr=1.48e-04
2026-07-16 08:07:32,528 [INFO] trainer: epoch 177 done train_loss=1.2525 dt=11.9s
2026-07-16 08:07:43,520 [INFO] trainer: epoch 178 step 50/54 loss=1.2499 lr=1.48e-04
2026-07-16 08:07:44,329 [INFO] trainer: epoch 178 done train_loss=1.2530 dt=11.8s
2026-07-16 08:07:55,447 [INFO] trainer: epoch 179 step 50/54 loss=1.2868 lr=1.47e-04
2026-07-16 08:07:56,262 [INFO] trainer: epoch 179 done train_loss=1.2819 dt=11.9s
2026-07-16 08:08:07,198 [INFO] trainer: epoch 180 step 50/54 loss=1.3032 lr=1.47e-04
2026-07-16 08:08:08,012 [INFO] trainer: epoch 180 done train_loss=1.3106 dt=11.7s
2026-07-16 08:08:19,219 [INFO] trainer: epoch 181 step 50/54 loss=1.2704 lr=1.46e-04
2026-07-16 08:08:20,032 [INFO] trainer: epoch 181 done train_loss=1.2752 dt=11.7s
2026-07-16 08:08:30,884 [INFO] trainer: epoch 182 step 50/54 loss=1.2683 lr=1.45e-04
2026-07-16 08:08:31,697 [INFO] trainer: epoch 182 done train_loss=1.2824 dt=11.7s
2026-07-16 08:08:42,639 [INFO] trainer: epoch 183 step 50/54 loss=1.2649 lr=1.45e-04
2026-07-16 08:08:43,450 [INFO] trainer: epoch 183 done train_loss=1.2695 dt=11.8s
2026-07-16 08:08:54,460 [INFO] trainer: epoch 184 step 50/54 loss=1.2887 lr=1.44e-04
2026-07-16 08:08:55,272 [INFO] trainer: epoch 184 done train_loss=1.2838 dt=11.8s
2026-07-16 08:09:06,162 [INFO] trainer: epoch 185 step 50/54 loss=1.2441 lr=1.44e-04
2026-07-16 08:09:06,975 [INFO] trainer: epoch 185 done train_loss=1.2526 dt=11.7s
2026-07-16 08:09:18,067 [INFO] trainer: epoch 186 step 50/54 loss=1.3044 lr=1.43e-04
2026-07-16 08:09:18,879 [INFO] trainer: epoch 186 done train_loss=1.3069 dt=11.9s
2026-07-16 08:09:29,817 [INFO] trainer: epoch 187 step 50/54 loss=1.2352 lr=1.43e-04
2026-07-16 08:09:30,628 [INFO] trainer: epoch 187 done train_loss=1.2354 dt=11.7s
2026-07-16 08:09:41,634 [INFO] trainer: epoch 188 step 50/54 loss=1.2570 lr=1.42e-04
2026-07-16 08:09:42,447 [INFO] trainer: epoch 188 done train_loss=1.2554 dt=11.8s
2026-07-16 08:09:53,569 [INFO] trainer: epoch 189 step 50/54 loss=1.2403 lr=1.41e-04
2026-07-16 08:09:54,379 [INFO] trainer: epoch 189 done train_loss=1.2267 dt=11.9s
2026-07-16 08:10:05,374 [INFO] trainer: epoch 190 step 50/54 loss=1.2851 lr=1.41e-04
2026-07-16 08:10:06,183 [INFO] trainer: epoch 190 done train_loss=1.2932 dt=11.8s
2026-07-16 08:10:17,444 [INFO] trainer: epoch 191 step 50/54 loss=1.2843 lr=1.40e-04
2026-07-16 08:10:18,255 [INFO] trainer: epoch 191 done train_loss=1.2890 dt=11.7s
2026-07-16 08:10:29,278 [INFO] trainer: epoch 192 step 50/54 loss=1.2798 lr=1.40e-04
2026-07-16 08:10:30,089 [INFO] trainer: epoch 192 done train_loss=1.3001 dt=11.8s
2026-07-16 08:10:40,998 [INFO] trainer: epoch 193 step 50/54 loss=1.2771 lr=1.39e-04
2026-07-16 08:10:41,810 [INFO] trainer: epoch 193 done train_loss=1.2745 dt=11.7s
2026-07-16 08:10:52,917 [INFO] trainer: epoch 194 step 50/54 loss=1.2736 lr=1.38e-04
2026-07-16 08:10:53,727 [INFO] trainer: epoch 194 done train_loss=1.2580 dt=11.9s
2026-07-16 08:11:04,848 [INFO] trainer: epoch 195 step 50/54 loss=1.2624 lr=1.38e-04
2026-07-16 08:11:05,656 [INFO] trainer: epoch 195 done train_loss=1.2496 dt=11.9s
2026-07-16 08:11:16,491 [INFO] trainer: epoch 196 step 50/54 loss=1.2399 lr=1.37e-04
2026-07-16 08:11:17,300 [INFO] trainer: epoch 196 done train_loss=1.2331 dt=11.6s
2026-07-16 08:11:28,358 [INFO] trainer: epoch 197 step 50/54 loss=1.2825 lr=1.37e-04
2026-07-16 08:11:29,166 [INFO] trainer: epoch 197 done train_loss=1.2848 dt=11.9s
2026-07-16 08:11:40,036 [INFO] trainer: epoch 198 step 50/54 loss=1.2585 lr=1.36e-04
2026-07-16 08:11:40,844 [INFO] trainer: epoch 198 done train_loss=1.2687 dt=11.7s
2026-07-16 08:11:51,820 [INFO] trainer: epoch 199 step 50/54 loss=1.2429 lr=1.36e-04
2026-07-16 08:11:52,628 [INFO] trainer: epoch 199 done train_loss=1.2362 dt=11.8s
2026-07-16 08:12:03,801 [INFO] trainer: epoch 200 step 50/54 loss=1.2610 lr=1.35e-04
2026-07-16 08:12:04,609 [INFO] trainer: epoch 200 done train_loss=1.2488 dt=12.0s
2026-07-16 08:12:48,002 [INFO] trainer: epoch 200 val_mean_dice=0.7460
2026-07-16 08:12:59,678 [INFO] trainer: epoch 201 step 50/54 loss=1.2067 lr=1.34e-04
2026-07-16 08:13:00,488 [INFO] trainer: epoch 201 done train_loss=1.2027 dt=11.9s
2026-07-16 08:13:11,591 [INFO] trainer: epoch 202 step 50/54 loss=1.2425 lr=1.34e-04
2026-07-16 08:13:12,402 [INFO] trainer: epoch 202 done train_loss=1.2384 dt=11.9s
2026-07-16 08:13:23,491 [INFO] trainer: epoch 203 step 50/54 loss=1.2175 lr=1.33e-04
2026-07-16 08:13:24,302 [INFO] trainer: epoch 203 done train_loss=1.2367 dt=11.9s
2026-07-16 08:13:35,221 [INFO] trainer: epoch 204 step 50/54 loss=1.2662 lr=1.33e-04
2026-07-16 08:13:36,032 [INFO] trainer: epoch 204 done train_loss=1.2794 dt=11.7s
2026-07-16 08:13:47,198 [INFO] trainer: epoch 205 step 50/54 loss=1.2948 lr=1.32e-04
2026-07-16 08:13:48,008 [INFO] trainer: epoch 205 done train_loss=1.2939 dt=12.0s
2026-07-16 08:13:59,106 [INFO] trainer: epoch 206 step 50/54 loss=1.2508 lr=1.31e-04
2026-07-16 08:13:59,918 [INFO] trainer: epoch 206 done train_loss=1.2468 dt=11.9s
2026-07-16 08:14:10,994 [INFO] trainer: epoch 207 step 50/54 loss=1.2185 lr=1.31e-04
2026-07-16 08:14:11,804 [INFO] trainer: epoch 207 done train_loss=1.2237 dt=11.9s
2026-07-16 08:14:22,774 [INFO] trainer: epoch 208 step 50/54 loss=1.2684 lr=1.30e-04
2026-07-16 08:14:23,584 [INFO] trainer: epoch 208 done train_loss=1.2774 dt=11.8s
2026-07-16 08:14:34,588 [INFO] trainer: epoch 209 step 50/54 loss=1.2354 lr=1.29e-04
2026-07-16 08:14:35,399 [INFO] trainer: epoch 209 done train_loss=1.2201 dt=11.8s
2026-07-16 08:14:46,277 [INFO] trainer: epoch 210 step 50/54 loss=1.2381 lr=1.29e-04
2026-07-16 08:14:47,086 [INFO] trainer: epoch 210 done train_loss=1.2481 dt=11.7s
2026-07-16 08:14:58,482 [INFO] trainer: epoch 211 step 50/54 loss=1.2668 lr=1.28e-04
2026-07-16 08:14:59,292 [INFO] trainer: epoch 211 done train_loss=1.2529 dt=11.9s
2026-07-16 08:15:10,367 [INFO] trainer: epoch 212 step 50/54 loss=1.2517 lr=1.28e-04
2026-07-16 08:15:11,179 [INFO] trainer: epoch 212 done train_loss=1.2468 dt=11.9s
2026-07-16 08:15:22,043 [INFO] trainer: epoch 213 step 50/54 loss=1.2171 lr=1.27e-04
2026-07-16 08:15:22,852 [INFO] trainer: epoch 213 done train_loss=1.2185 dt=11.7s
2026-07-16 08:15:33,818 [INFO] trainer: epoch 214 step 50/54 loss=1.2421 lr=1.26e-04
2026-07-16 08:15:34,629 [INFO] trainer: epoch 214 done train_loss=1.2417 dt=11.8s
2026-07-16 08:15:45,678 [INFO] trainer: epoch 215 step 50/54 loss=1.2933 lr=1.26e-04
2026-07-16 08:15:46,488 [INFO] trainer: epoch 215 done train_loss=1.2881 dt=11.9s
2026-07-16 08:15:57,610 [INFO] trainer: epoch 216 step 50/54 loss=1.2395 lr=1.25e-04
2026-07-16 08:15:58,423 [INFO] trainer: epoch 216 done train_loss=1.2423 dt=11.9s
2026-07-16 08:16:09,360 [INFO] trainer: epoch 217 step 50/54 loss=1.2621 lr=1.25e-04
2026-07-16 08:16:10,169 [INFO] trainer: epoch 217 done train_loss=1.2592 dt=11.7s
2026-07-16 08:16:21,089 [INFO] trainer: epoch 218 step 50/54 loss=1.2055 lr=1.24e-04
2026-07-16 08:16:21,897 [INFO] trainer: epoch 218 done train_loss=1.1979 dt=11.7s
2026-07-16 08:16:32,910 [INFO] trainer: epoch 219 step 50/54 loss=1.2166 lr=1.23e-04
2026-07-16 08:16:33,720 [INFO] trainer: epoch 219 done train_loss=1.2297 dt=11.8s
2026-07-16 08:16:44,675 [INFO] trainer: epoch 220 step 50/54 loss=1.2204 lr=1.23e-04
2026-07-16 08:16:45,485 [INFO] trainer: epoch 220 done train_loss=1.2219 dt=11.8s
2026-07-16 08:16:56,953 [INFO] trainer: epoch 221 step 50/54 loss=1.2273 lr=1.22e-04
2026-07-16 08:16:57,762 [INFO] trainer: epoch 221 done train_loss=1.2137 dt=12.0s
2026-07-16 08:17:08,940 [INFO] trainer: epoch 222 step 50/54 loss=1.2408 lr=1.21e-04
2026-07-16 08:17:09,749 [INFO] trainer: epoch 222 done train_loss=1.2429 dt=12.0s
2026-07-16 08:17:20,843 [INFO] trainer: epoch 223 step 50/54 loss=1.2584 lr=1.21e-04
2026-07-16 08:17:21,654 [INFO] trainer: epoch 223 done train_loss=1.2461 dt=11.9s
2026-07-16 08:17:32,700 [INFO] trainer: epoch 224 step 50/54 loss=1.2314 lr=1.20e-04
2026-07-16 08:17:33,512 [INFO] trainer: epoch 224 done train_loss=1.2376 dt=11.9s
2026-07-16 08:17:44,572 [INFO] trainer: epoch 225 step 50/54 loss=1.2589 lr=1.20e-04
2026-07-16 08:17:45,382 [INFO] trainer: epoch 225 done train_loss=1.2571 dt=11.9s
2026-07-16 08:18:28,786 [INFO] trainer: epoch 225 val_mean_dice=0.7436
2026-07-16 08:18:39,964 [INFO] trainer: epoch 226 step 50/54 loss=1.2219 lr=1.19e-04
2026-07-16 08:18:40,776 [INFO] trainer: epoch 226 done train_loss=1.2334 dt=12.0s
2026-07-16 08:18:51,837 [INFO] trainer: epoch 227 step 50/54 loss=1.2391 lr=1.18e-04
2026-07-16 08:18:52,650 [INFO] trainer: epoch 227 done train_loss=1.2366 dt=11.9s
2026-07-16 08:19:03,644 [INFO] trainer: epoch 228 step 50/54 loss=1.2570 lr=1.18e-04
2026-07-16 08:19:04,454 [INFO] trainer: epoch 228 done train_loss=1.2620 dt=11.8s
2026-07-16 08:19:15,435 [INFO] trainer: epoch 229 step 50/54 loss=1.2800 lr=1.17e-04
2026-07-16 08:19:16,247 [INFO] trainer: epoch 229 done train_loss=1.2689 dt=11.8s
2026-07-16 08:19:27,270 [INFO] trainer: epoch 230 step 50/54 loss=1.2179 lr=1.16e-04
2026-07-16 08:19:28,080 [INFO] trainer: epoch 230 done train_loss=1.2353 dt=11.8s
2026-07-16 08:19:39,408 [INFO] trainer: epoch 231 step 50/54 loss=1.2706 lr=1.16e-04
2026-07-16 08:19:40,220 [INFO] trainer: epoch 231 done train_loss=1.2769 dt=11.8s
2026-07-16 08:19:51,041 [INFO] trainer: epoch 232 step 50/54 loss=1.2529 lr=1.15e-04
2026-07-16 08:19:51,851 [INFO] trainer: epoch 232 done train_loss=1.2624 dt=11.6s
2026-07-16 08:20:03,046 [INFO] trainer: epoch 233 step 50/54 loss=1.2643 lr=1.15e-04
2026-07-16 08:20:03,858 [INFO] trainer: epoch 233 done train_loss=1.2632 dt=12.0s
2026-07-16 08:20:14,991 [INFO] trainer: epoch 234 step 50/54 loss=1.2304 lr=1.14e-04
2026-07-16 08:20:15,801 [INFO] trainer: epoch 234 done train_loss=1.2310 dt=11.9s
2026-07-16 08:20:26,726 [INFO] trainer: epoch 235 step 50/54 loss=1.2467 lr=1.13e-04
2026-07-16 08:20:27,538 [INFO] trainer: epoch 235 done train_loss=1.2475 dt=11.7s
2026-07-16 08:20:38,468 [INFO] trainer: epoch 236 step 50/54 loss=1.1872 lr=1.13e-04
2026-07-16 08:20:39,278 [INFO] trainer: epoch 236 done train_loss=1.1899 dt=11.7s
2026-07-16 08:20:50,296 [INFO] trainer: epoch 237 step 50/54 loss=1.1818 lr=1.12e-04
2026-07-16 08:20:51,108 [INFO] trainer: epoch 237 done train_loss=1.1722 dt=11.8s
2026-07-16 08:21:02,182 [INFO] trainer: epoch 238 step 50/54 loss=1.2201 lr=1.11e-04
2026-07-16 08:21:02,993 [INFO] trainer: epoch 238 done train_loss=1.2224 dt=11.9s
2026-07-16 08:21:14,075 [INFO] trainer: epoch 239 step 50/54 loss=1.2218 lr=1.11e-04
2026-07-16 08:21:14,889 [INFO] trainer: epoch 239 done train_loss=1.2203 dt=11.9s
2026-07-16 08:21:26,042 [INFO] trainer: epoch 240 step 50/54 loss=1.2507 lr=1.10e-04
2026-07-16 08:21:26,854 [INFO] trainer: epoch 240 done train_loss=1.2455 dt=12.0s
2026-07-16 08:21:38,166 [INFO] trainer: epoch 241 step 50/54 loss=1.2335 lr=1.09e-04
2026-07-16 08:21:38,978 [INFO] trainer: epoch 241 done train_loss=1.2262 dt=11.8s
2026-07-16 08:21:49,798 [INFO] trainer: epoch 242 step 50/54 loss=1.2346 lr=1.09e-04
2026-07-16 08:21:50,612 [INFO] trainer: epoch 242 done train_loss=1.2198 dt=11.6s
2026-07-16 08:22:01,732 [INFO] trainer: epoch 243 step 50/54 loss=1.2444 lr=1.08e-04
2026-07-16 08:22:02,545 [INFO] trainer: epoch 243 done train_loss=1.2479 dt=11.9s
2026-07-16 08:22:13,515 [INFO] trainer: epoch 244 step 50/54 loss=1.2156 lr=1.08e-04
2026-07-16 08:22:14,324 [INFO] trainer: epoch 244 done train_loss=1.2136 dt=11.8s
2026-07-16 08:22:25,293 [INFO] trainer: epoch 245 step 50/54 loss=1.2966 lr=1.07e-04
2026-07-16 08:22:26,104 [INFO] trainer: epoch 245 done train_loss=1.2963 dt=11.8s
2026-07-16 08:22:37,161 [INFO] trainer: epoch 246 step 50/54 loss=1.2155 lr=1.06e-04
2026-07-16 08:22:37,973 [INFO] trainer: epoch 246 done train_loss=1.2164 dt=11.9s
2026-07-16 08:22:49,170 [INFO] trainer: epoch 247 step 50/54 loss=1.2425 lr=1.06e-04
2026-07-16 08:22:49,981 [INFO] trainer: epoch 247 done train_loss=1.2486 dt=12.0s
2026-07-16 08:23:00,840 [INFO] trainer: epoch 248 step 50/54 loss=1.2216 lr=1.05e-04
2026-07-16 08:23:01,649 [INFO] trainer: epoch 248 done train_loss=1.2345 dt=11.7s
2026-07-16 08:23:12,646 [INFO] trainer: epoch 249 step 50/54 loss=1.2070 lr=1.04e-04
2026-07-16 08:23:13,456 [INFO] trainer: epoch 249 done train_loss=1.2006 dt=11.8s
2026-07-16 08:23:24,370 [INFO] trainer: epoch 250 step 50/54 loss=1.2604 lr=1.04e-04
2026-07-16 08:23:25,183 [INFO] trainer: epoch 250 done train_loss=1.2636 dt=11.7s
2026-07-16 08:24:08,557 [INFO] trainer: epoch 250 val_mean_dice=0.7451
2026-07-16 08:24:19,773 [INFO] trainer: epoch 251 step 50/54 loss=1.2882 lr=1.03e-04
2026-07-16 08:24:20,587 [INFO] trainer: epoch 251 done train_loss=1.2695 dt=11.7s
2026-07-16 08:24:31,526 [INFO] trainer: epoch 252 step 50/54 loss=1.2476 lr=1.02e-04
2026-07-16 08:24:32,338 [INFO] trainer: epoch 252 done train_loss=1.2409 dt=11.8s
2026-07-16 08:24:43,175 [INFO] trainer: epoch 253 step 50/54 loss=1.1940 lr=1.02e-04
2026-07-16 08:24:43,986 [INFO] trainer: epoch 253 done train_loss=1.2012 dt=11.6s
2026-07-16 08:24:54,759 [INFO] trainer: epoch 254 step 50/54 loss=1.2235 lr=1.01e-04
2026-07-16 08:24:55,567 [INFO] trainer: epoch 254 done train_loss=1.2206 dt=11.6s
2026-07-16 08:25:06,534 [INFO] trainer: epoch 255 step 50/54 loss=1.2061 lr=1.01e-04
2026-07-16 08:25:07,344 [INFO] trainer: epoch 255 done train_loss=1.2032 dt=11.8s
2026-07-16 08:25:18,471 [INFO] trainer: epoch 256 step 50/54 loss=1.1820 lr=9.99e-05
2026-07-16 08:25:19,282 [INFO] trainer: epoch 256 done train_loss=1.1825 dt=11.9s
2026-07-16 08:25:30,240 [INFO] trainer: epoch 257 step 50/54 loss=1.1890 lr=9.93e-05
2026-07-16 08:25:31,050 [INFO] trainer: epoch 257 done train_loss=1.1811 dt=11.8s
2026-07-16 08:25:42,009 [INFO] trainer: epoch 258 step 50/54 loss=1.1846 lr=9.86e-05
2026-07-16 08:25:42,819 [INFO] trainer: epoch 258 done train_loss=1.1768 dt=11.8s
2026-07-16 08:25:53,918 [INFO] trainer: epoch 259 step 50/54 loss=1.2186 lr=9.80e-05
2026-07-16 08:25:54,727 [INFO] trainer: epoch 259 done train_loss=1.2111 dt=11.9s
2026-07-16 08:26:05,861 [INFO] trainer: epoch 260 step 50/54 loss=1.2184 lr=9.74e-05
2026-07-16 08:26:06,670 [INFO] trainer: epoch 260 done train_loss=1.2162 dt=11.9s
2026-07-16 08:26:18,110 [INFO] trainer: epoch 261 step 50/54 loss=1.2234 lr=9.67e-05
2026-07-16 08:26:18,920 [INFO] trainer: epoch 261 done train_loss=1.2244 dt=11.9s
2026-07-16 08:26:29,836 [INFO] trainer: epoch 262 step 50/54 loss=1.2092 lr=9.61e-05
2026-07-16 08:26:30,646 [INFO] trainer: epoch 262 done train_loss=1.2202 dt=11.7s
2026-07-16 08:26:41,845 [INFO] trainer: epoch 263 step 50/54 loss=1.1927 lr=9.54e-05
2026-07-16 08:26:42,657 [INFO] trainer: epoch 263 done train_loss=1.2116 dt=12.0s
2026-07-16 08:26:53,816 [INFO] trainer: epoch 264 step 50/54 loss=1.1859 lr=9.48e-05
2026-07-16 08:26:54,627 [INFO] trainer: epoch 264 done train_loss=1.1848 dt=12.0s
2026-07-16 08:27:05,545 [INFO] trainer: epoch 265 step 50/54 loss=1.1856 lr=9.42e-05
2026-07-16 08:27:06,354 [INFO] trainer: epoch 265 done train_loss=1.1927 dt=11.7s
2026-07-16 08:27:17,279 [INFO] trainer: epoch 266 step 50/54 loss=1.2041 lr=9.35e-05
2026-07-16 08:27:18,089 [INFO] trainer: epoch 266 done train_loss=1.2032 dt=11.7s
2026-07-16 08:27:29,174 [INFO] trainer: epoch 267 step 50/54 loss=1.2156 lr=9.29e-05
2026-07-16 08:27:29,985 [INFO] trainer: epoch 267 done train_loss=1.2173 dt=11.9s
2026-07-16 08:27:40,997 [INFO] trainer: epoch 268 step 50/54 loss=1.2411 lr=9.23e-05
2026-07-16 08:27:41,808 [INFO] trainer: epoch 268 done train_loss=1.2387 dt=11.8s
2026-07-16 08:27:52,800 [INFO] trainer: epoch 269 step 50/54 loss=1.2353 lr=9.16e-05
2026-07-16 08:27:53,612 [INFO] trainer: epoch 269 done train_loss=1.2261 dt=11.8s
2026-07-16 08:28:04,535 [INFO] trainer: epoch 270 step 50/54 loss=1.1980 lr=9.10e-05
2026-07-16 08:28:05,345 [INFO] trainer: epoch 270 done train_loss=1.1907 dt=11.7s
2026-07-16 08:28:16,520 [INFO] trainer: epoch 271 step 50/54 loss=1.1661 lr=9.04e-05
2026-07-16 08:28:17,329 [INFO] trainer: epoch 271 done train_loss=1.1711 dt=11.7s
2026-07-16 08:28:28,409 [INFO] trainer: epoch 272 step 50/54 loss=1.2437 lr=8.97e-05
2026-07-16 08:28:29,221 [INFO] trainer: epoch 272 done train_loss=1.2325 dt=11.9s
2026-07-16 08:28:40,189 [INFO] trainer: epoch 273 step 50/54 loss=1.1994 lr=8.91e-05
2026-07-16 08:28:41,000 [INFO] trainer: epoch 273 done train_loss=1.2108 dt=11.8s
2026-07-16 08:28:51,767 [INFO] trainer: epoch 274 step 50/54 loss=1.2399 lr=8.85e-05
2026-07-16 08:28:52,577 [INFO] trainer: epoch 274 done train_loss=1.2417 dt=11.6s
2026-07-16 08:29:03,783 [INFO] trainer: epoch 275 step 50/54 loss=1.2044 lr=8.78e-05
2026-07-16 08:29:04,596 [INFO] trainer: epoch 275 done train_loss=1.2059 dt=12.0s
2026-07-16 08:29:48,010 [INFO] trainer: epoch 275 val_mean_dice=0.7494
2026-07-16 08:29:59,445 [INFO] trainer: epoch 276 step 50/54 loss=1.2363 lr=8.72e-05
2026-07-16 08:30:00,255 [INFO] trainer: epoch 276 done train_loss=1.2336 dt=11.9s
2026-07-16 08:30:11,080 [INFO] trainer: epoch 277 step 50/54 loss=1.1749 lr=8.66e-05
2026-07-16 08:30:11,888 [INFO] trainer: epoch 277 done train_loss=1.1924 dt=11.6s
2026-07-16 08:30:22,883 [INFO] trainer: epoch 278 step 50/54 loss=1.2262 lr=8.59e-05
2026-07-16 08:30:23,694 [INFO] trainer: epoch 278 done train_loss=1.2244 dt=11.8s
2026-07-16 08:30:34,572 [INFO] trainer: epoch 279 step 50/54 loss=1.2102 lr=8.53e-05
2026-07-16 08:30:35,380 [INFO] trainer: epoch 279 done train_loss=1.1966 dt=11.7s
2026-07-16 08:30:46,245 [INFO] trainer: epoch 280 step 50/54 loss=1.1774 lr=8.47e-05
2026-07-16 08:30:47,055 [INFO] trainer: epoch 280 done train_loss=1.1871 dt=11.7s
2026-07-16 08:30:58,283 [INFO] trainer: epoch 281 step 50/54 loss=1.1793 lr=8.40e-05
2026-07-16 08:30:59,092 [INFO] trainer: epoch 281 done train_loss=1.1780 dt=11.7s
2026-07-16 08:31:09,888 [INFO] trainer: epoch 282 step 50/54 loss=1.2303 lr=8.34e-05
2026-07-16 08:31:10,697 [INFO] trainer: epoch 282 done train_loss=1.2311 dt=11.6s
2026-07-16 08:31:21,865 [INFO] trainer: epoch 283 step 50/54 loss=1.2034 lr=8.28e-05
2026-07-16 08:31:22,673 [INFO] trainer: epoch 283 done train_loss=1.2113 dt=12.0s
2026-07-16 08:31:33,937 [INFO] trainer: epoch 284 step 50/54 loss=1.1931 lr=8.22e-05
2026-07-16 08:31:34,747 [INFO] trainer: epoch 284 done train_loss=1.1972 dt=12.1s
2026-07-16 08:31:45,687 [INFO] trainer: epoch 285 step 50/54 loss=1.1939 lr=8.15e-05
2026-07-16 08:31:46,497 [INFO] trainer: epoch 285 done train_loss=1.1930 dt=11.7s
2026-07-16 08:31:57,482 [INFO] trainer: epoch 286 step 50/54 loss=1.2103 lr=8.09e-05
2026-07-16 08:31:58,292 [INFO] trainer: epoch 286 done train_loss=1.2118 dt=11.8s
2026-07-16 08:32:09,311 [INFO] trainer: epoch 287 step 50/54 loss=1.2084 lr=8.03e-05
2026-07-16 08:32:10,121 [INFO] trainer: epoch 287 done train_loss=1.2077 dt=11.8s
2026-07-16 08:32:21,152 [INFO] trainer: epoch 288 step 50/54 loss=1.2344 lr=7.97e-05
2026-07-16 08:32:21,962 [INFO] trainer: epoch 288 done train_loss=1.2367 dt=11.8s
2026-07-16 08:32:32,961 [INFO] trainer: epoch 289 step 50/54 loss=1.1954 lr=7.90e-05
2026-07-16 08:32:33,769 [INFO] trainer: epoch 289 done train_loss=1.1939 dt=11.8s
2026-07-16 08:32:44,869 [INFO] trainer: epoch 290 step 50/54 loss=1.1791 lr=7.84e-05
2026-07-16 08:32:45,679 [INFO] trainer: epoch 290 done train_loss=1.1745 dt=11.9s
2026-07-16 08:32:57,065 [INFO] trainer: epoch 291 step 50/54 loss=1.1852 lr=7.78e-05
2026-07-16 08:32:57,876 [INFO] trainer: epoch 291 done train_loss=1.1855 dt=11.9s
2026-07-16 08:33:08,801 [INFO] trainer: epoch 292 step 50/54 loss=1.2036 lr=7.72e-05
2026-07-16 08:33:09,610 [INFO] trainer: epoch 292 done train_loss=1.2013 dt=11.7s
2026-07-16 08:33:20,457 [INFO] trainer: epoch 293 step 50/54 loss=1.1857 lr=7.65e-05
2026-07-16 08:33:21,266 [INFO] trainer: epoch 293 done train_loss=1.1770 dt=11.7s
2026-07-16 08:33:32,316 [INFO] trainer: epoch 294 step 50/54 loss=1.2540 lr=7.59e-05
2026-07-16 08:33:33,127 [INFO] trainer: epoch 294 done train_loss=1.2488 dt=11.9s
2026-07-16 08:33:44,319 [INFO] trainer: epoch 295 step 50/54 loss=1.2133 lr=7.53e-05
2026-07-16 08:33:45,129 [INFO] trainer: epoch 295 done train_loss=1.2127 dt=12.0s
2026-07-16 08:33:56,148 [INFO] trainer: epoch 296 step 50/54 loss=1.1859 lr=7.47e-05
2026-07-16 08:33:56,960 [INFO] trainer: epoch 296 done train_loss=1.1805 dt=11.8s
2026-07-16 08:34:07,981 [INFO] trainer: epoch 297 step 50/54 loss=1.2100 lr=7.41e-05
2026-07-16 08:34:08,793 [INFO] trainer: epoch 297 done train_loss=1.2039 dt=11.8s
2026-07-16 08:34:19,949 [INFO] trainer: epoch 298 step 50/54 loss=1.1741 lr=7.35e-05
2026-07-16 08:34:20,759 [INFO] trainer: epoch 298 done train_loss=1.1789 dt=12.0s
2026-07-16 08:34:31,745 [INFO] trainer: epoch 299 step 50/54 loss=1.1797 lr=7.28e-05
2026-07-16 08:34:32,554 [INFO] trainer: epoch 299 done train_loss=1.1714 dt=11.8s
2026-07-16 08:34:43,392 [INFO] trainer: epoch 300 step 50/54 loss=1.2308 lr=7.22e-05
2026-07-16 08:34:44,203 [INFO] trainer: epoch 300 done train_loss=1.2346 dt=11.6s
2026-07-16 08:35:28,521 [INFO] trainer: epoch 300 val_mean_dice=0.7500
2026-07-16 08:35:40,054 [INFO] trainer: epoch 301 step 50/54 loss=1.1671 lr=7.16e-05
2026-07-16 08:35:40,867 [INFO] trainer: epoch 301 done train_loss=1.1619 dt=11.8s
2026-07-16 08:35:51,822 [INFO] trainer: epoch 302 step 50/54 loss=1.2169 lr=7.10e-05
2026-07-16 08:35:52,637 [INFO] trainer: epoch 302 done train_loss=1.2068 dt=11.8s
2026-07-16 08:36:03,608 [INFO] trainer: epoch 303 step 50/54 loss=1.2315 lr=7.04e-05
2026-07-16 08:36:04,418 [INFO] trainer: epoch 303 done train_loss=1.2167 dt=11.8s
2026-07-16 08:36:15,514 [INFO] trainer: epoch 304 step 50/54 loss=1.1531 lr=6.98e-05
2026-07-16 08:36:16,324 [INFO] trainer: epoch 304 done train_loss=1.1568 dt=11.9s
2026-07-16 08:36:27,245 [INFO] trainer: epoch 305 step 50/54 loss=1.1704 lr=6.92e-05
2026-07-16 08:36:28,055 [INFO] trainer: epoch 305 done train_loss=1.1849 dt=11.7s
2026-07-16 08:36:39,072 [INFO] trainer: epoch 306 step 50/54 loss=1.1597 lr=6.86e-05
2026-07-16 08:36:39,881 [INFO] trainer: epoch 306 done train_loss=1.1546 dt=11.8s
2026-07-16 08:36:56,879 [INFO] trainer: epoch 307 step 50/54 loss=1.2010 lr=6.80e-05
2026-07-16 08:36:57,694 [INFO] trainer: epoch 307 done train_loss=1.2083 dt=17.8s
2026-07-16 08:37:08,670 [INFO] trainer: epoch 308 step 50/54 loss=1.1827 lr=6.74e-05
2026-07-16 08:37:09,479 [INFO] trainer: epoch 308 done train_loss=1.2049 dt=11.8s
2026-07-16 08:37:20,612 [INFO] trainer: epoch 309 step 50/54 loss=1.2356 lr=6.68e-05
2026-07-16 08:37:21,423 [INFO] trainer: epoch 309 done train_loss=1.2373 dt=11.9s
2026-07-16 08:37:32,451 [INFO] trainer: epoch 310 step 50/54 loss=1.1821 lr=6.62e-05
2026-07-16 08:37:33,261 [INFO] trainer: epoch 310 done train_loss=1.1673 dt=11.8s
2026-07-16 08:37:44,639 [INFO] trainer: epoch 311 step 50/54 loss=1.1692 lr=6.56e-05
2026-07-16 08:37:45,449 [INFO] trainer: epoch 311 done train_loss=1.1668 dt=11.9s
2026-07-16 08:37:56,587 [INFO] trainer: epoch 312 step 50/54 loss=1.2234 lr=6.50e-05
2026-07-16 08:37:57,405 [INFO] trainer: epoch 312 done train_loss=1.2214 dt=12.0s
2026-07-16 08:38:08,475 [INFO] trainer: epoch 313 step 50/54 loss=1.1895 lr=6.44e-05
2026-07-16 08:38:09,284 [INFO] trainer: epoch 313 done train_loss=1.1952 dt=11.9s
2026-07-16 08:38:20,464 [INFO] trainer: epoch 314 step 50/54 loss=1.1868 lr=6.38e-05
2026-07-16 08:38:21,276 [INFO] trainer: epoch 314 done train_loss=1.1796 dt=12.0s
2026-07-16 08:38:32,375 [INFO] trainer: epoch 315 step 50/54 loss=1.1744 lr=6.32e-05
2026-07-16 08:38:33,184 [INFO] trainer: epoch 315 done train_loss=1.1970 dt=11.9s
2026-07-16 08:38:44,305 [INFO] trainer: epoch 316 step 50/54 loss=1.2562 lr=6.26e-05
2026-07-16 08:38:45,114 [INFO] trainer: epoch 316 done train_loss=1.2572 dt=11.9s
2026-07-16 08:38:56,154 [INFO] trainer: epoch 317 step 50/54 loss=1.2013 lr=6.20e-05
2026-07-16 08:38:56,964 [INFO] trainer: epoch 317 done train_loss=1.2018 dt=11.8s
2026-07-16 08:39:07,802 [INFO] trainer: epoch 318 step 50/54 loss=1.1826 lr=6.14e-05
2026-07-16 08:39:08,612 [INFO] trainer: epoch 318 done train_loss=1.1911 dt=11.6s
2026-07-16 08:39:19,738 [INFO] trainer: epoch 319 step 50/54 loss=1.1834 lr=6.09e-05
2026-07-16 08:39:20,548 [INFO] trainer: epoch 319 done train_loss=1.1843 dt=11.9s
2026-07-16 08:39:31,663 [INFO] trainer: epoch 320 step 50/54 loss=1.2004 lr=6.03e-05
2026-07-16 08:39:32,472 [INFO] trainer: epoch 320 done train_loss=1.1988 dt=11.9s
2026-07-16 08:39:43,699 [INFO] trainer: epoch 321 step 50/54 loss=1.1433 lr=5.97e-05
2026-07-16 08:39:44,511 [INFO] trainer: epoch 321 done train_loss=1.1475 dt=11.7s
2026-07-16 08:39:55,453 [INFO] trainer: epoch 322 step 50/54 loss=1.1914 lr=5.91e-05
2026-07-16 08:39:56,263 [INFO] trainer: epoch 322 done train_loss=1.2001 dt=11.8s
2026-07-16 08:40:07,232 [INFO] trainer: epoch 323 step 50/54 loss=1.1958 lr=5.85e-05
2026-07-16 08:40:08,045 [INFO] trainer: epoch 323 done train_loss=1.1958 dt=11.8s
2026-07-16 08:40:18,887 [INFO] trainer: epoch 324 step 50/54 loss=1.1935 lr=5.79e-05
2026-07-16 08:40:19,697 [INFO] trainer: epoch 324 done train_loss=1.1983 dt=11.7s
2026-07-16 08:40:30,662 [INFO] trainer: epoch 325 step 50/54 loss=1.1436 lr=5.74e-05
2026-07-16 08:40:31,472 [INFO] trainer: epoch 325 done train_loss=1.1482 dt=11.8s
2026-07-16 08:41:15,215 [INFO] trainer: epoch 325 val_mean_dice=0.7524
2026-07-16 08:41:26,567 [INFO] trainer: epoch 326 step 50/54 loss=1.1570 lr=5.68e-05
2026-07-16 08:41:27,376 [INFO] trainer: epoch 326 done train_loss=1.1521 dt=11.9s
2026-07-16 08:41:38,328 [INFO] trainer: epoch 327 step 50/54 loss=1.1560 lr=5.62e-05
2026-07-16 08:41:39,138 [INFO] trainer: epoch 327 done train_loss=1.1669 dt=11.8s
2026-07-16 08:41:50,134 [INFO] trainer: epoch 328 step 50/54 loss=1.1432 lr=5.57e-05
2026-07-16 08:41:50,943 [INFO] trainer: epoch 328 done train_loss=1.1473 dt=11.8s
2026-07-16 08:42:01,935 [INFO] trainer: epoch 329 step 50/54 loss=1.1724 lr=5.51e-05
2026-07-16 08:42:02,745 [INFO] trainer: epoch 329 done train_loss=1.1730 dt=11.8s
2026-07-16 08:42:13,741 [INFO] trainer: epoch 330 step 50/54 loss=1.2530 lr=5.45e-05
2026-07-16 08:42:14,558 [INFO] trainer: epoch 330 done train_loss=1.2466 dt=11.8s
2026-07-16 08:42:25,870 [INFO] trainer: epoch 331 step 50/54 loss=1.1357 lr=5.40e-05
2026-07-16 08:42:26,685 [INFO] trainer: epoch 331 done train_loss=1.1318 dt=11.8s
2026-07-16 08:42:37,734 [INFO] trainer: epoch 332 step 50/54 loss=1.1875 lr=5.34e-05
2026-07-16 08:42:38,544 [INFO] trainer: epoch 332 done train_loss=1.1947 dt=11.9s
2026-07-16 08:42:49,614 [INFO] trainer: epoch 333 step 50/54 loss=1.2015 lr=5.28e-05
2026-07-16 08:42:50,424 [INFO] trainer: epoch 333 done train_loss=1.2061 dt=11.9s
2026-07-16 08:43:01,534 [INFO] trainer: epoch 334 step 50/54 loss=1.1255 lr=5.23e-05
2026-07-16 08:43:02,344 [INFO] trainer: epoch 334 done train_loss=1.1246 dt=11.9s
2026-07-16 08:43:13,348 [INFO] trainer: epoch 335 step 50/54 loss=1.1913 lr=5.17e-05
2026-07-16 08:43:14,157 [INFO] trainer: epoch 335 done train_loss=1.2086 dt=11.8s
2026-07-16 08:43:25,099 [INFO] trainer: epoch 336 step 50/54 loss=1.1594 lr=5.12e-05
2026-07-16 08:43:25,908 [INFO] trainer: epoch 336 done train_loss=1.1600 dt=11.8s
2026-07-16 08:43:36,909 [INFO] trainer: epoch 337 step 50/54 loss=1.1754 lr=5.06e-05
2026-07-16 08:43:37,719 [INFO] trainer: epoch 337 done train_loss=1.1635 dt=11.8s
2026-07-16 08:43:48,741 [INFO] trainer: epoch 338 step 50/54 loss=1.2276 lr=5.01e-05
2026-07-16 08:43:49,550 [INFO] trainer: epoch 338 done train_loss=1.2374 dt=11.8s
2026-07-16 08:44:00,475 [INFO] trainer: epoch 339 step 50/54 loss=1.1722 lr=4.95e-05
2026-07-16 08:44:01,283 [INFO] trainer: epoch 339 done train_loss=1.1826 dt=11.7s
2026-07-16 08:44:12,137 [INFO] trainer: epoch 340 step 50/54 loss=1.1501 lr=4.90e-05
2026-07-16 08:44:12,945 [INFO] trainer: epoch 340 done train_loss=1.1421 dt=11.7s
2026-07-16 08:44:24,175 [INFO] trainer: epoch 341 step 50/54 loss=1.1621 lr=4.84e-05
2026-07-16 08:44:24,983 [INFO] trainer: epoch 341 done train_loss=1.1636 dt=11.7s
2026-07-16 08:44:35,949 [INFO] trainer: epoch 342 step 50/54 loss=1.2148 lr=4.79e-05
2026-07-16 08:44:36,757 [INFO] trainer: epoch 342 done train_loss=1.2036 dt=11.8s
2026-07-16 08:44:47,629 [INFO] trainer: epoch 343 step 50/54 loss=1.1926 lr=4.73e-05
2026-07-16 08:44:48,437 [INFO] trainer: epoch 343 done train_loss=1.1918 dt=11.7s
2026-07-16 08:44:59,471 [INFO] trainer: epoch 344 step 50/54 loss=1.2034 lr=4.68e-05
2026-07-16 08:45:00,279 [INFO] trainer: epoch 344 done train_loss=1.2043 dt=11.8s
2026-07-16 08:45:11,201 [INFO] trainer: epoch 345 step 50/54 loss=1.1595 lr=4.63e-05
2026-07-16 08:45:12,009 [INFO] trainer: epoch 345 done train_loss=1.1528 dt=11.7s
2026-07-16 08:45:22,986 [INFO] trainer: epoch 346 step 50/54 loss=1.1720 lr=4.57e-05
2026-07-16 08:45:23,796 [INFO] trainer: epoch 346 done train_loss=1.1774 dt=11.8s
2026-07-16 08:45:34,968 [INFO] trainer: epoch 347 step 50/54 loss=1.1317 lr=4.52e-05
2026-07-16 08:45:35,782 [INFO] trainer: epoch 347 done train_loss=1.1340 dt=12.0s
2026-07-16 08:45:46,667 [INFO] trainer: epoch 348 step 50/54 loss=1.1683 lr=4.47e-05
2026-07-16 08:45:47,475 [INFO] trainer: epoch 348 done train_loss=1.1734 dt=11.7s
2026-07-16 08:45:58,517 [INFO] trainer: epoch 349 step 50/54 loss=1.1858 lr=4.41e-05
2026-07-16 08:45:59,327 [INFO] trainer: epoch 349 done train_loss=1.1857 dt=11.9s
2026-07-16 08:46:10,454 [INFO] trainer: epoch 350 step 50/54 loss=1.1582 lr=4.36e-05
2026-07-16 08:46:11,262 [INFO] trainer: epoch 350 done train_loss=1.1563 dt=11.9s
2026-07-16 08:46:54,860 [INFO] trainer: epoch 350 val_mean_dice=0.7580
2026-07-16 08:47:06,465 [INFO] trainer: epoch 351 step 50/54 loss=1.2186 lr=4.31e-05
2026-07-16 08:47:07,274 [INFO] trainer: epoch 351 done train_loss=1.2152 dt=11.8s
2026-07-16 08:47:18,152 [INFO] trainer: epoch 352 step 50/54 loss=1.1598 lr=4.26e-05
2026-07-16 08:47:18,962 [INFO] trainer: epoch 352 done train_loss=1.1649 dt=11.7s
2026-07-16 08:47:29,826 [INFO] trainer: epoch 353 step 50/54 loss=1.1626 lr=4.21e-05
2026-07-16 08:47:30,637 [INFO] trainer: epoch 353 done train_loss=1.1696 dt=11.7s
2026-07-16 08:47:41,653 [INFO] trainer: epoch 354 step 50/54 loss=1.1881 lr=4.15e-05
2026-07-16 08:47:42,462 [INFO] trainer: epoch 354 done train_loss=1.1753 dt=11.8s
2026-07-16 08:47:53,559 [INFO] trainer: epoch 355 step 50/54 loss=1.1763 lr=4.10e-05
2026-07-16 08:47:54,371 [INFO] trainer: epoch 355 done train_loss=1.1853 dt=11.9s
2026-07-16 08:48:05,430 [INFO] trainer: epoch 356 step 50/54 loss=1.1808 lr=4.05e-05
2026-07-16 08:48:06,241 [INFO] trainer: epoch 356 done train_loss=1.1822 dt=11.9s
2026-07-16 08:48:17,362 [INFO] trainer: epoch 357 step 50/54 loss=1.1486 lr=4.00e-05
2026-07-16 08:48:18,171 [INFO] trainer: epoch 357 done train_loss=1.1390 dt=11.9s
2026-07-16 08:48:29,367 [INFO] trainer: epoch 358 step 50/54 loss=1.1829 lr=3.95e-05
2026-07-16 08:48:30,177 [INFO] trainer: epoch 358 done train_loss=1.1792 dt=12.0s
2026-07-16 08:48:41,186 [INFO] trainer: epoch 359 step 50/54 loss=1.1915 lr=3.90e-05
2026-07-16 08:48:41,996 [INFO] trainer: epoch 359 done train_loss=1.1948 dt=11.8s
2026-07-16 08:48:53,000 [INFO] trainer: epoch 360 step 50/54 loss=1.1727 lr=3.85e-05
2026-07-16 08:48:53,810 [INFO] trainer: epoch 360 done train_loss=1.1793 dt=11.8s
2026-07-16 08:49:05,155 [INFO] trainer: epoch 361 step 50/54 loss=1.1541 lr=3.80e-05
2026-07-16 08:49:05,965 [INFO] trainer: epoch 361 done train_loss=1.1529 dt=11.9s
2026-07-16 08:49:16,883 [INFO] trainer: epoch 362 step 50/54 loss=1.1658 lr=3.75e-05
2026-07-16 08:49:17,692 [INFO] trainer: epoch 362 done train_loss=1.1540 dt=11.7s
2026-07-16 08:49:28,710 [INFO] trainer: epoch 363 step 50/54 loss=1.2093 lr=3.70e-05
2026-07-16 08:49:29,519 [INFO] trainer: epoch 363 done train_loss=1.2189 dt=11.8s
2026-07-16 08:49:40,633 [INFO] trainer: epoch 364 step 50/54 loss=1.1759 lr=3.65e-05
2026-07-16 08:49:41,442 [INFO] trainer: epoch 364 done train_loss=1.1642 dt=11.9s
2026-07-16 08:49:52,430 [INFO] trainer: epoch 365 step 50/54 loss=1.1548 lr=3.60e-05
2026-07-16 08:49:53,239 [INFO] trainer: epoch 365 done train_loss=1.1687 dt=11.8s
2026-07-16 08:50:04,351 [INFO] trainer: epoch 366 step 50/54 loss=1.2158 lr=3.56e-05
2026-07-16 08:50:05,160 [INFO] trainer: epoch 366 done train_loss=1.2190 dt=11.9s
2026-07-16 08:50:16,250 [INFO] trainer: epoch 367 step 50/54 loss=1.1458 lr=3.51e-05
2026-07-16 08:50:17,061 [INFO] trainer: epoch 367 done train_loss=1.1551 dt=11.9s
2026-07-16 08:50:28,051 [INFO] trainer: epoch 368 step 50/54 loss=1.1268 lr=3.46e-05
2026-07-16 08:50:28,860 [INFO] trainer: epoch 368 done train_loss=1.1385 dt=11.8s
2026-07-16 08:50:39,801 [INFO] trainer: epoch 369 step 50/54 loss=1.2449 lr=3.41e-05
2026-07-16 08:50:40,614 [INFO] trainer: epoch 369 done train_loss=1.2494 dt=11.8s
2026-07-16 08:50:51,621 [INFO] trainer: epoch 370 step 50/54 loss=1.1502 lr=3.36e-05
2026-07-16 08:50:52,430 [INFO] trainer: epoch 370 done train_loss=1.1588 dt=11.8s
2026-07-16 08:51:03,770 [INFO] trainer: epoch 371 step 50/54 loss=1.1680 lr=3.32e-05
2026-07-16 08:51:04,579 [INFO] trainer: epoch 371 done train_loss=1.1749 dt=11.8s
2026-07-16 08:51:15,666 [INFO] trainer: epoch 372 step 50/54 loss=1.1983 lr=3.27e-05
2026-07-16 08:51:16,476 [INFO] trainer: epoch 372 done train_loss=1.1915 dt=11.9s
2026-07-16 08:51:27,371 [INFO] trainer: epoch 373 step 50/54 loss=1.1871 lr=3.22e-05
2026-07-16 08:51:28,182 [INFO] trainer: epoch 373 done train_loss=1.1975 dt=11.7s
2026-07-16 08:51:39,194 [INFO] trainer: epoch 374 step 50/54 loss=1.2112 lr=3.18e-05
2026-07-16 08:51:40,003 [INFO] trainer: epoch 374 done train_loss=1.2106 dt=11.8s
2026-07-16 08:51:50,893 [INFO] trainer: epoch 375 step 50/54 loss=1.1621 lr=3.13e-05
2026-07-16 08:51:51,705 [INFO] trainer: epoch 375 done train_loss=1.1736 dt=11.7s
2026-07-16 08:52:35,205 [INFO] trainer: epoch 375 val_mean_dice=0.7563
2026-07-16 08:52:46,098 [INFO] trainer: epoch 376 step 50/54 loss=1.1726 lr=3.09e-05
2026-07-16 08:52:46,908 [INFO] trainer: epoch 376 done train_loss=1.1705 dt=11.7s
2026-07-16 08:52:57,868 [INFO] trainer: epoch 377 step 50/54 loss=1.1545 lr=3.04e-05
2026-07-16 08:52:58,676 [INFO] trainer: epoch 377 done train_loss=1.1549 dt=11.8s
2026-07-16 08:53:09,822 [INFO] trainer: epoch 378 step 50/54 loss=1.1785 lr=3.00e-05
2026-07-16 08:53:10,631 [INFO] trainer: epoch 378 done train_loss=1.1826 dt=12.0s
2026-07-16 08:53:21,688 [INFO] trainer: epoch 379 step 50/54 loss=1.1590 lr=2.95e-05
2026-07-16 08:53:22,496 [INFO] trainer: epoch 379 done train_loss=1.1589 dt=11.9s
2026-07-16 08:53:33,422 [INFO] trainer: epoch 380 step 50/54 loss=1.1440 lr=2.91e-05
2026-07-16 08:53:34,232 [INFO] trainer: epoch 380 done train_loss=1.1435 dt=11.7s
2026-07-16 08:53:45,481 [INFO] trainer: epoch 381 step 50/54 loss=1.2075 lr=2.86e-05
2026-07-16 08:53:46,290 [INFO] trainer: epoch 381 done train_loss=1.2121 dt=11.8s
2026-07-16 08:53:57,234 [INFO] trainer: epoch 382 step 50/54 loss=1.1185 lr=2.82e-05
2026-07-16 08:53:58,043 [INFO] trainer: epoch 382 done train_loss=1.1300 dt=11.8s
2026-07-16 08:54:08,879 [INFO] trainer: epoch 383 step 50/54 loss=1.1746 lr=2.77e-05
2026-07-16 08:54:09,689 [INFO] trainer: epoch 383 done train_loss=1.1581 dt=11.6s
2026-07-16 08:54:20,711 [INFO] trainer: epoch 384 step 50/54 loss=1.1918 lr=2.73e-05
2026-07-16 08:54:21,519 [INFO] trainer: epoch 384 done train_loss=1.2016 dt=11.8s
2026-07-16 08:54:32,402 [INFO] trainer: epoch 385 step 50/54 loss=1.2117 lr=2.69e-05
2026-07-16 08:54:33,212 [INFO] trainer: epoch 385 done train_loss=1.2019 dt=11.7s
2026-07-16 08:54:44,314 [INFO] trainer: epoch 386 step 50/54 loss=1.1731 lr=2.64e-05
2026-07-16 08:54:45,124 [INFO] trainer: epoch 386 done train_loss=1.1793 dt=11.9s
2026-07-16 08:54:55,934 [INFO] trainer: epoch 387 step 50/54 loss=1.1033 lr=2.60e-05
2026-07-16 08:54:56,744 [INFO] trainer: epoch 387 done train_loss=1.0983 dt=11.6s
2026-07-16 08:55:07,577 [INFO] trainer: epoch 388 step 50/54 loss=1.1769 lr=2.56e-05
2026-07-16 08:55:08,386 [INFO] trainer: epoch 388 done train_loss=1.1892 dt=11.6s
2026-07-16 08:55:19,432 [INFO] trainer: epoch 389 step 50/54 loss=1.1727 lr=2.52e-05
2026-07-16 08:55:20,242 [INFO] trainer: epoch 389 done train_loss=1.1669 dt=11.9s
2026-07-16 08:55:31,108 [INFO] trainer: epoch 390 step 50/54 loss=1.1316 lr=2.48e-05
2026-07-16 08:55:31,917 [INFO] trainer: epoch 390 done train_loss=1.1616 dt=11.7s
2026-07-16 08:55:43,269 [INFO] trainer: epoch 391 step 50/54 loss=1.1860 lr=2.44e-05
2026-07-16 08:55:44,078 [INFO] trainer: epoch 391 done train_loss=1.2008 dt=11.9s
2026-07-16 08:55:55,004 [INFO] trainer: epoch 392 step 50/54 loss=1.1646 lr=2.39e-05
2026-07-16 08:55:55,814 [INFO] trainer: epoch 392 done train_loss=1.1751 dt=11.7s
2026-07-16 08:56:06,753 [INFO] trainer: epoch 393 step 50/54 loss=1.1860 lr=2.35e-05
2026-07-16 08:56:07,562 [INFO] trainer: epoch 393 done train_loss=1.1708 dt=11.7s
2026-07-16 08:56:18,678 [INFO] trainer: epoch 394 step 50/54 loss=1.1685 lr=2.31e-05
2026-07-16 08:56:19,487 [INFO] trainer: epoch 394 done train_loss=1.1700 dt=11.9s
2026-07-16 08:56:30,519 [INFO] trainer: epoch 395 step 50/54 loss=1.1410 lr=2.27e-05
2026-07-16 08:56:31,330 [INFO] trainer: epoch 395 done train_loss=1.1534 dt=11.8s
2026-07-16 08:56:42,541 [INFO] trainer: epoch 396 step 50/54 loss=1.1711 lr=2.23e-05
2026-07-16 08:56:43,351 [INFO] trainer: epoch 396 done train_loss=1.1711 dt=12.0s
2026-07-16 08:56:54,345 [INFO] trainer: epoch 397 step 50/54 loss=1.1183 lr=2.19e-05
2026-07-16 08:56:55,153 [INFO] trainer: epoch 397 done train_loss=1.1385 dt=11.8s
2026-07-16 08:57:06,069 [INFO] trainer: epoch 398 step 50/54 loss=1.1675 lr=2.16e-05
2026-07-16 08:57:06,878 [INFO] trainer: epoch 398 done train_loss=1.1558 dt=11.7s
2026-07-16 08:57:17,920 [INFO] trainer: epoch 399 step 50/54 loss=1.1109 lr=2.12e-05
2026-07-16 08:57:18,730 [INFO] trainer: epoch 399 done train_loss=1.1139 dt=11.9s
2026-07-16 08:57:29,653 [INFO] trainer: epoch 400 step 50/54 loss=1.1751 lr=2.08e-05
2026-07-16 08:57:30,462 [INFO] trainer: epoch 400 done train_loss=1.1756 dt=11.7s
2026-07-16 08:58:14,444 [INFO] trainer: epoch 400 val_mean_dice=0.7597
2026-07-16 08:58:26,174 [INFO] trainer: epoch 401 step 50/54 loss=1.1280 lr=2.04e-05
2026-07-16 08:58:26,984 [INFO] trainer: epoch 401 done train_loss=1.1334 dt=11.9s
2026-07-16 08:58:38,060 [INFO] trainer: epoch 402 step 50/54 loss=1.1770 lr=2.00e-05
2026-07-16 08:58:38,869 [INFO] trainer: epoch 402 done train_loss=1.1666 dt=11.9s
2026-07-16 08:58:49,773 [INFO] trainer: epoch 403 step 50/54 loss=1.1941 lr=1.97e-05
2026-07-16 08:58:50,582 [INFO] trainer: epoch 403 done train_loss=1.1930 dt=11.7s
2026-07-16 08:59:01,626 [INFO] trainer: epoch 404 step 50/54 loss=1.1809 lr=1.93e-05
2026-07-16 08:59:02,435 [INFO] trainer: epoch 404 done train_loss=1.1752 dt=11.9s
2026-07-16 08:59:13,211 [INFO] trainer: epoch 405 step 50/54 loss=1.1807 lr=1.89e-05
2026-07-16 08:59:14,019 [INFO] trainer: epoch 405 done train_loss=1.1739 dt=11.6s
2026-07-16 08:59:25,072 [INFO] trainer: epoch 406 step 50/54 loss=1.1702 lr=1.86e-05
2026-07-16 08:59:25,881 [INFO] trainer: epoch 406 done train_loss=1.1590 dt=11.9s
2026-07-16 08:59:36,829 [INFO] trainer: epoch 407 step 50/54 loss=1.1811 lr=1.82e-05
2026-07-16 08:59:37,639 [INFO] trainer: epoch 407 done train_loss=1.1746 dt=11.8s
2026-07-16 08:59:48,563 [INFO] trainer: epoch 408 step 50/54 loss=1.1433 lr=1.78e-05
2026-07-16 08:59:49,371 [INFO] trainer: epoch 408 done train_loss=1.1489 dt=11.7s
2026-07-16 09:00:00,199 [INFO] trainer: epoch 409 step 50/54 loss=1.1307 lr=1.75e-05
2026-07-16 09:00:01,012 [INFO] trainer: epoch 409 done train_loss=1.1377 dt=11.6s
2026-07-16 09:00:12,144 [INFO] trainer: epoch 410 step 50/54 loss=1.1445 lr=1.71e-05
2026-07-16 09:00:12,957 [INFO] trainer: epoch 410 done train_loss=1.1400 dt=11.9s
2026-07-16 09:00:24,304 [INFO] trainer: epoch 411 step 50/54 loss=1.1673 lr=1.68e-05
2026-07-16 09:00:25,114 [INFO] trainer: epoch 411 done train_loss=1.1569 dt=11.9s
2026-07-16 09:00:36,080 [INFO] trainer: epoch 412 step 50/54 loss=1.1450 lr=1.64e-05
2026-07-16 09:00:36,888 [INFO] trainer: epoch 412 done train_loss=1.1547 dt=11.8s
2026-07-16 09:00:48,002 [INFO] trainer: epoch 413 step 50/54 loss=1.1340 lr=1.61e-05
2026-07-16 09:00:48,813 [INFO] trainer: epoch 413 done train_loss=1.1302 dt=11.9s
2026-07-16 09:00:59,727 [INFO] trainer: epoch 414 step 50/54 loss=1.1599 lr=1.58e-05
2026-07-16 09:01:00,537 [INFO] trainer: epoch 414 done train_loss=1.1621 dt=11.7s
2026-07-16 09:01:11,486 [INFO] trainer: epoch 415 step 50/54 loss=1.1442 lr=1.54e-05
2026-07-16 09:01:12,296 [INFO] trainer: epoch 415 done train_loss=1.1393 dt=11.8s
2026-07-16 09:01:23,247 [INFO] trainer: epoch 416 step 50/54 loss=1.1708 lr=1.51e-05
2026-07-16 09:01:24,056 [INFO] trainer: epoch 416 done train_loss=1.1545 dt=11.8s
2026-07-16 09:01:35,058 [INFO] trainer: epoch 417 step 50/54 loss=1.1780 lr=1.48e-05
2026-07-16 09:01:35,869 [INFO] trainer: epoch 417 done train_loss=1.1742 dt=11.8s
2026-07-16 09:01:46,748 [INFO] trainer: epoch 418 step 50/54 loss=1.1355 lr=1.45e-05
2026-07-16 09:01:47,558 [INFO] trainer: epoch 418 done train_loss=1.1292 dt=11.7s
2026-07-16 09:01:58,566 [INFO] trainer: epoch 419 step 50/54 loss=1.1723 lr=1.41e-05
2026-07-16 09:01:59,375 [INFO] trainer: epoch 419 done train_loss=1.1682 dt=11.8s
2026-07-16 09:02:10,280 [INFO] trainer: epoch 420 step 50/54 loss=1.1350 lr=1.38e-05
2026-07-16 09:02:11,089 [INFO] trainer: epoch 420 done train_loss=1.1345 dt=11.7s
2026-07-16 09:02:22,410 [INFO] trainer: epoch 421 step 50/54 loss=1.1427 lr=1.35e-05
2026-07-16 09:02:23,218 [INFO] trainer: epoch 421 done train_loss=1.1439 dt=11.8s
2026-07-16 09:02:34,438 [INFO] trainer: epoch 422 step 50/54 loss=1.1293 lr=1.32e-05
2026-07-16 09:02:35,250 [INFO] trainer: epoch 422 done train_loss=1.1330 dt=12.0s
2026-07-16 09:02:46,193 [INFO] trainer: epoch 423 step 50/54 loss=1.1722 lr=1.29e-05
2026-07-16 09:02:47,003 [INFO] trainer: epoch 423 done train_loss=1.1732 dt=11.8s
2026-07-16 09:02:58,155 [INFO] trainer: epoch 424 step 50/54 loss=1.1819 lr=1.26e-05
2026-07-16 09:02:58,965 [INFO] trainer: epoch 424 done train_loss=1.1724 dt=12.0s
2026-07-16 09:03:09,953 [INFO] trainer: epoch 425 step 50/54 loss=1.1974 lr=1.23e-05
2026-07-16 09:03:10,764 [INFO] trainer: epoch 425 done train_loss=1.1967 dt=11.8s
2026-07-16 09:03:54,700 [INFO] trainer: epoch 425 val_mean_dice=0.7622
2026-07-16 09:04:05,999 [INFO] trainer: epoch 426 step 50/54 loss=1.1664 lr=1.20e-05
2026-07-16 09:04:06,810 [INFO] trainer: epoch 426 done train_loss=1.1551 dt=11.7s
2026-07-16 09:04:17,721 [INFO] trainer: epoch 427 step 50/54 loss=1.1485 lr=1.17e-05
2026-07-16 09:04:18,531 [INFO] trainer: epoch 427 done train_loss=1.1625 dt=11.7s
2026-07-16 09:04:29,566 [INFO] trainer: epoch 428 step 50/54 loss=1.1094 lr=1.14e-05
2026-07-16 09:04:30,375 [INFO] trainer: epoch 428 done train_loss=1.1046 dt=11.8s
2026-07-16 09:04:41,456 [INFO] trainer: epoch 429 step 50/54 loss=1.1445 lr=1.12e-05
2026-07-16 09:04:42,266 [INFO] trainer: epoch 429 done train_loss=1.1462 dt=11.9s
2026-07-16 09:04:53,267 [INFO] trainer: epoch 430 step 50/54 loss=1.1057 lr=1.09e-05
2026-07-16 09:04:54,076 [INFO] trainer: epoch 430 done train_loss=1.1125 dt=11.8s
2026-07-16 09:05:05,317 [INFO] trainer: epoch 431 step 50/54 loss=1.1076 lr=1.06e-05
2026-07-16 09:05:06,127 [INFO] trainer: epoch 431 done train_loss=1.1079 dt=11.8s
2026-07-16 09:05:17,124 [INFO] trainer: epoch 432 step 50/54 loss=1.1242 lr=1.03e-05
2026-07-16 09:05:17,932 [INFO] trainer: epoch 432 done train_loss=1.1254 dt=11.8s
2026-07-16 09:05:28,988 [INFO] trainer: epoch 433 step 50/54 loss=1.1779 lr=1.01e-05
2026-07-16 09:05:29,799 [INFO] trainer: epoch 433 done train_loss=1.1779 dt=11.9s
2026-07-16 09:05:40,722 [INFO] trainer: epoch 434 step 50/54 loss=1.1553 lr=9.80e-06
2026-07-16 09:05:41,531 [INFO] trainer: epoch 434 done train_loss=1.1521 dt=11.7s
2026-07-16 09:05:52,465 [INFO] trainer: epoch 435 step 50/54 loss=1.1458 lr=9.54e-06
2026-07-16 09:05:53,275 [INFO] trainer: epoch 435 done train_loss=1.1458 dt=11.7s
2026-07-16 09:06:04,394 [INFO] trainer: epoch 436 step 50/54 loss=1.1359 lr=9.28e-06
2026-07-16 09:06:05,204 [INFO] trainer: epoch 436 done train_loss=1.1241 dt=11.9s
2026-07-16 09:06:16,212 [INFO] trainer: epoch 437 step 50/54 loss=1.1308 lr=9.03e-06
2026-07-16 09:06:17,022 [INFO] trainer: epoch 437 done train_loss=1.1354 dt=11.8s
2026-07-16 09:06:27,895 [INFO] trainer: epoch 438 step 50/54 loss=1.1330 lr=8.78e-06
2026-07-16 09:06:28,705 [INFO] trainer: epoch 438 done train_loss=1.1417 dt=11.7s
2026-07-16 09:06:39,744 [INFO] trainer: epoch 439 step 50/54 loss=1.1396 lr=8.53e-06
2026-07-16 09:06:40,553 [INFO] trainer: epoch 439 done train_loss=1.1425 dt=11.8s
2026-07-16 09:06:51,393 [INFO] trainer: epoch 440 step 50/54 loss=1.0930 lr=8.29e-06
2026-07-16 09:06:52,202 [INFO] trainer: epoch 440 done train_loss=1.1063 dt=11.6s
2026-07-16 09:07:03,492 [INFO] trainer: epoch 441 step 50/54 loss=1.1554 lr=8.05e-06
2026-07-16 09:07:04,300 [INFO] trainer: epoch 441 done train_loss=1.1573 dt=11.8s
2026-07-16 09:07:15,286 [INFO] trainer: epoch 442 step 50/54 loss=1.1447 lr=7.82e-06
2026-07-16 09:07:16,095 [INFO] trainer: epoch 442 done train_loss=1.1516 dt=11.8s
2026-07-16 09:07:27,140 [INFO] trainer: epoch 443 step 50/54 loss=1.1779 lr=7.59e-06
2026-07-16 09:07:27,950 [INFO] trainer: epoch 443 done train_loss=1.1668 dt=11.9s
2026-07-16 09:07:39,006 [INFO] trainer: epoch 444 step 50/54 loss=1.1605 lr=7.36e-06
2026-07-16 09:07:39,817 [INFO] trainer: epoch 444 done train_loss=1.1573 dt=11.9s
2026-07-16 09:07:50,956 [INFO] trainer: epoch 445 step 50/54 loss=1.1282 lr=7.14e-06
2026-07-16 09:07:51,768 [INFO] trainer: epoch 445 done train_loss=1.1282 dt=12.0s
2026-07-16 09:08:02,910 [INFO] trainer: epoch 446 step 50/54 loss=1.1814 lr=6.92e-06
2026-07-16 09:08:03,724 [INFO] trainer: epoch 446 done train_loss=1.1866 dt=12.0s
2026-07-16 09:08:14,798 [INFO] trainer: epoch 447 step 50/54 loss=1.1867 lr=6.71e-06
2026-07-16 09:08:15,608 [INFO] trainer: epoch 447 done train_loss=1.1873 dt=11.9s
2026-07-16 09:08:26,515 [INFO] trainer: epoch 448 step 50/54 loss=1.1119 lr=6.49e-06
2026-07-16 09:08:27,327 [INFO] trainer: epoch 448 done train_loss=1.1220 dt=11.7s
2026-07-16 09:08:38,594 [INFO] trainer: epoch 449 step 50/54 loss=1.1088 lr=6.29e-06
2026-07-16 09:08:39,405 [INFO] trainer: epoch 449 done train_loss=1.1008 dt=12.1s
2026-07-16 09:08:50,432 [INFO] trainer: epoch 450 step 50/54 loss=1.1611 lr=6.08e-06
2026-07-16 09:08:51,241 [INFO] trainer: epoch 450 done train_loss=1.1618 dt=11.8s
2026-07-16 09:09:34,808 [INFO] trainer: epoch 450 val_mean_dice=0.7614
2026-07-16 09:09:45,895 [INFO] trainer: epoch 451 step 50/54 loss=1.1566 lr=5.88e-06
2026-07-16 09:09:46,705 [INFO] trainer: epoch 451 done train_loss=1.1561 dt=11.6s
2026-07-16 09:09:57,496 [INFO] trainer: epoch 452 step 50/54 loss=1.1562 lr=5.69e-06
2026-07-16 09:09:58,305 [INFO] trainer: epoch 452 done train_loss=1.1448 dt=11.6s
2026-07-16 09:10:09,227 [INFO] trainer: epoch 453 step 50/54 loss=1.1392 lr=5.50e-06
2026-07-16 09:10:10,035 [INFO] trainer: epoch 453 done train_loss=1.1428 dt=11.7s
2026-07-16 09:10:21,116 [INFO] trainer: epoch 454 step 50/54 loss=1.2169 lr=5.31e-06
2026-07-16 09:10:21,925 [INFO] trainer: epoch 454 done train_loss=1.2246 dt=11.9s
2026-07-16 09:10:33,032 [INFO] trainer: epoch 455 step 50/54 loss=1.1425 lr=5.13e-06
2026-07-16 09:10:33,842 [INFO] trainer: epoch 455 done train_loss=1.1421 dt=11.9s
2026-07-16 09:10:45,029 [INFO] trainer: epoch 456 step 50/54 loss=1.1407 lr=4.95e-06
2026-07-16 09:10:45,838 [INFO] trainer: epoch 456 done train_loss=1.1504 dt=12.0s
2026-07-16 09:10:56,935 [INFO] trainer: epoch 457 step 50/54 loss=1.1365 lr=4.77e-06
2026-07-16 09:10:57,745 [INFO] trainer: epoch 457 done train_loss=1.1407 dt=11.9s
2026-07-16 09:11:08,798 [INFO] trainer: epoch 458 step 50/54 loss=1.1494 lr=4.60e-06
2026-07-16 09:11:09,612 [INFO] trainer: epoch 458 done train_loss=1.1386 dt=11.9s
2026-07-16 09:11:20,536 [INFO] trainer: epoch 459 step 50/54 loss=1.1597 lr=4.43e-06
2026-07-16 09:11:21,346 [INFO] trainer: epoch 459 done train_loss=1.1711 dt=11.7s
2026-07-16 09:11:32,230 [INFO] trainer: epoch 460 step 50/54 loss=1.1243 lr=4.27e-06
2026-07-16 09:11:33,041 [INFO] trainer: epoch 460 done train_loss=1.1354 dt=11.7s
2026-07-16 09:11:44,267 [INFO] trainer: epoch 461 step 50/54 loss=1.1555 lr=4.11e-06
2026-07-16 09:11:45,076 [INFO] trainer: epoch 461 done train_loss=1.1554 dt=11.7s
2026-07-16 09:11:55,970 [INFO] trainer: epoch 462 step 50/54 loss=1.1077 lr=3.95e-06
2026-07-16 09:11:56,778 [INFO] trainer: epoch 462 done train_loss=1.1237 dt=11.7s
2026-07-16 09:12:07,778 [INFO] trainer: epoch 463 step 50/54 loss=1.1403 lr=3.80e-06
2026-07-16 09:12:08,587 [INFO] trainer: epoch 463 done train_loss=1.1501 dt=11.8s
2026-07-16 09:12:19,643 [INFO] trainer: epoch 464 step 50/54 loss=1.1676 lr=3.65e-06
2026-07-16 09:12:20,454 [INFO] trainer: epoch 464 done train_loss=1.1590 dt=11.9s
2026-07-16 09:12:31,514 [INFO] trainer: epoch 465 step 50/54 loss=1.1401 lr=3.51e-06
2026-07-16 09:12:32,325 [INFO] trainer: epoch 465 done train_loss=1.1369 dt=11.9s
2026-07-16 09:12:43,255 [INFO] trainer: epoch 466 step 50/54 loss=1.1270 lr=3.36e-06
2026-07-16 09:12:44,064 [INFO] trainer: epoch 466 done train_loss=1.1233 dt=11.7s
2026-07-16 09:12:55,103 [INFO] trainer: epoch 467 step 50/54 loss=1.1745 lr=3.23e-06
2026-07-16 09:12:55,921 [INFO] trainer: epoch 467 done train_loss=1.1819 dt=11.9s
2026-07-16 09:13:07,038 [INFO] trainer: epoch 468 step 50/54 loss=1.1713 lr=3.10e-06
2026-07-16 09:13:07,854 [INFO] trainer: epoch 468 done train_loss=1.1737 dt=11.9s
2026-07-16 09:13:18,918 [INFO] trainer: epoch 469 step 50/54 loss=1.1588 lr=2.97e-06
2026-07-16 09:13:19,730 [INFO] trainer: epoch 469 done train_loss=1.1519 dt=11.9s
2026-07-16 09:13:30,871 [INFO] trainer: epoch 470 step 50/54 loss=1.1216 lr=2.84e-06
2026-07-16 09:13:31,682 [INFO] trainer: epoch 470 done train_loss=1.1359 dt=12.0s
2026-07-16 09:13:42,949 [INFO] trainer: epoch 471 step 50/54 loss=1.1273 lr=2.72e-06
2026-07-16 09:13:43,761 [INFO] trainer: epoch 471 done train_loss=1.1357 dt=11.8s
2026-07-16 09:13:54,746 [INFO] trainer: epoch 472 step 50/54 loss=1.1530 lr=2.61e-06
2026-07-16 09:13:55,558 [INFO] trainer: epoch 472 done train_loss=1.1517 dt=11.8s
2026-07-16 09:14:06,590 [INFO] trainer: epoch 473 step 50/54 loss=1.1045 lr=2.50e-06
2026-07-16 09:14:07,402 [INFO] trainer: epoch 473 done train_loss=1.1043 dt=11.8s
2026-07-16 09:14:18,430 [INFO] trainer: epoch 474 step 50/54 loss=1.2088 lr=2.39e-06
2026-07-16 09:14:19,238 [INFO] trainer: epoch 474 done train_loss=1.2166 dt=11.8s
2026-07-16 09:14:30,241 [INFO] trainer: epoch 475 step 50/54 loss=1.1960 lr=2.28e-06
2026-07-16 09:14:31,051 [INFO] trainer: epoch 475 done train_loss=1.1931 dt=11.8s
2026-07-16 09:15:14,480 [INFO] trainer: epoch 475 val_mean_dice=0.7618
2026-07-16 09:15:25,333 [INFO] trainer: epoch 476 step 50/54 loss=1.1345 lr=2.18e-06
2026-07-16 09:15:26,142 [INFO] trainer: epoch 476 done train_loss=1.1468 dt=11.7s
2026-07-16 09:15:37,205 [INFO] trainer: epoch 477 step 50/54 loss=1.1298 lr=2.09e-06
2026-07-16 09:15:38,012 [INFO] trainer: epoch 477 done train_loss=1.1282 dt=11.9s
2026-07-16 09:15:49,304 [INFO] trainer: epoch 478 step 50/54 loss=1.1784 lr=1.99e-06
2026-07-16 09:15:50,112 [INFO] trainer: epoch 478 done train_loss=1.1864 dt=12.1s
2026-07-16 09:16:01,153 [INFO] trainer: epoch 479 step 50/54 loss=1.1555 lr=1.91e-06
2026-07-16 09:16:01,962 [INFO] trainer: epoch 479 done train_loss=1.1564 dt=11.9s
2026-07-16 09:16:13,428 [INFO] trainer: epoch 480 step 50/54 loss=1.1519 lr=1.82e-06
2026-07-16 09:16:14,238 [INFO] trainer: epoch 480 done train_loss=1.1492 dt=11.7s
2026-07-16 09:16:25,513 [INFO] trainer: epoch 481 step 50/54 loss=1.1793 lr=1.74e-06
2026-07-16 09:16:26,321 [INFO] trainer: epoch 481 done train_loss=1.1745 dt=11.8s
2026-07-16 09:16:37,308 [INFO] trainer: epoch 482 step 50/54 loss=1.1290 lr=1.67e-06
2026-07-16 09:16:38,119 [INFO] trainer: epoch 482 done train_loss=1.1321 dt=11.8s
2026-07-16 09:16:49,207 [INFO] trainer: epoch 483 step 50/54 loss=1.2033 lr=1.60e-06
2026-07-16 09:16:50,016 [INFO] trainer: epoch 483 done train_loss=1.2030 dt=11.9s
2026-07-16 09:17:01,136 [INFO] trainer: epoch 484 step 50/54 loss=1.1645 lr=1.53e-06
2026-07-16 09:17:01,946 [INFO] trainer: epoch 484 done train_loss=1.1789 dt=11.9s
2026-07-16 09:17:13,040 [INFO] trainer: epoch 485 step 50/54 loss=1.1636 lr=1.46e-06
2026-07-16 09:17:13,849 [INFO] trainer: epoch 485 done train_loss=1.1573 dt=11.9s
2026-07-16 09:17:24,965 [INFO] trainer: epoch 486 step 50/54 loss=1.1943 lr=1.40e-06
2026-07-16 09:17:25,777 [INFO] trainer: epoch 486 done train_loss=1.2040 dt=11.9s
2026-07-16 09:17:36,677 [INFO] trainer: epoch 487 step 50/54 loss=1.2011 lr=1.35e-06
2026-07-16 09:17:37,488 [INFO] trainer: epoch 487 done train_loss=1.1939 dt=11.7s
2026-07-16 09:17:48,506 [INFO] trainer: epoch 488 step 50/54 loss=1.1954 lr=1.30e-06
2026-07-16 09:17:49,314 [INFO] trainer: epoch 488 done train_loss=1.1836 dt=11.8s
2026-07-16 09:18:00,281 [INFO] trainer: epoch 489 step 50/54 loss=1.1347 lr=1.25e-06
2026-07-16 09:18:01,089 [INFO] trainer: epoch 489 done train_loss=1.1255 dt=11.8s
2026-07-16 09:18:12,091 [INFO] trainer: epoch 490 step 50/54 loss=1.1723 lr=1.21e-06
2026-07-16 09:18:12,902 [INFO] trainer: epoch 490 done train_loss=1.1599 dt=11.8s
2026-07-16 09:18:24,170 [INFO] trainer: epoch 491 step 50/54 loss=1.1776 lr=1.17e-06
2026-07-16 09:18:24,979 [INFO] trainer: epoch 491 done train_loss=1.1631 dt=11.8s
2026-07-16 09:18:35,962 [INFO] trainer: epoch 492 step 50/54 loss=1.1515 lr=1.13e-06
2026-07-16 09:18:36,773 [INFO] trainer: epoch 492 done train_loss=1.1494 dt=11.8s
2026-07-16 09:18:47,704 [INFO] trainer: epoch 493 step 50/54 loss=1.1627 lr=1.10e-06
2026-07-16 09:18:48,513 [INFO] trainer: epoch 493 done train_loss=1.1568 dt=11.7s
2026-07-16 09:18:59,518 [INFO] trainer: epoch 494 step 50/54 loss=1.1204 lr=1.08e-06
2026-07-16 09:19:00,331 [INFO] trainer: epoch 494 done train_loss=1.1193 dt=11.8s
2026-07-16 09:19:11,345 [INFO] trainer: epoch 495 step 50/54 loss=1.1531 lr=1.05e-06
2026-07-16 09:19:12,153 [INFO] trainer: epoch 495 done train_loss=1.1435 dt=11.8s
2026-07-16 09:19:23,114 [INFO] trainer: epoch 496 step 50/54 loss=1.1251 lr=1.03e-06
2026-07-16 09:19:23,922 [INFO] trainer: epoch 496 done train_loss=1.1334 dt=11.8s
2026-07-16 09:19:34,885 [INFO] trainer: epoch 497 step 50/54 loss=1.1887 lr=1.02e-06
2026-07-16 09:19:35,692 [INFO] trainer: epoch 497 done train_loss=1.1801 dt=11.8s
2026-07-16 09:19:46,662 [INFO] trainer: epoch 498 step 50/54 loss=1.1107 lr=1.01e-06
2026-07-16 09:19:47,473 [INFO] trainer: epoch 498 done train_loss=1.1052 dt=11.8s
2026-07-16 09:19:58,550 [INFO] trainer: epoch 499 step 50/54 loss=1.1563 lr=1.00e-06
2026-07-16 09:19:59,359 [INFO] trainer: epoch 499 done train_loss=1.1647 dt=11.9s
2026-07-16 09:20:10,306 [INFO] trainer: epoch 500 step 50/54 loss=1.1477 lr=1.00e-06
2026-07-16 09:20:11,115 [INFO] trainer: epoch 500 done train_loss=1.1365 dt=11.8s
2026-07-16 09:20:55,026 [INFO] trainer: epoch 500 val_mean_dice=0.7621
2026-07-16 09:20:55,347 [INFO] trainer: total time 6862.1 s, best dice 0.7622 (epochs 1-500 / 500)
