2026-07-16 07:35:21,993 [INFO] train: ========================================================================
2026-07-16 07:35:21,994 [INFO] train: model=sam_med3d config=configs/lowshot/ls_samMed3d_frz_pt_f010.yaml
2026-07-16 07:35:21,994 [INFO] train: output=/scratch/lskrlj/runs/ls_samMed3d_frz_pt_f010 device=cuda (NVIDIA A100-SXM4-40GB)
2026-07-16 07:35:21,994 [INFO] train: epochs=500 batch_size=2 grad_accum=2 eff_batch=4 lr=0.0002 amp=True
2026-07-16 07:35:21,994 [INFO] train: ========================================================================
2026-07-16 07:35:21,997 [INFO] train: splits: train=1082 val=57 classes=117
2026-07-16 07:35:21,997 [INFO] train: low-shot: train_fraction=0.1000 seed=1234 -> 108/1082 train cases
2026-07-16 07:35:22,215 [INFO] train: disk cache: /scratch/lskrlj/cache/TotalSeg/833d9d046402 (fingerprint=833d9d046402)
2026-07-16 07:36:16,954 [INFO] train: model sam_med3d, trainable params: 9056984 / 101981912 total (freeze_backbone=True)
2026-07-16 07:36:26,157 [WARNING] trainer: --resume set but no checkpoint found in /scratch/lskrlj/runs/ls_samMed3d_frz_pt_f010; starting fresh
2026-07-16 07:36:26,158 [INFO] trainer: start: epochs 1-500/500 device=cuda amp=bf16 train_batches=54 val_batches=57
2026-07-16 07:36:45,914 [INFO] trainer: epoch 1 step 50/54 loss=10.3192 lr=1.85e-05
2026-07-16 07:36:47,140 [INFO] trainer: epoch 1 done train_loss=10.2909 dt=21.0s
2026-07-16 07:37:03,542 [INFO] trainer: epoch 2 step 50/54 loss=9.4374 lr=3.85e-05
2026-07-16 07:37:04,764 [INFO] trainer: epoch 2 done train_loss=9.4011 dt=17.6s
2026-07-16 07:37:21,249 [INFO] trainer: epoch 3 step 50/54 loss=8.4794 lr=5.85e-05
2026-07-16 07:37:22,475 [INFO] trainer: epoch 3 done train_loss=8.4433 dt=17.7s
2026-07-16 07:37:38,666 [INFO] trainer: epoch 4 step 50/54 loss=7.6948 lr=7.85e-05
2026-07-16 07:37:39,891 [INFO] trainer: epoch 4 done train_loss=7.6615 dt=17.4s
2026-07-16 07:37:55,990 [INFO] trainer: epoch 5 step 50/54 loss=7.0612 lr=9.85e-05
2026-07-16 07:37:57,215 [INFO] trainer: epoch 5 done train_loss=7.0292 dt=17.3s
2026-07-16 07:38:13,971 [INFO] trainer: epoch 6 step 50/54 loss=6.5538 lr=1.19e-04
2026-07-16 07:38:15,194 [INFO] trainer: epoch 6 done train_loss=6.5400 dt=18.0s
2026-07-16 07:38:31,518 [INFO] trainer: epoch 7 step 50/54 loss=6.1173 lr=1.39e-04
2026-07-16 07:38:32,744 [INFO] trainer: epoch 7 done train_loss=6.0903 dt=17.5s
2026-07-16 07:38:49,199 [INFO] trainer: epoch 8 step 50/54 loss=5.7307 lr=1.59e-04
2026-07-16 07:38:50,424 [INFO] trainer: epoch 8 done train_loss=5.7196 dt=17.7s
2026-07-16 07:39:06,592 [INFO] trainer: epoch 9 step 50/54 loss=5.3919 lr=1.79e-04
2026-07-16 07:39:07,817 [INFO] trainer: epoch 9 done train_loss=5.3779 dt=17.4s
2026-07-16 07:39:24,297 [INFO] trainer: epoch 10 step 50/54 loss=5.1023 lr=1.99e-04
2026-07-16 07:39:25,524 [INFO] trainer: epoch 10 done train_loss=5.0888 dt=17.7s
2026-07-16 07:39:42,360 [INFO] trainer: epoch 11 step 50/54 loss=4.7932 lr=2.00e-04
2026-07-16 07:39:43,589 [INFO] trainer: epoch 11 done train_loss=4.7795 dt=17.5s
2026-07-16 07:39:59,847 [INFO] trainer: epoch 12 step 50/54 loss=4.6256 lr=2.00e-04
2026-07-16 07:40:01,073 [INFO] trainer: epoch 12 done train_loss=4.6080 dt=17.5s
2026-07-16 07:40:17,346 [INFO] trainer: epoch 13 step 50/54 loss=4.3659 lr=2.00e-04
2026-07-16 07:40:18,571 [INFO] trainer: epoch 13 done train_loss=4.3537 dt=17.5s
2026-07-16 07:40:34,931 [INFO] trainer: epoch 14 step 50/54 loss=4.2220 lr=2.00e-04
2026-07-16 07:40:36,157 [INFO] trainer: epoch 14 done train_loss=4.2124 dt=17.6s
2026-07-16 07:40:52,303 [INFO] trainer: epoch 15 step 50/54 loss=4.0249 lr=2.00e-04
2026-07-16 07:40:53,528 [INFO] trainer: epoch 15 done train_loss=4.0283 dt=17.4s
2026-07-16 07:41:09,534 [INFO] trainer: epoch 16 step 50/54 loss=3.8266 lr=2.00e-04
2026-07-16 07:41:10,760 [INFO] trainer: epoch 16 done train_loss=3.8070 dt=17.2s
2026-07-16 07:41:26,848 [INFO] trainer: epoch 17 step 50/54 loss=3.7154 lr=2.00e-04
2026-07-16 07:41:28,073 [INFO] trainer: epoch 17 done train_loss=3.6947 dt=17.3s
2026-07-16 07:41:44,309 [INFO] trainer: epoch 18 step 50/54 loss=3.5078 lr=2.00e-04
2026-07-16 07:41:45,535 [INFO] trainer: epoch 18 done train_loss=3.5048 dt=17.5s
2026-07-16 07:42:01,774 [INFO] trainer: epoch 19 step 50/54 loss=3.4110 lr=2.00e-04
2026-07-16 07:42:02,999 [INFO] trainer: epoch 19 done train_loss=3.4092 dt=17.5s
2026-07-16 07:42:19,461 [INFO] trainer: epoch 20 step 50/54 loss=3.3348 lr=2.00e-04
2026-07-16 07:42:20,830 [INFO] trainer: epoch 20 done train_loss=3.3367 dt=17.8s
2026-07-16 07:42:37,572 [INFO] trainer: epoch 21 step 50/54 loss=3.3076 lr=2.00e-04
2026-07-16 07:42:38,796 [INFO] trainer: epoch 21 done train_loss=3.2900 dt=17.4s
2026-07-16 07:42:55,166 [INFO] trainer: epoch 22 step 50/54 loss=3.2248 lr=2.00e-04
2026-07-16 07:42:56,392 [INFO] trainer: epoch 22 done train_loss=3.2273 dt=17.6s
2026-07-16 07:43:12,636 [INFO] trainer: epoch 23 step 50/54 loss=3.1749 lr=2.00e-04
2026-07-16 07:43:13,861 [INFO] trainer: epoch 23 done train_loss=3.1546 dt=17.5s
2026-07-16 07:43:30,044 [INFO] trainer: epoch 24 step 50/54 loss=3.1730 lr=2.00e-04
2026-07-16 07:43:31,270 [INFO] trainer: epoch 24 done train_loss=3.1541 dt=17.4s
2026-07-16 07:43:47,518 [INFO] trainer: epoch 25 step 50/54 loss=3.1224 lr=2.00e-04
2026-07-16 07:43:48,743 [INFO] trainer: epoch 25 done train_loss=3.1086 dt=17.5s
2026-07-16 07:45:55,442 [INFO] trainer: epoch 25 val_mean_dice=0.0096
2026-07-16 07:46:12,387 [INFO] trainer: epoch 26 step 50/54 loss=3.0447 lr=1.99e-04
2026-07-16 07:46:13,616 [INFO] trainer: epoch 26 done train_loss=3.0553 dt=17.6s
2026-07-16 07:46:29,891 [INFO] trainer: epoch 27 step 50/54 loss=3.0516 lr=1.99e-04
2026-07-16 07:46:31,135 [INFO] trainer: epoch 27 done train_loss=3.0476 dt=17.5s
2026-07-16 07:46:47,506 [INFO] trainer: epoch 28 step 50/54 loss=2.9665 lr=1.99e-04
2026-07-16 07:46:48,732 [INFO] trainer: epoch 28 done train_loss=2.9750 dt=17.6s
2026-07-16 07:47:05,266 [INFO] trainer: epoch 29 step 50/54 loss=2.9952 lr=1.99e-04
2026-07-16 07:47:06,497 [INFO] trainer: epoch 29 done train_loss=3.0115 dt=17.8s
2026-07-16 07:47:22,913 [INFO] trainer: epoch 30 step 50/54 loss=2.9576 lr=1.99e-04
2026-07-16 07:47:24,139 [INFO] trainer: epoch 30 done train_loss=2.9584 dt=17.6s
2026-07-16 07:47:41,288 [INFO] trainer: epoch 31 step 50/54 loss=2.9335 lr=1.99e-04
2026-07-16 07:47:42,515 [INFO] trainer: epoch 31 done train_loss=2.9310 dt=17.6s
2026-07-16 07:47:58,962 [INFO] trainer: epoch 32 step 50/54 loss=2.9071 lr=1.99e-04
2026-07-16 07:48:00,189 [INFO] trainer: epoch 32 done train_loss=2.9074 dt=17.7s
2026-07-16 07:48:16,743 [INFO] trainer: epoch 33 step 50/54 loss=2.8701 lr=1.99e-04
2026-07-16 07:48:17,970 [INFO] trainer: epoch 33 done train_loss=2.8730 dt=17.8s
2026-07-16 07:48:34,556 [INFO] trainer: epoch 34 step 50/54 loss=2.8118 lr=1.99e-04
2026-07-16 07:48:35,783 [INFO] trainer: epoch 34 done train_loss=2.8130 dt=17.8s
2026-07-16 07:48:52,117 [INFO] trainer: epoch 35 step 50/54 loss=2.8105 lr=1.99e-04
2026-07-16 07:48:53,343 [INFO] trainer: epoch 35 done train_loss=2.8018 dt=17.6s
2026-07-16 07:49:09,811 [INFO] trainer: epoch 36 step 50/54 loss=2.7355 lr=1.99e-04
2026-07-16 07:49:11,038 [INFO] trainer: epoch 36 done train_loss=2.7291 dt=17.7s
2026-07-16 07:49:27,455 [INFO] trainer: epoch 37 step 50/54 loss=2.7400 lr=1.99e-04
2026-07-16 07:49:28,683 [INFO] trainer: epoch 37 done train_loss=2.7427 dt=17.6s
2026-07-16 07:49:45,217 [INFO] trainer: epoch 38 step 50/54 loss=2.7359 lr=1.98e-04
2026-07-16 07:49:46,444 [INFO] trainer: epoch 38 done train_loss=2.7268 dt=17.8s
2026-07-16 07:50:02,597 [INFO] trainer: epoch 39 step 50/54 loss=2.7343 lr=1.98e-04
2026-07-16 07:50:03,824 [INFO] trainer: epoch 39 done train_loss=2.7264 dt=17.4s
2026-07-16 07:50:21,019 [INFO] trainer: epoch 40 step 50/54 loss=2.7007 lr=1.98e-04
2026-07-16 07:50:22,251 [INFO] trainer: epoch 40 done train_loss=2.7009 dt=18.4s
2026-07-16 07:50:39,212 [INFO] trainer: epoch 41 step 50/54 loss=2.6845 lr=1.98e-04
2026-07-16 07:50:40,439 [INFO] trainer: epoch 41 done train_loss=2.6908 dt=17.5s
2026-07-16 07:50:56,835 [INFO] trainer: epoch 42 step 50/54 loss=2.6406 lr=1.98e-04
2026-07-16 07:50:58,060 [INFO] trainer: epoch 42 done train_loss=2.6371 dt=17.6s
2026-07-16 07:51:14,223 [INFO] trainer: epoch 43 step 50/54 loss=2.6054 lr=1.98e-04
2026-07-16 07:51:15,448 [INFO] trainer: epoch 43 done train_loss=2.6166 dt=17.4s
2026-07-16 07:51:31,808 [INFO] trainer: epoch 44 step 50/54 loss=2.5774 lr=1.98e-04
2026-07-16 07:51:33,033 [INFO] trainer: epoch 44 done train_loss=2.5797 dt=17.6s
2026-07-16 07:51:49,366 [INFO] trainer: epoch 45 step 50/54 loss=2.5864 lr=1.98e-04
2026-07-16 07:51:50,591 [INFO] trainer: epoch 45 done train_loss=2.5866 dt=17.6s
2026-07-16 07:52:06,980 [INFO] trainer: epoch 46 step 50/54 loss=2.5746 lr=1.97e-04
2026-07-16 07:52:08,205 [INFO] trainer: epoch 46 done train_loss=2.5763 dt=17.6s
2026-07-16 07:52:24,494 [INFO] trainer: epoch 47 step 50/54 loss=2.5646 lr=1.97e-04
2026-07-16 07:52:25,718 [INFO] trainer: epoch 47 done train_loss=2.5558 dt=17.5s
2026-07-16 07:52:42,078 [INFO] trainer: epoch 48 step 50/54 loss=2.5559 lr=1.97e-04
2026-07-16 07:52:43,305 [INFO] trainer: epoch 48 done train_loss=2.5404 dt=17.6s
2026-07-16 07:52:59,422 [INFO] trainer: epoch 49 step 50/54 loss=2.5441 lr=1.97e-04
2026-07-16 07:53:00,643 [INFO] trainer: epoch 49 done train_loss=2.5486 dt=17.3s
2026-07-16 07:53:16,805 [INFO] trainer: epoch 50 step 50/54 loss=2.5318 lr=1.97e-04
2026-07-16 07:53:18,031 [INFO] trainer: epoch 50 done train_loss=2.5398 dt=17.4s
2026-07-16 07:55:19,197 [INFO] trainer: epoch 50 val_mean_dice=0.0869
2026-07-16 07:55:36,742 [INFO] trainer: epoch 51 step 50/54 loss=2.4727 lr=1.97e-04
2026-07-16 07:55:37,967 [INFO] trainer: epoch 51 done train_loss=2.4713 dt=17.5s
2026-07-16 07:55:54,176 [INFO] trainer: epoch 52 step 50/54 loss=2.4644 lr=1.96e-04
2026-07-16 07:55:55,402 [INFO] trainer: epoch 52 done train_loss=2.4621 dt=17.4s
2026-07-16 07:56:11,823 [INFO] trainer: epoch 53 step 50/54 loss=2.4887 lr=1.96e-04
2026-07-16 07:56:13,046 [INFO] trainer: epoch 53 done train_loss=2.4867 dt=17.6s
2026-07-16 07:56:29,351 [INFO] trainer: epoch 54 step 50/54 loss=2.4426 lr=1.96e-04
2026-07-16 07:56:30,576 [INFO] trainer: epoch 54 done train_loss=2.4431 dt=17.5s
2026-07-16 07:56:46,910 [INFO] trainer: epoch 55 step 50/54 loss=2.4176 lr=1.96e-04
2026-07-16 07:56:48,136 [INFO] trainer: epoch 55 done train_loss=2.4356 dt=17.6s
2026-07-16 07:57:04,585 [INFO] trainer: epoch 56 step 50/54 loss=2.4300 lr=1.96e-04
2026-07-16 07:57:05,811 [INFO] trainer: epoch 56 done train_loss=2.4513 dt=17.7s
2026-07-16 07:57:22,116 [INFO] trainer: epoch 57 step 50/54 loss=2.4179 lr=1.96e-04
2026-07-16 07:57:23,342 [INFO] trainer: epoch 57 done train_loss=2.4291 dt=17.5s
2026-07-16 07:57:39,529 [INFO] trainer: epoch 58 step 50/54 loss=2.3970 lr=1.95e-04
2026-07-16 07:57:40,756 [INFO] trainer: epoch 58 done train_loss=2.3885 dt=17.4s
2026-07-16 07:57:56,952 [INFO] trainer: epoch 59 step 50/54 loss=2.3722 lr=1.95e-04
2026-07-16 07:57:58,178 [INFO] trainer: epoch 59 done train_loss=2.3691 dt=17.4s
2026-07-16 07:58:14,411 [INFO] trainer: epoch 60 step 50/54 loss=2.3716 lr=1.95e-04
2026-07-16 07:58:15,640 [INFO] trainer: epoch 60 done train_loss=2.3660 dt=17.5s
2026-07-16 07:58:32,709 [INFO] trainer: epoch 61 step 50/54 loss=2.3506 lr=1.95e-04
2026-07-16 07:58:33,934 [INFO] trainer: epoch 61 done train_loss=2.3579 dt=17.6s
2026-07-16 07:58:50,359 [INFO] trainer: epoch 62 step 50/54 loss=2.3538 lr=1.95e-04
2026-07-16 07:58:51,585 [INFO] trainer: epoch 62 done train_loss=2.3479 dt=17.7s
2026-07-16 07:59:07,995 [INFO] trainer: epoch 63 step 50/54 loss=2.3691 lr=1.94e-04
2026-07-16 07:59:09,223 [INFO] trainer: epoch 63 done train_loss=2.3574 dt=17.6s
2026-07-16 07:59:25,528 [INFO] trainer: epoch 64 step 50/54 loss=2.3195 lr=1.94e-04
2026-07-16 07:59:26,757 [INFO] trainer: epoch 64 done train_loss=2.3230 dt=17.5s
2026-07-16 07:59:42,981 [INFO] trainer: epoch 65 step 50/54 loss=2.3098 lr=1.94e-04
2026-07-16 07:59:44,210 [INFO] trainer: epoch 65 done train_loss=2.3225 dt=17.5s
2026-07-16 08:00:00,504 [INFO] trainer: epoch 66 step 50/54 loss=2.3252 lr=1.94e-04
2026-07-16 08:00:01,730 [INFO] trainer: epoch 66 done train_loss=2.3112 dt=17.5s
2026-07-16 08:00:17,992 [INFO] trainer: epoch 67 step 50/54 loss=2.2922 lr=1.93e-04
2026-07-16 08:00:19,218 [INFO] trainer: epoch 67 done train_loss=2.2985 dt=17.5s
2026-07-16 08:00:35,410 [INFO] trainer: epoch 68 step 50/54 loss=2.2764 lr=1.93e-04
2026-07-16 08:00:36,638 [INFO] trainer: epoch 68 done train_loss=2.2698 dt=17.4s
2026-07-16 08:00:52,978 [INFO] trainer: epoch 69 step 50/54 loss=2.2560 lr=1.93e-04
2026-07-16 08:00:54,205 [INFO] trainer: epoch 69 done train_loss=2.2570 dt=17.6s
2026-07-16 08:01:10,527 [INFO] trainer: epoch 70 step 50/54 loss=2.2757 lr=1.93e-04
2026-07-16 08:01:11,756 [INFO] trainer: epoch 70 done train_loss=2.2818 dt=17.6s
2026-07-16 08:01:28,733 [INFO] trainer: epoch 71 step 50/54 loss=2.2542 lr=1.93e-04
2026-07-16 08:01:29,960 [INFO] trainer: epoch 71 done train_loss=2.2590 dt=17.5s
2026-07-16 08:01:46,180 [INFO] trainer: epoch 72 step 50/54 loss=2.2338 lr=1.92e-04
2026-07-16 08:01:47,407 [INFO] trainer: epoch 72 done train_loss=2.2395 dt=17.4s
2026-07-16 08:02:03,739 [INFO] trainer: epoch 73 step 50/54 loss=2.2411 lr=1.92e-04
2026-07-16 08:02:04,973 [INFO] trainer: epoch 73 done train_loss=2.2403 dt=17.6s
2026-07-16 08:02:21,319 [INFO] trainer: epoch 74 step 50/54 loss=2.1843 lr=1.92e-04
2026-07-16 08:02:22,546 [INFO] trainer: epoch 74 done train_loss=2.2033 dt=17.6s
2026-07-16 08:02:38,919 [INFO] trainer: epoch 75 step 50/54 loss=2.1966 lr=1.92e-04
2026-07-16 08:02:40,142 [INFO] trainer: epoch 75 done train_loss=2.2091 dt=17.6s
2026-07-16 08:05:21,312 [INFO] trainer: epoch 75 val_mean_dice=0.2468
2026-07-16 08:05:38,457 [INFO] trainer: epoch 76 step 50/54 loss=2.2047 lr=1.91e-04
2026-07-16 08:05:39,682 [INFO] trainer: epoch 76 done train_loss=2.2101 dt=17.5s
2026-07-16 08:05:55,861 [INFO] trainer: epoch 77 step 50/54 loss=2.2432 lr=1.91e-04
2026-07-16 08:05:57,094 [INFO] trainer: epoch 77 done train_loss=2.2466 dt=17.4s
2026-07-16 08:06:13,383 [INFO] trainer: epoch 78 step 50/54 loss=2.1747 lr=1.91e-04
2026-07-16 08:06:14,614 [INFO] trainer: epoch 78 done train_loss=2.1744 dt=17.5s
2026-07-16 08:06:30,968 [INFO] trainer: epoch 79 step 50/54 loss=2.1684 lr=1.90e-04
2026-07-16 08:06:32,195 [INFO] trainer: epoch 79 done train_loss=2.1784 dt=17.6s
2026-07-16 08:06:48,785 [INFO] trainer: epoch 80 step 50/54 loss=2.1890 lr=1.90e-04
2026-07-16 08:06:50,013 [INFO] trainer: epoch 80 done train_loss=2.1943 dt=17.8s
2026-07-16 08:07:07,029 [INFO] trainer: epoch 81 step 50/54 loss=2.1424 lr=1.90e-04
2026-07-16 08:07:08,257 [INFO] trainer: epoch 81 done train_loss=2.1521 dt=17.5s
2026-07-16 08:07:24,604 [INFO] trainer: epoch 82 step 50/54 loss=2.1622 lr=1.90e-04
2026-07-16 08:07:25,833 [INFO] trainer: epoch 82 done train_loss=2.1636 dt=17.6s
2026-07-16 08:07:42,182 [INFO] trainer: epoch 83 step 50/54 loss=2.1566 lr=1.89e-04
2026-07-16 08:07:43,409 [INFO] trainer: epoch 83 done train_loss=2.1499 dt=17.6s
2026-07-16 08:07:59,766 [INFO] trainer: epoch 84 step 50/54 loss=2.1830 lr=1.89e-04
2026-07-16 08:08:01,003 [INFO] trainer: epoch 84 done train_loss=2.1801 dt=17.6s
2026-07-16 08:08:17,305 [INFO] trainer: epoch 85 step 50/54 loss=2.1293 lr=1.89e-04
2026-07-16 08:08:18,532 [INFO] trainer: epoch 85 done train_loss=2.1300 dt=17.5s
2026-07-16 08:08:35,089 [INFO] trainer: epoch 86 step 50/54 loss=2.1363 lr=1.88e-04
2026-07-16 08:08:36,317 [INFO] trainer: epoch 86 done train_loss=2.1375 dt=17.8s
2026-07-16 08:08:52,477 [INFO] trainer: epoch 87 step 50/54 loss=2.1332 lr=1.88e-04
2026-07-16 08:08:53,703 [INFO] trainer: epoch 87 done train_loss=2.1442 dt=17.4s
2026-07-16 08:09:09,995 [INFO] trainer: epoch 88 step 50/54 loss=2.1333 lr=1.88e-04
2026-07-16 08:09:11,222 [INFO] trainer: epoch 88 done train_loss=2.1223 dt=17.5s
2026-07-16 08:09:27,507 [INFO] trainer: epoch 89 step 50/54 loss=2.1265 lr=1.88e-04
2026-07-16 08:09:28,733 [INFO] trainer: epoch 89 done train_loss=2.1369 dt=17.5s
2026-07-16 08:09:47,418 [INFO] trainer: epoch 90 step 50/54 loss=2.1166 lr=1.87e-04
2026-07-16 08:09:48,644 [INFO] trainer: epoch 90 done train_loss=2.1140 dt=19.9s
2026-07-16 08:10:05,810 [INFO] trainer: epoch 91 step 50/54 loss=2.0929 lr=1.87e-04
2026-07-16 08:10:07,037 [INFO] trainer: epoch 91 done train_loss=2.0907 dt=17.6s
2026-07-16 08:10:23,503 [INFO] trainer: epoch 92 step 50/54 loss=2.0949 lr=1.87e-04
2026-07-16 08:10:24,732 [INFO] trainer: epoch 92 done train_loss=2.1049 dt=17.7s
2026-07-16 08:10:41,151 [INFO] trainer: epoch 93 step 50/54 loss=2.0878 lr=1.86e-04
2026-07-16 08:10:42,386 [INFO] trainer: epoch 93 done train_loss=2.1051 dt=17.7s
2026-07-16 08:10:58,606 [INFO] trainer: epoch 94 step 50/54 loss=2.1046 lr=1.86e-04
2026-07-16 08:10:59,832 [INFO] trainer: epoch 94 done train_loss=2.1013 dt=17.4s
2026-07-16 08:11:16,136 [INFO] trainer: epoch 95 step 50/54 loss=2.0661 lr=1.86e-04
2026-07-16 08:11:17,371 [INFO] trainer: epoch 95 done train_loss=2.0660 dt=17.5s
2026-07-16 08:11:33,605 [INFO] trainer: epoch 96 step 50/54 loss=2.1018 lr=1.85e-04
2026-07-16 08:11:34,833 [INFO] trainer: epoch 96 done train_loss=2.1051 dt=17.5s
2026-07-16 08:11:51,178 [INFO] trainer: epoch 97 step 50/54 loss=2.0835 lr=1.85e-04
2026-07-16 08:11:52,406 [INFO] trainer: epoch 97 done train_loss=2.0827 dt=17.6s
2026-07-16 08:12:08,801 [INFO] trainer: epoch 98 step 50/54 loss=2.1012 lr=1.85e-04
2026-07-16 08:12:10,031 [INFO] trainer: epoch 98 done train_loss=2.1004 dt=17.6s
2026-07-16 08:12:26,584 [INFO] trainer: epoch 99 step 50/54 loss=2.0719 lr=1.84e-04
2026-07-16 08:12:27,811 [INFO] trainer: epoch 99 done train_loss=2.0705 dt=17.8s
2026-07-16 08:12:44,117 [INFO] trainer: epoch 100 step 50/54 loss=2.0810 lr=1.84e-04
2026-07-16 08:12:45,347 [INFO] trainer: epoch 100 done train_loss=2.0800 dt=17.5s
2026-07-16 08:14:42,774 [INFO] trainer: epoch 100 val_mean_dice=0.3235
2026-07-16 08:15:00,591 [INFO] trainer: epoch 101 step 50/54 loss=2.0537 lr=1.84e-04
2026-07-16 08:15:01,818 [INFO] trainer: epoch 101 done train_loss=2.0504 dt=17.6s
2026-07-16 08:15:18,231 [INFO] trainer: epoch 102 step 50/54 loss=2.0617 lr=1.83e-04
2026-07-16 08:15:19,456 [INFO] trainer: epoch 102 done train_loss=2.0635 dt=17.6s
2026-07-16 08:15:35,893 [INFO] trainer: epoch 103 step 50/54 loss=2.0620 lr=1.83e-04
2026-07-16 08:15:37,119 [INFO] trainer: epoch 103 done train_loss=2.0732 dt=17.7s
2026-07-16 08:15:53,347 [INFO] trainer: epoch 104 step 50/54 loss=2.0511 lr=1.82e-04
2026-07-16 08:15:54,580 [INFO] trainer: epoch 104 done train_loss=2.0498 dt=17.5s
2026-07-16 08:16:11,095 [INFO] trainer: epoch 105 step 50/54 loss=2.0671 lr=1.82e-04
2026-07-16 08:16:12,322 [INFO] trainer: epoch 105 done train_loss=2.0662 dt=17.7s
2026-07-16 08:16:28,625 [INFO] trainer: epoch 106 step 50/54 loss=2.0247 lr=1.82e-04
2026-07-16 08:16:29,851 [INFO] trainer: epoch 106 done train_loss=2.0358 dt=17.5s
2026-07-16 08:16:46,051 [INFO] trainer: epoch 107 step 50/54 loss=2.0292 lr=1.81e-04
2026-07-16 08:16:47,286 [INFO] trainer: epoch 107 done train_loss=2.0239 dt=17.4s
2026-07-16 08:17:03,552 [INFO] trainer: epoch 108 step 50/54 loss=2.0230 lr=1.81e-04
2026-07-16 08:17:04,779 [INFO] trainer: epoch 108 done train_loss=2.0259 dt=17.5s
2026-07-16 08:17:21,628 [INFO] trainer: epoch 109 step 50/54 loss=2.0454 lr=1.81e-04
2026-07-16 08:17:22,855 [INFO] trainer: epoch 109 done train_loss=2.0438 dt=18.1s
2026-07-16 08:17:39,433 [INFO] trainer: epoch 110 step 50/54 loss=2.0406 lr=1.80e-04
2026-07-16 08:17:40,666 [INFO] trainer: epoch 110 done train_loss=2.0459 dt=17.8s
2026-07-16 08:17:57,750 [INFO] trainer: epoch 111 step 50/54 loss=2.0235 lr=1.80e-04
2026-07-16 08:17:58,980 [INFO] trainer: epoch 111 done train_loss=2.0259 dt=17.6s
2026-07-16 08:18:15,262 [INFO] trainer: epoch 112 step 50/54 loss=1.9934 lr=1.79e-04
2026-07-16 08:18:16,493 [INFO] trainer: epoch 112 done train_loss=2.0030 dt=17.5s
2026-07-16 08:18:33,406 [INFO] trainer: epoch 113 step 50/54 loss=1.9976 lr=1.79e-04
2026-07-16 08:18:34,637 [INFO] trainer: epoch 113 done train_loss=2.0020 dt=18.1s
2026-07-16 08:18:51,026 [INFO] trainer: epoch 114 step 50/54 loss=2.0067 lr=1.79e-04
2026-07-16 08:18:52,254 [INFO] trainer: epoch 114 done train_loss=2.0203 dt=17.6s
2026-07-16 08:19:08,710 [INFO] trainer: epoch 115 step 50/54 loss=1.9823 lr=1.78e-04
2026-07-16 08:19:09,940 [INFO] trainer: epoch 115 done train_loss=1.9910 dt=17.7s
2026-07-16 08:19:26,234 [INFO] trainer: epoch 116 step 50/54 loss=2.0035 lr=1.78e-04
2026-07-16 08:19:27,465 [INFO] trainer: epoch 116 done train_loss=1.9946 dt=17.5s
2026-07-16 08:19:43,612 [INFO] trainer: epoch 117 step 50/54 loss=1.9765 lr=1.78e-04
2026-07-16 08:19:44,840 [INFO] trainer: epoch 117 done train_loss=1.9821 dt=17.4s
2026-07-16 08:20:00,995 [INFO] trainer: epoch 118 step 50/54 loss=1.9874 lr=1.77e-04
2026-07-16 08:20:02,224 [INFO] trainer: epoch 118 done train_loss=1.9776 dt=17.4s
2026-07-16 08:20:18,535 [INFO] trainer: epoch 119 step 50/54 loss=1.9871 lr=1.77e-04
2026-07-16 08:20:19,766 [INFO] trainer: epoch 119 done train_loss=1.9821 dt=17.5s
2026-07-16 08:20:36,185 [INFO] trainer: epoch 120 step 50/54 loss=1.9633 lr=1.76e-04
2026-07-16 08:20:37,412 [INFO] trainer: epoch 120 done train_loss=1.9670 dt=17.6s
2026-07-16 08:20:54,599 [INFO] trainer: epoch 121 step 50/54 loss=1.9616 lr=1.76e-04
2026-07-16 08:20:55,829 [INFO] trainer: epoch 121 done train_loss=1.9675 dt=17.7s
2026-07-16 08:21:12,182 [INFO] trainer: epoch 122 step 50/54 loss=1.9585 lr=1.75e-04
2026-07-16 08:21:13,408 [INFO] trainer: epoch 122 done train_loss=1.9565 dt=17.6s
2026-07-16 08:21:29,754 [INFO] trainer: epoch 123 step 50/54 loss=1.9520 lr=1.75e-04
2026-07-16 08:21:30,982 [INFO] trainer: epoch 123 done train_loss=1.9479 dt=17.6s
2026-07-16 08:21:47,293 [INFO] trainer: epoch 124 step 50/54 loss=1.9649 lr=1.75e-04
2026-07-16 08:21:48,521 [INFO] trainer: epoch 124 done train_loss=1.9606 dt=17.5s
2026-07-16 08:22:04,813 [INFO] trainer: epoch 125 step 50/54 loss=1.9535 lr=1.74e-04
2026-07-16 08:22:06,042 [INFO] trainer: epoch 125 done train_loss=1.9518 dt=17.5s
2026-07-16 08:24:03,285 [INFO] trainer: epoch 125 val_mean_dice=0.3794
2026-07-16 08:24:20,218 [INFO] trainer: epoch 126 step 50/54 loss=1.9842 lr=1.74e-04
2026-07-16 08:24:21,443 [INFO] trainer: epoch 126 done train_loss=1.9770 dt=17.4s
2026-07-16 08:24:37,929 [INFO] trainer: epoch 127 step 50/54 loss=1.9583 lr=1.73e-04
2026-07-16 08:24:39,157 [INFO] trainer: epoch 127 done train_loss=1.9482 dt=17.7s
2026-07-16 08:24:55,422 [INFO] trainer: epoch 128 step 50/54 loss=1.9487 lr=1.73e-04
2026-07-16 08:24:56,655 [INFO] trainer: epoch 128 done train_loss=1.9583 dt=17.5s
2026-07-16 08:25:12,839 [INFO] trainer: epoch 129 step 50/54 loss=1.9698 lr=1.72e-04
2026-07-16 08:25:14,067 [INFO] trainer: epoch 129 done train_loss=1.9657 dt=17.4s
2026-07-16 08:25:30,398 [INFO] trainer: epoch 130 step 50/54 loss=1.9701 lr=1.72e-04
2026-07-16 08:25:31,626 [INFO] trainer: epoch 130 done train_loss=1.9675 dt=17.6s
2026-07-16 08:25:48,875 [INFO] trainer: epoch 131 step 50/54 loss=1.9370 lr=1.72e-04
2026-07-16 08:25:50,102 [INFO] trainer: epoch 131 done train_loss=1.9344 dt=17.7s
2026-07-16 08:26:06,432 [INFO] trainer: epoch 132 step 50/54 loss=1.8962 lr=1.71e-04
2026-07-16 08:26:07,665 [INFO] trainer: epoch 132 done train_loss=1.9034 dt=17.6s
2026-07-16 08:26:24,162 [INFO] trainer: epoch 133 step 50/54 loss=1.9296 lr=1.71e-04
2026-07-16 08:26:25,391 [INFO] trainer: epoch 133 done train_loss=1.9294 dt=17.7s
2026-07-16 08:26:41,829 [INFO] trainer: epoch 134 step 50/54 loss=1.9213 lr=1.70e-04
2026-07-16 08:26:43,066 [INFO] trainer: epoch 134 done train_loss=1.9266 dt=17.7s
2026-07-16 08:26:59,475 [INFO] trainer: epoch 135 step 50/54 loss=1.9708 lr=1.70e-04
2026-07-16 08:27:00,705 [INFO] trainer: epoch 135 done train_loss=1.9603 dt=17.6s
2026-07-16 08:27:16,853 [INFO] trainer: epoch 136 step 50/54 loss=1.9109 lr=1.69e-04
2026-07-16 08:27:18,083 [INFO] trainer: epoch 136 done train_loss=1.9215 dt=17.4s
2026-07-16 08:27:34,587 [INFO] trainer: epoch 137 step 50/54 loss=1.9271 lr=1.69e-04
2026-07-16 08:27:35,815 [INFO] trainer: epoch 137 done train_loss=1.9241 dt=17.7s
2026-07-16 08:27:52,181 [INFO] trainer: epoch 138 step 50/54 loss=1.9156 lr=1.68e-04
2026-07-16 08:27:53,407 [INFO] trainer: epoch 138 done train_loss=1.9148 dt=17.6s
2026-07-16 08:28:09,705 [INFO] trainer: epoch 139 step 50/54 loss=1.9326 lr=1.68e-04
2026-07-16 08:28:10,932 [INFO] trainer: epoch 139 done train_loss=1.9278 dt=17.5s
2026-07-16 08:28:27,463 [INFO] trainer: epoch 140 step 50/54 loss=1.9137 lr=1.67e-04
2026-07-16 08:28:28,691 [INFO] trainer: epoch 140 done train_loss=1.9110 dt=17.8s
2026-07-16 08:28:45,912 [INFO] trainer: epoch 141 step 50/54 loss=1.9079 lr=1.67e-04
2026-07-16 08:28:47,139 [INFO] trainer: epoch 141 done train_loss=1.9165 dt=17.7s
2026-07-16 08:29:03,597 [INFO] trainer: epoch 142 step 50/54 loss=1.9341 lr=1.66e-04
2026-07-16 08:29:04,826 [INFO] trainer: epoch 142 done train_loss=1.9301 dt=17.7s
2026-07-16 08:29:21,205 [INFO] trainer: epoch 143 step 50/54 loss=1.8893 lr=1.66e-04
2026-07-16 08:29:22,434 [INFO] trainer: epoch 143 done train_loss=1.8919 dt=17.6s
2026-07-16 08:29:38,786 [INFO] trainer: epoch 144 step 50/54 loss=1.9325 lr=1.66e-04
2026-07-16 08:29:40,016 [INFO] trainer: epoch 144 done train_loss=1.9288 dt=17.6s
2026-07-16 08:29:56,478 [INFO] trainer: epoch 145 step 50/54 loss=1.9113 lr=1.65e-04
2026-07-16 08:29:57,705 [INFO] trainer: epoch 145 done train_loss=1.8969 dt=17.7s
2026-07-16 08:30:13,927 [INFO] trainer: epoch 146 step 50/54 loss=1.9038 lr=1.65e-04
2026-07-16 08:30:15,155 [INFO] trainer: epoch 146 done train_loss=1.9089 dt=17.4s
2026-07-16 08:30:31,542 [INFO] trainer: epoch 147 step 50/54 loss=1.8816 lr=1.64e-04
2026-07-16 08:30:32,771 [INFO] trainer: epoch 147 done train_loss=1.8948 dt=17.6s
2026-07-16 08:30:49,251 [INFO] trainer: epoch 148 step 50/54 loss=1.9029 lr=1.64e-04
2026-07-16 08:30:50,478 [INFO] trainer: epoch 148 done train_loss=1.9045 dt=17.7s
2026-07-16 08:31:06,595 [INFO] trainer: epoch 149 step 50/54 loss=1.8807 lr=1.63e-04
2026-07-16 08:31:07,876 [INFO] trainer: epoch 149 done train_loss=1.8806 dt=17.4s
2026-07-16 08:31:24,235 [INFO] trainer: epoch 150 step 50/54 loss=1.9101 lr=1.63e-04
2026-07-16 08:31:25,463 [INFO] trainer: epoch 150 done train_loss=1.9004 dt=17.6s
2026-07-16 08:33:22,727 [INFO] trainer: epoch 150 val_mean_dice=0.4423
2026-07-16 08:33:40,739 [INFO] trainer: epoch 151 step 50/54 loss=1.9015 lr=1.62e-04
2026-07-16 08:33:41,970 [INFO] trainer: epoch 151 done train_loss=1.9018 dt=17.9s
2026-07-16 08:33:58,421 [INFO] trainer: epoch 152 step 50/54 loss=1.8968 lr=1.62e-04
2026-07-16 08:33:59,654 [INFO] trainer: epoch 152 done train_loss=1.9007 dt=17.7s
2026-07-16 08:34:16,008 [INFO] trainer: epoch 153 step 50/54 loss=1.8894 lr=1.61e-04
2026-07-16 08:34:17,236 [INFO] trainer: epoch 153 done train_loss=1.8982 dt=17.6s
2026-07-16 08:34:33,394 [INFO] trainer: epoch 154 step 50/54 loss=1.8631 lr=1.61e-04
2026-07-16 08:34:34,620 [INFO] trainer: epoch 154 done train_loss=1.8657 dt=17.4s
2026-07-16 08:34:50,899 [INFO] trainer: epoch 155 step 50/54 loss=1.8844 lr=1.60e-04
2026-07-16 08:34:52,135 [INFO] trainer: epoch 155 done train_loss=1.8813 dt=17.5s
2026-07-16 08:35:08,516 [INFO] trainer: epoch 156 step 50/54 loss=1.9166 lr=1.60e-04
2026-07-16 08:35:09,747 [INFO] trainer: epoch 156 done train_loss=1.9200 dt=17.6s
2026-07-16 08:35:25,890 [INFO] trainer: epoch 157 step 50/54 loss=1.8658 lr=1.59e-04
2026-07-16 08:35:27,122 [INFO] trainer: epoch 157 done train_loss=1.8725 dt=17.4s
2026-07-16 08:35:43,436 [INFO] trainer: epoch 158 step 50/54 loss=1.8767 lr=1.59e-04
2026-07-16 08:35:44,665 [INFO] trainer: epoch 158 done train_loss=1.8708 dt=17.5s
2026-07-16 08:36:00,754 [INFO] trainer: epoch 159 step 50/54 loss=1.8768 lr=1.58e-04
2026-07-16 08:36:01,982 [INFO] trainer: epoch 159 done train_loss=1.8705 dt=17.3s
2026-07-16 08:36:26,645 [INFO] trainer: epoch 160 step 50/54 loss=1.8683 lr=1.57e-04
2026-07-16 08:36:27,875 [INFO] trainer: epoch 160 done train_loss=1.8786 dt=25.9s
2026-07-16 08:36:45,065 [INFO] trainer: epoch 161 step 50/54 loss=1.8476 lr=1.57e-04
2026-07-16 08:36:46,301 [INFO] trainer: epoch 161 done train_loss=1.8470 dt=17.6s
2026-07-16 08:37:02,606 [INFO] trainer: epoch 162 step 50/54 loss=1.8803 lr=1.56e-04
2026-07-16 08:37:03,839 [INFO] trainer: epoch 162 done train_loss=1.8801 dt=17.5s
2026-07-16 08:37:20,080 [INFO] trainer: epoch 163 step 50/54 loss=1.8918 lr=1.56e-04
2026-07-16 08:37:21,315 [INFO] trainer: epoch 163 done train_loss=1.8914 dt=17.5s
2026-07-16 08:37:37,633 [INFO] trainer: epoch 164 step 50/54 loss=1.8595 lr=1.55e-04
2026-07-16 08:37:38,880 [INFO] trainer: epoch 164 done train_loss=1.8611 dt=17.6s
2026-07-16 08:37:55,236 [INFO] trainer: epoch 165 step 50/54 loss=1.8614 lr=1.55e-04
2026-07-16 08:37:56,486 [INFO] trainer: epoch 165 done train_loss=1.8595 dt=17.6s
2026-07-16 08:38:12,779 [INFO] trainer: epoch 166 step 50/54 loss=1.8592 lr=1.54e-04
2026-07-16 08:38:14,012 [INFO] trainer: epoch 166 done train_loss=1.8606 dt=17.5s
2026-07-16 08:38:30,392 [INFO] trainer: epoch 167 step 50/54 loss=1.8398 lr=1.54e-04
2026-07-16 08:38:31,626 [INFO] trainer: epoch 167 done train_loss=1.8406 dt=17.6s
2026-07-16 08:38:47,820 [INFO] trainer: epoch 168 step 50/54 loss=1.8732 lr=1.53e-04
2026-07-16 08:38:49,054 [INFO] trainer: epoch 168 done train_loss=1.8815 dt=17.4s
2026-07-16 08:39:05,363 [INFO] trainer: epoch 169 step 50/54 loss=1.8303 lr=1.53e-04
2026-07-16 08:39:06,600 [INFO] trainer: epoch 169 done train_loss=1.8330 dt=17.5s
2026-07-16 08:39:22,929 [INFO] trainer: epoch 170 step 50/54 loss=1.8438 lr=1.52e-04
2026-07-16 08:39:24,163 [INFO] trainer: epoch 170 done train_loss=1.8420 dt=17.6s
2026-07-16 08:39:41,215 [INFO] trainer: epoch 171 step 50/54 loss=1.8618 lr=1.52e-04
2026-07-16 08:39:42,450 [INFO] trainer: epoch 171 done train_loss=1.8575 dt=17.5s
2026-07-16 08:39:58,632 [INFO] trainer: epoch 172 step 50/54 loss=1.8694 lr=1.51e-04
2026-07-16 08:39:59,868 [INFO] trainer: epoch 172 done train_loss=1.8771 dt=17.4s
2026-07-16 08:40:16,087 [INFO] trainer: epoch 173 step 50/54 loss=1.8534 lr=1.50e-04
2026-07-16 08:40:17,329 [INFO] trainer: epoch 173 done train_loss=1.8370 dt=17.5s
2026-07-16 08:40:33,580 [INFO] trainer: epoch 174 step 50/54 loss=1.8529 lr=1.50e-04
2026-07-16 08:40:34,822 [INFO] trainer: epoch 174 done train_loss=1.8517 dt=17.5s
2026-07-16 08:40:50,963 [INFO] trainer: epoch 175 step 50/54 loss=1.8187 lr=1.49e-04
2026-07-16 08:40:52,197 [INFO] trainer: epoch 175 done train_loss=1.8295 dt=17.4s
2026-07-16 08:42:49,916 [INFO] trainer: epoch 175 val_mean_dice=0.4669
2026-07-16 08:43:07,344 [INFO] trainer: epoch 176 step 50/54 loss=1.8304 lr=1.49e-04
2026-07-16 08:43:08,577 [INFO] trainer: epoch 176 done train_loss=1.8285 dt=17.4s
2026-07-16 08:43:24,863 [INFO] trainer: epoch 177 step 50/54 loss=1.8187 lr=1.48e-04
2026-07-16 08:43:26,096 [INFO] trainer: epoch 177 done train_loss=1.8325 dt=17.5s
2026-07-16 08:43:42,354 [INFO] trainer: epoch 178 step 50/54 loss=1.8483 lr=1.48e-04
2026-07-16 08:43:43,586 [INFO] trainer: epoch 178 done train_loss=1.8468 dt=17.5s
2026-07-16 08:43:59,910 [INFO] trainer: epoch 179 step 50/54 loss=1.8217 lr=1.47e-04
2026-07-16 08:44:01,143 [INFO] trainer: epoch 179 done train_loss=1.8191 dt=17.6s
2026-07-16 08:44:17,385 [INFO] trainer: epoch 180 step 50/54 loss=1.8206 lr=1.47e-04
2026-07-16 08:44:18,620 [INFO] trainer: epoch 180 done train_loss=1.8267 dt=17.5s
2026-07-16 08:44:35,355 [INFO] trainer: epoch 181 step 50/54 loss=1.8334 lr=1.46e-04
2026-07-16 08:44:36,590 [INFO] trainer: epoch 181 done train_loss=1.8413 dt=17.4s
2026-07-16 08:44:52,911 [INFO] trainer: epoch 182 step 50/54 loss=1.8378 lr=1.45e-04
2026-07-16 08:44:54,145 [INFO] trainer: epoch 182 done train_loss=1.8280 dt=17.6s
2026-07-16 08:45:10,496 [INFO] trainer: epoch 183 step 50/54 loss=1.8138 lr=1.45e-04
2026-07-16 08:45:11,729 [INFO] trainer: epoch 183 done train_loss=1.8121 dt=17.6s
2026-07-16 08:45:27,903 [INFO] trainer: epoch 184 step 50/54 loss=1.8473 lr=1.44e-04
2026-07-16 08:45:29,136 [INFO] trainer: epoch 184 done train_loss=1.8511 dt=17.4s
2026-07-16 08:45:45,434 [INFO] trainer: epoch 185 step 50/54 loss=1.8233 lr=1.44e-04
2026-07-16 08:45:46,668 [INFO] trainer: epoch 185 done train_loss=1.8104 dt=17.5s
2026-07-16 08:46:03,103 [INFO] trainer: epoch 186 step 50/54 loss=1.8128 lr=1.43e-04
2026-07-16 08:46:04,338 [INFO] trainer: epoch 186 done train_loss=1.8117 dt=17.7s
2026-07-16 08:46:20,723 [INFO] trainer: epoch 187 step 50/54 loss=1.7966 lr=1.43e-04
2026-07-16 08:46:21,956 [INFO] trainer: epoch 187 done train_loss=1.8120 dt=17.6s
2026-07-16 08:46:38,344 [INFO] trainer: epoch 188 step 50/54 loss=1.8374 lr=1.42e-04
2026-07-16 08:46:39,580 [INFO] trainer: epoch 188 done train_loss=1.8410 dt=17.6s
2026-07-16 08:46:55,967 [INFO] trainer: epoch 189 step 50/54 loss=1.8166 lr=1.41e-04
2026-07-16 08:46:57,203 [INFO] trainer: epoch 189 done train_loss=1.8076 dt=17.6s
2026-07-16 08:47:13,543 [INFO] trainer: epoch 190 step 50/54 loss=1.8240 lr=1.41e-04
2026-07-16 08:47:14,779 [INFO] trainer: epoch 190 done train_loss=1.8350 dt=17.6s
2026-07-16 08:47:31,959 [INFO] trainer: epoch 191 step 50/54 loss=1.7881 lr=1.40e-04
2026-07-16 08:47:33,193 [INFO] trainer: epoch 191 done train_loss=1.7911 dt=17.7s
2026-07-16 08:47:49,541 [INFO] trainer: epoch 192 step 50/54 loss=1.7920 lr=1.40e-04
2026-07-16 08:47:50,776 [INFO] trainer: epoch 192 done train_loss=1.8088 dt=17.6s
2026-07-16 08:48:07,207 [INFO] trainer: epoch 193 step 50/54 loss=1.8462 lr=1.39e-04
2026-07-16 08:48:08,441 [INFO] trainer: epoch 193 done train_loss=1.8436 dt=17.7s
2026-07-16 08:48:24,699 [INFO] trainer: epoch 194 step 50/54 loss=1.8676 lr=1.38e-04
2026-07-16 08:48:25,934 [INFO] trainer: epoch 194 done train_loss=1.8518 dt=17.5s
2026-07-16 08:48:42,237 [INFO] trainer: epoch 195 step 50/54 loss=1.8009 lr=1.38e-04
2026-07-16 08:48:43,471 [INFO] trainer: epoch 195 done train_loss=1.8046 dt=17.5s
2026-07-16 08:48:59,784 [INFO] trainer: epoch 196 step 50/54 loss=1.8336 lr=1.37e-04
2026-07-16 08:49:01,018 [INFO] trainer: epoch 196 done train_loss=1.8295 dt=17.5s
2026-07-16 08:49:17,273 [INFO] trainer: epoch 197 step 50/54 loss=1.8453 lr=1.37e-04
2026-07-16 08:49:18,507 [INFO] trainer: epoch 197 done train_loss=1.8314 dt=17.5s
2026-07-16 08:49:34,863 [INFO] trainer: epoch 198 step 50/54 loss=1.7982 lr=1.36e-04
2026-07-16 08:49:36,101 [INFO] trainer: epoch 198 done train_loss=1.8109 dt=17.6s
2026-07-16 08:49:52,368 [INFO] trainer: epoch 199 step 50/54 loss=1.7927 lr=1.36e-04
2026-07-16 08:49:53,606 [INFO] trainer: epoch 199 done train_loss=1.7988 dt=17.5s
2026-07-16 08:50:09,951 [INFO] trainer: epoch 200 step 50/54 loss=1.7954 lr=1.35e-04
2026-07-16 08:50:11,191 [INFO] trainer: epoch 200 done train_loss=1.7948 dt=17.6s
2026-07-16 08:52:08,065 [INFO] trainer: epoch 200 val_mean_dice=0.4830
2026-07-16 08:52:25,891 [INFO] trainer: epoch 201 step 50/54 loss=1.8065 lr=1.34e-04
2026-07-16 08:52:27,125 [INFO] trainer: epoch 201 done train_loss=1.8068 dt=17.6s
2026-07-16 08:52:43,513 [INFO] trainer: epoch 202 step 50/54 loss=1.8157 lr=1.34e-04
2026-07-16 08:52:44,745 [INFO] trainer: epoch 202 done train_loss=1.8105 dt=17.6s
2026-07-16 08:53:01,074 [INFO] trainer: epoch 203 step 50/54 loss=1.7827 lr=1.33e-04
2026-07-16 08:53:02,309 [INFO] trainer: epoch 203 done train_loss=1.7755 dt=17.6s
2026-07-16 08:53:18,639 [INFO] trainer: epoch 204 step 50/54 loss=1.8222 lr=1.33e-04
2026-07-16 08:53:19,871 [INFO] trainer: epoch 204 done train_loss=1.8100 dt=17.6s
2026-07-16 08:53:35,991 [INFO] trainer: epoch 205 step 50/54 loss=1.7967 lr=1.32e-04
2026-07-16 08:53:37,225 [INFO] trainer: epoch 205 done train_loss=1.8026 dt=17.4s
2026-07-16 08:53:53,725 [INFO] trainer: epoch 206 step 50/54 loss=1.7944 lr=1.31e-04
2026-07-16 08:53:54,960 [INFO] trainer: epoch 206 done train_loss=1.8021 dt=17.7s
2026-07-16 08:54:11,329 [INFO] trainer: epoch 207 step 50/54 loss=1.8057 lr=1.31e-04
2026-07-16 08:54:12,561 [INFO] trainer: epoch 207 done train_loss=1.7993 dt=17.6s
2026-07-16 08:54:28,873 [INFO] trainer: epoch 208 step 50/54 loss=1.7686 lr=1.30e-04
2026-07-16 08:54:30,107 [INFO] trainer: epoch 208 done train_loss=1.7667 dt=17.5s
2026-07-16 08:54:46,428 [INFO] trainer: epoch 209 step 50/54 loss=1.7998 lr=1.29e-04
2026-07-16 08:54:47,664 [INFO] trainer: epoch 209 done train_loss=1.7877 dt=17.6s
2026-07-16 08:55:03,928 [INFO] trainer: epoch 210 step 50/54 loss=1.7867 lr=1.29e-04
2026-07-16 08:55:05,163 [INFO] trainer: epoch 210 done train_loss=1.7831 dt=17.5s
2026-07-16 08:55:22,300 [INFO] trainer: epoch 211 step 50/54 loss=1.7801 lr=1.28e-04
2026-07-16 08:55:23,589 [INFO] trainer: epoch 211 done train_loss=1.7930 dt=17.7s
2026-07-16 08:55:39,850 [INFO] trainer: epoch 212 step 50/54 loss=1.8333 lr=1.28e-04
2026-07-16 08:55:41,084 [INFO] trainer: epoch 212 done train_loss=1.8378 dt=17.5s
2026-07-16 08:55:57,485 [INFO] trainer: epoch 213 step 50/54 loss=1.7595 lr=1.27e-04
2026-07-16 08:55:58,725 [INFO] trainer: epoch 213 done train_loss=1.7632 dt=17.6s
2026-07-16 08:56:14,824 [INFO] trainer: epoch 214 step 50/54 loss=1.7492 lr=1.26e-04
2026-07-16 08:56:16,057 [INFO] trainer: epoch 214 done train_loss=1.7568 dt=17.3s
2026-07-16 08:56:32,290 [INFO] trainer: epoch 215 step 50/54 loss=1.8002 lr=1.26e-04
2026-07-16 08:56:33,524 [INFO] trainer: epoch 215 done train_loss=1.7963 dt=17.5s
2026-07-16 08:56:49,748 [INFO] trainer: epoch 216 step 50/54 loss=1.7733 lr=1.25e-04
2026-07-16 08:56:50,980 [INFO] trainer: epoch 216 done train_loss=1.7824 dt=17.5s
2026-07-16 08:57:07,268 [INFO] trainer: epoch 217 step 50/54 loss=1.7872 lr=1.25e-04
2026-07-16 08:57:08,502 [INFO] trainer: epoch 217 done train_loss=1.7974 dt=17.5s
2026-07-16 08:57:24,842 [INFO] trainer: epoch 218 step 50/54 loss=1.7753 lr=1.24e-04
2026-07-16 08:57:26,077 [INFO] trainer: epoch 218 done train_loss=1.7711 dt=17.6s
2026-07-16 08:57:42,539 [INFO] trainer: epoch 219 step 50/54 loss=1.7764 lr=1.23e-04
2026-07-16 08:57:43,772 [INFO] trainer: epoch 219 done train_loss=1.7675 dt=17.7s
2026-07-16 08:57:59,964 [INFO] trainer: epoch 220 step 50/54 loss=1.7928 lr=1.23e-04
2026-07-16 08:58:01,196 [INFO] trainer: epoch 220 done train_loss=1.7848 dt=17.4s
2026-07-16 08:58:18,349 [INFO] trainer: epoch 221 step 50/54 loss=1.7646 lr=1.22e-04
2026-07-16 08:58:19,585 [INFO] trainer: epoch 221 done train_loss=1.7689 dt=17.6s
2026-07-16 08:58:36,126 [INFO] trainer: epoch 222 step 50/54 loss=1.7930 lr=1.21e-04
2026-07-16 08:58:37,360 [INFO] trainer: epoch 222 done train_loss=1.7940 dt=17.8s
2026-07-16 08:58:53,691 [INFO] trainer: epoch 223 step 50/54 loss=1.7498 lr=1.21e-04
2026-07-16 08:58:54,924 [INFO] trainer: epoch 223 done train_loss=1.7593 dt=17.6s
2026-07-16 08:59:11,397 [INFO] trainer: epoch 224 step 50/54 loss=1.8038 lr=1.20e-04
2026-07-16 08:59:12,631 [INFO] trainer: epoch 224 done train_loss=1.7937 dt=17.7s
2026-07-16 08:59:28,832 [INFO] trainer: epoch 225 step 50/54 loss=1.7205 lr=1.20e-04
2026-07-16 08:59:30,065 [INFO] trainer: epoch 225 done train_loss=1.7287 dt=17.4s
2026-07-16 09:01:28,422 [INFO] trainer: epoch 225 val_mean_dice=0.4969
2026-07-16 09:01:45,531 [INFO] trainer: epoch 226 step 50/54 loss=1.8155 lr=1.19e-04
2026-07-16 09:01:46,763 [INFO] trainer: epoch 226 done train_loss=1.8006 dt=17.5s
2026-07-16 09:02:03,077 [INFO] trainer: epoch 227 step 50/54 loss=1.7597 lr=1.18e-04
2026-07-16 09:02:04,309 [INFO] trainer: epoch 227 done train_loss=1.7639 dt=17.5s
2026-07-16 09:02:20,491 [INFO] trainer: epoch 228 step 50/54 loss=1.7674 lr=1.18e-04
2026-07-16 09:02:21,722 [INFO] trainer: epoch 228 done train_loss=1.7749 dt=17.4s
2026-07-16 09:02:38,103 [INFO] trainer: epoch 229 step 50/54 loss=1.7665 lr=1.17e-04
2026-07-16 09:02:39,339 [INFO] trainer: epoch 229 done train_loss=1.7753 dt=17.6s
2026-07-16 09:02:55,817 [INFO] trainer: epoch 230 step 50/54 loss=1.7796 lr=1.16e-04
2026-07-16 09:02:57,049 [INFO] trainer: epoch 230 done train_loss=1.7751 dt=17.7s
2026-07-16 09:03:14,094 [INFO] trainer: epoch 231 step 50/54 loss=1.7884 lr=1.16e-04
2026-07-16 09:03:15,329 [INFO] trainer: epoch 231 done train_loss=1.7790 dt=17.5s
2026-07-16 09:03:31,860 [INFO] trainer: epoch 232 step 50/54 loss=1.7989 lr=1.15e-04
2026-07-16 09:03:33,095 [INFO] trainer: epoch 232 done train_loss=1.7939 dt=17.8s
2026-07-16 09:03:49,571 [INFO] trainer: epoch 233 step 50/54 loss=1.7508 lr=1.15e-04
2026-07-16 09:03:50,806 [INFO] trainer: epoch 233 done train_loss=1.7465 dt=17.7s
2026-07-16 09:04:07,217 [INFO] trainer: epoch 234 step 50/54 loss=1.7486 lr=1.14e-04
2026-07-16 09:04:08,454 [INFO] trainer: epoch 234 done train_loss=1.7606 dt=17.6s
2026-07-16 09:04:24,788 [INFO] trainer: epoch 235 step 50/54 loss=1.7678 lr=1.13e-04
2026-07-16 09:04:26,022 [INFO] trainer: epoch 235 done train_loss=1.7670 dt=17.6s
2026-07-16 09:04:42,616 [INFO] trainer: epoch 236 step 50/54 loss=1.7535 lr=1.13e-04
2026-07-16 09:04:43,850 [INFO] trainer: epoch 236 done train_loss=1.7555 dt=17.8s
2026-07-16 09:05:00,219 [INFO] trainer: epoch 237 step 50/54 loss=1.7324 lr=1.12e-04
2026-07-16 09:05:01,452 [INFO] trainer: epoch 237 done train_loss=1.7333 dt=17.6s
2026-07-16 09:05:17,748 [INFO] trainer: epoch 238 step 50/54 loss=1.7490 lr=1.11e-04
2026-07-16 09:05:18,981 [INFO] trainer: epoch 238 done train_loss=1.7465 dt=17.5s
2026-07-16 09:05:35,286 [INFO] trainer: epoch 239 step 50/54 loss=1.7510 lr=1.11e-04
2026-07-16 09:05:36,522 [INFO] trainer: epoch 239 done train_loss=1.7491 dt=17.5s
2026-07-16 09:05:52,785 [INFO] trainer: epoch 240 step 50/54 loss=1.7508 lr=1.10e-04
2026-07-16 09:05:54,019 [INFO] trainer: epoch 240 done train_loss=1.7645 dt=17.5s
2026-07-16 09:06:11,182 [INFO] trainer: epoch 241 step 50/54 loss=1.7626 lr=1.09e-04
2026-07-16 09:06:12,420 [INFO] trainer: epoch 241 done train_loss=1.7596 dt=17.6s
2026-07-16 09:06:28,613 [INFO] trainer: epoch 242 step 50/54 loss=1.7254 lr=1.09e-04
2026-07-16 09:06:29,849 [INFO] trainer: epoch 242 done train_loss=1.7281 dt=17.4s
2026-07-16 09:06:46,026 [INFO] trainer: epoch 243 step 50/54 loss=1.7583 lr=1.08e-04
2026-07-16 09:06:47,261 [INFO] trainer: epoch 243 done train_loss=1.7568 dt=17.4s
2026-07-16 09:07:03,627 [INFO] trainer: epoch 244 step 50/54 loss=1.7414 lr=1.08e-04
2026-07-16 09:07:04,861 [INFO] trainer: epoch 244 done train_loss=1.7417 dt=17.6s
2026-07-16 09:07:21,205 [INFO] trainer: epoch 245 step 50/54 loss=1.7512 lr=1.07e-04
2026-07-16 09:07:22,440 [INFO] trainer: epoch 245 done train_loss=1.7547 dt=17.6s
2026-07-16 09:07:38,775 [INFO] trainer: epoch 246 step 50/54 loss=1.7597 lr=1.06e-04
2026-07-16 09:07:40,009 [INFO] trainer: epoch 246 done train_loss=1.7539 dt=17.6s
2026-07-16 09:07:56,453 [INFO] trainer: epoch 247 step 50/54 loss=1.7467 lr=1.06e-04
2026-07-16 09:07:57,688 [INFO] trainer: epoch 247 done train_loss=1.7403 dt=17.7s
2026-07-16 09:08:13,934 [INFO] trainer: epoch 248 step 50/54 loss=1.7432 lr=1.05e-04
2026-07-16 09:08:15,169 [INFO] trainer: epoch 248 done train_loss=1.7292 dt=17.5s
2026-07-16 09:08:31,577 [INFO] trainer: epoch 249 step 50/54 loss=1.7172 lr=1.04e-04
2026-07-16 09:08:32,810 [INFO] trainer: epoch 249 done train_loss=1.7170 dt=17.6s
2026-07-16 09:08:49,202 [INFO] trainer: epoch 250 step 50/54 loss=1.7115 lr=1.04e-04
2026-07-16 09:08:50,434 [INFO] trainer: epoch 250 done train_loss=1.7193 dt=17.6s
2026-07-16 09:10:47,632 [INFO] trainer: epoch 250 val_mean_dice=0.5028
2026-07-16 09:11:05,617 [INFO] trainer: epoch 251 step 50/54 loss=1.7601 lr=1.03e-04
2026-07-16 09:11:06,852 [INFO] trainer: epoch 251 done train_loss=1.7651 dt=17.7s
2026-07-16 09:11:23,444 [INFO] trainer: epoch 252 step 50/54 loss=1.7621 lr=1.02e-04
2026-07-16 09:11:24,680 [INFO] trainer: epoch 252 done train_loss=1.7524 dt=17.8s
2026-07-16 09:11:40,985 [INFO] trainer: epoch 253 step 50/54 loss=1.7466 lr=1.02e-04
2026-07-16 09:11:42,221 [INFO] trainer: epoch 253 done train_loss=1.7313 dt=17.5s
2026-07-16 09:11:58,549 [INFO] trainer: epoch 254 step 50/54 loss=1.7756 lr=1.01e-04
2026-07-16 09:11:59,800 [INFO] trainer: epoch 254 done train_loss=1.7705 dt=17.6s
2026-07-16 09:12:16,141 [INFO] trainer: epoch 255 step 50/54 loss=1.7348 lr=1.01e-04
2026-07-16 09:12:17,378 [INFO] trainer: epoch 255 done train_loss=1.7342 dt=17.6s
2026-07-16 09:12:33,581 [INFO] trainer: epoch 256 step 50/54 loss=1.7362 lr=9.99e-05
2026-07-16 09:12:34,820 [INFO] trainer: epoch 256 done train_loss=1.7277 dt=17.4s
2026-07-16 09:12:51,308 [INFO] trainer: epoch 257 step 50/54 loss=1.7532 lr=9.93e-05
2026-07-16 09:12:52,542 [INFO] trainer: epoch 257 done train_loss=1.7515 dt=17.7s
2026-07-16 09:13:08,720 [INFO] trainer: epoch 258 step 50/54 loss=1.7021 lr=9.86e-05
2026-07-16 09:13:09,956 [INFO] trainer: epoch 258 done train_loss=1.6982 dt=17.4s
2026-07-16 09:13:26,351 [INFO] trainer: epoch 259 step 50/54 loss=1.7555 lr=9.80e-05
2026-07-16 09:13:27,586 [INFO] trainer: epoch 259 done train_loss=1.7473 dt=17.6s
2026-07-16 09:13:43,951 [INFO] trainer: epoch 260 step 50/54 loss=1.7047 lr=9.74e-05
2026-07-16 09:13:45,188 [INFO] trainer: epoch 260 done train_loss=1.7078 dt=17.6s
2026-07-16 09:14:02,358 [INFO] trainer: epoch 261 step 50/54 loss=1.7841 lr=9.67e-05
2026-07-16 09:14:03,591 [INFO] trainer: epoch 261 done train_loss=1.7723 dt=17.6s
2026-07-16 09:14:19,943 [INFO] trainer: epoch 262 step 50/54 loss=1.7124 lr=9.61e-05
2026-07-16 09:14:21,177 [INFO] trainer: epoch 262 done train_loss=1.7092 dt=17.6s
2026-07-16 09:14:37,474 [INFO] trainer: epoch 263 step 50/54 loss=1.7401 lr=9.54e-05
2026-07-16 09:14:38,707 [INFO] trainer: epoch 263 done train_loss=1.7307 dt=17.5s
2026-07-16 09:14:54,998 [INFO] trainer: epoch 264 step 50/54 loss=1.7538 lr=9.48e-05
2026-07-16 09:14:56,235 [INFO] trainer: epoch 264 done train_loss=1.7399 dt=17.5s
2026-07-16 09:15:12,906 [INFO] trainer: epoch 265 step 50/54 loss=1.7249 lr=9.42e-05
2026-07-16 09:15:14,140 [INFO] trainer: epoch 265 done train_loss=1.7193 dt=17.9s
2026-07-16 09:15:30,502 [INFO] trainer: epoch 266 step 50/54 loss=1.6815 lr=9.35e-05
2026-07-16 09:15:31,735 [INFO] trainer: epoch 266 done train_loss=1.6867 dt=17.6s
2026-07-16 09:15:47,978 [INFO] trainer: epoch 267 step 50/54 loss=1.7475 lr=9.29e-05
2026-07-16 09:15:49,211 [INFO] trainer: epoch 267 done train_loss=1.7443 dt=17.5s
2026-07-16 09:16:05,603 [INFO] trainer: epoch 268 step 50/54 loss=1.7376 lr=9.23e-05
2026-07-16 09:16:06,842 [INFO] trainer: epoch 268 done train_loss=1.7402 dt=17.6s
2026-07-16 09:16:23,050 [INFO] trainer: epoch 269 step 50/54 loss=1.6959 lr=9.16e-05
2026-07-16 09:16:24,351 [INFO] trainer: epoch 269 done train_loss=1.7051 dt=17.5s
2026-07-16 09:16:40,530 [INFO] trainer: epoch 270 step 50/54 loss=1.7064 lr=9.10e-05
2026-07-16 09:16:41,765 [INFO] trainer: epoch 270 done train_loss=1.7137 dt=17.4s
2026-07-16 09:16:59,046 [INFO] trainer: epoch 271 step 50/54 loss=1.7208 lr=9.04e-05
2026-07-16 09:17:00,280 [INFO] trainer: epoch 271 done train_loss=1.7180 dt=17.8s
2026-07-16 09:17:16,571 [INFO] trainer: epoch 272 step 50/54 loss=1.7367 lr=8.97e-05
2026-07-16 09:17:17,804 [INFO] trainer: epoch 272 done train_loss=1.7458 dt=17.5s
2026-07-16 09:17:34,224 [INFO] trainer: epoch 273 step 50/54 loss=1.6888 lr=8.91e-05
2026-07-16 09:17:35,647 [INFO] trainer: epoch 273 done train_loss=1.7043 dt=17.8s
2026-07-16 09:17:52,150 [INFO] trainer: epoch 274 step 50/54 loss=1.6969 lr=8.85e-05
2026-07-16 09:17:53,383 [INFO] trainer: epoch 274 done train_loss=1.7003 dt=17.7s
2026-07-16 09:18:09,787 [INFO] trainer: epoch 275 step 50/54 loss=1.7257 lr=8.78e-05
2026-07-16 09:18:11,020 [INFO] trainer: epoch 275 done train_loss=1.7164 dt=17.6s
2026-07-16 09:20:07,597 [INFO] trainer: epoch 275 val_mean_dice=0.5133
2026-07-16 09:20:24,689 [INFO] trainer: epoch 276 step 50/54 loss=1.6961 lr=8.72e-05
2026-07-16 09:20:25,922 [INFO] trainer: epoch 276 done train_loss=1.6912 dt=17.6s
2026-07-16 09:20:42,237 [INFO] trainer: epoch 277 step 50/54 loss=1.6650 lr=8.66e-05
2026-07-16 09:20:43,469 [INFO] trainer: epoch 277 done train_loss=1.6650 dt=17.5s
2026-07-16 09:21:00,232 [INFO] trainer: epoch 278 step 50/54 loss=1.7290 lr=8.59e-05
2026-07-16 09:21:01,463 [INFO] trainer: epoch 278 done train_loss=1.7289 dt=18.0s
2026-07-16 09:21:17,684 [INFO] trainer: epoch 279 step 50/54 loss=1.7464 lr=8.53e-05
2026-07-16 09:21:18,915 [INFO] trainer: epoch 279 done train_loss=1.7415 dt=17.5s
2026-07-16 09:21:35,223 [INFO] trainer: epoch 280 step 50/54 loss=1.7418 lr=8.47e-05
2026-07-16 09:21:36,456 [INFO] trainer: epoch 280 done train_loss=1.7305 dt=17.5s
2026-07-16 09:21:53,415 [INFO] trainer: epoch 281 step 50/54 loss=1.7379 lr=8.40e-05
2026-07-16 09:21:54,651 [INFO] trainer: epoch 281 done train_loss=1.7207 dt=17.5s
2026-07-16 09:22:11,155 [INFO] trainer: epoch 282 step 50/54 loss=1.7112 lr=8.34e-05
2026-07-16 09:22:12,388 [INFO] trainer: epoch 282 done train_loss=1.7194 dt=17.7s
2026-07-16 09:22:28,604 [INFO] trainer: epoch 283 step 50/54 loss=1.6993 lr=8.28e-05
2026-07-16 09:22:29,839 [INFO] trainer: epoch 283 done train_loss=1.7054 dt=17.5s
2026-07-16 09:22:46,169 [INFO] trainer: epoch 284 step 50/54 loss=1.7045 lr=8.22e-05
2026-07-16 09:22:47,441 [INFO] trainer: epoch 284 done train_loss=1.6980 dt=17.6s
2026-07-16 09:23:03,756 [INFO] trainer: epoch 285 step 50/54 loss=1.7016 lr=8.15e-05
2026-07-16 09:23:04,990 [INFO] trainer: epoch 285 done train_loss=1.7016 dt=17.5s
2026-07-16 09:23:21,296 [INFO] trainer: epoch 286 step 50/54 loss=1.7203 lr=8.09e-05
2026-07-16 09:23:22,529 [INFO] trainer: epoch 286 done train_loss=1.7118 dt=17.5s
2026-07-16 09:23:39,453 [INFO] trainer: epoch 287 step 50/54 loss=1.6856 lr=8.03e-05
2026-07-16 09:23:40,686 [INFO] trainer: epoch 287 done train_loss=1.6812 dt=18.2s
2026-07-16 09:23:56,901 [INFO] trainer: epoch 288 step 50/54 loss=1.7213 lr=7.97e-05
2026-07-16 09:23:58,135 [INFO] trainer: epoch 288 done train_loss=1.7211 dt=17.4s
2026-07-16 09:24:14,521 [INFO] trainer: epoch 289 step 50/54 loss=1.6832 lr=7.90e-05
2026-07-16 09:24:15,755 [INFO] trainer: epoch 289 done train_loss=1.6862 dt=17.6s
2026-07-16 09:24:32,149 [INFO] trainer: epoch 290 step 50/54 loss=1.6821 lr=7.84e-05
2026-07-16 09:24:33,383 [INFO] trainer: epoch 290 done train_loss=1.6865 dt=17.6s
2026-07-16 09:24:50,411 [INFO] trainer: epoch 291 step 50/54 loss=1.7235 lr=7.78e-05
2026-07-16 09:24:51,647 [INFO] trainer: epoch 291 done train_loss=1.7324 dt=17.5s
2026-07-16 09:25:07,990 [INFO] trainer: epoch 292 step 50/54 loss=1.6817 lr=7.72e-05
2026-07-16 09:25:09,223 [INFO] trainer: epoch 292 done train_loss=1.6705 dt=17.6s
2026-07-16 09:25:25,648 [INFO] trainer: epoch 293 step 50/54 loss=1.6965 lr=7.65e-05
2026-07-16 09:25:26,927 [INFO] trainer: epoch 293 done train_loss=1.6964 dt=17.7s
2026-07-16 09:25:43,435 [INFO] trainer: epoch 294 step 50/54 loss=1.6905 lr=7.59e-05
2026-07-16 09:25:44,668 [INFO] trainer: epoch 294 done train_loss=1.6897 dt=17.7s
2026-07-16 09:26:01,085 [INFO] trainer: epoch 295 step 50/54 loss=1.6982 lr=7.53e-05
2026-07-16 09:26:02,324 [INFO] trainer: epoch 295 done train_loss=1.6896 dt=17.7s
2026-07-16 09:26:18,559 [INFO] trainer: epoch 296 step 50/54 loss=1.6881 lr=7.47e-05
2026-07-16 09:26:19,794 [INFO] trainer: epoch 296 done train_loss=1.6790 dt=17.5s
2026-07-16 09:26:36,100 [INFO] trainer: epoch 297 step 50/54 loss=1.7121 lr=7.41e-05
2026-07-16 09:26:37,338 [INFO] trainer: epoch 297 done train_loss=1.7085 dt=17.5s
2026-07-16 09:26:53,645 [INFO] trainer: epoch 298 step 50/54 loss=1.6976 lr=7.35e-05
2026-07-16 09:26:54,880 [INFO] trainer: epoch 298 done train_loss=1.6982 dt=17.5s
2026-07-16 09:27:11,399 [INFO] trainer: epoch 299 step 50/54 loss=1.6991 lr=7.28e-05
2026-07-16 09:27:12,635 [INFO] trainer: epoch 299 done train_loss=1.6983 dt=17.8s
2026-07-16 09:27:29,038 [INFO] trainer: epoch 300 step 50/54 loss=1.6714 lr=7.22e-05
2026-07-16 09:27:30,271 [INFO] trainer: epoch 300 done train_loss=1.6742 dt=17.6s
2026-07-16 09:29:31,851 [INFO] trainer: epoch 300 val_mean_dice=0.5167
2026-07-16 09:29:49,600 [INFO] trainer: epoch 301 step 50/54 loss=1.7089 lr=7.16e-05
2026-07-16 09:29:50,833 [INFO] trainer: epoch 301 done train_loss=1.7189 dt=17.5s
2026-07-16 09:30:07,279 [INFO] trainer: epoch 302 step 50/54 loss=1.6669 lr=7.10e-05
2026-07-16 09:30:08,512 [INFO] trainer: epoch 302 done train_loss=1.6733 dt=17.7s
2026-07-16 09:30:25,294 [INFO] trainer: epoch 303 step 50/54 loss=1.6628 lr=7.04e-05
2026-07-16 09:30:26,529 [INFO] trainer: epoch 303 done train_loss=1.6697 dt=18.0s
2026-07-16 09:30:43,375 [INFO] trainer: epoch 304 step 50/54 loss=1.6693 lr=6.98e-05
2026-07-16 09:30:44,607 [INFO] trainer: epoch 304 done train_loss=1.6840 dt=18.1s
2026-07-16 09:31:00,909 [INFO] trainer: epoch 305 step 50/54 loss=1.6767 lr=6.92e-05
2026-07-16 09:31:02,143 [INFO] trainer: epoch 305 done train_loss=1.6799 dt=17.5s
2026-07-16 09:31:18,473 [INFO] trainer: epoch 306 step 50/54 loss=1.7078 lr=6.86e-05
2026-07-16 09:31:19,706 [INFO] trainer: epoch 306 done train_loss=1.7172 dt=17.6s
2026-07-16 09:31:36,147 [INFO] trainer: epoch 307 step 50/54 loss=1.6884 lr=6.80e-05
2026-07-16 09:31:37,378 [INFO] trainer: epoch 307 done train_loss=1.6843 dt=17.7s
2026-07-16 09:31:53,822 [INFO] trainer: epoch 308 step 50/54 loss=1.6831 lr=6.74e-05
2026-07-16 09:31:55,086 [INFO] trainer: epoch 308 done train_loss=1.6839 dt=17.7s
2026-07-16 09:32:11,391 [INFO] trainer: epoch 309 step 50/54 loss=1.6725 lr=6.68e-05
2026-07-16 09:32:12,623 [INFO] trainer: epoch 309 done train_loss=1.6657 dt=17.5s
2026-07-16 09:32:28,837 [INFO] trainer: epoch 310 step 50/54 loss=1.6693 lr=6.62e-05
2026-07-16 09:32:30,069 [INFO] trainer: epoch 310 done train_loss=1.6625 dt=17.4s
2026-07-16 09:32:46,975 [INFO] trainer: epoch 311 step 50/54 loss=1.6775 lr=6.56e-05
2026-07-16 09:32:48,207 [INFO] trainer: epoch 311 done train_loss=1.6722 dt=17.4s
2026-07-16 09:33:04,545 [INFO] trainer: epoch 312 step 50/54 loss=1.6730 lr=6.50e-05
2026-07-16 09:33:05,778 [INFO] trainer: epoch 312 done train_loss=1.6759 dt=17.6s
2026-07-16 09:33:22,187 [INFO] trainer: epoch 313 step 50/54 loss=1.7084 lr=6.44e-05
2026-07-16 09:33:23,420 [INFO] trainer: epoch 313 done train_loss=1.7183 dt=17.6s
2026-07-16 09:33:39,721 [INFO] trainer: epoch 314 step 50/54 loss=1.6788 lr=6.38e-05
2026-07-16 09:33:40,952 [INFO] trainer: epoch 314 done train_loss=1.6701 dt=17.5s
2026-07-16 09:33:57,188 [INFO] trainer: epoch 315 step 50/54 loss=1.6932 lr=6.32e-05
2026-07-16 09:33:58,423 [INFO] trainer: epoch 315 done train_loss=1.6895 dt=17.5s
2026-07-16 09:34:14,738 [INFO] trainer: epoch 316 step 50/54 loss=1.6485 lr=6.26e-05
2026-07-16 09:34:15,978 [INFO] trainer: epoch 316 done train_loss=1.6570 dt=17.6s
2026-07-16 09:34:32,239 [INFO] trainer: epoch 317 step 50/54 loss=1.6775 lr=6.20e-05
2026-07-16 09:34:33,472 [INFO] trainer: epoch 317 done train_loss=1.6830 dt=17.5s
2026-07-16 09:34:49,636 [INFO] trainer: epoch 318 step 50/54 loss=1.7010 lr=6.14e-05
2026-07-16 09:34:50,871 [INFO] trainer: epoch 318 done train_loss=1.6996 dt=17.4s
2026-07-16 09:35:07,141 [INFO] trainer: epoch 319 step 50/54 loss=1.7297 lr=6.09e-05
2026-07-16 09:35:08,376 [INFO] trainer: epoch 319 done train_loss=1.7224 dt=17.5s
2026-07-16 09:35:24,591 [INFO] trainer: epoch 320 step 50/54 loss=1.6437 lr=6.03e-05
2026-07-16 09:35:25,826 [INFO] trainer: epoch 320 done train_loss=1.6451 dt=17.4s
2026-07-16 09:35:42,855 [INFO] trainer: epoch 321 step 50/54 loss=1.6510 lr=5.97e-05
2026-07-16 09:35:44,089 [INFO] trainer: epoch 321 done train_loss=1.6536 dt=17.5s
2026-07-16 09:36:00,379 [INFO] trainer: epoch 322 step 50/54 loss=1.6627 lr=5.91e-05
2026-07-16 09:36:01,612 [INFO] trainer: epoch 322 done train_loss=1.6740 dt=17.5s
2026-07-16 09:36:17,926 [INFO] trainer: epoch 323 step 50/54 loss=1.6779 lr=5.85e-05
2026-07-16 09:36:19,161 [INFO] trainer: epoch 323 done train_loss=1.6756 dt=17.5s
2026-07-16 09:36:35,680 [INFO] trainer: epoch 324 step 50/54 loss=1.6532 lr=5.79e-05
2026-07-16 09:36:36,913 [INFO] trainer: epoch 324 done train_loss=1.6648 dt=17.8s
2026-07-16 09:36:53,238 [INFO] trainer: epoch 325 step 50/54 loss=1.6643 lr=5.74e-05
2026-07-16 09:36:54,472 [INFO] trainer: epoch 325 done train_loss=1.6586 dt=17.6s
2026-07-16 09:38:51,370 [INFO] trainer: epoch 325 val_mean_dice=0.5201
2026-07-16 09:39:08,575 [INFO] trainer: epoch 326 step 50/54 loss=1.6700 lr=5.68e-05
2026-07-16 09:39:09,808 [INFO] trainer: epoch 326 done train_loss=1.6653 dt=17.7s
2026-07-16 09:39:26,156 [INFO] trainer: epoch 327 step 50/54 loss=1.6977 lr=5.62e-05
2026-07-16 09:39:27,389 [INFO] trainer: epoch 327 done train_loss=1.6957 dt=17.6s
2026-07-16 09:39:43,762 [INFO] trainer: epoch 328 step 50/54 loss=1.6499 lr=5.57e-05
2026-07-16 09:39:44,994 [INFO] trainer: epoch 328 done train_loss=1.6440 dt=17.6s
2026-07-16 09:40:01,389 [INFO] trainer: epoch 329 step 50/54 loss=1.7087 lr=5.51e-05
2026-07-16 09:40:02,625 [INFO] trainer: epoch 329 done train_loss=1.6918 dt=17.6s
2026-07-16 09:40:18,935 [INFO] trainer: epoch 330 step 50/54 loss=1.6686 lr=5.45e-05
2026-07-16 09:40:20,169 [INFO] trainer: epoch 330 done train_loss=1.6681 dt=17.5s
2026-07-16 09:40:37,189 [INFO] trainer: epoch 331 step 50/54 loss=1.6484 lr=5.40e-05
2026-07-16 09:40:38,425 [INFO] trainer: epoch 331 done train_loss=1.6547 dt=17.5s
2026-07-16 09:40:55,775 [INFO] trainer: epoch 332 step 50/54 loss=1.6668 lr=5.34e-05
2026-07-16 09:40:57,010 [INFO] trainer: epoch 332 done train_loss=1.6700 dt=18.6s
2026-07-16 09:41:13,344 [INFO] trainer: epoch 333 step 50/54 loss=1.6776 lr=5.28e-05
2026-07-16 09:41:14,579 [INFO] trainer: epoch 333 done train_loss=1.6806 dt=17.6s
2026-07-16 09:41:31,262 [INFO] trainer: epoch 334 step 50/54 loss=1.6224 lr=5.23e-05
2026-07-16 09:41:32,499 [INFO] trainer: epoch 334 done train_loss=1.6296 dt=17.9s
2026-07-16 09:41:49,096 [INFO] trainer: epoch 335 step 50/54 loss=1.6564 lr=5.17e-05
2026-07-16 09:41:50,330 [INFO] trainer: epoch 335 done train_loss=1.6447 dt=17.8s
2026-07-16 09:42:06,590 [INFO] trainer: epoch 336 step 50/54 loss=1.6739 lr=5.12e-05
2026-07-16 09:42:07,833 [INFO] trainer: epoch 336 done train_loss=1.6736 dt=17.5s
2026-07-16 09:42:24,353 [INFO] trainer: epoch 337 step 50/54 loss=1.6515 lr=5.06e-05
2026-07-16 09:42:25,593 [INFO] trainer: epoch 337 done train_loss=1.6521 dt=17.8s
2026-07-16 09:42:42,198 [INFO] trainer: epoch 338 step 50/54 loss=1.6300 lr=5.01e-05
2026-07-16 09:42:43,433 [INFO] trainer: epoch 338 done train_loss=1.6264 dt=17.8s
2026-07-16 09:43:00,182 [INFO] trainer: epoch 339 step 50/54 loss=1.6288 lr=4.95e-05
2026-07-16 09:43:01,417 [INFO] trainer: epoch 339 done train_loss=1.6392 dt=18.0s
2026-07-16 09:43:17,916 [INFO] trainer: epoch 340 step 50/54 loss=1.6632 lr=4.90e-05
2026-07-16 09:43:19,151 [INFO] trainer: epoch 340 done train_loss=1.6652 dt=17.7s
2026-07-16 09:43:36,483 [INFO] trainer: epoch 341 step 50/54 loss=1.6734 lr=4.84e-05
2026-07-16 09:43:37,717 [INFO] trainer: epoch 341 done train_loss=1.6629 dt=17.8s
2026-07-16 09:43:54,066 [INFO] trainer: epoch 342 step 50/54 loss=1.6626 lr=4.79e-05
2026-07-16 09:43:55,301 [INFO] trainer: epoch 342 done train_loss=1.6770 dt=17.6s
2026-07-16 09:44:11,651 [INFO] trainer: epoch 343 step 50/54 loss=1.6431 lr=4.73e-05
2026-07-16 09:44:12,884 [INFO] trainer: epoch 343 done train_loss=1.6460 dt=17.6s
2026-07-16 09:44:29,066 [INFO] trainer: epoch 344 step 50/54 loss=1.6372 lr=4.68e-05
2026-07-16 09:44:30,393 [INFO] trainer: epoch 344 done train_loss=1.6317 dt=17.5s
2026-07-16 09:44:46,774 [INFO] trainer: epoch 345 step 50/54 loss=1.6823 lr=4.63e-05
2026-07-16 09:44:48,008 [INFO] trainer: epoch 345 done train_loss=1.6764 dt=17.6s
2026-07-16 09:45:04,512 [INFO] trainer: epoch 346 step 50/54 loss=1.6829 lr=4.57e-05
2026-07-16 09:45:05,750 [INFO] trainer: epoch 346 done train_loss=1.6753 dt=17.7s
2026-07-16 09:45:22,058 [INFO] trainer: epoch 347 step 50/54 loss=1.6940 lr=4.52e-05
2026-07-16 09:45:23,292 [INFO] trainer: epoch 347 done train_loss=1.6985 dt=17.5s
2026-07-16 09:45:39,522 [INFO] trainer: epoch 348 step 50/54 loss=1.6954 lr=4.47e-05
2026-07-16 09:45:40,850 [INFO] trainer: epoch 348 done train_loss=1.6930 dt=17.6s
2026-07-16 09:45:57,151 [INFO] trainer: epoch 349 step 50/54 loss=1.6520 lr=4.41e-05
2026-07-16 09:45:58,574 [INFO] trainer: epoch 349 done train_loss=1.6463 dt=17.7s
2026-07-16 09:46:15,044 [INFO] trainer: epoch 350 step 50/54 loss=1.6708 lr=4.36e-05
2026-07-16 09:46:16,278 [INFO] trainer: epoch 350 done train_loss=1.6742 dt=17.7s
2026-07-16 09:48:13,301 [INFO] trainer: epoch 350 val_mean_dice=0.5254
2026-07-16 09:48:31,207 [INFO] trainer: epoch 351 step 50/54 loss=1.7017 lr=4.31e-05
2026-07-16 09:48:32,439 [INFO] trainer: epoch 351 done train_loss=1.6968 dt=17.7s
2026-07-16 09:48:48,658 [INFO] trainer: epoch 352 step 50/54 loss=1.6700 lr=4.26e-05
2026-07-16 09:48:49,896 [INFO] trainer: epoch 352 done train_loss=1.6661 dt=17.5s
2026-07-16 09:49:06,186 [INFO] trainer: epoch 353 step 50/54 loss=1.6499 lr=4.21e-05
2026-07-16 09:49:07,419 [INFO] trainer: epoch 353 done train_loss=1.6458 dt=17.5s
2026-07-16 09:49:23,752 [INFO] trainer: epoch 354 step 50/54 loss=1.6556 lr=4.15e-05
2026-07-16 09:49:24,987 [INFO] trainer: epoch 354 done train_loss=1.6537 dt=17.6s
2026-07-16 09:49:41,084 [INFO] trainer: epoch 355 step 50/54 loss=1.6295 lr=4.10e-05
2026-07-16 09:49:42,319 [INFO] trainer: epoch 355 done train_loss=1.6296 dt=17.3s
2026-07-16 09:49:58,830 [INFO] trainer: epoch 356 step 50/54 loss=1.6422 lr=4.05e-05
2026-07-16 09:50:00,063 [INFO] trainer: epoch 356 done train_loss=1.6401 dt=17.7s
2026-07-16 09:50:16,483 [INFO] trainer: epoch 357 step 50/54 loss=1.6694 lr=4.00e-05
2026-07-16 09:50:17,718 [INFO] trainer: epoch 357 done train_loss=1.6720 dt=17.7s
2026-07-16 09:50:34,106 [INFO] trainer: epoch 358 step 50/54 loss=1.6589 lr=3.95e-05
2026-07-16 09:50:35,340 [INFO] trainer: epoch 358 done train_loss=1.6647 dt=17.6s
2026-07-16 09:50:51,500 [INFO] trainer: epoch 359 step 50/54 loss=1.6717 lr=3.90e-05
2026-07-16 09:50:52,734 [INFO] trainer: epoch 359 done train_loss=1.6821 dt=17.4s
2026-07-16 09:51:09,060 [INFO] trainer: epoch 360 step 50/54 loss=1.6732 lr=3.85e-05
2026-07-16 09:51:10,294 [INFO] trainer: epoch 360 done train_loss=1.6737 dt=17.6s
2026-07-16 09:51:27,372 [INFO] trainer: epoch 361 step 50/54 loss=1.6075 lr=3.80e-05
2026-07-16 09:51:28,607 [INFO] trainer: epoch 361 done train_loss=1.6296 dt=17.6s
2026-07-16 09:51:44,912 [INFO] trainer: epoch 362 step 50/54 loss=1.6499 lr=3.75e-05
2026-07-16 09:51:46,143 [INFO] trainer: epoch 362 done train_loss=1.6378 dt=17.5s
2026-07-16 09:52:02,834 [INFO] trainer: epoch 363 step 50/54 loss=1.6358 lr=3.70e-05
2026-07-16 09:52:04,066 [INFO] trainer: epoch 363 done train_loss=1.6400 dt=17.9s
2026-07-16 09:52:20,689 [INFO] trainer: epoch 364 step 50/54 loss=1.6627 lr=3.65e-05
2026-07-16 09:52:21,923 [INFO] trainer: epoch 364 done train_loss=1.6699 dt=17.9s
2026-07-16 09:52:38,146 [INFO] trainer: epoch 365 step 50/54 loss=1.6448 lr=3.60e-05
2026-07-16 09:52:39,384 [INFO] trainer: epoch 365 done train_loss=1.6361 dt=17.5s
2026-07-16 09:52:55,694 [INFO] trainer: epoch 366 step 50/54 loss=1.6445 lr=3.56e-05
2026-07-16 09:52:57,119 [INFO] trainer: epoch 366 done train_loss=1.6265 dt=17.7s
2026-07-16 09:53:13,975 [INFO] trainer: epoch 367 step 50/54 loss=1.6762 lr=3.51e-05
2026-07-16 09:53:15,208 [INFO] trainer: epoch 367 done train_loss=1.6699 dt=18.1s
2026-07-16 09:53:31,542 [INFO] trainer: epoch 368 step 50/54 loss=1.6551 lr=3.46e-05
2026-07-16 09:53:33,013 [INFO] trainer: epoch 368 done train_loss=1.6545 dt=17.8s
2026-07-16 09:53:49,893 [INFO] trainer: epoch 369 step 50/54 loss=1.6422 lr=3.41e-05
2026-07-16 09:53:51,127 [INFO] trainer: epoch 369 done train_loss=1.6363 dt=18.1s
2026-07-16 09:54:08,093 [INFO] trainer: epoch 370 step 50/54 loss=1.6582 lr=3.36e-05
2026-07-16 09:54:09,329 [INFO] trainer: epoch 370 done train_loss=1.6591 dt=18.2s
2026-07-16 09:54:26,429 [INFO] trainer: epoch 371 step 50/54 loss=1.6315 lr=3.32e-05
2026-07-16 09:54:27,662 [INFO] trainer: epoch 371 done train_loss=1.6426 dt=17.6s
2026-07-16 09:54:43,987 [INFO] trainer: epoch 372 step 50/54 loss=1.6272 lr=3.27e-05
2026-07-16 09:54:45,218 [INFO] trainer: epoch 372 done train_loss=1.6231 dt=17.6s
2026-07-16 09:55:02,826 [INFO] trainer: epoch 373 step 50/54 loss=1.6459 lr=3.22e-05
2026-07-16 09:55:04,058 [INFO] trainer: epoch 373 done train_loss=1.6435 dt=18.8s
2026-07-16 09:55:21,263 [INFO] trainer: epoch 374 step 50/54 loss=1.6407 lr=3.18e-05
2026-07-16 09:55:22,497 [INFO] trainer: epoch 374 done train_loss=1.6500 dt=18.4s
2026-07-16 09:55:39,292 [INFO] trainer: epoch 375 step 50/54 loss=1.6400 lr=3.13e-05
2026-07-16 09:55:42,496 [INFO] trainer: epoch 375 done train_loss=1.6581 dt=20.0s
2026-07-16 09:57:44,254 [INFO] trainer: epoch 375 val_mean_dice=0.5303
2026-07-16 09:58:01,282 [INFO] trainer: epoch 376 step 50/54 loss=1.6223 lr=3.09e-05
2026-07-16 09:58:02,516 [INFO] trainer: epoch 376 done train_loss=1.6227 dt=17.5s
2026-07-16 09:58:19,173 [INFO] trainer: epoch 377 step 50/54 loss=1.6354 lr=3.04e-05
2026-07-16 09:58:20,407 [INFO] trainer: epoch 377 done train_loss=1.6359 dt=17.9s
2026-07-16 09:59:13,579 [INFO] trainer: epoch 378 step 50/54 loss=1.6266 lr=3.00e-05
2026-07-16 09:59:14,816 [INFO] trainer: epoch 378 done train_loss=1.6394 dt=54.4s
2026-07-16 09:59:39,433 [INFO] trainer: epoch 379 step 50/54 loss=1.6449 lr=2.95e-05
2026-07-16 09:59:40,667 [INFO] trainer: epoch 379 done train_loss=1.6490 dt=25.9s
2026-07-16 09:59:57,663 [INFO] trainer: epoch 380 step 50/54 loss=1.6362 lr=2.91e-05
2026-07-16 09:59:58,898 [INFO] trainer: epoch 380 done train_loss=1.6292 dt=18.2s
2026-07-16 10:00:16,203 [INFO] trainer: epoch 381 step 50/54 loss=1.6436 lr=2.86e-05
2026-07-16 10:00:17,436 [INFO] trainer: epoch 381 done train_loss=1.6409 dt=17.8s
2026-07-16 10:00:34,377 [INFO] trainer: epoch 382 step 50/54 loss=1.6276 lr=2.82e-05
2026-07-16 10:00:35,613 [INFO] trainer: epoch 382 done train_loss=1.6333 dt=18.2s
2026-07-16 10:00:51,961 [INFO] trainer: epoch 383 step 50/54 loss=1.6590 lr=2.77e-05
2026-07-16 10:00:53,196 [INFO] trainer: epoch 383 done train_loss=1.6444 dt=17.6s
2026-07-16 10:01:10,136 [INFO] trainer: epoch 384 step 50/54 loss=1.6422 lr=2.73e-05
2026-07-16 10:01:11,371 [INFO] trainer: epoch 384 done train_loss=1.6368 dt=18.2s
2026-07-16 10:01:28,104 [INFO] trainer: epoch 385 step 50/54 loss=1.6355 lr=2.69e-05
2026-07-16 10:01:29,339 [INFO] trainer: epoch 385 done train_loss=1.6315 dt=18.0s
2026-07-16 10:01:45,730 [INFO] trainer: epoch 386 step 50/54 loss=1.6491 lr=2.64e-05
2026-07-16 10:01:46,965 [INFO] trainer: epoch 386 done train_loss=1.6511 dt=17.6s
2026-07-16 10:02:05,042 [INFO] trainer: epoch 387 step 50/54 loss=1.6494 lr=2.60e-05
2026-07-16 10:02:06,263 [INFO] trainer: epoch 387 done train_loss=1.6494 dt=19.3s
2026-07-16 10:02:23,182 [INFO] trainer: epoch 388 step 50/54 loss=1.6351 lr=2.56e-05
2026-07-16 10:02:24,417 [INFO] trainer: epoch 388 done train_loss=1.6403 dt=18.2s
2026-07-16 10:02:41,029 [INFO] trainer: epoch 389 step 50/54 loss=1.6677 lr=2.52e-05
2026-07-16 10:02:42,264 [INFO] trainer: epoch 389 done train_loss=1.6760 dt=17.8s
2026-07-16 10:02:58,489 [INFO] trainer: epoch 390 step 50/54 loss=1.6604 lr=2.48e-05
2026-07-16 10:02:59,723 [INFO] trainer: epoch 390 done train_loss=1.6528 dt=17.5s
2026-07-16 10:03:16,741 [INFO] trainer: epoch 391 step 50/54 loss=1.6198 lr=2.44e-05
2026-07-16 10:03:17,976 [INFO] trainer: epoch 391 done train_loss=1.6234 dt=17.5s
2026-07-16 10:03:34,194 [INFO] trainer: epoch 392 step 50/54 loss=1.6123 lr=2.39e-05
2026-07-16 10:03:35,431 [INFO] trainer: epoch 392 done train_loss=1.6117 dt=17.5s
2026-07-16 10:03:51,754 [INFO] trainer: epoch 393 step 50/54 loss=1.6283 lr=2.35e-05
2026-07-16 10:03:52,991 [INFO] trainer: epoch 393 done train_loss=1.6296 dt=17.6s
2026-07-16 10:04:09,463 [INFO] trainer: epoch 394 step 50/54 loss=1.6204 lr=2.31e-05
2026-07-16 10:04:10,700 [INFO] trainer: epoch 394 done train_loss=1.6145 dt=17.7s
2026-07-16 10:04:27,202 [INFO] trainer: epoch 395 step 50/54 loss=1.6486 lr=2.27e-05
2026-07-16 10:04:29,180 [INFO] trainer: epoch 395 done train_loss=1.6497 dt=18.5s
2026-07-16 10:04:45,600 [INFO] trainer: epoch 396 step 50/54 loss=1.6642 lr=2.23e-05
2026-07-16 10:04:46,834 [INFO] trainer: epoch 396 done train_loss=1.6582 dt=17.7s
2026-07-16 10:05:03,459 [INFO] trainer: epoch 397 step 50/54 loss=1.6258 lr=2.19e-05
2026-07-16 10:05:04,994 [INFO] trainer: epoch 397 done train_loss=1.6377 dt=18.2s
2026-07-16 10:05:21,547 [INFO] trainer: epoch 398 step 50/54 loss=1.6325 lr=2.16e-05
2026-07-16 10:05:22,781 [INFO] trainer: epoch 398 done train_loss=1.6265 dt=17.8s
2026-07-16 10:05:39,137 [INFO] trainer: epoch 399 step 50/54 loss=1.6631 lr=2.12e-05
2026-07-16 10:05:40,406 [INFO] trainer: epoch 399 done train_loss=1.6662 dt=17.6s
2026-07-16 10:05:57,177 [INFO] trainer: epoch 400 step 50/54 loss=1.6411 lr=2.08e-05
2026-07-16 10:05:58,413 [INFO] trainer: epoch 400 done train_loss=1.6474 dt=18.0s
2026-07-16 10:08:21,169 [INFO] trainer: epoch 400 val_mean_dice=0.5362
2026-07-16 10:08:44,270 [INFO] trainer: epoch 401 step 50/54 loss=1.6313 lr=2.04e-05
2026-07-16 10:08:45,505 [INFO] trainer: epoch 401 done train_loss=1.6314 dt=22.7s
2026-07-16 10:09:01,729 [INFO] trainer: epoch 402 step 50/54 loss=1.6430 lr=2.00e-05
2026-07-16 10:09:02,962 [INFO] trainer: epoch 402 done train_loss=1.6400 dt=17.5s
2026-07-16 10:09:19,210 [INFO] trainer: epoch 403 step 50/54 loss=1.6608 lr=1.97e-05
2026-07-16 10:09:20,444 [INFO] trainer: epoch 403 done train_loss=1.6668 dt=17.5s
2026-07-16 10:09:36,736 [INFO] trainer: epoch 404 step 50/54 loss=1.6644 lr=1.93e-05
2026-07-16 10:09:37,969 [INFO] trainer: epoch 404 done train_loss=1.6545 dt=17.5s
2026-07-16 10:09:54,327 [INFO] trainer: epoch 405 step 50/54 loss=1.6840 lr=1.89e-05
2026-07-16 10:09:55,561 [INFO] trainer: epoch 405 done train_loss=1.6739 dt=17.6s
2026-07-16 10:10:12,320 [INFO] trainer: epoch 406 step 50/54 loss=1.6400 lr=1.86e-05
2026-07-16 10:10:13,746 [INFO] trainer: epoch 406 done train_loss=1.6321 dt=18.2s
2026-07-16 10:10:30,208 [INFO] trainer: epoch 407 step 50/54 loss=1.6416 lr=1.82e-05
2026-07-16 10:10:31,440 [INFO] trainer: epoch 407 done train_loss=1.6313 dt=17.7s
2026-07-16 10:10:47,746 [INFO] trainer: epoch 408 step 50/54 loss=1.6027 lr=1.78e-05
2026-07-16 10:10:48,977 [INFO] trainer: epoch 408 done train_loss=1.6001 dt=17.5s
2026-07-16 10:11:05,270 [INFO] trainer: epoch 409 step 50/54 loss=1.5784 lr=1.75e-05
2026-07-16 10:11:06,517 [INFO] trainer: epoch 409 done train_loss=1.5821 dt=17.5s
2026-07-16 10:11:22,840 [INFO] trainer: epoch 410 step 50/54 loss=1.6411 lr=1.71e-05
2026-07-16 10:11:24,075 [INFO] trainer: epoch 410 done train_loss=1.6472 dt=17.6s
2026-07-16 10:11:41,272 [INFO] trainer: epoch 411 step 50/54 loss=1.6317 lr=1.68e-05
2026-07-16 10:11:42,505 [INFO] trainer: epoch 411 done train_loss=1.6344 dt=17.6s
2026-07-16 10:11:58,846 [INFO] trainer: epoch 412 step 50/54 loss=1.6607 lr=1.64e-05
2026-07-16 10:12:00,078 [INFO] trainer: epoch 412 done train_loss=1.6516 dt=17.6s
2026-07-16 10:12:16,459 [INFO] trainer: epoch 413 step 50/54 loss=1.6227 lr=1.61e-05
2026-07-16 10:12:17,749 [INFO] trainer: epoch 413 done train_loss=1.6227 dt=17.7s
2026-07-16 10:12:34,229 [INFO] trainer: epoch 414 step 50/54 loss=1.6335 lr=1.58e-05
2026-07-16 10:12:35,460 [INFO] trainer: epoch 414 done train_loss=1.6186 dt=17.7s
2026-07-16 10:12:51,654 [INFO] trainer: epoch 415 step 50/54 loss=1.6157 lr=1.54e-05
2026-07-16 10:12:52,886 [INFO] trainer: epoch 415 done train_loss=1.6179 dt=17.4s
2026-07-16 10:13:09,235 [INFO] trainer: epoch 416 step 50/54 loss=1.5998 lr=1.51e-05
2026-07-16 10:13:10,468 [INFO] trainer: epoch 416 done train_loss=1.5986 dt=17.6s
2026-07-16 10:13:26,756 [INFO] trainer: epoch 417 step 50/54 loss=1.6200 lr=1.48e-05
2026-07-16 10:13:27,988 [INFO] trainer: epoch 417 done train_loss=1.6200 dt=17.5s
2026-07-16 10:13:44,260 [INFO] trainer: epoch 418 step 50/54 loss=1.6729 lr=1.45e-05
2026-07-16 10:13:45,494 [INFO] trainer: epoch 418 done train_loss=1.6762 dt=17.5s
2026-07-16 10:14:02,161 [INFO] trainer: epoch 419 step 50/54 loss=1.6304 lr=1.41e-05
2026-07-16 10:14:03,394 [INFO] trainer: epoch 419 done train_loss=1.6299 dt=17.9s
2026-07-16 10:14:19,683 [INFO] trainer: epoch 420 step 50/54 loss=1.6120 lr=1.38e-05
2026-07-16 10:14:20,922 [INFO] trainer: epoch 420 done train_loss=1.6149 dt=17.5s
2026-07-16 10:14:38,027 [INFO] trainer: epoch 421 step 50/54 loss=1.6297 lr=1.35e-05
2026-07-16 10:14:39,260 [INFO] trainer: epoch 421 done train_loss=1.6222 dt=17.6s
2026-07-16 10:14:55,453 [INFO] trainer: epoch 422 step 50/54 loss=1.6092 lr=1.32e-05
2026-07-16 10:14:56,686 [INFO] trainer: epoch 422 done train_loss=1.6177 dt=17.4s
2026-07-16 10:15:13,100 [INFO] trainer: epoch 423 step 50/54 loss=1.6351 lr=1.29e-05
2026-07-16 10:15:14,334 [INFO] trainer: epoch 423 done train_loss=1.6363 dt=17.6s
2026-07-16 10:15:30,629 [INFO] trainer: epoch 424 step 50/54 loss=1.5788 lr=1.26e-05
2026-07-16 10:15:31,862 [INFO] trainer: epoch 424 done train_loss=1.5799 dt=17.5s
2026-07-16 10:15:48,243 [INFO] trainer: epoch 425 step 50/54 loss=1.6342 lr=1.23e-05
2026-07-16 10:15:49,476 [INFO] trainer: epoch 425 done train_loss=1.6242 dt=17.6s
2026-07-16 10:17:46,122 [INFO] trainer: epoch 425 val_mean_dice=0.5360
2026-07-16 10:18:02,545 [INFO] trainer: epoch 426 step 50/54 loss=1.6496 lr=1.20e-05
2026-07-16 10:18:03,782 [INFO] trainer: epoch 426 done train_loss=1.6486 dt=17.7s
2026-07-16 10:18:20,030 [INFO] trainer: epoch 427 step 50/54 loss=1.6246 lr=1.17e-05
2026-07-16 10:18:21,263 [INFO] trainer: epoch 427 done train_loss=1.6250 dt=17.5s
2026-07-16 10:18:37,548 [INFO] trainer: epoch 428 step 50/54 loss=1.6788 lr=1.14e-05
2026-07-16 10:18:38,781 [INFO] trainer: epoch 428 done train_loss=1.6812 dt=17.5s
2026-07-16 10:18:55,115 [INFO] trainer: epoch 429 step 50/54 loss=1.6330 lr=1.12e-05
2026-07-16 10:18:56,349 [INFO] trainer: epoch 429 done train_loss=1.6233 dt=17.6s
2026-07-16 10:19:12,936 [INFO] trainer: epoch 430 step 50/54 loss=1.6215 lr=1.09e-05
2026-07-16 10:19:14,174 [INFO] trainer: epoch 430 done train_loss=1.6259 dt=17.8s
2026-07-16 10:19:31,056 [INFO] trainer: epoch 431 step 50/54 loss=1.6769 lr=1.06e-05
2026-07-16 10:19:32,289 [INFO] trainer: epoch 431 done train_loss=1.6749 dt=17.4s
2026-07-16 10:19:48,545 [INFO] trainer: epoch 432 step 50/54 loss=1.6174 lr=1.03e-05
2026-07-16 10:19:49,778 [INFO] trainer: epoch 432 done train_loss=1.6337 dt=17.5s
2026-07-16 10:20:06,148 [INFO] trainer: epoch 433 step 50/54 loss=1.6360 lr=1.01e-05
2026-07-16 10:20:07,381 [INFO] trainer: epoch 433 done train_loss=1.6452 dt=17.6s
2026-07-16 10:20:23,772 [INFO] trainer: epoch 434 step 50/54 loss=1.6140 lr=9.80e-06
2026-07-16 10:20:25,141 [INFO] trainer: epoch 434 done train_loss=1.6096 dt=17.8s
2026-07-16 10:20:41,754 [INFO] trainer: epoch 435 step 50/54 loss=1.6086 lr=9.54e-06
2026-07-16 10:20:42,986 [INFO] trainer: epoch 435 done train_loss=1.6112 dt=17.8s
2026-07-16 10:20:59,437 [INFO] trainer: epoch 436 step 50/54 loss=1.6724 lr=9.28e-06
2026-07-16 10:21:00,668 [INFO] trainer: epoch 436 done train_loss=1.6885 dt=17.7s
2026-07-16 10:21:17,052 [INFO] trainer: epoch 437 step 50/54 loss=1.6412 lr=9.03e-06
2026-07-16 10:21:18,288 [INFO] trainer: epoch 437 done train_loss=1.6430 dt=17.6s
2026-07-16 10:21:34,753 [INFO] trainer: epoch 438 step 50/54 loss=1.6535 lr=8.78e-06
2026-07-16 10:21:35,987 [INFO] trainer: epoch 438 done train_loss=1.6479 dt=17.7s
2026-07-16 10:21:52,433 [INFO] trainer: epoch 439 step 50/54 loss=1.6091 lr=8.53e-06
2026-07-16 10:21:53,666 [INFO] trainer: epoch 439 done train_loss=1.6117 dt=17.7s
2026-07-16 10:22:10,060 [INFO] trainer: epoch 440 step 50/54 loss=1.6238 lr=8.29e-06
2026-07-16 10:22:11,340 [INFO] trainer: epoch 440 done train_loss=1.6129 dt=17.7s
2026-07-16 10:22:28,435 [INFO] trainer: epoch 441 step 50/54 loss=1.5653 lr=8.05e-06
2026-07-16 10:22:29,669 [INFO] trainer: epoch 441 done train_loss=1.5725 dt=17.6s
2026-07-16 10:22:45,967 [INFO] trainer: epoch 442 step 50/54 loss=1.6240 lr=7.82e-06
2026-07-16 10:22:47,201 [INFO] trainer: epoch 442 done train_loss=1.6127 dt=17.5s
2026-07-16 10:23:03,837 [INFO] trainer: epoch 443 step 50/54 loss=1.6476 lr=7.59e-06
2026-07-16 10:23:05,070 [INFO] trainer: epoch 443 done train_loss=1.6458 dt=17.9s
2026-07-16 10:23:21,541 [INFO] trainer: epoch 444 step 50/54 loss=1.6311 lr=7.36e-06
2026-07-16 10:23:22,775 [INFO] trainer: epoch 444 done train_loss=1.6359 dt=17.7s
2026-07-16 10:23:39,022 [INFO] trainer: epoch 445 step 50/54 loss=1.6146 lr=7.14e-06
2026-07-16 10:23:40,253 [INFO] trainer: epoch 445 done train_loss=1.6352 dt=17.5s
2026-07-16 10:23:57,048 [INFO] trainer: epoch 446 step 50/54 loss=1.6280 lr=6.92e-06
2026-07-16 10:23:58,319 [INFO] trainer: epoch 446 done train_loss=1.6381 dt=18.1s
2026-07-16 10:24:15,518 [INFO] trainer: epoch 447 step 50/54 loss=1.6271 lr=6.71e-06
2026-07-16 10:24:16,751 [INFO] trainer: epoch 447 done train_loss=1.6318 dt=18.4s
2026-07-16 10:24:33,363 [INFO] trainer: epoch 448 step 50/54 loss=1.6322 lr=6.49e-06
2026-07-16 10:24:34,597 [INFO] trainer: epoch 448 done train_loss=1.6308 dt=17.8s
2026-07-16 10:24:50,986 [INFO] trainer: epoch 449 step 50/54 loss=1.6468 lr=6.29e-06
2026-07-16 10:24:52,238 [INFO] trainer: epoch 449 done train_loss=1.6362 dt=17.6s
2026-07-16 10:25:08,577 [INFO] trainer: epoch 450 step 50/54 loss=1.6113 lr=6.08e-06
2026-07-16 10:25:09,811 [INFO] trainer: epoch 450 done train_loss=1.6144 dt=17.6s
2026-07-16 10:27:06,479 [INFO] trainer: epoch 450 val_mean_dice=0.5375
2026-07-16 10:27:24,244 [INFO] trainer: epoch 451 step 50/54 loss=1.6463 lr=5.88e-06
2026-07-16 10:27:25,477 [INFO] trainer: epoch 451 done train_loss=1.6388 dt=17.5s
2026-07-16 10:27:41,953 [INFO] trainer: epoch 452 step 50/54 loss=1.6292 lr=5.69e-06
2026-07-16 10:27:43,187 [INFO] trainer: epoch 452 done train_loss=1.6351 dt=17.7s
2026-07-16 10:27:59,938 [INFO] trainer: epoch 453 step 50/54 loss=1.6486 lr=5.50e-06
2026-07-16 10:28:01,173 [INFO] trainer: epoch 453 done train_loss=1.6515 dt=18.0s
2026-07-16 10:28:17,982 [INFO] trainer: epoch 454 step 50/54 loss=1.5910 lr=5.31e-06
2026-07-16 10:28:19,217 [INFO] trainer: epoch 454 done train_loss=1.5966 dt=18.0s
2026-07-16 10:28:35,723 [INFO] trainer: epoch 455 step 50/54 loss=1.6205 lr=5.13e-06
2026-07-16 10:28:36,956 [INFO] trainer: epoch 455 done train_loss=1.6304 dt=17.7s
2026-07-16 10:28:53,383 [INFO] trainer: epoch 456 step 50/54 loss=1.6353 lr=4.95e-06
2026-07-16 10:28:54,617 [INFO] trainer: epoch 456 done train_loss=1.6342 dt=17.7s
2026-07-16 10:29:11,011 [INFO] trainer: epoch 457 step 50/54 loss=1.6210 lr=4.77e-06
2026-07-16 10:29:12,246 [INFO] trainer: epoch 457 done train_loss=1.6301 dt=17.6s
2026-07-16 10:29:28,929 [INFO] trainer: epoch 458 step 50/54 loss=1.6057 lr=4.60e-06
2026-07-16 10:29:30,162 [INFO] trainer: epoch 458 done train_loss=1.6069 dt=17.9s
2026-07-16 10:29:46,435 [INFO] trainer: epoch 459 step 50/54 loss=1.6455 lr=4.43e-06
2026-07-16 10:29:47,669 [INFO] trainer: epoch 459 done train_loss=1.6334 dt=17.5s
2026-07-16 10:30:03,926 [INFO] trainer: epoch 460 step 50/54 loss=1.6195 lr=4.27e-06
2026-07-16 10:30:05,161 [INFO] trainer: epoch 460 done train_loss=1.6019 dt=17.5s
2026-07-16 10:30:21,976 [INFO] trainer: epoch 461 step 50/54 loss=1.6034 lr=4.11e-06
2026-07-16 10:30:23,208 [INFO] trainer: epoch 461 done train_loss=1.6020 dt=17.3s
2026-07-16 10:30:39,748 [INFO] trainer: epoch 462 step 50/54 loss=1.6214 lr=3.95e-06
2026-07-16 10:30:40,980 [INFO] trainer: epoch 462 done train_loss=1.6154 dt=17.8s
2026-07-16 10:30:57,481 [INFO] trainer: epoch 463 step 50/54 loss=1.6061 lr=3.80e-06
2026-07-16 10:30:58,721 [INFO] trainer: epoch 463 done train_loss=1.6084 dt=17.7s
2026-07-16 10:31:14,943 [INFO] trainer: epoch 464 step 50/54 loss=1.6226 lr=3.65e-06
2026-07-16 10:31:16,176 [INFO] trainer: epoch 464 done train_loss=1.6204 dt=17.5s
2026-07-16 10:31:32,586 [INFO] trainer: epoch 465 step 50/54 loss=1.6490 lr=3.51e-06
2026-07-16 10:31:33,818 [INFO] trainer: epoch 465 done train_loss=1.6439 dt=17.6s
2026-07-16 10:31:50,500 [INFO] trainer: epoch 466 step 50/54 loss=1.6074 lr=3.36e-06
2026-07-16 10:31:51,735 [INFO] trainer: epoch 466 done train_loss=1.6121 dt=17.9s
2026-07-16 10:32:08,016 [INFO] trainer: epoch 467 step 50/54 loss=1.6403 lr=3.23e-06
2026-07-16 10:32:09,352 [INFO] trainer: epoch 467 done train_loss=1.6564 dt=17.6s
2026-07-16 10:32:28,578 [INFO] trainer: epoch 468 step 50/54 loss=1.5814 lr=3.10e-06
2026-07-16 10:32:29,810 [INFO] trainer: epoch 468 done train_loss=1.5847 dt=20.5s
2026-07-16 10:32:49,097 [INFO] trainer: epoch 469 step 50/54 loss=1.6353 lr=2.97e-06
2026-07-16 10:32:50,329 [INFO] trainer: epoch 469 done train_loss=1.6346 dt=20.5s
2026-07-16 10:33:06,940 [INFO] trainer: epoch 470 step 50/54 loss=1.6489 lr=2.84e-06
2026-07-16 10:33:08,231 [INFO] trainer: epoch 470 done train_loss=1.6413 dt=17.9s
2026-07-16 10:33:25,291 [INFO] trainer: epoch 471 step 50/54 loss=1.5916 lr=2.72e-06
2026-07-16 10:33:26,523 [INFO] trainer: epoch 471 done train_loss=1.5904 dt=17.5s
2026-07-16 10:33:42,806 [INFO] trainer: epoch 472 step 50/54 loss=1.6118 lr=2.61e-06
2026-07-16 10:33:44,038 [INFO] trainer: epoch 472 done train_loss=1.6029 dt=17.5s
2026-07-16 10:34:00,947 [INFO] trainer: epoch 473 step 50/54 loss=1.6638 lr=2.50e-06
2026-07-16 10:34:02,180 [INFO] trainer: epoch 473 done train_loss=1.6608 dt=18.1s
2026-07-16 10:34:18,320 [INFO] trainer: epoch 474 step 50/54 loss=1.5895 lr=2.39e-06
2026-07-16 10:34:19,552 [INFO] trainer: epoch 474 done train_loss=1.5805 dt=17.4s
2026-07-16 10:34:36,121 [INFO] trainer: epoch 475 step 50/54 loss=1.6308 lr=2.28e-06
2026-07-16 10:34:37,445 [INFO] trainer: epoch 475 done train_loss=1.6282 dt=17.9s
2026-07-16 10:36:45,192 [INFO] trainer: epoch 475 val_mean_dice=0.5390
2026-07-16 10:37:02,231 [INFO] trainer: epoch 476 step 50/54 loss=1.6115 lr=2.18e-06
2026-07-16 10:37:03,462 [INFO] trainer: epoch 476 done train_loss=1.6140 dt=17.6s
2026-07-16 10:37:19,858 [INFO] trainer: epoch 477 step 50/54 loss=1.6030 lr=2.09e-06
2026-07-16 10:37:21,090 [INFO] trainer: epoch 477 done train_loss=1.6124 dt=17.6s
2026-07-16 10:37:37,432 [INFO] trainer: epoch 478 step 50/54 loss=1.6099 lr=1.99e-06
2026-07-16 10:37:38,829 [INFO] trainer: epoch 478 done train_loss=1.6145 dt=17.7s
2026-07-16 10:37:55,278 [INFO] trainer: epoch 479 step 50/54 loss=1.6469 lr=1.91e-06
2026-07-16 10:37:56,591 [INFO] trainer: epoch 479 done train_loss=1.6295 dt=17.8s
2026-07-16 10:38:13,043 [INFO] trainer: epoch 480 step 50/54 loss=1.6239 lr=1.82e-06
2026-07-16 10:38:14,277 [INFO] trainer: epoch 480 done train_loss=1.6066 dt=17.7s
2026-07-16 10:38:31,337 [INFO] trainer: epoch 481 step 50/54 loss=1.6080 lr=1.74e-06
2026-07-16 10:38:32,589 [INFO] trainer: epoch 481 done train_loss=1.6080 dt=17.6s
2026-07-16 10:38:49,117 [INFO] trainer: epoch 482 step 50/54 loss=1.6216 lr=1.67e-06
2026-07-16 10:38:50,349 [INFO] trainer: epoch 482 done train_loss=1.6243 dt=17.8s
2026-07-16 10:39:06,757 [INFO] trainer: epoch 483 step 50/54 loss=1.6423 lr=1.60e-06
2026-07-16 10:39:07,991 [INFO] trainer: epoch 483 done train_loss=1.6440 dt=17.6s
2026-07-16 10:39:24,386 [INFO] trainer: epoch 484 step 50/54 loss=1.6178 lr=1.53e-06
2026-07-16 10:39:25,656 [INFO] trainer: epoch 484 done train_loss=1.6194 dt=17.7s
2026-07-16 10:39:42,185 [INFO] trainer: epoch 485 step 50/54 loss=1.6513 lr=1.46e-06
2026-07-16 10:39:43,419 [INFO] trainer: epoch 485 done train_loss=1.6388 dt=17.8s
2026-07-16 10:40:00,080 [INFO] trainer: epoch 486 step 50/54 loss=1.5910 lr=1.40e-06
2026-07-16 10:40:01,313 [INFO] trainer: epoch 486 done train_loss=1.5883 dt=17.9s
2026-07-16 10:40:17,820 [INFO] trainer: epoch 487 step 50/54 loss=1.6056 lr=1.35e-06
2026-07-16 10:40:19,054 [INFO] trainer: epoch 487 done train_loss=1.6090 dt=17.7s
2026-07-16 10:40:35,293 [INFO] trainer: epoch 488 step 50/54 loss=1.6107 lr=1.30e-06
2026-07-16 10:40:36,528 [INFO] trainer: epoch 488 done train_loss=1.6026 dt=17.5s
2026-07-16 10:40:52,897 [INFO] trainer: epoch 489 step 50/54 loss=1.6100 lr=1.25e-06
2026-07-16 10:40:54,261 [INFO] trainer: epoch 489 done train_loss=1.6241 dt=17.7s
2026-07-16 10:41:10,565 [INFO] trainer: epoch 490 step 50/54 loss=1.6034 lr=1.21e-06
2026-07-16 10:41:11,798 [INFO] trainer: epoch 490 done train_loss=1.6143 dt=17.5s
2026-07-16 10:41:28,854 [INFO] trainer: epoch 491 step 50/54 loss=1.6011 lr=1.17e-06
2026-07-16 10:41:30,088 [INFO] trainer: epoch 491 done train_loss=1.6089 dt=17.5s
2026-07-16 10:41:46,501 [INFO] trainer: epoch 492 step 50/54 loss=1.6074 lr=1.13e-06
2026-07-16 10:41:47,735 [INFO] trainer: epoch 492 done train_loss=1.6124 dt=17.6s
2026-07-16 10:42:04,131 [INFO] trainer: epoch 493 step 50/54 loss=1.6192 lr=1.10e-06
2026-07-16 10:42:05,365 [INFO] trainer: epoch 493 done train_loss=1.6194 dt=17.6s
2026-07-16 10:42:21,685 [INFO] trainer: epoch 494 step 50/54 loss=1.6132 lr=1.08e-06
2026-07-16 10:42:22,919 [INFO] trainer: epoch 494 done train_loss=1.6080 dt=17.6s
2026-07-16 10:42:39,624 [INFO] trainer: epoch 495 step 50/54 loss=1.5952 lr=1.05e-06
2026-07-16 10:42:40,859 [INFO] trainer: epoch 495 done train_loss=1.5921 dt=17.9s
2026-07-16 10:42:57,344 [INFO] trainer: epoch 496 step 50/54 loss=1.6310 lr=1.03e-06
2026-07-16 10:42:58,578 [INFO] trainer: epoch 496 done train_loss=1.6237 dt=17.7s
2026-07-16 10:43:14,829 [INFO] trainer: epoch 497 step 50/54 loss=1.6014 lr=1.02e-06
2026-07-16 10:43:16,186 [INFO] trainer: epoch 497 done train_loss=1.6011 dt=17.6s
2026-07-16 10:43:32,591 [INFO] trainer: epoch 498 step 50/54 loss=1.6102 lr=1.01e-06
2026-07-16 10:43:33,826 [INFO] trainer: epoch 498 done train_loss=1.6216 dt=17.6s
2026-07-16 10:43:50,133 [INFO] trainer: epoch 499 step 50/54 loss=1.6435 lr=1.00e-06
2026-07-16 10:43:51,366 [INFO] trainer: epoch 499 done train_loss=1.6283 dt=17.5s
2026-07-16 10:44:07,925 [INFO] trainer: epoch 500 step 50/54 loss=1.6283 lr=1.00e-06
2026-07-16 10:44:09,160 [INFO] trainer: epoch 500 done train_loss=1.6303 dt=17.8s
2026-07-16 10:46:05,937 [INFO] trainer: epoch 500 val_mean_dice=0.5392
2026-07-16 10:46:07,256 [INFO] trainer: total time 11381.1 s, best dice 0.5392 (epochs 1-500 / 500)
