2026-07-16 07:42:55,646 [INFO] train: ========================================================================
2026-07-16 07:42:55,647 [INFO] train: model=dino3d config=configs/lowshot/ls_dino3d_frz_pt_f010.yaml
2026-07-16 07:42:55,647 [INFO] train: output=/scratch/lskrlj/runs/ls_dino3d_frz_pt_f010 device=cuda (NVIDIA A100-SXM4-40GB)
2026-07-16 07:42:55,647 [INFO] train: epochs=500 batch_size=2 grad_accum=2 eff_batch=4 lr=0.0002 amp=True
2026-07-16 07:42:55,647 [INFO] train: ========================================================================
2026-07-16 07:42:55,651 [INFO] train: splits: train=1082 val=57 classes=117
2026-07-16 07:42:55,651 [INFO] train: low-shot: train_fraction=0.1000 seed=1234 -> 108/1082 train cases
2026-07-16 07:42:55,876 [INFO] train: disk cache: /scratch/lskrlj/cache/TotalSeg/833d9d046402 (fingerprint=833d9d046402)
2026-07-16 07:43:58,712 [INFO] dinov2: using MLP layer as FFN
2026-07-16 07:44:08,583 [INFO] train: model dino3d, trainable params: 9691864 / 316552920 total (freeze_backbone=True)
2026-07-16 07:44:17,123 [WARNING] trainer: --resume set but no checkpoint found in /scratch/lskrlj/runs/ls_dino3d_frz_pt_f010; starting fresh
2026-07-16 07:44:17,124 [INFO] trainer: start: epochs 1-500/500 device=cuda amp=bf16 train_batches=54 val_batches=57
2026-07-16 07:44:33,033 [INFO] trainer: epoch 1 step 50/54 loss=11.2678 lr=1.85e-05
2026-07-16 07:44:33,964 [INFO] trainer: epoch 1 done train_loss=11.2348 dt=16.8s
2026-07-16 07:44:46,496 [INFO] trainer: epoch 2 step 50/54 loss=10.1650 lr=3.85e-05
2026-07-16 07:44:47,428 [INFO] trainer: epoch 2 done train_loss=10.1127 dt=13.5s
2026-07-16 07:45:00,006 [INFO] trainer: epoch 3 step 50/54 loss=9.2370 lr=5.85e-05
2026-07-16 07:45:00,933 [INFO] trainer: epoch 3 done train_loss=9.2139 dt=13.5s
2026-07-16 07:45:13,518 [INFO] trainer: epoch 4 step 50/54 loss=8.6745 lr=7.85e-05
2026-07-16 07:45:14,453 [INFO] trainer: epoch 4 done train_loss=8.6537 dt=13.5s
2026-07-16 07:45:26,970 [INFO] trainer: epoch 5 step 50/54 loss=8.2525 lr=9.85e-05
2026-07-16 07:45:27,902 [INFO] trainer: epoch 5 done train_loss=8.2474 dt=13.4s
2026-07-16 07:45:40,550 [INFO] trainer: epoch 6 step 50/54 loss=7.8764 lr=1.19e-04
2026-07-16 07:45:41,482 [INFO] trainer: epoch 6 done train_loss=7.8492 dt=13.6s
2026-07-16 07:45:54,351 [INFO] trainer: epoch 7 step 50/54 loss=7.5107 lr=1.39e-04
2026-07-16 07:45:55,283 [INFO] trainer: epoch 7 done train_loss=7.5002 dt=13.8s
2026-07-16 07:46:07,905 [INFO] trainer: epoch 8 step 50/54 loss=7.1266 lr=1.59e-04
2026-07-16 07:46:08,836 [INFO] trainer: epoch 8 done train_loss=7.1209 dt=13.6s
2026-07-16 07:46:21,445 [INFO] trainer: epoch 9 step 50/54 loss=6.7540 lr=1.79e-04
2026-07-16 07:46:22,375 [INFO] trainer: epoch 9 done train_loss=6.7503 dt=13.5s
2026-07-16 07:46:35,160 [INFO] trainer: epoch 10 step 50/54 loss=6.3708 lr=1.99e-04
2026-07-16 07:46:36,093 [INFO] trainer: epoch 10 done train_loss=6.3675 dt=13.7s
2026-07-16 07:46:50,959 [INFO] trainer: epoch 11 step 50/54 loss=6.0549 lr=2.00e-04
2026-07-16 07:46:51,894 [INFO] trainer: epoch 11 done train_loss=6.0391 dt=13.5s
2026-07-16 07:47:04,438 [INFO] trainer: epoch 12 step 50/54 loss=5.6906 lr=2.00e-04
2026-07-16 07:47:05,380 [INFO] trainer: epoch 12 done train_loss=5.6948 dt=13.5s
2026-07-16 07:47:18,180 [INFO] trainer: epoch 13 step 50/54 loss=5.4495 lr=2.00e-04
2026-07-16 07:47:19,134 [INFO] trainer: epoch 13 done train_loss=5.4285 dt=13.8s
2026-07-16 07:47:31,897 [INFO] trainer: epoch 14 step 50/54 loss=5.1764 lr=2.00e-04
2026-07-16 07:47:32,842 [INFO] trainer: epoch 14 done train_loss=5.1607 dt=13.7s
2026-07-16 07:47:45,601 [INFO] trainer: epoch 15 step 50/54 loss=4.8752 lr=2.00e-04
2026-07-16 07:47:46,541 [INFO] trainer: epoch 15 done train_loss=4.8937 dt=13.7s
2026-07-16 07:47:59,495 [INFO] trainer: epoch 16 step 50/54 loss=4.6971 lr=2.00e-04
2026-07-16 07:48:00,430 [INFO] trainer: epoch 16 done train_loss=4.6911 dt=13.9s
2026-07-16 07:48:12,955 [INFO] trainer: epoch 17 step 50/54 loss=4.5691 lr=2.00e-04
2026-07-16 07:48:13,891 [INFO] trainer: epoch 17 done train_loss=4.5587 dt=13.5s
2026-07-16 07:48:26,840 [INFO] trainer: epoch 18 step 50/54 loss=4.3497 lr=2.00e-04
2026-07-16 07:48:27,774 [INFO] trainer: epoch 18 done train_loss=4.3333 dt=13.9s
2026-07-16 07:48:40,432 [INFO] trainer: epoch 19 step 50/54 loss=4.1875 lr=2.00e-04
2026-07-16 07:48:41,371 [INFO] trainer: epoch 19 done train_loss=4.1766 dt=13.6s
2026-07-16 07:48:54,309 [INFO] trainer: epoch 20 step 50/54 loss=4.0232 lr=2.00e-04
2026-07-16 07:48:55,243 [INFO] trainer: epoch 20 done train_loss=4.0152 dt=13.9s
2026-07-16 07:49:09,805 [INFO] trainer: epoch 21 step 50/54 loss=3.9412 lr=2.00e-04
2026-07-16 07:49:10,741 [INFO] trainer: epoch 21 done train_loss=3.9138 dt=13.7s
2026-07-16 07:49:23,480 [INFO] trainer: epoch 22 step 50/54 loss=3.7690 lr=2.00e-04
2026-07-16 07:49:24,415 [INFO] trainer: epoch 22 done train_loss=3.7622 dt=13.7s
2026-07-16 07:49:37,370 [INFO] trainer: epoch 23 step 50/54 loss=3.6062 lr=2.00e-04
2026-07-16 07:49:38,307 [INFO] trainer: epoch 23 done train_loss=3.6106 dt=13.9s
2026-07-16 07:49:51,008 [INFO] trainer: epoch 24 step 50/54 loss=3.5183 lr=2.00e-04
2026-07-16 07:49:51,951 [INFO] trainer: epoch 24 done train_loss=3.5433 dt=13.6s
2026-07-16 07:50:04,574 [INFO] trainer: epoch 25 step 50/54 loss=3.4484 lr=2.00e-04
2026-07-16 07:50:05,529 [INFO] trainer: epoch 25 done train_loss=3.4253 dt=13.6s
2026-07-16 07:50:58,618 [INFO] trainer: epoch 25 val_mean_dice=0.0024
2026-07-16 07:51:13,086 [INFO] trainer: epoch 26 step 50/54 loss=3.4111 lr=1.99e-04
2026-07-16 07:51:14,021 [INFO] trainer: epoch 26 done train_loss=3.4090 dt=13.5s
2026-07-16 07:51:26,645 [INFO] trainer: epoch 27 step 50/54 loss=3.3637 lr=1.99e-04
2026-07-16 07:51:27,581 [INFO] trainer: epoch 27 done train_loss=3.3740 dt=13.6s
2026-07-16 07:51:40,047 [INFO] trainer: epoch 28 step 50/54 loss=3.3097 lr=1.99e-04
2026-07-16 07:51:40,975 [INFO] trainer: epoch 28 done train_loss=3.3279 dt=13.4s
2026-07-16 07:51:53,657 [INFO] trainer: epoch 29 step 50/54 loss=3.2908 lr=1.99e-04
2026-07-16 07:51:54,585 [INFO] trainer: epoch 29 done train_loss=3.2954 dt=13.6s
2026-07-16 07:52:07,174 [INFO] trainer: epoch 30 step 50/54 loss=3.2583 lr=1.99e-04
2026-07-16 07:52:08,105 [INFO] trainer: epoch 30 done train_loss=3.2505 dt=13.5s
2026-07-16 07:52:22,799 [INFO] trainer: epoch 31 step 50/54 loss=3.2551 lr=1.99e-04
2026-07-16 07:52:23,729 [INFO] trainer: epoch 31 done train_loss=3.2434 dt=13.7s
2026-07-16 07:52:36,589 [INFO] trainer: epoch 32 step 50/54 loss=3.1876 lr=1.99e-04
2026-07-16 07:52:37,521 [INFO] trainer: epoch 32 done train_loss=3.2016 dt=13.8s
2026-07-16 07:52:50,198 [INFO] trainer: epoch 33 step 50/54 loss=3.2272 lr=1.99e-04
2026-07-16 07:52:51,128 [INFO] trainer: epoch 33 done train_loss=3.2239 dt=13.6s
2026-07-16 07:53:03,860 [INFO] trainer: epoch 34 step 50/54 loss=3.1657 lr=1.99e-04
2026-07-16 07:53:04,798 [INFO] trainer: epoch 34 done train_loss=3.1585 dt=13.7s
2026-07-16 07:53:17,529 [INFO] trainer: epoch 35 step 50/54 loss=3.1903 lr=1.99e-04
2026-07-16 07:53:18,473 [INFO] trainer: epoch 35 done train_loss=3.1688 dt=13.7s
2026-07-16 07:53:31,204 [INFO] trainer: epoch 36 step 50/54 loss=3.1438 lr=1.99e-04
2026-07-16 07:53:32,134 [INFO] trainer: epoch 36 done train_loss=3.1497 dt=13.7s
2026-07-16 07:53:44,795 [INFO] trainer: epoch 37 step 50/54 loss=3.1370 lr=1.99e-04
2026-07-16 07:53:45,725 [INFO] trainer: epoch 37 done train_loss=3.1301 dt=13.6s
2026-07-16 07:53:58,217 [INFO] trainer: epoch 38 step 50/54 loss=3.0711 lr=1.98e-04
2026-07-16 07:53:59,148 [INFO] trainer: epoch 38 done train_loss=3.1016 dt=13.4s
2026-07-16 07:54:11,967 [INFO] trainer: epoch 39 step 50/54 loss=3.0868 lr=1.98e-04
2026-07-16 07:54:12,897 [INFO] trainer: epoch 39 done train_loss=3.0652 dt=13.7s
2026-07-16 07:54:25,617 [INFO] trainer: epoch 40 step 50/54 loss=3.0775 lr=1.98e-04
2026-07-16 07:54:26,545 [INFO] trainer: epoch 40 done train_loss=3.0644 dt=13.6s
2026-07-16 07:54:41,073 [INFO] trainer: epoch 41 step 50/54 loss=3.0402 lr=1.98e-04
2026-07-16 07:54:42,007 [INFO] trainer: epoch 41 done train_loss=3.0269 dt=13.6s
2026-07-16 07:54:54,505 [INFO] trainer: epoch 42 step 50/54 loss=2.9713 lr=1.98e-04
2026-07-16 07:54:55,445 [INFO] trainer: epoch 42 done train_loss=2.9797 dt=13.4s
2026-07-16 07:55:08,274 [INFO] trainer: epoch 43 step 50/54 loss=3.0020 lr=1.98e-04
2026-07-16 07:55:09,202 [INFO] trainer: epoch 43 done train_loss=2.9998 dt=13.8s
2026-07-16 07:55:21,721 [INFO] trainer: epoch 44 step 50/54 loss=2.9424 lr=1.98e-04
2026-07-16 07:55:22,650 [INFO] trainer: epoch 44 done train_loss=2.9467 dt=13.4s
2026-07-16 07:55:35,129 [INFO] trainer: epoch 45 step 50/54 loss=2.8909 lr=1.98e-04
2026-07-16 07:55:36,058 [INFO] trainer: epoch 45 done train_loss=2.8951 dt=13.4s
2026-07-16 07:55:48,449 [INFO] trainer: epoch 46 step 50/54 loss=2.9131 lr=1.97e-04
2026-07-16 07:55:49,378 [INFO] trainer: epoch 46 done train_loss=2.9176 dt=13.3s
2026-07-16 07:56:02,032 [INFO] trainer: epoch 47 step 50/54 loss=2.8734 lr=1.97e-04
2026-07-16 07:56:02,961 [INFO] trainer: epoch 47 done train_loss=2.8854 dt=13.6s
2026-07-16 07:56:15,522 [INFO] trainer: epoch 48 step 50/54 loss=2.8808 lr=1.97e-04
2026-07-16 07:56:16,455 [INFO] trainer: epoch 48 done train_loss=2.8821 dt=13.5s
2026-07-16 07:56:28,992 [INFO] trainer: epoch 49 step 50/54 loss=2.8552 lr=1.97e-04
2026-07-16 07:56:29,922 [INFO] trainer: epoch 49 done train_loss=2.8615 dt=13.5s
2026-07-16 07:56:42,691 [INFO] trainer: epoch 50 step 50/54 loss=2.8513 lr=1.97e-04
2026-07-16 07:56:43,621 [INFO] trainer: epoch 50 done train_loss=2.8397 dt=13.7s
2026-07-16 07:57:32,765 [INFO] trainer: epoch 50 val_mean_dice=0.0316
2026-07-16 07:57:49,017 [INFO] trainer: epoch 51 step 50/54 loss=2.8070 lr=1.97e-04
2026-07-16 07:57:49,942 [INFO] trainer: epoch 51 done train_loss=2.8065 dt=13.7s
2026-07-16 07:58:02,477 [INFO] trainer: epoch 52 step 50/54 loss=2.8478 lr=1.96e-04
2026-07-16 07:58:03,405 [INFO] trainer: epoch 52 done train_loss=2.8469 dt=13.5s
2026-07-16 07:58:15,901 [INFO] trainer: epoch 53 step 50/54 loss=2.7824 lr=1.96e-04
2026-07-16 07:58:16,829 [INFO] trainer: epoch 53 done train_loss=2.7893 dt=13.4s
2026-07-16 07:58:29,546 [INFO] trainer: epoch 54 step 50/54 loss=2.7468 lr=1.96e-04
2026-07-16 07:58:30,474 [INFO] trainer: epoch 54 done train_loss=2.7599 dt=13.6s
2026-07-16 07:58:43,028 [INFO] trainer: epoch 55 step 50/54 loss=2.7774 lr=1.96e-04
2026-07-16 07:58:43,960 [INFO] trainer: epoch 55 done train_loss=2.7724 dt=13.5s
2026-07-16 07:58:56,467 [INFO] trainer: epoch 56 step 50/54 loss=2.7352 lr=1.96e-04
2026-07-16 07:58:57,395 [INFO] trainer: epoch 56 done train_loss=2.7307 dt=13.4s
2026-07-16 07:59:10,121 [INFO] trainer: epoch 57 step 50/54 loss=2.7406 lr=1.96e-04
2026-07-16 07:59:11,055 [INFO] trainer: epoch 57 done train_loss=2.7483 dt=13.7s
2026-07-16 07:59:23,559 [INFO] trainer: epoch 58 step 50/54 loss=2.7445 lr=1.95e-04
2026-07-16 07:59:24,488 [INFO] trainer: epoch 58 done train_loss=2.7314 dt=13.4s
2026-07-16 07:59:36,960 [INFO] trainer: epoch 59 step 50/54 loss=2.6843 lr=1.95e-04
2026-07-16 07:59:37,891 [INFO] trainer: epoch 59 done train_loss=2.6890 dt=13.4s
2026-07-16 07:59:50,582 [INFO] trainer: epoch 60 step 50/54 loss=2.7022 lr=1.95e-04
2026-07-16 07:59:51,518 [INFO] trainer: epoch 60 done train_loss=2.7027 dt=13.6s
2026-07-16 08:00:06,064 [INFO] trainer: epoch 61 step 50/54 loss=2.6431 lr=1.95e-04
2026-07-16 08:00:06,990 [INFO] trainer: epoch 61 done train_loss=2.6534 dt=13.5s
2026-07-16 08:00:19,598 [INFO] trainer: epoch 62 step 50/54 loss=2.6516 lr=1.95e-04
2026-07-16 08:00:20,527 [INFO] trainer: epoch 62 done train_loss=2.6504 dt=13.5s
2026-07-16 08:00:33,092 [INFO] trainer: epoch 63 step 50/54 loss=2.6730 lr=1.94e-04
2026-07-16 08:00:34,022 [INFO] trainer: epoch 63 done train_loss=2.6752 dt=13.5s
2026-07-16 08:00:46,689 [INFO] trainer: epoch 64 step 50/54 loss=2.6230 lr=1.94e-04
2026-07-16 08:00:47,615 [INFO] trainer: epoch 64 done train_loss=2.6258 dt=13.6s
2026-07-16 08:01:00,340 [INFO] trainer: epoch 65 step 50/54 loss=2.6548 lr=1.94e-04
2026-07-16 08:01:01,270 [INFO] trainer: epoch 65 done train_loss=2.6706 dt=13.7s
2026-07-16 08:01:13,864 [INFO] trainer: epoch 66 step 50/54 loss=2.5802 lr=1.94e-04
2026-07-16 08:01:14,793 [INFO] trainer: epoch 66 done train_loss=2.5848 dt=13.5s
2026-07-16 08:01:27,470 [INFO] trainer: epoch 67 step 50/54 loss=2.5838 lr=1.93e-04
2026-07-16 08:01:28,395 [INFO] trainer: epoch 67 done train_loss=2.6013 dt=13.6s
2026-07-16 08:01:41,009 [INFO] trainer: epoch 68 step 50/54 loss=2.6026 lr=1.93e-04
2026-07-16 08:01:41,936 [INFO] trainer: epoch 68 done train_loss=2.5991 dt=13.5s
2026-07-16 08:01:54,476 [INFO] trainer: epoch 69 step 50/54 loss=2.6014 lr=1.93e-04
2026-07-16 08:01:55,403 [INFO] trainer: epoch 69 done train_loss=2.5964 dt=13.5s
2026-07-16 08:02:07,977 [INFO] trainer: epoch 70 step 50/54 loss=2.5798 lr=1.93e-04
2026-07-16 08:02:08,914 [INFO] trainer: epoch 70 done train_loss=2.5812 dt=13.5s
2026-07-16 08:02:23,867 [INFO] trainer: epoch 71 step 50/54 loss=2.5764 lr=1.93e-04
2026-07-16 08:02:24,798 [INFO] trainer: epoch 71 done train_loss=2.5763 dt=13.8s
2026-07-16 08:02:37,588 [INFO] trainer: epoch 72 step 50/54 loss=2.5574 lr=1.92e-04
2026-07-16 08:02:38,518 [INFO] trainer: epoch 72 done train_loss=2.5654 dt=13.7s
2026-07-16 08:02:51,016 [INFO] trainer: epoch 73 step 50/54 loss=2.5385 lr=1.92e-04
2026-07-16 08:02:51,954 [INFO] trainer: epoch 73 done train_loss=2.5401 dt=13.4s
2026-07-16 08:03:04,459 [INFO] trainer: epoch 74 step 50/54 loss=2.5051 lr=1.92e-04
2026-07-16 08:03:05,390 [INFO] trainer: epoch 74 done train_loss=2.4985 dt=13.4s
2026-07-16 08:03:18,044 [INFO] trainer: epoch 75 step 50/54 loss=2.5127 lr=1.92e-04
2026-07-16 08:03:18,973 [INFO] trainer: epoch 75 done train_loss=2.5073 dt=13.6s
2026-07-16 08:04:08,004 [INFO] trainer: epoch 75 val_mean_dice=0.1110
2026-07-16 08:04:22,777 [INFO] trainer: epoch 76 step 50/54 loss=2.5056 lr=1.91e-04
2026-07-16 08:04:23,707 [INFO] trainer: epoch 76 done train_loss=2.4976 dt=13.7s
2026-07-16 08:04:36,276 [INFO] trainer: epoch 77 step 50/54 loss=2.4626 lr=1.91e-04
2026-07-16 08:04:37,203 [INFO] trainer: epoch 77 done train_loss=2.4768 dt=13.5s
2026-07-16 08:04:49,763 [INFO] trainer: epoch 78 step 50/54 loss=2.4498 lr=1.91e-04
2026-07-16 08:04:50,691 [INFO] trainer: epoch 78 done train_loss=2.4579 dt=13.5s
2026-07-16 08:05:03,389 [INFO] trainer: epoch 79 step 50/54 loss=2.4598 lr=1.90e-04
2026-07-16 08:05:04,318 [INFO] trainer: epoch 79 done train_loss=2.4579 dt=13.6s
2026-07-16 08:05:16,826 [INFO] trainer: epoch 80 step 50/54 loss=2.4031 lr=1.90e-04
2026-07-16 08:05:17,754 [INFO] trainer: epoch 80 done train_loss=2.4107 dt=13.4s
2026-07-16 08:05:32,496 [INFO] trainer: epoch 81 step 50/54 loss=2.3993 lr=1.90e-04
2026-07-16 08:05:33,426 [INFO] trainer: epoch 81 done train_loss=2.4098 dt=13.6s
2026-07-16 08:05:45,959 [INFO] trainer: epoch 82 step 50/54 loss=2.4667 lr=1.90e-04
2026-07-16 08:05:46,893 [INFO] trainer: epoch 82 done train_loss=2.4565 dt=13.5s
2026-07-16 08:05:59,487 [INFO] trainer: epoch 83 step 50/54 loss=2.4471 lr=1.89e-04
2026-07-16 08:06:00,419 [INFO] trainer: epoch 83 done train_loss=2.4431 dt=13.5s
2026-07-16 08:06:13,255 [INFO] trainer: epoch 84 step 50/54 loss=2.4390 lr=1.89e-04
2026-07-16 08:06:14,183 [INFO] trainer: epoch 84 done train_loss=2.4345 dt=13.8s
2026-07-16 08:06:26,731 [INFO] trainer: epoch 85 step 50/54 loss=2.4129 lr=1.89e-04
2026-07-16 08:06:27,661 [INFO] trainer: epoch 85 done train_loss=2.4203 dt=13.5s
2026-07-16 08:06:40,137 [INFO] trainer: epoch 86 step 50/54 loss=2.4167 lr=1.88e-04
2026-07-16 08:06:41,071 [INFO] trainer: epoch 86 done train_loss=2.4081 dt=13.4s
2026-07-16 08:06:53,739 [INFO] trainer: epoch 87 step 50/54 loss=2.3784 lr=1.88e-04
2026-07-16 08:06:54,670 [INFO] trainer: epoch 87 done train_loss=2.3753 dt=13.6s
2026-07-16 08:07:07,289 [INFO] trainer: epoch 88 step 50/54 loss=2.3746 lr=1.88e-04
2026-07-16 08:07:08,231 [INFO] trainer: epoch 88 done train_loss=2.3769 dt=13.6s
2026-07-16 08:07:20,852 [INFO] trainer: epoch 89 step 50/54 loss=2.4090 lr=1.88e-04
2026-07-16 08:07:21,779 [INFO] trainer: epoch 89 done train_loss=2.3941 dt=13.5s
2026-07-16 08:07:34,340 [INFO] trainer: epoch 90 step 50/54 loss=2.3624 lr=1.87e-04
2026-07-16 08:07:35,269 [INFO] trainer: epoch 90 done train_loss=2.3564 dt=13.5s
2026-07-16 08:07:49,910 [INFO] trainer: epoch 91 step 50/54 loss=2.3194 lr=1.87e-04
2026-07-16 08:07:50,842 [INFO] trainer: epoch 91 done train_loss=2.3251 dt=13.5s
2026-07-16 08:08:03,492 [INFO] trainer: epoch 92 step 50/54 loss=2.3412 lr=1.87e-04
2026-07-16 08:08:04,419 [INFO] trainer: epoch 92 done train_loss=2.3468 dt=13.6s
2026-07-16 08:08:17,194 [INFO] trainer: epoch 93 step 50/54 loss=2.3418 lr=1.86e-04
2026-07-16 08:08:18,124 [INFO] trainer: epoch 93 done train_loss=2.3363 dt=13.7s
2026-07-16 08:08:30,870 [INFO] trainer: epoch 94 step 50/54 loss=2.3413 lr=1.86e-04
2026-07-16 08:08:31,801 [INFO] trainer: epoch 94 done train_loss=2.3395 dt=13.7s
2026-07-16 08:08:44,542 [INFO] trainer: epoch 95 step 50/54 loss=2.3205 lr=1.86e-04
2026-07-16 08:08:45,485 [INFO] trainer: epoch 95 done train_loss=2.3174 dt=13.7s
2026-07-16 08:08:58,155 [INFO] trainer: epoch 96 step 50/54 loss=2.3239 lr=1.85e-04
2026-07-16 08:08:59,086 [INFO] trainer: epoch 96 done train_loss=2.3085 dt=13.6s
2026-07-16 08:09:11,809 [INFO] trainer: epoch 97 step 50/54 loss=2.3393 lr=1.85e-04
2026-07-16 08:09:12,739 [INFO] trainer: epoch 97 done train_loss=2.3364 dt=13.7s
2026-07-16 08:09:25,330 [INFO] trainer: epoch 98 step 50/54 loss=2.3171 lr=1.85e-04
2026-07-16 08:09:26,265 [INFO] trainer: epoch 98 done train_loss=2.3197 dt=13.5s
2026-07-16 08:09:38,642 [INFO] trainer: epoch 99 step 50/54 loss=2.2792 lr=1.84e-04
2026-07-16 08:09:39,573 [INFO] trainer: epoch 99 done train_loss=2.2783 dt=13.3s
2026-07-16 08:09:52,132 [INFO] trainer: epoch 100 step 50/54 loss=2.2866 lr=1.84e-04
2026-07-16 08:09:53,062 [INFO] trainer: epoch 100 done train_loss=2.2905 dt=13.5s
2026-07-16 08:10:42,100 [INFO] trainer: epoch 100 val_mean_dice=0.2353
2026-07-16 08:10:58,601 [INFO] trainer: epoch 101 step 50/54 loss=2.2631 lr=1.84e-04
2026-07-16 08:10:59,534 [INFO] trainer: epoch 101 done train_loss=2.2580 dt=13.6s
2026-07-16 08:11:12,140 [INFO] trainer: epoch 102 step 50/54 loss=2.2569 lr=1.83e-04
2026-07-16 08:11:13,070 [INFO] trainer: epoch 102 done train_loss=2.2481 dt=13.5s
2026-07-16 08:11:25,769 [INFO] trainer: epoch 103 step 50/54 loss=2.2601 lr=1.83e-04
2026-07-16 08:11:26,698 [INFO] trainer: epoch 103 done train_loss=2.2675 dt=13.6s
2026-07-16 08:11:39,369 [INFO] trainer: epoch 104 step 50/54 loss=2.2633 lr=1.82e-04
2026-07-16 08:11:40,298 [INFO] trainer: epoch 104 done train_loss=2.2599 dt=13.6s
2026-07-16 08:11:52,972 [INFO] trainer: epoch 105 step 50/54 loss=2.2242 lr=1.82e-04
2026-07-16 08:11:53,905 [INFO] trainer: epoch 105 done train_loss=2.2236 dt=13.6s
2026-07-16 08:12:06,479 [INFO] trainer: epoch 106 step 50/54 loss=2.2538 lr=1.82e-04
2026-07-16 08:12:07,410 [INFO] trainer: epoch 106 done train_loss=2.2565 dt=13.5s
2026-07-16 08:12:20,064 [INFO] trainer: epoch 107 step 50/54 loss=2.2377 lr=1.81e-04
2026-07-16 08:12:21,001 [INFO] trainer: epoch 107 done train_loss=2.2527 dt=13.6s
2026-07-16 08:12:33,526 [INFO] trainer: epoch 108 step 50/54 loss=2.2534 lr=1.81e-04
2026-07-16 08:12:34,456 [INFO] trainer: epoch 108 done train_loss=2.2533 dt=13.5s
2026-07-16 08:12:47,266 [INFO] trainer: epoch 109 step 50/54 loss=2.2321 lr=1.81e-04
2026-07-16 08:12:48,202 [INFO] trainer: epoch 109 done train_loss=2.2393 dt=13.7s
2026-07-16 08:13:00,786 [INFO] trainer: epoch 110 step 50/54 loss=2.2203 lr=1.80e-04
2026-07-16 08:13:01,724 [INFO] trainer: epoch 110 done train_loss=2.2125 dt=13.5s
2026-07-16 08:13:16,412 [INFO] trainer: epoch 111 step 50/54 loss=2.2055 lr=1.80e-04
2026-07-16 08:13:17,347 [INFO] trainer: epoch 111 done train_loss=2.2023 dt=13.5s
2026-07-16 08:13:30,009 [INFO] trainer: epoch 112 step 50/54 loss=2.2084 lr=1.79e-04
2026-07-16 08:13:30,943 [INFO] trainer: epoch 112 done train_loss=2.1994 dt=13.6s
2026-07-16 08:13:43,789 [INFO] trainer: epoch 113 step 50/54 loss=2.2075 lr=1.79e-04
2026-07-16 08:13:44,721 [INFO] trainer: epoch 113 done train_loss=2.2068 dt=13.8s
2026-07-16 08:13:57,528 [INFO] trainer: epoch 114 step 50/54 loss=2.2182 lr=1.79e-04
2026-07-16 08:13:58,461 [INFO] trainer: epoch 114 done train_loss=2.2108 dt=13.7s
2026-07-16 08:14:11,070 [INFO] trainer: epoch 115 step 50/54 loss=2.1909 lr=1.78e-04
2026-07-16 08:14:12,003 [INFO] trainer: epoch 115 done train_loss=2.1980 dt=13.5s
2026-07-16 08:14:24,606 [INFO] trainer: epoch 116 step 50/54 loss=2.1501 lr=1.78e-04
2026-07-16 08:14:25,543 [INFO] trainer: epoch 116 done train_loss=2.1568 dt=13.5s
2026-07-16 08:14:38,449 [INFO] trainer: epoch 117 step 50/54 loss=2.1656 lr=1.78e-04
2026-07-16 08:14:39,383 [INFO] trainer: epoch 117 done train_loss=2.1697 dt=13.8s
2026-07-16 08:14:52,123 [INFO] trainer: epoch 118 step 50/54 loss=2.1586 lr=1.77e-04
2026-07-16 08:14:53,059 [INFO] trainer: epoch 118 done train_loss=2.1550 dt=13.7s
2026-07-16 08:15:05,535 [INFO] trainer: epoch 119 step 50/54 loss=2.1569 lr=1.77e-04
2026-07-16 08:15:06,471 [INFO] trainer: epoch 119 done train_loss=2.1701 dt=13.4s
2026-07-16 08:15:19,162 [INFO] trainer: epoch 120 step 50/54 loss=2.1618 lr=1.76e-04
2026-07-16 08:15:20,098 [INFO] trainer: epoch 120 done train_loss=2.1578 dt=13.6s
2026-07-16 08:15:34,636 [INFO] trainer: epoch 121 step 50/54 loss=2.1537 lr=1.76e-04
2026-07-16 08:15:35,570 [INFO] trainer: epoch 121 done train_loss=2.1629 dt=13.5s
2026-07-16 08:15:48,271 [INFO] trainer: epoch 122 step 50/54 loss=2.1604 lr=1.75e-04
2026-07-16 08:15:49,203 [INFO] trainer: epoch 122 done train_loss=2.1681 dt=13.6s
2026-07-16 08:16:01,665 [INFO] trainer: epoch 123 step 50/54 loss=2.1600 lr=1.75e-04
2026-07-16 08:16:02,602 [INFO] trainer: epoch 123 done train_loss=2.1529 dt=13.4s
2026-07-16 08:16:15,032 [INFO] trainer: epoch 124 step 50/54 loss=2.1267 lr=1.75e-04
2026-07-16 08:16:15,969 [INFO] trainer: epoch 124 done train_loss=2.1292 dt=13.4s
2026-07-16 08:16:28,632 [INFO] trainer: epoch 125 step 50/54 loss=2.1383 lr=1.74e-04
2026-07-16 08:16:29,568 [INFO] trainer: epoch 125 done train_loss=2.1451 dt=13.6s
2026-07-16 08:17:18,592 [INFO] trainer: epoch 125 val_mean_dice=0.2960
2026-07-16 08:17:33,011 [INFO] trainer: epoch 126 step 50/54 loss=2.1252 lr=1.74e-04
2026-07-16 08:17:33,951 [INFO] trainer: epoch 126 done train_loss=2.1277 dt=13.5s
2026-07-16 08:17:46,579 [INFO] trainer: epoch 127 step 50/54 loss=2.1525 lr=1.73e-04
2026-07-16 08:17:47,521 [INFO] trainer: epoch 127 done train_loss=2.1492 dt=13.6s
2026-07-16 08:18:00,246 [INFO] trainer: epoch 128 step 50/54 loss=2.1933 lr=1.73e-04
2026-07-16 08:18:01,176 [INFO] trainer: epoch 128 done train_loss=2.1811 dt=13.7s
2026-07-16 08:18:14,025 [INFO] trainer: epoch 129 step 50/54 loss=2.1099 lr=1.72e-04
2026-07-16 08:18:14,955 [INFO] trainer: epoch 129 done train_loss=2.1219 dt=13.8s
2026-07-16 08:18:27,810 [INFO] trainer: epoch 130 step 50/54 loss=2.1205 lr=1.72e-04
2026-07-16 08:18:28,741 [INFO] trainer: epoch 130 done train_loss=2.1117 dt=13.8s
2026-07-16 08:18:43,458 [INFO] trainer: epoch 131 step 50/54 loss=2.0996 lr=1.72e-04
2026-07-16 08:18:44,390 [INFO] trainer: epoch 131 done train_loss=2.1090 dt=13.7s
2026-07-16 08:18:57,328 [INFO] trainer: epoch 132 step 50/54 loss=2.1091 lr=1.71e-04
2026-07-16 08:18:58,256 [INFO] trainer: epoch 132 done train_loss=2.1021 dt=13.9s
2026-07-16 08:19:11,143 [INFO] trainer: epoch 133 step 50/54 loss=2.0944 lr=1.71e-04
2026-07-16 08:19:12,076 [INFO] trainer: epoch 133 done train_loss=2.0945 dt=13.8s
2026-07-16 08:19:24,652 [INFO] trainer: epoch 134 step 50/54 loss=2.1187 lr=1.70e-04
2026-07-16 08:19:25,585 [INFO] trainer: epoch 134 done train_loss=2.1087 dt=13.5s
2026-07-16 08:19:38,181 [INFO] trainer: epoch 135 step 50/54 loss=2.1393 lr=1.70e-04
2026-07-16 08:19:39,112 [INFO] trainer: epoch 135 done train_loss=2.1272 dt=13.5s
2026-07-16 08:19:51,748 [INFO] trainer: epoch 136 step 50/54 loss=2.1000 lr=1.69e-04
2026-07-16 08:19:52,678 [INFO] trainer: epoch 136 done train_loss=2.1005 dt=13.6s
2026-07-16 08:20:05,468 [INFO] trainer: epoch 137 step 50/54 loss=2.1256 lr=1.69e-04
2026-07-16 08:20:06,406 [INFO] trainer: epoch 137 done train_loss=2.1141 dt=13.7s
2026-07-16 08:20:19,100 [INFO] trainer: epoch 138 step 50/54 loss=2.0879 lr=1.68e-04
2026-07-16 08:20:20,028 [INFO] trainer: epoch 138 done train_loss=2.0787 dt=13.6s
2026-07-16 08:20:32,661 [INFO] trainer: epoch 139 step 50/54 loss=2.0556 lr=1.68e-04
2026-07-16 08:20:33,590 [INFO] trainer: epoch 139 done train_loss=2.0619 dt=13.6s
2026-07-16 08:20:46,464 [INFO] trainer: epoch 140 step 50/54 loss=2.0664 lr=1.67e-04
2026-07-16 08:20:47,393 [INFO] trainer: epoch 140 done train_loss=2.0655 dt=13.8s
2026-07-16 08:21:01,893 [INFO] trainer: epoch 141 step 50/54 loss=2.0900 lr=1.67e-04
2026-07-16 08:21:02,822 [INFO] trainer: epoch 141 done train_loss=2.0756 dt=13.4s
2026-07-16 08:21:15,566 [INFO] trainer: epoch 142 step 50/54 loss=2.0727 lr=1.66e-04
2026-07-16 08:21:16,495 [INFO] trainer: epoch 142 done train_loss=2.0802 dt=13.7s
2026-07-16 08:21:29,156 [INFO] trainer: epoch 143 step 50/54 loss=2.0731 lr=1.66e-04
2026-07-16 08:21:30,085 [INFO] trainer: epoch 143 done train_loss=2.0638 dt=13.6s
2026-07-16 08:21:42,773 [INFO] trainer: epoch 144 step 50/54 loss=2.0575 lr=1.66e-04
2026-07-16 08:21:43,703 [INFO] trainer: epoch 144 done train_loss=2.0488 dt=13.6s
2026-07-16 08:21:56,461 [INFO] trainer: epoch 145 step 50/54 loss=2.0768 lr=1.65e-04
2026-07-16 08:21:57,388 [INFO] trainer: epoch 145 done train_loss=2.0814 dt=13.7s
2026-07-16 08:22:10,268 [INFO] trainer: epoch 146 step 50/54 loss=2.0462 lr=1.65e-04
2026-07-16 08:22:11,199 [INFO] trainer: epoch 146 done train_loss=2.0416 dt=13.8s
2026-07-16 08:22:23,882 [INFO] trainer: epoch 147 step 50/54 loss=2.0657 lr=1.64e-04
2026-07-16 08:22:24,809 [INFO] trainer: epoch 147 done train_loss=2.0743 dt=13.6s
2026-07-16 08:22:37,365 [INFO] trainer: epoch 148 step 50/54 loss=2.0598 lr=1.64e-04
2026-07-16 08:22:38,306 [INFO] trainer: epoch 148 done train_loss=2.0530 dt=13.5s
2026-07-16 08:22:50,718 [INFO] trainer: epoch 149 step 50/54 loss=2.0605 lr=1.63e-04
2026-07-16 08:22:51,647 [INFO] trainer: epoch 149 done train_loss=2.0601 dt=13.3s
2026-07-16 08:23:04,213 [INFO] trainer: epoch 150 step 50/54 loss=2.0204 lr=1.63e-04
2026-07-16 08:23:05,143 [INFO] trainer: epoch 150 done train_loss=2.0274 dt=13.5s
2026-07-16 08:23:54,278 [INFO] trainer: epoch 150 val_mean_dice=0.3733
2026-07-16 08:24:10,755 [INFO] trainer: epoch 151 step 50/54 loss=2.0229 lr=1.62e-04
2026-07-16 08:24:11,687 [INFO] trainer: epoch 151 done train_loss=2.0198 dt=13.6s
2026-07-16 08:24:24,308 [INFO] trainer: epoch 152 step 50/54 loss=2.0224 lr=1.62e-04
2026-07-16 08:24:25,239 [INFO] trainer: epoch 152 done train_loss=2.0209 dt=13.6s
2026-07-16 08:24:38,029 [INFO] trainer: epoch 153 step 50/54 loss=2.0303 lr=1.61e-04
2026-07-16 08:24:38,961 [INFO] trainer: epoch 153 done train_loss=2.0184 dt=13.7s
2026-07-16 08:24:51,692 [INFO] trainer: epoch 154 step 50/54 loss=2.0056 lr=1.61e-04
2026-07-16 08:24:52,623 [INFO] trainer: epoch 154 done train_loss=2.0088 dt=13.7s
2026-07-16 08:25:05,389 [INFO] trainer: epoch 155 step 50/54 loss=2.0500 lr=1.60e-04
2026-07-16 08:25:06,322 [INFO] trainer: epoch 155 done train_loss=2.0479 dt=13.7s
2026-07-16 08:25:18,881 [INFO] trainer: epoch 156 step 50/54 loss=2.0337 lr=1.60e-04
2026-07-16 08:25:19,814 [INFO] trainer: epoch 156 done train_loss=2.0216 dt=13.5s
2026-07-16 08:25:32,455 [INFO] trainer: epoch 157 step 50/54 loss=2.0384 lr=1.59e-04
2026-07-16 08:25:33,386 [INFO] trainer: epoch 157 done train_loss=2.0374 dt=13.6s
2026-07-16 08:25:45,905 [INFO] trainer: epoch 158 step 50/54 loss=2.0371 lr=1.59e-04
2026-07-16 08:25:46,840 [INFO] trainer: epoch 158 done train_loss=2.0225 dt=13.5s
2026-07-16 08:25:59,441 [INFO] trainer: epoch 159 step 50/54 loss=2.0240 lr=1.58e-04
2026-07-16 08:26:00,371 [INFO] trainer: epoch 159 done train_loss=2.0289 dt=13.5s
2026-07-16 08:26:12,939 [INFO] trainer: epoch 160 step 50/54 loss=2.0315 lr=1.57e-04
2026-07-16 08:26:13,871 [INFO] trainer: epoch 160 done train_loss=2.0402 dt=13.5s
2026-07-16 08:26:28,314 [INFO] trainer: epoch 161 step 50/54 loss=2.0144 lr=1.57e-04
2026-07-16 08:26:29,247 [INFO] trainer: epoch 161 done train_loss=2.0136 dt=13.4s
2026-07-16 08:26:41,718 [INFO] trainer: epoch 162 step 50/54 loss=1.9837 lr=1.56e-04
2026-07-16 08:26:42,651 [INFO] trainer: epoch 162 done train_loss=1.9784 dt=13.4s
2026-07-16 08:26:55,196 [INFO] trainer: epoch 163 step 50/54 loss=1.9747 lr=1.56e-04
2026-07-16 08:26:56,131 [INFO] trainer: epoch 163 done train_loss=1.9765 dt=13.5s
2026-07-16 08:27:08,909 [INFO] trainer: epoch 164 step 50/54 loss=1.9824 lr=1.55e-04
2026-07-16 08:27:09,842 [INFO] trainer: epoch 164 done train_loss=1.9919 dt=13.7s
2026-07-16 08:27:22,478 [INFO] trainer: epoch 165 step 50/54 loss=1.9652 lr=1.55e-04
2026-07-16 08:27:23,411 [INFO] trainer: epoch 165 done train_loss=1.9689 dt=13.6s
2026-07-16 08:27:36,016 [INFO] trainer: epoch 166 step 50/54 loss=1.9668 lr=1.54e-04
2026-07-16 08:27:36,951 [INFO] trainer: epoch 166 done train_loss=1.9731 dt=13.5s
2026-07-16 08:27:49,574 [INFO] trainer: epoch 167 step 50/54 loss=2.0218 lr=1.54e-04
2026-07-16 08:27:50,510 [INFO] trainer: epoch 167 done train_loss=2.0086 dt=13.6s
2026-07-16 08:28:03,152 [INFO] trainer: epoch 168 step 50/54 loss=1.9736 lr=1.53e-04
2026-07-16 08:28:04,088 [INFO] trainer: epoch 168 done train_loss=1.9739 dt=13.6s
2026-07-16 08:28:16,662 [INFO] trainer: epoch 169 step 50/54 loss=2.0044 lr=1.53e-04
2026-07-16 08:28:17,597 [INFO] trainer: epoch 169 done train_loss=1.9965 dt=13.5s
2026-07-16 08:28:30,152 [INFO] trainer: epoch 170 step 50/54 loss=1.9498 lr=1.52e-04
2026-07-16 08:28:31,086 [INFO] trainer: epoch 170 done train_loss=1.9504 dt=13.5s
2026-07-16 08:28:45,781 [INFO] trainer: epoch 171 step 50/54 loss=2.0089 lr=1.52e-04
2026-07-16 08:28:46,714 [INFO] trainer: epoch 171 done train_loss=2.0128 dt=13.6s
2026-07-16 08:28:59,266 [INFO] trainer: epoch 172 step 50/54 loss=1.9636 lr=1.51e-04
2026-07-16 08:29:00,200 [INFO] trainer: epoch 172 done train_loss=1.9533 dt=13.5s
2026-07-16 08:29:12,817 [INFO] trainer: epoch 173 step 50/54 loss=1.9258 lr=1.50e-04
2026-07-16 08:29:13,755 [INFO] trainer: epoch 173 done train_loss=1.9306 dt=13.6s
2026-07-16 08:29:26,302 [INFO] trainer: epoch 174 step 50/54 loss=1.9399 lr=1.50e-04
2026-07-16 08:29:27,236 [INFO] trainer: epoch 174 done train_loss=1.9401 dt=13.5s
2026-07-16 08:29:39,913 [INFO] trainer: epoch 175 step 50/54 loss=1.9454 lr=1.49e-04
2026-07-16 08:29:40,846 [INFO] trainer: epoch 175 done train_loss=1.9512 dt=13.6s
2026-07-16 08:30:29,946 [INFO] trainer: epoch 175 val_mean_dice=0.4219
2026-07-16 08:30:44,626 [INFO] trainer: epoch 176 step 50/54 loss=1.9472 lr=1.49e-04
2026-07-16 08:30:45,554 [INFO] trainer: epoch 176 done train_loss=1.9487 dt=13.7s
2026-07-16 08:30:58,189 [INFO] trainer: epoch 177 step 50/54 loss=1.9987 lr=1.48e-04
2026-07-16 08:30:59,120 [INFO] trainer: epoch 177 done train_loss=1.9832 dt=13.6s
2026-07-16 08:31:11,762 [INFO] trainer: epoch 178 step 50/54 loss=1.9439 lr=1.48e-04
2026-07-16 08:31:12,701 [INFO] trainer: epoch 178 done train_loss=1.9521 dt=13.6s
2026-07-16 08:31:25,187 [INFO] trainer: epoch 179 step 50/54 loss=1.9151 lr=1.47e-04
2026-07-16 08:31:26,117 [INFO] trainer: epoch 179 done train_loss=1.9277 dt=13.4s
2026-07-16 08:31:38,786 [INFO] trainer: epoch 180 step 50/54 loss=1.9538 lr=1.47e-04
2026-07-16 08:31:39,715 [INFO] trainer: epoch 180 done train_loss=1.9582 dt=13.6s
2026-07-16 08:31:54,231 [INFO] trainer: epoch 181 step 50/54 loss=1.9025 lr=1.46e-04
2026-07-16 08:31:55,158 [INFO] trainer: epoch 181 done train_loss=1.9222 dt=13.6s
2026-07-16 08:32:07,668 [INFO] trainer: epoch 182 step 50/54 loss=1.9345 lr=1.45e-04
2026-07-16 08:32:08,599 [INFO] trainer: epoch 182 done train_loss=1.9391 dt=13.4s
2026-07-16 08:32:21,228 [INFO] trainer: epoch 183 step 50/54 loss=1.9257 lr=1.45e-04
2026-07-16 08:32:22,160 [INFO] trainer: epoch 183 done train_loss=1.9252 dt=13.6s
2026-07-16 08:32:34,639 [INFO] trainer: epoch 184 step 50/54 loss=1.9732 lr=1.44e-04
2026-07-16 08:32:35,574 [INFO] trainer: epoch 184 done train_loss=1.9716 dt=13.4s
2026-07-16 08:32:48,128 [INFO] trainer: epoch 185 step 50/54 loss=1.9321 lr=1.44e-04
2026-07-16 08:32:49,057 [INFO] trainer: epoch 185 done train_loss=1.9380 dt=13.5s
2026-07-16 08:33:01,722 [INFO] trainer: epoch 186 step 50/54 loss=1.9243 lr=1.43e-04
2026-07-16 08:33:02,649 [INFO] trainer: epoch 186 done train_loss=1.9251 dt=13.6s
2026-07-16 08:33:15,001 [INFO] trainer: epoch 187 step 50/54 loss=1.9535 lr=1.43e-04
2026-07-16 08:33:15,930 [INFO] trainer: epoch 187 done train_loss=1.9524 dt=13.3s
2026-07-16 08:33:28,576 [INFO] trainer: epoch 188 step 50/54 loss=1.9371 lr=1.42e-04
2026-07-16 08:33:29,507 [INFO] trainer: epoch 188 done train_loss=1.9324 dt=13.6s
2026-07-16 08:33:42,060 [INFO] trainer: epoch 189 step 50/54 loss=1.9586 lr=1.41e-04
2026-07-16 08:33:42,994 [INFO] trainer: epoch 189 done train_loss=1.9463 dt=13.5s
2026-07-16 08:33:55,491 [INFO] trainer: epoch 190 step 50/54 loss=1.9423 lr=1.41e-04
2026-07-16 08:33:56,420 [INFO] trainer: epoch 190 done train_loss=1.9384 dt=13.4s
2026-07-16 08:34:12,048 [INFO] trainer: epoch 191 step 50/54 loss=1.9199 lr=1.40e-04
2026-07-16 08:34:12,976 [INFO] trainer: epoch 191 done train_loss=1.9185 dt=13.5s
2026-07-16 08:34:25,692 [INFO] trainer: epoch 192 step 50/54 loss=1.9672 lr=1.40e-04
2026-07-16 08:34:26,623 [INFO] trainer: epoch 192 done train_loss=1.9647 dt=13.6s
2026-07-16 08:34:39,410 [INFO] trainer: epoch 193 step 50/54 loss=1.9219 lr=1.39e-04
2026-07-16 08:34:40,350 [INFO] trainer: epoch 193 done train_loss=1.9229 dt=13.7s
2026-07-16 08:34:53,035 [INFO] trainer: epoch 194 step 50/54 loss=1.8815 lr=1.38e-04
2026-07-16 08:34:53,971 [INFO] trainer: epoch 194 done train_loss=1.9035 dt=13.6s
2026-07-16 08:35:06,672 [INFO] trainer: epoch 195 step 50/54 loss=1.9238 lr=1.38e-04
2026-07-16 08:35:07,606 [INFO] trainer: epoch 195 done train_loss=1.9184 dt=13.6s
2026-07-16 08:35:20,440 [INFO] trainer: epoch 196 step 50/54 loss=1.9007 lr=1.37e-04
2026-07-16 08:35:21,370 [INFO] trainer: epoch 196 done train_loss=1.9121 dt=13.8s
2026-07-16 08:35:33,900 [INFO] trainer: epoch 197 step 50/54 loss=1.9010 lr=1.37e-04
2026-07-16 08:35:34,830 [INFO] trainer: epoch 197 done train_loss=1.9047 dt=13.5s
2026-07-16 08:35:47,417 [INFO] trainer: epoch 198 step 50/54 loss=1.8787 lr=1.36e-04
2026-07-16 08:35:48,342 [INFO] trainer: epoch 198 done train_loss=1.8803 dt=13.5s
2026-07-16 08:36:00,898 [INFO] trainer: epoch 199 step 50/54 loss=1.8806 lr=1.36e-04
2026-07-16 08:36:01,825 [INFO] trainer: epoch 199 done train_loss=1.8883 dt=13.5s
2026-07-16 08:36:14,623 [INFO] trainer: epoch 200 step 50/54 loss=1.8941 lr=1.35e-04
2026-07-16 08:36:15,557 [INFO] trainer: epoch 200 done train_loss=1.8877 dt=13.7s
2026-07-16 08:37:04,677 [INFO] trainer: epoch 200 val_mean_dice=0.4541
2026-07-16 08:37:21,060 [INFO] trainer: epoch 201 step 50/54 loss=1.8797 lr=1.34e-04
2026-07-16 08:37:21,992 [INFO] trainer: epoch 201 done train_loss=1.8846 dt=13.5s
2026-07-16 08:37:34,795 [INFO] trainer: epoch 202 step 50/54 loss=1.9155 lr=1.34e-04
2026-07-16 08:37:35,723 [INFO] trainer: epoch 202 done train_loss=1.9122 dt=13.7s
2026-07-16 08:37:48,185 [INFO] trainer: epoch 203 step 50/54 loss=1.8995 lr=1.33e-04
2026-07-16 08:37:49,118 [INFO] trainer: epoch 203 done train_loss=1.9005 dt=13.4s
2026-07-16 08:38:01,817 [INFO] trainer: epoch 204 step 50/54 loss=1.8985 lr=1.33e-04
2026-07-16 08:38:02,746 [INFO] trainer: epoch 204 done train_loss=1.9060 dt=13.6s
2026-07-16 08:38:15,390 [INFO] trainer: epoch 205 step 50/54 loss=1.8919 lr=1.32e-04
2026-07-16 08:38:16,326 [INFO] trainer: epoch 205 done train_loss=1.8949 dt=13.6s
2026-07-16 08:38:28,837 [INFO] trainer: epoch 206 step 50/54 loss=1.8679 lr=1.31e-04
2026-07-16 08:38:29,766 [INFO] trainer: epoch 206 done train_loss=1.8837 dt=13.4s
2026-07-16 08:38:42,214 [INFO] trainer: epoch 207 step 50/54 loss=1.8974 lr=1.31e-04
2026-07-16 08:38:43,142 [INFO] trainer: epoch 207 done train_loss=1.9083 dt=13.4s
2026-07-16 08:38:55,779 [INFO] trainer: epoch 208 step 50/54 loss=1.8752 lr=1.30e-04
2026-07-16 08:38:56,706 [INFO] trainer: epoch 208 done train_loss=1.8741 dt=13.6s
2026-07-16 08:39:09,344 [INFO] trainer: epoch 209 step 50/54 loss=1.8965 lr=1.29e-04
2026-07-16 08:39:10,272 [INFO] trainer: epoch 209 done train_loss=1.9001 dt=13.6s
2026-07-16 08:39:23,007 [INFO] trainer: epoch 210 step 50/54 loss=1.8663 lr=1.29e-04
2026-07-16 08:39:23,934 [INFO] trainer: epoch 210 done train_loss=1.8585 dt=13.7s
2026-07-16 08:39:38,692 [INFO] trainer: epoch 211 step 50/54 loss=1.8912 lr=1.28e-04
2026-07-16 08:39:39,623 [INFO] trainer: epoch 211 done train_loss=1.8736 dt=13.7s
2026-07-16 08:39:52,253 [INFO] trainer: epoch 212 step 50/54 loss=1.8358 lr=1.28e-04
2026-07-16 08:39:53,182 [INFO] trainer: epoch 212 done train_loss=1.8415 dt=13.6s
2026-07-16 08:40:05,667 [INFO] trainer: epoch 213 step 50/54 loss=1.8747 lr=1.27e-04
2026-07-16 08:40:06,595 [INFO] trainer: epoch 213 done train_loss=1.8873 dt=13.4s
2026-07-16 08:40:19,357 [INFO] trainer: epoch 214 step 50/54 loss=1.9219 lr=1.26e-04
2026-07-16 08:40:20,293 [INFO] trainer: epoch 214 done train_loss=1.9148 dt=13.7s
2026-07-16 08:40:32,866 [INFO] trainer: epoch 215 step 50/54 loss=1.8572 lr=1.26e-04
2026-07-16 08:40:33,798 [INFO] trainer: epoch 215 done train_loss=1.8661 dt=13.5s
2026-07-16 08:40:46,372 [INFO] trainer: epoch 216 step 50/54 loss=1.8873 lr=1.25e-04
2026-07-16 08:40:47,300 [INFO] trainer: epoch 216 done train_loss=1.8840 dt=13.5s
2026-07-16 08:40:59,911 [INFO] trainer: epoch 217 step 50/54 loss=1.9078 lr=1.25e-04
2026-07-16 08:41:00,840 [INFO] trainer: epoch 217 done train_loss=1.8964 dt=13.5s
2026-07-16 08:41:13,618 [INFO] trainer: epoch 218 step 50/54 loss=1.8693 lr=1.24e-04
2026-07-16 08:41:14,546 [INFO] trainer: epoch 218 done train_loss=1.8686 dt=13.7s
2026-07-16 08:41:27,126 [INFO] trainer: epoch 219 step 50/54 loss=1.8585 lr=1.23e-04
2026-07-16 08:41:28,053 [INFO] trainer: epoch 219 done train_loss=1.8588 dt=13.5s
2026-07-16 08:41:40,912 [INFO] trainer: epoch 220 step 50/54 loss=1.8649 lr=1.23e-04
2026-07-16 08:41:41,841 [INFO] trainer: epoch 220 done train_loss=1.8746 dt=13.8s
2026-07-16 08:41:56,476 [INFO] trainer: epoch 221 step 50/54 loss=1.8773 lr=1.22e-04
2026-07-16 08:41:57,416 [INFO] trainer: epoch 221 done train_loss=1.8729 dt=13.7s
2026-07-16 08:42:10,215 [INFO] trainer: epoch 222 step 50/54 loss=1.8877 lr=1.21e-04
2026-07-16 08:42:11,142 [INFO] trainer: epoch 222 done train_loss=1.8631 dt=13.7s
2026-07-16 08:42:23,769 [INFO] trainer: epoch 223 step 50/54 loss=1.8425 lr=1.21e-04
2026-07-16 08:42:24,697 [INFO] trainer: epoch 223 done train_loss=1.8349 dt=13.6s
2026-07-16 08:42:37,273 [INFO] trainer: epoch 224 step 50/54 loss=1.8727 lr=1.20e-04
2026-07-16 08:42:38,203 [INFO] trainer: epoch 224 done train_loss=1.8671 dt=13.5s
2026-07-16 08:42:50,751 [INFO] trainer: epoch 225 step 50/54 loss=1.8494 lr=1.20e-04
2026-07-16 08:42:51,677 [INFO] trainer: epoch 225 done train_loss=1.8506 dt=13.5s
2026-07-16 08:43:40,718 [INFO] trainer: epoch 225 val_mean_dice=0.4729
2026-07-16 08:43:55,285 [INFO] trainer: epoch 226 step 50/54 loss=1.8503 lr=1.19e-04
2026-07-16 08:43:56,222 [INFO] trainer: epoch 226 done train_loss=1.8607 dt=13.5s
2026-07-16 08:44:09,059 [INFO] trainer: epoch 227 step 50/54 loss=1.8485 lr=1.18e-04
2026-07-16 08:44:09,990 [INFO] trainer: epoch 227 done train_loss=1.8634 dt=13.8s
2026-07-16 08:44:22,670 [INFO] trainer: epoch 228 step 50/54 loss=1.8792 lr=1.18e-04
2026-07-16 08:44:23,609 [INFO] trainer: epoch 228 done train_loss=1.8701 dt=13.6s
2026-07-16 08:44:36,194 [INFO] trainer: epoch 229 step 50/54 loss=1.8124 lr=1.17e-04
2026-07-16 08:44:37,123 [INFO] trainer: epoch 229 done train_loss=1.8204 dt=13.5s
2026-07-16 08:44:49,707 [INFO] trainer: epoch 230 step 50/54 loss=1.8860 lr=1.16e-04
2026-07-16 08:44:50,634 [INFO] trainer: epoch 230 done train_loss=1.8800 dt=13.5s
2026-07-16 08:45:05,177 [INFO] trainer: epoch 231 step 50/54 loss=1.8619 lr=1.16e-04
2026-07-16 08:45:06,107 [INFO] trainer: epoch 231 done train_loss=1.8524 dt=13.6s
2026-07-16 08:45:18,659 [INFO] trainer: epoch 232 step 50/54 loss=1.8735 lr=1.15e-04
2026-07-16 08:45:19,587 [INFO] trainer: epoch 232 done train_loss=1.8628 dt=13.5s
2026-07-16 08:45:32,665 [INFO] trainer: epoch 233 step 50/54 loss=1.8568 lr=1.15e-04
2026-07-16 08:45:33,597 [INFO] trainer: epoch 233 done train_loss=1.8548 dt=14.0s
2026-07-16 08:45:46,280 [INFO] trainer: epoch 234 step 50/54 loss=1.8393 lr=1.14e-04
2026-07-16 08:45:47,209 [INFO] trainer: epoch 234 done train_loss=1.8457 dt=13.6s
2026-07-16 08:45:59,711 [INFO] trainer: epoch 235 step 50/54 loss=1.8240 lr=1.13e-04
2026-07-16 08:46:00,638 [INFO] trainer: epoch 235 done train_loss=1.8270 dt=13.4s
2026-07-16 08:46:13,335 [INFO] trainer: epoch 236 step 50/54 loss=1.8546 lr=1.13e-04
2026-07-16 08:46:14,262 [INFO] trainer: epoch 236 done train_loss=1.8435 dt=13.6s
2026-07-16 08:46:26,860 [INFO] trainer: epoch 237 step 50/54 loss=1.8605 lr=1.12e-04
2026-07-16 08:46:27,789 [INFO] trainer: epoch 237 done train_loss=1.8676 dt=13.5s
2026-07-16 08:46:40,417 [INFO] trainer: epoch 238 step 50/54 loss=1.8320 lr=1.11e-04
2026-07-16 08:46:41,346 [INFO] trainer: epoch 238 done train_loss=1.8345 dt=13.6s
2026-07-16 08:46:54,028 [INFO] trainer: epoch 239 step 50/54 loss=1.8214 lr=1.11e-04
2026-07-16 08:46:54,956 [INFO] trainer: epoch 239 done train_loss=1.8150 dt=13.6s
2026-07-16 08:47:07,545 [INFO] trainer: epoch 240 step 50/54 loss=1.8423 lr=1.10e-04
2026-07-16 08:47:08,475 [INFO] trainer: epoch 240 done train_loss=1.8384 dt=13.5s
2026-07-16 08:47:22,932 [INFO] trainer: epoch 241 step 50/54 loss=1.8359 lr=1.09e-04
2026-07-16 08:47:23,864 [INFO] trainer: epoch 241 done train_loss=1.8241 dt=13.4s
2026-07-16 08:47:36,605 [INFO] trainer: epoch 242 step 50/54 loss=1.8517 lr=1.09e-04
2026-07-16 08:47:37,536 [INFO] trainer: epoch 242 done train_loss=1.8409 dt=13.7s
2026-07-16 08:47:50,258 [INFO] trainer: epoch 243 step 50/54 loss=1.8441 lr=1.08e-04
2026-07-16 08:47:51,193 [INFO] trainer: epoch 243 done train_loss=1.8474 dt=13.7s
2026-07-16 08:48:03,772 [INFO] trainer: epoch 244 step 50/54 loss=1.8386 lr=1.08e-04
2026-07-16 08:48:04,706 [INFO] trainer: epoch 244 done train_loss=1.8419 dt=13.5s
2026-07-16 08:48:17,267 [INFO] trainer: epoch 245 step 50/54 loss=1.8227 lr=1.07e-04
2026-07-16 08:48:18,195 [INFO] trainer: epoch 245 done train_loss=1.8211 dt=13.5s
2026-07-16 08:48:30,691 [INFO] trainer: epoch 246 step 50/54 loss=1.8743 lr=1.06e-04
2026-07-16 08:48:31,619 [INFO] trainer: epoch 246 done train_loss=1.8673 dt=13.4s
2026-07-16 08:48:44,320 [INFO] trainer: epoch 247 step 50/54 loss=1.8270 lr=1.06e-04
2026-07-16 08:48:45,249 [INFO] trainer: epoch 247 done train_loss=1.8232 dt=13.6s
2026-07-16 08:48:57,835 [INFO] trainer: epoch 248 step 50/54 loss=1.8444 lr=1.05e-04
2026-07-16 08:48:58,769 [INFO] trainer: epoch 248 done train_loss=1.8237 dt=13.5s
2026-07-16 08:49:11,432 [INFO] trainer: epoch 249 step 50/54 loss=1.7940 lr=1.04e-04
2026-07-16 08:49:12,377 [INFO] trainer: epoch 249 done train_loss=1.7943 dt=13.6s
2026-07-16 08:49:24,971 [INFO] trainer: epoch 250 step 50/54 loss=1.7979 lr=1.04e-04
2026-07-16 08:49:25,894 [INFO] trainer: epoch 250 done train_loss=1.7987 dt=13.5s
2026-07-16 08:50:23,899 [INFO] trainer: epoch 250 val_mean_dice=0.4765
2026-07-16 08:50:40,126 [INFO] trainer: epoch 251 step 50/54 loss=1.7961 lr=1.03e-04
2026-07-16 08:50:41,052 [INFO] trainer: epoch 251 done train_loss=1.8089 dt=13.5s
2026-07-16 08:50:53,460 [INFO] trainer: epoch 252 step 50/54 loss=1.8274 lr=1.02e-04
2026-07-16 08:50:54,388 [INFO] trainer: epoch 252 done train_loss=1.8294 dt=13.3s
2026-07-16 08:51:07,191 [INFO] trainer: epoch 253 step 50/54 loss=1.8397 lr=1.02e-04
2026-07-16 08:51:08,132 [INFO] trainer: epoch 253 done train_loss=1.8375 dt=13.7s
2026-07-16 08:51:20,662 [INFO] trainer: epoch 254 step 50/54 loss=1.8012 lr=1.01e-04
2026-07-16 08:51:21,594 [INFO] trainer: epoch 254 done train_loss=1.7908 dt=13.5s
2026-07-16 08:51:34,151 [INFO] trainer: epoch 255 step 50/54 loss=1.8131 lr=1.01e-04
2026-07-16 08:51:35,091 [INFO] trainer: epoch 255 done train_loss=1.8106 dt=13.5s
2026-07-16 08:51:47,672 [INFO] trainer: epoch 256 step 50/54 loss=1.7617 lr=9.99e-05
2026-07-16 08:51:48,605 [INFO] trainer: epoch 256 done train_loss=1.7558 dt=13.5s
2026-07-16 08:52:01,071 [INFO] trainer: epoch 257 step 50/54 loss=1.8108 lr=9.93e-05
2026-07-16 08:52:02,009 [INFO] trainer: epoch 257 done train_loss=1.8162 dt=13.4s
2026-07-16 08:52:14,751 [INFO] trainer: epoch 258 step 50/54 loss=1.8306 lr=9.86e-05
2026-07-16 08:52:15,680 [INFO] trainer: epoch 258 done train_loss=1.8318 dt=13.7s
2026-07-16 08:52:28,504 [INFO] trainer: epoch 259 step 50/54 loss=1.8300 lr=9.80e-05
2026-07-16 08:52:29,431 [INFO] trainer: epoch 259 done train_loss=1.8292 dt=13.8s
2026-07-16 08:52:42,082 [INFO] trainer: epoch 260 step 50/54 loss=1.8178 lr=9.74e-05
2026-07-16 08:52:43,012 [INFO] trainer: epoch 260 done train_loss=1.8142 dt=13.6s
2026-07-16 08:52:57,575 [INFO] trainer: epoch 261 step 50/54 loss=1.8060 lr=9.67e-05
2026-07-16 08:52:58,509 [INFO] trainer: epoch 261 done train_loss=1.8164 dt=13.7s
2026-07-16 08:53:11,228 [INFO] trainer: epoch 262 step 50/54 loss=1.8043 lr=9.61e-05
2026-07-16 08:53:12,158 [INFO] trainer: epoch 262 done train_loss=1.8032 dt=13.6s
2026-07-16 08:53:24,838 [INFO] trainer: epoch 263 step 50/54 loss=1.7899 lr=9.54e-05
2026-07-16 08:53:25,767 [INFO] trainer: epoch 263 done train_loss=1.7968 dt=13.6s
2026-07-16 08:53:38,481 [INFO] trainer: epoch 264 step 50/54 loss=1.7790 lr=9.48e-05
2026-07-16 08:53:39,414 [INFO] trainer: epoch 264 done train_loss=1.7914 dt=13.6s
2026-07-16 08:53:52,099 [INFO] trainer: epoch 265 step 50/54 loss=1.8032 lr=9.42e-05
2026-07-16 08:53:53,029 [INFO] trainer: epoch 265 done train_loss=1.8081 dt=13.6s
2026-07-16 08:54:05,675 [INFO] trainer: epoch 266 step 50/54 loss=1.8438 lr=9.35e-05
2026-07-16 08:54:06,606 [INFO] trainer: epoch 266 done train_loss=1.8473 dt=13.6s
2026-07-16 08:54:19,334 [INFO] trainer: epoch 267 step 50/54 loss=1.7600 lr=9.29e-05
2026-07-16 08:54:20,266 [INFO] trainer: epoch 267 done train_loss=1.7712 dt=13.7s
2026-07-16 08:54:33,030 [INFO] trainer: epoch 268 step 50/54 loss=1.8213 lr=9.23e-05
2026-07-16 08:54:33,957 [INFO] trainer: epoch 268 done train_loss=1.8218 dt=13.7s
2026-07-16 08:54:46,790 [INFO] trainer: epoch 269 step 50/54 loss=1.7636 lr=9.16e-05
2026-07-16 08:54:47,718 [INFO] trainer: epoch 269 done train_loss=1.7771 dt=13.8s
2026-07-16 08:55:00,418 [INFO] trainer: epoch 270 step 50/54 loss=1.7955 lr=9.10e-05
2026-07-16 08:55:01,351 [INFO] trainer: epoch 270 done train_loss=1.7796 dt=13.6s
2026-07-16 08:55:21,899 [INFO] trainer: epoch 271 step 50/54 loss=1.7532 lr=9.04e-05
2026-07-16 08:55:22,828 [INFO] trainer: epoch 271 done train_loss=1.7613 dt=13.5s
2026-07-16 08:55:35,455 [INFO] trainer: epoch 272 step 50/54 loss=1.7594 lr=8.97e-05
2026-07-16 08:55:36,384 [INFO] trainer: epoch 272 done train_loss=1.7549 dt=13.6s
2026-07-16 08:55:49,033 [INFO] trainer: epoch 273 step 50/54 loss=1.8170 lr=8.91e-05
2026-07-16 08:55:49,960 [INFO] trainer: epoch 273 done train_loss=1.8009 dt=13.6s
2026-07-16 08:56:02,481 [INFO] trainer: epoch 274 step 50/54 loss=1.7757 lr=8.85e-05
2026-07-16 08:56:03,414 [INFO] trainer: epoch 274 done train_loss=1.7847 dt=13.5s
2026-07-16 08:56:16,049 [INFO] trainer: epoch 275 step 50/54 loss=1.7885 lr=8.78e-05
2026-07-16 08:56:16,978 [INFO] trainer: epoch 275 done train_loss=1.7918 dt=13.6s
2026-07-16 08:57:05,998 [INFO] trainer: epoch 275 val_mean_dice=0.4954
2026-07-16 08:57:20,493 [INFO] trainer: epoch 276 step 50/54 loss=1.7767 lr=8.72e-05
2026-07-16 08:57:21,420 [INFO] trainer: epoch 276 done train_loss=1.7761 dt=13.5s
2026-07-16 08:57:33,862 [INFO] trainer: epoch 277 step 50/54 loss=1.8030 lr=8.66e-05
2026-07-16 08:57:34,789 [INFO] trainer: epoch 277 done train_loss=1.8014 dt=13.4s
2026-07-16 08:57:47,394 [INFO] trainer: epoch 278 step 50/54 loss=1.7949 lr=8.59e-05
2026-07-16 08:57:48,327 [INFO] trainer: epoch 278 done train_loss=1.8125 dt=13.5s
2026-07-16 08:58:01,059 [INFO] trainer: epoch 279 step 50/54 loss=1.8253 lr=8.53e-05
2026-07-16 08:58:01,987 [INFO] trainer: epoch 279 done train_loss=1.8192 dt=13.7s
2026-07-16 08:58:14,713 [INFO] trainer: epoch 280 step 50/54 loss=1.8214 lr=8.47e-05
2026-07-16 08:58:15,643 [INFO] trainer: epoch 280 done train_loss=1.8167 dt=13.7s
2026-07-16 08:58:30,098 [INFO] trainer: epoch 281 step 50/54 loss=1.7986 lr=8.40e-05
2026-07-16 08:58:31,029 [INFO] trainer: epoch 281 done train_loss=1.8071 dt=13.5s
2026-07-16 08:58:43,570 [INFO] trainer: epoch 282 step 50/54 loss=1.7715 lr=8.34e-05
2026-07-16 08:58:44,501 [INFO] trainer: epoch 282 done train_loss=1.7687 dt=13.5s
2026-07-16 08:58:57,044 [INFO] trainer: epoch 283 step 50/54 loss=1.7878 lr=8.28e-05
2026-07-16 08:58:57,974 [INFO] trainer: epoch 283 done train_loss=1.7853 dt=13.5s
2026-07-16 08:59:10,870 [INFO] trainer: epoch 284 step 50/54 loss=1.7838 lr=8.22e-05
2026-07-16 08:59:11,798 [INFO] trainer: epoch 284 done train_loss=1.7661 dt=13.8s
2026-07-16 08:59:24,496 [INFO] trainer: epoch 285 step 50/54 loss=1.7899 lr=8.15e-05
2026-07-16 08:59:25,429 [INFO] trainer: epoch 285 done train_loss=1.7915 dt=13.6s
2026-07-16 08:59:37,990 [INFO] trainer: epoch 286 step 50/54 loss=1.7415 lr=8.09e-05
2026-07-16 08:59:38,919 [INFO] trainer: epoch 286 done train_loss=1.7340 dt=13.5s
2026-07-16 08:59:51,583 [INFO] trainer: epoch 287 step 50/54 loss=1.7681 lr=8.03e-05
2026-07-16 08:59:52,513 [INFO] trainer: epoch 287 done train_loss=1.7644 dt=13.6s
2026-07-16 09:00:05,177 [INFO] trainer: epoch 288 step 50/54 loss=1.7406 lr=7.97e-05
2026-07-16 09:00:06,109 [INFO] trainer: epoch 288 done train_loss=1.7452 dt=13.6s
2026-07-16 09:00:18,606 [INFO] trainer: epoch 289 step 50/54 loss=1.7669 lr=7.90e-05
2026-07-16 09:00:19,533 [INFO] trainer: epoch 289 done train_loss=1.7635 dt=13.4s
2026-07-16 09:00:32,258 [INFO] trainer: epoch 290 step 50/54 loss=1.7736 lr=7.84e-05
2026-07-16 09:00:33,188 [INFO] trainer: epoch 290 done train_loss=1.7716 dt=13.7s
2026-07-16 09:00:48,846 [INFO] trainer: epoch 291 step 50/54 loss=1.7715 lr=7.78e-05
2026-07-16 09:00:49,780 [INFO] trainer: epoch 291 done train_loss=1.7658 dt=13.5s
2026-07-16 09:01:02,254 [INFO] trainer: epoch 292 step 50/54 loss=1.7126 lr=7.72e-05
2026-07-16 09:01:03,182 [INFO] trainer: epoch 292 done train_loss=1.7166 dt=13.4s
2026-07-16 09:01:16,039 [INFO] trainer: epoch 293 step 50/54 loss=1.8018 lr=7.65e-05
2026-07-16 09:01:16,970 [INFO] trainer: epoch 293 done train_loss=1.7985 dt=13.8s
2026-07-16 09:01:29,479 [INFO] trainer: epoch 294 step 50/54 loss=1.7569 lr=7.59e-05
2026-07-16 09:01:30,408 [INFO] trainer: epoch 294 done train_loss=1.7507 dt=13.4s
2026-07-16 09:01:43,103 [INFO] trainer: epoch 295 step 50/54 loss=1.7379 lr=7.53e-05
2026-07-16 09:01:44,035 [INFO] trainer: epoch 295 done train_loss=1.7428 dt=13.6s
2026-07-16 09:01:56,695 [INFO] trainer: epoch 296 step 50/54 loss=1.7481 lr=7.47e-05
2026-07-16 09:01:57,626 [INFO] trainer: epoch 296 done train_loss=1.7510 dt=13.6s
2026-07-16 09:02:10,270 [INFO] trainer: epoch 297 step 50/54 loss=1.7484 lr=7.41e-05
2026-07-16 09:02:11,199 [INFO] trainer: epoch 297 done train_loss=1.7518 dt=13.6s
2026-07-16 09:02:23,983 [INFO] trainer: epoch 298 step 50/54 loss=1.7507 lr=7.35e-05
2026-07-16 09:02:24,912 [INFO] trainer: epoch 298 done train_loss=1.7562 dt=13.7s
2026-07-16 09:02:37,495 [INFO] trainer: epoch 299 step 50/54 loss=1.7643 lr=7.28e-05
2026-07-16 09:02:38,425 [INFO] trainer: epoch 299 done train_loss=1.7527 dt=13.5s
2026-07-16 09:02:51,302 [INFO] trainer: epoch 300 step 50/54 loss=1.7463 lr=7.22e-05
2026-07-16 09:02:52,231 [INFO] trainer: epoch 300 done train_loss=1.7500 dt=13.8s
2026-07-16 09:03:41,318 [INFO] trainer: epoch 300 val_mean_dice=0.4997
2026-07-16 09:03:57,902 [INFO] trainer: epoch 301 step 50/54 loss=1.7300 lr=7.16e-05
2026-07-16 09:03:58,831 [INFO] trainer: epoch 301 done train_loss=1.7272 dt=13.5s
2026-07-16 09:04:11,516 [INFO] trainer: epoch 302 step 50/54 loss=1.7433 lr=7.10e-05
2026-07-16 09:04:12,450 [INFO] trainer: epoch 302 done train_loss=1.7452 dt=13.6s
2026-07-16 09:04:25,130 [INFO] trainer: epoch 303 step 50/54 loss=1.7633 lr=7.04e-05
2026-07-16 09:04:26,059 [INFO] trainer: epoch 303 done train_loss=1.7707 dt=13.6s
2026-07-16 09:04:38,687 [INFO] trainer: epoch 304 step 50/54 loss=1.7728 lr=6.98e-05
2026-07-16 09:04:39,620 [INFO] trainer: epoch 304 done train_loss=1.7779 dt=13.6s
2026-07-16 09:04:52,114 [INFO] trainer: epoch 305 step 50/54 loss=1.7152 lr=6.92e-05
2026-07-16 09:04:53,048 [INFO] trainer: epoch 305 done train_loss=1.7250 dt=13.4s
2026-07-16 09:05:05,655 [INFO] trainer: epoch 306 step 50/54 loss=1.7481 lr=6.86e-05
2026-07-16 09:05:06,585 [INFO] trainer: epoch 306 done train_loss=1.7608 dt=13.5s
2026-07-16 09:05:19,237 [INFO] trainer: epoch 307 step 50/54 loss=1.7447 lr=6.80e-05
2026-07-16 09:05:20,166 [INFO] trainer: epoch 307 done train_loss=1.7409 dt=13.6s
2026-07-16 09:05:32,682 [INFO] trainer: epoch 308 step 50/54 loss=1.7614 lr=6.74e-05
2026-07-16 09:05:33,612 [INFO] trainer: epoch 308 done train_loss=1.7672 dt=13.4s
2026-07-16 09:05:46,205 [INFO] trainer: epoch 309 step 50/54 loss=1.7527 lr=6.68e-05
2026-07-16 09:05:47,137 [INFO] trainer: epoch 309 done train_loss=1.7545 dt=13.5s
2026-07-16 09:05:59,733 [INFO] trainer: epoch 310 step 50/54 loss=1.7476 lr=6.62e-05
2026-07-16 09:06:00,663 [INFO] trainer: epoch 310 done train_loss=1.7352 dt=13.5s
2026-07-16 09:06:18,538 [INFO] trainer: epoch 311 step 50/54 loss=1.7686 lr=6.56e-05
2026-07-16 09:06:19,479 [INFO] trainer: epoch 311 done train_loss=1.7679 dt=13.6s
2026-07-16 09:06:32,192 [INFO] trainer: epoch 312 step 50/54 loss=1.7626 lr=6.50e-05
2026-07-16 09:06:33,122 [INFO] trainer: epoch 312 done train_loss=1.7637 dt=13.6s
2026-07-16 09:06:45,928 [INFO] trainer: epoch 313 step 50/54 loss=1.7534 lr=6.44e-05
2026-07-16 09:06:46,860 [INFO] trainer: epoch 313 done train_loss=1.7487 dt=13.7s
2026-07-16 09:06:59,615 [INFO] trainer: epoch 314 step 50/54 loss=1.7694 lr=6.38e-05
2026-07-16 09:07:00,543 [INFO] trainer: epoch 314 done train_loss=1.7708 dt=13.7s
2026-07-16 09:07:13,166 [INFO] trainer: epoch 315 step 50/54 loss=1.7809 lr=6.32e-05
2026-07-16 09:07:14,096 [INFO] trainer: epoch 315 done train_loss=1.7849 dt=13.6s
2026-07-16 09:07:26,672 [INFO] trainer: epoch 316 step 50/54 loss=1.7321 lr=6.26e-05
2026-07-16 09:07:27,604 [INFO] trainer: epoch 316 done train_loss=1.7256 dt=13.5s
2026-07-16 09:07:40,254 [INFO] trainer: epoch 317 step 50/54 loss=1.7483 lr=6.20e-05
2026-07-16 09:07:41,184 [INFO] trainer: epoch 317 done train_loss=1.7406 dt=13.6s
2026-07-16 09:07:53,644 [INFO] trainer: epoch 318 step 50/54 loss=1.7029 lr=6.14e-05
2026-07-16 09:07:54,581 [INFO] trainer: epoch 318 done train_loss=1.6991 dt=13.4s
2026-07-16 09:08:07,213 [INFO] trainer: epoch 319 step 50/54 loss=1.7367 lr=6.09e-05
2026-07-16 09:08:08,160 [INFO] trainer: epoch 319 done train_loss=1.7305 dt=13.6s
2026-07-16 09:08:20,715 [INFO] trainer: epoch 320 step 50/54 loss=1.7296 lr=6.03e-05
2026-07-16 09:08:21,647 [INFO] trainer: epoch 320 done train_loss=1.7282 dt=13.5s
2026-07-16 09:08:36,430 [INFO] trainer: epoch 321 step 50/54 loss=1.7263 lr=5.97e-05
2026-07-16 09:08:37,361 [INFO] trainer: epoch 321 done train_loss=1.7349 dt=13.7s
2026-07-16 09:08:49,950 [INFO] trainer: epoch 322 step 50/54 loss=1.7294 lr=5.91e-05
2026-07-16 09:08:50,881 [INFO] trainer: epoch 322 done train_loss=1.7215 dt=13.5s
2026-07-16 09:09:03,360 [INFO] trainer: epoch 323 step 50/54 loss=1.7008 lr=5.85e-05
2026-07-16 09:09:04,288 [INFO] trainer: epoch 323 done train_loss=1.6991 dt=13.4s
2026-07-16 09:09:16,993 [INFO] trainer: epoch 324 step 50/54 loss=1.7072 lr=5.79e-05
2026-07-16 09:09:17,924 [INFO] trainer: epoch 324 done train_loss=1.7069 dt=13.6s
2026-07-16 09:09:30,458 [INFO] trainer: epoch 325 step 50/54 loss=1.7206 lr=5.74e-05
2026-07-16 09:09:31,397 [INFO] trainer: epoch 325 done train_loss=1.7080 dt=13.5s
2026-07-16 09:10:20,510 [INFO] trainer: epoch 325 val_mean_dice=0.5151
2026-07-16 09:10:35,004 [INFO] trainer: epoch 326 step 50/54 loss=1.7199 lr=5.68e-05
2026-07-16 09:10:35,932 [INFO] trainer: epoch 326 done train_loss=1.7256 dt=13.6s
2026-07-16 09:10:48,551 [INFO] trainer: epoch 327 step 50/54 loss=1.7244 lr=5.62e-05
2026-07-16 09:10:49,481 [INFO] trainer: epoch 327 done train_loss=1.7326 dt=13.5s
2026-07-16 09:11:01,955 [INFO] trainer: epoch 328 step 50/54 loss=1.7501 lr=5.57e-05
2026-07-16 09:11:02,888 [INFO] trainer: epoch 328 done train_loss=1.7346 dt=13.4s
2026-07-16 09:11:15,726 [INFO] trainer: epoch 329 step 50/54 loss=1.6810 lr=5.51e-05
2026-07-16 09:11:16,668 [INFO] trainer: epoch 329 done train_loss=1.7074 dt=13.8s
2026-07-16 09:11:29,258 [INFO] trainer: epoch 330 step 50/54 loss=1.7151 lr=5.45e-05
2026-07-16 09:11:30,188 [INFO] trainer: epoch 330 done train_loss=1.7089 dt=13.5s
2026-07-16 09:11:45,037 [INFO] trainer: epoch 331 step 50/54 loss=1.7018 lr=5.40e-05
2026-07-16 09:11:45,970 [INFO] trainer: epoch 331 done train_loss=1.7017 dt=13.6s
2026-07-16 09:11:58,771 [INFO] trainer: epoch 332 step 50/54 loss=1.7486 lr=5.34e-05
2026-07-16 09:11:59,702 [INFO] trainer: epoch 332 done train_loss=1.7494 dt=13.7s
2026-07-16 09:12:12,315 [INFO] trainer: epoch 333 step 50/54 loss=1.7084 lr=5.28e-05
2026-07-16 09:12:13,245 [INFO] trainer: epoch 333 done train_loss=1.7142 dt=13.5s
2026-07-16 09:12:25,915 [INFO] trainer: epoch 334 step 50/54 loss=1.6996 lr=5.23e-05
2026-07-16 09:12:26,844 [INFO] trainer: epoch 334 done train_loss=1.7047 dt=13.6s
2026-07-16 09:12:39,493 [INFO] trainer: epoch 335 step 50/54 loss=1.7313 lr=5.17e-05
2026-07-16 09:12:40,423 [INFO] trainer: epoch 335 done train_loss=1.7350 dt=13.6s
2026-07-16 09:12:55,647 [INFO] trainer: epoch 336 step 50/54 loss=1.7214 lr=5.12e-05
2026-07-16 09:13:00,098 [INFO] trainer: epoch 336 done train_loss=1.7140 dt=19.7s
2026-07-16 09:13:13,244 [INFO] trainer: epoch 337 step 50/54 loss=1.6964 lr=5.06e-05
2026-07-16 09:13:14,173 [INFO] trainer: epoch 337 done train_loss=1.6950 dt=14.1s
2026-07-16 09:13:26,795 [INFO] trainer: epoch 338 step 50/54 loss=1.7319 lr=5.01e-05
2026-07-16 09:13:27,734 [INFO] trainer: epoch 338 done train_loss=1.7359 dt=13.6s
2026-07-16 09:13:40,344 [INFO] trainer: epoch 339 step 50/54 loss=1.7409 lr=4.95e-05
2026-07-16 09:13:41,275 [INFO] trainer: epoch 339 done train_loss=1.7418 dt=13.5s
2026-07-16 09:13:54,049 [INFO] trainer: epoch 340 step 50/54 loss=1.6975 lr=4.90e-05
2026-07-16 09:13:54,987 [INFO] trainer: epoch 340 done train_loss=1.6982 dt=13.7s
2026-07-16 09:14:10,727 [INFO] trainer: epoch 341 step 50/54 loss=1.7209 lr=4.84e-05
2026-07-16 09:14:11,657 [INFO] trainer: epoch 341 done train_loss=1.7217 dt=13.6s
2026-07-16 09:14:24,264 [INFO] trainer: epoch 342 step 50/54 loss=1.6866 lr=4.79e-05
2026-07-16 09:14:25,196 [INFO] trainer: epoch 342 done train_loss=1.6923 dt=13.5s
2026-07-16 09:14:37,694 [INFO] trainer: epoch 343 step 50/54 loss=1.6878 lr=4.73e-05
2026-07-16 09:14:38,623 [INFO] trainer: epoch 343 done train_loss=1.6865 dt=13.4s
2026-07-16 09:14:51,213 [INFO] trainer: epoch 344 step 50/54 loss=1.7053 lr=4.68e-05
2026-07-16 09:14:52,144 [INFO] trainer: epoch 344 done train_loss=1.7126 dt=13.5s
2026-07-16 09:15:04,828 [INFO] trainer: epoch 345 step 50/54 loss=1.6974 lr=4.63e-05
2026-07-16 09:15:05,759 [INFO] trainer: epoch 345 done train_loss=1.6948 dt=13.6s
2026-07-16 09:15:18,462 [INFO] trainer: epoch 346 step 50/54 loss=1.7104 lr=4.57e-05
2026-07-16 09:15:19,390 [INFO] trainer: epoch 346 done train_loss=1.7110 dt=13.6s
2026-07-16 09:15:31,838 [INFO] trainer: epoch 347 step 50/54 loss=1.7325 lr=4.52e-05
2026-07-16 09:15:32,768 [INFO] trainer: epoch 347 done train_loss=1.7258 dt=13.4s
2026-07-16 09:15:45,453 [INFO] trainer: epoch 348 step 50/54 loss=1.7399 lr=4.47e-05
2026-07-16 09:15:46,383 [INFO] trainer: epoch 348 done train_loss=1.7280 dt=13.6s
2026-07-16 09:15:59,179 [INFO] trainer: epoch 349 step 50/54 loss=1.7288 lr=4.41e-05
2026-07-16 09:16:00,111 [INFO] trainer: epoch 349 done train_loss=1.7231 dt=13.7s
2026-07-16 09:16:12,639 [INFO] trainer: epoch 350 step 50/54 loss=1.7113 lr=4.36e-05
2026-07-16 09:16:13,568 [INFO] trainer: epoch 350 done train_loss=1.6968 dt=13.5s
2026-07-16 09:17:02,657 [INFO] trainer: epoch 350 val_mean_dice=0.5222
2026-07-16 09:17:20,452 [INFO] trainer: epoch 351 step 50/54 loss=1.7211 lr=4.31e-05
2026-07-16 09:17:21,380 [INFO] trainer: epoch 351 done train_loss=1.7263 dt=13.6s
2026-07-16 09:17:34,021 [INFO] trainer: epoch 352 step 50/54 loss=1.7196 lr=4.26e-05
2026-07-16 09:17:34,956 [INFO] trainer: epoch 352 done train_loss=1.7197 dt=13.6s
2026-07-16 09:17:47,658 [INFO] trainer: epoch 353 step 50/54 loss=1.6962 lr=4.21e-05
2026-07-16 09:17:48,591 [INFO] trainer: epoch 353 done train_loss=1.7008 dt=13.6s
2026-07-16 09:18:01,175 [INFO] trainer: epoch 354 step 50/54 loss=1.6732 lr=4.15e-05
2026-07-16 09:18:02,104 [INFO] trainer: epoch 354 done train_loss=1.6733 dt=13.5s
2026-07-16 09:18:14,668 [INFO] trainer: epoch 355 step 50/54 loss=1.7134 lr=4.10e-05
2026-07-16 09:18:15,602 [INFO] trainer: epoch 355 done train_loss=1.7230 dt=13.5s
2026-07-16 09:18:28,069 [INFO] trainer: epoch 356 step 50/54 loss=1.6963 lr=4.05e-05
2026-07-16 09:18:29,006 [INFO] trainer: epoch 356 done train_loss=1.7030 dt=13.4s
2026-07-16 09:18:41,474 [INFO] trainer: epoch 357 step 50/54 loss=1.6994 lr=4.00e-05
2026-07-16 09:18:42,401 [INFO] trainer: epoch 357 done train_loss=1.7029 dt=13.4s
2026-07-16 09:18:55,015 [INFO] trainer: epoch 358 step 50/54 loss=1.7223 lr=3.95e-05
2026-07-16 09:18:55,941 [INFO] trainer: epoch 358 done train_loss=1.7134 dt=13.5s
2026-07-16 09:19:08,359 [INFO] trainer: epoch 359 step 50/54 loss=1.6828 lr=3.90e-05
2026-07-16 09:19:09,287 [INFO] trainer: epoch 359 done train_loss=1.6763 dt=13.3s
2026-07-16 09:19:21,866 [INFO] trainer: epoch 360 step 50/54 loss=1.7311 lr=3.85e-05
2026-07-16 09:19:22,799 [INFO] trainer: epoch 360 done train_loss=1.7325 dt=13.5s
2026-07-16 09:19:37,851 [INFO] trainer: epoch 361 step 50/54 loss=1.7107 lr=3.80e-05
2026-07-16 09:19:38,777 [INFO] trainer: epoch 361 done train_loss=1.6967 dt=13.8s
2026-07-16 09:19:51,357 [INFO] trainer: epoch 362 step 50/54 loss=1.6877 lr=3.75e-05
2026-07-16 09:19:52,285 [INFO] trainer: epoch 362 done train_loss=1.7008 dt=13.5s
2026-07-16 09:20:05,020 [INFO] trainer: epoch 363 step 50/54 loss=1.7195 lr=3.70e-05
2026-07-16 09:20:05,950 [INFO] trainer: epoch 363 done train_loss=1.7117 dt=13.7s
2026-07-16 09:20:18,662 [INFO] trainer: epoch 364 step 50/54 loss=1.7215 lr=3.65e-05
2026-07-16 09:20:19,592 [INFO] trainer: epoch 364 done train_loss=1.7162 dt=13.6s
2026-07-16 09:20:32,146 [INFO] trainer: epoch 365 step 50/54 loss=1.7016 lr=3.60e-05
2026-07-16 09:20:33,078 [INFO] trainer: epoch 365 done train_loss=1.7064 dt=13.5s
2026-07-16 09:20:45,935 [INFO] trainer: epoch 366 step 50/54 loss=1.6880 lr=3.56e-05
2026-07-16 09:20:46,866 [INFO] trainer: epoch 366 done train_loss=1.6958 dt=13.8s
2026-07-16 09:20:59,435 [INFO] trainer: epoch 367 step 50/54 loss=1.7206 lr=3.51e-05
2026-07-16 09:21:00,364 [INFO] trainer: epoch 367 done train_loss=1.7026 dt=13.5s
2026-07-16 09:21:12,784 [INFO] trainer: epoch 368 step 50/54 loss=1.7202 lr=3.46e-05
2026-07-16 09:21:13,714 [INFO] trainer: epoch 368 done train_loss=1.7068 dt=13.3s
2026-07-16 09:21:26,326 [INFO] trainer: epoch 369 step 50/54 loss=1.7046 lr=3.41e-05
2026-07-16 09:21:27,257 [INFO] trainer: epoch 369 done train_loss=1.7071 dt=13.5s
2026-07-16 09:21:39,936 [INFO] trainer: epoch 370 step 50/54 loss=1.7158 lr=3.36e-05
2026-07-16 09:21:40,865 [INFO] trainer: epoch 370 done train_loss=1.7125 dt=13.6s
2026-07-16 09:21:55,182 [INFO] trainer: epoch 371 step 50/54 loss=1.6744 lr=3.32e-05
2026-07-16 09:21:56,111 [INFO] trainer: epoch 371 done train_loss=1.6808 dt=13.4s
2026-07-16 09:22:08,811 [INFO] trainer: epoch 372 step 50/54 loss=1.6707 lr=3.27e-05
2026-07-16 09:22:09,739 [INFO] trainer: epoch 372 done train_loss=1.6790 dt=13.6s
2026-07-16 09:22:22,381 [INFO] trainer: epoch 373 step 50/54 loss=1.7173 lr=3.22e-05
2026-07-16 09:22:23,309 [INFO] trainer: epoch 373 done train_loss=1.7072 dt=13.6s
2026-07-16 09:22:35,890 [INFO] trainer: epoch 374 step 50/54 loss=1.7096 lr=3.18e-05
2026-07-16 09:22:36,822 [INFO] trainer: epoch 374 done train_loss=1.7018 dt=13.5s
2026-07-16 09:22:49,521 [INFO] trainer: epoch 375 step 50/54 loss=1.7097 lr=3.13e-05
2026-07-16 09:22:50,451 [INFO] trainer: epoch 375 done train_loss=1.7026 dt=13.6s
2026-07-16 09:23:39,346 [INFO] trainer: epoch 375 val_mean_dice=0.5286
2026-07-16 09:23:53,829 [INFO] trainer: epoch 376 step 50/54 loss=1.6802 lr=3.09e-05
2026-07-16 09:23:54,760 [INFO] trainer: epoch 376 done train_loss=1.6769 dt=13.5s
2026-07-16 09:24:07,391 [INFO] trainer: epoch 377 step 50/54 loss=1.7344 lr=3.04e-05
2026-07-16 09:24:08,322 [INFO] trainer: epoch 377 done train_loss=1.7304 dt=13.6s
2026-07-16 09:24:20,965 [INFO] trainer: epoch 378 step 50/54 loss=1.6471 lr=3.00e-05
2026-07-16 09:24:21,893 [INFO] trainer: epoch 378 done train_loss=1.6553 dt=13.6s
2026-07-16 09:24:34,510 [INFO] trainer: epoch 379 step 50/54 loss=1.7175 lr=2.95e-05
2026-07-16 09:24:35,441 [INFO] trainer: epoch 379 done train_loss=1.7313 dt=13.5s
2026-07-16 09:24:48,004 [INFO] trainer: epoch 380 step 50/54 loss=1.6914 lr=2.91e-05
2026-07-16 09:24:48,934 [INFO] trainer: epoch 380 done train_loss=1.6916 dt=13.5s
2026-07-16 09:25:03,576 [INFO] trainer: epoch 381 step 50/54 loss=1.6877 lr=2.86e-05
2026-07-16 09:25:04,509 [INFO] trainer: epoch 381 done train_loss=1.6934 dt=13.6s
2026-07-16 09:25:17,442 [INFO] trainer: epoch 382 step 50/54 loss=1.7131 lr=2.82e-05
2026-07-16 09:25:18,376 [INFO] trainer: epoch 382 done train_loss=1.7023 dt=13.9s
2026-07-16 09:25:31,003 [INFO] trainer: epoch 383 step 50/54 loss=1.6846 lr=2.77e-05
2026-07-16 09:25:31,936 [INFO] trainer: epoch 383 done train_loss=1.6902 dt=13.6s
2026-07-16 09:25:44,665 [INFO] trainer: epoch 384 step 50/54 loss=1.6737 lr=2.73e-05
2026-07-16 09:25:45,598 [INFO] trainer: epoch 384 done train_loss=1.6762 dt=13.7s
2026-07-16 09:25:58,241 [INFO] trainer: epoch 385 step 50/54 loss=1.7256 lr=2.69e-05
2026-07-16 09:25:59,172 [INFO] trainer: epoch 385 done train_loss=1.7196 dt=13.6s
2026-07-16 09:26:11,850 [INFO] trainer: epoch 386 step 50/54 loss=1.7156 lr=2.64e-05
2026-07-16 09:26:12,777 [INFO] trainer: epoch 386 done train_loss=1.7136 dt=13.6s
2026-07-16 09:26:25,599 [INFO] trainer: epoch 387 step 50/54 loss=1.6653 lr=2.60e-05
2026-07-16 09:26:26,527 [INFO] trainer: epoch 387 done train_loss=1.6734 dt=13.8s
2026-07-16 09:26:39,143 [INFO] trainer: epoch 388 step 50/54 loss=1.6848 lr=2.56e-05
2026-07-16 09:26:40,071 [INFO] trainer: epoch 388 done train_loss=1.6743 dt=13.5s
2026-07-16 09:26:52,960 [INFO] trainer: epoch 389 step 50/54 loss=1.7142 lr=2.52e-05
2026-07-16 09:26:53,889 [INFO] trainer: epoch 389 done train_loss=1.7224 dt=13.8s
2026-07-16 09:27:06,584 [INFO] trainer: epoch 390 step 50/54 loss=1.7162 lr=2.48e-05
2026-07-16 09:27:07,512 [INFO] trainer: epoch 390 done train_loss=1.7038 dt=13.6s
2026-07-16 09:27:34,912 [INFO] trainer: epoch 391 step 50/54 loss=1.7192 lr=2.44e-05
2026-07-16 09:27:35,844 [INFO] trainer: epoch 391 done train_loss=1.7256 dt=13.5s
2026-07-16 09:27:48,550 [INFO] trainer: epoch 392 step 50/54 loss=1.6578 lr=2.39e-05
2026-07-16 09:27:49,482 [INFO] trainer: epoch 392 done train_loss=1.6471 dt=13.6s
2026-07-16 09:28:02,110 [INFO] trainer: epoch 393 step 50/54 loss=1.6546 lr=2.35e-05
2026-07-16 09:28:03,043 [INFO] trainer: epoch 393 done train_loss=1.6736 dt=13.6s
2026-07-16 09:28:21,395 [INFO] trainer: epoch 394 step 50/54 loss=1.6959 lr=2.31e-05
2026-07-16 09:28:22,325 [INFO] trainer: epoch 394 done train_loss=1.6882 dt=19.3s
2026-07-16 09:28:34,961 [INFO] trainer: epoch 395 step 50/54 loss=1.6584 lr=2.27e-05
2026-07-16 09:28:35,889 [INFO] trainer: epoch 395 done train_loss=1.6705 dt=13.6s
2026-07-16 09:28:48,551 [INFO] trainer: epoch 396 step 50/54 loss=1.6696 lr=2.23e-05
2026-07-16 09:28:49,479 [INFO] trainer: epoch 396 done train_loss=1.6744 dt=13.6s
2026-07-16 09:29:02,186 [INFO] trainer: epoch 397 step 50/54 loss=1.6900 lr=2.19e-05
2026-07-16 09:29:03,112 [INFO] trainer: epoch 397 done train_loss=1.7001 dt=13.6s
2026-07-16 09:29:15,631 [INFO] trainer: epoch 398 step 50/54 loss=1.7150 lr=2.16e-05
2026-07-16 09:29:16,559 [INFO] trainer: epoch 398 done train_loss=1.7247 dt=13.4s
2026-07-16 09:29:29,195 [INFO] trainer: epoch 399 step 50/54 loss=1.6428 lr=2.12e-05
2026-07-16 09:29:30,123 [INFO] trainer: epoch 399 done train_loss=1.6618 dt=13.6s
2026-07-16 09:29:42,879 [INFO] trainer: epoch 400 step 50/54 loss=1.7012 lr=2.08e-05
2026-07-16 09:29:43,813 [INFO] trainer: epoch 400 done train_loss=1.6982 dt=13.7s
2026-07-16 09:30:32,904 [INFO] trainer: epoch 400 val_mean_dice=0.5321
2026-07-16 09:30:49,779 [INFO] trainer: epoch 401 step 50/54 loss=1.6456 lr=2.04e-05
2026-07-16 09:30:50,718 [INFO] trainer: epoch 401 done train_loss=1.6520 dt=13.8s
2026-07-16 09:31:03,203 [INFO] trainer: epoch 402 step 50/54 loss=1.6459 lr=2.00e-05
2026-07-16 09:31:04,134 [INFO] trainer: epoch 402 done train_loss=1.6631 dt=13.4s
2026-07-16 09:31:16,753 [INFO] trainer: epoch 403 step 50/54 loss=1.6751 lr=1.97e-05
2026-07-16 09:31:17,685 [INFO] trainer: epoch 403 done train_loss=1.6702 dt=13.5s
2026-07-16 09:31:30,460 [INFO] trainer: epoch 404 step 50/54 loss=1.6836 lr=1.93e-05
2026-07-16 09:31:31,391 [INFO] trainer: epoch 404 done train_loss=1.6886 dt=13.7s
2026-07-16 09:31:44,031 [INFO] trainer: epoch 405 step 50/54 loss=1.6500 lr=1.89e-05
2026-07-16 09:31:44,965 [INFO] trainer: epoch 405 done train_loss=1.6668 dt=13.6s
2026-07-16 09:31:57,702 [INFO] trainer: epoch 406 step 50/54 loss=1.6677 lr=1.86e-05
2026-07-16 09:31:58,629 [INFO] trainer: epoch 406 done train_loss=1.6717 dt=13.7s
2026-07-16 09:32:11,193 [INFO] trainer: epoch 407 step 50/54 loss=1.6913 lr=1.82e-05
2026-07-16 09:32:12,120 [INFO] trainer: epoch 407 done train_loss=1.6868 dt=13.5s
2026-07-16 09:32:24,717 [INFO] trainer: epoch 408 step 50/54 loss=1.6817 lr=1.78e-05
2026-07-16 09:32:25,646 [INFO] trainer: epoch 408 done train_loss=1.6871 dt=13.5s
2026-07-16 09:32:38,349 [INFO] trainer: epoch 409 step 50/54 loss=1.6388 lr=1.75e-05
2026-07-16 09:32:39,293 [INFO] trainer: epoch 409 done train_loss=1.6518 dt=13.6s
2026-07-16 09:32:51,848 [INFO] trainer: epoch 410 step 50/54 loss=1.6749 lr=1.71e-05
2026-07-16 09:32:52,778 [INFO] trainer: epoch 410 done train_loss=1.6888 dt=13.5s
2026-07-16 09:33:07,401 [INFO] trainer: epoch 411 step 50/54 loss=1.6902 lr=1.68e-05
2026-07-16 09:33:08,330 [INFO] trainer: epoch 411 done train_loss=1.6932 dt=13.7s
2026-07-16 09:33:21,058 [INFO] trainer: epoch 412 step 50/54 loss=1.6790 lr=1.64e-05
2026-07-16 09:33:21,987 [INFO] trainer: epoch 412 done train_loss=1.6742 dt=13.7s
2026-07-16 09:33:34,693 [INFO] trainer: epoch 413 step 50/54 loss=1.6799 lr=1.61e-05
2026-07-16 09:33:35,623 [INFO] trainer: epoch 413 done train_loss=1.6654 dt=13.6s
2026-07-16 09:33:48,263 [INFO] trainer: epoch 414 step 50/54 loss=1.6539 lr=1.58e-05
2026-07-16 09:33:49,191 [INFO] trainer: epoch 414 done train_loss=1.6640 dt=13.6s
2026-07-16 09:34:02,051 [INFO] trainer: epoch 415 step 50/54 loss=1.7201 lr=1.54e-05
2026-07-16 09:34:02,982 [INFO] trainer: epoch 415 done train_loss=1.7123 dt=13.8s
2026-07-16 09:34:15,651 [INFO] trainer: epoch 416 step 50/54 loss=1.6640 lr=1.51e-05
2026-07-16 09:34:16,581 [INFO] trainer: epoch 416 done train_loss=1.6638 dt=13.6s
2026-07-16 09:34:29,204 [INFO] trainer: epoch 417 step 50/54 loss=1.6727 lr=1.48e-05
2026-07-16 09:34:30,133 [INFO] trainer: epoch 417 done train_loss=1.6731 dt=13.6s
2026-07-16 09:34:42,739 [INFO] trainer: epoch 418 step 50/54 loss=1.6628 lr=1.45e-05
2026-07-16 09:34:43,671 [INFO] trainer: epoch 418 done train_loss=1.6734 dt=13.5s
2026-07-16 09:34:56,327 [INFO] trainer: epoch 419 step 50/54 loss=1.6994 lr=1.41e-05
2026-07-16 09:34:57,255 [INFO] trainer: epoch 419 done train_loss=1.6904 dt=13.6s
2026-07-16 09:35:09,843 [INFO] trainer: epoch 420 step 50/54 loss=1.6575 lr=1.38e-05
2026-07-16 09:35:10,772 [INFO] trainer: epoch 420 done train_loss=1.6562 dt=13.5s
2026-07-16 09:35:25,392 [INFO] trainer: epoch 421 step 50/54 loss=1.6549 lr=1.35e-05
2026-07-16 09:35:26,320 [INFO] trainer: epoch 421 done train_loss=1.6467 dt=13.5s
2026-07-16 09:35:38,786 [INFO] trainer: epoch 422 step 50/54 loss=1.7153 lr=1.32e-05
2026-07-16 09:35:39,714 [INFO] trainer: epoch 422 done train_loss=1.7155 dt=13.4s
2026-07-16 09:35:52,360 [INFO] trainer: epoch 423 step 50/54 loss=1.6239 lr=1.29e-05
2026-07-16 09:35:53,285 [INFO] trainer: epoch 423 done train_loss=1.6344 dt=13.6s
2026-07-16 09:36:05,905 [INFO] trainer: epoch 424 step 50/54 loss=1.6759 lr=1.26e-05
2026-07-16 09:36:06,835 [INFO] trainer: epoch 424 done train_loss=1.6839 dt=13.5s
2026-07-16 09:36:19,357 [INFO] trainer: epoch 425 step 50/54 loss=1.6673 lr=1.23e-05
2026-07-16 09:36:20,286 [INFO] trainer: epoch 425 done train_loss=1.6676 dt=13.5s
2026-07-16 09:37:09,372 [INFO] trainer: epoch 425 val_mean_dice=0.5333
2026-07-16 09:37:24,018 [INFO] trainer: epoch 426 step 50/54 loss=1.6570 lr=1.20e-05
2026-07-16 09:37:24,950 [INFO] trainer: epoch 426 done train_loss=1.6501 dt=13.6s
2026-07-16 09:37:37,637 [INFO] trainer: epoch 427 step 50/54 loss=1.7002 lr=1.17e-05
2026-07-16 09:37:38,577 [INFO] trainer: epoch 427 done train_loss=1.6860 dt=13.6s
2026-07-16 09:37:50,996 [INFO] trainer: epoch 428 step 50/54 loss=1.6492 lr=1.14e-05
2026-07-16 09:37:51,925 [INFO] trainer: epoch 428 done train_loss=1.6613 dt=13.3s
2026-07-16 09:38:04,942 [INFO] trainer: epoch 429 step 50/54 loss=1.6866 lr=1.12e-05
2026-07-16 09:38:05,874 [INFO] trainer: epoch 429 done train_loss=1.6879 dt=13.9s
2026-07-16 09:38:18,542 [INFO] trainer: epoch 430 step 50/54 loss=1.6767 lr=1.09e-05
2026-07-16 09:38:19,470 [INFO] trainer: epoch 430 done train_loss=1.6847 dt=13.6s
2026-07-16 09:38:34,417 [INFO] trainer: epoch 431 step 50/54 loss=1.6736 lr=1.06e-05
2026-07-16 09:38:35,348 [INFO] trainer: epoch 431 done train_loss=1.6815 dt=13.7s
2026-07-16 09:38:48,039 [INFO] trainer: epoch 432 step 50/54 loss=1.6659 lr=1.03e-05
2026-07-16 09:38:48,969 [INFO] trainer: epoch 432 done train_loss=1.6580 dt=13.6s
2026-07-16 09:39:01,649 [INFO] trainer: epoch 433 step 50/54 loss=1.6764 lr=1.01e-05
2026-07-16 09:39:02,588 [INFO] trainer: epoch 433 done train_loss=1.6821 dt=13.6s
2026-07-16 09:39:15,218 [INFO] trainer: epoch 434 step 50/54 loss=1.6606 lr=9.80e-06
2026-07-16 09:39:16,160 [INFO] trainer: epoch 434 done train_loss=1.6580 dt=13.6s
2026-07-16 09:39:28,817 [INFO] trainer: epoch 435 step 50/54 loss=1.6888 lr=9.54e-06
2026-07-16 09:39:29,758 [INFO] trainer: epoch 435 done train_loss=1.6904 dt=13.6s
2026-07-16 09:39:42,568 [INFO] trainer: epoch 436 step 50/54 loss=1.6828 lr=9.28e-06
2026-07-16 09:39:43,512 [INFO] trainer: epoch 436 done train_loss=1.6785 dt=13.8s
2026-07-16 09:39:56,214 [INFO] trainer: epoch 437 step 50/54 loss=1.6629 lr=9.03e-06
2026-07-16 09:39:57,142 [INFO] trainer: epoch 437 done train_loss=1.6655 dt=13.6s
2026-07-16 09:40:09,827 [INFO] trainer: epoch 438 step 50/54 loss=1.6655 lr=8.78e-06
2026-07-16 09:40:10,762 [INFO] trainer: epoch 438 done train_loss=1.6789 dt=13.6s
2026-07-16 09:40:23,262 [INFO] trainer: epoch 439 step 50/54 loss=1.6786 lr=8.53e-06
2026-07-16 09:40:24,189 [INFO] trainer: epoch 439 done train_loss=1.6638 dt=13.4s
2026-07-16 09:40:36,856 [INFO] trainer: epoch 440 step 50/54 loss=1.6459 lr=8.29e-06
2026-07-16 09:40:37,782 [INFO] trainer: epoch 440 done train_loss=1.6556 dt=13.6s
2026-07-16 09:40:52,371 [INFO] trainer: epoch 441 step 50/54 loss=1.6747 lr=8.05e-06
2026-07-16 09:40:53,296 [INFO] trainer: epoch 441 done train_loss=1.6722 dt=13.7s
2026-07-16 09:41:05,847 [INFO] trainer: epoch 442 step 50/54 loss=1.6561 lr=7.82e-06
2026-07-16 09:41:06,786 [INFO] trainer: epoch 442 done train_loss=1.6535 dt=13.5s
2026-07-16 09:41:19,567 [INFO] trainer: epoch 443 step 50/54 loss=1.6702 lr=7.59e-06
2026-07-16 09:41:20,496 [INFO] trainer: epoch 443 done train_loss=1.6605 dt=13.7s
2026-07-16 09:41:33,345 [INFO] trainer: epoch 444 step 50/54 loss=1.6403 lr=7.36e-06
2026-07-16 09:41:34,273 [INFO] trainer: epoch 444 done train_loss=1.6364 dt=13.8s
2026-07-16 09:41:46,957 [INFO] trainer: epoch 445 step 50/54 loss=1.6671 lr=7.14e-06
2026-07-16 09:41:47,885 [INFO] trainer: epoch 445 done train_loss=1.6581 dt=13.6s
2026-07-16 09:42:00,575 [INFO] trainer: epoch 446 step 50/54 loss=1.6537 lr=6.92e-06
2026-07-16 09:42:01,508 [INFO] trainer: epoch 446 done train_loss=1.6607 dt=13.6s
2026-07-16 09:42:14,278 [INFO] trainer: epoch 447 step 50/54 loss=1.6694 lr=6.71e-06
2026-07-16 09:42:15,210 [INFO] trainer: epoch 447 done train_loss=1.6744 dt=13.7s
2026-07-16 09:42:27,944 [INFO] trainer: epoch 448 step 50/54 loss=1.6741 lr=6.49e-06
2026-07-16 09:42:28,905 [INFO] trainer: epoch 448 done train_loss=1.6633 dt=13.7s
2026-07-16 09:42:41,628 [INFO] trainer: epoch 449 step 50/54 loss=1.6615 lr=6.29e-06
2026-07-16 09:42:42,560 [INFO] trainer: epoch 449 done train_loss=1.6766 dt=13.7s
2026-07-16 09:42:55,084 [INFO] trainer: epoch 450 step 50/54 loss=1.6771 lr=6.08e-06
2026-07-16 09:42:56,015 [INFO] trainer: epoch 450 done train_loss=1.6654 dt=13.5s
2026-07-16 09:43:45,020 [INFO] trainer: epoch 450 val_mean_dice=0.5377
2026-07-16 09:44:02,755 [INFO] trainer: epoch 451 step 50/54 loss=1.6874 lr=5.88e-06
2026-07-16 09:44:03,683 [INFO] trainer: epoch 451 done train_loss=1.6799 dt=13.5s
2026-07-16 09:44:16,340 [INFO] trainer: epoch 452 step 50/54 loss=1.6719 lr=5.69e-06
2026-07-16 09:44:17,277 [INFO] trainer: epoch 452 done train_loss=1.6737 dt=13.6s
2026-07-16 09:44:30,013 [INFO] trainer: epoch 453 step 50/54 loss=1.6824 lr=5.50e-06
2026-07-16 09:44:30,944 [INFO] trainer: epoch 453 done train_loss=1.6881 dt=13.7s
2026-07-16 09:44:43,490 [INFO] trainer: epoch 454 step 50/54 loss=1.6717 lr=5.31e-06
2026-07-16 09:44:44,438 [INFO] trainer: epoch 454 done train_loss=1.6642 dt=13.5s
2026-07-16 09:44:57,196 [INFO] trainer: epoch 455 step 50/54 loss=1.6585 lr=5.13e-06
2026-07-16 09:44:58,125 [INFO] trainer: epoch 455 done train_loss=1.6553 dt=13.7s
2026-07-16 09:45:10,786 [INFO] trainer: epoch 456 step 50/54 loss=1.6504 lr=4.95e-06
2026-07-16 09:45:11,712 [INFO] trainer: epoch 456 done train_loss=1.6520 dt=13.6s
2026-07-16 09:45:24,414 [INFO] trainer: epoch 457 step 50/54 loss=1.6703 lr=4.77e-06
2026-07-16 09:45:25,344 [INFO] trainer: epoch 457 done train_loss=1.6690 dt=13.6s
2026-07-16 09:45:38,204 [INFO] trainer: epoch 458 step 50/54 loss=1.6509 lr=4.60e-06
2026-07-16 09:45:39,135 [INFO] trainer: epoch 458 done train_loss=1.6546 dt=13.8s
2026-07-16 09:45:51,854 [INFO] trainer: epoch 459 step 50/54 loss=1.7322 lr=4.43e-06
2026-07-16 09:45:52,785 [INFO] trainer: epoch 459 done train_loss=1.7197 dt=13.7s
2026-07-16 09:46:05,505 [INFO] trainer: epoch 460 step 50/54 loss=1.6985 lr=4.27e-06
2026-07-16 09:46:06,435 [INFO] trainer: epoch 460 done train_loss=1.6998 dt=13.6s
2026-07-16 09:46:21,154 [INFO] trainer: epoch 461 step 50/54 loss=1.6618 lr=4.11e-06
2026-07-16 09:46:22,082 [INFO] trainer: epoch 461 done train_loss=1.6543 dt=13.7s
2026-07-16 09:46:34,711 [INFO] trainer: epoch 462 step 50/54 loss=1.6826 lr=3.95e-06
2026-07-16 09:46:35,647 [INFO] trainer: epoch 462 done train_loss=1.6949 dt=13.6s
2026-07-16 09:46:48,418 [INFO] trainer: epoch 463 step 50/54 loss=1.6734 lr=3.80e-06
2026-07-16 09:46:49,350 [INFO] trainer: epoch 463 done train_loss=1.6786 dt=13.7s
2026-07-16 09:47:02,183 [INFO] trainer: epoch 464 step 50/54 loss=1.6734 lr=3.65e-06
2026-07-16 09:47:03,113 [INFO] trainer: epoch 464 done train_loss=1.6730 dt=13.8s
2026-07-16 09:47:15,782 [INFO] trainer: epoch 465 step 50/54 loss=1.6777 lr=3.51e-06
2026-07-16 09:47:16,712 [INFO] trainer: epoch 465 done train_loss=1.6754 dt=13.6s
2026-07-16 09:47:29,508 [INFO] trainer: epoch 466 step 50/54 loss=1.6581 lr=3.36e-06
2026-07-16 09:47:30,447 [INFO] trainer: epoch 466 done train_loss=1.6582 dt=13.7s
2026-07-16 09:47:43,208 [INFO] trainer: epoch 467 step 50/54 loss=1.6718 lr=3.23e-06
2026-07-16 09:47:44,137 [INFO] trainer: epoch 467 done train_loss=1.6726 dt=13.7s
2026-07-16 09:47:56,915 [INFO] trainer: epoch 468 step 50/54 loss=1.6647 lr=3.10e-06
2026-07-16 09:47:57,844 [INFO] trainer: epoch 468 done train_loss=1.6538 dt=13.7s
2026-07-16 09:48:10,744 [INFO] trainer: epoch 469 step 50/54 loss=1.6562 lr=2.97e-06
2026-07-16 09:48:11,689 [INFO] trainer: epoch 469 done train_loss=1.6617 dt=13.8s
2026-07-16 09:48:24,546 [INFO] trainer: epoch 470 step 50/54 loss=1.6358 lr=2.84e-06
2026-07-16 09:48:25,474 [INFO] trainer: epoch 470 done train_loss=1.6400 dt=13.8s
2026-07-16 09:48:40,320 [INFO] trainer: epoch 471 step 50/54 loss=1.6367 lr=2.72e-06
2026-07-16 09:48:41,251 [INFO] trainer: epoch 471 done train_loss=1.6461 dt=13.8s
2026-07-16 09:48:53,832 [INFO] trainer: epoch 472 step 50/54 loss=1.6868 lr=2.61e-06
2026-07-16 09:48:54,759 [INFO] trainer: epoch 472 done train_loss=1.6732 dt=13.5s
2026-07-16 09:49:07,823 [INFO] trainer: epoch 473 step 50/54 loss=1.6597 lr=2.50e-06
2026-07-16 09:49:08,762 [INFO] trainer: epoch 473 done train_loss=1.6639 dt=14.0s
2026-07-16 09:49:21,432 [INFO] trainer: epoch 474 step 50/54 loss=1.6638 lr=2.39e-06
2026-07-16 09:49:22,359 [INFO] trainer: epoch 474 done train_loss=1.6601 dt=13.6s
2026-07-16 09:49:34,957 [INFO] trainer: epoch 475 step 50/54 loss=1.6779 lr=2.28e-06
2026-07-16 09:49:35,884 [INFO] trainer: epoch 475 done train_loss=1.6744 dt=13.5s
2026-07-16 09:50:25,044 [INFO] trainer: epoch 475 val_mean_dice=0.5370
2026-07-16 09:50:37,635 [INFO] trainer: epoch 476 step 50/54 loss=1.6990 lr=2.18e-06
2026-07-16 09:50:38,564 [INFO] trainer: epoch 476 done train_loss=1.6868 dt=13.5s
2026-07-16 09:50:51,251 [INFO] trainer: epoch 477 step 50/54 loss=1.6430 lr=2.09e-06
2026-07-16 09:50:52,178 [INFO] trainer: epoch 477 done train_loss=1.6501 dt=13.6s
2026-07-16 09:51:05,046 [INFO] trainer: epoch 478 step 50/54 loss=1.6452 lr=1.99e-06
2026-07-16 09:51:05,975 [INFO] trainer: epoch 478 done train_loss=1.6451 dt=13.8s
2026-07-16 09:51:18,599 [INFO] trainer: epoch 479 step 50/54 loss=1.6675 lr=1.91e-06
2026-07-16 09:51:19,528 [INFO] trainer: epoch 479 done train_loss=1.6613 dt=13.6s
2026-07-16 09:51:32,266 [INFO] trainer: epoch 480 step 50/54 loss=1.6428 lr=1.82e-06
2026-07-16 09:51:33,204 [INFO] trainer: epoch 480 done train_loss=1.6331 dt=13.7s
2026-07-16 09:51:48,033 [INFO] trainer: epoch 481 step 50/54 loss=1.6783 lr=1.74e-06
2026-07-16 09:51:48,960 [INFO] trainer: epoch 481 done train_loss=1.6732 dt=13.9s
2026-07-16 09:52:01,656 [INFO] trainer: epoch 482 step 50/54 loss=1.6532 lr=1.67e-06
2026-07-16 09:52:02,596 [INFO] trainer: epoch 482 done train_loss=1.6480 dt=13.6s
2026-07-16 09:52:15,453 [INFO] trainer: epoch 483 step 50/54 loss=1.6474 lr=1.60e-06
2026-07-16 09:52:16,378 [INFO] trainer: epoch 483 done train_loss=1.6491 dt=13.8s
2026-07-16 09:52:29,152 [INFO] trainer: epoch 484 step 50/54 loss=1.6186 lr=1.53e-06
2026-07-16 09:52:30,080 [INFO] trainer: epoch 484 done train_loss=1.6084 dt=13.7s
2026-07-16 09:52:42,918 [INFO] trainer: epoch 485 step 50/54 loss=1.6571 lr=1.46e-06
2026-07-16 09:52:43,849 [INFO] trainer: epoch 485 done train_loss=1.6419 dt=13.8s
2026-07-16 09:52:56,621 [INFO] trainer: epoch 486 step 50/54 loss=1.6090 lr=1.40e-06
2026-07-16 09:52:57,556 [INFO] trainer: epoch 486 done train_loss=1.6089 dt=13.7s
2026-07-16 09:53:10,383 [INFO] trainer: epoch 487 step 50/54 loss=1.6112 lr=1.35e-06
2026-07-16 09:53:11,314 [INFO] trainer: epoch 487 done train_loss=1.6273 dt=13.8s
2026-07-16 09:53:24,221 [INFO] trainer: epoch 488 step 50/54 loss=1.6645 lr=1.30e-06
2026-07-16 09:53:25,152 [INFO] trainer: epoch 488 done train_loss=1.6560 dt=13.8s
2026-07-16 09:53:37,836 [INFO] trainer: epoch 489 step 50/54 loss=1.6378 lr=1.25e-06
2026-07-16 09:53:38,766 [INFO] trainer: epoch 489 done train_loss=1.6415 dt=13.6s
2026-07-16 09:53:51,585 [INFO] trainer: epoch 490 step 50/54 loss=1.6821 lr=1.21e-06
2026-07-16 09:53:52,513 [INFO] trainer: epoch 490 done train_loss=1.6768 dt=13.7s
2026-07-16 09:54:20,619 [INFO] trainer: epoch 491 step 50/54 loss=1.6768 lr=1.17e-06
2026-07-16 09:54:21,550 [INFO] trainer: epoch 491 done train_loss=1.6757 dt=14.7s
2026-07-16 09:54:34,142 [INFO] trainer: epoch 492 step 50/54 loss=1.6636 lr=1.13e-06
2026-07-16 09:54:35,070 [INFO] trainer: epoch 492 done train_loss=1.6741 dt=13.5s
2026-07-16 09:54:47,600 [INFO] trainer: epoch 493 step 50/54 loss=1.6733 lr=1.10e-06
2026-07-16 09:54:48,527 [INFO] trainer: epoch 493 done train_loss=1.6707 dt=13.5s
2026-07-16 09:55:01,080 [INFO] trainer: epoch 494 step 50/54 loss=1.6665 lr=1.08e-06
2026-07-16 09:55:02,006 [INFO] trainer: epoch 494 done train_loss=1.6689 dt=13.5s
2026-07-16 09:55:14,957 [INFO] trainer: epoch 495 step 50/54 loss=1.6562 lr=1.05e-06
2026-07-16 09:55:15,887 [INFO] trainer: epoch 495 done train_loss=1.6541 dt=13.9s
2026-07-16 09:55:28,463 [INFO] trainer: epoch 496 step 50/54 loss=1.6565 lr=1.03e-06
2026-07-16 09:55:29,395 [INFO] trainer: epoch 496 done train_loss=1.6584 dt=13.5s
2026-07-16 09:55:42,152 [INFO] trainer: epoch 497 step 50/54 loss=1.6946 lr=1.02e-06
2026-07-16 09:55:43,080 [INFO] trainer: epoch 497 done train_loss=1.6806 dt=13.7s
2026-07-16 09:55:55,718 [INFO] trainer: epoch 498 step 50/54 loss=1.6178 lr=1.01e-06
2026-07-16 09:55:56,646 [INFO] trainer: epoch 498 done train_loss=1.6281 dt=13.6s
2026-07-16 09:56:09,659 [INFO] trainer: epoch 499 step 50/54 loss=1.6849 lr=1.00e-06
2026-07-16 09:56:10,591 [INFO] trainer: epoch 499 done train_loss=1.6763 dt=13.9s
2026-07-16 09:56:23,216 [INFO] trainer: epoch 500 step 50/54 loss=1.6220 lr=1.00e-06
2026-07-16 09:56:24,145 [INFO] trainer: epoch 500 done train_loss=1.6243 dt=13.6s
2026-07-16 09:57:13,857 [INFO] trainer: epoch 500 val_mean_dice=0.5383
2026-07-16 09:57:19,012 [INFO] trainer: total time 7981.9 s, best dice 0.5383 (epochs 1-500 / 500)
