2026-07-16 07:23:14,556 [INFO] train: ========================================================================
2026-07-16 07:23:14,557 [INFO] train: model=ctclip config=configs/lowshot/ls_ctclip_frz_pt_f010.yaml
2026-07-16 07:23:14,557 [INFO] train: output=/scratch/lskrlj/runs/ls_ctclip_frz_pt_f010 device=cuda (NVIDIA A100-SXM4-40GB)
2026-07-16 07:23:14,557 [INFO] train: epochs=500 batch_size=2 grad_accum=2 eff_batch=4 lr=0.0002 amp=True
2026-07-16 07:23:14,557 [INFO] train: ========================================================================
2026-07-16 07:23:14,560 [INFO] train: splits: train=1082 val=57 classes=117
2026-07-16 07:23:14,560 [INFO] train: low-shot: train_fraction=0.1000 seed=1234 -> 108/1082 train cases
2026-07-16 07:23:14,811 [INFO] train: disk cache: /scratch/lskrlj/cache/TotalSeg/833d9d046402 (fingerprint=833d9d046402)
2026-07-16 07:27:08,901 [INFO] train: model ctclip, trainable params: 9183960 / 35074160 total (freeze_backbone=True)
2026-07-16 07:27:12,196 [WARNING] trainer: --resume set but no checkpoint found in /scratch/lskrlj/runs/ls_ctclip_frz_pt_f010; starting fresh
2026-07-16 07:27:12,197 [INFO] trainer: start: epochs 1-500/500 device=cuda amp=bf16 train_batches=54 val_batches=57
2026-07-16 07:27:27,081 [INFO] trainer: epoch 1 step 50/54 loss=10.8761 lr=1.85e-05
2026-07-16 07:27:28,046 [INFO] trainer: epoch 1 done train_loss=10.8578 dt=15.8s
2026-07-16 07:27:40,967 [INFO] trainer: epoch 2 step 50/54 loss=10.2164 lr=3.85e-05
2026-07-16 07:27:41,932 [INFO] trainer: epoch 2 done train_loss=10.1826 dt=13.9s
2026-07-16 07:27:54,919 [INFO] trainer: epoch 3 step 50/54 loss=9.2727 lr=5.85e-05
2026-07-16 07:27:55,885 [INFO] trainer: epoch 3 done train_loss=9.2463 dt=14.0s
2026-07-16 07:28:09,495 [INFO] trainer: epoch 4 step 50/54 loss=8.5326 lr=7.85e-05
2026-07-16 07:28:10,461 [INFO] trainer: epoch 4 done train_loss=8.5089 dt=14.6s
2026-07-16 07:28:23,560 [INFO] trainer: epoch 5 step 50/54 loss=7.8864 lr=9.85e-05
2026-07-16 07:28:24,526 [INFO] trainer: epoch 5 done train_loss=7.8568 dt=14.1s
2026-07-16 07:28:37,743 [INFO] trainer: epoch 6 step 50/54 loss=7.3092 lr=1.19e-04
2026-07-16 07:28:38,708 [INFO] trainer: epoch 6 done train_loss=7.2854 dt=14.2s
2026-07-16 07:28:51,981 [INFO] trainer: epoch 7 step 50/54 loss=6.7606 lr=1.39e-04
2026-07-16 07:28:52,948 [INFO] trainer: epoch 7 done train_loss=6.7387 dt=14.2s
2026-07-16 07:29:06,093 [INFO] trainer: epoch 8 step 50/54 loss=6.2340 lr=1.59e-04
2026-07-16 07:29:07,059 [INFO] trainer: epoch 8 done train_loss=6.2201 dt=14.1s
2026-07-16 07:29:20,307 [INFO] trainer: epoch 9 step 50/54 loss=5.8298 lr=1.79e-04
2026-07-16 07:29:21,274 [INFO] trainer: epoch 9 done train_loss=5.8122 dt=14.2s
2026-07-16 07:29:34,198 [INFO] trainer: epoch 10 step 50/54 loss=5.4737 lr=1.99e-04
2026-07-16 07:29:35,166 [INFO] trainer: epoch 10 done train_loss=5.4629 dt=13.9s
2026-07-16 07:29:48,709 [INFO] trainer: epoch 11 step 50/54 loss=5.0952 lr=2.00e-04
2026-07-16 07:29:49,675 [INFO] trainer: epoch 11 done train_loss=5.0853 dt=14.2s
2026-07-16 07:30:02,699 [INFO] trainer: epoch 12 step 50/54 loss=4.8133 lr=2.00e-04
2026-07-16 07:30:03,665 [INFO] trainer: epoch 12 done train_loss=4.7992 dt=14.0s
2026-07-16 07:30:16,909 [INFO] trainer: epoch 13 step 50/54 loss=4.5754 lr=2.00e-04
2026-07-16 07:30:17,876 [INFO] trainer: epoch 13 done train_loss=4.5803 dt=14.2s
2026-07-16 07:30:31,076 [INFO] trainer: epoch 14 step 50/54 loss=4.4366 lr=2.00e-04
2026-07-16 07:30:32,043 [INFO] trainer: epoch 14 done train_loss=4.4407 dt=14.2s
2026-07-16 07:30:45,094 [INFO] trainer: epoch 15 step 50/54 loss=4.1996 lr=2.00e-04
2026-07-16 07:30:46,060 [INFO] trainer: epoch 15 done train_loss=4.1896 dt=14.0s
2026-07-16 07:30:59,286 [INFO] trainer: epoch 16 step 50/54 loss=4.0823 lr=2.00e-04
2026-07-16 07:31:00,251 [INFO] trainer: epoch 16 done train_loss=4.0640 dt=14.2s
2026-07-16 07:31:13,333 [INFO] trainer: epoch 17 step 50/54 loss=3.9637 lr=2.00e-04
2026-07-16 07:31:14,298 [INFO] trainer: epoch 17 done train_loss=3.9451 dt=14.0s
2026-07-16 07:31:27,594 [INFO] trainer: epoch 18 step 50/54 loss=3.8683 lr=2.00e-04
2026-07-16 07:31:28,559 [INFO] trainer: epoch 18 done train_loss=3.8546 dt=14.3s
2026-07-16 07:31:41,624 [INFO] trainer: epoch 19 step 50/54 loss=3.7278 lr=2.00e-04
2026-07-16 07:31:42,590 [INFO] trainer: epoch 19 done train_loss=3.7135 dt=14.0s
2026-07-16 07:31:55,995 [INFO] trainer: epoch 20 step 50/54 loss=3.6169 lr=2.00e-04
2026-07-16 07:31:56,962 [INFO] trainer: epoch 20 done train_loss=3.6100 dt=14.4s
2026-07-16 07:32:10,507 [INFO] trainer: epoch 21 step 50/54 loss=3.5654 lr=2.00e-04
2026-07-16 07:32:11,472 [INFO] trainer: epoch 21 done train_loss=3.5613 dt=14.2s
2026-07-16 07:32:24,484 [INFO] trainer: epoch 22 step 50/54 loss=3.4113 lr=2.00e-04
2026-07-16 07:32:25,451 [INFO] trainer: epoch 22 done train_loss=3.4250 dt=14.0s
2026-07-16 07:32:38,805 [INFO] trainer: epoch 23 step 50/54 loss=3.3344 lr=2.00e-04
2026-07-16 07:32:39,770 [INFO] trainer: epoch 23 done train_loss=3.3375 dt=14.3s
2026-07-16 07:32:53,013 [INFO] trainer: epoch 24 step 50/54 loss=3.2792 lr=2.00e-04
2026-07-16 07:32:53,979 [INFO] trainer: epoch 24 done train_loss=3.2757 dt=14.2s
2026-07-16 07:33:07,155 [INFO] trainer: epoch 25 step 50/54 loss=3.2310 lr=2.00e-04
2026-07-16 07:33:08,125 [INFO] trainer: epoch 25 done train_loss=3.2178 dt=14.1s
2026-07-16 07:34:51,178 [INFO] trainer: epoch 25 val_mean_dice=0.0027
2026-07-16 07:35:04,815 [INFO] trainer: epoch 26 step 50/54 loss=3.2256 lr=1.99e-04
2026-07-16 07:35:05,781 [INFO] trainer: epoch 26 done train_loss=3.2286 dt=14.3s
2026-07-16 07:35:18,916 [INFO] trainer: epoch 27 step 50/54 loss=3.1896 lr=1.99e-04
2026-07-16 07:35:19,884 [INFO] trainer: epoch 27 done train_loss=3.1935 dt=14.1s
2026-07-16 07:35:33,049 [INFO] trainer: epoch 28 step 50/54 loss=3.1661 lr=1.99e-04
2026-07-16 07:35:34,015 [INFO] trainer: epoch 28 done train_loss=3.1589 dt=14.1s
2026-07-16 07:35:47,259 [INFO] trainer: epoch 29 step 50/54 loss=3.1419 lr=1.99e-04
2026-07-16 07:35:48,225 [INFO] trainer: epoch 29 done train_loss=3.1468 dt=14.2s
2026-07-16 07:36:01,426 [INFO] trainer: epoch 30 step 50/54 loss=3.1107 lr=1.99e-04
2026-07-16 07:36:02,393 [INFO] trainer: epoch 30 done train_loss=3.1058 dt=14.2s
2026-07-16 07:36:15,705 [INFO] trainer: epoch 31 step 50/54 loss=3.0216 lr=1.99e-04
2026-07-16 07:36:16,673 [INFO] trainer: epoch 31 done train_loss=3.0224 dt=13.9s
2026-07-16 07:36:29,806 [INFO] trainer: epoch 32 step 50/54 loss=3.0144 lr=1.99e-04
2026-07-16 07:36:30,772 [INFO] trainer: epoch 32 done train_loss=3.0240 dt=14.1s
2026-07-16 07:36:43,727 [INFO] trainer: epoch 33 step 50/54 loss=3.0442 lr=1.99e-04
2026-07-16 07:36:44,694 [INFO] trainer: epoch 33 done train_loss=3.0637 dt=13.9s
2026-07-16 07:36:57,804 [INFO] trainer: epoch 34 step 50/54 loss=2.9883 lr=1.99e-04
2026-07-16 07:36:58,772 [INFO] trainer: epoch 34 done train_loss=2.9814 dt=14.1s
2026-07-16 07:37:11,732 [INFO] trainer: epoch 35 step 50/54 loss=2.9707 lr=1.99e-04
2026-07-16 07:37:12,706 [INFO] trainer: epoch 35 done train_loss=2.9638 dt=13.9s
2026-07-16 07:37:25,718 [INFO] trainer: epoch 36 step 50/54 loss=2.9545 lr=1.99e-04
2026-07-16 07:37:26,684 [INFO] trainer: epoch 36 done train_loss=2.9578 dt=14.0s
2026-07-16 07:37:39,650 [INFO] trainer: epoch 37 step 50/54 loss=2.9366 lr=1.99e-04
2026-07-16 07:37:40,617 [INFO] trainer: epoch 37 done train_loss=2.9419 dt=13.9s
2026-07-16 07:37:53,636 [INFO] trainer: epoch 38 step 50/54 loss=2.9216 lr=1.98e-04
2026-07-16 07:37:54,603 [INFO] trainer: epoch 38 done train_loss=2.9128 dt=14.0s
2026-07-16 07:38:07,947 [INFO] trainer: epoch 39 step 50/54 loss=2.9427 lr=1.98e-04
2026-07-16 07:38:08,914 [INFO] trainer: epoch 39 done train_loss=2.9361 dt=14.3s
2026-07-16 07:38:22,241 [INFO] trainer: epoch 40 step 50/54 loss=2.8955 lr=1.98e-04
2026-07-16 07:38:23,210 [INFO] trainer: epoch 40 done train_loss=2.9025 dt=14.3s
2026-07-16 07:38:36,693 [INFO] trainer: epoch 41 step 50/54 loss=2.8358 lr=1.98e-04
2026-07-16 07:38:37,660 [INFO] trainer: epoch 41 done train_loss=2.8305 dt=14.1s
2026-07-16 07:38:50,789 [INFO] trainer: epoch 42 step 50/54 loss=2.8100 lr=1.98e-04
2026-07-16 07:38:51,756 [INFO] trainer: epoch 42 done train_loss=2.8232 dt=14.1s
2026-07-16 07:39:04,779 [INFO] trainer: epoch 43 step 50/54 loss=2.8382 lr=1.98e-04
2026-07-16 07:39:05,748 [INFO] trainer: epoch 43 done train_loss=2.8424 dt=14.0s
2026-07-16 07:39:18,975 [INFO] trainer: epoch 44 step 50/54 loss=2.7996 lr=1.98e-04
2026-07-16 07:39:19,943 [INFO] trainer: epoch 44 done train_loss=2.8058 dt=14.2s
2026-07-16 07:39:32,910 [INFO] trainer: epoch 45 step 50/54 loss=2.7560 lr=1.98e-04
2026-07-16 07:39:33,876 [INFO] trainer: epoch 45 done train_loss=2.7649 dt=13.9s
2026-07-16 07:39:47,140 [INFO] trainer: epoch 46 step 50/54 loss=2.7524 lr=1.97e-04
2026-07-16 07:39:48,106 [INFO] trainer: epoch 46 done train_loss=2.7436 dt=14.2s
2026-07-16 07:40:01,283 [INFO] trainer: epoch 47 step 50/54 loss=2.7382 lr=1.97e-04
2026-07-16 07:40:02,253 [INFO] trainer: epoch 47 done train_loss=2.7360 dt=14.1s
2026-07-16 07:40:15,478 [INFO] trainer: epoch 48 step 50/54 loss=2.7150 lr=1.97e-04
2026-07-16 07:40:16,449 [INFO] trainer: epoch 48 done train_loss=2.7136 dt=14.2s
2026-07-16 07:40:29,357 [INFO] trainer: epoch 49 step 50/54 loss=2.6777 lr=1.97e-04
2026-07-16 07:40:30,324 [INFO] trainer: epoch 49 done train_loss=2.6861 dt=13.9s
2026-07-16 07:40:43,342 [INFO] trainer: epoch 50 step 50/54 loss=2.6922 lr=1.97e-04
2026-07-16 07:40:44,310 [INFO] trainer: epoch 50 done train_loss=2.6883 dt=14.0s
2026-07-16 07:42:23,660 [INFO] trainer: epoch 50 val_mean_dice=0.0475
2026-07-16 07:42:37,446 [INFO] trainer: epoch 51 step 50/54 loss=2.6738 lr=1.97e-04
2026-07-16 07:42:38,413 [INFO] trainer: epoch 51 done train_loss=2.6817 dt=14.0s
2026-07-16 07:42:51,602 [INFO] trainer: epoch 52 step 50/54 loss=2.6327 lr=1.96e-04
2026-07-16 07:42:52,568 [INFO] trainer: epoch 52 done train_loss=2.6313 dt=14.2s
2026-07-16 07:43:05,795 [INFO] trainer: epoch 53 step 50/54 loss=2.6420 lr=1.96e-04
2026-07-16 07:43:06,761 [INFO] trainer: epoch 53 done train_loss=2.6416 dt=14.2s
2026-07-16 07:43:19,936 [INFO] trainer: epoch 54 step 50/54 loss=2.5909 lr=1.96e-04
2026-07-16 07:43:20,904 [INFO] trainer: epoch 54 done train_loss=2.5917 dt=14.1s
2026-07-16 07:43:33,942 [INFO] trainer: epoch 55 step 50/54 loss=2.5938 lr=1.96e-04
2026-07-16 07:43:34,911 [INFO] trainer: epoch 55 done train_loss=2.5948 dt=14.0s
2026-07-16 07:43:47,993 [INFO] trainer: epoch 56 step 50/54 loss=2.6017 lr=1.96e-04
2026-07-16 07:43:48,962 [INFO] trainer: epoch 56 done train_loss=2.5876 dt=14.1s
2026-07-16 07:44:01,910 [INFO] trainer: epoch 57 step 50/54 loss=2.5577 lr=1.96e-04
2026-07-16 07:44:02,876 [INFO] trainer: epoch 57 done train_loss=2.5470 dt=13.9s
2026-07-16 07:44:16,203 [INFO] trainer: epoch 58 step 50/54 loss=2.5223 lr=1.95e-04
2026-07-16 07:44:17,170 [INFO] trainer: epoch 58 done train_loss=2.5265 dt=14.3s
2026-07-16 07:44:30,360 [INFO] trainer: epoch 59 step 50/54 loss=2.5120 lr=1.95e-04
2026-07-16 07:44:31,328 [INFO] trainer: epoch 59 done train_loss=2.4992 dt=14.2s
2026-07-16 07:44:44,568 [INFO] trainer: epoch 60 step 50/54 loss=2.4886 lr=1.95e-04
2026-07-16 07:44:45,536 [INFO] trainer: epoch 60 done train_loss=2.4907 dt=14.2s
2026-07-16 07:44:58,908 [INFO] trainer: epoch 61 step 50/54 loss=2.4940 lr=1.95e-04
2026-07-16 07:44:59,874 [INFO] trainer: epoch 61 done train_loss=2.4826 dt=13.9s
2026-07-16 07:45:12,915 [INFO] trainer: epoch 62 step 50/54 loss=2.4157 lr=1.95e-04
2026-07-16 07:45:13,882 [INFO] trainer: epoch 62 done train_loss=2.4236 dt=14.0s
2026-07-16 07:45:26,893 [INFO] trainer: epoch 63 step 50/54 loss=2.4441 lr=1.94e-04
2026-07-16 07:45:27,861 [INFO] trainer: epoch 63 done train_loss=2.4499 dt=14.0s
2026-07-16 07:45:41,053 [INFO] trainer: epoch 64 step 50/54 loss=2.4925 lr=1.94e-04
2026-07-16 07:45:42,020 [INFO] trainer: epoch 64 done train_loss=2.4952 dt=14.2s
2026-07-16 07:45:55,115 [INFO] trainer: epoch 65 step 50/54 loss=2.4468 lr=1.94e-04
2026-07-16 07:45:56,082 [INFO] trainer: epoch 65 done train_loss=2.4457 dt=14.1s
2026-07-16 07:46:09,399 [INFO] trainer: epoch 66 step 50/54 loss=2.4160 lr=1.94e-04
2026-07-16 07:46:10,366 [INFO] trainer: epoch 66 done train_loss=2.4196 dt=14.3s
2026-07-16 07:46:23,428 [INFO] trainer: epoch 67 step 50/54 loss=2.3789 lr=1.93e-04
2026-07-16 07:46:24,394 [INFO] trainer: epoch 67 done train_loss=2.3884 dt=14.0s
2026-07-16 07:46:37,625 [INFO] trainer: epoch 68 step 50/54 loss=2.3736 lr=1.93e-04
2026-07-16 07:46:38,591 [INFO] trainer: epoch 68 done train_loss=2.3874 dt=14.2s
2026-07-16 07:46:51,681 [INFO] trainer: epoch 69 step 50/54 loss=2.3812 lr=1.93e-04
2026-07-16 07:46:52,647 [INFO] trainer: epoch 69 done train_loss=2.3747 dt=14.1s
2026-07-16 07:47:05,801 [INFO] trainer: epoch 70 step 50/54 loss=2.3508 lr=1.93e-04
2026-07-16 07:47:06,769 [INFO] trainer: epoch 70 done train_loss=2.3392 dt=14.1s
2026-07-16 07:47:20,458 [INFO] trainer: epoch 71 step 50/54 loss=2.3327 lr=1.93e-04
2026-07-16 07:47:21,426 [INFO] trainer: epoch 71 done train_loss=2.3591 dt=14.2s
2026-07-16 07:47:34,589 [INFO] trainer: epoch 72 step 50/54 loss=2.3098 lr=1.92e-04
2026-07-16 07:47:35,555 [INFO] trainer: epoch 72 done train_loss=2.2994 dt=14.1s
2026-07-16 07:47:48,739 [INFO] trainer: epoch 73 step 50/54 loss=2.3099 lr=1.92e-04
2026-07-16 07:47:49,705 [INFO] trainer: epoch 73 done train_loss=2.3186 dt=14.1s
2026-07-16 07:48:02,900 [INFO] trainer: epoch 74 step 50/54 loss=2.3131 lr=1.92e-04
2026-07-16 07:48:03,868 [INFO] trainer: epoch 74 done train_loss=2.3171 dt=14.2s
2026-07-16 07:48:17,009 [INFO] trainer: epoch 75 step 50/54 loss=2.3159 lr=1.92e-04
2026-07-16 07:48:17,977 [INFO] trainer: epoch 75 done train_loss=2.3008 dt=14.1s
2026-07-16 07:49:57,510 [INFO] trainer: epoch 75 val_mean_dice=0.1819
2026-07-16 07:50:10,958 [INFO] trainer: epoch 76 step 50/54 loss=2.3068 lr=1.91e-04
2026-07-16 07:50:11,925 [INFO] trainer: epoch 76 done train_loss=2.3026 dt=14.0s
2026-07-16 07:50:24,905 [INFO] trainer: epoch 77 step 50/54 loss=2.2530 lr=1.91e-04
2026-07-16 07:50:25,872 [INFO] trainer: epoch 77 done train_loss=2.2738 dt=13.9s
2026-07-16 07:50:39,221 [INFO] trainer: epoch 78 step 50/54 loss=2.2583 lr=1.91e-04
2026-07-16 07:50:40,188 [INFO] trainer: epoch 78 done train_loss=2.2622 dt=14.3s
2026-07-16 07:50:53,423 [INFO] trainer: epoch 79 step 50/54 loss=2.2517 lr=1.90e-04
2026-07-16 07:50:54,390 [INFO] trainer: epoch 79 done train_loss=2.2551 dt=14.2s
2026-07-16 07:51:07,604 [INFO] trainer: epoch 80 step 50/54 loss=2.2635 lr=1.90e-04
2026-07-16 07:51:08,572 [INFO] trainer: epoch 80 done train_loss=2.2496 dt=14.2s
2026-07-16 07:51:22,161 [INFO] trainer: epoch 81 step 50/54 loss=2.2044 lr=1.90e-04
2026-07-16 07:51:23,129 [INFO] trainer: epoch 81 done train_loss=2.2046 dt=14.2s
2026-07-16 07:51:36,327 [INFO] trainer: epoch 82 step 50/54 loss=2.2416 lr=1.90e-04
2026-07-16 07:51:37,294 [INFO] trainer: epoch 82 done train_loss=2.2363 dt=14.2s
2026-07-16 07:51:50,385 [INFO] trainer: epoch 83 step 50/54 loss=2.1650 lr=1.89e-04
2026-07-16 07:51:51,352 [INFO] trainer: epoch 83 done train_loss=2.1777 dt=14.1s
2026-07-16 07:52:04,502 [INFO] trainer: epoch 84 step 50/54 loss=2.2007 lr=1.89e-04
2026-07-16 07:52:05,469 [INFO] trainer: epoch 84 done train_loss=2.1944 dt=14.1s
2026-07-16 07:52:18,519 [INFO] trainer: epoch 85 step 50/54 loss=2.1864 lr=1.89e-04
2026-07-16 07:52:19,485 [INFO] trainer: epoch 85 done train_loss=2.1731 dt=14.0s
2026-07-16 07:52:32,546 [INFO] trainer: epoch 86 step 50/54 loss=2.2039 lr=1.88e-04
2026-07-16 07:52:33,513 [INFO] trainer: epoch 86 done train_loss=2.1870 dt=14.0s
2026-07-16 07:52:46,717 [INFO] trainer: epoch 87 step 50/54 loss=2.1946 lr=1.88e-04
2026-07-16 07:52:47,685 [INFO] trainer: epoch 87 done train_loss=2.1885 dt=14.2s
2026-07-16 07:53:00,868 [INFO] trainer: epoch 88 step 50/54 loss=2.1624 lr=1.88e-04
2026-07-16 07:53:01,835 [INFO] trainer: epoch 88 done train_loss=2.1571 dt=14.2s
2026-07-16 07:53:14,823 [INFO] trainer: epoch 89 step 50/54 loss=2.1415 lr=1.88e-04
2026-07-16 07:53:15,790 [INFO] trainer: epoch 89 done train_loss=2.1402 dt=14.0s
2026-07-16 07:53:28,748 [INFO] trainer: epoch 90 step 50/54 loss=2.1413 lr=1.87e-04
2026-07-16 07:53:29,715 [INFO] trainer: epoch 90 done train_loss=2.1450 dt=13.9s
2026-07-16 07:53:43,122 [INFO] trainer: epoch 91 step 50/54 loss=2.1469 lr=1.87e-04
2026-07-16 07:53:44,087 [INFO] trainer: epoch 91 done train_loss=2.1432 dt=14.0s
2026-07-16 07:53:57,059 [INFO] trainer: epoch 92 step 50/54 loss=2.1227 lr=1.87e-04
2026-07-16 07:53:58,027 [INFO] trainer: epoch 92 done train_loss=2.1291 dt=13.9s
2026-07-16 07:54:11,114 [INFO] trainer: epoch 93 step 50/54 loss=2.1375 lr=1.86e-04
2026-07-16 07:54:12,081 [INFO] trainer: epoch 93 done train_loss=2.1357 dt=14.1s
2026-07-16 07:54:25,217 [INFO] trainer: epoch 94 step 50/54 loss=2.1150 lr=1.86e-04
2026-07-16 07:54:26,185 [INFO] trainer: epoch 94 done train_loss=2.1164 dt=14.1s
2026-07-16 07:54:39,384 [INFO] trainer: epoch 95 step 50/54 loss=2.0831 lr=1.86e-04
2026-07-16 07:54:40,351 [INFO] trainer: epoch 95 done train_loss=2.0822 dt=14.2s
2026-07-16 07:54:53,635 [INFO] trainer: epoch 96 step 50/54 loss=2.1088 lr=1.85e-04
2026-07-16 07:54:54,602 [INFO] trainer: epoch 96 done train_loss=2.1048 dt=14.3s
2026-07-16 07:55:07,869 [INFO] trainer: epoch 97 step 50/54 loss=2.1065 lr=1.85e-04
2026-07-16 07:55:08,837 [INFO] trainer: epoch 97 done train_loss=2.0932 dt=14.2s
2026-07-16 07:55:22,031 [INFO] trainer: epoch 98 step 50/54 loss=2.1018 lr=1.85e-04
2026-07-16 07:55:22,997 [INFO] trainer: epoch 98 done train_loss=2.0994 dt=14.2s
2026-07-16 07:55:36,521 [INFO] trainer: epoch 99 step 50/54 loss=2.0443 lr=1.84e-04
2026-07-16 07:55:37,488 [INFO] trainer: epoch 99 done train_loss=2.0553 dt=14.5s
2026-07-16 07:55:50,699 [INFO] trainer: epoch 100 step 50/54 loss=2.0466 lr=1.84e-04
2026-07-16 07:55:51,665 [INFO] trainer: epoch 100 done train_loss=2.0550 dt=14.2s
2026-07-16 07:57:31,112 [INFO] trainer: epoch 100 val_mean_dice=0.3475
2026-07-16 07:57:45,147 [INFO] trainer: epoch 101 step 50/54 loss=2.0487 lr=1.84e-04
2026-07-16 07:57:46,113 [INFO] trainer: epoch 101 done train_loss=2.0539 dt=14.2s
2026-07-16 07:57:59,494 [INFO] trainer: epoch 102 step 50/54 loss=2.0420 lr=1.83e-04
2026-07-16 07:58:00,460 [INFO] trainer: epoch 102 done train_loss=2.0446 dt=14.3s
2026-07-16 07:58:13,419 [INFO] trainer: epoch 103 step 50/54 loss=2.0248 lr=1.83e-04
2026-07-16 07:58:14,385 [INFO] trainer: epoch 103 done train_loss=2.0248 dt=13.9s
2026-07-16 07:58:27,602 [INFO] trainer: epoch 104 step 50/54 loss=1.9812 lr=1.82e-04
2026-07-16 07:58:28,571 [INFO] trainer: epoch 104 done train_loss=1.9921 dt=14.2s
2026-07-16 07:58:41,868 [INFO] trainer: epoch 105 step 50/54 loss=2.0267 lr=1.82e-04
2026-07-16 07:58:42,836 [INFO] trainer: epoch 105 done train_loss=2.0145 dt=14.3s
2026-07-16 07:58:55,955 [INFO] trainer: epoch 106 step 50/54 loss=2.0207 lr=1.82e-04
2026-07-16 07:58:56,921 [INFO] trainer: epoch 106 done train_loss=2.0143 dt=14.1s
2026-07-16 07:59:10,133 [INFO] trainer: epoch 107 step 50/54 loss=2.0076 lr=1.81e-04
2026-07-16 07:59:11,100 [INFO] trainer: epoch 107 done train_loss=2.0110 dt=14.2s
2026-07-16 07:59:24,190 [INFO] trainer: epoch 108 step 50/54 loss=2.0049 lr=1.81e-04
2026-07-16 07:59:25,161 [INFO] trainer: epoch 108 done train_loss=2.0022 dt=14.1s
2026-07-16 07:59:38,145 [INFO] trainer: epoch 109 step 50/54 loss=2.0323 lr=1.81e-04
2026-07-16 07:59:39,112 [INFO] trainer: epoch 109 done train_loss=2.0159 dt=14.0s
2026-07-16 07:59:52,155 [INFO] trainer: epoch 110 step 50/54 loss=1.9755 lr=1.80e-04
2026-07-16 07:59:53,123 [INFO] trainer: epoch 110 done train_loss=1.9789 dt=14.0s
2026-07-16 08:00:06,836 [INFO] trainer: epoch 111 step 50/54 loss=2.0092 lr=1.80e-04
2026-07-16 08:00:07,803 [INFO] trainer: epoch 111 done train_loss=2.0019 dt=14.3s
2026-07-16 08:00:20,770 [INFO] trainer: epoch 112 step 50/54 loss=1.9721 lr=1.79e-04
2026-07-16 08:00:21,738 [INFO] trainer: epoch 112 done train_loss=1.9607 dt=13.9s
2026-07-16 08:00:34,861 [INFO] trainer: epoch 113 step 50/54 loss=1.9514 lr=1.79e-04
2026-07-16 08:00:35,829 [INFO] trainer: epoch 113 done train_loss=1.9470 dt=14.1s
2026-07-16 08:00:49,203 [INFO] trainer: epoch 114 step 50/54 loss=1.9545 lr=1.79e-04
2026-07-16 08:00:50,171 [INFO] trainer: epoch 114 done train_loss=1.9545 dt=14.3s
2026-07-16 08:01:03,404 [INFO] trainer: epoch 115 step 50/54 loss=1.9817 lr=1.78e-04
2026-07-16 08:01:04,372 [INFO] trainer: epoch 115 done train_loss=1.9659 dt=14.2s
2026-07-16 08:01:17,636 [INFO] trainer: epoch 116 step 50/54 loss=1.9685 lr=1.78e-04
2026-07-16 08:01:18,604 [INFO] trainer: epoch 116 done train_loss=1.9661 dt=14.2s
2026-07-16 08:01:31,763 [INFO] trainer: epoch 117 step 50/54 loss=1.9498 lr=1.78e-04
2026-07-16 08:01:32,729 [INFO] trainer: epoch 117 done train_loss=1.9498 dt=14.1s
2026-07-16 08:01:45,983 [INFO] trainer: epoch 118 step 50/54 loss=1.9322 lr=1.77e-04
2026-07-16 08:01:46,950 [INFO] trainer: epoch 118 done train_loss=1.9391 dt=14.2s
2026-07-16 08:01:59,927 [INFO] trainer: epoch 119 step 50/54 loss=1.9535 lr=1.77e-04
2026-07-16 08:02:00,895 [INFO] trainer: epoch 119 done train_loss=1.9530 dt=13.9s
2026-07-16 08:02:13,857 [INFO] trainer: epoch 120 step 50/54 loss=1.9173 lr=1.76e-04
2026-07-16 08:02:14,823 [INFO] trainer: epoch 120 done train_loss=1.9179 dt=13.9s
2026-07-16 08:02:28,460 [INFO] trainer: epoch 121 step 50/54 loss=1.8572 lr=1.76e-04
2026-07-16 08:02:29,427 [INFO] trainer: epoch 121 done train_loss=1.8684 dt=14.2s
2026-07-16 08:02:42,890 [INFO] trainer: epoch 122 step 50/54 loss=1.9134 lr=1.75e-04
2026-07-16 08:02:43,856 [INFO] trainer: epoch 122 done train_loss=1.9070 dt=14.4s
2026-07-16 08:02:56,998 [INFO] trainer: epoch 123 step 50/54 loss=1.9069 lr=1.75e-04
2026-07-16 08:02:57,963 [INFO] trainer: epoch 123 done train_loss=1.9299 dt=14.1s
2026-07-16 08:03:10,991 [INFO] trainer: epoch 124 step 50/54 loss=1.8743 lr=1.75e-04
2026-07-16 08:03:27,531 [INFO] trainer: epoch 124 done train_loss=1.8778 dt=29.6s
2026-07-16 08:03:40,511 [INFO] trainer: epoch 125 step 50/54 loss=1.9020 lr=1.74e-04
2026-07-16 08:03:41,478 [INFO] trainer: epoch 125 done train_loss=1.8928 dt=13.9s
2026-07-16 08:05:20,856 [INFO] trainer: epoch 125 val_mean_dice=0.4450
2026-07-16 08:05:34,565 [INFO] trainer: epoch 126 step 50/54 loss=1.9069 lr=1.74e-04
2026-07-16 08:05:35,532 [INFO] trainer: epoch 126 done train_loss=1.9191 dt=14.2s
2026-07-16 08:05:48,695 [INFO] trainer: epoch 127 step 50/54 loss=1.9070 lr=1.73e-04
2026-07-16 08:05:49,661 [INFO] trainer: epoch 127 done train_loss=1.9010 dt=14.1s
2026-07-16 08:06:02,908 [INFO] trainer: epoch 128 step 50/54 loss=1.9076 lr=1.73e-04
2026-07-16 08:06:03,874 [INFO] trainer: epoch 128 done train_loss=1.8984 dt=14.2s
2026-07-16 08:06:17,164 [INFO] trainer: epoch 129 step 50/54 loss=1.9024 lr=1.72e-04
2026-07-16 08:06:18,131 [INFO] trainer: epoch 129 done train_loss=1.9097 dt=14.3s
2026-07-16 08:06:31,494 [INFO] trainer: epoch 130 step 50/54 loss=1.9150 lr=1.72e-04
2026-07-16 08:06:32,460 [INFO] trainer: epoch 130 done train_loss=1.9031 dt=14.3s
2026-07-16 08:06:46,109 [INFO] trainer: epoch 131 step 50/54 loss=1.8949 lr=1.72e-04
2026-07-16 08:06:47,077 [INFO] trainer: epoch 131 done train_loss=1.8982 dt=14.2s
2026-07-16 08:07:00,020 [INFO] trainer: epoch 132 step 50/54 loss=1.8736 lr=1.71e-04
2026-07-16 08:07:00,987 [INFO] trainer: epoch 132 done train_loss=1.8734 dt=13.9s
2026-07-16 08:07:14,017 [INFO] trainer: epoch 133 step 50/54 loss=1.8560 lr=1.71e-04
2026-07-16 08:07:14,983 [INFO] trainer: epoch 133 done train_loss=1.8576 dt=14.0s
2026-07-16 08:07:28,102 [INFO] trainer: epoch 134 step 50/54 loss=1.8922 lr=1.70e-04
2026-07-16 08:07:29,068 [INFO] trainer: epoch 134 done train_loss=1.8838 dt=14.1s
2026-07-16 08:07:42,432 [INFO] trainer: epoch 135 step 50/54 loss=1.8836 lr=1.70e-04
2026-07-16 08:07:43,397 [INFO] trainer: epoch 135 done train_loss=1.8737 dt=14.3s
2026-07-16 08:07:56,518 [INFO] trainer: epoch 136 step 50/54 loss=1.8624 lr=1.69e-04
2026-07-16 08:07:57,484 [INFO] trainer: epoch 136 done train_loss=1.8601 dt=14.1s
2026-07-16 08:08:10,534 [INFO] trainer: epoch 137 step 50/54 loss=1.8201 lr=1.69e-04
2026-07-16 08:08:11,501 [INFO] trainer: epoch 137 done train_loss=1.8208 dt=14.0s
2026-07-16 08:08:24,553 [INFO] trainer: epoch 138 step 50/54 loss=1.8763 lr=1.68e-04
2026-07-16 08:08:25,520 [INFO] trainer: epoch 138 done train_loss=1.8678 dt=14.0s
2026-07-16 08:08:38,424 [INFO] trainer: epoch 139 step 50/54 loss=1.8163 lr=1.68e-04
2026-07-16 08:08:39,390 [INFO] trainer: epoch 139 done train_loss=1.8122 dt=13.9s
2026-07-16 08:08:52,674 [INFO] trainer: epoch 140 step 50/54 loss=1.8496 lr=1.67e-04
2026-07-16 08:08:53,640 [INFO] trainer: epoch 140 done train_loss=1.8481 dt=14.2s
2026-07-16 08:09:07,135 [INFO] trainer: epoch 141 step 50/54 loss=1.8611 lr=1.67e-04
2026-07-16 08:09:08,101 [INFO] trainer: epoch 141 done train_loss=1.8565 dt=14.0s
2026-07-16 08:09:21,031 [INFO] trainer: epoch 142 step 50/54 loss=1.8201 lr=1.66e-04
2026-07-16 08:09:21,998 [INFO] trainer: epoch 142 done train_loss=1.8107 dt=13.9s
2026-07-16 08:09:35,282 [INFO] trainer: epoch 143 step 50/54 loss=1.8191 lr=1.66e-04
2026-07-16 08:09:36,248 [INFO] trainer: epoch 143 done train_loss=1.8138 dt=14.2s
2026-07-16 08:09:49,400 [INFO] trainer: epoch 144 step 50/54 loss=1.8473 lr=1.66e-04
2026-07-16 08:09:50,365 [INFO] trainer: epoch 144 done train_loss=1.8481 dt=14.1s
2026-07-16 08:10:03,627 [INFO] trainer: epoch 145 step 50/54 loss=1.8263 lr=1.65e-04
2026-07-16 08:10:04,592 [INFO] trainer: epoch 145 done train_loss=1.8386 dt=14.2s
2026-07-16 08:10:17,670 [INFO] trainer: epoch 146 step 50/54 loss=1.8492 lr=1.65e-04
2026-07-16 08:10:18,636 [INFO] trainer: epoch 146 done train_loss=1.8417 dt=14.0s
2026-07-16 08:10:31,804 [INFO] trainer: epoch 147 step 50/54 loss=1.8529 lr=1.64e-04
2026-07-16 08:10:32,771 [INFO] trainer: epoch 147 done train_loss=1.8394 dt=14.1s
2026-07-16 08:10:45,784 [INFO] trainer: epoch 148 step 50/54 loss=1.8495 lr=1.64e-04
2026-07-16 08:10:46,750 [INFO] trainer: epoch 148 done train_loss=1.8385 dt=14.0s
2026-07-16 08:11:00,107 [INFO] trainer: epoch 149 step 50/54 loss=1.7986 lr=1.63e-04
2026-07-16 08:11:01,073 [INFO] trainer: epoch 149 done train_loss=1.8004 dt=14.3s
2026-07-16 08:11:14,278 [INFO] trainer: epoch 150 step 50/54 loss=1.8232 lr=1.63e-04
2026-07-16 08:11:15,243 [INFO] trainer: epoch 150 done train_loss=1.8321 dt=14.2s
2026-07-16 08:12:54,574 [INFO] trainer: epoch 150 val_mean_dice=0.4965
2026-07-16 08:13:08,489 [INFO] trainer: epoch 151 step 50/54 loss=1.8060 lr=1.62e-04
2026-07-16 08:13:09,458 [INFO] trainer: epoch 151 done train_loss=1.8102 dt=14.1s
2026-07-16 08:13:22,507 [INFO] trainer: epoch 152 step 50/54 loss=1.7817 lr=1.62e-04
2026-07-16 08:13:23,474 [INFO] trainer: epoch 152 done train_loss=1.7756 dt=14.0s
2026-07-16 08:13:36,661 [INFO] trainer: epoch 153 step 50/54 loss=1.7990 lr=1.61e-04
2026-07-16 08:13:37,628 [INFO] trainer: epoch 153 done train_loss=1.7877 dt=14.2s
2026-07-16 08:13:50,529 [INFO] trainer: epoch 154 step 50/54 loss=1.8354 lr=1.61e-04
2026-07-16 08:13:51,495 [INFO] trainer: epoch 154 done train_loss=1.8191 dt=13.9s
2026-07-16 08:14:04,420 [INFO] trainer: epoch 155 step 50/54 loss=1.8004 lr=1.60e-04
2026-07-16 08:14:05,387 [INFO] trainer: epoch 155 done train_loss=1.7925 dt=13.9s
2026-07-16 08:14:18,565 [INFO] trainer: epoch 156 step 50/54 loss=1.7969 lr=1.60e-04
2026-07-16 08:14:19,532 [INFO] trainer: epoch 156 done train_loss=1.7827 dt=14.1s
2026-07-16 08:14:32,488 [INFO] trainer: epoch 157 step 50/54 loss=1.7766 lr=1.59e-04
2026-07-16 08:14:33,455 [INFO] trainer: epoch 157 done train_loss=1.7914 dt=13.9s
2026-07-16 08:14:46,505 [INFO] trainer: epoch 158 step 50/54 loss=1.7938 lr=1.59e-04
2026-07-16 08:14:47,472 [INFO] trainer: epoch 158 done train_loss=1.7947 dt=14.0s
2026-07-16 08:15:00,366 [INFO] trainer: epoch 159 step 50/54 loss=1.8161 lr=1.58e-04
2026-07-16 08:15:01,333 [INFO] trainer: epoch 159 done train_loss=1.8135 dt=13.9s
2026-07-16 08:15:14,226 [INFO] trainer: epoch 160 step 50/54 loss=1.7915 lr=1.57e-04
2026-07-16 08:15:15,193 [INFO] trainer: epoch 160 done train_loss=1.7779 dt=13.9s
2026-07-16 08:15:28,764 [INFO] trainer: epoch 161 step 50/54 loss=1.7672 lr=1.57e-04
2026-07-16 08:15:29,728 [INFO] trainer: epoch 161 done train_loss=1.7622 dt=14.1s
2026-07-16 08:15:42,943 [INFO] trainer: epoch 162 step 50/54 loss=1.7620 lr=1.56e-04
2026-07-16 08:15:43,911 [INFO] trainer: epoch 162 done train_loss=1.7742 dt=14.2s
2026-07-16 08:15:57,277 [INFO] trainer: epoch 163 step 50/54 loss=1.7561 lr=1.56e-04
2026-07-16 08:15:58,250 [INFO] trainer: epoch 163 done train_loss=1.7677 dt=14.3s
2026-07-16 08:16:11,321 [INFO] trainer: epoch 164 step 50/54 loss=1.7756 lr=1.55e-04
2026-07-16 08:16:12,291 [INFO] trainer: epoch 164 done train_loss=1.7813 dt=14.0s
2026-07-16 08:16:25,368 [INFO] trainer: epoch 165 step 50/54 loss=1.7535 lr=1.55e-04
2026-07-16 08:16:26,334 [INFO] trainer: epoch 165 done train_loss=1.7465 dt=14.0s
2026-07-16 08:16:39,366 [INFO] trainer: epoch 166 step 50/54 loss=1.7782 lr=1.54e-04
2026-07-16 08:16:40,332 [INFO] trainer: epoch 166 done train_loss=1.7632 dt=14.0s
2026-07-16 08:16:53,360 [INFO] trainer: epoch 167 step 50/54 loss=1.7521 lr=1.54e-04
2026-07-16 08:16:54,328 [INFO] trainer: epoch 167 done train_loss=1.7556 dt=14.0s
2026-07-16 08:17:07,572 [INFO] trainer: epoch 168 step 50/54 loss=1.7881 lr=1.53e-04
2026-07-16 08:17:08,540 [INFO] trainer: epoch 168 done train_loss=1.7768 dt=14.2s
2026-07-16 08:17:21,710 [INFO] trainer: epoch 169 step 50/54 loss=1.7534 lr=1.53e-04
2026-07-16 08:17:22,675 [INFO] trainer: epoch 169 done train_loss=1.7592 dt=14.1s
2026-07-16 08:17:35,971 [INFO] trainer: epoch 170 step 50/54 loss=1.7914 lr=1.52e-04
2026-07-16 08:17:36,937 [INFO] trainer: epoch 170 done train_loss=1.7792 dt=14.3s
2026-07-16 08:17:50,582 [INFO] trainer: epoch 171 step 50/54 loss=1.7870 lr=1.52e-04
2026-07-16 08:17:51,549 [INFO] trainer: epoch 171 done train_loss=1.7905 dt=14.2s
2026-07-16 08:18:04,769 [INFO] trainer: epoch 172 step 50/54 loss=1.7309 lr=1.51e-04
2026-07-16 08:18:05,735 [INFO] trainer: epoch 172 done train_loss=1.7317 dt=14.2s
2026-07-16 08:18:18,730 [INFO] trainer: epoch 173 step 50/54 loss=1.7189 lr=1.50e-04
2026-07-16 08:18:19,697 [INFO] trainer: epoch 173 done train_loss=1.7167 dt=14.0s
2026-07-16 08:18:32,676 [INFO] trainer: epoch 174 step 50/54 loss=1.7617 lr=1.50e-04
2026-07-16 08:18:33,641 [INFO] trainer: epoch 174 done train_loss=1.7610 dt=13.9s
2026-07-16 08:18:46,874 [INFO] trainer: epoch 175 step 50/54 loss=1.7671 lr=1.49e-04
2026-07-16 08:18:47,839 [INFO] trainer: epoch 175 done train_loss=1.7551 dt=14.2s
2026-07-16 08:20:27,164 [INFO] trainer: epoch 175 val_mean_dice=0.5254
2026-07-16 08:20:40,910 [INFO] trainer: epoch 176 step 50/54 loss=1.7983 lr=1.49e-04
2026-07-16 08:20:41,877 [INFO] trainer: epoch 176 done train_loss=1.8021 dt=14.3s
2026-07-16 08:20:54,942 [INFO] trainer: epoch 177 step 50/54 loss=1.7214 lr=1.48e-04
2026-07-16 08:20:55,907 [INFO] trainer: epoch 177 done train_loss=1.7380 dt=14.0s
2026-07-16 08:21:09,048 [INFO] trainer: epoch 178 step 50/54 loss=1.7432 lr=1.48e-04
2026-07-16 08:21:10,015 [INFO] trainer: epoch 178 done train_loss=1.7396 dt=14.1s
2026-07-16 08:21:23,326 [INFO] trainer: epoch 179 step 50/54 loss=1.7419 lr=1.47e-04
2026-07-16 08:21:24,291 [INFO] trainer: epoch 179 done train_loss=1.7473 dt=14.3s
2026-07-16 08:21:37,482 [INFO] trainer: epoch 180 step 50/54 loss=1.7401 lr=1.47e-04
2026-07-16 08:21:38,447 [INFO] trainer: epoch 180 done train_loss=1.7294 dt=14.2s
2026-07-16 08:21:52,016 [INFO] trainer: epoch 181 step 50/54 loss=1.7566 lr=1.46e-04
2026-07-16 08:21:52,982 [INFO] trainer: epoch 181 done train_loss=1.7493 dt=14.1s
2026-07-16 08:22:06,127 [INFO] trainer: epoch 182 step 50/54 loss=1.7238 lr=1.45e-04
2026-07-16 08:22:07,094 [INFO] trainer: epoch 182 done train_loss=1.7245 dt=14.1s
2026-07-16 08:22:20,138 [INFO] trainer: epoch 183 step 50/54 loss=1.7508 lr=1.45e-04
2026-07-16 08:22:21,104 [INFO] trainer: epoch 183 done train_loss=1.7531 dt=14.0s
2026-07-16 08:22:34,232 [INFO] trainer: epoch 184 step 50/54 loss=1.7020 lr=1.44e-04
2026-07-16 08:22:35,198 [INFO] trainer: epoch 184 done train_loss=1.7084 dt=14.1s
2026-07-16 08:22:48,217 [INFO] trainer: epoch 185 step 50/54 loss=1.7383 lr=1.44e-04
2026-07-16 08:22:49,184 [INFO] trainer: epoch 185 done train_loss=1.7431 dt=14.0s
2026-07-16 08:23:02,515 [INFO] trainer: epoch 186 step 50/54 loss=1.7563 lr=1.43e-04
2026-07-16 08:23:03,480 [INFO] trainer: epoch 186 done train_loss=1.7576 dt=14.3s
2026-07-16 08:23:16,796 [INFO] trainer: epoch 187 step 50/54 loss=1.7360 lr=1.43e-04
2026-07-16 08:23:17,761 [INFO] trainer: epoch 187 done train_loss=1.7399 dt=14.3s
2026-07-16 08:23:30,903 [INFO] trainer: epoch 188 step 50/54 loss=1.7573 lr=1.42e-04
2026-07-16 08:23:31,871 [INFO] trainer: epoch 188 done train_loss=1.7486 dt=14.1s
2026-07-16 08:23:45,015 [INFO] trainer: epoch 189 step 50/54 loss=1.6953 lr=1.41e-04
2026-07-16 08:23:45,982 [INFO] trainer: epoch 189 done train_loss=1.7003 dt=14.1s
2026-07-16 08:23:59,348 [INFO] trainer: epoch 190 step 50/54 loss=1.7221 lr=1.41e-04
2026-07-16 08:24:00,312 [INFO] trainer: epoch 190 done train_loss=1.7149 dt=14.3s
2026-07-16 08:24:13,954 [INFO] trainer: epoch 191 step 50/54 loss=1.7007 lr=1.40e-04
2026-07-16 08:24:14,923 [INFO] trainer: epoch 191 done train_loss=1.7139 dt=14.2s
2026-07-16 08:24:27,865 [INFO] trainer: epoch 192 step 50/54 loss=1.7344 lr=1.40e-04
2026-07-16 08:24:28,833 [INFO] trainer: epoch 192 done train_loss=1.7281 dt=13.9s
2026-07-16 08:24:41,852 [INFO] trainer: epoch 193 step 50/54 loss=1.7091 lr=1.39e-04
2026-07-16 08:24:42,819 [INFO] trainer: epoch 193 done train_loss=1.7094 dt=14.0s
2026-07-16 08:24:55,908 [INFO] trainer: epoch 194 step 50/54 loss=1.6970 lr=1.38e-04
2026-07-16 08:24:56,875 [INFO] trainer: epoch 194 done train_loss=1.6938 dt=14.1s
2026-07-16 08:25:09,972 [INFO] trainer: epoch 195 step 50/54 loss=1.7470 lr=1.38e-04
2026-07-16 08:25:10,943 [INFO] trainer: epoch 195 done train_loss=1.7395 dt=14.1s
2026-07-16 08:25:24,114 [INFO] trainer: epoch 196 step 50/54 loss=1.6982 lr=1.37e-04
2026-07-16 08:25:25,082 [INFO] trainer: epoch 196 done train_loss=1.6962 dt=14.1s
2026-07-16 08:25:38,298 [INFO] trainer: epoch 197 step 50/54 loss=1.7020 lr=1.37e-04
2026-07-16 08:25:39,265 [INFO] trainer: epoch 197 done train_loss=1.7048 dt=14.2s
2026-07-16 08:25:52,495 [INFO] trainer: epoch 198 step 50/54 loss=1.7077 lr=1.36e-04
2026-07-16 08:25:53,460 [INFO] trainer: epoch 198 done train_loss=1.7067 dt=14.2s
2026-07-16 08:26:06,707 [INFO] trainer: epoch 199 step 50/54 loss=1.6890 lr=1.36e-04
2026-07-16 08:26:07,673 [INFO] trainer: epoch 199 done train_loss=1.6912 dt=14.2s
2026-07-16 08:26:20,760 [INFO] trainer: epoch 200 step 50/54 loss=1.7139 lr=1.35e-04
2026-07-16 08:26:21,727 [INFO] trainer: epoch 200 done train_loss=1.7236 dt=14.1s
2026-07-16 08:28:01,289 [INFO] trainer: epoch 200 val_mean_dice=0.5507
2026-07-16 08:28:15,288 [INFO] trainer: epoch 201 step 50/54 loss=1.6771 lr=1.34e-04
2026-07-16 08:28:16,254 [INFO] trainer: epoch 201 done train_loss=1.6932 dt=14.2s
2026-07-16 08:28:29,323 [INFO] trainer: epoch 202 step 50/54 loss=1.7039 lr=1.34e-04
2026-07-16 08:28:30,292 [INFO] trainer: epoch 202 done train_loss=1.7042 dt=14.0s
2026-07-16 08:28:43,426 [INFO] trainer: epoch 203 step 50/54 loss=1.6858 lr=1.33e-04
2026-07-16 08:28:44,394 [INFO] trainer: epoch 203 done train_loss=1.7047 dt=14.1s
2026-07-16 08:28:57,699 [INFO] trainer: epoch 204 step 50/54 loss=1.7077 lr=1.33e-04
2026-07-16 08:28:58,667 [INFO] trainer: epoch 204 done train_loss=1.7065 dt=14.3s
2026-07-16 08:29:12,118 [INFO] trainer: epoch 205 step 50/54 loss=1.6826 lr=1.32e-04
2026-07-16 08:29:13,089 [INFO] trainer: epoch 205 done train_loss=1.6884 dt=14.4s
2026-07-16 08:29:26,270 [INFO] trainer: epoch 206 step 50/54 loss=1.6916 lr=1.31e-04
2026-07-16 08:29:27,238 [INFO] trainer: epoch 206 done train_loss=1.6914 dt=14.1s
2026-07-16 08:29:40,493 [INFO] trainer: epoch 207 step 50/54 loss=1.6729 lr=1.31e-04
2026-07-16 08:29:41,462 [INFO] trainer: epoch 207 done train_loss=1.6864 dt=14.2s
2026-07-16 08:29:54,530 [INFO] trainer: epoch 208 step 50/54 loss=1.6618 lr=1.30e-04
2026-07-16 08:29:55,498 [INFO] trainer: epoch 208 done train_loss=1.6686 dt=14.0s
2026-07-16 08:30:08,675 [INFO] trainer: epoch 209 step 50/54 loss=1.6916 lr=1.29e-04
2026-07-16 08:30:09,642 [INFO] trainer: epoch 209 done train_loss=1.6849 dt=14.1s
2026-07-16 08:30:22,784 [INFO] trainer: epoch 210 step 50/54 loss=1.6762 lr=1.29e-04
2026-07-16 08:30:23,751 [INFO] trainer: epoch 210 done train_loss=1.6673 dt=14.1s
2026-07-16 08:30:37,229 [INFO] trainer: epoch 211 step 50/54 loss=1.6565 lr=1.28e-04
2026-07-16 08:30:38,196 [INFO] trainer: epoch 211 done train_loss=1.6539 dt=14.0s
2026-07-16 08:30:51,256 [INFO] trainer: epoch 212 step 50/54 loss=1.6994 lr=1.28e-04
2026-07-16 08:30:52,224 [INFO] trainer: epoch 212 done train_loss=1.6889 dt=14.0s
2026-07-16 08:31:05,414 [INFO] trainer: epoch 213 step 50/54 loss=1.7081 lr=1.27e-04
2026-07-16 08:31:06,381 [INFO] trainer: epoch 213 done train_loss=1.7002 dt=14.2s
2026-07-16 08:31:19,673 [INFO] trainer: epoch 214 step 50/54 loss=1.6408 lr=1.26e-04
2026-07-16 08:31:20,639 [INFO] trainer: epoch 214 done train_loss=1.6477 dt=14.3s
2026-07-16 08:31:33,943 [INFO] trainer: epoch 215 step 50/54 loss=1.6914 lr=1.26e-04
2026-07-16 08:31:34,909 [INFO] trainer: epoch 215 done train_loss=1.6873 dt=14.3s
2026-07-16 08:31:48,118 [INFO] trainer: epoch 216 step 50/54 loss=1.6942 lr=1.25e-04
2026-07-16 08:31:49,085 [INFO] trainer: epoch 216 done train_loss=1.6859 dt=14.2s
2026-07-16 08:32:02,193 [INFO] trainer: epoch 217 step 50/54 loss=1.6636 lr=1.25e-04
2026-07-16 08:32:03,159 [INFO] trainer: epoch 217 done train_loss=1.6638 dt=14.1s
2026-07-16 08:32:16,529 [INFO] trainer: epoch 218 step 50/54 loss=1.6693 lr=1.24e-04
2026-07-16 08:32:17,497 [INFO] trainer: epoch 218 done train_loss=1.6729 dt=14.3s
2026-07-16 08:32:31,003 [INFO] trainer: epoch 219 step 50/54 loss=1.6646 lr=1.23e-04
2026-07-16 08:32:31,968 [INFO] trainer: epoch 219 done train_loss=1.6662 dt=14.5s
2026-07-16 08:32:45,110 [INFO] trainer: epoch 220 step 50/54 loss=1.6660 lr=1.23e-04
2026-07-16 08:32:46,077 [INFO] trainer: epoch 220 done train_loss=1.6655 dt=14.1s
2026-07-16 08:33:01,274 [INFO] trainer: epoch 221 step 50/54 loss=1.6533 lr=1.22e-04
2026-07-16 08:33:02,240 [INFO] trainer: epoch 221 done train_loss=1.6481 dt=14.3s
2026-07-16 08:33:15,376 [INFO] trainer: epoch 222 step 50/54 loss=1.7023 lr=1.21e-04
2026-07-16 08:33:16,342 [INFO] trainer: epoch 222 done train_loss=1.7113 dt=14.1s
2026-07-16 08:33:29,459 [INFO] trainer: epoch 223 step 50/54 loss=1.6383 lr=1.21e-04
2026-07-16 08:33:30,426 [INFO] trainer: epoch 223 done train_loss=1.6303 dt=14.1s
2026-07-16 08:33:43,526 [INFO] trainer: epoch 224 step 50/54 loss=1.6931 lr=1.20e-04
2026-07-16 08:33:44,493 [INFO] trainer: epoch 224 done train_loss=1.6828 dt=14.1s
2026-07-16 08:33:57,745 [INFO] trainer: epoch 225 step 50/54 loss=1.7126 lr=1.20e-04
2026-07-16 08:33:58,712 [INFO] trainer: epoch 225 done train_loss=1.7050 dt=14.2s
2026-07-16 08:35:38,086 [INFO] trainer: epoch 225 val_mean_dice=0.5675
2026-07-16 08:35:51,483 [INFO] trainer: epoch 226 step 50/54 loss=1.6465 lr=1.19e-04
2026-07-16 08:35:52,451 [INFO] trainer: epoch 226 done train_loss=1.6578 dt=14.0s
2026-07-16 08:36:05,375 [INFO] trainer: epoch 227 step 50/54 loss=1.6350 lr=1.18e-04
2026-07-16 08:36:06,345 [INFO] trainer: epoch 227 done train_loss=1.6439 dt=13.9s
2026-07-16 08:36:19,404 [INFO] trainer: epoch 228 step 50/54 loss=1.6430 lr=1.18e-04
2026-07-16 08:36:20,372 [INFO] trainer: epoch 228 done train_loss=1.6341 dt=14.0s
2026-07-16 08:36:33,395 [INFO] trainer: epoch 229 step 50/54 loss=1.6850 lr=1.17e-04
2026-07-16 08:36:34,363 [INFO] trainer: epoch 229 done train_loss=1.6824 dt=14.0s
2026-07-16 08:36:47,672 [INFO] trainer: epoch 230 step 50/54 loss=1.7055 lr=1.16e-04
2026-07-16 08:36:48,639 [INFO] trainer: epoch 230 done train_loss=1.6969 dt=14.3s
2026-07-16 08:37:02,457 [INFO] trainer: epoch 231 step 50/54 loss=1.6488 lr=1.16e-04
2026-07-16 08:37:03,424 [INFO] trainer: epoch 231 done train_loss=1.6472 dt=14.4s
2026-07-16 08:37:16,693 [INFO] trainer: epoch 232 step 50/54 loss=1.6512 lr=1.15e-04
2026-07-16 08:37:17,660 [INFO] trainer: epoch 232 done train_loss=1.6428 dt=14.2s
2026-07-16 08:37:30,725 [INFO] trainer: epoch 233 step 50/54 loss=1.6384 lr=1.15e-04
2026-07-16 08:37:31,692 [INFO] trainer: epoch 233 done train_loss=1.6453 dt=14.0s
2026-07-16 08:37:44,682 [INFO] trainer: epoch 234 step 50/54 loss=1.6690 lr=1.14e-04
2026-07-16 08:37:45,649 [INFO] trainer: epoch 234 done train_loss=1.6774 dt=14.0s
2026-07-16 08:37:58,875 [INFO] trainer: epoch 235 step 50/54 loss=1.6512 lr=1.13e-04
2026-07-16 08:37:59,843 [INFO] trainer: epoch 235 done train_loss=1.6397 dt=14.2s
2026-07-16 08:38:12,904 [INFO] trainer: epoch 236 step 50/54 loss=1.6336 lr=1.13e-04
2026-07-16 08:38:13,873 [INFO] trainer: epoch 236 done train_loss=1.6239 dt=14.0s
2026-07-16 08:38:26,855 [INFO] trainer: epoch 237 step 50/54 loss=1.6398 lr=1.12e-04
2026-07-16 08:38:27,823 [INFO] trainer: epoch 237 done train_loss=1.6344 dt=13.9s
2026-07-16 08:38:40,899 [INFO] trainer: epoch 238 step 50/54 loss=1.6660 lr=1.11e-04
2026-07-16 08:38:41,867 [INFO] trainer: epoch 238 done train_loss=1.6511 dt=14.0s
2026-07-16 08:38:54,987 [INFO] trainer: epoch 239 step 50/54 loss=1.6683 lr=1.11e-04
2026-07-16 08:38:55,955 [INFO] trainer: epoch 239 done train_loss=1.6584 dt=14.1s
2026-07-16 08:39:09,253 [INFO] trainer: epoch 240 step 50/54 loss=1.6560 lr=1.10e-04
2026-07-16 08:39:10,220 [INFO] trainer: epoch 240 done train_loss=1.6508 dt=14.3s
2026-07-16 08:39:23,818 [INFO] trainer: epoch 241 step 50/54 loss=1.6443 lr=1.09e-04
2026-07-16 08:39:24,786 [INFO] trainer: epoch 241 done train_loss=1.6513 dt=14.1s
2026-07-16 08:39:38,003 [INFO] trainer: epoch 242 step 50/54 loss=1.6027 lr=1.09e-04
2026-07-16 08:39:38,971 [INFO] trainer: epoch 242 done train_loss=1.6040 dt=14.2s
2026-07-16 08:39:52,079 [INFO] trainer: epoch 243 step 50/54 loss=1.6296 lr=1.08e-04
2026-07-16 08:39:53,046 [INFO] trainer: epoch 243 done train_loss=1.6293 dt=14.1s
2026-07-16 08:40:06,218 [INFO] trainer: epoch 244 step 50/54 loss=1.6319 lr=1.08e-04
2026-07-16 08:40:07,183 [INFO] trainer: epoch 244 done train_loss=1.6269 dt=14.1s
2026-07-16 08:40:20,329 [INFO] trainer: epoch 245 step 50/54 loss=1.5927 lr=1.07e-04
2026-07-16 08:40:21,296 [INFO] trainer: epoch 245 done train_loss=1.5987 dt=14.1s
2026-07-16 08:40:34,488 [INFO] trainer: epoch 246 step 50/54 loss=1.6173 lr=1.06e-04
2026-07-16 08:40:35,455 [INFO] trainer: epoch 246 done train_loss=1.6121 dt=14.2s
2026-07-16 08:40:48,819 [INFO] trainer: epoch 247 step 50/54 loss=1.6561 lr=1.06e-04
2026-07-16 08:40:49,786 [INFO] trainer: epoch 247 done train_loss=1.6475 dt=14.3s
2026-07-16 08:41:03,022 [INFO] trainer: epoch 248 step 50/54 loss=1.6637 lr=1.05e-04
2026-07-16 08:41:03,989 [INFO] trainer: epoch 248 done train_loss=1.6570 dt=14.2s
2026-07-16 08:41:17,246 [INFO] trainer: epoch 249 step 50/54 loss=1.5902 lr=1.04e-04
2026-07-16 08:41:18,214 [INFO] trainer: epoch 249 done train_loss=1.5835 dt=14.2s
2026-07-16 08:41:31,329 [INFO] trainer: epoch 250 step 50/54 loss=1.6691 lr=1.04e-04
2026-07-16 08:41:32,296 [INFO] trainer: epoch 250 done train_loss=1.6553 dt=14.1s
2026-07-16 08:43:11,644 [INFO] trainer: epoch 250 val_mean_dice=0.5778
2026-07-16 08:43:25,733 [INFO] trainer: epoch 251 step 50/54 loss=1.6124 lr=1.03e-04
2026-07-16 08:43:26,700 [INFO] trainer: epoch 251 done train_loss=1.6177 dt=14.3s
2026-07-16 08:43:40,102 [INFO] trainer: epoch 252 step 50/54 loss=1.6065 lr=1.02e-04
2026-07-16 08:43:41,068 [INFO] trainer: epoch 252 done train_loss=1.6053 dt=14.4s
2026-07-16 08:43:54,145 [INFO] trainer: epoch 253 step 50/54 loss=1.6580 lr=1.02e-04
2026-07-16 08:43:55,112 [INFO] trainer: epoch 253 done train_loss=1.6688 dt=14.0s
2026-07-16 08:44:08,336 [INFO] trainer: epoch 254 step 50/54 loss=1.6455 lr=1.01e-04
2026-07-16 08:44:09,309 [INFO] trainer: epoch 254 done train_loss=1.6375 dt=14.2s
2026-07-16 08:44:22,462 [INFO] trainer: epoch 255 step 50/54 loss=1.6512 lr=1.01e-04
2026-07-16 08:44:23,429 [INFO] trainer: epoch 255 done train_loss=1.6563 dt=14.1s
2026-07-16 08:44:36,655 [INFO] trainer: epoch 256 step 50/54 loss=1.6232 lr=9.99e-05
2026-07-16 08:44:37,622 [INFO] trainer: epoch 256 done train_loss=1.6192 dt=14.2s
2026-07-16 08:44:50,677 [INFO] trainer: epoch 257 step 50/54 loss=1.6313 lr=9.93e-05
2026-07-16 08:44:51,643 [INFO] trainer: epoch 257 done train_loss=1.6391 dt=14.0s
2026-07-16 08:45:04,714 [INFO] trainer: epoch 258 step 50/54 loss=1.6259 lr=9.86e-05
2026-07-16 08:45:05,682 [INFO] trainer: epoch 258 done train_loss=1.6429 dt=14.0s
2026-07-16 08:45:18,794 [INFO] trainer: epoch 259 step 50/54 loss=1.6033 lr=9.80e-05
2026-07-16 08:45:19,761 [INFO] trainer: epoch 259 done train_loss=1.6105 dt=14.1s
2026-07-16 08:45:32,978 [INFO] trainer: epoch 260 step 50/54 loss=1.6166 lr=9.74e-05
2026-07-16 08:45:33,948 [INFO] trainer: epoch 260 done train_loss=1.6290 dt=14.2s
2026-07-16 08:45:47,526 [INFO] trainer: epoch 261 step 50/54 loss=1.6318 lr=9.67e-05
2026-07-16 08:45:48,494 [INFO] trainer: epoch 261 done train_loss=1.6488 dt=14.1s
2026-07-16 08:46:01,622 [INFO] trainer: epoch 262 step 50/54 loss=1.6129 lr=9.61e-05
2026-07-16 08:46:02,589 [INFO] trainer: epoch 262 done train_loss=1.6164 dt=14.1s
2026-07-16 08:46:15,959 [INFO] trainer: epoch 263 step 50/54 loss=1.6514 lr=9.54e-05
2026-07-16 08:46:16,926 [INFO] trainer: epoch 263 done train_loss=1.6473 dt=14.3s
2026-07-16 08:46:30,200 [INFO] trainer: epoch 264 step 50/54 loss=1.6523 lr=9.48e-05
2026-07-16 08:46:31,168 [INFO] trainer: epoch 264 done train_loss=1.6378 dt=14.2s
2026-07-16 08:46:44,415 [INFO] trainer: epoch 265 step 50/54 loss=1.6099 lr=9.42e-05
2026-07-16 08:46:45,383 [INFO] trainer: epoch 265 done train_loss=1.6192 dt=14.2s
2026-07-16 08:46:58,454 [INFO] trainer: epoch 266 step 50/54 loss=1.6094 lr=9.35e-05
2026-07-16 08:46:59,422 [INFO] trainer: epoch 266 done train_loss=1.6086 dt=14.0s
2026-07-16 08:47:12,422 [INFO] trainer: epoch 267 step 50/54 loss=1.6030 lr=9.29e-05
2026-07-16 08:47:13,389 [INFO] trainer: epoch 267 done train_loss=1.5892 dt=14.0s
2026-07-16 08:47:26,372 [INFO] trainer: epoch 268 step 50/54 loss=1.6165 lr=9.23e-05
2026-07-16 08:47:27,338 [INFO] trainer: epoch 268 done train_loss=1.6098 dt=13.9s
2026-07-16 08:47:40,383 [INFO] trainer: epoch 269 step 50/54 loss=1.6171 lr=9.16e-05
2026-07-16 08:47:41,353 [INFO] trainer: epoch 269 done train_loss=1.6102 dt=14.0s
2026-07-16 08:47:54,498 [INFO] trainer: epoch 270 step 50/54 loss=1.6182 lr=9.10e-05
2026-07-16 08:47:55,468 [INFO] trainer: epoch 270 done train_loss=1.6388 dt=14.1s
2026-07-16 08:48:08,789 [INFO] trainer: epoch 271 step 50/54 loss=1.5923 lr=9.04e-05
2026-07-16 08:48:09,756 [INFO] trainer: epoch 271 done train_loss=1.6029 dt=13.9s
2026-07-16 08:48:22,508 [INFO] trainer: epoch 272 step 50/54 loss=1.5879 lr=8.97e-05
2026-07-16 08:48:23,477 [INFO] trainer: epoch 272 done train_loss=1.5833 dt=13.7s
2026-07-16 08:48:36,541 [INFO] trainer: epoch 273 step 50/54 loss=1.6196 lr=8.91e-05
2026-07-16 08:48:37,508 [INFO] trainer: epoch 273 done train_loss=1.6123 dt=14.0s
2026-07-16 08:48:50,388 [INFO] trainer: epoch 274 step 50/54 loss=1.6007 lr=8.85e-05
2026-07-16 08:48:51,355 [INFO] trainer: epoch 274 done train_loss=1.5938 dt=13.8s
2026-07-16 08:49:04,468 [INFO] trainer: epoch 275 step 50/54 loss=1.5799 lr=8.78e-05
2026-07-16 08:49:05,434 [INFO] trainer: epoch 275 done train_loss=1.5728 dt=14.1s
2026-07-16 08:50:44,843 [INFO] trainer: epoch 275 val_mean_dice=0.5798
2026-07-16 08:50:58,468 [INFO] trainer: epoch 276 step 50/54 loss=1.6346 lr=8.72e-05
2026-07-16 08:50:59,437 [INFO] trainer: epoch 276 done train_loss=1.6313 dt=14.2s
2026-07-16 08:51:12,596 [INFO] trainer: epoch 277 step 50/54 loss=1.6434 lr=8.66e-05
2026-07-16 08:51:13,564 [INFO] trainer: epoch 277 done train_loss=1.6260 dt=14.1s
2026-07-16 08:51:26,606 [INFO] trainer: epoch 278 step 50/54 loss=1.6238 lr=8.59e-05
2026-07-16 08:51:27,573 [INFO] trainer: epoch 278 done train_loss=1.6355 dt=14.0s
2026-07-16 08:51:40,796 [INFO] trainer: epoch 279 step 50/54 loss=1.6248 lr=8.53e-05
2026-07-16 08:51:41,763 [INFO] trainer: epoch 279 done train_loss=1.6135 dt=14.2s
2026-07-16 08:51:54,990 [INFO] trainer: epoch 280 step 50/54 loss=1.5884 lr=8.47e-05
2026-07-16 08:51:55,957 [INFO] trainer: epoch 280 done train_loss=1.5982 dt=14.2s
2026-07-16 08:52:09,482 [INFO] trainer: epoch 281 step 50/54 loss=1.5855 lr=8.40e-05
2026-07-16 08:52:10,450 [INFO] trainer: epoch 281 done train_loss=1.6018 dt=14.1s
2026-07-16 08:52:23,516 [INFO] trainer: epoch 282 step 50/54 loss=1.6061 lr=8.34e-05
2026-07-16 08:52:24,484 [INFO] trainer: epoch 282 done train_loss=1.6076 dt=14.0s
2026-07-16 08:52:37,651 [INFO] trainer: epoch 283 step 50/54 loss=1.6271 lr=8.28e-05
2026-07-16 08:52:38,618 [INFO] trainer: epoch 283 done train_loss=1.6176 dt=14.1s
2026-07-16 08:52:51,732 [INFO] trainer: epoch 284 step 50/54 loss=1.5922 lr=8.22e-05
2026-07-16 08:52:52,699 [INFO] trainer: epoch 284 done train_loss=1.5997 dt=14.1s
2026-07-16 08:53:05,876 [INFO] trainer: epoch 285 step 50/54 loss=1.6065 lr=8.15e-05
2026-07-16 08:53:06,843 [INFO] trainer: epoch 285 done train_loss=1.6196 dt=14.1s
2026-07-16 08:53:19,842 [INFO] trainer: epoch 286 step 50/54 loss=1.6287 lr=8.09e-05
2026-07-16 08:53:20,808 [INFO] trainer: epoch 286 done train_loss=1.6358 dt=14.0s
2026-07-16 08:53:34,257 [INFO] trainer: epoch 287 step 50/54 loss=1.5945 lr=8.03e-05
2026-07-16 08:53:35,225 [INFO] trainer: epoch 287 done train_loss=1.5882 dt=14.4s
2026-07-16 08:53:48,451 [INFO] trainer: epoch 288 step 50/54 loss=1.5988 lr=7.97e-05
2026-07-16 08:53:49,418 [INFO] trainer: epoch 288 done train_loss=1.6065 dt=14.2s
2026-07-16 08:54:02,571 [INFO] trainer: epoch 289 step 50/54 loss=1.5958 lr=7.90e-05
2026-07-16 08:54:03,539 [INFO] trainer: epoch 289 done train_loss=1.6210 dt=14.1s
2026-07-16 08:54:16,866 [INFO] trainer: epoch 290 step 50/54 loss=1.6225 lr=7.84e-05
2026-07-16 08:54:17,833 [INFO] trainer: epoch 290 done train_loss=1.6106 dt=14.3s
2026-07-16 08:54:31,436 [INFO] trainer: epoch 291 step 50/54 loss=1.6053 lr=7.78e-05
2026-07-16 08:54:32,403 [INFO] trainer: epoch 291 done train_loss=1.6093 dt=14.2s
2026-07-16 08:54:45,795 [INFO] trainer: epoch 292 step 50/54 loss=1.5771 lr=7.72e-05
2026-07-16 08:54:46,765 [INFO] trainer: epoch 292 done train_loss=1.5687 dt=14.4s
2026-07-16 08:55:00,133 [INFO] trainer: epoch 293 step 50/54 loss=1.6000 lr=7.65e-05
2026-07-16 08:55:01,099 [INFO] trainer: epoch 293 done train_loss=1.5980 dt=14.3s
2026-07-16 08:55:14,261 [INFO] trainer: epoch 294 step 50/54 loss=1.5417 lr=7.59e-05
2026-07-16 08:55:15,228 [INFO] trainer: epoch 294 done train_loss=1.5527 dt=14.1s
2026-07-16 08:55:28,320 [INFO] trainer: epoch 295 step 50/54 loss=1.5434 lr=7.53e-05
2026-07-16 08:55:29,288 [INFO] trainer: epoch 295 done train_loss=1.5524 dt=14.1s
2026-07-16 08:55:42,591 [INFO] trainer: epoch 296 step 50/54 loss=1.5630 lr=7.47e-05
2026-07-16 08:55:43,559 [INFO] trainer: epoch 296 done train_loss=1.5730 dt=14.3s
2026-07-16 08:55:56,656 [INFO] trainer: epoch 297 step 50/54 loss=1.5840 lr=7.41e-05
2026-07-16 08:55:57,623 [INFO] trainer: epoch 297 done train_loss=1.5943 dt=14.1s
2026-07-16 08:56:10,766 [INFO] trainer: epoch 298 step 50/54 loss=1.5698 lr=7.35e-05
2026-07-16 08:56:11,734 [INFO] trainer: epoch 298 done train_loss=1.5712 dt=14.1s
2026-07-16 08:56:24,695 [INFO] trainer: epoch 299 step 50/54 loss=1.5711 lr=7.28e-05
2026-07-16 08:56:25,663 [INFO] trainer: epoch 299 done train_loss=1.5685 dt=13.9s
2026-07-16 08:56:38,667 [INFO] trainer: epoch 300 step 50/54 loss=1.5367 lr=7.22e-05
2026-07-16 08:56:39,633 [INFO] trainer: epoch 300 done train_loss=1.5356 dt=14.0s
2026-07-16 08:58:18,939 [INFO] trainer: epoch 300 val_mean_dice=0.5818
2026-07-16 08:58:32,990 [INFO] trainer: epoch 301 step 50/54 loss=1.5960 lr=7.16e-05
2026-07-16 08:58:33,958 [INFO] trainer: epoch 301 done train_loss=1.5972 dt=14.3s
2026-07-16 08:58:47,420 [INFO] trainer: epoch 302 step 50/54 loss=1.5892 lr=7.10e-05
2026-07-16 08:58:48,390 [INFO] trainer: epoch 302 done train_loss=1.5747 dt=14.4s
2026-07-16 08:59:01,447 [INFO] trainer: epoch 303 step 50/54 loss=1.5923 lr=7.04e-05
2026-07-16 08:59:02,415 [INFO] trainer: epoch 303 done train_loss=1.5982 dt=14.0s
2026-07-16 08:59:15,567 [INFO] trainer: epoch 304 step 50/54 loss=1.5694 lr=6.98e-05
2026-07-16 08:59:16,535 [INFO] trainer: epoch 304 done train_loss=1.5742 dt=14.1s
2026-07-16 08:59:29,686 [INFO] trainer: epoch 305 step 50/54 loss=1.5819 lr=6.92e-05
2026-07-16 08:59:30,653 [INFO] trainer: epoch 305 done train_loss=1.5826 dt=14.1s
2026-07-16 08:59:43,676 [INFO] trainer: epoch 306 step 50/54 loss=1.5326 lr=6.86e-05
2026-07-16 08:59:44,644 [INFO] trainer: epoch 306 done train_loss=1.5441 dt=14.0s
2026-07-16 08:59:57,675 [INFO] trainer: epoch 307 step 50/54 loss=1.5871 lr=6.80e-05
2026-07-16 08:59:58,643 [INFO] trainer: epoch 307 done train_loss=1.5864 dt=14.0s
2026-07-16 09:00:11,766 [INFO] trainer: epoch 308 step 50/54 loss=1.5913 lr=6.74e-05
2026-07-16 09:00:12,734 [INFO] trainer: epoch 308 done train_loss=1.5854 dt=14.1s
2026-07-16 09:00:25,762 [INFO] trainer: epoch 309 step 50/54 loss=1.5459 lr=6.68e-05
2026-07-16 09:00:26,730 [INFO] trainer: epoch 309 done train_loss=1.5510 dt=14.0s
2026-07-16 09:00:39,741 [INFO] trainer: epoch 310 step 50/54 loss=1.5815 lr=6.62e-05
2026-07-16 09:00:40,708 [INFO] trainer: epoch 310 done train_loss=1.5805 dt=14.0s
2026-07-16 09:00:54,264 [INFO] trainer: epoch 311 step 50/54 loss=1.6253 lr=6.56e-05
2026-07-16 09:00:55,232 [INFO] trainer: epoch 311 done train_loss=1.6169 dt=14.1s
2026-07-16 09:01:08,240 [INFO] trainer: epoch 312 step 50/54 loss=1.5824 lr=6.50e-05
2026-07-16 09:01:09,207 [INFO] trainer: epoch 312 done train_loss=1.5914 dt=14.0s
2026-07-16 09:01:22,328 [INFO] trainer: epoch 313 step 50/54 loss=1.5544 lr=6.44e-05
2026-07-16 09:01:23,296 [INFO] trainer: epoch 313 done train_loss=1.5623 dt=14.1s
2026-07-16 09:01:36,556 [INFO] trainer: epoch 314 step 50/54 loss=1.5954 lr=6.38e-05
2026-07-16 09:01:37,525 [INFO] trainer: epoch 314 done train_loss=1.5916 dt=14.2s
2026-07-16 09:01:50,727 [INFO] trainer: epoch 315 step 50/54 loss=1.5613 lr=6.32e-05
2026-07-16 09:01:51,694 [INFO] trainer: epoch 315 done train_loss=1.5657 dt=14.2s
2026-07-16 09:02:04,845 [INFO] trainer: epoch 316 step 50/54 loss=1.5997 lr=6.26e-05
2026-07-16 09:02:05,813 [INFO] trainer: epoch 316 done train_loss=1.5961 dt=14.1s
2026-07-16 09:02:18,976 [INFO] trainer: epoch 317 step 50/54 loss=1.5898 lr=6.20e-05
2026-07-16 09:02:19,943 [INFO] trainer: epoch 317 done train_loss=1.5806 dt=14.1s
2026-07-16 09:02:33,078 [INFO] trainer: epoch 318 step 50/54 loss=1.5427 lr=6.14e-05
2026-07-16 09:02:34,046 [INFO] trainer: epoch 318 done train_loss=1.5543 dt=14.1s
2026-07-16 09:02:47,283 [INFO] trainer: epoch 319 step 50/54 loss=1.5335 lr=6.09e-05
2026-07-16 09:02:48,252 [INFO] trainer: epoch 319 done train_loss=1.5445 dt=14.2s
2026-07-16 09:03:01,472 [INFO] trainer: epoch 320 step 50/54 loss=1.5612 lr=6.03e-05
2026-07-16 09:03:02,440 [INFO] trainer: epoch 320 done train_loss=1.5594 dt=14.2s
2026-07-16 09:03:16,144 [INFO] trainer: epoch 321 step 50/54 loss=1.5492 lr=5.97e-05
2026-07-16 09:03:17,112 [INFO] trainer: epoch 321 done train_loss=1.5483 dt=14.2s
2026-07-16 09:03:30,296 [INFO] trainer: epoch 322 step 50/54 loss=1.5177 lr=5.91e-05
2026-07-16 09:03:31,262 [INFO] trainer: epoch 322 done train_loss=1.5190 dt=14.1s
2026-07-16 09:03:44,661 [INFO] trainer: epoch 323 step 50/54 loss=1.5811 lr=5.85e-05
2026-07-16 09:03:45,628 [INFO] trainer: epoch 323 done train_loss=1.5846 dt=14.4s
2026-07-16 09:03:58,715 [INFO] trainer: epoch 324 step 50/54 loss=1.5603 lr=5.79e-05
2026-07-16 09:03:59,683 [INFO] trainer: epoch 324 done train_loss=1.5571 dt=14.1s
2026-07-16 09:04:12,728 [INFO] trainer: epoch 325 step 50/54 loss=1.5551 lr=5.74e-05
2026-07-16 09:04:13,695 [INFO] trainer: epoch 325 done train_loss=1.5555 dt=14.0s
2026-07-16 09:05:53,057 [INFO] trainer: epoch 325 val_mean_dice=0.5914
2026-07-16 09:06:06,582 [INFO] trainer: epoch 326 step 50/54 loss=1.5969 lr=5.68e-05
2026-07-16 09:06:07,552 [INFO] trainer: epoch 326 done train_loss=1.5892 dt=14.0s
2026-07-16 09:06:20,846 [INFO] trainer: epoch 327 step 50/54 loss=1.5962 lr=5.62e-05
2026-07-16 09:06:21,814 [INFO] trainer: epoch 327 done train_loss=1.6123 dt=14.3s
2026-07-16 09:06:34,966 [INFO] trainer: epoch 328 step 50/54 loss=1.5857 lr=5.57e-05
2026-07-16 09:06:35,935 [INFO] trainer: epoch 328 done train_loss=1.5769 dt=14.1s
2026-07-16 09:06:49,108 [INFO] trainer: epoch 329 step 50/54 loss=1.5502 lr=5.51e-05
2026-07-16 09:06:50,077 [INFO] trainer: epoch 329 done train_loss=1.5425 dt=14.1s
2026-07-16 09:07:03,390 [INFO] trainer: epoch 330 step 50/54 loss=1.5527 lr=5.45e-05
2026-07-16 09:07:04,357 [INFO] trainer: epoch 330 done train_loss=1.5519 dt=14.3s
2026-07-16 09:07:17,776 [INFO] trainer: epoch 331 step 50/54 loss=1.5679 lr=5.40e-05
2026-07-16 09:07:18,744 [INFO] trainer: epoch 331 done train_loss=1.5691 dt=14.0s
2026-07-16 09:07:31,893 [INFO] trainer: epoch 332 step 50/54 loss=1.5404 lr=5.34e-05
2026-07-16 09:07:32,861 [INFO] trainer: epoch 332 done train_loss=1.5300 dt=14.1s
2026-07-16 09:07:46,218 [INFO] trainer: epoch 333 step 50/54 loss=1.5705 lr=5.28e-05
2026-07-16 09:07:47,185 [INFO] trainer: epoch 333 done train_loss=1.5719 dt=14.3s
2026-07-16 09:08:00,374 [INFO] trainer: epoch 334 step 50/54 loss=1.5682 lr=5.23e-05
2026-07-16 09:08:01,343 [INFO] trainer: epoch 334 done train_loss=1.5688 dt=14.2s
2026-07-16 09:08:14,383 [INFO] trainer: epoch 335 step 50/54 loss=1.5409 lr=5.17e-05
2026-07-16 09:08:15,351 [INFO] trainer: epoch 335 done train_loss=1.5331 dt=14.0s
2026-07-16 09:08:28,264 [INFO] trainer: epoch 336 step 50/54 loss=1.5373 lr=5.12e-05
2026-07-16 09:08:29,235 [INFO] trainer: epoch 336 done train_loss=1.5423 dt=13.9s
2026-07-16 09:08:42,472 [INFO] trainer: epoch 337 step 50/54 loss=1.5862 lr=5.06e-05
2026-07-16 09:08:43,440 [INFO] trainer: epoch 337 done train_loss=1.5880 dt=14.2s
2026-07-16 09:08:56,632 [INFO] trainer: epoch 338 step 50/54 loss=1.5486 lr=5.01e-05
2026-07-16 09:08:57,600 [INFO] trainer: epoch 338 done train_loss=1.5549 dt=14.2s
2026-07-16 09:09:10,708 [INFO] trainer: epoch 339 step 50/54 loss=1.5602 lr=4.95e-05
2026-07-16 09:09:11,675 [INFO] trainer: epoch 339 done train_loss=1.5595 dt=14.1s
2026-07-16 09:09:24,983 [INFO] trainer: epoch 340 step 50/54 loss=1.5724 lr=4.90e-05
2026-07-16 09:09:25,952 [INFO] trainer: epoch 340 done train_loss=1.5775 dt=14.3s
2026-07-16 09:09:39,356 [INFO] trainer: epoch 341 step 50/54 loss=1.5203 lr=4.84e-05
2026-07-16 09:09:40,324 [INFO] trainer: epoch 341 done train_loss=1.5311 dt=14.0s
2026-07-16 09:09:53,551 [INFO] trainer: epoch 342 step 50/54 loss=1.5515 lr=4.79e-05
2026-07-16 09:09:54,519 [INFO] trainer: epoch 342 done train_loss=1.5524 dt=14.2s
2026-07-16 09:10:07,459 [INFO] trainer: epoch 343 step 50/54 loss=1.5438 lr=4.73e-05
2026-07-16 09:10:08,426 [INFO] trainer: epoch 343 done train_loss=1.5346 dt=13.9s
2026-07-16 09:10:21,881 [INFO] trainer: epoch 344 step 50/54 loss=1.5684 lr=4.68e-05
2026-07-16 09:10:22,850 [INFO] trainer: epoch 344 done train_loss=1.5643 dt=14.4s
2026-07-16 09:10:36,072 [INFO] trainer: epoch 345 step 50/54 loss=1.5201 lr=4.63e-05
2026-07-16 09:10:37,039 [INFO] trainer: epoch 345 done train_loss=1.5137 dt=14.2s
2026-07-16 09:10:50,148 [INFO] trainer: epoch 346 step 50/54 loss=1.5805 lr=4.57e-05
2026-07-16 09:10:51,116 [INFO] trainer: epoch 346 done train_loss=1.5680 dt=14.1s
2026-07-16 09:11:04,140 [INFO] trainer: epoch 347 step 50/54 loss=1.5284 lr=4.52e-05
2026-07-16 09:11:05,110 [INFO] trainer: epoch 347 done train_loss=1.5412 dt=14.0s
2026-07-16 09:11:18,131 [INFO] trainer: epoch 348 step 50/54 loss=1.5844 lr=4.47e-05
2026-07-16 09:11:19,100 [INFO] trainer: epoch 348 done train_loss=1.5838 dt=14.0s
2026-07-16 09:11:32,195 [INFO] trainer: epoch 349 step 50/54 loss=1.5761 lr=4.41e-05
2026-07-16 09:11:33,163 [INFO] trainer: epoch 349 done train_loss=1.5599 dt=14.1s
2026-07-16 09:11:46,486 [INFO] trainer: epoch 350 step 50/54 loss=1.5287 lr=4.36e-05
2026-07-16 09:11:47,452 [INFO] trainer: epoch 350 done train_loss=1.5211 dt=14.3s
2026-07-16 09:13:27,290 [INFO] trainer: epoch 350 val_mean_dice=0.5980
2026-07-16 09:13:41,452 [INFO] trainer: epoch 351 step 50/54 loss=1.5500 lr=4.31e-05
2026-07-16 09:13:42,420 [INFO] trainer: epoch 351 done train_loss=1.5497 dt=14.2s
2026-07-16 09:13:55,605 [INFO] trainer: epoch 352 step 50/54 loss=1.5960 lr=4.26e-05
2026-07-16 09:13:56,574 [INFO] trainer: epoch 352 done train_loss=1.6106 dt=14.2s
2026-07-16 09:14:09,599 [INFO] trainer: epoch 353 step 50/54 loss=1.5434 lr=4.21e-05
2026-07-16 09:14:10,568 [INFO] trainer: epoch 353 done train_loss=1.5440 dt=14.0s
2026-07-16 09:14:23,897 [INFO] trainer: epoch 354 step 50/54 loss=1.5388 lr=4.15e-05
2026-07-16 09:14:24,865 [INFO] trainer: epoch 354 done train_loss=1.5394 dt=14.3s
2026-07-16 09:14:38,016 [INFO] trainer: epoch 355 step 50/54 loss=1.5605 lr=4.10e-05
2026-07-16 09:14:38,985 [INFO] trainer: epoch 355 done train_loss=1.5614 dt=14.1s
2026-07-16 09:14:52,275 [INFO] trainer: epoch 356 step 50/54 loss=1.5248 lr=4.05e-05
2026-07-16 09:14:53,244 [INFO] trainer: epoch 356 done train_loss=1.5288 dt=14.3s
2026-07-16 09:15:06,477 [INFO] trainer: epoch 357 step 50/54 loss=1.5581 lr=4.00e-05
2026-07-16 09:15:07,445 [INFO] trainer: epoch 357 done train_loss=1.5664 dt=14.2s
2026-07-16 09:15:20,514 [INFO] trainer: epoch 358 step 50/54 loss=1.5495 lr=3.95e-05
2026-07-16 09:15:21,483 [INFO] trainer: epoch 358 done train_loss=1.5517 dt=14.0s
2026-07-16 09:15:34,868 [INFO] trainer: epoch 359 step 50/54 loss=1.5654 lr=3.90e-05
2026-07-16 09:15:35,840 [INFO] trainer: epoch 359 done train_loss=1.5635 dt=14.4s
2026-07-16 09:15:49,105 [INFO] trainer: epoch 360 step 50/54 loss=1.5467 lr=3.85e-05
2026-07-16 09:15:50,074 [INFO] trainer: epoch 360 done train_loss=1.5462 dt=14.2s
2026-07-16 09:16:03,780 [INFO] trainer: epoch 361 step 50/54 loss=1.5553 lr=3.80e-05
2026-07-16 09:16:04,746 [INFO] trainer: epoch 361 done train_loss=1.5547 dt=14.3s
2026-07-16 09:16:17,884 [INFO] trainer: epoch 362 step 50/54 loss=1.5887 lr=3.75e-05
2026-07-16 09:16:18,852 [INFO] trainer: epoch 362 done train_loss=1.5730 dt=14.1s
2026-07-16 09:16:31,893 [INFO] trainer: epoch 363 step 50/54 loss=1.5535 lr=3.70e-05
2026-07-16 09:16:32,858 [INFO] trainer: epoch 363 done train_loss=1.5543 dt=14.0s
2026-07-16 09:16:45,930 [INFO] trainer: epoch 364 step 50/54 loss=1.5466 lr=3.65e-05
2026-07-16 09:16:46,897 [INFO] trainer: epoch 364 done train_loss=1.5645 dt=14.0s
2026-07-16 09:17:00,165 [INFO] trainer: epoch 365 step 50/54 loss=1.5175 lr=3.60e-05
2026-07-16 09:17:01,133 [INFO] trainer: epoch 365 done train_loss=1.5047 dt=14.2s
2026-07-16 09:17:14,731 [INFO] trainer: epoch 366 step 50/54 loss=1.5808 lr=3.56e-05
2026-07-16 09:17:15,697 [INFO] trainer: epoch 366 done train_loss=1.5878 dt=14.6s
2026-07-16 09:17:28,544 [INFO] trainer: epoch 367 step 50/54 loss=1.5528 lr=3.51e-05
2026-07-16 09:17:29,512 [INFO] trainer: epoch 367 done train_loss=1.5461 dt=13.8s
2026-07-16 09:17:42,662 [INFO] trainer: epoch 368 step 50/54 loss=1.5258 lr=3.46e-05
2026-07-16 09:17:43,630 [INFO] trainer: epoch 368 done train_loss=1.5244 dt=14.1s
2026-07-16 09:17:56,664 [INFO] trainer: epoch 369 step 50/54 loss=1.5221 lr=3.41e-05
2026-07-16 09:17:57,632 [INFO] trainer: epoch 369 done train_loss=1.5286 dt=14.0s
2026-07-16 09:18:10,851 [INFO] trainer: epoch 370 step 50/54 loss=1.5471 lr=3.36e-05
2026-07-16 09:18:11,818 [INFO] trainer: epoch 370 done train_loss=1.5422 dt=14.2s
2026-07-16 09:18:25,502 [INFO] trainer: epoch 371 step 50/54 loss=1.5535 lr=3.32e-05
2026-07-16 09:18:26,469 [INFO] trainer: epoch 371 done train_loss=1.5538 dt=14.3s
2026-07-16 09:18:39,782 [INFO] trainer: epoch 372 step 50/54 loss=1.5261 lr=3.27e-05
2026-07-16 09:18:40,749 [INFO] trainer: epoch 372 done train_loss=1.5203 dt=14.3s
2026-07-16 09:18:53,991 [INFO] trainer: epoch 373 step 50/54 loss=1.5401 lr=3.22e-05
2026-07-16 09:18:54,960 [INFO] trainer: epoch 373 done train_loss=1.5410 dt=14.2s
2026-07-16 09:19:08,080 [INFO] trainer: epoch 374 step 50/54 loss=1.5504 lr=3.18e-05
2026-07-16 09:19:09,048 [INFO] trainer: epoch 374 done train_loss=1.5519 dt=14.1s
2026-07-16 09:19:22,229 [INFO] trainer: epoch 375 step 50/54 loss=1.5501 lr=3.13e-05
2026-07-16 09:19:23,196 [INFO] trainer: epoch 375 done train_loss=1.5343 dt=14.1s
2026-07-16 09:21:02,469 [INFO] trainer: epoch 375 val_mean_dice=0.6036
2026-07-16 09:21:16,017 [INFO] trainer: epoch 376 step 50/54 loss=1.5402 lr=3.09e-05
2026-07-16 09:21:16,984 [INFO] trainer: epoch 376 done train_loss=1.5398 dt=14.1s
2026-07-16 09:21:29,984 [INFO] trainer: epoch 377 step 50/54 loss=1.5135 lr=3.04e-05
2026-07-16 09:21:30,951 [INFO] trainer: epoch 377 done train_loss=1.5136 dt=14.0s
2026-07-16 09:21:43,962 [INFO] trainer: epoch 378 step 50/54 loss=1.5165 lr=3.00e-05
2026-07-16 09:21:44,933 [INFO] trainer: epoch 378 done train_loss=1.5214 dt=14.0s
2026-07-16 09:21:57,935 [INFO] trainer: epoch 379 step 50/54 loss=1.4968 lr=2.95e-05
2026-07-16 09:21:58,905 [INFO] trainer: epoch 379 done train_loss=1.4999 dt=14.0s
2026-07-16 09:22:12,129 [INFO] trainer: epoch 380 step 50/54 loss=1.5013 lr=2.91e-05
2026-07-16 09:22:13,095 [INFO] trainer: epoch 380 done train_loss=1.4961 dt=14.2s
2026-07-16 09:22:26,478 [INFO] trainer: epoch 381 step 50/54 loss=1.5207 lr=2.86e-05
2026-07-16 09:22:27,447 [INFO] trainer: epoch 381 done train_loss=1.5169 dt=14.0s
2026-07-16 09:22:40,489 [INFO] trainer: epoch 382 step 50/54 loss=1.5446 lr=2.82e-05
2026-07-16 09:22:41,458 [INFO] trainer: epoch 382 done train_loss=1.5357 dt=14.0s
2026-07-16 09:22:54,614 [INFO] trainer: epoch 383 step 50/54 loss=1.5192 lr=2.77e-05
2026-07-16 09:22:55,581 [INFO] trainer: epoch 383 done train_loss=1.5303 dt=14.1s
2026-07-16 09:23:08,469 [INFO] trainer: epoch 384 step 50/54 loss=1.5835 lr=2.73e-05
2026-07-16 09:23:09,436 [INFO] trainer: epoch 384 done train_loss=1.5840 dt=13.9s
2026-07-16 09:23:22,457 [INFO] trainer: epoch 385 step 50/54 loss=1.5314 lr=2.69e-05
2026-07-16 09:23:23,425 [INFO] trainer: epoch 385 done train_loss=1.5281 dt=14.0s
2026-07-16 09:23:36,701 [INFO] trainer: epoch 386 step 50/54 loss=1.5088 lr=2.64e-05
2026-07-16 09:23:37,668 [INFO] trainer: epoch 386 done train_loss=1.5143 dt=14.2s
2026-07-16 09:23:50,910 [INFO] trainer: epoch 387 step 50/54 loss=1.5030 lr=2.60e-05
2026-07-16 09:23:51,878 [INFO] trainer: epoch 387 done train_loss=1.5063 dt=14.2s
2026-07-16 09:24:04,787 [INFO] trainer: epoch 388 step 50/54 loss=1.5464 lr=2.56e-05
2026-07-16 09:24:05,754 [INFO] trainer: epoch 388 done train_loss=1.5272 dt=13.9s
2026-07-16 09:24:19,107 [INFO] trainer: epoch 389 step 50/54 loss=1.5114 lr=2.52e-05
2026-07-16 09:24:20,076 [INFO] trainer: epoch 389 done train_loss=1.5137 dt=14.3s
2026-07-16 09:24:33,105 [INFO] trainer: epoch 390 step 50/54 loss=1.5411 lr=2.48e-05
2026-07-16 09:24:34,074 [INFO] trainer: epoch 390 done train_loss=1.5464 dt=14.0s
2026-07-16 09:24:47,493 [INFO] trainer: epoch 391 step 50/54 loss=1.5402 lr=2.44e-05
2026-07-16 09:24:48,462 [INFO] trainer: epoch 391 done train_loss=1.5406 dt=14.0s
2026-07-16 09:25:01,363 [INFO] trainer: epoch 392 step 50/54 loss=1.5101 lr=2.39e-05
2026-07-16 09:25:02,329 [INFO] trainer: epoch 392 done train_loss=1.5216 dt=13.9s
2026-07-16 09:25:19,801 [INFO] trainer: epoch 393 step 50/54 loss=1.5244 lr=2.35e-05
2026-07-16 09:25:20,769 [INFO] trainer: epoch 393 done train_loss=1.5316 dt=18.4s
2026-07-16 09:25:33,753 [INFO] trainer: epoch 394 step 50/54 loss=1.5420 lr=2.31e-05
2026-07-16 09:25:34,719 [INFO] trainer: epoch 394 done train_loss=1.5462 dt=13.9s
2026-07-16 09:25:47,763 [INFO] trainer: epoch 395 step 50/54 loss=1.5195 lr=2.27e-05
2026-07-16 09:25:48,731 [INFO] trainer: epoch 395 done train_loss=1.5274 dt=14.0s
2026-07-16 09:26:01,848 [INFO] trainer: epoch 396 step 50/54 loss=1.5344 lr=2.23e-05
2026-07-16 09:26:02,816 [INFO] trainer: epoch 396 done train_loss=1.5312 dt=14.1s
2026-07-16 09:26:15,965 [INFO] trainer: epoch 397 step 50/54 loss=1.5050 lr=2.19e-05
2026-07-16 09:26:16,933 [INFO] trainer: epoch 397 done train_loss=1.5033 dt=14.1s
2026-07-16 09:26:29,929 [INFO] trainer: epoch 398 step 50/54 loss=1.5127 lr=2.16e-05
2026-07-16 09:26:30,897 [INFO] trainer: epoch 398 done train_loss=1.5008 dt=14.0s
2026-07-16 09:26:44,117 [INFO] trainer: epoch 399 step 50/54 loss=1.5138 lr=2.12e-05
2026-07-16 09:26:45,085 [INFO] trainer: epoch 399 done train_loss=1.5178 dt=14.2s
2026-07-16 09:26:57,998 [INFO] trainer: epoch 400 step 50/54 loss=1.5122 lr=2.08e-05
2026-07-16 09:26:58,965 [INFO] trainer: epoch 400 done train_loss=1.4963 dt=13.9s
2026-07-16 09:28:38,239 [INFO] trainer: epoch 400 val_mean_dice=0.6039
2026-07-16 09:28:52,125 [INFO] trainer: epoch 401 step 50/54 loss=1.5376 lr=2.04e-05
2026-07-16 09:28:53,090 [INFO] trainer: epoch 401 done train_loss=1.5369 dt=14.1s
2026-07-16 09:29:06,081 [INFO] trainer: epoch 402 step 50/54 loss=1.5504 lr=2.00e-05
2026-07-16 09:29:07,049 [INFO] trainer: epoch 402 done train_loss=1.5486 dt=14.0s
2026-07-16 09:29:20,194 [INFO] trainer: epoch 403 step 50/54 loss=1.5422 lr=1.97e-05
2026-07-16 09:29:21,160 [INFO] trainer: epoch 403 done train_loss=1.5344 dt=14.1s
2026-07-16 09:29:34,164 [INFO] trainer: epoch 404 step 50/54 loss=1.5036 lr=1.93e-05
2026-07-16 09:29:35,130 [INFO] trainer: epoch 404 done train_loss=1.4934 dt=14.0s
2026-07-16 09:29:48,302 [INFO] trainer: epoch 405 step 50/54 loss=1.5568 lr=1.89e-05
2026-07-16 09:29:49,268 [INFO] trainer: epoch 405 done train_loss=1.5471 dt=14.1s
2026-07-16 09:30:02,348 [INFO] trainer: epoch 406 step 50/54 loss=1.5355 lr=1.86e-05
2026-07-16 09:30:03,315 [INFO] trainer: epoch 406 done train_loss=1.5372 dt=14.0s
2026-07-16 09:30:16,264 [INFO] trainer: epoch 407 step 50/54 loss=1.5220 lr=1.82e-05
2026-07-16 09:30:17,232 [INFO] trainer: epoch 407 done train_loss=1.5291 dt=13.9s
2026-07-16 09:30:30,422 [INFO] trainer: epoch 408 step 50/54 loss=1.4996 lr=1.78e-05
2026-07-16 09:30:31,389 [INFO] trainer: epoch 408 done train_loss=1.4936 dt=14.1s
2026-07-16 09:30:44,413 [INFO] trainer: epoch 409 step 50/54 loss=1.5014 lr=1.75e-05
2026-07-16 09:30:45,380 [INFO] trainer: epoch 409 done train_loss=1.5003 dt=14.0s
2026-07-16 09:30:58,384 [INFO] trainer: epoch 410 step 50/54 loss=1.5125 lr=1.71e-05
2026-07-16 09:30:59,351 [INFO] trainer: epoch 410 done train_loss=1.5179 dt=14.0s
2026-07-16 09:31:12,724 [INFO] trainer: epoch 411 step 50/54 loss=1.4836 lr=1.68e-05
2026-07-16 09:31:13,693 [INFO] trainer: epoch 411 done train_loss=1.4869 dt=14.0s
2026-07-16 09:31:26,707 [INFO] trainer: epoch 412 step 50/54 loss=1.5459 lr=1.64e-05
2026-07-16 09:31:27,675 [INFO] trainer: epoch 412 done train_loss=1.5328 dt=14.0s
2026-07-16 09:31:40,555 [INFO] trainer: epoch 413 step 50/54 loss=1.4870 lr=1.61e-05
2026-07-16 09:31:41,523 [INFO] trainer: epoch 413 done train_loss=1.5000 dt=13.8s
2026-07-16 09:31:54,601 [INFO] trainer: epoch 414 step 50/54 loss=1.5234 lr=1.58e-05
2026-07-16 09:31:55,569 [INFO] trainer: epoch 414 done train_loss=1.5315 dt=14.0s
2026-07-16 09:32:08,711 [INFO] trainer: epoch 415 step 50/54 loss=1.5411 lr=1.54e-05
2026-07-16 09:32:09,680 [INFO] trainer: epoch 415 done train_loss=1.5276 dt=14.1s
2026-07-16 09:32:22,842 [INFO] trainer: epoch 416 step 50/54 loss=1.5383 lr=1.51e-05
2026-07-16 09:32:23,811 [INFO] trainer: epoch 416 done train_loss=1.5369 dt=14.1s
2026-07-16 09:32:37,364 [INFO] trainer: epoch 417 step 50/54 loss=1.5159 lr=1.48e-05
2026-07-16 09:32:38,332 [INFO] trainer: epoch 417 done train_loss=1.5183 dt=14.5s
2026-07-16 09:33:03,032 [INFO] trainer: epoch 418 step 50/54 loss=1.4932 lr=1.45e-05
2026-07-16 09:33:04,001 [INFO] trainer: epoch 418 done train_loss=1.4902 dt=25.7s
2026-07-16 09:33:17,195 [INFO] trainer: epoch 419 step 50/54 loss=1.5194 lr=1.41e-05
2026-07-16 09:33:18,163 [INFO] trainer: epoch 419 done train_loss=1.5141 dt=14.2s
2026-07-16 09:33:31,246 [INFO] trainer: epoch 420 step 50/54 loss=1.5152 lr=1.38e-05
2026-07-16 09:33:32,217 [INFO] trainer: epoch 420 done train_loss=1.5282 dt=14.1s
2026-07-16 09:33:45,502 [INFO] trainer: epoch 421 step 50/54 loss=1.4613 lr=1.35e-05
2026-07-16 09:33:46,470 [INFO] trainer: epoch 421 done train_loss=1.4604 dt=13.8s
2026-07-16 09:33:59,450 [INFO] trainer: epoch 422 step 50/54 loss=1.5023 lr=1.32e-05
2026-07-16 09:34:00,418 [INFO] trainer: epoch 422 done train_loss=1.5100 dt=13.9s
2026-07-16 09:34:13,476 [INFO] trainer: epoch 423 step 50/54 loss=1.5174 lr=1.29e-05
2026-07-16 09:34:14,443 [INFO] trainer: epoch 423 done train_loss=1.5147 dt=14.0s
2026-07-16 09:34:27,416 [INFO] trainer: epoch 424 step 50/54 loss=1.5077 lr=1.26e-05
2026-07-16 09:34:28,383 [INFO] trainer: epoch 424 done train_loss=1.5030 dt=13.9s
2026-07-16 09:34:41,609 [INFO] trainer: epoch 425 step 50/54 loss=1.5411 lr=1.23e-05
2026-07-16 09:34:42,576 [INFO] trainer: epoch 425 done train_loss=1.5408 dt=14.2s
2026-07-16 09:36:21,931 [INFO] trainer: epoch 425 val_mean_dice=0.6049
2026-07-16 09:36:35,205 [INFO] trainer: epoch 426 step 50/54 loss=1.4913 lr=1.20e-05
2026-07-16 09:36:36,175 [INFO] trainer: epoch 426 done train_loss=1.4959 dt=13.9s
2026-07-16 09:36:49,489 [INFO] trainer: epoch 427 step 50/54 loss=1.5397 lr=1.17e-05
2026-07-16 09:36:50,460 [INFO] trainer: epoch 427 done train_loss=1.5464 dt=14.3s
2026-07-16 09:37:03,500 [INFO] trainer: epoch 428 step 50/54 loss=1.5081 lr=1.14e-05
2026-07-16 09:37:04,467 [INFO] trainer: epoch 428 done train_loss=1.5041 dt=14.0s
2026-07-16 09:37:17,663 [INFO] trainer: epoch 429 step 50/54 loss=1.4931 lr=1.12e-05
2026-07-16 09:37:18,631 [INFO] trainer: epoch 429 done train_loss=1.5046 dt=14.2s
2026-07-16 09:37:31,944 [INFO] trainer: epoch 430 step 50/54 loss=1.4938 lr=1.09e-05
2026-07-16 09:37:32,910 [INFO] trainer: epoch 430 done train_loss=1.4962 dt=14.3s
2026-07-16 09:37:46,336 [INFO] trainer: epoch 431 step 50/54 loss=1.5284 lr=1.06e-05
2026-07-16 09:37:47,303 [INFO] trainer: epoch 431 done train_loss=1.5249 dt=14.0s
2026-07-16 09:38:00,364 [INFO] trainer: epoch 432 step 50/54 loss=1.5066 lr=1.03e-05
2026-07-16 09:38:01,333 [INFO] trainer: epoch 432 done train_loss=1.4916 dt=14.0s
2026-07-16 09:38:14,451 [INFO] trainer: epoch 433 step 50/54 loss=1.5285 lr=1.01e-05
2026-07-16 09:38:15,423 [INFO] trainer: epoch 433 done train_loss=1.5153 dt=14.1s
2026-07-16 09:38:28,524 [INFO] trainer: epoch 434 step 50/54 loss=1.4808 lr=9.80e-06
2026-07-16 09:38:29,490 [INFO] trainer: epoch 434 done train_loss=1.4878 dt=14.1s
2026-07-16 09:38:42,430 [INFO] trainer: epoch 435 step 50/54 loss=1.5092 lr=9.54e-06
2026-07-16 09:38:43,397 [INFO] trainer: epoch 435 done train_loss=1.5070 dt=13.9s
2026-07-16 09:38:56,422 [INFO] trainer: epoch 436 step 50/54 loss=1.4956 lr=9.28e-06
2026-07-16 09:38:57,389 [INFO] trainer: epoch 436 done train_loss=1.4974 dt=14.0s
2026-07-16 09:39:10,481 [INFO] trainer: epoch 437 step 50/54 loss=1.5021 lr=9.03e-06
2026-07-16 09:39:11,447 [INFO] trainer: epoch 437 done train_loss=1.4975 dt=14.1s
2026-07-16 09:39:24,460 [INFO] trainer: epoch 438 step 50/54 loss=1.4783 lr=8.78e-06
2026-07-16 09:39:25,430 [INFO] trainer: epoch 438 done train_loss=1.4741 dt=14.0s
2026-07-16 09:39:38,538 [INFO] trainer: epoch 439 step 50/54 loss=1.4925 lr=8.53e-06
2026-07-16 09:39:39,505 [INFO] trainer: epoch 439 done train_loss=1.4876 dt=14.1s
2026-07-16 09:39:52,721 [INFO] trainer: epoch 440 step 50/54 loss=1.5155 lr=8.29e-06
2026-07-16 09:39:53,689 [INFO] trainer: epoch 440 done train_loss=1.5172 dt=14.2s
2026-07-16 09:40:08,568 [INFO] trainer: epoch 441 step 50/54 loss=1.5149 lr=8.05e-06
2026-07-16 09:40:09,539 [INFO] trainer: epoch 441 done train_loss=1.5128 dt=14.0s
2026-07-16 09:40:22,703 [INFO] trainer: epoch 442 step 50/54 loss=1.4843 lr=7.82e-06
2026-07-16 09:40:23,671 [INFO] trainer: epoch 442 done train_loss=1.4912 dt=14.1s
2026-07-16 09:40:36,703 [INFO] trainer: epoch 443 step 50/54 loss=1.5321 lr=7.59e-06
2026-07-16 09:40:37,671 [INFO] trainer: epoch 443 done train_loss=1.5202 dt=14.0s
2026-07-16 09:40:51,011 [INFO] trainer: epoch 444 step 50/54 loss=1.5607 lr=7.36e-06
2026-07-16 09:40:51,979 [INFO] trainer: epoch 444 done train_loss=1.5592 dt=14.3s
2026-07-16 09:41:05,213 [INFO] trainer: epoch 445 step 50/54 loss=1.5015 lr=7.14e-06
2026-07-16 09:41:06,185 [INFO] trainer: epoch 445 done train_loss=1.5108 dt=14.2s
2026-07-16 09:41:19,158 [INFO] trainer: epoch 446 step 50/54 loss=1.5398 lr=6.92e-06
2026-07-16 09:41:20,125 [INFO] trainer: epoch 446 done train_loss=1.5368 dt=13.9s
2026-07-16 09:41:33,357 [INFO] trainer: epoch 447 step 50/54 loss=1.5048 lr=6.71e-06
2026-07-16 09:41:34,326 [INFO] trainer: epoch 447 done train_loss=1.4966 dt=14.2s
2026-07-16 09:41:47,468 [INFO] trainer: epoch 448 step 50/54 loss=1.5406 lr=6.49e-06
2026-07-16 09:41:48,438 [INFO] trainer: epoch 448 done train_loss=1.5392 dt=14.1s
2026-07-16 09:42:01,717 [INFO] trainer: epoch 449 step 50/54 loss=1.5068 lr=6.29e-06
2026-07-16 09:42:02,684 [INFO] trainer: epoch 449 done train_loss=1.5091 dt=14.2s
2026-07-16 09:42:15,909 [INFO] trainer: epoch 450 step 50/54 loss=1.5326 lr=6.08e-06
2026-07-16 09:42:16,877 [INFO] trainer: epoch 450 done train_loss=1.5280 dt=14.2s
2026-07-16 09:43:56,187 [INFO] trainer: epoch 450 val_mean_dice=0.6047
2026-07-16 09:44:09,725 [INFO] trainer: epoch 451 step 50/54 loss=1.5253 lr=5.88e-06
2026-07-16 09:44:10,692 [INFO] trainer: epoch 451 done train_loss=1.5287 dt=14.1s
2026-07-16 09:44:23,679 [INFO] trainer: epoch 452 step 50/54 loss=1.5198 lr=5.69e-06
2026-07-16 09:44:24,648 [INFO] trainer: epoch 452 done train_loss=1.5209 dt=14.0s
2026-07-16 09:44:37,742 [INFO] trainer: epoch 453 step 50/54 loss=1.5432 lr=5.50e-06
2026-07-16 09:44:38,708 [INFO] trainer: epoch 453 done train_loss=1.5366 dt=14.1s
2026-07-16 09:44:51,965 [INFO] trainer: epoch 454 step 50/54 loss=1.4725 lr=5.31e-06
2026-07-16 09:44:52,932 [INFO] trainer: epoch 454 done train_loss=1.4825 dt=14.2s
2026-07-16 09:45:06,070 [INFO] trainer: epoch 455 step 50/54 loss=1.4730 lr=5.13e-06
2026-07-16 09:45:07,039 [INFO] trainer: epoch 455 done train_loss=1.4750 dt=14.1s
2026-07-16 09:45:20,196 [INFO] trainer: epoch 456 step 50/54 loss=1.4859 lr=4.95e-06
2026-07-16 09:45:21,164 [INFO] trainer: epoch 456 done train_loss=1.4843 dt=14.1s
2026-07-16 09:45:34,151 [INFO] trainer: epoch 457 step 50/54 loss=1.4822 lr=4.77e-06
2026-07-16 09:45:35,119 [INFO] trainer: epoch 457 done train_loss=1.4716 dt=14.0s
2026-07-16 09:45:48,214 [INFO] trainer: epoch 458 step 50/54 loss=1.5143 lr=4.60e-06
2026-07-16 09:45:49,183 [INFO] trainer: epoch 458 done train_loss=1.5123 dt=14.1s
2026-07-16 09:46:02,334 [INFO] trainer: epoch 459 step 50/54 loss=1.5367 lr=4.43e-06
2026-07-16 09:46:03,301 [INFO] trainer: epoch 459 done train_loss=1.5291 dt=14.1s
2026-07-16 09:46:16,613 [INFO] trainer: epoch 460 step 50/54 loss=1.5519 lr=4.27e-06
2026-07-16 09:46:17,580 [INFO] trainer: epoch 460 done train_loss=1.5414 dt=14.3s
2026-07-16 09:46:31,153 [INFO] trainer: epoch 461 step 50/54 loss=1.4660 lr=4.11e-06
2026-07-16 09:46:32,123 [INFO] trainer: epoch 461 done train_loss=1.4672 dt=14.1s
2026-07-16 09:46:45,445 [INFO] trainer: epoch 462 step 50/54 loss=1.4784 lr=3.95e-06
2026-07-16 09:46:46,416 [INFO] trainer: epoch 462 done train_loss=1.4844 dt=14.3s
2026-07-16 09:46:59,572 [INFO] trainer: epoch 463 step 50/54 loss=1.5359 lr=3.80e-06
2026-07-16 09:47:00,543 [INFO] trainer: epoch 463 done train_loss=1.5364 dt=14.1s
2026-07-16 09:47:13,950 [INFO] trainer: epoch 464 step 50/54 loss=1.4722 lr=3.65e-06
2026-07-16 09:47:14,918 [INFO] trainer: epoch 464 done train_loss=1.4781 dt=14.4s
2026-07-16 09:47:28,039 [INFO] trainer: epoch 465 step 50/54 loss=1.5315 lr=3.51e-06
2026-07-16 09:47:29,007 [INFO] trainer: epoch 465 done train_loss=1.5429 dt=14.1s
2026-07-16 09:47:42,055 [INFO] trainer: epoch 466 step 50/54 loss=1.4972 lr=3.36e-06
2026-07-16 09:47:43,024 [INFO] trainer: epoch 466 done train_loss=1.4957 dt=14.0s
2026-07-16 09:47:55,987 [INFO] trainer: epoch 467 step 50/54 loss=1.5179 lr=3.23e-06
2026-07-16 09:47:56,957 [INFO] trainer: epoch 467 done train_loss=1.5086 dt=13.9s
2026-07-16 09:48:09,992 [INFO] trainer: epoch 468 step 50/54 loss=1.5163 lr=3.10e-06
2026-07-16 09:48:10,959 [INFO] trainer: epoch 468 done train_loss=1.5030 dt=14.0s
2026-07-16 09:48:23,906 [INFO] trainer: epoch 469 step 50/54 loss=1.5108 lr=2.97e-06
2026-07-16 09:48:24,874 [INFO] trainer: epoch 469 done train_loss=1.4962 dt=13.9s
2026-07-16 09:48:37,776 [INFO] trainer: epoch 470 step 50/54 loss=1.5296 lr=2.84e-06
2026-07-16 09:48:38,743 [INFO] trainer: epoch 470 done train_loss=1.5288 dt=13.9s
2026-07-16 09:48:52,218 [INFO] trainer: epoch 471 step 50/54 loss=1.5024 lr=2.72e-06
2026-07-16 09:48:53,185 [INFO] trainer: epoch 471 done train_loss=1.5010 dt=14.1s
2026-07-16 09:49:06,134 [INFO] trainer: epoch 472 step 50/54 loss=1.5433 lr=2.61e-06
2026-07-16 09:49:07,100 [INFO] trainer: epoch 472 done train_loss=1.5408 dt=13.9s
2026-07-16 09:49:19,929 [INFO] trainer: epoch 473 step 50/54 loss=1.5410 lr=2.50e-06
2026-07-16 09:49:20,897 [INFO] trainer: epoch 473 done train_loss=1.5310 dt=13.8s
2026-07-16 09:49:33,792 [INFO] trainer: epoch 474 step 50/54 loss=1.4928 lr=2.39e-06
2026-07-16 09:49:34,760 [INFO] trainer: epoch 474 done train_loss=1.5045 dt=13.9s
2026-07-16 09:49:47,700 [INFO] trainer: epoch 475 step 50/54 loss=1.5337 lr=2.28e-06
2026-07-16 09:49:48,668 [INFO] trainer: epoch 475 done train_loss=1.5244 dt=13.9s
2026-07-16 09:51:27,950 [INFO] trainer: epoch 475 val_mean_dice=0.6058
2026-07-16 09:51:41,388 [INFO] trainer: epoch 476 step 50/54 loss=1.5676 lr=2.18e-06
2026-07-16 09:51:42,355 [INFO] trainer: epoch 476 done train_loss=1.5568 dt=14.0s
2026-07-16 09:51:55,410 [INFO] trainer: epoch 477 step 50/54 loss=1.4982 lr=2.09e-06
2026-07-16 09:51:56,377 [INFO] trainer: epoch 477 done train_loss=1.4950 dt=14.0s
2026-07-16 09:52:09,387 [INFO] trainer: epoch 478 step 50/54 loss=1.4774 lr=1.99e-06
2026-07-16 09:52:10,353 [INFO] trainer: epoch 478 done train_loss=1.4845 dt=14.0s
2026-07-16 09:52:23,433 [INFO] trainer: epoch 479 step 50/54 loss=1.5343 lr=1.91e-06
2026-07-16 09:52:24,400 [INFO] trainer: epoch 479 done train_loss=1.5324 dt=14.0s
2026-07-16 09:52:37,579 [INFO] trainer: epoch 480 step 50/54 loss=1.5054 lr=1.82e-06
2026-07-16 09:52:38,546 [INFO] trainer: epoch 480 done train_loss=1.5033 dt=14.1s
2026-07-16 09:52:52,109 [INFO] trainer: epoch 481 step 50/54 loss=1.5513 lr=1.74e-06
2026-07-16 09:52:53,076 [INFO] trainer: epoch 481 done train_loss=1.5380 dt=14.1s
2026-07-16 09:53:06,238 [INFO] trainer: epoch 482 step 50/54 loss=1.4924 lr=1.67e-06
2026-07-16 09:53:07,205 [INFO] trainer: epoch 482 done train_loss=1.4968 dt=14.1s
2026-07-16 09:53:20,350 [INFO] trainer: epoch 483 step 50/54 loss=1.5002 lr=1.60e-06
2026-07-16 09:53:21,316 [INFO] trainer: epoch 483 done train_loss=1.5013 dt=14.1s
2026-07-16 09:53:34,291 [INFO] trainer: epoch 484 step 50/54 loss=1.5090 lr=1.53e-06
2026-07-16 09:53:35,257 [INFO] trainer: epoch 484 done train_loss=1.5220 dt=13.9s
2026-07-16 09:53:48,327 [INFO] trainer: epoch 485 step 50/54 loss=1.5531 lr=1.46e-06
2026-07-16 09:53:49,293 [INFO] trainer: epoch 485 done train_loss=1.5464 dt=14.0s
2026-07-16 09:54:02,407 [INFO] trainer: epoch 486 step 50/54 loss=1.5015 lr=1.40e-06
2026-07-16 09:54:03,374 [INFO] trainer: epoch 486 done train_loss=1.5057 dt=14.1s
2026-07-16 09:54:16,361 [INFO] trainer: epoch 487 step 50/54 loss=1.5268 lr=1.35e-06
2026-07-16 09:54:17,328 [INFO] trainer: epoch 487 done train_loss=1.5262 dt=14.0s
2026-07-16 09:54:30,364 [INFO] trainer: epoch 488 step 50/54 loss=1.5278 lr=1.30e-06
2026-07-16 09:54:31,333 [INFO] trainer: epoch 488 done train_loss=1.5256 dt=14.0s
2026-07-16 09:54:44,434 [INFO] trainer: epoch 489 step 50/54 loss=1.5004 lr=1.25e-06
2026-07-16 09:54:45,400 [INFO] trainer: epoch 489 done train_loss=1.4891 dt=14.1s
2026-07-16 09:54:58,487 [INFO] trainer: epoch 490 step 50/54 loss=1.4882 lr=1.21e-06
2026-07-16 09:54:59,460 [INFO] trainer: epoch 490 done train_loss=1.4836 dt=14.1s
2026-07-16 09:55:14,113 [INFO] trainer: epoch 491 step 50/54 loss=1.4772 lr=1.17e-06
2026-07-16 09:55:15,078 [INFO] trainer: epoch 491 done train_loss=1.4764 dt=13.9s
2026-07-16 09:55:28,171 [INFO] trainer: epoch 492 step 50/54 loss=1.5352 lr=1.13e-06
2026-07-16 09:55:29,139 [INFO] trainer: epoch 492 done train_loss=1.5440 dt=14.1s
2026-07-16 09:55:42,263 [INFO] trainer: epoch 493 step 50/54 loss=1.5042 lr=1.10e-06
2026-07-16 09:55:43,230 [INFO] trainer: epoch 493 done train_loss=1.5068 dt=14.1s
2026-07-16 09:55:56,224 [INFO] trainer: epoch 494 step 50/54 loss=1.5162 lr=1.08e-06
2026-07-16 09:55:57,190 [INFO] trainer: epoch 494 done train_loss=1.5118 dt=14.0s
2026-07-16 09:56:10,353 [INFO] trainer: epoch 495 step 50/54 loss=1.4867 lr=1.05e-06
2026-07-16 09:56:11,321 [INFO] trainer: epoch 495 done train_loss=1.4847 dt=14.1s
2026-07-16 09:56:24,386 [INFO] trainer: epoch 496 step 50/54 loss=1.5118 lr=1.03e-06
2026-07-16 09:56:25,357 [INFO] trainer: epoch 496 done train_loss=1.5239 dt=14.0s
2026-07-16 09:56:38,422 [INFO] trainer: epoch 497 step 50/54 loss=1.5159 lr=1.02e-06
2026-07-16 09:56:39,390 [INFO] trainer: epoch 497 done train_loss=1.5125 dt=14.0s
2026-07-16 09:56:52,299 [INFO] trainer: epoch 498 step 50/54 loss=1.5019 lr=1.01e-06
2026-07-16 09:56:53,266 [INFO] trainer: epoch 498 done train_loss=1.4978 dt=13.9s
2026-07-16 09:57:06,407 [INFO] trainer: epoch 499 step 50/54 loss=1.5497 lr=1.00e-06
2026-07-16 09:57:07,374 [INFO] trainer: epoch 499 done train_loss=1.5602 dt=14.1s
2026-07-16 09:57:20,448 [INFO] trainer: epoch 500 step 50/54 loss=1.4962 lr=1.00e-06
2026-07-16 09:57:21,416 [INFO] trainer: epoch 500 done train_loss=1.5112 dt=14.0s
2026-07-16 09:59:00,742 [INFO] trainer: epoch 500 val_mean_dice=0.6066
2026-07-16 09:59:01,509 [INFO] trainer: total time 9109.3 s, best dice 0.6066 (epochs 1-500 / 500)
