2026-07-17 08:12:16,464 [INFO] train: ========================================================================
2026-07-17 08:12:16,465 [INFO] train: model=voco_h config=configs/lowshot/ls_vocoH_ft_pt_f025.yaml
2026-07-17 08:12:16,465 [INFO] train: output=/scratch/lskrlj/runs/ls_vocoH_ft_pt_f025 device=cuda (NVIDIA A100-SXM4-40GB)
2026-07-17 08:12:16,465 [INFO] train: epochs=500 batch_size=2 grad_accum=2 eff_batch=4 lr=0.0002 amp=True
2026-07-17 08:12:16,465 [INFO] train: ========================================================================
2026-07-17 08:12:16,468 [INFO] train: splits: train=1082 val=57 classes=117
2026-07-17 08:12:16,468 [INFO] train: low-shot: train_fraction=0.2500 seed=1234 -> 270/1082 train cases
2026-07-17 08:12:16,821 [INFO] train: disk cache: /scratch/lskrlj/cache/TotalSeg/833d9d046402 (fingerprint=833d9d046402)
2026-07-17 08:13:14,958 [INFO] train: model voco_h, trainable params: 304612890 / 304612890 total (freeze_backbone=False)
2026-07-17 08:13:16,202 [WARNING] trainer: --resume set but no checkpoint found in /scratch/lskrlj/runs/ls_vocoH_ft_pt_f025; starting fresh
2026-07-17 08:13:16,202 [INFO] trainer: start: epochs 1-500/500 device=cuda amp=bf16 train_batches=135 val_batches=57
2026-07-17 08:13:46,386 [INFO] trainer: epoch 1 step 50/135 loss=11.5726 lr=7.35e-06
2026-07-17 08:14:14,108 [INFO] trainer: epoch 1 step 100/135 loss=11.0307 lr=1.47e-05
2026-07-17 08:14:33,494 [INFO] trainer: epoch 1 done train_loss=11.0514 dt=77.3s
2026-07-17 08:15:02,157 [INFO] trainer: epoch 2 step 50/135 loss=9.7170 lr=2.74e-05
2026-07-17 08:15:29,862 [INFO] trainer: epoch 2 step 100/135 loss=9.2127 lr=3.47e-05
2026-07-17 08:15:49,250 [INFO] trainer: epoch 2 done train_loss=9.3053 dt=75.8s
2026-07-17 08:16:17,864 [INFO] trainer: epoch 3 step 50/135 loss=8.5576 lr=4.74e-05
2026-07-17 08:16:45,649 [INFO] trainer: epoch 3 step 100/135 loss=8.2954 lr=5.47e-05
2026-07-17 08:17:05,060 [INFO] trainer: epoch 3 done train_loss=8.3383 dt=75.8s
2026-07-17 08:17:33,626 [INFO] trainer: epoch 4 step 50/135 loss=7.8369 lr=6.74e-05
2026-07-17 08:18:01,376 [INFO] trainer: epoch 4 step 100/135 loss=7.5940 lr=7.47e-05
2026-07-17 08:18:21,859 [INFO] trainer: epoch 4 done train_loss=7.6341 dt=76.8s
2026-07-17 08:18:50,358 [INFO] trainer: epoch 5 step 50/135 loss=7.1561 lr=8.74e-05
2026-07-17 08:19:18,062 [INFO] trainer: epoch 5 step 100/135 loss=6.9177 lr=9.47e-05
2026-07-17 08:19:37,475 [INFO] trainer: epoch 5 done train_loss=6.9845 dt=75.6s
2026-07-17 08:20:06,081 [INFO] trainer: epoch 6 step 50/135 loss=6.5360 lr=1.07e-04
2026-07-17 08:20:33,802 [INFO] trainer: epoch 6 step 100/135 loss=6.3344 lr=1.15e-04
2026-07-17 08:20:53,209 [INFO] trainer: epoch 6 done train_loss=6.3681 dt=75.7s
2026-07-17 08:21:22,157 [INFO] trainer: epoch 7 step 50/135 loss=5.9193 lr=1.27e-04
2026-07-17 08:21:49,952 [INFO] trainer: epoch 7 step 100/135 loss=5.7671 lr=1.35e-04
2026-07-17 08:22:09,384 [INFO] trainer: epoch 7 done train_loss=5.7686 dt=76.2s
2026-07-17 08:22:37,939 [INFO] trainer: epoch 8 step 50/135 loss=5.3723 lr=1.47e-04
2026-07-17 08:23:05,687 [INFO] trainer: epoch 8 step 100/135 loss=5.2008 lr=1.55e-04
2026-07-17 08:23:25,113 [INFO] trainer: epoch 8 done train_loss=5.2195 dt=75.7s
2026-07-17 08:23:53,700 [INFO] trainer: epoch 9 step 50/135 loss=4.8143 lr=1.67e-04
2026-07-17 08:24:21,473 [INFO] trainer: epoch 9 step 100/135 loss=4.6638 lr=1.75e-04
2026-07-17 08:24:40,901 [INFO] trainer: epoch 9 done train_loss=4.6689 dt=75.8s
2026-07-17 08:25:09,471 [INFO] trainer: epoch 10 step 50/135 loss=4.2930 lr=1.87e-04
2026-07-17 08:25:37,191 [INFO] trainer: epoch 10 step 100/135 loss=4.1434 lr=1.95e-04
2026-07-17 08:25:56,622 [INFO] trainer: epoch 10 done train_loss=4.1760 dt=75.7s
2026-07-17 08:26:28,097 [INFO] trainer: epoch 11 step 50/135 loss=3.8836 lr=2.00e-04
2026-07-17 08:26:55,857 [INFO] trainer: epoch 11 step 100/135 loss=3.7136 lr=2.00e-04
2026-07-17 08:27:15,291 [INFO] trainer: epoch 11 done train_loss=3.7433 dt=75.7s
2026-07-17 08:27:43,967 [INFO] trainer: epoch 12 step 50/135 loss=3.5345 lr=2.00e-04
2026-07-17 08:28:11,746 [INFO] trainer: epoch 12 step 100/135 loss=3.3799 lr=2.00e-04
2026-07-17 08:28:31,178 [INFO] trainer: epoch 12 done train_loss=3.4143 dt=75.9s
2026-07-17 08:28:59,804 [INFO] trainer: epoch 13 step 50/135 loss=3.2687 lr=2.00e-04
2026-07-17 08:29:27,582 [INFO] trainer: epoch 13 step 100/135 loss=3.1857 lr=2.00e-04
2026-07-17 08:29:47,018 [INFO] trainer: epoch 13 done train_loss=3.1981 dt=75.8s
2026-07-17 08:30:15,532 [INFO] trainer: epoch 14 step 50/135 loss=3.0020 lr=2.00e-04
2026-07-17 08:30:43,285 [INFO] trainer: epoch 14 step 100/135 loss=2.9555 lr=2.00e-04
2026-07-17 08:31:02,680 [INFO] trainer: epoch 14 done train_loss=2.9594 dt=75.7s
2026-07-17 08:31:31,165 [INFO] trainer: epoch 15 step 50/135 loss=2.8578 lr=2.00e-04
2026-07-17 08:31:58,896 [INFO] trainer: epoch 15 step 100/135 loss=2.7672 lr=2.00e-04
2026-07-17 08:32:18,304 [INFO] trainer: epoch 15 done train_loss=2.8020 dt=75.6s
2026-07-17 08:32:46,768 [INFO] trainer: epoch 16 step 50/135 loss=2.7429 lr=2.00e-04
2026-07-17 08:33:14,509 [INFO] trainer: epoch 16 step 100/135 loss=2.6599 lr=2.00e-04
2026-07-17 08:33:33,916 [INFO] trainer: epoch 16 done train_loss=2.6863 dt=75.6s
2026-07-17 08:34:02,585 [INFO] trainer: epoch 17 step 50/135 loss=2.6405 lr=2.00e-04
2026-07-17 08:34:30,334 [INFO] trainer: epoch 17 step 100/135 loss=2.5463 lr=2.00e-04
2026-07-17 08:34:49,747 [INFO] trainer: epoch 17 done train_loss=2.5828 dt=75.8s
2026-07-17 08:35:18,142 [INFO] trainer: epoch 18 step 50/135 loss=2.5106 lr=2.00e-04
2026-07-17 08:35:45,851 [INFO] trainer: epoch 18 step 100/135 loss=2.4795 lr=2.00e-04
2026-07-17 08:36:05,256 [INFO] trainer: epoch 18 done train_loss=2.4795 dt=75.5s
2026-07-17 08:36:33,839 [INFO] trainer: epoch 19 step 50/135 loss=2.4562 lr=2.00e-04
2026-07-17 08:37:01,744 [INFO] trainer: epoch 19 step 100/135 loss=2.3774 lr=2.00e-04
2026-07-17 08:37:21,179 [INFO] trainer: epoch 19 done train_loss=2.4128 dt=75.9s
2026-07-17 08:37:49,667 [INFO] trainer: epoch 20 step 50/135 loss=2.3561 lr=2.00e-04
2026-07-17 08:38:17,399 [INFO] trainer: epoch 20 step 100/135 loss=2.3631 lr=2.00e-04
2026-07-17 08:38:36,789 [INFO] trainer: epoch 20 done train_loss=2.3430 dt=75.6s
2026-07-17 08:39:07,751 [INFO] trainer: epoch 21 step 50/135 loss=2.3298 lr=2.00e-04
2026-07-17 08:39:35,480 [INFO] trainer: epoch 21 step 100/135 loss=2.2484 lr=2.00e-04
2026-07-17 08:39:54,882 [INFO] trainer: epoch 21 done train_loss=2.2761 dt=75.6s
2026-07-17 08:40:23,380 [INFO] trainer: epoch 22 step 50/135 loss=2.2313 lr=2.00e-04
2026-07-17 08:40:51,090 [INFO] trainer: epoch 22 step 100/135 loss=2.2134 lr=2.00e-04
2026-07-17 08:41:10,489 [INFO] trainer: epoch 22 done train_loss=2.2128 dt=75.6s
2026-07-17 08:41:39,220 [INFO] trainer: epoch 23 step 50/135 loss=2.1427 lr=2.00e-04
2026-07-17 08:42:06,964 [INFO] trainer: epoch 23 step 100/135 loss=2.1636 lr=2.00e-04
2026-07-17 08:42:26,368 [INFO] trainer: epoch 23 done train_loss=2.1425 dt=75.9s
2026-07-17 08:42:55,034 [INFO] trainer: epoch 24 step 50/135 loss=2.1212 lr=2.00e-04
2026-07-17 08:43:22,765 [INFO] trainer: epoch 24 step 100/135 loss=2.0636 lr=2.00e-04
2026-07-17 08:43:42,176 [INFO] trainer: epoch 24 done train_loss=2.0890 dt=75.8s
2026-07-17 08:44:10,583 [INFO] trainer: epoch 25 step 50/135 loss=2.0520 lr=2.00e-04
2026-07-17 08:44:38,341 [INFO] trainer: epoch 25 step 100/135 loss=2.0549 lr=2.00e-04
2026-07-17 08:44:57,740 [INFO] trainer: epoch 25 done train_loss=2.0459 dt=75.6s
2026-07-17 08:47:36,700 [INFO] trainer: epoch 25 val_mean_dice=0.3449
2026-07-17 08:48:08,328 [INFO] trainer: epoch 26 step 50/135 loss=2.0168 lr=2.00e-04
2026-07-17 08:48:36,040 [INFO] trainer: epoch 26 step 100/135 loss=2.0316 lr=1.99e-04
2026-07-17 08:48:55,443 [INFO] trainer: epoch 26 done train_loss=2.0011 dt=75.8s
2026-07-17 08:49:23,903 [INFO] trainer: epoch 27 step 50/135 loss=1.9287 lr=1.99e-04
2026-07-17 08:49:51,637 [INFO] trainer: epoch 27 step 100/135 loss=1.9719 lr=1.99e-04
2026-07-17 08:50:11,032 [INFO] trainer: epoch 27 done train_loss=1.9389 dt=75.6s
2026-07-17 08:50:39,504 [INFO] trainer: epoch 28 step 50/135 loss=1.9304 lr=1.99e-04
2026-07-17 08:51:07,226 [INFO] trainer: epoch 28 step 100/135 loss=1.9054 lr=1.99e-04
2026-07-17 08:51:26,609 [INFO] trainer: epoch 28 done train_loss=1.9005 dt=75.6s
2026-07-17 08:51:55,213 [INFO] trainer: epoch 29 step 50/135 loss=1.8668 lr=1.99e-04
2026-07-17 08:52:22,947 [INFO] trainer: epoch 29 step 100/135 loss=1.8422 lr=1.99e-04
2026-07-17 08:52:42,357 [INFO] trainer: epoch 29 done train_loss=1.8580 dt=75.7s
2026-07-17 08:53:10,860 [INFO] trainer: epoch 30 step 50/135 loss=1.8341 lr=1.99e-04
2026-07-17 08:53:38,588 [INFO] trainer: epoch 30 step 100/135 loss=1.7954 lr=1.99e-04
2026-07-17 08:53:57,998 [INFO] trainer: epoch 30 done train_loss=1.8151 dt=75.6s
2026-07-17 08:54:29,140 [INFO] trainer: epoch 31 step 50/135 loss=1.7978 lr=1.99e-04
2026-07-17 08:54:56,863 [INFO] trainer: epoch 31 step 100/135 loss=1.7605 lr=1.99e-04
2026-07-17 08:55:16,250 [INFO] trainer: epoch 31 done train_loss=1.7846 dt=75.6s
2026-07-17 08:55:44,745 [INFO] trainer: epoch 32 step 50/135 loss=1.7556 lr=1.99e-04
2026-07-17 08:56:12,473 [INFO] trainer: epoch 32 step 100/135 loss=1.7656 lr=1.99e-04
2026-07-17 08:56:33,066 [INFO] trainer: epoch 32 done train_loss=1.7495 dt=76.8s
2026-07-17 08:57:01,818 [INFO] trainer: epoch 33 step 50/135 loss=1.7229 lr=1.99e-04
2026-07-17 08:57:29,539 [INFO] trainer: epoch 33 step 100/135 loss=1.7231 lr=1.99e-04
2026-07-17 08:57:48,934 [INFO] trainer: epoch 33 done train_loss=1.7229 dt=75.9s
2026-07-17 08:58:17,735 [INFO] trainer: epoch 34 step 50/135 loss=1.7045 lr=1.99e-04
2026-07-17 08:58:45,467 [INFO] trainer: epoch 34 step 100/135 loss=1.7350 lr=1.99e-04
2026-07-17 08:59:04,877 [INFO] trainer: epoch 34 done train_loss=1.7316 dt=75.9s
2026-07-17 08:59:33,430 [INFO] trainer: epoch 35 step 50/135 loss=1.6972 lr=1.99e-04
2026-07-17 09:00:01,163 [INFO] trainer: epoch 35 step 100/135 loss=1.6868 lr=1.99e-04
2026-07-17 09:00:20,576 [INFO] trainer: epoch 35 done train_loss=1.6843 dt=75.7s
2026-07-17 09:00:49,193 [INFO] trainer: epoch 36 step 50/135 loss=1.6690 lr=1.99e-04
2026-07-17 09:01:16,952 [INFO] trainer: epoch 36 step 100/135 loss=1.6963 lr=1.99e-04
2026-07-17 09:01:36,372 [INFO] trainer: epoch 36 done train_loss=1.6691 dt=75.8s
2026-07-17 09:02:04,800 [INFO] trainer: epoch 37 step 50/135 loss=1.6474 lr=1.99e-04
2026-07-17 09:02:32,558 [INFO] trainer: epoch 37 step 100/135 loss=1.6799 lr=1.99e-04
2026-07-17 09:02:51,962 [INFO] trainer: epoch 37 done train_loss=1.6698 dt=75.6s
2026-07-17 09:03:20,706 [INFO] trainer: epoch 38 step 50/135 loss=1.6184 lr=1.98e-04
2026-07-17 09:03:48,448 [INFO] trainer: epoch 38 step 100/135 loss=1.6131 lr=1.98e-04
2026-07-17 09:04:07,860 [INFO] trainer: epoch 38 done train_loss=1.6111 dt=75.9s
2026-07-17 09:04:36,891 [INFO] trainer: epoch 39 step 50/135 loss=1.6007 lr=1.98e-04
2026-07-17 09:05:04,644 [INFO] trainer: epoch 39 step 100/135 loss=1.6141 lr=1.98e-04
2026-07-17 09:05:24,068 [INFO] trainer: epoch 39 done train_loss=1.6053 dt=76.2s
2026-07-17 09:05:52,593 [INFO] trainer: epoch 40 step 50/135 loss=1.6148 lr=1.98e-04
2026-07-17 09:06:20,353 [INFO] trainer: epoch 40 step 100/135 loss=1.5745 lr=1.98e-04
2026-07-17 09:06:39,770 [INFO] trainer: epoch 40 done train_loss=1.5956 dt=75.7s
2026-07-17 09:07:11,257 [INFO] trainer: epoch 41 step 50/135 loss=1.5638 lr=1.98e-04
2026-07-17 09:07:38,985 [INFO] trainer: epoch 41 step 100/135 loss=1.5801 lr=1.98e-04
2026-07-17 09:07:58,387 [INFO] trainer: epoch 41 done train_loss=1.5627 dt=75.7s
2026-07-17 09:08:26,855 [INFO] trainer: epoch 42 step 50/135 loss=1.5296 lr=1.98e-04
2026-07-17 09:08:54,595 [INFO] trainer: epoch 42 step 100/135 loss=1.5556 lr=1.98e-04
2026-07-17 09:09:13,991 [INFO] trainer: epoch 42 done train_loss=1.5522 dt=75.6s
2026-07-17 09:09:42,521 [INFO] trainer: epoch 43 step 50/135 loss=1.5149 lr=1.98e-04
2026-07-17 09:10:10,983 [INFO] trainer: epoch 43 step 100/135 loss=1.5622 lr=1.98e-04
2026-07-17 09:10:30,409 [INFO] trainer: epoch 43 done train_loss=1.5414 dt=76.4s
2026-07-17 09:10:58,844 [INFO] trainer: epoch 44 step 50/135 loss=1.5164 lr=1.98e-04
2026-07-17 09:11:27,022 [INFO] trainer: epoch 44 step 100/135 loss=1.5683 lr=1.98e-04
2026-07-17 09:11:46,512 [INFO] trainer: epoch 44 done train_loss=1.5398 dt=76.1s
2026-07-17 09:12:15,121 [INFO] trainer: epoch 45 step 50/135 loss=1.5505 lr=1.98e-04
2026-07-17 09:12:42,837 [INFO] trainer: epoch 45 step 100/135 loss=1.5566 lr=1.98e-04
2026-07-17 09:13:02,235 [INFO] trainer: epoch 45 done train_loss=1.5539 dt=75.7s
2026-07-17 09:13:30,888 [INFO] trainer: epoch 46 step 50/135 loss=1.5485 lr=1.97e-04
2026-07-17 09:13:58,623 [INFO] trainer: epoch 46 step 100/135 loss=1.5420 lr=1.97e-04
2026-07-17 09:14:18,044 [INFO] trainer: epoch 46 done train_loss=1.5364 dt=75.8s
2026-07-17 09:14:46,581 [INFO] trainer: epoch 47 step 50/135 loss=1.5040 lr=1.97e-04
2026-07-17 09:15:14,325 [INFO] trainer: epoch 47 step 100/135 loss=1.4746 lr=1.97e-04
2026-07-17 09:15:33,741 [INFO] trainer: epoch 47 done train_loss=1.5001 dt=75.7s
2026-07-17 09:16:02,384 [INFO] trainer: epoch 48 step 50/135 loss=1.4766 lr=1.97e-04
2026-07-17 09:16:30,131 [INFO] trainer: epoch 48 step 100/135 loss=1.4938 lr=1.97e-04
2026-07-17 09:16:49,532 [INFO] trainer: epoch 48 done train_loss=1.4989 dt=75.8s
2026-07-17 09:17:18,320 [INFO] trainer: epoch 49 step 50/135 loss=1.5008 lr=1.97e-04
2026-07-17 09:17:46,057 [INFO] trainer: epoch 49 step 100/135 loss=1.5125 lr=1.97e-04
2026-07-17 09:18:05,452 [INFO] trainer: epoch 49 done train_loss=1.5045 dt=75.9s
2026-07-17 09:18:34,353 [INFO] trainer: epoch 50 step 50/135 loss=1.4592 lr=1.97e-04
2026-07-17 09:19:02,106 [INFO] trainer: epoch 50 step 100/135 loss=1.4686 lr=1.97e-04
2026-07-17 09:19:21,528 [INFO] trainer: epoch 50 done train_loss=1.4708 dt=76.1s
2026-07-17 09:21:58,204 [INFO] trainer: epoch 50 val_mean_dice=0.6956
2026-07-17 09:22:32,098 [INFO] trainer: epoch 51 step 50/135 loss=1.5138 lr=1.97e-04
2026-07-17 09:22:59,791 [INFO] trainer: epoch 51 step 100/135 loss=1.4908 lr=1.97e-04
2026-07-17 09:23:19,169 [INFO] trainer: epoch 51 done train_loss=1.4830 dt=75.8s
2026-07-17 09:23:47,647 [INFO] trainer: epoch 52 step 50/135 loss=1.4635 lr=1.97e-04
2026-07-17 09:24:15,362 [INFO] trainer: epoch 52 step 100/135 loss=1.4926 lr=1.96e-04
2026-07-17 09:24:34,755 [INFO] trainer: epoch 52 done train_loss=1.4707 dt=75.6s
2026-07-17 09:25:03,228 [INFO] trainer: epoch 53 step 50/135 loss=1.4909 lr=1.96e-04
2026-07-17 09:25:30,941 [INFO] trainer: epoch 53 step 100/135 loss=1.4899 lr=1.96e-04
2026-07-17 09:25:50,320 [INFO] trainer: epoch 53 done train_loss=1.4832 dt=75.6s
2026-07-17 09:26:18,908 [INFO] trainer: epoch 54 step 50/135 loss=1.4509 lr=1.96e-04
2026-07-17 09:26:46,624 [INFO] trainer: epoch 54 step 100/135 loss=1.4413 lr=1.96e-04
2026-07-17 09:27:06,014 [INFO] trainer: epoch 54 done train_loss=1.4529 dt=75.7s
2026-07-17 09:27:34,521 [INFO] trainer: epoch 55 step 50/135 loss=1.4333 lr=1.96e-04
2026-07-17 09:28:02,227 [INFO] trainer: epoch 55 step 100/135 loss=1.4704 lr=1.96e-04
2026-07-17 09:28:21,608 [INFO] trainer: epoch 55 done train_loss=1.4433 dt=75.6s
2026-07-17 09:28:50,003 [INFO] trainer: epoch 56 step 50/135 loss=1.4290 lr=1.96e-04
2026-07-17 09:29:17,705 [INFO] trainer: epoch 56 step 100/135 loss=1.5221 lr=1.96e-04
2026-07-17 09:29:37,095 [INFO] trainer: epoch 56 done train_loss=1.4601 dt=75.5s
2026-07-17 09:30:05,692 [INFO] trainer: epoch 57 step 50/135 loss=1.4062 lr=1.96e-04
2026-07-17 09:30:33,400 [INFO] trainer: epoch 57 step 100/135 loss=1.4438 lr=1.96e-04
2026-07-17 09:30:52,793 [INFO] trainer: epoch 57 done train_loss=1.4209 dt=75.7s
2026-07-17 09:31:21,296 [INFO] trainer: epoch 58 step 50/135 loss=1.4160 lr=1.95e-04
2026-07-17 09:31:49,008 [INFO] trainer: epoch 58 step 100/135 loss=1.4153 lr=1.95e-04
2026-07-17 09:32:08,391 [INFO] trainer: epoch 58 done train_loss=1.4221 dt=75.6s
2026-07-17 09:32:37,087 [INFO] trainer: epoch 59 step 50/135 loss=1.4339 lr=1.95e-04
2026-07-17 09:33:04,809 [INFO] trainer: epoch 59 step 100/135 loss=1.4296 lr=1.95e-04
2026-07-17 09:33:24,197 [INFO] trainer: epoch 59 done train_loss=1.4309 dt=75.8s
2026-07-17 09:33:53,512 [INFO] trainer: epoch 60 step 50/135 loss=1.4458 lr=1.95e-04
2026-07-17 09:34:21,220 [INFO] trainer: epoch 60 step 100/135 loss=1.3956 lr=1.95e-04
2026-07-17 09:34:40,614 [INFO] trainer: epoch 60 done train_loss=1.4233 dt=76.4s
2026-07-17 09:35:11,780 [INFO] trainer: epoch 61 step 50/135 loss=1.4471 lr=1.95e-04
2026-07-17 09:35:39,490 [INFO] trainer: epoch 61 step 100/135 loss=1.4028 lr=1.95e-04
2026-07-17 09:35:58,885 [INFO] trainer: epoch 61 done train_loss=1.4129 dt=75.8s
2026-07-17 09:36:27,451 [INFO] trainer: epoch 62 step 50/135 loss=1.4083 lr=1.95e-04
2026-07-17 09:36:55,167 [INFO] trainer: epoch 62 step 100/135 loss=1.4364 lr=1.95e-04
2026-07-17 09:37:14,556 [INFO] trainer: epoch 62 done train_loss=1.4169 dt=75.7s
2026-07-17 09:37:43,053 [INFO] trainer: epoch 63 step 50/135 loss=1.4267 lr=1.94e-04
2026-07-17 09:38:10,763 [INFO] trainer: epoch 63 step 100/135 loss=1.4458 lr=1.94e-04
2026-07-17 09:38:30,152 [INFO] trainer: epoch 63 done train_loss=1.4387 dt=75.6s
2026-07-17 09:38:58,678 [INFO] trainer: epoch 64 step 50/135 loss=1.3709 lr=1.94e-04
2026-07-17 09:39:28,798 [INFO] trainer: epoch 64 step 100/135 loss=1.3480 lr=1.94e-04
2026-07-17 09:39:48,242 [INFO] trainer: epoch 64 done train_loss=1.3651 dt=78.1s
2026-07-17 09:40:16,775 [INFO] trainer: epoch 65 step 50/135 loss=1.3817 lr=1.94e-04
2026-07-17 09:40:44,485 [INFO] trainer: epoch 65 step 100/135 loss=1.3949 lr=1.94e-04
2026-07-17 09:41:03,880 [INFO] trainer: epoch 65 done train_loss=1.3954 dt=75.6s
2026-07-17 09:41:32,568 [INFO] trainer: epoch 66 step 50/135 loss=1.3307 lr=1.94e-04
2026-07-17 09:42:00,291 [INFO] trainer: epoch 66 step 100/135 loss=1.3998 lr=1.94e-04
2026-07-17 09:42:19,680 [INFO] trainer: epoch 66 done train_loss=1.3659 dt=75.8s
2026-07-17 09:42:48,053 [INFO] trainer: epoch 67 step 50/135 loss=1.3927 lr=1.94e-04
2026-07-17 09:43:15,766 [INFO] trainer: epoch 67 step 100/135 loss=1.4089 lr=1.93e-04
2026-07-17 09:43:35,154 [INFO] trainer: epoch 67 done train_loss=1.4015 dt=75.5s
2026-07-17 09:44:03,725 [INFO] trainer: epoch 68 step 50/135 loss=1.4237 lr=1.93e-04
2026-07-17 09:44:31,430 [INFO] trainer: epoch 68 step 100/135 loss=1.3659 lr=1.93e-04
2026-07-17 09:44:50,818 [INFO] trainer: epoch 68 done train_loss=1.4016 dt=75.7s
2026-07-17 09:45:19,328 [INFO] trainer: epoch 69 step 50/135 loss=1.3862 lr=1.93e-04
2026-07-17 09:45:47,043 [INFO] trainer: epoch 69 step 100/135 loss=1.3650 lr=1.93e-04
2026-07-17 09:46:06,433 [INFO] trainer: epoch 69 done train_loss=1.4005 dt=75.6s
2026-07-17 09:46:35,005 [INFO] trainer: epoch 70 step 50/135 loss=1.3640 lr=1.93e-04
2026-07-17 09:47:02,724 [INFO] trainer: epoch 70 step 100/135 loss=1.3994 lr=1.93e-04
2026-07-17 09:47:22,109 [INFO] trainer: epoch 70 done train_loss=1.3859 dt=75.7s
2026-07-17 09:47:53,809 [INFO] trainer: epoch 71 step 50/135 loss=1.3882 lr=1.93e-04
2026-07-17 09:48:21,547 [INFO] trainer: epoch 71 step 100/135 loss=1.4188 lr=1.93e-04
2026-07-17 09:48:40,927 [INFO] trainer: epoch 71 done train_loss=1.3850 dt=75.8s
2026-07-17 09:49:09,646 [INFO] trainer: epoch 72 step 50/135 loss=1.3744 lr=1.92e-04
2026-07-17 09:49:37,351 [INFO] trainer: epoch 72 step 100/135 loss=1.3877 lr=1.92e-04
2026-07-17 09:49:56,736 [INFO] trainer: epoch 72 done train_loss=1.4035 dt=75.8s
2026-07-17 09:50:25,218 [INFO] trainer: epoch 73 step 50/135 loss=1.3846 lr=1.92e-04
2026-07-17 09:50:52,921 [INFO] trainer: epoch 73 step 100/135 loss=1.4171 lr=1.92e-04
2026-07-17 09:51:12,315 [INFO] trainer: epoch 73 done train_loss=1.3943 dt=75.6s
2026-07-17 09:51:40,944 [INFO] trainer: epoch 74 step 50/135 loss=1.3348 lr=1.92e-04
2026-07-17 09:52:08,664 [INFO] trainer: epoch 74 step 100/135 loss=1.3949 lr=1.92e-04
2026-07-17 09:52:28,054 [INFO] trainer: epoch 74 done train_loss=1.3699 dt=75.7s
2026-07-17 09:52:56,381 [INFO] trainer: epoch 75 step 50/135 loss=1.3728 lr=1.92e-04
2026-07-17 09:53:24,104 [INFO] trainer: epoch 75 step 100/135 loss=1.3928 lr=1.92e-04
2026-07-17 09:53:43,484 [INFO] trainer: epoch 75 done train_loss=1.3796 dt=75.4s
2026-07-17 09:56:17,804 [INFO] trainer: epoch 75 val_mean_dice=0.7499
2026-07-17 09:56:49,274 [INFO] trainer: epoch 76 step 50/135 loss=1.3558 lr=1.91e-04
2026-07-17 09:57:16,987 [INFO] trainer: epoch 76 step 100/135 loss=1.3788 lr=1.91e-04
2026-07-17 09:57:36,376 [INFO] trainer: epoch 76 done train_loss=1.3741 dt=75.8s
2026-07-17 09:58:04,956 [INFO] trainer: epoch 77 step 50/135 loss=1.3347 lr=1.91e-04
2026-07-17 09:58:32,668 [INFO] trainer: epoch 77 step 100/135 loss=1.3951 lr=1.91e-04
2026-07-17 09:58:52,042 [INFO] trainer: epoch 77 done train_loss=1.3574 dt=75.7s
2026-07-17 09:59:20,568 [INFO] trainer: epoch 78 step 50/135 loss=1.3496 lr=1.91e-04
2026-07-17 09:59:48,268 [INFO] trainer: epoch 78 step 100/135 loss=1.3563 lr=1.91e-04
2026-07-17 10:00:07,655 [INFO] trainer: epoch 78 done train_loss=1.3632 dt=75.6s
2026-07-17 10:00:36,163 [INFO] trainer: epoch 79 step 50/135 loss=1.3902 lr=1.91e-04
2026-07-17 10:01:03,860 [INFO] trainer: epoch 79 step 100/135 loss=1.3588 lr=1.90e-04
2026-07-17 10:01:23,248 [INFO] trainer: epoch 79 done train_loss=1.3706 dt=75.6s
2026-07-17 10:01:51,808 [INFO] trainer: epoch 80 step 50/135 loss=1.3221 lr=1.90e-04
2026-07-17 10:02:19,511 [INFO] trainer: epoch 80 step 100/135 loss=1.3556 lr=1.90e-04
2026-07-17 10:02:38,895 [INFO] trainer: epoch 80 done train_loss=1.3437 dt=75.6s
2026-07-17 10:03:10,382 [INFO] trainer: epoch 81 step 50/135 loss=1.3372 lr=1.90e-04
2026-07-17 10:03:38,121 [INFO] trainer: epoch 81 step 100/135 loss=1.3032 lr=1.90e-04
2026-07-17 10:03:57,505 [INFO] trainer: epoch 81 done train_loss=1.3237 dt=75.8s
2026-07-17 10:04:26,015 [INFO] trainer: epoch 82 step 50/135 loss=1.3273 lr=1.90e-04
2026-07-17 10:04:53,735 [INFO] trainer: epoch 82 step 100/135 loss=1.3514 lr=1.90e-04
2026-07-17 10:05:13,113 [INFO] trainer: epoch 82 done train_loss=1.3570 dt=75.6s
2026-07-17 10:05:41,667 [INFO] trainer: epoch 83 step 50/135 loss=1.3897 lr=1.89e-04
2026-07-17 10:06:09,371 [INFO] trainer: epoch 83 step 100/135 loss=1.4080 lr=1.89e-04
2026-07-17 10:06:28,768 [INFO] trainer: epoch 83 done train_loss=1.3751 dt=75.7s
2026-07-17 10:06:57,367 [INFO] trainer: epoch 84 step 50/135 loss=1.3433 lr=1.89e-04
2026-07-17 10:07:25,072 [INFO] trainer: epoch 84 step 100/135 loss=1.3356 lr=1.89e-04
2026-07-17 10:07:44,463 [INFO] trainer: epoch 84 done train_loss=1.3612 dt=75.7s
2026-07-17 10:08:12,955 [INFO] trainer: epoch 85 step 50/135 loss=1.3337 lr=1.89e-04
2026-07-17 10:08:40,670 [INFO] trainer: epoch 85 step 100/135 loss=1.3619 lr=1.89e-04
2026-07-17 10:09:00,049 [INFO] trainer: epoch 85 done train_loss=1.3476 dt=75.6s
2026-07-17 10:09:28,596 [INFO] trainer: epoch 86 step 50/135 loss=1.2752 lr=1.89e-04
2026-07-17 10:09:56,301 [INFO] trainer: epoch 86 step 100/135 loss=1.3493 lr=1.88e-04
2026-07-17 10:10:15,673 [INFO] trainer: epoch 86 done train_loss=1.3102 dt=75.6s
2026-07-17 10:10:44,339 [INFO] trainer: epoch 87 step 50/135 loss=1.3637 lr=1.88e-04
2026-07-17 10:11:12,040 [INFO] trainer: epoch 87 step 100/135 loss=1.3562 lr=1.88e-04
2026-07-17 10:11:31,413 [INFO] trainer: epoch 87 done train_loss=1.3498 dt=75.7s
2026-07-17 10:12:00,145 [INFO] trainer: epoch 88 step 50/135 loss=1.3055 lr=1.88e-04
2026-07-17 10:12:27,834 [INFO] trainer: epoch 88 step 100/135 loss=1.3267 lr=1.88e-04
2026-07-17 10:12:47,209 [INFO] trainer: epoch 88 done train_loss=1.3238 dt=75.8s
2026-07-17 10:13:15,671 [INFO] trainer: epoch 89 step 50/135 loss=1.3140 lr=1.88e-04
2026-07-17 10:13:43,371 [INFO] trainer: epoch 89 step 100/135 loss=1.3191 lr=1.88e-04
2026-07-17 10:14:02,745 [INFO] trainer: epoch 89 done train_loss=1.3261 dt=75.5s
2026-07-17 10:14:31,461 [INFO] trainer: epoch 90 step 50/135 loss=1.3339 lr=1.87e-04
2026-07-17 10:14:59,168 [INFO] trainer: epoch 90 step 100/135 loss=1.3124 lr=1.87e-04
2026-07-17 10:15:18,548 [INFO] trainer: epoch 90 done train_loss=1.3268 dt=75.8s
2026-07-17 10:15:49,935 [INFO] trainer: epoch 91 step 50/135 loss=1.3363 lr=1.87e-04
2026-07-17 10:16:17,629 [INFO] trainer: epoch 91 step 100/135 loss=1.3329 lr=1.87e-04
2026-07-17 10:16:37,002 [INFO] trainer: epoch 91 done train_loss=1.3319 dt=75.7s
2026-07-17 10:17:05,629 [INFO] trainer: epoch 92 step 50/135 loss=1.3207 lr=1.87e-04
2026-07-17 10:17:33,331 [INFO] trainer: epoch 92 step 100/135 loss=1.3321 lr=1.87e-04
2026-07-17 10:17:52,714 [INFO] trainer: epoch 92 done train_loss=1.3318 dt=75.7s
2026-07-17 10:18:21,339 [INFO] trainer: epoch 93 step 50/135 loss=1.3276 lr=1.86e-04
2026-07-17 10:18:49,054 [INFO] trainer: epoch 93 step 100/135 loss=1.3486 lr=1.86e-04
2026-07-17 10:19:08,436 [INFO] trainer: epoch 93 done train_loss=1.3379 dt=75.7s
2026-07-17 10:19:36,997 [INFO] trainer: epoch 94 step 50/135 loss=1.3108 lr=1.86e-04
2026-07-17 10:20:04,700 [INFO] trainer: epoch 94 step 100/135 loss=1.3277 lr=1.86e-04
2026-07-17 10:20:24,074 [INFO] trainer: epoch 94 done train_loss=1.3036 dt=75.6s
2026-07-17 10:20:52,804 [INFO] trainer: epoch 95 step 50/135 loss=1.3114 lr=1.86e-04
2026-07-17 10:21:20,517 [INFO] trainer: epoch 95 step 100/135 loss=1.3408 lr=1.86e-04
2026-07-17 10:21:39,925 [INFO] trainer: epoch 95 done train_loss=1.3254 dt=75.9s
2026-07-17 10:22:08,898 [INFO] trainer: epoch 96 step 50/135 loss=1.3440 lr=1.85e-04
2026-07-17 10:23:00,708 [INFO] trainer: epoch 96 step 100/135 loss=1.3280 lr=1.85e-04
2026-07-17 10:23:20,089 [INFO] trainer: epoch 96 done train_loss=1.3299 dt=100.2s
2026-07-17 10:23:48,654 [INFO] trainer: epoch 97 step 50/135 loss=1.3172 lr=1.85e-04
2026-07-17 10:24:16,345 [INFO] trainer: epoch 97 step 100/135 loss=1.3272 lr=1.85e-04
2026-07-17 10:24:35,739 [INFO] trainer: epoch 97 done train_loss=1.3182 dt=75.6s
2026-07-17 10:25:04,432 [INFO] trainer: epoch 98 step 50/135 loss=1.3330 lr=1.85e-04
2026-07-17 10:25:32,135 [INFO] trainer: epoch 98 step 100/135 loss=1.3214 lr=1.85e-04
2026-07-17 10:25:51,523 [INFO] trainer: epoch 98 done train_loss=1.3273 dt=75.8s
2026-07-17 10:26:20,132 [INFO] trainer: epoch 99 step 50/135 loss=1.3513 lr=1.84e-04
2026-07-17 10:26:47,843 [INFO] trainer: epoch 99 step 100/135 loss=1.3149 lr=1.84e-04
2026-07-17 10:27:07,234 [INFO] trainer: epoch 99 done train_loss=1.3353 dt=75.7s
2026-07-17 10:27:35,765 [INFO] trainer: epoch 100 step 50/135 loss=1.3185 lr=1.84e-04
2026-07-17 10:28:03,473 [INFO] trainer: epoch 100 step 100/135 loss=1.3461 lr=1.84e-04
2026-07-17 10:28:22,855 [INFO] trainer: epoch 100 done train_loss=1.3212 dt=75.6s
2026-07-17 10:30:57,831 [INFO] trainer: epoch 100 val_mean_dice=0.7644
2026-07-17 10:31:31,621 [INFO] trainer: epoch 101 step 50/135 loss=1.3507 lr=1.84e-04
2026-07-17 10:31:59,314 [INFO] trainer: epoch 101 step 100/135 loss=1.2990 lr=1.84e-04
2026-07-17 10:32:18,890 [INFO] trainer: epoch 101 done train_loss=1.3185 dt=75.7s
2026-07-17 10:33:03,869 [INFO] trainer: epoch 102 step 50/135 loss=1.2757 lr=1.83e-04
2026-07-17 10:33:32,910 [INFO] trainer: epoch 102 step 100/135 loss=1.3746 lr=1.83e-04
2026-07-17 10:33:52,736 [INFO] trainer: epoch 102 done train_loss=1.3176 dt=93.8s
2026-07-17 10:34:26,528 [INFO] trainer: epoch 103 step 50/135 loss=1.2669 lr=1.83e-04
2026-07-17 10:34:57,236 [INFO] trainer: epoch 103 step 100/135 loss=1.3221 lr=1.83e-04
2026-07-17 10:35:17,145 [INFO] trainer: epoch 103 done train_loss=1.2914 dt=84.4s
2026-07-17 10:36:00,671 [INFO] trainer: epoch 104 step 50/135 loss=1.2694 lr=1.83e-04
2026-07-17 10:36:35,429 [INFO] trainer: epoch 104 step 100/135 loss=1.3225 lr=1.83e-04
2026-07-17 10:36:54,990 [INFO] trainer: epoch 104 done train_loss=1.2994 dt=97.8s
2026-07-17 10:37:27,691 [INFO] trainer: epoch 105 step 50/135 loss=1.2986 lr=1.82e-04
2026-07-17 10:37:57,227 [INFO] trainer: epoch 105 step 100/135 loss=1.3332 lr=1.82e-04
2026-07-17 10:38:27,867 [INFO] trainer: epoch 105 done train_loss=1.3127 dt=92.9s
2026-07-17 10:38:56,751 [INFO] trainer: epoch 106 step 50/135 loss=1.2454 lr=1.82e-04
2026-07-17 10:39:33,426 [INFO] trainer: epoch 106 step 100/135 loss=1.2806 lr=1.82e-04
2026-07-17 10:39:53,102 [INFO] trainer: epoch 106 done train_loss=1.2738 dt=85.2s
2026-07-17 10:40:21,989 [INFO] trainer: epoch 107 step 50/135 loss=1.3226 lr=1.82e-04
2026-07-17 10:40:54,244 [INFO] trainer: epoch 107 step 100/135 loss=1.3015 lr=1.81e-04
2026-07-17 10:41:23,461 [INFO] trainer: epoch 107 done train_loss=1.3110 dt=90.4s
2026-07-17 10:43:02,341 [INFO] trainer: epoch 108 step 50/135 loss=1.2937 lr=1.81e-04
2026-07-17 10:43:30,357 [INFO] trainer: epoch 108 step 100/135 loss=1.3281 lr=1.81e-04
2026-07-17 10:43:50,263 [INFO] trainer: epoch 108 done train_loss=1.3127 dt=146.8s
2026-07-17 10:44:20,062 [INFO] trainer: epoch 109 step 50/135 loss=1.3118 lr=1.81e-04
2026-07-17 10:44:48,145 [INFO] trainer: epoch 109 step 100/135 loss=1.2453 lr=1.81e-04
2026-07-17 10:45:07,555 [INFO] trainer: epoch 109 done train_loss=1.2731 dt=77.3s
2026-07-17 10:45:36,181 [INFO] trainer: epoch 110 step 50/135 loss=1.3151 lr=1.80e-04
2026-07-17 10:46:03,891 [INFO] trainer: epoch 110 step 100/135 loss=1.2935 lr=1.80e-04
2026-07-17 10:46:23,326 [INFO] trainer: epoch 110 done train_loss=1.3015 dt=75.8s
2026-07-17 10:46:54,902 [INFO] trainer: epoch 111 step 50/135 loss=1.3053 lr=1.80e-04
2026-07-17 10:47:22,616 [INFO] trainer: epoch 111 step 100/135 loss=1.3050 lr=1.80e-04
2026-07-17 10:47:41,996 [INFO] trainer: epoch 111 done train_loss=1.3060 dt=75.8s
2026-07-17 10:48:10,657 [INFO] trainer: epoch 112 step 50/135 loss=1.3211 lr=1.80e-04
2026-07-17 10:48:38,363 [INFO] trainer: epoch 112 step 100/135 loss=1.2671 lr=1.80e-04
2026-07-17 10:48:57,742 [INFO] trainer: epoch 112 done train_loss=1.2890 dt=75.7s
2026-07-17 10:49:26,484 [INFO] trainer: epoch 113 step 50/135 loss=1.3412 lr=1.79e-04
2026-07-17 10:49:54,193 [INFO] trainer: epoch 113 step 100/135 loss=1.3010 lr=1.79e-04
2026-07-17 10:50:13,582 [INFO] trainer: epoch 113 done train_loss=1.3079 dt=75.8s
2026-07-17 10:50:42,605 [INFO] trainer: epoch 114 step 50/135 loss=1.2775 lr=1.79e-04
2026-07-17 10:51:10,325 [INFO] trainer: epoch 114 step 100/135 loss=1.2507 lr=1.79e-04
2026-07-17 10:51:29,714 [INFO] trainer: epoch 114 done train_loss=1.2748 dt=76.1s
2026-07-17 10:51:58,510 [INFO] trainer: epoch 115 step 50/135 loss=1.3237 lr=1.79e-04
2026-07-17 10:52:26,229 [INFO] trainer: epoch 115 step 100/135 loss=1.2671 lr=1.78e-04
2026-07-17 10:52:45,632 [INFO] trainer: epoch 115 done train_loss=1.2962 dt=75.9s
2026-07-17 10:53:14,151 [INFO] trainer: epoch 116 step 50/135 loss=1.3092 lr=1.78e-04
2026-07-17 10:53:41,869 [INFO] trainer: epoch 116 step 100/135 loss=1.2853 lr=1.78e-04
2026-07-17 10:54:01,257 [INFO] trainer: epoch 116 done train_loss=1.2853 dt=75.6s
2026-07-17 10:54:30,012 [INFO] trainer: epoch 117 step 50/135 loss=1.2636 lr=1.78e-04
2026-07-17 10:54:57,727 [INFO] trainer: epoch 117 step 100/135 loss=1.2760 lr=1.78e-04
2026-07-17 10:55:17,104 [INFO] trainer: epoch 117 done train_loss=1.2672 dt=75.8s
2026-07-17 10:55:45,735 [INFO] trainer: epoch 118 step 50/135 loss=1.3098 lr=1.77e-04
2026-07-17 10:56:13,454 [INFO] trainer: epoch 118 step 100/135 loss=1.3463 lr=1.77e-04
2026-07-17 10:56:32,845 [INFO] trainer: epoch 118 done train_loss=1.3138 dt=75.7s
2026-07-17 10:57:01,420 [INFO] trainer: epoch 119 step 50/135 loss=1.2551 lr=1.77e-04
2026-07-17 10:57:29,125 [INFO] trainer: epoch 119 step 100/135 loss=1.3027 lr=1.77e-04
2026-07-17 10:57:48,503 [INFO] trainer: epoch 119 done train_loss=1.2715 dt=75.7s
2026-07-17 10:58:17,121 [INFO] trainer: epoch 120 step 50/135 loss=1.3086 lr=1.77e-04
2026-07-17 10:58:44,839 [INFO] trainer: epoch 120 step 100/135 loss=1.2633 lr=1.76e-04
2026-07-17 10:59:04,227 [INFO] trainer: epoch 120 done train_loss=1.2932 dt=75.7s
2026-07-17 10:59:36,194 [INFO] trainer: epoch 121 step 50/135 loss=1.2914 lr=1.76e-04
2026-07-17 11:00:03,891 [INFO] trainer: epoch 121 step 100/135 loss=1.2998 lr=1.76e-04
2026-07-17 11:00:23,274 [INFO] trainer: epoch 121 done train_loss=1.2786 dt=75.8s
2026-07-17 11:00:52,226 [INFO] trainer: epoch 122 step 50/135 loss=1.3086 lr=1.76e-04
2026-07-17 11:01:19,924 [INFO] trainer: epoch 122 step 100/135 loss=1.2745 lr=1.76e-04
2026-07-17 11:01:40,087 [INFO] trainer: epoch 122 done train_loss=1.2886 dt=76.8s
2026-07-17 11:02:23,882 [INFO] trainer: epoch 123 step 50/135 loss=1.2256 lr=1.75e-04
2026-07-17 11:02:51,589 [INFO] trainer: epoch 123 step 100/135 loss=1.2892 lr=1.75e-04
2026-07-17 11:03:10,968 [INFO] trainer: epoch 123 done train_loss=1.2736 dt=90.9s
2026-07-17 11:03:39,575 [INFO] trainer: epoch 124 step 50/135 loss=1.3215 lr=1.75e-04
2026-07-17 11:04:07,270 [INFO] trainer: epoch 124 step 100/135 loss=1.2595 lr=1.75e-04
2026-07-17 11:04:26,654 [INFO] trainer: epoch 124 done train_loss=1.2855 dt=75.7s
2026-07-17 11:04:55,361 [INFO] trainer: epoch 125 step 50/135 loss=1.3074 lr=1.74e-04
2026-07-17 11:05:23,055 [INFO] trainer: epoch 125 step 100/135 loss=1.2869 lr=1.74e-04
2026-07-17 11:05:42,492 [INFO] trainer: epoch 125 done train_loss=1.2956 dt=75.8s
2026-07-17 11:08:21,399 [INFO] trainer: epoch 125 val_mean_dice=0.7668
2026-07-17 11:08:54,624 [INFO] trainer: epoch 126 step 50/135 loss=1.2503 lr=1.74e-04
2026-07-17 11:09:23,382 [INFO] trainer: epoch 126 step 100/135 loss=1.2538 lr=1.74e-04
2026-07-17 11:09:43,279 [INFO] trainer: epoch 126 done train_loss=1.2591 dt=78.7s
2026-07-17 11:10:11,907 [INFO] trainer: epoch 127 step 50/135 loss=1.2421 lr=1.74e-04
2026-07-17 11:10:39,964 [INFO] trainer: epoch 127 step 100/135 loss=1.2658 lr=1.73e-04
2026-07-17 11:10:59,362 [INFO] trainer: epoch 127 done train_loss=1.2732 dt=76.1s
2026-07-17 11:11:28,091 [INFO] trainer: epoch 128 step 50/135 loss=1.2664 lr=1.73e-04
2026-07-17 11:11:56,242 [INFO] trainer: epoch 128 step 100/135 loss=1.2552 lr=1.73e-04
2026-07-17 11:12:15,665 [INFO] trainer: epoch 128 done train_loss=1.2701 dt=76.3s
2026-07-17 11:12:45,421 [INFO] trainer: epoch 129 step 50/135 loss=1.2364 lr=1.73e-04
2026-07-17 11:13:13,228 [INFO] trainer: epoch 129 step 100/135 loss=1.2837 lr=1.73e-04
2026-07-17 11:13:32,607 [INFO] trainer: epoch 129 done train_loss=1.2573 dt=76.9s
2026-07-17 11:14:01,412 [INFO] trainer: epoch 130 step 50/135 loss=1.3233 lr=1.72e-04
2026-07-17 11:14:29,305 [INFO] trainer: epoch 130 step 100/135 loss=1.2486 lr=1.72e-04
2026-07-17 11:14:48,719 [INFO] trainer: epoch 130 done train_loss=1.2813 dt=76.1s
2026-07-17 11:15:35,701 [INFO] trainer: epoch 131 step 50/135 loss=1.3294 lr=1.72e-04
2026-07-17 11:16:03,629 [INFO] trainer: epoch 131 step 100/135 loss=1.2268 lr=1.72e-04
2026-07-17 11:16:23,145 [INFO] trainer: epoch 131 done train_loss=1.2730 dt=76.3s
2026-07-17 11:16:51,751 [INFO] trainer: epoch 132 step 50/135 loss=1.2732 lr=1.71e-04
2026-07-17 11:17:19,617 [INFO] trainer: epoch 132 step 100/135 loss=1.3002 lr=1.71e-04
2026-07-17 11:17:39,024 [INFO] trainer: epoch 132 done train_loss=1.2834 dt=75.9s
2026-07-17 11:18:07,864 [INFO] trainer: epoch 133 step 50/135 loss=1.2839 lr=1.71e-04
2026-07-17 11:18:35,603 [INFO] trainer: epoch 133 step 100/135 loss=1.2567 lr=1.71e-04
2026-07-17 11:18:54,987 [INFO] trainer: epoch 133 done train_loss=1.2717 dt=76.0s
2026-07-17 11:19:23,920 [INFO] trainer: epoch 134 step 50/135 loss=1.2553 lr=1.70e-04
2026-07-17 11:19:52,847 [INFO] trainer: epoch 134 step 100/135 loss=1.2466 lr=1.70e-04
2026-07-17 11:20:12,224 [INFO] trainer: epoch 134 done train_loss=1.2524 dt=77.2s
2026-07-17 11:20:41,147 [INFO] trainer: epoch 135 step 50/135 loss=1.2173 lr=1.70e-04
2026-07-17 11:21:08,850 [INFO] trainer: epoch 135 step 100/135 loss=1.3114 lr=1.70e-04
2026-07-17 11:21:28,222 [INFO] trainer: epoch 135 done train_loss=1.2585 dt=76.0s
2026-07-17 11:21:56,915 [INFO] trainer: epoch 136 step 50/135 loss=1.2771 lr=1.70e-04
2026-07-17 11:22:24,822 [INFO] trainer: epoch 136 step 100/135 loss=1.2551 lr=1.69e-04
2026-07-17 11:22:44,631 [INFO] trainer: epoch 136 done train_loss=1.2769 dt=76.4s
2026-07-17 11:23:13,299 [INFO] trainer: epoch 137 step 50/135 loss=1.2704 lr=1.69e-04
2026-07-17 11:23:40,999 [INFO] trainer: epoch 137 step 100/135 loss=1.2712 lr=1.69e-04
2026-07-17 11:24:00,392 [INFO] trainer: epoch 137 done train_loss=1.2716 dt=75.8s
2026-07-17 11:24:29,898 [INFO] trainer: epoch 138 step 50/135 loss=1.2692 lr=1.69e-04
2026-07-17 11:24:57,608 [INFO] trainer: epoch 138 step 100/135 loss=1.2471 lr=1.68e-04
2026-07-17 11:25:16,992 [INFO] trainer: epoch 138 done train_loss=1.2445 dt=76.6s
2026-07-17 11:25:45,655 [INFO] trainer: epoch 139 step 50/135 loss=1.2412 lr=1.68e-04
2026-07-17 11:26:13,400 [INFO] trainer: epoch 139 step 100/135 loss=1.2335 lr=1.68e-04
2026-07-17 11:26:33,347 [INFO] trainer: epoch 139 done train_loss=1.2209 dt=76.4s
2026-07-17 11:27:02,091 [INFO] trainer: epoch 140 step 50/135 loss=1.2363 lr=1.68e-04
2026-07-17 11:27:29,795 [INFO] trainer: epoch 140 step 100/135 loss=1.2018 lr=1.68e-04
2026-07-17 11:27:49,280 [INFO] trainer: epoch 140 done train_loss=1.2180 dt=75.9s
2026-07-17 11:28:20,649 [INFO] trainer: epoch 141 step 50/135 loss=1.2779 lr=1.67e-04
2026-07-17 11:28:50,699 [INFO] trainer: epoch 141 step 100/135 loss=1.2156 lr=1.67e-04
2026-07-17 11:29:10,186 [INFO] trainer: epoch 141 done train_loss=1.2542 dt=78.2s
2026-07-17 11:29:39,001 [INFO] trainer: epoch 142 step 50/135 loss=1.2246 lr=1.67e-04
2026-07-17 11:30:06,717 [INFO] trainer: epoch 142 step 100/135 loss=1.2368 lr=1.67e-04
2026-07-17 11:30:26,096 [INFO] trainer: epoch 142 done train_loss=1.2301 dt=75.9s
2026-07-17 11:30:54,844 [INFO] trainer: epoch 143 step 50/135 loss=1.2920 lr=1.66e-04
2026-07-17 11:31:22,565 [INFO] trainer: epoch 143 step 100/135 loss=1.2755 lr=1.66e-04
2026-07-17 11:31:41,959 [INFO] trainer: epoch 143 done train_loss=1.2588 dt=75.9s
2026-07-17 11:32:10,614 [INFO] trainer: epoch 144 step 50/135 loss=1.2322 lr=1.66e-04
2026-07-17 11:32:38,329 [INFO] trainer: epoch 144 step 100/135 loss=1.1915 lr=1.66e-04
2026-07-17 11:32:57,715 [INFO] trainer: epoch 144 done train_loss=1.2163 dt=75.8s
2026-07-17 11:33:26,426 [INFO] trainer: epoch 145 step 50/135 loss=1.2355 lr=1.65e-04
2026-07-17 11:33:54,135 [INFO] trainer: epoch 145 step 100/135 loss=1.2275 lr=1.65e-04
2026-07-17 11:34:13,537 [INFO] trainer: epoch 145 done train_loss=1.2400 dt=75.8s
2026-07-17 11:34:42,375 [INFO] trainer: epoch 146 step 50/135 loss=1.2359 lr=1.65e-04
2026-07-17 11:35:10,084 [INFO] trainer: epoch 146 step 100/135 loss=1.2522 lr=1.65e-04
2026-07-17 11:35:29,476 [INFO] trainer: epoch 146 done train_loss=1.2404 dt=75.9s
2026-07-17 11:35:58,709 [INFO] trainer: epoch 147 step 50/135 loss=1.2173 lr=1.64e-04
2026-07-17 11:36:26,801 [INFO] trainer: epoch 147 step 100/135 loss=1.2868 lr=1.64e-04
2026-07-17 11:36:46,188 [INFO] trainer: epoch 147 done train_loss=1.2551 dt=76.7s
2026-07-17 11:37:14,966 [INFO] trainer: epoch 148 step 50/135 loss=1.1966 lr=1.64e-04
2026-07-17 11:37:42,680 [INFO] trainer: epoch 148 step 100/135 loss=1.2146 lr=1.64e-04
2026-07-17 11:38:02,261 [INFO] trainer: epoch 148 done train_loss=1.2330 dt=76.1s
2026-07-17 11:38:30,907 [INFO] trainer: epoch 149 step 50/135 loss=1.2297 lr=1.63e-04
2026-07-17 11:38:58,695 [INFO] trainer: epoch 149 step 100/135 loss=1.2650 lr=1.63e-04
2026-07-17 11:39:18,182 [INFO] trainer: epoch 149 done train_loss=1.2386 dt=75.9s
2026-07-17 11:39:47,313 [INFO] trainer: epoch 150 step 50/135 loss=1.2034 lr=1.63e-04
2026-07-17 11:40:15,384 [INFO] trainer: epoch 150 step 100/135 loss=1.2103 lr=1.63e-04
2026-07-17 11:40:35,359 [INFO] trainer: epoch 150 done train_loss=1.2249 dt=77.2s
2026-07-17 11:43:11,869 [INFO] trainer: epoch 150 val_mean_dice=0.7759
2026-07-17 11:43:46,419 [INFO] trainer: epoch 151 step 50/135 loss=1.1805 lr=1.62e-04
2026-07-17 11:44:14,460 [INFO] trainer: epoch 151 step 100/135 loss=1.2377 lr=1.62e-04
2026-07-17 11:44:34,023 [INFO] trainer: epoch 151 done train_loss=1.2171 dt=76.2s
2026-07-17 11:45:02,509 [INFO] trainer: epoch 152 step 50/135 loss=1.2673 lr=1.62e-04
2026-07-17 11:45:30,228 [INFO] trainer: epoch 152 step 100/135 loss=1.1697 lr=1.62e-04
2026-07-17 11:45:49,624 [INFO] trainer: epoch 152 done train_loss=1.2261 dt=75.6s
2026-07-17 11:46:18,357 [INFO] trainer: epoch 153 step 50/135 loss=1.2384 lr=1.61e-04
2026-07-17 11:46:46,059 [INFO] trainer: epoch 153 step 100/135 loss=1.2043 lr=1.61e-04
2026-07-17 11:47:05,600 [INFO] trainer: epoch 153 done train_loss=1.2223 dt=76.0s
2026-07-17 11:47:34,380 [INFO] trainer: epoch 154 step 50/135 loss=1.2586 lr=1.61e-04
2026-07-17 11:48:02,082 [INFO] trainer: epoch 154 step 100/135 loss=1.2555 lr=1.61e-04
2026-07-17 11:48:21,460 [INFO] trainer: epoch 154 done train_loss=1.2499 dt=75.9s
2026-07-17 11:48:50,190 [INFO] trainer: epoch 155 step 50/135 loss=1.2487 lr=1.60e-04
2026-07-17 11:49:17,908 [INFO] trainer: epoch 155 step 100/135 loss=1.2221 lr=1.60e-04
2026-07-17 11:49:37,299 [INFO] trainer: epoch 155 done train_loss=1.2323 dt=75.8s
2026-07-17 11:50:05,811 [INFO] trainer: epoch 156 step 50/135 loss=1.1916 lr=1.60e-04
2026-07-17 11:50:33,579 [INFO] trainer: epoch 156 step 100/135 loss=1.2954 lr=1.60e-04
2026-07-17 11:50:52,963 [INFO] trainer: epoch 156 done train_loss=1.2264 dt=75.7s
2026-07-17 11:51:21,734 [INFO] trainer: epoch 157 step 50/135 loss=1.1700 lr=1.59e-04
2026-07-17 11:51:49,452 [INFO] trainer: epoch 157 step 100/135 loss=1.2504 lr=1.59e-04
2026-07-17 11:52:08,924 [INFO] trainer: epoch 157 done train_loss=1.2246 dt=76.0s
2026-07-17 11:52:38,415 [INFO] trainer: epoch 158 step 50/135 loss=1.2284 lr=1.59e-04
2026-07-17 11:53:06,995 [INFO] trainer: epoch 158 step 100/135 loss=1.2703 lr=1.59e-04
2026-07-17 11:53:26,382 [INFO] trainer: epoch 158 done train_loss=1.2351 dt=77.5s
2026-07-17 11:53:55,384 [INFO] trainer: epoch 159 step 50/135 loss=1.2539 lr=1.58e-04
2026-07-17 11:54:23,095 [INFO] trainer: epoch 159 step 100/135 loss=1.2281 lr=1.58e-04
2026-07-17 11:54:42,489 [INFO] trainer: epoch 159 done train_loss=1.2222 dt=76.1s
2026-07-17 11:55:11,223 [INFO] trainer: epoch 160 step 50/135 loss=1.2197 lr=1.58e-04
2026-07-17 11:55:38,940 [INFO] trainer: epoch 160 step 100/135 loss=1.2299 lr=1.58e-04
2026-07-17 11:55:58,330 [INFO] trainer: epoch 160 done train_loss=1.2470 dt=75.8s
2026-07-17 11:56:29,703 [INFO] trainer: epoch 161 step 50/135 loss=1.1819 lr=1.57e-04
2026-07-17 11:56:57,479 [INFO] trainer: epoch 161 step 100/135 loss=1.2544 lr=1.57e-04
2026-07-17 11:57:16,869 [INFO] trainer: epoch 161 done train_loss=1.2237 dt=75.8s
2026-07-17 11:57:45,353 [INFO] trainer: epoch 162 step 50/135 loss=1.1826 lr=1.57e-04
2026-07-17 11:58:13,069 [INFO] trainer: epoch 162 step 100/135 loss=1.2418 lr=1.57e-04
2026-07-17 11:58:32,456 [INFO] trainer: epoch 162 done train_loss=1.1972 dt=75.6s
2026-07-17 11:59:01,286 [INFO] trainer: epoch 163 step 50/135 loss=1.2180 lr=1.56e-04
2026-07-17 11:59:29,010 [INFO] trainer: epoch 163 step 100/135 loss=1.2459 lr=1.56e-04
2026-07-17 11:59:48,409 [INFO] trainer: epoch 163 done train_loss=1.2268 dt=76.0s
2026-07-17 12:00:17,098 [INFO] trainer: epoch 164 step 50/135 loss=1.1939 lr=1.56e-04
2026-07-17 12:00:44,805 [INFO] trainer: epoch 164 step 100/135 loss=1.2353 lr=1.55e-04
2026-07-17 12:01:04,609 [INFO] trainer: epoch 164 done train_loss=1.2186 dt=76.2s
2026-07-17 12:01:33,960 [INFO] trainer: epoch 165 step 50/135 loss=1.1938 lr=1.55e-04
2026-07-17 12:02:01,684 [INFO] trainer: epoch 165 step 100/135 loss=1.2476 lr=1.55e-04
2026-07-17 12:02:21,077 [INFO] trainer: epoch 165 done train_loss=1.2105 dt=76.5s
2026-07-17 12:02:49,638 [INFO] trainer: epoch 166 step 50/135 loss=1.2231 lr=1.55e-04
2026-07-17 12:03:17,381 [INFO] trainer: epoch 166 step 100/135 loss=1.1618 lr=1.54e-04
2026-07-17 12:03:36,770 [INFO] trainer: epoch 166 done train_loss=1.1849 dt=75.7s
2026-07-17 12:04:05,342 [INFO] trainer: epoch 167 step 50/135 loss=1.2136 lr=1.54e-04
2026-07-17 12:04:33,130 [INFO] trainer: epoch 167 step 100/135 loss=1.2047 lr=1.54e-04
2026-07-17 12:04:52,519 [INFO] trainer: epoch 167 done train_loss=1.2165 dt=75.7s
2026-07-17 12:05:21,138 [INFO] trainer: epoch 168 step 50/135 loss=1.2264 lr=1.54e-04
2026-07-17 12:05:48,998 [INFO] trainer: epoch 168 step 100/135 loss=1.1957 lr=1.53e-04
2026-07-17 12:06:08,384 [INFO] trainer: epoch 168 done train_loss=1.2072 dt=75.9s
2026-07-17 12:06:37,358 [INFO] trainer: epoch 169 step 50/135 loss=1.2152 lr=1.53e-04
2026-07-17 12:07:05,078 [INFO] trainer: epoch 169 step 100/135 loss=1.2565 lr=1.53e-04
2026-07-17 12:07:24,599 [INFO] trainer: epoch 169 done train_loss=1.2281 dt=76.2s
2026-07-17 12:07:53,263 [INFO] trainer: epoch 170 step 50/135 loss=1.2061 lr=1.52e-04
2026-07-17 12:08:20,985 [INFO] trainer: epoch 170 step 100/135 loss=1.2346 lr=1.52e-04
2026-07-17 12:08:40,374 [INFO] trainer: epoch 170 done train_loss=1.2314 dt=75.8s
2026-07-17 12:09:12,093 [INFO] trainer: epoch 171 step 50/135 loss=1.1795 lr=1.52e-04
2026-07-17 12:09:39,816 [INFO] trainer: epoch 171 step 100/135 loss=1.2664 lr=1.52e-04
2026-07-17 12:09:59,216 [INFO] trainer: epoch 171 done train_loss=1.2219 dt=75.8s
2026-07-17 12:10:27,811 [INFO] trainer: epoch 172 step 50/135 loss=1.1955 lr=1.51e-04
2026-07-17 12:10:55,534 [INFO] trainer: epoch 172 step 100/135 loss=1.2123 lr=1.51e-04
2026-07-17 12:11:14,934 [INFO] trainer: epoch 172 done train_loss=1.2194 dt=75.7s
2026-07-17 12:11:43,520 [INFO] trainer: epoch 173 step 50/135 loss=1.1774 lr=1.51e-04
2026-07-17 12:12:11,251 [INFO] trainer: epoch 173 step 100/135 loss=1.1980 lr=1.51e-04
2026-07-17 12:12:30,644 [INFO] trainer: epoch 173 done train_loss=1.1917 dt=75.7s
2026-07-17 12:12:59,265 [INFO] trainer: epoch 174 step 50/135 loss=1.2064 lr=1.50e-04
2026-07-17 12:13:27,001 [INFO] trainer: epoch 174 step 100/135 loss=1.2385 lr=1.50e-04
2026-07-17 12:13:46,398 [INFO] trainer: epoch 174 done train_loss=1.2136 dt=75.8s
2026-07-17 12:14:15,365 [INFO] trainer: epoch 175 step 50/135 loss=1.2096 lr=1.50e-04
2026-07-17 12:14:47,714 [INFO] trainer: epoch 175 step 100/135 loss=1.2230 lr=1.49e-04
2026-07-17 12:15:07,127 [INFO] trainer: epoch 175 done train_loss=1.2079 dt=80.7s
2026-07-17 12:17:41,486 [INFO] trainer: epoch 175 val_mean_dice=0.7926
2026-07-17 12:18:13,180 [INFO] trainer: epoch 176 step 50/135 loss=1.2236 lr=1.49e-04
2026-07-17 12:18:40,891 [INFO] trainer: epoch 176 step 100/135 loss=1.2118 lr=1.49e-04
2026-07-17 12:19:00,275 [INFO] trainer: epoch 176 done train_loss=1.2165 dt=75.9s
2026-07-17 12:19:28,854 [INFO] trainer: epoch 177 step 50/135 loss=1.2411 lr=1.49e-04
2026-07-17 12:19:56,618 [INFO] trainer: epoch 177 step 100/135 loss=1.1586 lr=1.48e-04
2026-07-17 12:20:16,015 [INFO] trainer: epoch 177 done train_loss=1.1804 dt=75.7s
2026-07-17 12:20:44,680 [INFO] trainer: epoch 178 step 50/135 loss=1.2411 lr=1.48e-04
2026-07-17 12:21:12,405 [INFO] trainer: epoch 178 step 100/135 loss=1.2032 lr=1.48e-04
2026-07-17 12:21:31,793 [INFO] trainer: epoch 178 done train_loss=1.2174 dt=75.8s
2026-07-17 12:22:00,461 [INFO] trainer: epoch 179 step 50/135 loss=1.2002 lr=1.47e-04
2026-07-17 12:22:28,175 [INFO] trainer: epoch 179 step 100/135 loss=1.2190 lr=1.47e-04
2026-07-17 12:22:47,565 [INFO] trainer: epoch 179 done train_loss=1.2150 dt=75.8s
2026-07-17 12:23:16,367 [INFO] trainer: epoch 180 step 50/135 loss=1.1540 lr=1.47e-04
2026-07-17 12:23:44,093 [INFO] trainer: epoch 180 step 100/135 loss=1.2066 lr=1.47e-04
2026-07-17 12:24:03,489 [INFO] trainer: epoch 180 done train_loss=1.1762 dt=75.9s
2026-07-17 12:24:34,786 [INFO] trainer: epoch 181 step 50/135 loss=1.2104 lr=1.46e-04
2026-07-17 12:25:02,504 [INFO] trainer: epoch 181 step 100/135 loss=1.1959 lr=1.46e-04
2026-07-17 12:25:21,904 [INFO] trainer: epoch 181 done train_loss=1.2003 dt=75.6s
2026-07-17 12:25:50,538 [INFO] trainer: epoch 182 step 50/135 loss=1.2191 lr=1.46e-04
2026-07-17 12:26:18,265 [INFO] trainer: epoch 182 step 100/135 loss=1.1851 lr=1.46e-04
2026-07-17 12:26:37,659 [INFO] trainer: epoch 182 done train_loss=1.2125 dt=75.8s
2026-07-17 12:27:06,164 [INFO] trainer: epoch 183 step 50/135 loss=1.1934 lr=1.45e-04
2026-07-17 12:27:33,895 [INFO] trainer: epoch 183 step 100/135 loss=1.2157 lr=1.45e-04
2026-07-17 12:27:53,286 [INFO] trainer: epoch 183 done train_loss=1.2179 dt=75.6s
2026-07-17 12:28:21,870 [INFO] trainer: epoch 184 step 50/135 loss=1.1895 lr=1.45e-04
2026-07-17 12:28:49,584 [INFO] trainer: epoch 184 step 100/135 loss=1.2332 lr=1.44e-04
2026-07-17 12:29:08,972 [INFO] trainer: epoch 184 done train_loss=1.1913 dt=75.7s
2026-07-17 12:29:37,677 [INFO] trainer: epoch 185 step 50/135 loss=1.2073 lr=1.44e-04
2026-07-17 12:30:05,432 [INFO] trainer: epoch 185 step 100/135 loss=1.2556 lr=1.44e-04
2026-07-17 12:30:24,838 [INFO] trainer: epoch 185 done train_loss=1.2236 dt=75.9s
2026-07-17 12:30:53,486 [INFO] trainer: epoch 186 step 50/135 loss=1.2337 lr=1.43e-04
2026-07-17 12:31:21,236 [INFO] trainer: epoch 186 step 100/135 loss=1.2276 lr=1.43e-04
2026-07-17 12:31:40,630 [INFO] trainer: epoch 186 done train_loss=1.2221 dt=75.8s
2026-07-17 12:32:09,233 [INFO] trainer: epoch 187 step 50/135 loss=1.2153 lr=1.43e-04
2026-07-17 12:32:36,947 [INFO] trainer: epoch 187 step 100/135 loss=1.1909 lr=1.43e-04
2026-07-17 12:32:56,334 [INFO] trainer: epoch 187 done train_loss=1.2033 dt=75.7s
2026-07-17 12:33:25,011 [INFO] trainer: epoch 188 step 50/135 loss=1.1143 lr=1.42e-04
2026-07-17 12:33:52,733 [INFO] trainer: epoch 188 step 100/135 loss=1.2329 lr=1.42e-04
2026-07-17 12:34:12,121 [INFO] trainer: epoch 188 done train_loss=1.1906 dt=75.8s
2026-07-17 12:34:40,500 [INFO] trainer: epoch 189 step 50/135 loss=1.2264 lr=1.42e-04
2026-07-17 12:35:08,743 [INFO] trainer: epoch 189 step 100/135 loss=1.2130 lr=1.42e-04
2026-07-17 12:35:29,480 [INFO] trainer: epoch 189 done train_loss=1.2113 dt=77.4s
2026-07-17 12:35:58,104 [INFO] trainer: epoch 190 step 50/135 loss=1.2481 lr=1.41e-04
2026-07-17 12:36:25,812 [INFO] trainer: epoch 190 step 100/135 loss=1.1700 lr=1.41e-04
2026-07-17 12:36:45,199 [INFO] trainer: epoch 190 done train_loss=1.2050 dt=75.7s
2026-07-17 12:37:16,513 [INFO] trainer: epoch 191 step 50/135 loss=1.2255 lr=1.41e-04
2026-07-17 12:37:44,217 [INFO] trainer: epoch 191 step 100/135 loss=1.1841 lr=1.40e-04
2026-07-17 12:38:03,591 [INFO] trainer: epoch 191 done train_loss=1.1963 dt=75.7s
2026-07-17 12:38:32,226 [INFO] trainer: epoch 192 step 50/135 loss=1.2042 lr=1.40e-04
2026-07-17 12:38:59,918 [INFO] trainer: epoch 192 step 100/135 loss=1.2356 lr=1.40e-04
2026-07-17 12:39:19,290 [INFO] trainer: epoch 192 done train_loss=1.2173 dt=75.7s
2026-07-17 12:39:48,038 [INFO] trainer: epoch 193 step 50/135 loss=1.2413 lr=1.39e-04
2026-07-17 12:40:15,736 [INFO] trainer: epoch 193 step 100/135 loss=1.2149 lr=1.39e-04
2026-07-17 12:40:35,118 [INFO] trainer: epoch 193 done train_loss=1.1979 dt=75.8s
2026-07-17 12:41:03,913 [INFO] trainer: epoch 194 step 50/135 loss=1.1380 lr=1.39e-04
2026-07-17 12:41:31,617 [INFO] trainer: epoch 194 step 100/135 loss=1.1579 lr=1.39e-04
2026-07-17 12:41:51,006 [INFO] trainer: epoch 194 done train_loss=1.1736 dt=75.9s
2026-07-17 12:42:19,835 [INFO] trainer: epoch 195 step 50/135 loss=1.1677 lr=1.38e-04
2026-07-17 12:42:47,558 [INFO] trainer: epoch 195 step 100/135 loss=1.1667 lr=1.38e-04
2026-07-17 12:43:06,945 [INFO] trainer: epoch 195 done train_loss=1.1766 dt=75.9s
2026-07-17 12:43:35,705 [INFO] trainer: epoch 196 step 50/135 loss=1.1618 lr=1.38e-04
2026-07-17 12:44:03,437 [INFO] trainer: epoch 196 step 100/135 loss=1.1634 lr=1.37e-04
2026-07-17 12:44:23,240 [INFO] trainer: epoch 196 done train_loss=1.1595 dt=76.3s
2026-07-17 12:44:52,339 [INFO] trainer: epoch 197 step 50/135 loss=1.2049 lr=1.37e-04
2026-07-17 12:45:20,039 [INFO] trainer: epoch 197 step 100/135 loss=1.1752 lr=1.37e-04
2026-07-17 12:45:39,431 [INFO] trainer: epoch 197 done train_loss=1.1905 dt=76.2s
2026-07-17 12:46:15,660 [INFO] trainer: epoch 198 step 50/135 loss=1.1683 lr=1.36e-04
2026-07-17 12:46:43,378 [INFO] trainer: epoch 198 step 100/135 loss=1.2246 lr=1.36e-04
2026-07-17 12:47:02,787 [INFO] trainer: epoch 198 done train_loss=1.1795 dt=83.4s
2026-07-17 12:47:31,573 [INFO] trainer: epoch 199 step 50/135 loss=1.1697 lr=1.36e-04
2026-07-17 12:47:59,288 [INFO] trainer: epoch 199 step 100/135 loss=1.1622 lr=1.36e-04
2026-07-17 12:48:18,669 [INFO] trainer: epoch 199 done train_loss=1.1571 dt=75.9s
2026-07-17 12:48:47,504 [INFO] trainer: epoch 200 step 50/135 loss=1.2214 lr=1.35e-04
2026-07-17 12:49:15,216 [INFO] trainer: epoch 200 step 100/135 loss=1.1416 lr=1.35e-04
2026-07-17 12:49:34,602 [INFO] trainer: epoch 200 done train_loss=1.1883 dt=75.9s
2026-07-17 12:52:09,238 [INFO] trainer: epoch 200 val_mean_dice=0.7902
2026-07-17 12:52:40,717 [INFO] trainer: epoch 201 step 50/135 loss=1.1776 lr=1.35e-04
2026-07-17 12:53:08,429 [INFO] trainer: epoch 201 step 100/135 loss=1.1210 lr=1.34e-04
2026-07-17 12:53:27,819 [INFO] trainer: epoch 201 done train_loss=1.1697 dt=75.9s
2026-07-17 12:53:56,610 [INFO] trainer: epoch 202 step 50/135 loss=1.1545 lr=1.34e-04
2026-07-17 12:54:24,361 [INFO] trainer: epoch 202 step 100/135 loss=1.2131 lr=1.34e-04
2026-07-17 12:54:43,746 [INFO] trainer: epoch 202 done train_loss=1.1650 dt=75.9s
2026-07-17 12:55:12,430 [INFO] trainer: epoch 203 step 50/135 loss=1.2161 lr=1.33e-04
2026-07-17 12:55:40,137 [INFO] trainer: epoch 203 step 100/135 loss=1.1133 lr=1.33e-04
2026-07-17 12:55:59,519 [INFO] trainer: epoch 203 done train_loss=1.1843 dt=75.8s
2026-07-17 12:56:28,256 [INFO] trainer: epoch 204 step 50/135 loss=1.1767 lr=1.33e-04
2026-07-17 12:56:55,973 [INFO] trainer: epoch 204 step 100/135 loss=1.1641 lr=1.33e-04
2026-07-17 12:57:15,357 [INFO] trainer: epoch 204 done train_loss=1.1700 dt=75.8s
2026-07-17 12:57:44,080 [INFO] trainer: epoch 205 step 50/135 loss=1.1791 lr=1.32e-04
2026-07-17 12:58:11,798 [INFO] trainer: epoch 205 step 100/135 loss=1.1427 lr=1.32e-04
2026-07-17 12:58:31,181 [INFO] trainer: epoch 205 done train_loss=1.1677 dt=75.8s
2026-07-17 12:58:59,759 [INFO] trainer: epoch 206 step 50/135 loss=1.1999 lr=1.32e-04
2026-07-17 12:59:27,470 [INFO] trainer: epoch 206 step 100/135 loss=1.1858 lr=1.31e-04
2026-07-17 12:59:46,857 [INFO] trainer: epoch 206 done train_loss=1.1716 dt=75.7s
2026-07-17 13:00:15,683 [INFO] trainer: epoch 207 step 50/135 loss=1.1751 lr=1.31e-04
2026-07-17 13:00:43,386 [INFO] trainer: epoch 207 step 100/135 loss=1.1711 lr=1.31e-04
2026-07-17 13:01:02,781 [INFO] trainer: epoch 207 done train_loss=1.1739 dt=75.9s
2026-07-17 13:01:31,925 [INFO] trainer: epoch 208 step 50/135 loss=1.1695 lr=1.30e-04
2026-07-17 13:01:59,758 [INFO] trainer: epoch 208 step 100/135 loss=1.1688 lr=1.30e-04
2026-07-17 13:02:19,230 [INFO] trainer: epoch 208 done train_loss=1.1603 dt=76.4s
2026-07-17 13:02:47,944 [INFO] trainer: epoch 209 step 50/135 loss=1.2156 lr=1.30e-04
2026-07-17 13:03:16,174 [INFO] trainer: epoch 209 step 100/135 loss=1.1616 lr=1.30e-04
2026-07-17 13:03:36,483 [INFO] trainer: epoch 209 done train_loss=1.1742 dt=77.3s
2026-07-17 13:04:05,544 [INFO] trainer: epoch 210 step 50/135 loss=1.1687 lr=1.29e-04
2026-07-17 13:04:33,251 [INFO] trainer: epoch 210 step 100/135 loss=1.1468 lr=1.29e-04
2026-07-17 13:04:52,637 [INFO] trainer: epoch 210 done train_loss=1.1673 dt=76.2s
2026-07-17 13:05:24,333 [INFO] trainer: epoch 211 step 50/135 loss=1.1959 lr=1.29e-04
2026-07-17 13:05:52,063 [INFO] trainer: epoch 211 step 100/135 loss=1.1760 lr=1.28e-04
2026-07-17 13:06:11,465 [INFO] trainer: epoch 211 done train_loss=1.1824 dt=76.0s
2026-07-17 13:06:40,224 [INFO] trainer: epoch 212 step 50/135 loss=1.1582 lr=1.28e-04
2026-07-17 13:07:07,952 [INFO] trainer: epoch 212 step 100/135 loss=1.1988 lr=1.28e-04
2026-07-17 13:07:27,342 [INFO] trainer: epoch 212 done train_loss=1.1663 dt=75.9s
2026-07-17 13:07:56,082 [INFO] trainer: epoch 213 step 50/135 loss=1.1897 lr=1.27e-04
2026-07-17 13:08:23,802 [INFO] trainer: epoch 213 step 100/135 loss=1.1634 lr=1.27e-04
2026-07-17 13:08:43,189 [INFO] trainer: epoch 213 done train_loss=1.1859 dt=75.8s
2026-07-17 13:09:11,871 [INFO] trainer: epoch 214 step 50/135 loss=1.1626 lr=1.27e-04
2026-07-17 13:09:39,592 [INFO] trainer: epoch 214 step 100/135 loss=1.1499 lr=1.27e-04
2026-07-17 13:09:58,980 [INFO] trainer: epoch 214 done train_loss=1.1615 dt=75.8s
2026-07-17 13:10:27,837 [INFO] trainer: epoch 215 step 50/135 loss=1.1751 lr=1.26e-04
2026-07-17 13:10:55,562 [INFO] trainer: epoch 215 step 100/135 loss=1.1507 lr=1.26e-04
2026-07-17 13:11:14,957 [INFO] trainer: epoch 215 done train_loss=1.1709 dt=76.0s
2026-07-17 13:11:43,570 [INFO] trainer: epoch 216 step 50/135 loss=1.1878 lr=1.26e-04
2026-07-17 13:12:11,298 [INFO] trainer: epoch 216 step 100/135 loss=1.1920 lr=1.25e-04
2026-07-17 13:12:30,690 [INFO] trainer: epoch 216 done train_loss=1.1809 dt=75.7s
2026-07-17 13:12:59,244 [INFO] trainer: epoch 217 step 50/135 loss=1.1308 lr=1.25e-04
2026-07-17 13:13:26,961 [INFO] trainer: epoch 217 step 100/135 loss=1.1874 lr=1.25e-04
2026-07-17 13:13:46,349 [INFO] trainer: epoch 217 done train_loss=1.1633 dt=75.7s
2026-07-17 13:14:14,929 [INFO] trainer: epoch 218 step 50/135 loss=1.1597 lr=1.24e-04
2026-07-17 13:14:42,651 [INFO] trainer: epoch 218 step 100/135 loss=1.1511 lr=1.24e-04
2026-07-17 13:15:02,039 [INFO] trainer: epoch 218 done train_loss=1.1559 dt=75.7s
2026-07-17 13:15:30,637 [INFO] trainer: epoch 219 step 50/135 loss=1.1515 lr=1.24e-04
2026-07-17 13:15:58,370 [INFO] trainer: epoch 219 step 100/135 loss=1.1710 lr=1.23e-04
2026-07-17 13:16:17,764 [INFO] trainer: epoch 219 done train_loss=1.1595 dt=75.7s
2026-07-17 13:16:46,648 [INFO] trainer: epoch 220 step 50/135 loss=1.1357 lr=1.23e-04
2026-07-17 13:17:14,376 [INFO] trainer: epoch 220 step 100/135 loss=1.1538 lr=1.23e-04
2026-07-17 13:17:33,841 [INFO] trainer: epoch 220 done train_loss=1.1455 dt=76.1s
2026-07-17 13:18:05,497 [INFO] trainer: epoch 221 step 50/135 loss=1.1747 lr=1.22e-04
2026-07-17 13:18:33,212 [INFO] trainer: epoch 221 step 100/135 loss=1.1755 lr=1.22e-04
2026-07-17 13:18:52,601 [INFO] trainer: epoch 221 done train_loss=1.1797 dt=75.9s
2026-07-17 13:19:21,359 [INFO] trainer: epoch 222 step 50/135 loss=1.1707 lr=1.22e-04
2026-07-17 13:19:49,073 [INFO] trainer: epoch 222 step 100/135 loss=1.1262 lr=1.22e-04
2026-07-17 13:20:08,457 [INFO] trainer: epoch 222 done train_loss=1.1625 dt=75.9s
2026-07-17 13:20:37,353 [INFO] trainer: epoch 223 step 50/135 loss=1.1527 lr=1.21e-04
2026-07-17 13:21:05,095 [INFO] trainer: epoch 223 step 100/135 loss=1.1038 lr=1.21e-04
2026-07-17 13:21:24,500 [INFO] trainer: epoch 223 done train_loss=1.1350 dt=76.0s
2026-07-17 13:21:53,237 [INFO] trainer: epoch 224 step 50/135 loss=1.1951 lr=1.21e-04
2026-07-17 13:22:20,967 [INFO] trainer: epoch 224 step 100/135 loss=1.1400 lr=1.20e-04
2026-07-17 13:22:40,377 [INFO] trainer: epoch 224 done train_loss=1.1646 dt=75.9s
2026-07-17 13:23:09,307 [INFO] trainer: epoch 225 step 50/135 loss=1.1292 lr=1.20e-04
2026-07-17 13:23:37,401 [INFO] trainer: epoch 225 step 100/135 loss=1.1646 lr=1.20e-04
2026-07-17 13:23:56,792 [INFO] trainer: epoch 225 done train_loss=1.1424 dt=76.4s
2026-07-17 13:26:31,261 [INFO] trainer: epoch 225 val_mean_dice=0.7951
2026-07-17 13:27:02,539 [INFO] trainer: epoch 226 step 50/135 loss=1.1321 lr=1.19e-04
2026-07-17 13:27:30,236 [INFO] trainer: epoch 226 step 100/135 loss=1.1360 lr=1.19e-04
2026-07-17 13:27:49,713 [INFO] trainer: epoch 226 done train_loss=1.1408 dt=76.0s
2026-07-17 13:28:18,612 [INFO] trainer: epoch 227 step 50/135 loss=1.1866 lr=1.19e-04
2026-07-17 13:28:46,332 [INFO] trainer: epoch 227 step 100/135 loss=1.1646 lr=1.18e-04
2026-07-17 13:29:05,717 [INFO] trainer: epoch 227 done train_loss=1.1587 dt=76.0s
2026-07-17 13:29:34,546 [INFO] trainer: epoch 228 step 50/135 loss=1.1539 lr=1.18e-04
2026-07-17 13:30:02,466 [INFO] trainer: epoch 228 step 100/135 loss=1.1447 lr=1.18e-04
2026-07-17 13:30:21,847 [INFO] trainer: epoch 228 done train_loss=1.1484 dt=76.1s
2026-07-17 13:30:50,670 [INFO] trainer: epoch 229 step 50/135 loss=1.1454 lr=1.17e-04
2026-07-17 13:31:18,373 [INFO] trainer: epoch 229 step 100/135 loss=1.1407 lr=1.17e-04
2026-07-17 13:31:37,757 [INFO] trainer: epoch 229 done train_loss=1.1314 dt=75.9s
2026-07-17 13:32:06,434 [INFO] trainer: epoch 230 step 50/135 loss=1.1361 lr=1.17e-04
2026-07-17 13:32:34,150 [INFO] trainer: epoch 230 step 100/135 loss=1.0953 lr=1.17e-04
2026-07-17 13:32:53,538 [INFO] trainer: epoch 230 done train_loss=1.1074 dt=75.8s
2026-07-17 13:33:37,492 [INFO] trainer: epoch 231 step 50/135 loss=1.1224 lr=1.16e-04
2026-07-17 13:34:05,203 [INFO] trainer: epoch 231 step 100/135 loss=1.1536 lr=1.16e-04
2026-07-17 13:34:24,653 [INFO] trainer: epoch 231 done train_loss=1.1263 dt=76.2s
2026-07-17 13:34:53,373 [INFO] trainer: epoch 232 step 50/135 loss=1.1461 lr=1.16e-04
2026-07-17 13:35:21,089 [INFO] trainer: epoch 232 step 100/135 loss=1.1140 lr=1.15e-04
2026-07-17 13:35:40,474 [INFO] trainer: epoch 232 done train_loss=1.1467 dt=75.8s
2026-07-17 13:36:10,112 [INFO] trainer: epoch 233 step 50/135 loss=1.1277 lr=1.15e-04
2026-07-17 13:36:37,830 [INFO] trainer: epoch 233 step 100/135 loss=1.0964 lr=1.15e-04
2026-07-17 13:36:57,228 [INFO] trainer: epoch 233 done train_loss=1.1119 dt=76.8s
2026-07-17 13:37:25,895 [INFO] trainer: epoch 234 step 50/135 loss=1.1385 lr=1.14e-04
2026-07-17 13:37:53,606 [INFO] trainer: epoch 234 step 100/135 loss=1.1378 lr=1.14e-04
2026-07-17 13:38:13,068 [INFO] trainer: epoch 234 done train_loss=1.1306 dt=75.8s
2026-07-17 13:38:41,809 [INFO] trainer: epoch 235 step 50/135 loss=1.1346 lr=1.14e-04
2026-07-17 13:39:09,529 [INFO] trainer: epoch 235 step 100/135 loss=1.0884 lr=1.13e-04
2026-07-17 13:39:28,924 [INFO] trainer: epoch 235 done train_loss=1.1158 dt=75.9s
2026-07-17 13:39:57,591 [INFO] trainer: epoch 236 step 50/135 loss=1.1056 lr=1.13e-04
2026-07-17 13:40:25,305 [INFO] trainer: epoch 236 step 100/135 loss=1.1413 lr=1.13e-04
2026-07-17 13:40:44,802 [INFO] trainer: epoch 236 done train_loss=1.1299 dt=75.9s
2026-07-17 13:41:13,514 [INFO] trainer: epoch 237 step 50/135 loss=1.1138 lr=1.12e-04
2026-07-17 13:41:41,225 [INFO] trainer: epoch 237 step 100/135 loss=1.0805 lr=1.12e-04
2026-07-17 13:42:00,616 [INFO] trainer: epoch 237 done train_loss=1.1066 dt=75.8s
2026-07-17 13:42:29,446 [INFO] trainer: epoch 238 step 50/135 loss=1.0900 lr=1.12e-04
2026-07-17 13:42:57,175 [INFO] trainer: epoch 238 step 100/135 loss=1.1073 lr=1.11e-04
2026-07-17 13:43:16,565 [INFO] trainer: epoch 238 done train_loss=1.1102 dt=75.9s
2026-07-17 13:43:45,287 [INFO] trainer: epoch 239 step 50/135 loss=1.1441 lr=1.11e-04
2026-07-17 13:44:12,996 [INFO] trainer: epoch 239 step 100/135 loss=1.1315 lr=1.11e-04
2026-07-17 13:44:32,388 [INFO] trainer: epoch 239 done train_loss=1.1442 dt=75.8s
2026-07-17 13:45:01,064 [INFO] trainer: epoch 240 step 50/135 loss=1.1063 lr=1.10e-04
2026-07-17 13:45:28,781 [INFO] trainer: epoch 240 step 100/135 loss=1.1508 lr=1.10e-04
2026-07-17 13:45:48,168 [INFO] trainer: epoch 240 done train_loss=1.1138 dt=75.8s
2026-07-17 13:46:20,003 [INFO] trainer: epoch 241 step 50/135 loss=1.1729 lr=1.10e-04
2026-07-17 13:46:47,729 [INFO] trainer: epoch 241 step 100/135 loss=1.1201 lr=1.10e-04
2026-07-17 13:47:07,146 [INFO] trainer: epoch 241 done train_loss=1.1220 dt=76.0s
2026-07-17 13:47:35,742 [INFO] trainer: epoch 242 step 50/135 loss=1.1280 lr=1.09e-04
2026-07-17 13:48:03,480 [INFO] trainer: epoch 242 step 100/135 loss=1.0850 lr=1.09e-04
2026-07-17 13:48:22,877 [INFO] trainer: epoch 242 done train_loss=1.1093 dt=75.7s
2026-07-17 13:48:51,864 [INFO] trainer: epoch 243 step 50/135 loss=1.1330 lr=1.09e-04
2026-07-17 13:49:19,589 [INFO] trainer: epoch 243 step 100/135 loss=1.1385 lr=1.08e-04
2026-07-17 13:49:38,986 [INFO] trainer: epoch 243 done train_loss=1.1303 dt=76.1s
2026-07-17 13:50:07,861 [INFO] trainer: epoch 244 step 50/135 loss=1.1207 lr=1.08e-04
2026-07-17 13:50:35,584 [INFO] trainer: epoch 244 step 100/135 loss=1.1132 lr=1.08e-04
2026-07-17 13:50:54,984 [INFO] trainer: epoch 244 done train_loss=1.1224 dt=76.0s
2026-07-17 13:51:23,671 [INFO] trainer: epoch 245 step 50/135 loss=1.0746 lr=1.07e-04
2026-07-17 13:51:51,396 [INFO] trainer: epoch 245 step 100/135 loss=1.1218 lr=1.07e-04
2026-07-17 13:52:10,791 [INFO] trainer: epoch 245 done train_loss=1.0945 dt=75.8s
2026-07-17 13:52:39,546 [INFO] trainer: epoch 246 step 50/135 loss=1.1048 lr=1.07e-04
2026-07-17 13:53:07,272 [INFO] trainer: epoch 246 step 100/135 loss=1.1096 lr=1.06e-04
2026-07-17 13:53:26,666 [INFO] trainer: epoch 246 done train_loss=1.1244 dt=75.9s
2026-07-17 13:53:55,399 [INFO] trainer: epoch 247 step 50/135 loss=1.1033 lr=1.06e-04
2026-07-17 13:54:23,153 [INFO] trainer: epoch 247 step 100/135 loss=1.1196 lr=1.06e-04
2026-07-17 13:54:42,564 [INFO] trainer: epoch 247 done train_loss=1.1009 dt=75.9s
2026-07-17 13:55:11,309 [INFO] trainer: epoch 248 step 50/135 loss=1.0806 lr=1.05e-04
2026-07-17 13:55:39,035 [INFO] trainer: epoch 248 step 100/135 loss=1.1870 lr=1.05e-04
2026-07-17 13:55:58,505 [INFO] trainer: epoch 248 done train_loss=1.1243 dt=75.9s
2026-07-17 13:56:27,391 [INFO] trainer: epoch 249 step 50/135 loss=1.1014 lr=1.05e-04
2026-07-17 13:56:55,108 [INFO] trainer: epoch 249 step 100/135 loss=1.1442 lr=1.04e-04
2026-07-17 13:57:14,508 [INFO] trainer: epoch 249 done train_loss=1.1164 dt=76.0s
2026-07-17 13:57:43,417 [INFO] trainer: epoch 250 step 50/135 loss=1.1705 lr=1.04e-04
2026-07-17 13:58:11,144 [INFO] trainer: epoch 250 step 100/135 loss=1.1262 lr=1.04e-04
2026-07-17 13:58:30,538 [INFO] trainer: epoch 250 done train_loss=1.1407 dt=76.0s
2026-07-17 14:01:04,937 [INFO] trainer: epoch 250 val_mean_dice=0.7974
2026-07-17 14:01:41,671 [INFO] trainer: epoch 251 step 50/135 loss=1.1574 lr=1.03e-04
2026-07-17 14:02:49,938 [INFO] trainer: epoch 251 step 100/135 loss=1.1548 lr=1.03e-04
2026-07-17 14:03:09,328 [INFO] trainer: epoch 251 done train_loss=1.1384 dt=116.3s
2026-07-17 14:03:59,112 [INFO] trainer: epoch 252 step 50/135 loss=1.1159 lr=1.03e-04
2026-07-17 14:04:26,839 [INFO] trainer: epoch 252 step 100/135 loss=1.1166 lr=1.03e-04
2026-07-17 14:04:46,212 [INFO] trainer: epoch 252 done train_loss=1.1048 dt=96.9s
2026-07-17 14:05:16,294 [INFO] trainer: epoch 253 step 50/135 loss=1.0977 lr=1.02e-04
2026-07-17 14:05:44,008 [INFO] trainer: epoch 253 step 100/135 loss=1.1070 lr=1.02e-04
2026-07-17 14:06:03,405 [INFO] trainer: epoch 253 done train_loss=1.1157 dt=77.2s
2026-07-17 14:06:37,545 [INFO] trainer: epoch 254 step 50/135 loss=1.1002 lr=1.02e-04
2026-07-17 14:07:05,597 [INFO] trainer: epoch 254 step 100/135 loss=1.1159 lr=1.01e-04
2026-07-17 14:07:24,980 [INFO] trainer: epoch 254 done train_loss=1.1122 dt=81.6s
2026-07-17 14:07:53,690 [INFO] trainer: epoch 255 step 50/135 loss=1.1201 lr=1.01e-04
2026-07-17 14:08:21,385 [INFO] trainer: epoch 255 step 100/135 loss=1.0458 lr=1.01e-04
2026-07-17 14:08:40,765 [INFO] trainer: epoch 255 done train_loss=1.0965 dt=75.8s
2026-07-17 14:09:09,637 [INFO] trainer: epoch 256 step 50/135 loss=1.0614 lr=1.00e-04
2026-07-17 14:09:37,340 [INFO] trainer: epoch 256 step 100/135 loss=1.1529 lr=1.00e-04
2026-07-17 14:09:56,709 [INFO] trainer: epoch 256 done train_loss=1.0985 dt=75.9s
2026-07-17 14:10:25,370 [INFO] trainer: epoch 257 step 50/135 loss=1.0950 lr=9.96e-05
2026-07-17 14:10:53,071 [INFO] trainer: epoch 257 step 100/135 loss=1.1237 lr=9.94e-05
2026-07-17 14:11:12,440 [INFO] trainer: epoch 257 done train_loss=1.0955 dt=75.7s
2026-07-17 14:11:41,110 [INFO] trainer: epoch 258 step 50/135 loss=1.0792 lr=9.90e-05
2026-07-17 14:12:08,808 [INFO] trainer: epoch 258 step 100/135 loss=1.1257 lr=9.88e-05
2026-07-17 14:12:28,178 [INFO] trainer: epoch 258 done train_loss=1.1117 dt=75.7s
2026-07-17 14:12:57,050 [INFO] trainer: epoch 259 step 50/135 loss=1.1324 lr=9.84e-05
2026-07-17 14:13:24,746 [INFO] trainer: epoch 259 step 100/135 loss=1.1031 lr=9.81e-05
2026-07-17 14:13:44,119 [INFO] trainer: epoch 259 done train_loss=1.1181 dt=75.9s
2026-07-17 14:14:12,852 [INFO] trainer: epoch 260 step 50/135 loss=1.0961 lr=9.77e-05
2026-07-17 14:14:40,547 [INFO] trainer: epoch 260 step 100/135 loss=1.0913 lr=9.75e-05
2026-07-17 14:14:59,917 [INFO] trainer: epoch 260 done train_loss=1.1073 dt=75.8s
2026-07-17 14:15:31,586 [INFO] trainer: epoch 261 step 50/135 loss=1.0658 lr=9.71e-05
2026-07-17 14:15:59,327 [INFO] trainer: epoch 261 step 100/135 loss=1.0789 lr=9.68e-05
2026-07-17 14:16:18,715 [INFO] trainer: epoch 261 done train_loss=1.0778 dt=75.7s
2026-07-17 14:16:47,380 [INFO] trainer: epoch 262 step 50/135 loss=1.1182 lr=9.64e-05
2026-07-17 14:17:15,085 [INFO] trainer: epoch 262 step 100/135 loss=1.0800 lr=9.62e-05
2026-07-17 14:17:34,466 [INFO] trainer: epoch 262 done train_loss=1.1165 dt=75.8s
2026-07-17 14:18:03,053 [INFO] trainer: epoch 263 step 50/135 loss=1.1222 lr=9.58e-05
2026-07-17 14:18:30,750 [INFO] trainer: epoch 263 step 100/135 loss=1.0520 lr=9.56e-05
2026-07-17 14:18:50,129 [INFO] trainer: epoch 263 done train_loss=1.0842 dt=75.7s
2026-07-17 14:19:18,855 [INFO] trainer: epoch 264 step 50/135 loss=1.0820 lr=9.52e-05
2026-07-17 14:19:46,555 [INFO] trainer: epoch 264 step 100/135 loss=1.0469 lr=9.49e-05
2026-07-17 14:20:05,926 [INFO] trainer: epoch 264 done train_loss=1.0705 dt=75.8s
2026-07-17 14:20:34,458 [INFO] trainer: epoch 265 step 50/135 loss=1.0511 lr=9.45e-05
2026-07-17 14:21:02,161 [INFO] trainer: epoch 265 step 100/135 loss=1.0582 lr=9.43e-05
2026-07-17 14:21:21,533 [INFO] trainer: epoch 265 done train_loss=1.0731 dt=75.6s
2026-07-17 14:21:50,074 [INFO] trainer: epoch 266 step 50/135 loss=1.0975 lr=9.39e-05
2026-07-17 14:22:17,762 [INFO] trainer: epoch 266 step 100/135 loss=1.0997 lr=9.37e-05
2026-07-17 14:22:37,133 [INFO] trainer: epoch 266 done train_loss=1.0875 dt=75.6s
2026-07-17 14:23:05,734 [INFO] trainer: epoch 267 step 50/135 loss=1.0707 lr=9.33e-05
2026-07-17 14:23:33,424 [INFO] trainer: epoch 267 step 100/135 loss=1.0694 lr=9.30e-05
2026-07-17 14:23:52,800 [INFO] trainer: epoch 267 done train_loss=1.0677 dt=75.7s
2026-07-17 14:24:21,714 [INFO] trainer: epoch 268 step 50/135 loss=1.0542 lr=9.26e-05
2026-07-17 14:24:49,406 [INFO] trainer: epoch 268 step 100/135 loss=1.1077 lr=9.24e-05
2026-07-17 14:25:08,774 [INFO] trainer: epoch 268 done train_loss=1.0803 dt=76.0s
2026-07-17 14:25:37,349 [INFO] trainer: epoch 269 step 50/135 loss=1.0973 lr=9.20e-05
2026-07-17 14:26:05,054 [INFO] trainer: epoch 269 step 100/135 loss=1.1054 lr=9.17e-05
2026-07-17 14:26:24,431 [INFO] trainer: epoch 269 done train_loss=1.0932 dt=75.7s
2026-07-17 14:26:53,099 [INFO] trainer: epoch 270 step 50/135 loss=1.0947 lr=9.13e-05
2026-07-17 14:27:20,790 [INFO] trainer: epoch 270 step 100/135 loss=1.0778 lr=9.11e-05
2026-07-17 14:27:40,161 [INFO] trainer: epoch 270 done train_loss=1.0876 dt=75.7s
2026-07-17 14:28:11,692 [INFO] trainer: epoch 271 step 50/135 loss=1.0698 lr=9.07e-05
2026-07-17 14:28:39,388 [INFO] trainer: epoch 271 step 100/135 loss=1.0604 lr=9.05e-05
2026-07-17 14:28:58,769 [INFO] trainer: epoch 271 done train_loss=1.0655 dt=75.8s
2026-07-17 14:29:27,426 [INFO] trainer: epoch 272 step 50/135 loss=1.1122 lr=9.01e-05
2026-07-17 14:29:55,126 [INFO] trainer: epoch 272 step 100/135 loss=1.0522 lr=8.98e-05
2026-07-17 14:30:14,499 [INFO] trainer: epoch 272 done train_loss=1.0700 dt=75.7s
2026-07-17 14:30:43,339 [INFO] trainer: epoch 273 step 50/135 loss=1.0985 lr=8.94e-05
2026-07-17 14:31:11,035 [INFO] trainer: epoch 273 step 100/135 loss=1.0740 lr=8.92e-05
2026-07-17 14:31:30,407 [INFO] trainer: epoch 273 done train_loss=1.0849 dt=75.9s
2026-07-17 14:31:59,130 [INFO] trainer: epoch 274 step 50/135 loss=1.0708 lr=8.88e-05
2026-07-17 14:32:26,834 [INFO] trainer: epoch 274 step 100/135 loss=1.1172 lr=8.86e-05
2026-07-17 14:32:46,214 [INFO] trainer: epoch 274 done train_loss=1.0761 dt=75.8s
2026-07-17 14:33:15,010 [INFO] trainer: epoch 275 step 50/135 loss=1.0711 lr=8.82e-05
2026-07-17 14:33:42,710 [INFO] trainer: epoch 275 step 100/135 loss=1.0464 lr=8.79e-05
2026-07-17 14:34:02,468 [INFO] trainer: epoch 275 done train_loss=1.0948 dt=76.3s
2026-07-17 14:36:39,031 [INFO] trainer: epoch 275 val_mean_dice=0.8002
2026-07-17 14:37:10,885 [INFO] trainer: epoch 276 step 50/135 loss=1.0983 lr=8.75e-05
2026-07-17 14:37:38,583 [INFO] trainer: epoch 276 step 100/135 loss=1.1122 lr=8.73e-05
2026-07-17 14:37:57,950 [INFO] trainer: epoch 276 done train_loss=1.0937 dt=76.0s
2026-07-17 14:38:27,012 [INFO] trainer: epoch 277 step 50/135 loss=1.0801 lr=8.69e-05
2026-07-17 14:38:54,707 [INFO] trainer: epoch 277 step 100/135 loss=1.0759 lr=8.67e-05
2026-07-17 14:39:14,090 [INFO] trainer: epoch 277 done train_loss=1.0764 dt=76.1s
2026-07-17 14:39:42,830 [INFO] trainer: epoch 278 step 50/135 loss=1.0984 lr=8.63e-05
2026-07-17 14:40:10,536 [INFO] trainer: epoch 278 step 100/135 loss=1.0287 lr=8.60e-05
2026-07-17 14:40:29,936 [INFO] trainer: epoch 278 done train_loss=1.0663 dt=75.8s
2026-07-17 14:40:58,833 [INFO] trainer: epoch 279 step 50/135 loss=1.1030 lr=8.56e-05
2026-07-17 14:41:26,533 [INFO] trainer: epoch 279 step 100/135 loss=1.0620 lr=8.54e-05
2026-07-17 14:41:45,905 [INFO] trainer: epoch 279 done train_loss=1.0782 dt=76.0s
2026-07-17 14:42:14,620 [INFO] trainer: epoch 280 step 50/135 loss=1.1097 lr=8.50e-05
2026-07-17 14:42:42,304 [INFO] trainer: epoch 280 step 100/135 loss=1.0379 lr=8.48e-05
2026-07-17 14:43:01,675 [INFO] trainer: epoch 280 done train_loss=1.0690 dt=75.8s
2026-07-17 14:43:33,253 [INFO] trainer: epoch 281 step 50/135 loss=1.0663 lr=8.44e-05
2026-07-17 14:44:00,927 [INFO] trainer: epoch 281 step 100/135 loss=1.0468 lr=8.42e-05
2026-07-17 14:44:20,297 [INFO] trainer: epoch 281 done train_loss=1.0661 dt=75.9s
2026-07-17 14:44:49,031 [INFO] trainer: epoch 282 step 50/135 loss=1.0670 lr=8.38e-05
2026-07-17 14:45:16,733 [INFO] trainer: epoch 282 step 100/135 loss=1.0952 lr=8.35e-05
2026-07-17 14:45:36,108 [INFO] trainer: epoch 282 done train_loss=1.0779 dt=75.8s
2026-07-17 14:46:04,870 [INFO] trainer: epoch 283 step 50/135 loss=1.0432 lr=8.31e-05
2026-07-17 14:46:32,642 [INFO] trainer: epoch 283 step 100/135 loss=1.0533 lr=8.29e-05
2026-07-17 14:46:52,022 [INFO] trainer: epoch 283 done train_loss=1.0581 dt=75.9s
2026-07-17 14:47:20,627 [INFO] trainer: epoch 284 step 50/135 loss=1.0951 lr=8.25e-05
2026-07-17 14:47:48,323 [INFO] trainer: epoch 284 step 100/135 loss=1.0525 lr=8.23e-05
2026-07-17 14:48:07,696 [INFO] trainer: epoch 284 done train_loss=1.0771 dt=75.7s
2026-07-17 14:48:36,429 [INFO] trainer: epoch 285 step 50/135 loss=1.1024 lr=8.19e-05
2026-07-17 14:49:04,136 [INFO] trainer: epoch 285 step 100/135 loss=1.0921 lr=8.16e-05
2026-07-17 14:49:23,518 [INFO] trainer: epoch 285 done train_loss=1.0806 dt=75.8s
2026-07-17 14:49:52,253 [INFO] trainer: epoch 286 step 50/135 loss=1.0859 lr=8.12e-05
2026-07-17 14:50:19,957 [INFO] trainer: epoch 286 step 100/135 loss=1.0728 lr=8.10e-05
2026-07-17 14:50:39,331 [INFO] trainer: epoch 286 done train_loss=1.0754 dt=75.8s
2026-07-17 14:51:07,901 [INFO] trainer: epoch 287 step 50/135 loss=1.0919 lr=8.06e-05
2026-07-17 14:51:35,594 [INFO] trainer: epoch 287 step 100/135 loss=1.0646 lr=8.04e-05
2026-07-17 14:51:54,966 [INFO] trainer: epoch 287 done train_loss=1.0873 dt=75.6s
2026-07-17 14:52:23,698 [INFO] trainer: epoch 288 step 50/135 loss=1.0950 lr=8.00e-05
2026-07-17 14:52:51,385 [INFO] trainer: epoch 288 step 100/135 loss=1.0841 lr=7.98e-05
2026-07-17 14:53:10,756 [INFO] trainer: epoch 288 done train_loss=1.0703 dt=75.8s
2026-07-17 14:53:39,697 [INFO] trainer: epoch 289 step 50/135 loss=1.0314 lr=7.94e-05
2026-07-17 14:54:07,395 [INFO] trainer: epoch 289 step 100/135 loss=1.0672 lr=7.91e-05
2026-07-17 14:54:26,782 [INFO] trainer: epoch 289 done train_loss=1.0639 dt=76.0s
2026-07-17 14:54:55,690 [INFO] trainer: epoch 290 step 50/135 loss=1.0673 lr=7.88e-05
2026-07-17 14:55:23,387 [INFO] trainer: epoch 290 step 100/135 loss=1.0773 lr=7.85e-05
2026-07-17 14:55:42,768 [INFO] trainer: epoch 290 done train_loss=1.0622 dt=76.0s
2026-07-17 14:56:14,521 [INFO] trainer: epoch 291 step 50/135 loss=1.0589 lr=7.81e-05
2026-07-17 14:56:42,230 [INFO] trainer: epoch 291 step 100/135 loss=1.0804 lr=7.79e-05
2026-07-17 14:57:01,609 [INFO] trainer: epoch 291 done train_loss=1.0675 dt=76.0s
2026-07-17 14:57:30,304 [INFO] trainer: epoch 292 step 50/135 loss=1.0512 lr=7.75e-05
2026-07-17 14:57:57,988 [INFO] trainer: epoch 292 step 100/135 loss=1.0429 lr=7.73e-05
2026-07-17 14:58:17,358 [INFO] trainer: epoch 292 done train_loss=1.0607 dt=75.7s
2026-07-17 14:58:46,153 [INFO] trainer: epoch 293 step 50/135 loss=1.0775 lr=7.69e-05
2026-07-17 14:59:14,187 [INFO] trainer: epoch 293 step 100/135 loss=1.0715 lr=7.67e-05
2026-07-17 14:59:33,597 [INFO] trainer: epoch 293 done train_loss=1.0796 dt=76.2s
2026-07-17 15:00:02,472 [INFO] trainer: epoch 294 step 50/135 loss=1.0402 lr=7.63e-05
2026-07-17 15:00:36,402 [INFO] trainer: epoch 294 step 100/135 loss=1.0653 lr=7.60e-05
2026-07-17 15:00:55,777 [INFO] trainer: epoch 294 done train_loss=1.0523 dt=82.2s
2026-07-17 15:01:24,473 [INFO] trainer: epoch 295 step 50/135 loss=1.0539 lr=7.57e-05
2026-07-17 15:01:52,177 [INFO] trainer: epoch 295 step 100/135 loss=1.0523 lr=7.54e-05
2026-07-17 15:02:11,552 [INFO] trainer: epoch 295 done train_loss=1.0444 dt=75.8s
2026-07-17 15:02:40,280 [INFO] trainer: epoch 296 step 50/135 loss=1.0608 lr=7.50e-05
2026-07-17 15:03:07,989 [INFO] trainer: epoch 296 step 100/135 loss=1.0656 lr=7.48e-05
2026-07-17 15:03:27,370 [INFO] trainer: epoch 296 done train_loss=1.0558 dt=75.8s
2026-07-17 15:03:56,169 [INFO] trainer: epoch 297 step 50/135 loss=1.0878 lr=7.44e-05
2026-07-17 15:04:23,888 [INFO] trainer: epoch 297 step 100/135 loss=1.0607 lr=7.42e-05
2026-07-17 15:04:43,283 [INFO] trainer: epoch 297 done train_loss=1.0604 dt=75.9s
2026-07-17 15:05:12,041 [INFO] trainer: epoch 298 step 50/135 loss=1.0437 lr=7.38e-05
2026-07-17 15:05:39,762 [INFO] trainer: epoch 298 step 100/135 loss=1.0595 lr=7.36e-05
2026-07-17 15:05:59,146 [INFO] trainer: epoch 298 done train_loss=1.0519 dt=75.9s
2026-07-17 15:06:27,860 [INFO] trainer: epoch 299 step 50/135 loss=1.0812 lr=7.32e-05
2026-07-17 15:06:55,564 [INFO] trainer: epoch 299 step 100/135 loss=1.0316 lr=7.30e-05
2026-07-17 15:07:15,332 [INFO] trainer: epoch 299 done train_loss=1.0538 dt=76.2s
2026-07-17 15:07:44,341 [INFO] trainer: epoch 300 step 50/135 loss=1.0558 lr=7.26e-05
2026-07-17 15:08:12,036 [INFO] trainer: epoch 300 step 100/135 loss=1.0838 lr=7.24e-05
2026-07-17 15:08:52,391 [INFO] trainer: epoch 300 done train_loss=1.0763 dt=97.0s
2026-07-17 15:12:00,570 [INFO] trainer: epoch 300 val_mean_dice=0.8052
2026-07-17 15:12:34,407 [INFO] trainer: epoch 301 step 50/135 loss=1.0968 lr=7.20e-05
2026-07-17 15:13:02,115 [INFO] trainer: epoch 301 step 100/135 loss=1.0826 lr=7.17e-05
2026-07-17 15:13:21,491 [INFO] trainer: epoch 301 done train_loss=1.0814 dt=75.6s
2026-07-17 15:13:50,210 [INFO] trainer: epoch 302 step 50/135 loss=1.0393 lr=7.14e-05
2026-07-17 15:14:17,909 [INFO] trainer: epoch 302 step 100/135 loss=1.0685 lr=7.11e-05
2026-07-17 15:14:37,563 [INFO] trainer: epoch 302 done train_loss=1.0422 dt=76.1s
2026-07-17 15:15:06,233 [INFO] trainer: epoch 303 step 50/135 loss=1.0608 lr=7.07e-05
2026-07-17 15:15:33,935 [INFO] trainer: epoch 303 step 100/135 loss=1.0506 lr=7.05e-05
2026-07-17 15:15:53,325 [INFO] trainer: epoch 303 done train_loss=1.0594 dt=75.8s
2026-07-17 15:16:21,974 [INFO] trainer: epoch 304 step 50/135 loss=1.0300 lr=7.01e-05
2026-07-17 15:16:49,676 [INFO] trainer: epoch 304 step 100/135 loss=1.0495 lr=6.99e-05
2026-07-17 15:17:09,047 [INFO] trainer: epoch 304 done train_loss=1.0481 dt=75.7s
2026-07-17 15:17:37,644 [INFO] trainer: epoch 305 step 50/135 loss=1.0451 lr=6.95e-05
2026-07-17 15:18:05,352 [INFO] trainer: epoch 305 step 100/135 loss=1.0376 lr=6.93e-05
2026-07-17 15:18:25,609 [INFO] trainer: epoch 305 done train_loss=1.0314 dt=76.6s
2026-07-17 15:18:54,510 [INFO] trainer: epoch 306 step 50/135 loss=1.0421 lr=6.89e-05
2026-07-17 15:19:22,221 [INFO] trainer: epoch 306 step 100/135 loss=1.0640 lr=6.87e-05
2026-07-17 15:19:41,599 [INFO] trainer: epoch 306 done train_loss=1.0596 dt=76.0s
2026-07-17 15:20:10,576 [INFO] trainer: epoch 307 step 50/135 loss=1.0060 lr=6.83e-05
2026-07-17 15:20:38,274 [INFO] trainer: epoch 307 step 100/135 loss=1.0915 lr=6.81e-05
2026-07-17 15:20:57,655 [INFO] trainer: epoch 307 done train_loss=1.0483 dt=76.1s
2026-07-17 15:21:26,187 [INFO] trainer: epoch 308 step 50/135 loss=1.0310 lr=6.77e-05
2026-07-17 15:21:53,884 [INFO] trainer: epoch 308 step 100/135 loss=1.0579 lr=6.75e-05
2026-07-17 15:22:13,263 [INFO] trainer: epoch 308 done train_loss=1.0424 dt=75.6s
2026-07-17 15:22:42,014 [INFO] trainer: epoch 309 step 50/135 loss=1.0557 lr=6.71e-05
2026-07-17 15:23:09,736 [INFO] trainer: epoch 309 step 100/135 loss=1.0593 lr=6.69e-05
2026-07-17 15:23:29,124 [INFO] trainer: epoch 309 done train_loss=1.0636 dt=75.9s
2026-07-17 15:23:57,713 [INFO] trainer: epoch 310 step 50/135 loss=1.0323 lr=6.65e-05
2026-07-17 15:24:25,422 [INFO] trainer: epoch 310 step 100/135 loss=1.0833 lr=6.63e-05
2026-07-17 15:24:44,813 [INFO] trainer: epoch 310 done train_loss=1.0754 dt=75.7s
2026-07-17 15:25:16,183 [INFO] trainer: epoch 311 step 50/135 loss=0.9819 lr=6.59e-05
2026-07-17 15:25:43,897 [INFO] trainer: epoch 311 step 100/135 loss=1.0621 lr=6.57e-05
2026-07-17 15:26:03,284 [INFO] trainer: epoch 311 done train_loss=1.0236 dt=75.9s
2026-07-17 15:26:32,015 [INFO] trainer: epoch 312 step 50/135 loss=1.0835 lr=6.53e-05
2026-07-17 15:26:59,720 [INFO] trainer: epoch 312 step 100/135 loss=1.0578 lr=6.51e-05
2026-07-17 15:27:30,128 [INFO] trainer: epoch 312 done train_loss=1.0607 dt=86.8s
2026-07-17 15:27:59,152 [INFO] trainer: epoch 313 step 50/135 loss=1.0936 lr=6.47e-05
2026-07-17 15:28:26,877 [INFO] trainer: epoch 313 step 100/135 loss=1.0675 lr=6.45e-05
2026-07-17 15:28:46,257 [INFO] trainer: epoch 313 done train_loss=1.0617 dt=76.1s
2026-07-17 15:29:15,103 [INFO] trainer: epoch 314 step 50/135 loss=1.0452 lr=6.41e-05
2026-07-17 15:29:42,811 [INFO] trainer: epoch 314 step 100/135 loss=1.0305 lr=6.39e-05
2026-07-17 15:30:02,194 [INFO] trainer: epoch 314 done train_loss=1.0395 dt=75.9s
2026-07-17 15:30:31,094 [INFO] trainer: epoch 315 step 50/135 loss=0.9978 lr=6.35e-05
2026-07-17 15:30:58,796 [INFO] trainer: epoch 315 step 100/135 loss=1.0480 lr=6.33e-05
2026-07-17 15:31:18,182 [INFO] trainer: epoch 315 done train_loss=1.0398 dt=76.0s
2026-07-17 15:31:46,816 [INFO] trainer: epoch 316 step 50/135 loss=1.0380 lr=6.29e-05
2026-07-17 15:32:14,526 [INFO] trainer: epoch 316 step 100/135 loss=0.9903 lr=6.27e-05
2026-07-17 15:32:33,907 [INFO] trainer: epoch 316 done train_loss=1.0398 dt=75.7s
2026-07-17 15:33:02,891 [INFO] trainer: epoch 317 step 50/135 loss=1.0685 lr=6.24e-05
2026-07-17 15:33:30,611 [INFO] trainer: epoch 317 step 100/135 loss=1.0626 lr=6.21e-05
2026-07-17 15:33:49,994 [INFO] trainer: epoch 317 done train_loss=1.0595 dt=76.1s
2026-07-17 15:34:18,598 [INFO] trainer: epoch 318 step 50/135 loss=1.0324 lr=6.18e-05
2026-07-17 15:34:46,311 [INFO] trainer: epoch 318 step 100/135 loss=1.0447 lr=6.15e-05
2026-07-17 15:35:05,700 [INFO] trainer: epoch 318 done train_loss=1.0315 dt=75.7s
2026-07-17 15:35:34,494 [INFO] trainer: epoch 319 step 50/135 loss=1.0282 lr=6.12e-05
2026-07-17 15:36:02,198 [INFO] trainer: epoch 319 step 100/135 loss=1.0528 lr=6.10e-05
2026-07-17 15:36:21,584 [INFO] trainer: epoch 319 done train_loss=1.0443 dt=75.9s
2026-07-17 15:36:50,469 [INFO] trainer: epoch 320 step 50/135 loss=1.0381 lr=6.06e-05
2026-07-17 15:37:18,192 [INFO] trainer: epoch 320 step 100/135 loss=1.0684 lr=6.04e-05
2026-07-17 15:37:37,580 [INFO] trainer: epoch 320 done train_loss=1.0604 dt=76.0s
2026-07-17 15:38:09,084 [INFO] trainer: epoch 321 step 50/135 loss=1.0040 lr=6.00e-05
2026-07-17 15:38:36,811 [INFO] trainer: epoch 321 step 100/135 loss=1.0408 lr=5.98e-05
2026-07-17 15:38:56,200 [INFO] trainer: epoch 321 done train_loss=1.0325 dt=75.9s
2026-07-17 15:39:25,023 [INFO] trainer: epoch 322 step 50/135 loss=1.0446 lr=5.94e-05
2026-07-17 15:39:52,725 [INFO] trainer: epoch 322 step 100/135 loss=1.0531 lr=5.92e-05
2026-07-17 15:40:12,112 [INFO] trainer: epoch 322 done train_loss=1.0503 dt=75.9s
2026-07-17 15:40:40,801 [INFO] trainer: epoch 323 step 50/135 loss=1.0196 lr=5.88e-05
2026-07-17 15:41:08,519 [INFO] trainer: epoch 323 step 100/135 loss=1.0692 lr=5.86e-05
2026-07-17 15:41:27,907 [INFO] trainer: epoch 323 done train_loss=1.0415 dt=75.8s
2026-07-17 15:41:56,866 [INFO] trainer: epoch 324 step 50/135 loss=1.0889 lr=5.83e-05
2026-07-17 15:42:24,579 [INFO] trainer: epoch 324 step 100/135 loss=1.0468 lr=5.81e-05
2026-07-17 15:42:43,955 [INFO] trainer: epoch 324 done train_loss=1.0717 dt=76.0s
2026-07-17 15:43:12,581 [INFO] trainer: epoch 325 step 50/135 loss=1.0253 lr=5.77e-05
2026-07-17 15:43:40,300 [INFO] trainer: epoch 325 step 100/135 loss=1.0669 lr=5.75e-05
2026-07-17 15:43:59,681 [INFO] trainer: epoch 325 done train_loss=1.0448 dt=75.7s
2026-07-17 15:46:34,277 [INFO] trainer: epoch 325 val_mean_dice=0.8075
2026-07-17 15:47:05,764 [INFO] trainer: epoch 326 step 50/135 loss=1.0398 lr=5.71e-05
2026-07-17 15:47:33,459 [INFO] trainer: epoch 326 step 100/135 loss=1.0510 lr=5.69e-05
2026-07-17 15:47:52,825 [INFO] trainer: epoch 326 done train_loss=1.0464 dt=75.7s
2026-07-17 15:48:21,450 [INFO] trainer: epoch 327 step 50/135 loss=1.0730 lr=5.65e-05
2026-07-17 15:48:49,154 [INFO] trainer: epoch 327 step 100/135 loss=1.0180 lr=5.63e-05
2026-07-17 15:49:08,527 [INFO] trainer: epoch 327 done train_loss=1.0448 dt=75.7s
2026-07-17 15:49:37,195 [INFO] trainer: epoch 328 step 50/135 loss=1.0428 lr=5.60e-05
2026-07-17 15:50:04,887 [INFO] trainer: epoch 328 step 100/135 loss=1.0271 lr=5.58e-05
2026-07-17 15:50:24,263 [INFO] trainer: epoch 328 done train_loss=1.0497 dt=75.7s
2026-07-17 15:50:52,909 [INFO] trainer: epoch 329 step 50/135 loss=1.0546 lr=5.54e-05
2026-07-17 15:51:20,623 [INFO] trainer: epoch 329 step 100/135 loss=1.0125 lr=5.52e-05
2026-07-17 15:51:40,005 [INFO] trainer: epoch 329 done train_loss=1.0364 dt=75.7s
2026-07-17 15:52:08,766 [INFO] trainer: epoch 330 step 50/135 loss=1.0427 lr=5.48e-05
2026-07-17 15:52:36,496 [INFO] trainer: epoch 330 step 100/135 loss=1.0694 lr=5.46e-05
2026-07-17 15:52:55,893 [INFO] trainer: epoch 330 done train_loss=1.0545 dt=75.9s
2026-07-17 15:53:27,570 [INFO] trainer: epoch 331 step 50/135 loss=1.0605 lr=5.43e-05
2026-07-17 15:53:55,291 [INFO] trainer: epoch 331 step 100/135 loss=1.0410 lr=5.41e-05
2026-07-17 15:54:14,668 [INFO] trainer: epoch 331 done train_loss=1.0502 dt=76.1s
2026-07-17 15:54:43,579 [INFO] trainer: epoch 332 step 50/135 loss=1.0443 lr=5.37e-05
2026-07-17 15:55:11,280 [INFO] trainer: epoch 332 step 100/135 loss=1.0149 lr=5.35e-05
2026-07-17 15:55:30,655 [INFO] trainer: epoch 332 done train_loss=1.0337 dt=76.0s
2026-07-17 15:55:59,641 [INFO] trainer: epoch 333 step 50/135 loss=1.0307 lr=5.31e-05
2026-07-17 15:56:27,342 [INFO] trainer: epoch 333 step 100/135 loss=1.0600 lr=5.29e-05
2026-07-17 15:56:46,728 [INFO] trainer: epoch 333 done train_loss=1.0559 dt=76.1s
2026-07-17 15:57:15,245 [INFO] trainer: epoch 334 step 50/135 loss=1.0375 lr=5.26e-05
2026-07-17 15:57:42,955 [INFO] trainer: epoch 334 step 100/135 loss=1.0817 lr=5.24e-05
2026-07-17 15:58:02,341 [INFO] trainer: epoch 334 done train_loss=1.0541 dt=75.6s
2026-07-17 15:58:30,990 [INFO] trainer: epoch 335 step 50/135 loss=1.0180 lr=5.20e-05
2026-07-17 15:58:58,704 [INFO] trainer: epoch 335 step 100/135 loss=1.0954 lr=5.18e-05
2026-07-17 15:59:18,079 [INFO] trainer: epoch 335 done train_loss=1.0491 dt=75.7s
2026-07-17 15:59:47,081 [INFO] trainer: epoch 336 step 50/135 loss=1.0285 lr=5.15e-05
2026-07-17 16:00:14,782 [INFO] trainer: epoch 336 step 100/135 loss=1.0612 lr=5.13e-05
2026-07-17 16:00:34,167 [INFO] trainer: epoch 336 done train_loss=1.0470 dt=76.1s
2026-07-17 16:01:02,783 [INFO] trainer: epoch 337 step 50/135 loss=1.0475 lr=5.09e-05
2026-07-17 16:01:30,488 [INFO] trainer: epoch 337 step 100/135 loss=1.0225 lr=5.07e-05
2026-07-17 16:01:49,878 [INFO] trainer: epoch 337 done train_loss=1.0444 dt=75.7s
2026-07-17 16:02:18,806 [INFO] trainer: epoch 338 step 50/135 loss=1.0328 lr=5.04e-05
2026-07-17 16:02:46,515 [INFO] trainer: epoch 338 step 100/135 loss=1.0525 lr=5.02e-05
2026-07-17 16:03:05,910 [INFO] trainer: epoch 338 done train_loss=1.0463 dt=76.0s
2026-07-17 16:03:34,651 [INFO] trainer: epoch 339 step 50/135 loss=1.0522 lr=4.98e-05
2026-07-17 16:04:02,361 [INFO] trainer: epoch 339 step 100/135 loss=1.0920 lr=4.96e-05
2026-07-17 16:04:21,743 [INFO] trainer: epoch 339 done train_loss=1.0615 dt=75.8s
2026-07-17 16:04:50,408 [INFO] trainer: epoch 340 step 50/135 loss=1.0536 lr=4.93e-05
2026-07-17 16:05:18,112 [INFO] trainer: epoch 340 step 100/135 loss=1.0409 lr=4.91e-05
2026-07-17 16:05:37,488 [INFO] trainer: epoch 340 done train_loss=1.0399 dt=75.7s
2026-07-17 16:06:09,334 [INFO] trainer: epoch 341 step 50/135 loss=1.0521 lr=4.87e-05
2026-07-17 16:06:37,038 [INFO] trainer: epoch 341 step 100/135 loss=1.0882 lr=4.85e-05
2026-07-17 16:06:56,411 [INFO] trainer: epoch 341 done train_loss=1.0581 dt=76.1s
2026-07-17 16:07:25,101 [INFO] trainer: epoch 342 step 50/135 loss=1.0537 lr=4.82e-05
2026-07-17 16:07:52,803 [INFO] trainer: epoch 342 step 100/135 loss=1.0318 lr=4.80e-05
2026-07-17 16:08:12,186 [INFO] trainer: epoch 342 done train_loss=1.0453 dt=75.8s
2026-07-17 16:08:41,092 [INFO] trainer: epoch 343 step 50/135 loss=1.0298 lr=4.76e-05
2026-07-17 16:09:08,804 [INFO] trainer: epoch 343 step 100/135 loss=1.0343 lr=4.74e-05
2026-07-17 16:09:28,177 [INFO] trainer: epoch 343 done train_loss=1.0373 dt=76.0s
2026-07-17 16:09:56,795 [INFO] trainer: epoch 344 step 50/135 loss=1.0044 lr=4.71e-05
2026-07-17 16:10:24,498 [INFO] trainer: epoch 344 step 100/135 loss=1.0489 lr=4.69e-05
2026-07-17 16:10:43,875 [INFO] trainer: epoch 344 done train_loss=1.0275 dt=75.7s
2026-07-17 16:11:12,719 [INFO] trainer: epoch 345 step 50/135 loss=1.0078 lr=4.66e-05
2026-07-17 16:11:40,413 [INFO] trainer: epoch 345 step 100/135 loss=1.0175 lr=4.64e-05
