2026-07-16 07:21:45,010 [INFO] train: ========================================================================
2026-07-16 07:21:45,011 [INFO] train: model=biomedparse config=configs/lowshot/ls_biomedparse_ft_pt_f010.yaml
2026-07-16 07:21:45,011 [INFO] train: output=/scratch/lskrlj/runs/ls_biomedparse_ft_pt_f010 device=cuda (NVIDIA A100-SXM4-40GB)
2026-07-16 07:21:45,011 [INFO] train: epochs=500 batch_size=2 grad_accum=2 eff_batch=4 lr=0.0002 amp=True
2026-07-16 07:21:45,011 [INFO] train: ========================================================================
2026-07-16 07:21:45,017 [INFO] train: splits: train=1082 val=57 classes=117
2026-07-16 07:21:45,017 [INFO] train: low-shot: train_fraction=0.1000 seed=1234 -> 108/1082 train cases
2026-07-16 07:22:08,914 [INFO] train: disk cache: /scratch/lskrlj/cache/TotalSeg/833d9d046402 (fingerprint=833d9d046402)
2026-07-16 07:27:39,162 [INFO] train: model biomedparse, trainable params: 215030608 / 215030608 total (freeze_backbone=False)
2026-07-16 07:27:40,707 [WARNING] trainer: --resume set but no checkpoint found in /scratch/lskrlj/runs/ls_biomedparse_ft_pt_f010; starting fresh
2026-07-16 07:27:40,707 [INFO] trainer: start: epochs 1-500/500 device=cuda amp=bf16 train_batches=54 val_batches=57
2026-07-16 07:28:31,595 [INFO] trainer: epoch 1 step 50/54 loss=11.0062 lr=1.85e-05
2026-07-16 07:28:35,454 [INFO] trainer: epoch 1 done train_loss=10.9738 dt=54.7s
2026-07-16 07:29:24,334 [INFO] trainer: epoch 2 step 50/54 loss=9.9669 lr=3.85e-05
2026-07-16 07:29:28,191 [INFO] trainer: epoch 2 done train_loss=9.9235 dt=52.7s
2026-07-16 07:30:17,380 [INFO] trainer: epoch 3 step 50/54 loss=8.8805 lr=5.85e-05
2026-07-16 07:30:21,233 [INFO] trainer: epoch 3 done train_loss=8.8454 dt=53.0s
2026-07-16 07:31:10,239 [INFO] trainer: epoch 4 step 50/54 loss=8.2201 lr=7.85e-05
2026-07-16 07:31:14,104 [INFO] trainer: epoch 4 done train_loss=8.2056 dt=52.9s
2026-07-16 07:32:03,417 [INFO] trainer: epoch 5 step 50/54 loss=7.7612 lr=9.85e-05
2026-07-16 07:32:07,275 [INFO] trainer: epoch 5 done train_loss=7.7481 dt=53.2s
2026-07-16 07:32:56,361 [INFO] trainer: epoch 6 step 50/54 loss=7.3511 lr=1.19e-04
2026-07-16 07:33:00,219 [INFO] trainer: epoch 6 done train_loss=7.3333 dt=52.9s
2026-07-16 07:33:49,109 [INFO] trainer: epoch 7 step 50/54 loss=6.9641 lr=1.39e-04
2026-07-16 07:33:52,971 [INFO] trainer: epoch 7 done train_loss=6.9417 dt=52.8s
2026-07-16 07:34:42,285 [INFO] trainer: epoch 8 step 50/54 loss=6.5517 lr=1.59e-04
2026-07-16 07:34:46,134 [INFO] trainer: epoch 8 done train_loss=6.5407 dt=53.2s
2026-07-16 07:35:35,076 [INFO] trainer: epoch 9 step 50/54 loss=6.1857 lr=1.79e-04
2026-07-16 07:35:38,942 [INFO] trainer: epoch 9 done train_loss=6.1707 dt=52.8s
2026-07-16 07:36:27,977 [INFO] trainer: epoch 10 step 50/54 loss=5.7847 lr=1.99e-04
2026-07-16 07:36:31,831 [INFO] trainer: epoch 10 done train_loss=5.7662 dt=52.9s
2026-07-16 07:37:23,945 [INFO] trainer: epoch 11 step 50/54 loss=5.4573 lr=2.00e-04
2026-07-16 07:37:27,799 [INFO] trainer: epoch 11 done train_loss=5.4419 dt=52.9s
2026-07-16 07:38:16,862 [INFO] trainer: epoch 12 step 50/54 loss=5.1255 lr=2.00e-04
2026-07-16 07:38:20,713 [INFO] trainer: epoch 12 done train_loss=5.1097 dt=52.9s
2026-07-16 07:39:10,008 [INFO] trainer: epoch 13 step 50/54 loss=4.7851 lr=2.00e-04
2026-07-16 07:39:13,862 [INFO] trainer: epoch 13 done train_loss=4.7806 dt=53.1s
2026-07-16 07:40:04,046 [INFO] trainer: epoch 14 step 50/54 loss=4.5234 lr=2.00e-04
2026-07-16 07:40:07,897 [INFO] trainer: epoch 14 done train_loss=4.5133 dt=54.0s
2026-07-16 07:40:56,695 [INFO] trainer: epoch 15 step 50/54 loss=4.2327 lr=2.00e-04
2026-07-16 07:41:00,550 [INFO] trainer: epoch 15 done train_loss=4.2299 dt=52.7s
2026-07-16 07:41:49,528 [INFO] trainer: epoch 16 step 50/54 loss=3.9778 lr=2.00e-04
2026-07-16 07:41:53,381 [INFO] trainer: epoch 16 done train_loss=3.9747 dt=52.8s
2026-07-16 07:42:42,167 [INFO] trainer: epoch 17 step 50/54 loss=3.7593 lr=2.00e-04
2026-07-16 07:42:46,020 [INFO] trainer: epoch 17 done train_loss=3.7527 dt=52.6s
2026-07-16 07:43:34,776 [INFO] trainer: epoch 18 step 50/54 loss=3.5798 lr=2.00e-04
2026-07-16 07:43:38,628 [INFO] trainer: epoch 18 done train_loss=3.5789 dt=52.6s
2026-07-16 07:44:27,820 [INFO] trainer: epoch 19 step 50/54 loss=3.4181 lr=2.00e-04
2026-07-16 07:44:31,677 [INFO] trainer: epoch 19 done train_loss=3.4171 dt=53.0s
2026-07-16 07:45:20,592 [INFO] trainer: epoch 20 step 50/54 loss=3.3284 lr=2.00e-04
2026-07-16 07:45:24,446 [INFO] trainer: epoch 20 done train_loss=3.3171 dt=52.8s
2026-07-16 07:46:16,154 [INFO] trainer: epoch 21 step 50/54 loss=3.2019 lr=2.00e-04
2026-07-16 07:46:20,003 [INFO] trainer: epoch 21 done train_loss=3.1923 dt=52.7s
2026-07-16 07:47:08,872 [INFO] trainer: epoch 22 step 50/54 loss=3.1137 lr=2.00e-04
2026-07-16 07:47:12,781 [INFO] trainer: epoch 22 done train_loss=3.1157 dt=52.8s
2026-07-16 07:48:01,579 [INFO] trainer: epoch 23 step 50/54 loss=2.9907 lr=2.00e-04
2026-07-16 07:48:05,431 [INFO] trainer: epoch 23 done train_loss=2.9896 dt=52.6s
2026-07-16 07:48:54,381 [INFO] trainer: epoch 24 step 50/54 loss=2.9225 lr=2.00e-04
2026-07-16 07:48:58,230 [INFO] trainer: epoch 24 done train_loss=2.9209 dt=52.8s
2026-07-16 07:49:47,278 [INFO] trainer: epoch 25 step 50/54 loss=2.8736 lr=2.00e-04
2026-07-16 07:49:51,136 [INFO] trainer: epoch 25 done train_loss=2.8660 dt=52.9s
2026-07-16 07:53:23,734 [INFO] trainer: epoch 25 val_mean_dice=0.0258
2026-07-16 07:54:15,426 [INFO] trainer: epoch 26 step 50/54 loss=2.7782 lr=1.99e-04
2026-07-16 07:54:19,281 [INFO] trainer: epoch 26 done train_loss=2.7837 dt=52.8s
2026-07-16 07:55:08,141 [INFO] trainer: epoch 27 step 50/54 loss=2.6986 lr=1.99e-04
2026-07-16 07:55:12,019 [INFO] trainer: epoch 27 done train_loss=2.6985 dt=52.7s
2026-07-16 07:56:00,969 [INFO] trainer: epoch 28 step 50/54 loss=2.6686 lr=1.99e-04
2026-07-16 07:56:04,816 [INFO] trainer: epoch 28 done train_loss=2.6560 dt=52.8s
2026-07-16 07:56:53,914 [INFO] trainer: epoch 29 step 50/54 loss=2.6060 lr=1.99e-04
2026-07-16 07:56:57,759 [INFO] trainer: epoch 29 done train_loss=2.6100 dt=52.9s
2026-07-16 07:57:46,687 [INFO] trainer: epoch 30 step 50/54 loss=2.5274 lr=1.99e-04
2026-07-16 07:57:50,533 [INFO] trainer: epoch 30 done train_loss=2.5317 dt=52.8s
2026-07-16 07:58:42,451 [INFO] trainer: epoch 31 step 50/54 loss=2.4911 lr=1.99e-04
2026-07-16 07:58:46,296 [INFO] trainer: epoch 31 done train_loss=2.4855 dt=52.8s
2026-07-16 07:59:35,303 [INFO] trainer: epoch 32 step 50/54 loss=2.4516 lr=1.99e-04
2026-07-16 07:59:39,146 [INFO] trainer: epoch 32 done train_loss=2.4419 dt=52.8s
2026-07-16 08:00:28,120 [INFO] trainer: epoch 33 step 50/54 loss=2.3840 lr=1.99e-04
2026-07-16 08:00:31,966 [INFO] trainer: epoch 33 done train_loss=2.3946 dt=52.8s
2026-07-16 08:01:20,987 [INFO] trainer: epoch 34 step 50/54 loss=2.3475 lr=1.99e-04
2026-07-16 08:01:24,832 [INFO] trainer: epoch 34 done train_loss=2.3629 dt=52.9s
2026-07-16 08:02:14,021 [INFO] trainer: epoch 35 step 50/54 loss=2.3302 lr=1.99e-04
2026-07-16 08:02:17,864 [INFO] trainer: epoch 35 done train_loss=2.3205 dt=53.0s
2026-07-16 08:03:38,482 [INFO] trainer: epoch 36 step 50/54 loss=2.2835 lr=1.99e-04
2026-07-16 08:03:42,325 [INFO] trainer: epoch 36 done train_loss=2.2876 dt=84.5s
2026-07-16 08:04:31,341 [INFO] trainer: epoch 37 step 50/54 loss=2.2441 lr=1.99e-04
2026-07-16 08:04:35,185 [INFO] trainer: epoch 37 done train_loss=2.2406 dt=52.9s
2026-07-16 08:05:24,353 [INFO] trainer: epoch 38 step 50/54 loss=2.2210 lr=1.98e-04
2026-07-16 08:05:28,199 [INFO] trainer: epoch 38 done train_loss=2.2205 dt=53.0s
2026-07-16 08:06:17,007 [INFO] trainer: epoch 39 step 50/54 loss=2.1576 lr=1.98e-04
2026-07-16 08:06:20,850 [INFO] trainer: epoch 39 done train_loss=2.1549 dt=52.7s
2026-07-16 08:07:09,728 [INFO] trainer: epoch 40 step 50/54 loss=2.1393 lr=1.98e-04
2026-07-16 08:07:13,574 [INFO] trainer: epoch 40 done train_loss=2.1354 dt=52.7s
2026-07-16 08:08:05,941 [INFO] trainer: epoch 41 step 50/54 loss=2.1366 lr=1.98e-04
2026-07-16 08:08:09,786 [INFO] trainer: epoch 41 done train_loss=2.1325 dt=52.8s
2026-07-16 08:08:58,712 [INFO] trainer: epoch 42 step 50/54 loss=2.0897 lr=1.98e-04
2026-07-16 08:09:02,557 [INFO] trainer: epoch 42 done train_loss=2.0855 dt=52.8s
2026-07-16 08:09:52,967 [INFO] trainer: epoch 43 step 50/54 loss=2.0629 lr=1.98e-04
2026-07-16 08:09:57,660 [INFO] trainer: epoch 43 done train_loss=2.0561 dt=55.1s
2026-07-16 08:10:46,497 [INFO] trainer: epoch 44 step 50/54 loss=2.0240 lr=1.98e-04
2026-07-16 08:10:50,341 [INFO] trainer: epoch 44 done train_loss=2.0200 dt=52.7s
2026-07-16 08:11:39,130 [INFO] trainer: epoch 45 step 50/54 loss=1.9974 lr=1.98e-04
2026-07-16 08:11:42,976 [INFO] trainer: epoch 45 done train_loss=1.9864 dt=52.6s
2026-07-16 08:12:31,921 [INFO] trainer: epoch 46 step 50/54 loss=1.9787 lr=1.97e-04
2026-07-16 08:12:35,766 [INFO] trainer: epoch 46 done train_loss=1.9800 dt=52.8s
2026-07-16 08:13:24,736 [INFO] trainer: epoch 47 step 50/54 loss=1.9377 lr=1.97e-04
2026-07-16 08:13:28,580 [INFO] trainer: epoch 47 done train_loss=1.9472 dt=52.8s
2026-07-16 08:14:17,837 [INFO] trainer: epoch 48 step 50/54 loss=1.9329 lr=1.97e-04
2026-07-16 08:14:21,682 [INFO] trainer: epoch 48 done train_loss=1.9354 dt=53.1s
2026-07-16 08:15:10,882 [INFO] trainer: epoch 49 step 50/54 loss=1.9228 lr=1.97e-04
2026-07-16 08:15:14,726 [INFO] trainer: epoch 49 done train_loss=1.9105 dt=53.0s
2026-07-16 08:16:03,734 [INFO] trainer: epoch 50 step 50/54 loss=1.8664 lr=1.97e-04
2026-07-16 08:16:07,577 [INFO] trainer: epoch 50 done train_loss=1.8673 dt=52.9s
2026-07-16 08:19:39,939 [INFO] trainer: epoch 50 val_mean_dice=0.3886
2026-07-16 08:20:34,644 [INFO] trainer: epoch 51 step 50/54 loss=1.8465 lr=1.97e-04
2026-07-16 08:20:38,489 [INFO] trainer: epoch 51 done train_loss=1.8468 dt=52.8s
2026-07-16 08:21:27,405 [INFO] trainer: epoch 52 step 50/54 loss=1.8101 lr=1.96e-04
2026-07-16 08:21:31,250 [INFO] trainer: epoch 52 done train_loss=1.8115 dt=52.8s
2026-07-16 08:22:20,073 [INFO] trainer: epoch 53 step 50/54 loss=1.7785 lr=1.96e-04
2026-07-16 08:22:23,918 [INFO] trainer: epoch 53 done train_loss=1.7887 dt=52.7s
2026-07-16 08:23:12,782 [INFO] trainer: epoch 54 step 50/54 loss=1.7889 lr=1.96e-04
2026-07-16 08:23:16,628 [INFO] trainer: epoch 54 done train_loss=1.7987 dt=52.7s
2026-07-16 08:24:05,525 [INFO] trainer: epoch 55 step 50/54 loss=1.7696 lr=1.96e-04
2026-07-16 08:24:09,371 [INFO] trainer: epoch 55 done train_loss=1.7695 dt=52.7s
2026-07-16 08:24:58,112 [INFO] trainer: epoch 56 step 50/54 loss=1.7119 lr=1.96e-04
2026-07-16 08:25:01,960 [INFO] trainer: epoch 56 done train_loss=1.7170 dt=52.6s
2026-07-16 08:25:50,781 [INFO] trainer: epoch 57 step 50/54 loss=1.7483 lr=1.96e-04
2026-07-16 08:25:54,625 [INFO] trainer: epoch 57 done train_loss=1.7413 dt=52.7s
2026-07-16 08:26:43,413 [INFO] trainer: epoch 58 step 50/54 loss=1.7219 lr=1.95e-04
2026-07-16 08:26:47,260 [INFO] trainer: epoch 58 done train_loss=1.7174 dt=52.6s
2026-07-16 08:27:36,139 [INFO] trainer: epoch 59 step 50/54 loss=1.6934 lr=1.95e-04
2026-07-16 08:27:39,983 [INFO] trainer: epoch 59 done train_loss=1.6872 dt=52.7s
2026-07-16 08:28:28,897 [INFO] trainer: epoch 60 step 50/54 loss=1.6808 lr=1.95e-04
2026-07-16 08:28:32,742 [INFO] trainer: epoch 60 done train_loss=1.6830 dt=52.8s
2026-07-16 08:29:24,866 [INFO] trainer: epoch 61 step 50/54 loss=1.6280 lr=1.95e-04
2026-07-16 08:29:28,711 [INFO] trainer: epoch 61 done train_loss=1.6270 dt=53.0s
2026-07-16 08:30:17,534 [INFO] trainer: epoch 62 step 50/54 loss=1.6231 lr=1.95e-04
2026-07-16 08:30:21,380 [INFO] trainer: epoch 62 done train_loss=1.6197 dt=52.7s
2026-07-16 08:31:10,235 [INFO] trainer: epoch 63 step 50/54 loss=1.6451 lr=1.94e-04
2026-07-16 08:31:14,080 [INFO] trainer: epoch 63 done train_loss=1.6384 dt=52.7s
2026-07-16 08:32:03,108 [INFO] trainer: epoch 64 step 50/54 loss=1.6586 lr=1.94e-04
2026-07-16 08:32:06,954 [INFO] trainer: epoch 64 done train_loss=1.6487 dt=52.9s
2026-07-16 08:33:04,681 [INFO] trainer: epoch 65 step 50/54 loss=1.6073 lr=1.94e-04
2026-07-16 08:33:08,524 [INFO] trainer: epoch 65 done train_loss=1.6019 dt=61.6s
2026-07-16 08:33:57,506 [INFO] trainer: epoch 66 step 50/54 loss=1.5902 lr=1.94e-04
2026-07-16 08:34:01,349 [INFO] trainer: epoch 66 done train_loss=1.5806 dt=52.8s
2026-07-16 08:34:50,524 [INFO] trainer: epoch 67 step 50/54 loss=1.5355 lr=1.93e-04
2026-07-16 08:34:54,369 [INFO] trainer: epoch 67 done train_loss=1.5369 dt=53.0s
2026-07-16 08:35:43,283 [INFO] trainer: epoch 68 step 50/54 loss=1.5495 lr=1.93e-04
2026-07-16 08:35:47,126 [INFO] trainer: epoch 68 done train_loss=1.5524 dt=52.8s
2026-07-16 08:36:46,848 [INFO] trainer: epoch 69 step 50/54 loss=1.5740 lr=1.93e-04
2026-07-16 08:36:50,692 [INFO] trainer: epoch 69 done train_loss=1.5780 dt=63.6s
2026-07-16 08:37:39,487 [INFO] trainer: epoch 70 step 50/54 loss=1.5028 lr=1.93e-04
2026-07-16 08:37:43,330 [INFO] trainer: epoch 70 done train_loss=1.5007 dt=52.6s
2026-07-16 08:38:35,099 [INFO] trainer: epoch 71 step 50/54 loss=1.5117 lr=1.93e-04
2026-07-16 08:38:38,944 [INFO] trainer: epoch 71 done train_loss=1.5121 dt=52.8s
2026-07-16 08:39:27,905 [INFO] trainer: epoch 72 step 50/54 loss=1.4906 lr=1.92e-04
2026-07-16 08:39:31,749 [INFO] trainer: epoch 72 done train_loss=1.4886 dt=52.8s
2026-07-16 08:40:20,706 [INFO] trainer: epoch 73 step 50/54 loss=1.4912 lr=1.92e-04
2026-07-16 08:40:24,552 [INFO] trainer: epoch 73 done train_loss=1.4867 dt=52.8s
2026-07-16 08:41:13,697 [INFO] trainer: epoch 74 step 50/54 loss=1.4560 lr=1.92e-04
2026-07-16 08:41:17,543 [INFO] trainer: epoch 74 done train_loss=1.4474 dt=53.0s
2026-07-16 08:42:06,629 [INFO] trainer: epoch 75 step 50/54 loss=1.4650 lr=1.92e-04
2026-07-16 08:42:10,474 [INFO] trainer: epoch 75 done train_loss=1.4656 dt=52.9s
2026-07-16 08:45:42,900 [INFO] trainer: epoch 75 val_mean_dice=0.6620
2026-07-16 08:46:34,657 [INFO] trainer: epoch 76 step 50/54 loss=1.4415 lr=1.91e-04
2026-07-16 08:46:38,499 [INFO] trainer: epoch 76 done train_loss=1.4458 dt=52.8s
2026-07-16 08:47:27,436 [INFO] trainer: epoch 77 step 50/54 loss=1.4290 lr=1.91e-04
2026-07-16 08:47:31,280 [INFO] trainer: epoch 77 done train_loss=1.4259 dt=52.8s
2026-07-16 08:48:20,063 [INFO] trainer: epoch 78 step 50/54 loss=1.4146 lr=1.91e-04
2026-07-16 08:48:23,909 [INFO] trainer: epoch 78 done train_loss=1.4056 dt=52.6s
2026-07-16 08:49:12,824 [INFO] trainer: epoch 79 step 50/54 loss=1.3885 lr=1.90e-04
2026-07-16 08:49:16,669 [INFO] trainer: epoch 79 done train_loss=1.3931 dt=52.8s
2026-07-16 08:50:05,561 [INFO] trainer: epoch 80 step 50/54 loss=1.3825 lr=1.90e-04
2026-07-16 08:50:09,405 [INFO] trainer: epoch 80 done train_loss=1.3834 dt=52.7s
2026-07-16 08:51:01,309 [INFO] trainer: epoch 81 step 50/54 loss=1.3950 lr=1.90e-04
2026-07-16 08:51:05,152 [INFO] trainer: epoch 81 done train_loss=1.3980 dt=52.8s
2026-07-16 08:51:54,209 [INFO] trainer: epoch 82 step 50/54 loss=1.3970 lr=1.90e-04
2026-07-16 08:51:58,055 [INFO] trainer: epoch 82 done train_loss=1.3916 dt=52.9s
2026-07-16 08:52:46,802 [INFO] trainer: epoch 83 step 50/54 loss=1.3831 lr=1.89e-04
2026-07-16 08:52:50,647 [INFO] trainer: epoch 83 done train_loss=1.3798 dt=52.6s
2026-07-16 08:53:39,529 [INFO] trainer: epoch 84 step 50/54 loss=1.3673 lr=1.89e-04
2026-07-16 08:53:43,373 [INFO] trainer: epoch 84 done train_loss=1.3728 dt=52.7s
2026-07-16 08:54:32,402 [INFO] trainer: epoch 85 step 50/54 loss=1.3860 lr=1.89e-04
2026-07-16 08:54:36,245 [INFO] trainer: epoch 85 done train_loss=1.3797 dt=52.9s
2026-07-16 08:55:24,907 [INFO] trainer: epoch 86 step 50/54 loss=1.3589 lr=1.88e-04
2026-07-16 08:55:28,750 [INFO] trainer: epoch 86 done train_loss=1.3541 dt=52.5s
2026-07-16 08:56:17,903 [INFO] trainer: epoch 87 step 50/54 loss=1.3327 lr=1.88e-04
2026-07-16 08:56:21,746 [INFO] trainer: epoch 87 done train_loss=1.3289 dt=53.0s
2026-07-16 08:57:10,650 [INFO] trainer: epoch 88 step 50/54 loss=1.3241 lr=1.88e-04
2026-07-16 08:57:14,493 [INFO] trainer: epoch 88 done train_loss=1.3313 dt=52.7s
2026-07-16 08:58:03,432 [INFO] trainer: epoch 89 step 50/54 loss=1.3348 lr=1.88e-04
2026-07-16 08:58:07,274 [INFO] trainer: epoch 89 done train_loss=1.3310 dt=52.8s
2026-07-16 08:58:56,244 [INFO] trainer: epoch 90 step 50/54 loss=1.3107 lr=1.87e-04
2026-07-16 08:59:00,088 [INFO] trainer: epoch 90 done train_loss=1.3096 dt=52.8s
2026-07-16 08:59:51,901 [INFO] trainer: epoch 91 step 50/54 loss=1.3409 lr=1.87e-04
2026-07-16 08:59:55,749 [INFO] trainer: epoch 91 done train_loss=1.3595 dt=52.7s
2026-07-16 09:00:44,762 [INFO] trainer: epoch 92 step 50/54 loss=1.3272 lr=1.87e-04
2026-07-16 09:00:48,605 [INFO] trainer: epoch 92 done train_loss=1.3270 dt=52.9s
2026-07-16 09:01:38,761 [INFO] trainer: epoch 93 step 50/54 loss=1.3183 lr=1.86e-04
2026-07-16 09:01:42,605 [INFO] trainer: epoch 93 done train_loss=1.3201 dt=54.0s
2026-07-16 09:02:31,702 [INFO] trainer: epoch 94 step 50/54 loss=1.3090 lr=1.86e-04
2026-07-16 09:02:35,548 [INFO] trainer: epoch 94 done train_loss=1.3061 dt=52.9s
2026-07-16 09:03:24,473 [INFO] trainer: epoch 95 step 50/54 loss=1.3437 lr=1.86e-04
2026-07-16 09:03:28,316 [INFO] trainer: epoch 95 done train_loss=1.3431 dt=52.8s
2026-07-16 09:04:17,184 [INFO] trainer: epoch 96 step 50/54 loss=1.2875 lr=1.85e-04
2026-07-16 09:04:21,027 [INFO] trainer: epoch 96 done train_loss=1.3010 dt=52.7s
2026-07-16 09:05:09,943 [INFO] trainer: epoch 97 step 50/54 loss=1.3308 lr=1.85e-04
2026-07-16 09:05:13,786 [INFO] trainer: epoch 97 done train_loss=1.3310 dt=52.8s
2026-07-16 09:06:02,914 [INFO] trainer: epoch 98 step 50/54 loss=1.2817 lr=1.85e-04
2026-07-16 09:06:06,757 [INFO] trainer: epoch 98 done train_loss=1.3001 dt=53.0s
2026-07-16 09:06:55,683 [INFO] trainer: epoch 99 step 50/54 loss=1.3121 lr=1.84e-04
2026-07-16 09:06:59,527 [INFO] trainer: epoch 99 done train_loss=1.3049 dt=52.8s
2026-07-16 09:07:48,492 [INFO] trainer: epoch 100 step 50/54 loss=1.2856 lr=1.84e-04
2026-07-16 09:07:52,337 [INFO] trainer: epoch 100 done train_loss=1.2774 dt=52.8s
2026-07-16 09:11:24,775 [INFO] trainer: epoch 100 val_mean_dice=0.7465
2026-07-16 09:12:23,262 [INFO] trainer: epoch 101 step 50/54 loss=1.2928 lr=1.84e-04
2026-07-16 09:12:27,105 [INFO] trainer: epoch 101 done train_loss=1.2884 dt=55.9s
2026-07-16 09:13:16,108 [INFO] trainer: epoch 102 step 50/54 loss=1.3097 lr=1.83e-04
2026-07-16 09:13:19,952 [INFO] trainer: epoch 102 done train_loss=1.3244 dt=52.8s
2026-07-16 09:14:08,793 [INFO] trainer: epoch 103 step 50/54 loss=1.3004 lr=1.83e-04
2026-07-16 09:14:12,636 [INFO] trainer: epoch 103 done train_loss=1.2931 dt=52.7s
2026-07-16 09:15:01,814 [INFO] trainer: epoch 104 step 50/54 loss=1.3299 lr=1.82e-04
2026-07-16 09:15:05,656 [INFO] trainer: epoch 104 done train_loss=1.3182 dt=53.0s
2026-07-16 09:15:54,574 [INFO] trainer: epoch 105 step 50/54 loss=1.2567 lr=1.82e-04
2026-07-16 09:15:58,417 [INFO] trainer: epoch 105 done train_loss=1.2514 dt=52.8s
2026-07-16 09:16:47,535 [INFO] trainer: epoch 106 step 50/54 loss=1.2461 lr=1.82e-04
2026-07-16 09:16:51,378 [INFO] trainer: epoch 106 done train_loss=1.2389 dt=53.0s
2026-07-16 09:17:40,792 [INFO] trainer: epoch 107 step 50/54 loss=1.2439 lr=1.81e-04
2026-07-16 09:17:44,691 [INFO] trainer: epoch 107 done train_loss=1.2470 dt=53.3s
2026-07-16 09:18:33,567 [INFO] trainer: epoch 108 step 50/54 loss=1.2178 lr=1.81e-04
2026-07-16 09:18:37,412 [INFO] trainer: epoch 108 done train_loss=1.2380 dt=52.7s
2026-07-16 09:19:26,369 [INFO] trainer: epoch 109 step 50/54 loss=1.2537 lr=1.81e-04
2026-07-16 09:19:30,214 [INFO] trainer: epoch 109 done train_loss=1.2617 dt=52.8s
2026-07-16 09:20:19,082 [INFO] trainer: epoch 110 step 50/54 loss=1.2847 lr=1.80e-04
2026-07-16 09:20:22,927 [INFO] trainer: epoch 110 done train_loss=1.2805 dt=52.7s
2026-07-16 09:21:33,057 [INFO] trainer: epoch 111 step 50/54 loss=1.2145 lr=1.80e-04
2026-07-16 09:21:36,902 [INFO] trainer: epoch 111 done train_loss=1.2010 dt=70.9s
2026-07-16 09:22:25,856 [INFO] trainer: epoch 112 step 50/54 loss=1.2639 lr=1.79e-04
2026-07-16 09:22:29,700 [INFO] trainer: epoch 112 done train_loss=1.2624 dt=52.8s
2026-07-16 09:23:18,667 [INFO] trainer: epoch 113 step 50/54 loss=1.2717 lr=1.79e-04
2026-07-16 09:23:22,511 [INFO] trainer: epoch 113 done train_loss=1.2551 dt=52.8s
2026-07-16 09:24:11,521 [INFO] trainer: epoch 114 step 50/54 loss=1.2538 lr=1.79e-04
2026-07-16 09:24:15,365 [INFO] trainer: epoch 114 done train_loss=1.2453 dt=52.9s
2026-07-16 09:25:04,393 [INFO] trainer: epoch 115 step 50/54 loss=1.2225 lr=1.78e-04
2026-07-16 09:25:08,238 [INFO] trainer: epoch 115 done train_loss=1.2145 dt=52.9s
2026-07-16 09:26:04,820 [INFO] trainer: epoch 116 step 50/54 loss=1.2398 lr=1.78e-04
2026-07-16 09:26:08,665 [INFO] trainer: epoch 116 done train_loss=1.2445 dt=60.4s
2026-07-16 09:26:57,592 [INFO] trainer: epoch 117 step 50/54 loss=1.2933 lr=1.78e-04
2026-07-16 09:27:01,549 [INFO] trainer: epoch 117 done train_loss=1.2840 dt=52.9s
2026-07-16 09:27:50,460 [INFO] trainer: epoch 118 step 50/54 loss=1.2596 lr=1.77e-04
2026-07-16 09:27:54,312 [INFO] trainer: epoch 118 done train_loss=1.2549 dt=52.8s
2026-07-16 09:28:43,700 [INFO] trainer: epoch 119 step 50/54 loss=1.2244 lr=1.77e-04
2026-07-16 09:28:47,547 [INFO] trainer: epoch 119 done train_loss=1.2223 dt=53.2s
2026-07-16 09:29:36,768 [INFO] trainer: epoch 120 step 50/54 loss=1.2149 lr=1.76e-04
2026-07-16 09:29:40,820 [INFO] trainer: epoch 120 done train_loss=1.2156 dt=53.3s
2026-07-16 09:30:33,038 [INFO] trainer: epoch 121 step 50/54 loss=1.2190 lr=1.76e-04
2026-07-16 09:30:36,883 [INFO] trainer: epoch 121 done train_loss=1.2428 dt=53.3s
2026-07-16 09:31:26,039 [INFO] trainer: epoch 122 step 50/54 loss=1.2503 lr=1.75e-04
2026-07-16 09:31:29,883 [INFO] trainer: epoch 122 done train_loss=1.2423 dt=53.0s
2026-07-16 09:32:19,324 [INFO] trainer: epoch 123 step 50/54 loss=1.2053 lr=1.75e-04
2026-07-16 09:32:23,170 [INFO] trainer: epoch 123 done train_loss=1.1932 dt=53.3s
2026-07-16 09:33:11,956 [INFO] trainer: epoch 124 step 50/54 loss=1.2468 lr=1.75e-04
2026-07-16 09:33:15,802 [INFO] trainer: epoch 124 done train_loss=1.2361 dt=52.6s
2026-07-16 09:34:04,821 [INFO] trainer: epoch 125 step 50/54 loss=1.1728 lr=1.74e-04
2026-07-16 09:34:08,666 [INFO] trainer: epoch 125 done train_loss=1.1888 dt=52.9s
2026-07-16 09:37:42,920 [INFO] trainer: epoch 125 val_mean_dice=0.7571
2026-07-16 09:38:35,120 [INFO] trainer: epoch 126 step 50/54 loss=1.2675 lr=1.74e-04
2026-07-16 09:38:38,963 [INFO] trainer: epoch 126 done train_loss=1.2690 dt=52.9s
2026-07-16 09:39:27,976 [INFO] trainer: epoch 127 step 50/54 loss=1.1713 lr=1.73e-04
2026-07-16 09:39:31,820 [INFO] trainer: epoch 127 done train_loss=1.1738 dt=52.9s
2026-07-16 09:40:20,731 [INFO] trainer: epoch 128 step 50/54 loss=1.1455 lr=1.73e-04
2026-07-16 09:40:24,576 [INFO] trainer: epoch 128 done train_loss=1.1516 dt=52.8s
2026-07-16 09:41:14,458 [INFO] trainer: epoch 129 step 50/54 loss=1.2452 lr=1.72e-04
2026-07-16 09:41:18,302 [INFO] trainer: epoch 129 done train_loss=1.2439 dt=53.7s
2026-07-16 09:42:07,264 [INFO] trainer: epoch 130 step 50/54 loss=1.2064 lr=1.72e-04
2026-07-16 09:42:11,108 [INFO] trainer: epoch 130 done train_loss=1.2078 dt=52.8s
2026-07-16 09:43:05,530 [INFO] trainer: epoch 131 step 50/54 loss=1.2271 lr=1.72e-04
2026-07-16 09:43:09,374 [INFO] trainer: epoch 131 done train_loss=1.2208 dt=52.6s
2026-07-16 09:43:58,164 [INFO] trainer: epoch 132 step 50/54 loss=1.1982 lr=1.71e-04
2026-07-16 09:44:02,008 [INFO] trainer: epoch 132 done train_loss=1.1926 dt=52.6s
2026-07-16 09:44:51,220 [INFO] trainer: epoch 133 step 50/54 loss=1.2184 lr=1.71e-04
2026-07-16 09:44:55,064 [INFO] trainer: epoch 133 done train_loss=1.2157 dt=53.1s
2026-07-16 09:45:44,048 [INFO] trainer: epoch 134 step 50/54 loss=1.1445 lr=1.70e-04
2026-07-16 09:45:47,893 [INFO] trainer: epoch 134 done train_loss=1.1694 dt=52.8s
2026-07-16 09:46:36,619 [INFO] trainer: epoch 135 step 50/54 loss=1.2272 lr=1.70e-04
2026-07-16 09:46:40,461 [INFO] trainer: epoch 135 done train_loss=1.2313 dt=52.6s
2026-07-16 09:47:29,238 [INFO] trainer: epoch 136 step 50/54 loss=1.1795 lr=1.69e-04
2026-07-16 09:47:33,087 [INFO] trainer: epoch 136 done train_loss=1.1730 dt=52.6s
2026-07-16 09:48:22,249 [INFO] trainer: epoch 137 step 50/54 loss=1.1727 lr=1.69e-04
2026-07-16 09:48:26,093 [INFO] trainer: epoch 137 done train_loss=1.1833 dt=53.0s
2026-07-16 09:49:14,970 [INFO] trainer: epoch 138 step 50/54 loss=1.1882 lr=1.68e-04
2026-07-16 09:49:18,814 [INFO] trainer: epoch 138 done train_loss=1.2013 dt=52.7s
2026-07-16 09:50:08,309 [INFO] trainer: epoch 139 step 50/54 loss=1.2093 lr=1.68e-04
2026-07-16 09:50:12,152 [INFO] trainer: epoch 139 done train_loss=1.2063 dt=53.3s
2026-07-16 09:51:01,167 [INFO] trainer: epoch 140 step 50/54 loss=1.1861 lr=1.67e-04
2026-07-16 09:51:05,013 [INFO] trainer: epoch 140 done train_loss=1.1864 dt=52.9s
2026-07-16 09:51:57,428 [INFO] trainer: epoch 141 step 50/54 loss=1.1885 lr=1.67e-04
2026-07-16 09:52:01,286 [INFO] trainer: epoch 141 done train_loss=1.2061 dt=53.3s
2026-07-16 09:52:52,198 [INFO] trainer: epoch 142 step 50/54 loss=1.1254 lr=1.66e-04
2026-07-16 09:52:56,876 [INFO] trainer: epoch 142 done train_loss=1.1216 dt=55.6s
2026-07-16 09:53:46,436 [INFO] trainer: epoch 143 step 50/54 loss=1.1827 lr=1.66e-04
2026-07-16 09:53:50,279 [INFO] trainer: epoch 143 done train_loss=1.1674 dt=53.4s
2026-07-16 09:54:39,407 [INFO] trainer: epoch 144 step 50/54 loss=1.1854 lr=1.66e-04
2026-07-16 09:54:43,251 [INFO] trainer: epoch 144 done train_loss=1.1805 dt=53.0s
2026-07-16 09:55:32,677 [INFO] trainer: epoch 145 step 50/54 loss=1.1831 lr=1.65e-04
2026-07-16 09:55:36,531 [INFO] trainer: epoch 145 done train_loss=1.1825 dt=53.3s
2026-07-16 09:56:25,885 [INFO] trainer: epoch 146 step 50/54 loss=1.1820 lr=1.65e-04
2026-07-16 09:56:29,746 [INFO] trainer: epoch 146 done train_loss=1.1733 dt=53.2s
2026-07-16 09:57:22,373 [INFO] trainer: epoch 147 step 50/54 loss=1.1795 lr=1.64e-04
2026-07-16 09:57:27,044 [INFO] trainer: epoch 147 done train_loss=1.1751 dt=57.3s
2026-07-16 09:58:16,274 [INFO] trainer: epoch 148 step 50/54 loss=1.2040 lr=1.64e-04
2026-07-16 09:58:20,118 [INFO] trainer: epoch 148 done train_loss=1.1922 dt=53.1s
2026-07-16 09:59:09,542 [INFO] trainer: epoch 149 step 50/54 loss=1.1827 lr=1.63e-04
2026-07-16 09:59:13,387 [INFO] trainer: epoch 149 done train_loss=1.1823 dt=53.3s
2026-07-16 10:00:02,489 [INFO] trainer: epoch 150 step 50/54 loss=1.1687 lr=1.63e-04
2026-07-16 10:00:06,333 [INFO] trainer: epoch 150 done train_loss=1.1650 dt=52.9s
2026-07-16 10:03:40,271 [INFO] trainer: epoch 150 val_mean_dice=0.7723
2026-07-16 10:04:38,656 [INFO] trainer: epoch 151 step 50/54 loss=1.1516 lr=1.62e-04
2026-07-16 10:04:42,499 [INFO] trainer: epoch 151 done train_loss=1.1430 dt=55.5s
2026-07-16 10:05:31,461 [INFO] trainer: epoch 152 step 50/54 loss=1.1334 lr=1.62e-04
2026-07-16 10:05:35,305 [INFO] trainer: epoch 152 done train_loss=1.1323 dt=52.8s
2026-07-16 10:06:24,485 [INFO] trainer: epoch 153 step 50/54 loss=1.1657 lr=1.61e-04
2026-07-16 10:06:28,329 [INFO] trainer: epoch 153 done train_loss=1.1570 dt=53.0s
2026-07-16 10:07:17,244 [INFO] trainer: epoch 154 step 50/54 loss=1.1454 lr=1.61e-04
2026-07-16 10:07:21,125 [INFO] trainer: epoch 154 done train_loss=1.1434 dt=52.8s
2026-07-16 10:08:10,384 [INFO] trainer: epoch 155 step 50/54 loss=1.1513 lr=1.60e-04
2026-07-16 10:08:14,228 [INFO] trainer: epoch 155 done train_loss=1.1543 dt=53.1s
2026-07-16 10:09:03,368 [INFO] trainer: epoch 156 step 50/54 loss=1.2101 lr=1.60e-04
2026-07-16 10:09:07,213 [INFO] trainer: epoch 156 done train_loss=1.2052 dt=53.0s
2026-07-16 10:09:56,288 [INFO] trainer: epoch 157 step 50/54 loss=1.1775 lr=1.59e-04
2026-07-16 10:10:00,314 [INFO] trainer: epoch 157 done train_loss=1.1637 dt=53.1s
2026-07-16 10:11:01,302 [INFO] trainer: epoch 158 step 50/54 loss=1.1642 lr=1.59e-04
2026-07-16 10:11:05,146 [INFO] trainer: epoch 158 done train_loss=1.1701 dt=64.8s
2026-07-16 10:11:54,188 [INFO] trainer: epoch 159 step 50/54 loss=1.1320 lr=1.58e-04
2026-07-16 10:11:58,033 [INFO] trainer: epoch 159 done train_loss=1.1221 dt=52.9s
2026-07-16 10:12:46,754 [INFO] trainer: epoch 160 step 50/54 loss=1.1347 lr=1.57e-04
2026-07-16 10:12:50,597 [INFO] trainer: epoch 160 done train_loss=1.1500 dt=52.6s
2026-07-16 10:13:46,487 [INFO] trainer: epoch 161 step 50/54 loss=1.2036 lr=1.57e-04
2026-07-16 10:13:50,333 [INFO] trainer: epoch 161 done train_loss=1.2001 dt=53.2s
2026-07-16 10:14:39,677 [INFO] trainer: epoch 162 step 50/54 loss=1.1534 lr=1.56e-04
2026-07-16 10:14:43,521 [INFO] trainer: epoch 162 done train_loss=1.1520 dt=53.2s
2026-07-16 10:15:32,393 [INFO] trainer: epoch 163 step 50/54 loss=1.1284 lr=1.56e-04
2026-07-16 10:15:36,237 [INFO] trainer: epoch 163 done train_loss=1.1303 dt=52.7s
2026-07-16 10:16:25,088 [INFO] trainer: epoch 164 step 50/54 loss=1.1182 lr=1.55e-04
2026-07-16 10:16:28,935 [INFO] trainer: epoch 164 done train_loss=1.1188 dt=52.7s
2026-07-16 10:17:18,194 [INFO] trainer: epoch 165 step 50/54 loss=1.1307 lr=1.55e-04
2026-07-16 10:17:22,038 [INFO] trainer: epoch 165 done train_loss=1.1252 dt=53.1s
2026-07-16 10:18:11,138 [INFO] trainer: epoch 166 step 50/54 loss=1.1819 lr=1.54e-04
2026-07-16 10:18:14,984 [INFO] trainer: epoch 166 done train_loss=1.1830 dt=52.9s
2026-07-16 10:19:04,214 [INFO] trainer: epoch 167 step 50/54 loss=1.1461 lr=1.54e-04
2026-07-16 10:19:08,059 [INFO] trainer: epoch 167 done train_loss=1.1438 dt=53.1s
2026-07-16 10:19:57,096 [INFO] trainer: epoch 168 step 50/54 loss=1.1547 lr=1.53e-04
2026-07-16 10:20:00,940 [INFO] trainer: epoch 168 done train_loss=1.1436 dt=52.9s
2026-07-16 10:20:50,012 [INFO] trainer: epoch 169 step 50/54 loss=1.1649 lr=1.53e-04
2026-07-16 10:20:54,095 [INFO] trainer: epoch 169 done train_loss=1.1706 dt=53.2s
2026-07-16 10:21:43,547 [INFO] trainer: epoch 170 step 50/54 loss=1.1487 lr=1.52e-04
2026-07-16 10:21:47,391 [INFO] trainer: epoch 170 done train_loss=1.1480 dt=53.3s
2026-07-16 10:22:43,449 [INFO] trainer: epoch 171 step 50/54 loss=1.1407 lr=1.52e-04
2026-07-16 10:22:47,293 [INFO] trainer: epoch 171 done train_loss=1.1451 dt=56.9s
2026-07-16 10:23:36,424 [INFO] trainer: epoch 172 step 50/54 loss=1.1726 lr=1.51e-04
2026-07-16 10:23:40,268 [INFO] trainer: epoch 172 done train_loss=1.1678 dt=53.0s
2026-07-16 10:24:29,166 [INFO] trainer: epoch 173 step 50/54 loss=1.1792 lr=1.50e-04
2026-07-16 10:24:33,010 [INFO] trainer: epoch 173 done train_loss=1.1673 dt=52.7s
2026-07-16 10:25:22,027 [INFO] trainer: epoch 174 step 50/54 loss=1.1382 lr=1.50e-04
2026-07-16 10:25:25,871 [INFO] trainer: epoch 174 done train_loss=1.1330 dt=52.9s
2026-07-16 10:26:14,762 [INFO] trainer: epoch 175 step 50/54 loss=1.1357 lr=1.49e-04
2026-07-16 10:26:18,606 [INFO] trainer: epoch 175 done train_loss=1.1355 dt=52.7s
2026-07-16 10:29:52,009 [INFO] trainer: epoch 175 val_mean_dice=0.7730
2026-07-16 10:30:44,314 [INFO] trainer: epoch 176 step 50/54 loss=1.1732 lr=1.49e-04
2026-07-16 10:30:48,614 [INFO] trainer: epoch 176 done train_loss=1.1645 dt=53.4s
2026-07-16 10:31:37,759 [INFO] trainer: epoch 177 step 50/54 loss=1.1902 lr=1.48e-04
2026-07-16 10:31:41,602 [INFO] trainer: epoch 177 done train_loss=1.1812 dt=53.0s
2026-07-16 10:32:31,006 [INFO] trainer: epoch 178 step 50/54 loss=1.1296 lr=1.48e-04
2026-07-16 10:32:37,152 [INFO] trainer: epoch 178 done train_loss=1.1484 dt=55.5s
2026-07-16 10:33:35,287 [INFO] trainer: epoch 179 step 50/54 loss=1.1767 lr=1.47e-04
2026-07-16 10:33:39,310 [INFO] trainer: epoch 179 done train_loss=1.1706 dt=62.2s
2026-07-16 10:34:28,520 [INFO] trainer: epoch 180 step 50/54 loss=1.1154 lr=1.47e-04
2026-07-16 10:34:32,412 [INFO] trainer: epoch 180 done train_loss=1.1053 dt=53.1s
2026-07-16 10:35:24,613 [INFO] trainer: epoch 181 step 50/54 loss=1.1497 lr=1.46e-04
2026-07-16 10:35:28,458 [INFO] trainer: epoch 181 done train_loss=1.1390 dt=53.1s
2026-07-16 10:36:17,940 [INFO] trainer: epoch 182 step 50/54 loss=1.1251 lr=1.45e-04
2026-07-16 10:36:21,785 [INFO] trainer: epoch 182 done train_loss=1.1199 dt=53.3s
2026-07-16 10:37:11,894 [INFO] trainer: epoch 183 step 50/54 loss=1.2039 lr=1.45e-04
2026-07-16 10:37:15,739 [INFO] trainer: epoch 183 done train_loss=1.1987 dt=53.0s
2026-07-16 10:38:04,798 [INFO] trainer: epoch 184 step 50/54 loss=1.1457 lr=1.44e-04
2026-07-16 10:38:08,643 [INFO] trainer: epoch 184 done train_loss=1.1331 dt=52.9s
2026-07-16 10:38:57,501 [INFO] trainer: epoch 185 step 50/54 loss=1.1138 lr=1.44e-04
2026-07-16 10:39:01,347 [INFO] trainer: epoch 185 done train_loss=1.1115 dt=52.7s
2026-07-16 10:39:50,280 [INFO] trainer: epoch 186 step 50/54 loss=1.1011 lr=1.43e-04
2026-07-16 10:39:54,126 [INFO] trainer: epoch 186 done train_loss=1.1052 dt=52.8s
2026-07-16 10:40:43,217 [INFO] trainer: epoch 187 step 50/54 loss=1.1182 lr=1.43e-04
2026-07-16 10:40:47,062 [INFO] trainer: epoch 187 done train_loss=1.1285 dt=52.9s
2026-07-16 10:41:36,079 [INFO] trainer: epoch 188 step 50/54 loss=1.1300 lr=1.42e-04
2026-07-16 10:41:39,925 [INFO] trainer: epoch 188 done train_loss=1.1327 dt=52.9s
2026-07-16 10:42:28,866 [INFO] trainer: epoch 189 step 50/54 loss=1.1470 lr=1.41e-04
2026-07-16 10:42:32,710 [INFO] trainer: epoch 189 done train_loss=1.1411 dt=52.8s
2026-07-16 10:43:21,590 [INFO] trainer: epoch 190 step 50/54 loss=1.0872 lr=1.41e-04
2026-07-16 10:43:25,436 [INFO] trainer: epoch 190 done train_loss=1.0865 dt=52.7s
2026-07-16 10:44:17,383 [INFO] trainer: epoch 191 step 50/54 loss=1.0945 lr=1.40e-04
2026-07-16 10:44:21,227 [INFO] trainer: epoch 191 done train_loss=1.0861 dt=52.9s
2026-07-16 10:45:10,136 [INFO] trainer: epoch 192 step 50/54 loss=1.1000 lr=1.40e-04
2026-07-16 10:45:13,981 [INFO] trainer: epoch 192 done train_loss=1.1025 dt=52.8s
2026-07-16 10:46:02,689 [INFO] trainer: epoch 193 step 50/54 loss=1.0944 lr=1.39e-04
2026-07-16 10:46:06,535 [INFO] trainer: epoch 193 done train_loss=1.1041 dt=52.6s
2026-07-16 10:46:55,494 [INFO] trainer: epoch 194 step 50/54 loss=1.1097 lr=1.38e-04
2026-07-16 10:46:59,341 [INFO] trainer: epoch 194 done train_loss=1.1073 dt=52.8s
2026-07-16 10:47:48,161 [INFO] trainer: epoch 195 step 50/54 loss=1.1186 lr=1.38e-04
2026-07-16 10:47:52,007 [INFO] trainer: epoch 195 done train_loss=1.1275 dt=52.7s
2026-07-16 10:48:40,977 [INFO] trainer: epoch 196 step 50/54 loss=1.1133 lr=1.37e-04
2026-07-16 10:48:44,824 [INFO] trainer: epoch 196 done train_loss=1.1152 dt=52.8s
2026-07-16 10:49:33,784 [INFO] trainer: epoch 197 step 50/54 loss=1.1017 lr=1.37e-04
2026-07-16 10:49:37,628 [INFO] trainer: epoch 197 done train_loss=1.1075 dt=52.8s
2026-07-16 10:50:26,402 [INFO] trainer: epoch 198 step 50/54 loss=1.0623 lr=1.36e-04
2026-07-16 10:50:30,248 [INFO] trainer: epoch 198 done train_loss=1.0623 dt=52.6s
2026-07-16 10:51:20,817 [INFO] trainer: epoch 199 step 50/54 loss=1.0925 lr=1.36e-04
2026-07-16 10:51:24,662 [INFO] trainer: epoch 199 done train_loss=1.0830 dt=54.4s
2026-07-16 10:52:13,589 [INFO] trainer: epoch 200 step 50/54 loss=1.0574 lr=1.35e-04
2026-07-16 10:52:17,435 [INFO] trainer: epoch 200 done train_loss=1.0609 dt=52.8s
2026-07-16 10:55:49,820 [INFO] trainer: epoch 200 val_mean_dice=0.7767
2026-07-16 10:56:44,895 [INFO] trainer: epoch 201 step 50/54 loss=1.1218 lr=1.34e-04
2026-07-16 10:56:48,739 [INFO] trainer: epoch 201 done train_loss=1.1303 dt=52.6s
2026-07-16 10:57:37,555 [INFO] trainer: epoch 202 step 50/54 loss=1.1062 lr=1.34e-04
2026-07-16 10:57:41,397 [INFO] trainer: epoch 202 done train_loss=1.1094 dt=52.7s
2026-07-16 10:58:30,332 [INFO] trainer: epoch 203 step 50/54 loss=1.0611 lr=1.33e-04
2026-07-16 10:58:34,176 [INFO] trainer: epoch 203 done train_loss=1.0655 dt=52.8s
2026-07-16 10:59:23,087 [INFO] trainer: epoch 204 step 50/54 loss=1.0729 lr=1.33e-04
2026-07-16 10:59:26,941 [INFO] trainer: epoch 204 done train_loss=1.0754 dt=52.8s
2026-07-16 11:00:15,783 [INFO] trainer: epoch 205 step 50/54 loss=1.0912 lr=1.32e-04
2026-07-16 11:00:19,626 [INFO] trainer: epoch 205 done train_loss=1.0979 dt=52.7s
2026-07-16 11:01:08,944 [INFO] trainer: epoch 206 step 50/54 loss=1.0857 lr=1.31e-04
2026-07-16 11:01:12,962 [INFO] trainer: epoch 206 done train_loss=1.0770 dt=53.3s
2026-07-16 11:02:02,707 [INFO] trainer: epoch 207 step 50/54 loss=1.0759 lr=1.31e-04
2026-07-16 11:02:06,556 [INFO] trainer: epoch 207 done train_loss=1.0766 dt=53.6s
2026-07-16 11:02:55,385 [INFO] trainer: epoch 208 step 50/54 loss=1.0419 lr=1.30e-04
2026-07-16 11:02:59,229 [INFO] trainer: epoch 208 done train_loss=1.0394 dt=52.7s
2026-07-16 11:03:48,207 [INFO] trainer: epoch 209 step 50/54 loss=1.0706 lr=1.29e-04
2026-07-16 11:03:52,056 [INFO] trainer: epoch 209 done train_loss=1.0699 dt=52.8s
2026-07-16 11:04:41,018 [INFO] trainer: epoch 210 step 50/54 loss=0.9959 lr=1.29e-04
2026-07-16 11:04:44,920 [INFO] trainer: epoch 210 done train_loss=0.9991 dt=52.9s
2026-07-16 11:05:36,977 [INFO] trainer: epoch 211 step 50/54 loss=1.1325 lr=1.28e-04
2026-07-16 11:05:40,833 [INFO] trainer: epoch 211 done train_loss=1.1411 dt=52.8s
2026-07-16 11:06:29,740 [INFO] trainer: epoch 212 step 50/54 loss=1.0615 lr=1.28e-04
2026-07-16 11:06:33,585 [INFO] trainer: epoch 212 done train_loss=1.0630 dt=52.8s
2026-07-16 11:07:22,458 [INFO] trainer: epoch 213 step 50/54 loss=1.0629 lr=1.27e-04
2026-07-16 11:07:26,304 [INFO] trainer: epoch 213 done train_loss=1.0814 dt=52.7s
2026-07-16 11:08:15,254 [INFO] trainer: epoch 214 step 50/54 loss=1.0150 lr=1.26e-04
2026-07-16 11:08:19,099 [INFO] trainer: epoch 214 done train_loss=1.0243 dt=52.8s
2026-07-16 11:09:07,806 [INFO] trainer: epoch 215 step 50/54 loss=1.0505 lr=1.26e-04
2026-07-16 11:09:11,650 [INFO] trainer: epoch 215 done train_loss=1.0540 dt=52.6s
2026-07-16 11:10:00,533 [INFO] trainer: epoch 216 step 50/54 loss=1.0579 lr=1.25e-04
2026-07-16 11:10:04,377 [INFO] trainer: epoch 216 done train_loss=1.0616 dt=52.7s
2026-07-16 11:10:53,157 [INFO] trainer: epoch 217 step 50/54 loss=1.0327 lr=1.25e-04
2026-07-16 11:10:57,003 [INFO] trainer: epoch 217 done train_loss=1.0381 dt=52.6s
2026-07-16 11:11:48,240 [INFO] trainer: epoch 218 step 50/54 loss=1.0947 lr=1.24e-04
2026-07-16 11:11:52,086 [INFO] trainer: epoch 218 done train_loss=1.0835 dt=55.1s
2026-07-16 11:12:40,936 [INFO] trainer: epoch 219 step 50/54 loss=1.0515 lr=1.23e-04
2026-07-16 11:12:44,782 [INFO] trainer: epoch 219 done train_loss=1.0545 dt=52.7s
2026-07-16 11:13:33,552 [INFO] trainer: epoch 220 step 50/54 loss=1.0916 lr=1.23e-04
2026-07-16 11:13:37,396 [INFO] trainer: epoch 220 done train_loss=1.0805 dt=52.6s
2026-07-16 11:14:29,398 [INFO] trainer: epoch 221 step 50/54 loss=1.0829 lr=1.22e-04
2026-07-16 11:14:33,244 [INFO] trainer: epoch 221 done train_loss=1.0724 dt=52.7s
2026-07-16 11:15:22,075 [INFO] trainer: epoch 222 step 50/54 loss=1.0970 lr=1.21e-04
2026-07-16 11:15:25,922 [INFO] trainer: epoch 222 done train_loss=1.1019 dt=52.7s
2026-07-16 11:16:14,969 [INFO] trainer: epoch 223 step 50/54 loss=1.0787 lr=1.21e-04
2026-07-16 11:16:18,822 [INFO] trainer: epoch 223 done train_loss=1.0713 dt=52.9s
2026-07-16 11:17:07,798 [INFO] trainer: epoch 224 step 50/54 loss=1.0748 lr=1.20e-04
2026-07-16 11:17:11,644 [INFO] trainer: epoch 224 done train_loss=1.0821 dt=52.8s
2026-07-16 11:18:00,554 [INFO] trainer: epoch 225 step 50/54 loss=1.0414 lr=1.20e-04
2026-07-16 11:18:04,401 [INFO] trainer: epoch 225 done train_loss=1.0561 dt=52.8s
2026-07-16 11:21:36,796 [INFO] trainer: epoch 225 val_mean_dice=0.7796
2026-07-16 11:22:28,837 [INFO] trainer: epoch 226 step 50/54 loss=1.0909 lr=1.19e-04
2026-07-16 11:22:32,679 [INFO] trainer: epoch 226 done train_loss=1.0781 dt=52.8s
2026-07-16 11:23:21,604 [INFO] trainer: epoch 227 step 50/54 loss=1.0855 lr=1.18e-04
2026-07-16 11:23:25,457 [INFO] trainer: epoch 227 done train_loss=1.0757 dt=52.8s
2026-07-16 11:24:14,374 [INFO] trainer: epoch 228 step 50/54 loss=1.1048 lr=1.18e-04
2026-07-16 11:24:18,218 [INFO] trainer: epoch 228 done train_loss=1.0982 dt=52.8s
2026-07-16 11:25:07,032 [INFO] trainer: epoch 229 step 50/54 loss=1.0564 lr=1.17e-04
2026-07-16 11:25:10,876 [INFO] trainer: epoch 229 done train_loss=1.0570 dt=52.7s
2026-07-16 11:25:59,781 [INFO] trainer: epoch 230 step 50/54 loss=1.0487 lr=1.16e-04
2026-07-16 11:26:03,626 [INFO] trainer: epoch 230 done train_loss=1.0543 dt=52.7s
2026-07-16 11:26:55,456 [INFO] trainer: epoch 231 step 50/54 loss=1.0463 lr=1.16e-04
2026-07-16 11:26:59,301 [INFO] trainer: epoch 231 done train_loss=1.0390 dt=52.6s
2026-07-16 11:27:48,270 [INFO] trainer: epoch 232 step 50/54 loss=1.0056 lr=1.15e-04
2026-07-16 11:27:52,114 [INFO] trainer: epoch 232 done train_loss=1.0123 dt=52.8s
2026-07-16 11:28:40,870 [INFO] trainer: epoch 233 step 50/54 loss=1.0740 lr=1.15e-04
2026-07-16 11:28:44,715 [INFO] trainer: epoch 233 done train_loss=1.0696 dt=52.6s
2026-07-16 11:29:33,560 [INFO] trainer: epoch 234 step 50/54 loss=1.0593 lr=1.14e-04
2026-07-16 11:29:37,406 [INFO] trainer: epoch 234 done train_loss=1.0549 dt=52.7s
2026-07-16 11:30:26,362 [INFO] trainer: epoch 235 step 50/54 loss=1.0430 lr=1.13e-04
2026-07-16 11:30:30,208 [INFO] trainer: epoch 235 done train_loss=1.0486 dt=52.8s
2026-07-16 11:31:18,989 [INFO] trainer: epoch 236 step 50/54 loss=1.0913 lr=1.13e-04
2026-07-16 11:31:22,834 [INFO] trainer: epoch 236 done train_loss=1.1016 dt=52.6s
2026-07-16 11:32:11,627 [INFO] trainer: epoch 237 step 50/54 loss=1.0128 lr=1.12e-04
2026-07-16 11:32:15,472 [INFO] trainer: epoch 237 done train_loss=1.0083 dt=52.6s
2026-07-16 11:33:04,302 [INFO] trainer: epoch 238 step 50/54 loss=1.0638 lr=1.11e-04
2026-07-16 11:33:08,146 [INFO] trainer: epoch 238 done train_loss=1.0642 dt=52.7s
2026-07-16 11:33:57,030 [INFO] trainer: epoch 239 step 50/54 loss=1.0502 lr=1.11e-04
2026-07-16 11:34:00,877 [INFO] trainer: epoch 239 done train_loss=1.0461 dt=52.7s
2026-07-16 11:34:49,824 [INFO] trainer: epoch 240 step 50/54 loss=1.0570 lr=1.10e-04
2026-07-16 11:34:53,668 [INFO] trainer: epoch 240 done train_loss=1.0712 dt=52.8s
2026-07-16 11:35:50,269 [INFO] trainer: epoch 241 step 50/54 loss=1.0223 lr=1.09e-04
2026-07-16 11:35:54,114 [INFO] trainer: epoch 241 done train_loss=1.0179 dt=52.9s
2026-07-16 11:36:42,931 [INFO] trainer: epoch 242 step 50/54 loss=1.0244 lr=1.09e-04
2026-07-16 11:36:46,777 [INFO] trainer: epoch 242 done train_loss=1.0232 dt=52.7s
2026-07-16 11:37:35,712 [INFO] trainer: epoch 243 step 50/54 loss=1.0703 lr=1.08e-04
2026-07-16 11:37:39,555 [INFO] trainer: epoch 243 done train_loss=1.0639 dt=52.8s
2026-07-16 11:38:28,278 [INFO] trainer: epoch 244 step 50/54 loss=1.0650 lr=1.08e-04
2026-07-16 11:38:32,121 [INFO] trainer: epoch 244 done train_loss=1.0608 dt=52.6s
2026-07-16 11:39:20,999 [INFO] trainer: epoch 245 step 50/54 loss=1.0264 lr=1.07e-04
2026-07-16 11:39:24,847 [INFO] trainer: epoch 245 done train_loss=1.0292 dt=52.7s
2026-07-16 11:40:14,492 [INFO] trainer: epoch 246 step 50/54 loss=1.0885 lr=1.06e-04
2026-07-16 11:40:18,337 [INFO] trainer: epoch 246 done train_loss=1.0856 dt=53.5s
2026-07-16 11:41:07,137 [INFO] trainer: epoch 247 step 50/54 loss=1.0829 lr=1.06e-04
2026-07-16 11:41:10,981 [INFO] trainer: epoch 247 done train_loss=1.0879 dt=52.6s
2026-07-16 11:42:00,116 [INFO] trainer: epoch 248 step 50/54 loss=1.0651 lr=1.05e-04
2026-07-16 11:42:03,961 [INFO] trainer: epoch 248 done train_loss=1.0728 dt=53.0s
2026-07-16 11:42:52,861 [INFO] trainer: epoch 249 step 50/54 loss=1.0310 lr=1.04e-04
2026-07-16 11:42:56,707 [INFO] trainer: epoch 249 done train_loss=1.0352 dt=52.7s
2026-07-16 11:43:45,752 [INFO] trainer: epoch 250 step 50/54 loss=1.0225 lr=1.04e-04
2026-07-16 11:43:49,598 [INFO] trainer: epoch 250 done train_loss=1.0205 dt=52.9s
2026-07-16 11:47:22,296 [INFO] trainer: epoch 250 val_mean_dice=0.7865
2026-07-16 11:48:17,533 [INFO] trainer: epoch 251 step 50/54 loss=1.0670 lr=1.03e-04
2026-07-16 11:48:21,378 [INFO] trainer: epoch 251 done train_loss=1.0549 dt=53.0s
2026-07-16 11:49:10,294 [INFO] trainer: epoch 252 step 50/54 loss=1.0270 lr=1.02e-04
2026-07-16 11:49:14,136 [INFO] trainer: epoch 252 done train_loss=1.0206 dt=52.8s
2026-07-16 11:50:03,079 [INFO] trainer: epoch 253 step 50/54 loss=1.0198 lr=1.02e-04
2026-07-16 11:50:06,923 [INFO] trainer: epoch 253 done train_loss=1.0183 dt=52.8s
2026-07-16 11:50:55,748 [INFO] trainer: epoch 254 step 50/54 loss=1.0439 lr=1.01e-04
2026-07-16 11:50:59,593 [INFO] trainer: epoch 254 done train_loss=1.0420 dt=52.7s
2026-07-16 11:51:48,369 [INFO] trainer: epoch 255 step 50/54 loss=1.0696 lr=1.01e-04
2026-07-16 11:51:52,215 [INFO] trainer: epoch 255 done train_loss=1.0682 dt=52.6s
2026-07-16 11:52:40,998 [INFO] trainer: epoch 256 step 50/54 loss=1.0258 lr=9.99e-05
2026-07-16 11:52:44,844 [INFO] trainer: epoch 256 done train_loss=1.0257 dt=52.6s
2026-07-16 11:53:33,682 [INFO] trainer: epoch 257 step 50/54 loss=1.0403 lr=9.93e-05
2026-07-16 11:53:37,528 [INFO] trainer: epoch 257 done train_loss=1.0461 dt=52.7s
2026-07-16 11:54:26,237 [INFO] trainer: epoch 258 step 50/54 loss=1.0385 lr=9.86e-05
2026-07-16 11:54:30,083 [INFO] trainer: epoch 258 done train_loss=1.0430 dt=52.6s
2026-07-16 11:55:18,960 [INFO] trainer: epoch 259 step 50/54 loss=1.0103 lr=9.80e-05
2026-07-16 11:55:22,807 [INFO] trainer: epoch 259 done train_loss=1.0181 dt=52.7s
2026-07-16 11:56:11,649 [INFO] trainer: epoch 260 step 50/54 loss=0.9928 lr=9.74e-05
2026-07-16 11:56:15,496 [INFO] trainer: epoch 260 done train_loss=0.9938 dt=52.7s
2026-07-16 11:57:24,053 [INFO] trainer: epoch 261 step 50/54 loss=1.0456 lr=9.67e-05
2026-07-16 11:57:27,900 [INFO] trainer: epoch 261 done train_loss=1.0434 dt=69.4s
2026-07-16 11:58:16,638 [INFO] trainer: epoch 262 step 50/54 loss=1.0121 lr=9.61e-05
2026-07-16 11:58:20,484 [INFO] trainer: epoch 262 done train_loss=1.0074 dt=52.6s
2026-07-16 11:59:09,200 [INFO] trainer: epoch 263 step 50/54 loss=1.0258 lr=9.54e-05
2026-07-16 11:59:13,053 [INFO] trainer: epoch 263 done train_loss=1.0226 dt=52.6s
2026-07-16 12:00:02,011 [INFO] trainer: epoch 264 step 50/54 loss=1.0688 lr=9.48e-05
2026-07-16 12:00:05,856 [INFO] trainer: epoch 264 done train_loss=1.0667 dt=52.8s
2026-07-16 12:00:54,664 [INFO] trainer: epoch 265 step 50/54 loss=1.0094 lr=9.42e-05
2026-07-16 12:00:58,519 [INFO] trainer: epoch 265 done train_loss=1.0181 dt=52.7s
2026-07-16 12:01:47,571 [INFO] trainer: epoch 266 step 50/54 loss=1.0598 lr=9.35e-05
2026-07-16 12:01:51,418 [INFO] trainer: epoch 266 done train_loss=1.0714 dt=52.9s
2026-07-16 12:02:40,402 [INFO] trainer: epoch 267 step 50/54 loss=1.0265 lr=9.29e-05
2026-07-16 12:02:44,250 [INFO] trainer: epoch 267 done train_loss=1.0217 dt=52.8s
2026-07-16 12:03:32,971 [INFO] trainer: epoch 268 step 50/54 loss=0.9938 lr=9.23e-05
2026-07-16 12:03:36,817 [INFO] trainer: epoch 268 done train_loss=1.0016 dt=52.6s
2026-07-16 12:04:25,870 [INFO] trainer: epoch 269 step 50/54 loss=1.0875 lr=9.16e-05
2026-07-16 12:04:29,715 [INFO] trainer: epoch 269 done train_loss=1.0931 dt=52.9s
2026-07-16 12:05:18,557 [INFO] trainer: epoch 270 step 50/54 loss=1.0457 lr=9.10e-05
2026-07-16 12:05:22,403 [INFO] trainer: epoch 270 done train_loss=1.0400 dt=52.7s
2026-07-16 12:06:14,621 [INFO] trainer: epoch 271 step 50/54 loss=1.0468 lr=9.04e-05
2026-07-16 12:06:18,475 [INFO] trainer: epoch 271 done train_loss=1.0463 dt=52.9s
2026-07-16 12:07:07,259 [INFO] trainer: epoch 272 step 50/54 loss=1.0159 lr=8.97e-05
2026-07-16 12:07:11,104 [INFO] trainer: epoch 272 done train_loss=1.0153 dt=52.6s
2026-07-16 12:08:00,074 [INFO] trainer: epoch 273 step 50/54 loss=1.0370 lr=8.91e-05
2026-07-16 12:08:03,920 [INFO] trainer: epoch 273 done train_loss=1.0332 dt=52.8s
2026-07-16 12:08:52,668 [INFO] trainer: epoch 274 step 50/54 loss=1.0310 lr=8.85e-05
2026-07-16 12:08:56,513 [INFO] trainer: epoch 274 done train_loss=1.0374 dt=52.6s
2026-07-16 12:09:47,666 [INFO] trainer: epoch 275 step 50/54 loss=0.9919 lr=8.78e-05
2026-07-16 12:09:51,511 [INFO] trainer: epoch 275 done train_loss=0.9890 dt=55.0s
2026-07-16 12:13:26,091 [INFO] trainer: epoch 275 val_mean_dice=0.7905
2026-07-16 12:14:18,125 [INFO] trainer: epoch 276 step 50/54 loss=0.9878 lr=8.72e-05
2026-07-16 12:14:21,969 [INFO] trainer: epoch 276 done train_loss=0.9937 dt=52.7s
2026-07-16 12:15:10,794 [INFO] trainer: epoch 277 step 50/54 loss=1.0118 lr=8.66e-05
2026-07-16 12:15:14,638 [INFO] trainer: epoch 277 done train_loss=1.0275 dt=52.7s
2026-07-16 12:16:03,568 [INFO] trainer: epoch 278 step 50/54 loss=1.0570 lr=8.59e-05
2026-07-16 12:16:07,412 [INFO] trainer: epoch 278 done train_loss=1.0490 dt=52.8s
2026-07-16 12:16:56,262 [INFO] trainer: epoch 279 step 50/54 loss=0.9743 lr=8.53e-05
2026-07-16 12:17:00,105 [INFO] trainer: epoch 279 done train_loss=0.9792 dt=52.7s
2026-07-16 12:17:48,800 [INFO] trainer: epoch 280 step 50/54 loss=1.0076 lr=8.47e-05
2026-07-16 12:17:52,644 [INFO] trainer: epoch 280 done train_loss=1.0074 dt=52.5s
2026-07-16 12:18:44,868 [INFO] trainer: epoch 281 step 50/54 loss=0.9962 lr=8.40e-05
2026-07-16 12:18:48,721 [INFO] trainer: epoch 281 done train_loss=0.9935 dt=52.9s
2026-07-16 12:19:37,676 [INFO] trainer: epoch 282 step 50/54 loss=0.9945 lr=8.34e-05
2026-07-16 12:19:41,521 [INFO] trainer: epoch 282 done train_loss=1.0031 dt=52.8s
2026-07-16 12:20:30,369 [INFO] trainer: epoch 283 step 50/54 loss=1.0450 lr=8.28e-05
2026-07-16 12:20:34,214 [INFO] trainer: epoch 283 done train_loss=1.0391 dt=52.7s
2026-07-16 12:21:22,813 [INFO] trainer: epoch 284 step 50/54 loss=1.0078 lr=8.22e-05
2026-07-16 12:21:26,658 [INFO] trainer: epoch 284 done train_loss=1.0063 dt=52.4s
2026-07-16 12:22:15,517 [INFO] trainer: epoch 285 step 50/54 loss=1.0614 lr=8.15e-05
2026-07-16 12:22:19,363 [INFO] trainer: epoch 285 done train_loss=1.0525 dt=52.7s
2026-07-16 12:23:08,121 [INFO] trainer: epoch 286 step 50/54 loss=1.0088 lr=8.09e-05
2026-07-16 12:23:11,967 [INFO] trainer: epoch 286 done train_loss=1.0103 dt=52.6s
2026-07-16 12:24:00,996 [INFO] trainer: epoch 287 step 50/54 loss=1.0567 lr=8.03e-05
2026-07-16 12:24:04,841 [INFO] trainer: epoch 287 done train_loss=1.0456 dt=52.9s
2026-07-16 12:24:53,703 [INFO] trainer: epoch 288 step 50/54 loss=1.0238 lr=7.97e-05
2026-07-16 12:24:57,549 [INFO] trainer: epoch 288 done train_loss=1.0256 dt=52.7s
2026-07-16 12:25:46,495 [INFO] trainer: epoch 289 step 50/54 loss=1.0590 lr=7.90e-05
2026-07-16 12:25:50,341 [INFO] trainer: epoch 289 done train_loss=1.0565 dt=52.8s
2026-07-16 12:26:38,969 [INFO] trainer: epoch 290 step 50/54 loss=1.0405 lr=7.84e-05
2026-07-16 12:26:42,816 [INFO] trainer: epoch 290 done train_loss=1.0410 dt=52.5s
2026-07-16 12:27:34,779 [INFO] trainer: epoch 291 step 50/54 loss=0.9972 lr=7.78e-05
2026-07-16 12:27:38,624 [INFO] trainer: epoch 291 done train_loss=1.0016 dt=52.8s
2026-07-16 12:28:27,595 [INFO] trainer: epoch 292 step 50/54 loss=1.0530 lr=7.72e-05
2026-07-16 12:28:31,450 [INFO] trainer: epoch 292 done train_loss=1.0610 dt=52.8s
2026-07-16 12:29:20,290 [INFO] trainer: epoch 293 step 50/54 loss=1.0366 lr=7.65e-05
2026-07-16 12:29:24,136 [INFO] trainer: epoch 293 done train_loss=1.0273 dt=52.7s
2026-07-16 12:30:12,976 [INFO] trainer: epoch 294 step 50/54 loss=1.0518 lr=7.59e-05
2026-07-16 12:30:16,820 [INFO] trainer: epoch 294 done train_loss=1.0524 dt=52.7s
2026-07-16 12:31:05,564 [INFO] trainer: epoch 295 step 50/54 loss=0.9863 lr=7.53e-05
2026-07-16 12:31:09,469 [INFO] trainer: epoch 295 done train_loss=0.9824 dt=52.6s
2026-07-16 12:31:58,202 [INFO] trainer: epoch 296 step 50/54 loss=1.0159 lr=7.47e-05
2026-07-16 12:32:02,048 [INFO] trainer: epoch 296 done train_loss=1.0214 dt=52.6s
2026-07-16 12:32:50,823 [INFO] trainer: epoch 297 step 50/54 loss=1.0832 lr=7.41e-05
2026-07-16 12:32:54,669 [INFO] trainer: epoch 297 done train_loss=1.0843 dt=52.6s
2026-07-16 12:33:43,516 [INFO] trainer: epoch 298 step 50/54 loss=1.0449 lr=7.35e-05
2026-07-16 12:33:47,370 [INFO] trainer: epoch 298 done train_loss=1.0404 dt=52.7s
2026-07-16 12:34:36,279 [INFO] trainer: epoch 299 step 50/54 loss=1.0139 lr=7.28e-05
2026-07-16 12:34:40,125 [INFO] trainer: epoch 299 done train_loss=1.0120 dt=52.8s
2026-07-16 12:35:29,164 [INFO] trainer: epoch 300 step 50/54 loss=1.0422 lr=7.22e-05
2026-07-16 12:35:33,013 [INFO] trainer: epoch 300 done train_loss=1.0333 dt=52.9s
2026-07-16 12:39:12,976 [INFO] trainer: epoch 300 val_mean_dice=0.7891
2026-07-16 12:40:05,369 [INFO] trainer: epoch 301 step 50/54 loss=1.0173 lr=7.16e-05
2026-07-16 12:40:09,217 [INFO] trainer: epoch 301 done train_loss=1.0315 dt=53.2s
2026-07-16 12:40:58,237 [INFO] trainer: epoch 302 step 50/54 loss=1.0704 lr=7.10e-05
2026-07-16 12:41:02,081 [INFO] trainer: epoch 302 done train_loss=1.0575 dt=52.9s
2026-07-16 12:41:50,853 [INFO] trainer: epoch 303 step 50/54 loss=1.0087 lr=7.04e-05
2026-07-16 12:41:54,697 [INFO] trainer: epoch 303 done train_loss=1.0111 dt=52.6s
2026-07-16 12:42:43,541 [INFO] trainer: epoch 304 step 50/54 loss=1.0205 lr=6.98e-05
2026-07-16 12:42:47,385 [INFO] trainer: epoch 304 done train_loss=1.0178 dt=52.7s
2026-07-16 12:43:36,197 [INFO] trainer: epoch 305 step 50/54 loss=0.9714 lr=6.92e-05
2026-07-16 12:43:40,040 [INFO] trainer: epoch 305 done train_loss=0.9728 dt=52.7s
2026-07-16 12:44:28,891 [INFO] trainer: epoch 306 step 50/54 loss=1.0513 lr=6.86e-05
2026-07-16 12:44:32,736 [INFO] trainer: epoch 306 done train_loss=1.0636 dt=52.7s
2026-07-16 12:45:21,447 [INFO] trainer: epoch 307 step 50/54 loss=1.0015 lr=6.80e-05
2026-07-16 12:45:25,292 [INFO] trainer: epoch 307 done train_loss=0.9973 dt=52.6s
2026-07-16 12:46:13,933 [INFO] trainer: epoch 308 step 50/54 loss=1.0192 lr=6.74e-05
2026-07-16 12:46:17,777 [INFO] trainer: epoch 308 done train_loss=1.0151 dt=52.5s
2026-07-16 12:47:06,561 [INFO] trainer: epoch 309 step 50/54 loss=1.0309 lr=6.68e-05
2026-07-16 12:47:10,410 [INFO] trainer: epoch 309 done train_loss=1.0267 dt=52.6s
2026-07-16 12:47:59,173 [INFO] trainer: epoch 310 step 50/54 loss=1.0116 lr=6.62e-05
2026-07-16 12:48:03,019 [INFO] trainer: epoch 310 done train_loss=1.0118 dt=52.6s
2026-07-16 12:48:55,125 [INFO] trainer: epoch 311 step 50/54 loss=1.0107 lr=6.56e-05
2026-07-16 12:48:58,971 [INFO] trainer: epoch 311 done train_loss=0.9989 dt=52.8s
2026-07-16 12:49:47,983 [INFO] trainer: epoch 312 step 50/54 loss=1.0449 lr=6.50e-05
2026-07-16 12:49:51,827 [INFO] trainer: epoch 312 done train_loss=1.0522 dt=52.9s
2026-07-16 12:50:40,683 [INFO] trainer: epoch 313 step 50/54 loss=1.0041 lr=6.44e-05
2026-07-16 12:50:44,529 [INFO] trainer: epoch 313 done train_loss=1.0157 dt=52.7s
2026-07-16 12:51:33,255 [INFO] trainer: epoch 314 step 50/54 loss=1.0496 lr=6.38e-05
2026-07-16 12:51:37,101 [INFO] trainer: epoch 314 done train_loss=1.0412 dt=52.6s
2026-07-16 12:52:26,048 [INFO] trainer: epoch 315 step 50/54 loss=1.0160 lr=6.32e-05
2026-07-16 12:52:29,896 [INFO] trainer: epoch 315 done train_loss=1.0073 dt=52.8s
2026-07-16 12:53:18,711 [INFO] trainer: epoch 316 step 50/54 loss=0.9982 lr=6.26e-05
2026-07-16 12:53:22,557 [INFO] trainer: epoch 316 done train_loss=1.0058 dt=52.7s
2026-07-16 12:54:11,277 [INFO] trainer: epoch 317 step 50/54 loss=1.0255 lr=6.20e-05
2026-07-16 12:54:15,123 [INFO] trainer: epoch 317 done train_loss=1.0182 dt=52.6s
2026-07-16 12:55:04,294 [INFO] trainer: epoch 318 step 50/54 loss=1.0185 lr=6.14e-05
2026-07-16 12:55:08,139 [INFO] trainer: epoch 318 done train_loss=1.0289 dt=53.0s
2026-07-16 12:55:57,122 [INFO] trainer: epoch 319 step 50/54 loss=1.0041 lr=6.09e-05
2026-07-16 12:56:00,966 [INFO] trainer: epoch 319 done train_loss=1.0129 dt=52.8s
2026-07-16 12:56:50,046 [INFO] trainer: epoch 320 step 50/54 loss=1.0205 lr=6.03e-05
2026-07-16 12:56:53,891 [INFO] trainer: epoch 320 done train_loss=1.0096 dt=52.9s
2026-07-16 12:57:45,836 [INFO] trainer: epoch 321 step 50/54 loss=1.0388 lr=5.97e-05
2026-07-16 12:57:49,680 [INFO] trainer: epoch 321 done train_loss=1.0306 dt=52.8s
2026-07-16 12:58:38,694 [INFO] trainer: epoch 322 step 50/54 loss=1.0019 lr=5.91e-05
2026-07-16 12:58:42,539 [INFO] trainer: epoch 322 done train_loss=0.9946 dt=52.9s
2026-07-16 12:59:31,566 [INFO] trainer: epoch 323 step 50/54 loss=1.0902 lr=5.85e-05
2026-07-16 12:59:35,411 [INFO] trainer: epoch 323 done train_loss=1.0732 dt=52.9s
2026-07-16 13:00:24,380 [INFO] trainer: epoch 324 step 50/54 loss=1.0351 lr=5.79e-05
2026-07-16 13:00:28,225 [INFO] trainer: epoch 324 done train_loss=1.0323 dt=52.8s
2026-07-16 13:01:17,158 [INFO] trainer: epoch 325 step 50/54 loss=0.9729 lr=5.74e-05
2026-07-16 13:01:21,005 [INFO] trainer: epoch 325 done train_loss=0.9963 dt=52.8s
2026-07-16 13:04:55,578 [INFO] trainer: epoch 325 val_mean_dice=0.7910
2026-07-16 13:05:48,025 [INFO] trainer: epoch 326 step 50/54 loss=1.0400 lr=5.68e-05
2026-07-16 13:05:51,871 [INFO] trainer: epoch 326 done train_loss=1.0396 dt=52.6s
2026-07-16 13:06:41,168 [INFO] trainer: epoch 327 step 50/54 loss=1.0431 lr=5.62e-05
2026-07-16 13:06:45,014 [INFO] trainer: epoch 327 done train_loss=1.0487 dt=53.1s
2026-07-16 13:07:33,923 [INFO] trainer: epoch 328 step 50/54 loss=0.9757 lr=5.57e-05
2026-07-16 13:07:37,768 [INFO] trainer: epoch 328 done train_loss=0.9769 dt=52.8s
2026-07-16 13:08:26,600 [INFO] trainer: epoch 329 step 50/54 loss=0.9879 lr=5.51e-05
2026-07-16 13:08:30,446 [INFO] trainer: epoch 329 done train_loss=0.9932 dt=52.7s
2026-07-16 13:09:19,258 [INFO] trainer: epoch 330 step 50/54 loss=1.0590 lr=5.45e-05
2026-07-16 13:09:23,105 [INFO] trainer: epoch 330 done train_loss=1.0435 dt=52.7s
2026-07-16 13:10:15,219 [INFO] trainer: epoch 331 step 50/54 loss=0.9980 lr=5.40e-05
2026-07-16 13:10:19,062 [INFO] trainer: epoch 331 done train_loss=0.9853 dt=52.7s
2026-07-16 13:11:07,795 [INFO] trainer: epoch 332 step 50/54 loss=0.9836 lr=5.34e-05
2026-07-16 13:11:11,640 [INFO] trainer: epoch 332 done train_loss=0.9879 dt=52.6s
2026-07-16 13:12:00,363 [INFO] trainer: epoch 333 step 50/54 loss=0.9647 lr=5.28e-05
2026-07-16 13:12:04,208 [INFO] trainer: epoch 333 done train_loss=0.9750 dt=52.6s
2026-07-16 13:12:53,027 [INFO] trainer: epoch 334 step 50/54 loss=1.0098 lr=5.23e-05
2026-07-16 13:12:56,873 [INFO] trainer: epoch 334 done train_loss=1.0151 dt=52.7s
2026-07-16 13:13:45,833 [INFO] trainer: epoch 335 step 50/54 loss=1.0410 lr=5.17e-05
2026-07-16 13:13:49,687 [INFO] trainer: epoch 335 done train_loss=1.0336 dt=52.8s
2026-07-16 13:14:38,468 [INFO] trainer: epoch 336 step 50/54 loss=0.9865 lr=5.12e-05
2026-07-16 13:14:42,314 [INFO] trainer: epoch 336 done train_loss=0.9988 dt=52.6s
2026-07-16 13:15:31,216 [INFO] trainer: epoch 337 step 50/54 loss=0.9802 lr=5.06e-05
2026-07-16 13:15:35,060 [INFO] trainer: epoch 337 done train_loss=0.9933 dt=52.7s
2026-07-16 13:16:33,610 [INFO] trainer: epoch 338 step 50/54 loss=1.0385 lr=5.01e-05
2026-07-16 13:16:37,454 [INFO] trainer: epoch 338 done train_loss=1.0250 dt=62.4s
2026-07-16 13:17:26,188 [INFO] trainer: epoch 339 step 50/54 loss=0.9472 lr=4.95e-05
2026-07-16 13:17:30,034 [INFO] trainer: epoch 339 done train_loss=0.9636 dt=52.6s
2026-07-16 13:18:19,106 [INFO] trainer: epoch 340 step 50/54 loss=1.0336 lr=4.90e-05
2026-07-16 13:18:22,951 [INFO] trainer: epoch 340 done train_loss=1.0308 dt=52.9s
2026-07-16 13:19:27,849 [INFO] trainer: epoch 341 step 50/54 loss=1.0041 lr=4.84e-05
2026-07-16 13:19:53,853 [INFO] trainer: epoch 341 done train_loss=1.0071 dt=87.8s
2026-07-16 13:20:42,641 [INFO] trainer: epoch 342 step 50/54 loss=1.0091 lr=4.79e-05
2026-07-16 13:20:46,488 [INFO] trainer: epoch 342 done train_loss=1.0159 dt=52.6s
2026-07-16 13:21:35,393 [INFO] trainer: epoch 343 step 50/54 loss=1.0482 lr=4.73e-05
2026-07-16 13:21:39,239 [INFO] trainer: epoch 343 done train_loss=1.0713 dt=52.8s
2026-07-16 13:22:27,947 [INFO] trainer: epoch 344 step 50/54 loss=1.0175 lr=4.68e-05
2026-07-16 13:22:31,792 [INFO] trainer: epoch 344 done train_loss=1.0219 dt=52.6s
2026-07-16 13:23:20,774 [INFO] trainer: epoch 345 step 50/54 loss=1.0140 lr=4.63e-05
2026-07-16 13:23:24,620 [INFO] trainer: epoch 345 done train_loss=1.0257 dt=52.8s
2026-07-16 13:24:13,492 [INFO] trainer: epoch 346 step 50/54 loss=0.9825 lr=4.57e-05
2026-07-16 13:24:17,339 [INFO] trainer: epoch 346 done train_loss=0.9833 dt=52.7s
2026-07-16 13:25:06,140 [INFO] trainer: epoch 347 step 50/54 loss=0.9616 lr=4.52e-05
2026-07-16 13:25:09,987 [INFO] trainer: epoch 347 done train_loss=0.9768 dt=52.6s
2026-07-16 13:25:58,903 [INFO] trainer: epoch 348 step 50/54 loss=0.9840 lr=4.47e-05
2026-07-16 13:26:02,750 [INFO] trainer: epoch 348 done train_loss=0.9868 dt=52.8s
2026-07-16 13:26:51,667 [INFO] trainer: epoch 349 step 50/54 loss=1.0049 lr=4.41e-05
2026-07-16 13:26:55,512 [INFO] trainer: epoch 349 done train_loss=1.0062 dt=52.8s
2026-07-16 13:27:44,313 [INFO] trainer: epoch 350 step 50/54 loss=0.9943 lr=4.36e-05
2026-07-16 13:27:48,159 [INFO] trainer: epoch 350 done train_loss=1.0045 dt=52.6s
2026-07-16 13:31:21,270 [INFO] trainer: epoch 350 val_mean_dice=0.7931
2026-07-16 13:32:16,239 [INFO] trainer: epoch 351 step 50/54 loss=1.0050 lr=4.31e-05
2026-07-16 13:32:20,082 [INFO] trainer: epoch 351 done train_loss=0.9941 dt=52.7s
2026-07-16 13:33:08,928 [INFO] trainer: epoch 352 step 50/54 loss=0.9782 lr=4.26e-05
2026-07-16 13:33:12,774 [INFO] trainer: epoch 352 done train_loss=0.9755 dt=52.7s
2026-07-16 13:34:01,448 [INFO] trainer: epoch 353 step 50/54 loss=1.0197 lr=4.21e-05
2026-07-16 13:34:05,293 [INFO] trainer: epoch 353 done train_loss=1.0118 dt=52.5s
2026-07-16 13:34:54,099 [INFO] trainer: epoch 354 step 50/54 loss=0.9916 lr=4.15e-05
2026-07-16 13:34:57,944 [INFO] trainer: epoch 354 done train_loss=0.9845 dt=52.7s
2026-07-16 13:35:46,901 [INFO] trainer: epoch 355 step 50/54 loss=0.9804 lr=4.10e-05
2026-07-16 13:35:50,747 [INFO] trainer: epoch 355 done train_loss=0.9765 dt=52.8s
2026-07-16 13:36:39,978 [INFO] trainer: epoch 356 step 50/54 loss=0.9953 lr=4.05e-05
2026-07-16 13:36:43,824 [INFO] trainer: epoch 356 done train_loss=0.9845 dt=53.1s
2026-07-16 13:37:32,561 [INFO] trainer: epoch 357 step 50/54 loss=1.0092 lr=4.00e-05
2026-07-16 13:37:36,413 [INFO] trainer: epoch 357 done train_loss=1.0033 dt=52.6s
2026-07-16 13:38:25,079 [INFO] trainer: epoch 358 step 50/54 loss=0.9994 lr=3.95e-05
2026-07-16 13:38:28,925 [INFO] trainer: epoch 358 done train_loss=1.0105 dt=52.5s
2026-07-16 13:39:17,816 [INFO] trainer: epoch 359 step 50/54 loss=0.9891 lr=3.90e-05
2026-07-16 13:39:21,661 [INFO] trainer: epoch 359 done train_loss=0.9871 dt=52.7s
2026-07-16 13:40:10,556 [INFO] trainer: epoch 360 step 50/54 loss=0.9772 lr=3.85e-05
2026-07-16 13:40:14,401 [INFO] trainer: epoch 360 done train_loss=0.9793 dt=52.7s
2026-07-16 13:41:06,989 [INFO] trainer: epoch 361 step 50/54 loss=0.9990 lr=3.80e-05
2026-07-16 13:41:10,833 [INFO] trainer: epoch 361 done train_loss=0.9976 dt=53.4s
2026-07-16 13:41:59,670 [INFO] trainer: epoch 362 step 50/54 loss=1.0107 lr=3.75e-05
2026-07-16 13:42:03,515 [INFO] trainer: epoch 362 done train_loss=1.0242 dt=52.7s
2026-07-16 13:42:52,403 [INFO] trainer: epoch 363 step 50/54 loss=0.9940 lr=3.70e-05
2026-07-16 13:42:56,248 [INFO] trainer: epoch 363 done train_loss=1.0012 dt=52.7s
2026-07-16 13:43:44,986 [INFO] trainer: epoch 364 step 50/54 loss=0.9834 lr=3.65e-05
2026-07-16 13:43:48,831 [INFO] trainer: epoch 364 done train_loss=0.9793 dt=52.6s
2026-07-16 13:44:37,576 [INFO] trainer: epoch 365 step 50/54 loss=0.9864 lr=3.60e-05
2026-07-16 13:44:41,419 [INFO] trainer: epoch 365 done train_loss=0.9739 dt=52.6s
2026-07-16 13:45:30,322 [INFO] trainer: epoch 366 step 50/54 loss=1.0042 lr=3.56e-05
2026-07-16 13:45:34,168 [INFO] trainer: epoch 366 done train_loss=1.0065 dt=52.7s
2026-07-16 13:46:22,885 [INFO] trainer: epoch 367 step 50/54 loss=0.9790 lr=3.51e-05
2026-07-16 13:46:26,735 [INFO] trainer: epoch 367 done train_loss=0.9823 dt=52.6s
2026-07-16 13:47:15,483 [INFO] trainer: epoch 368 step 50/54 loss=0.9960 lr=3.46e-05
2026-07-16 13:47:19,329 [INFO] trainer: epoch 368 done train_loss=0.9905 dt=52.6s
2026-07-16 13:48:08,090 [INFO] trainer: epoch 369 step 50/54 loss=1.0044 lr=3.41e-05
2026-07-16 13:48:11,935 [INFO] trainer: epoch 369 done train_loss=1.0005 dt=52.6s
2026-07-16 13:49:00,812 [INFO] trainer: epoch 370 step 50/54 loss=0.9818 lr=3.36e-05
2026-07-16 13:49:04,658 [INFO] trainer: epoch 370 done train_loss=0.9886 dt=52.7s
2026-07-16 13:49:57,613 [INFO] trainer: epoch 371 step 50/54 loss=0.9745 lr=3.32e-05
2026-07-16 13:50:01,459 [INFO] trainer: epoch 371 done train_loss=0.9918 dt=53.1s
2026-07-16 13:50:50,254 [INFO] trainer: epoch 372 step 50/54 loss=1.0353 lr=3.27e-05
2026-07-16 13:50:54,099 [INFO] trainer: epoch 372 done train_loss=1.0197 dt=52.6s
2026-07-16 13:51:42,769 [INFO] trainer: epoch 373 step 50/54 loss=0.9968 lr=3.22e-05
2026-07-16 13:51:46,614 [INFO] trainer: epoch 373 done train_loss=0.9971 dt=52.5s
2026-07-16 13:52:35,353 [INFO] trainer: epoch 374 step 50/54 loss=1.0373 lr=3.18e-05
2026-07-16 13:52:39,199 [INFO] trainer: epoch 374 done train_loss=1.0502 dt=52.6s
2026-07-16 13:53:28,201 [INFO] trainer: epoch 375 step 50/54 loss=1.0152 lr=3.13e-05
2026-07-16 13:53:32,045 [INFO] trainer: epoch 375 done train_loss=0.9987 dt=52.8s
2026-07-16 13:57:18,081 [INFO] trainer: epoch 375 val_mean_dice=0.7957
2026-07-16 13:58:12,831 [INFO] trainer: epoch 376 step 50/54 loss=0.9620 lr=3.09e-05
2026-07-16 13:58:16,673 [INFO] trainer: epoch 376 done train_loss=0.9571 dt=55.1s
2026-07-16 13:59:05,441 [INFO] trainer: epoch 377 step 50/54 loss=1.0119 lr=3.04e-05
2026-07-16 13:59:09,284 [INFO] trainer: epoch 377 done train_loss=1.0123 dt=52.6s
2026-07-16 13:59:58,212 [INFO] trainer: epoch 378 step 50/54 loss=0.9436 lr=3.00e-05
2026-07-16 14:00:02,055 [INFO] trainer: epoch 378 done train_loss=0.9456 dt=52.8s
2026-07-16 14:00:50,864 [INFO] trainer: epoch 379 step 50/54 loss=1.0073 lr=2.95e-05
2026-07-16 14:00:54,709 [INFO] trainer: epoch 379 done train_loss=1.0119 dt=52.7s
2026-07-16 14:01:43,529 [INFO] trainer: epoch 380 step 50/54 loss=0.9827 lr=2.91e-05
2026-07-16 14:01:47,371 [INFO] trainer: epoch 380 done train_loss=0.9866 dt=52.7s
2026-07-16 14:02:39,731 [INFO] trainer: epoch 381 step 50/54 loss=0.9637 lr=2.86e-05
2026-07-16 14:02:43,574 [INFO] trainer: epoch 381 done train_loss=0.9658 dt=53.2s
2026-07-16 14:03:32,478 [INFO] trainer: epoch 382 step 50/54 loss=0.9774 lr=2.82e-05
2026-07-16 14:03:36,324 [INFO] trainer: epoch 382 done train_loss=0.9788 dt=52.7s
2026-07-16 14:04:25,115 [INFO] trainer: epoch 383 step 50/54 loss=1.0164 lr=2.77e-05
2026-07-16 14:04:28,962 [INFO] trainer: epoch 383 done train_loss=1.0103 dt=52.6s
2026-07-16 14:05:17,842 [INFO] trainer: epoch 384 step 50/54 loss=0.9579 lr=2.73e-05
2026-07-16 14:05:21,688 [INFO] trainer: epoch 384 done train_loss=0.9613 dt=52.7s
2026-07-16 14:06:10,445 [INFO] trainer: epoch 385 step 50/54 loss=1.0154 lr=2.69e-05
2026-07-16 14:06:14,435 [INFO] trainer: epoch 385 done train_loss=1.0173 dt=52.7s
2026-07-16 14:07:09,093 [INFO] trainer: epoch 386 step 50/54 loss=1.0130 lr=2.64e-05
2026-07-16 14:07:12,938 [INFO] trainer: epoch 386 done train_loss=1.0049 dt=58.5s
2026-07-16 14:08:01,841 [INFO] trainer: epoch 387 step 50/54 loss=0.9570 lr=2.60e-05
2026-07-16 14:08:05,687 [INFO] trainer: epoch 387 done train_loss=0.9636 dt=52.7s
2026-07-16 14:08:54,433 [INFO] trainer: epoch 388 step 50/54 loss=1.0229 lr=2.56e-05
2026-07-16 14:08:58,281 [INFO] trainer: epoch 388 done train_loss=1.0229 dt=52.6s
2026-07-16 14:09:47,069 [INFO] trainer: epoch 389 step 50/54 loss=0.9969 lr=2.52e-05
2026-07-16 14:09:50,916 [INFO] trainer: epoch 389 done train_loss=1.0019 dt=52.6s
2026-07-16 14:10:39,623 [INFO] trainer: epoch 390 step 50/54 loss=0.9755 lr=2.48e-05
2026-07-16 14:10:43,468 [INFO] trainer: epoch 390 done train_loss=0.9694 dt=52.6s
2026-07-16 14:11:35,226 [INFO] trainer: epoch 391 step 50/54 loss=0.9832 lr=2.44e-05
2026-07-16 14:11:39,073 [INFO] trainer: epoch 391 done train_loss=0.9949 dt=52.7s
2026-07-16 14:12:28,005 [INFO] trainer: epoch 392 step 50/54 loss=0.9587 lr=2.39e-05
2026-07-16 14:12:31,850 [INFO] trainer: epoch 392 done train_loss=0.9645 dt=52.8s
2026-07-16 14:13:20,741 [INFO] trainer: epoch 393 step 50/54 loss=1.0009 lr=2.35e-05
2026-07-16 14:13:24,586 [INFO] trainer: epoch 393 done train_loss=0.9858 dt=52.7s
2026-07-16 14:14:13,467 [INFO] trainer: epoch 394 step 50/54 loss=0.9900 lr=2.31e-05
2026-07-16 14:14:17,313 [INFO] trainer: epoch 394 done train_loss=0.9820 dt=52.7s
2026-07-16 14:15:06,692 [INFO] trainer: epoch 395 step 50/54 loss=1.0252 lr=2.27e-05
2026-07-16 14:15:10,541 [INFO] trainer: epoch 395 done train_loss=1.0087 dt=53.2s
2026-07-16 14:15:59,342 [INFO] trainer: epoch 396 step 50/54 loss=1.0023 lr=2.23e-05
2026-07-16 14:16:03,188 [INFO] trainer: epoch 396 done train_loss=0.9984 dt=52.6s
2026-07-16 14:16:52,146 [INFO] trainer: epoch 397 step 50/54 loss=0.9647 lr=2.19e-05
2026-07-16 14:16:55,993 [INFO] trainer: epoch 397 done train_loss=0.9795 dt=52.8s
2026-07-16 14:17:44,806 [INFO] trainer: epoch 398 step 50/54 loss=0.9376 lr=2.16e-05
2026-07-16 14:17:48,652 [INFO] trainer: epoch 398 done train_loss=0.9317 dt=52.7s
2026-07-16 14:18:37,535 [INFO] trainer: epoch 399 step 50/54 loss=0.9980 lr=2.12e-05
2026-07-16 14:18:41,382 [INFO] trainer: epoch 399 done train_loss=0.9851 dt=52.7s
2026-07-16 14:19:30,166 [INFO] trainer: epoch 400 step 50/54 loss=0.9613 lr=2.08e-05
2026-07-16 14:19:34,013 [INFO] trainer: epoch 400 done train_loss=0.9898 dt=52.6s
2026-07-16 14:23:24,965 [INFO] trainer: epoch 400 val_mean_dice=0.7960
2026-07-16 14:24:19,882 [INFO] trainer: epoch 401 step 50/54 loss=0.9515 lr=2.04e-05
2026-07-16 14:24:23,725 [INFO] trainer: epoch 401 done train_loss=0.9713 dt=52.6s
2026-07-16 14:25:12,534 [INFO] trainer: epoch 402 step 50/54 loss=0.9986 lr=2.00e-05
2026-07-16 14:25:16,378 [INFO] trainer: epoch 402 done train_loss=0.9895 dt=52.7s
2026-07-16 14:26:05,468 [INFO] trainer: epoch 403 step 50/54 loss=1.0426 lr=1.97e-05
2026-07-16 14:26:09,313 [INFO] trainer: epoch 403 done train_loss=1.0334 dt=52.9s
2026-07-16 14:26:58,180 [INFO] trainer: epoch 404 step 50/54 loss=0.9859 lr=1.93e-05
2026-07-16 14:27:02,023 [INFO] trainer: epoch 404 done train_loss=0.9763 dt=52.7s
2026-07-16 14:27:50,723 [INFO] trainer: epoch 405 step 50/54 loss=0.9905 lr=1.89e-05
2026-07-16 14:27:54,567 [INFO] trainer: epoch 405 done train_loss=0.9843 dt=52.5s
2026-07-16 14:28:43,365 [INFO] trainer: epoch 406 step 50/54 loss=1.0478 lr=1.86e-05
2026-07-16 14:28:47,209 [INFO] trainer: epoch 406 done train_loss=1.0388 dt=52.6s
2026-07-16 14:29:36,076 [INFO] trainer: epoch 407 step 50/54 loss=1.0098 lr=1.82e-05
2026-07-16 14:29:39,920 [INFO] trainer: epoch 407 done train_loss=1.0049 dt=52.7s
2026-07-16 14:30:28,871 [INFO] trainer: epoch 408 step 50/54 loss=1.0290 lr=1.78e-05
2026-07-16 14:30:32,714 [INFO] trainer: epoch 408 done train_loss=1.0231 dt=52.8s
2026-07-16 14:31:21,541 [INFO] trainer: epoch 409 step 50/54 loss=0.9182 lr=1.75e-05
2026-07-16 14:31:25,388 [INFO] trainer: epoch 409 done train_loss=0.9130 dt=52.7s
2026-07-16 14:32:14,250 [INFO] trainer: epoch 410 step 50/54 loss=1.0280 lr=1.71e-05
2026-07-16 14:32:18,095 [INFO] trainer: epoch 410 done train_loss=1.0306 dt=52.7s
2026-07-16 14:33:09,961 [INFO] trainer: epoch 411 step 50/54 loss=1.0009 lr=1.68e-05
2026-07-16 14:33:13,815 [INFO] trainer: epoch 411 done train_loss=0.9982 dt=52.8s
2026-07-16 14:34:02,830 [INFO] trainer: epoch 412 step 50/54 loss=0.9553 lr=1.64e-05
2026-07-16 14:34:06,676 [INFO] trainer: epoch 412 done train_loss=0.9519 dt=52.9s
2026-07-16 14:34:55,563 [INFO] trainer: epoch 413 step 50/54 loss=0.9520 lr=1.61e-05
2026-07-16 14:34:59,409 [INFO] trainer: epoch 413 done train_loss=0.9489 dt=52.7s
2026-07-16 14:35:48,160 [INFO] trainer: epoch 414 step 50/54 loss=0.9872 lr=1.58e-05
2026-07-16 14:35:52,005 [INFO] trainer: epoch 414 done train_loss=0.9775 dt=52.6s
2026-07-16 14:36:40,928 [INFO] trainer: epoch 415 step 50/54 loss=0.9882 lr=1.54e-05
2026-07-16 14:36:44,774 [INFO] trainer: epoch 415 done train_loss=0.9851 dt=52.8s
2026-07-16 14:37:33,573 [INFO] trainer: epoch 416 step 50/54 loss=0.9938 lr=1.51e-05
2026-07-16 14:37:37,419 [INFO] trainer: epoch 416 done train_loss=0.9973 dt=52.6s
2026-07-16 14:38:26,324 [INFO] trainer: epoch 417 step 50/54 loss=0.9706 lr=1.48e-05
2026-07-16 14:38:30,167 [INFO] trainer: epoch 417 done train_loss=0.9746 dt=52.7s
2026-07-16 14:39:18,925 [INFO] trainer: epoch 418 step 50/54 loss=0.9986 lr=1.45e-05
2026-07-16 14:39:22,770 [INFO] trainer: epoch 418 done train_loss=1.0055 dt=52.6s
2026-07-16 14:40:11,517 [INFO] trainer: epoch 419 step 50/54 loss=0.9795 lr=1.41e-05
2026-07-16 14:40:15,361 [INFO] trainer: epoch 419 done train_loss=0.9820 dt=52.6s
2026-07-16 14:41:04,136 [INFO] trainer: epoch 420 step 50/54 loss=1.0026 lr=1.38e-05
2026-07-16 14:41:07,981 [INFO] trainer: epoch 420 done train_loss=1.0099 dt=52.6s
2026-07-16 14:41:59,697 [INFO] trainer: epoch 421 step 50/54 loss=1.0168 lr=1.35e-05
2026-07-16 14:42:03,541 [INFO] trainer: epoch 421 done train_loss=1.0058 dt=52.7s
2026-07-16 14:42:52,229 [INFO] trainer: epoch 422 step 50/54 loss=0.9744 lr=1.32e-05
2026-07-16 14:42:56,094 [INFO] trainer: epoch 422 done train_loss=0.9678 dt=52.6s
2026-07-16 14:43:44,746 [INFO] trainer: epoch 423 step 50/54 loss=0.9527 lr=1.29e-05
2026-07-16 14:43:48,590 [INFO] trainer: epoch 423 done train_loss=0.9456 dt=52.5s
2026-07-16 14:44:37,326 [INFO] trainer: epoch 424 step 50/54 loss=0.9956 lr=1.26e-05
2026-07-16 14:44:41,172 [INFO] trainer: epoch 424 done train_loss=1.0011 dt=52.6s
2026-07-16 14:45:29,856 [INFO] trainer: epoch 425 step 50/54 loss=1.0073 lr=1.23e-05
2026-07-16 14:45:33,702 [INFO] trainer: epoch 425 done train_loss=1.0023 dt=52.5s
2026-07-16 14:49:07,331 [INFO] trainer: epoch 425 val_mean_dice=0.7960
2026-07-16 14:49:59,517 [INFO] trainer: epoch 426 step 50/54 loss=0.9478 lr=1.20e-05
2026-07-16 14:50:03,360 [INFO] trainer: epoch 426 done train_loss=0.9567 dt=53.0s
2026-07-16 14:50:52,263 [INFO] trainer: epoch 427 step 50/54 loss=0.9774 lr=1.17e-05
2026-07-16 14:50:56,110 [INFO] trainer: epoch 427 done train_loss=0.9776 dt=52.7s
2026-07-16 14:51:44,847 [INFO] trainer: epoch 428 step 50/54 loss=0.9643 lr=1.14e-05
2026-07-16 14:51:48,692 [INFO] trainer: epoch 428 done train_loss=0.9608 dt=52.6s
2026-07-16 14:52:37,529 [INFO] trainer: epoch 429 step 50/54 loss=0.9711 lr=1.12e-05
2026-07-16 14:52:41,386 [INFO] trainer: epoch 429 done train_loss=0.9868 dt=52.7s
2026-07-16 14:53:30,348 [INFO] trainer: epoch 430 step 50/54 loss=1.0171 lr=1.09e-05
2026-07-16 14:53:34,202 [INFO] trainer: epoch 430 done train_loss=1.0109 dt=52.8s
2026-07-16 14:54:26,029 [INFO] trainer: epoch 431 step 50/54 loss=1.0000 lr=1.06e-05
2026-07-16 14:54:29,875 [INFO] trainer: epoch 431 done train_loss=1.0098 dt=52.7s
2026-07-16 14:55:18,744 [INFO] trainer: epoch 432 step 50/54 loss=0.9895 lr=1.03e-05
2026-07-16 14:55:22,591 [INFO] trainer: epoch 432 done train_loss=0.9987 dt=52.7s
2026-07-16 14:56:11,393 [INFO] trainer: epoch 433 step 50/54 loss=0.9852 lr=1.01e-05
2026-07-16 14:56:15,237 [INFO] trainer: epoch 433 done train_loss=0.9854 dt=52.6s
2026-07-16 14:57:03,934 [INFO] trainer: epoch 434 step 50/54 loss=1.0200 lr=9.80e-06
2026-07-16 14:57:07,780 [INFO] trainer: epoch 434 done train_loss=1.0189 dt=52.5s
2026-07-16 14:57:56,496 [INFO] trainer: epoch 435 step 50/54 loss=1.0205 lr=9.54e-06
2026-07-16 14:58:00,340 [INFO] trainer: epoch 435 done train_loss=1.0049 dt=52.6s
2026-07-16 14:58:49,201 [INFO] trainer: epoch 436 step 50/54 loss=0.9647 lr=9.28e-06
2026-07-16 14:58:53,047 [INFO] trainer: epoch 436 done train_loss=0.9750 dt=52.7s
2026-07-16 14:59:42,017 [INFO] trainer: epoch 437 step 50/54 loss=0.9994 lr=9.03e-06
2026-07-16 14:59:45,863 [INFO] trainer: epoch 437 done train_loss=0.9853 dt=52.8s
2026-07-16 15:00:34,711 [INFO] trainer: epoch 438 step 50/54 loss=1.0053 lr=8.78e-06
2026-07-16 15:00:38,556 [INFO] trainer: epoch 438 done train_loss=1.0119 dt=52.7s
2026-07-16 15:01:27,693 [INFO] trainer: epoch 439 step 50/54 loss=0.9710 lr=8.53e-06
2026-07-16 15:01:31,537 [INFO] trainer: epoch 439 done train_loss=0.9816 dt=53.0s
2026-07-16 15:02:20,323 [INFO] trainer: epoch 440 step 50/54 loss=0.9721 lr=8.29e-06
2026-07-16 15:02:24,169 [INFO] trainer: epoch 440 done train_loss=0.9637 dt=52.6s
2026-07-16 15:03:16,248 [INFO] trainer: epoch 441 step 50/54 loss=1.0169 lr=8.05e-06
2026-07-16 15:03:20,092 [INFO] trainer: epoch 441 done train_loss=1.0085 dt=52.8s
2026-07-16 15:04:08,925 [INFO] trainer: epoch 442 step 50/54 loss=0.9816 lr=7.82e-06
2026-07-16 15:04:12,774 [INFO] trainer: epoch 442 done train_loss=0.9735 dt=52.7s
2026-07-16 15:05:01,929 [INFO] trainer: epoch 443 step 50/54 loss=0.9970 lr=7.59e-06
2026-07-16 15:05:05,777 [INFO] trainer: epoch 443 done train_loss=1.0071 dt=53.0s
2026-07-16 15:05:54,537 [INFO] trainer: epoch 444 step 50/54 loss=0.9879 lr=7.36e-06
2026-07-16 15:05:58,383 [INFO] trainer: epoch 444 done train_loss=0.9783 dt=52.6s
2026-07-16 15:06:47,397 [INFO] trainer: epoch 445 step 50/54 loss=0.9853 lr=7.14e-06
2026-07-16 15:06:51,242 [INFO] trainer: epoch 445 done train_loss=0.9816 dt=52.9s
2026-07-16 15:07:48,601 [INFO] trainer: epoch 446 step 50/54 loss=1.0017 lr=6.92e-06
2026-07-16 15:07:52,448 [INFO] trainer: epoch 446 done train_loss=1.0015 dt=61.2s
2026-07-16 15:08:41,236 [INFO] trainer: epoch 447 step 50/54 loss=1.0210 lr=6.71e-06
2026-07-16 15:08:45,081 [INFO] trainer: epoch 447 done train_loss=1.0084 dt=52.6s
2026-07-16 15:09:33,940 [INFO] trainer: epoch 448 step 50/54 loss=0.9607 lr=6.49e-06
2026-07-16 15:09:37,787 [INFO] trainer: epoch 448 done train_loss=0.9531 dt=52.7s
2026-07-16 15:10:26,632 [INFO] trainer: epoch 449 step 50/54 loss=0.9759 lr=6.29e-06
2026-07-16 15:10:30,478 [INFO] trainer: epoch 449 done train_loss=0.9624 dt=52.7s
2026-07-16 15:11:19,178 [INFO] trainer: epoch 450 step 50/54 loss=0.9894 lr=6.08e-06
2026-07-16 15:11:23,024 [INFO] trainer: epoch 450 done train_loss=0.9941 dt=52.5s
2026-07-16 15:15:24,449 [INFO] trainer: epoch 450 val_mean_dice=0.7972
2026-07-16 15:16:20,745 [INFO] trainer: epoch 451 step 50/54 loss=1.0262 lr=5.88e-06
2026-07-16 15:16:24,588 [INFO] trainer: epoch 451 done train_loss=1.0184 dt=52.8s
2026-07-16 15:17:13,484 [INFO] trainer: epoch 452 step 50/54 loss=0.9734 lr=5.69e-06
2026-07-16 15:17:17,327 [INFO] trainer: epoch 452 done train_loss=0.9714 dt=52.7s
2026-07-16 15:18:06,198 [INFO] trainer: epoch 453 step 50/54 loss=1.0097 lr=5.50e-06
2026-07-16 15:18:10,041 [INFO] trainer: epoch 453 done train_loss=1.0006 dt=52.7s
2026-07-16 16:17:49,692 [INFO] train: ========================================================================
2026-07-16 16:17:49,716 [INFO] train: model=biomedparse config=configs/lowshot/ls_biomedparse_ft_pt_f010.yaml
2026-07-16 16:17:49,716 [INFO] train: output=/scratch/lskrlj/runs/ls_biomedparse_ft_pt_f010 device=cuda (NVIDIA A100-SXM4-40GB)
2026-07-16 16:17:49,716 [INFO] train: epochs=500 batch_size=2 grad_accum=2 eff_batch=4 lr=0.0002 amp=True
2026-07-16 16:17:49,716 [INFO] train: ========================================================================
2026-07-16 16:17:49,722 [INFO] train: splits: train=1082 val=57 classes=117
2026-07-16 16:17:49,722 [INFO] train: low-shot: train_fraction=0.1000 seed=1234 -> 108/1082 train cases
2026-07-16 16:18:10,205 [INFO] train: disk cache: /scratch/lskrlj/cache/TotalSeg/833d9d046402 (fingerprint=833d9d046402)
2026-07-16 16:23:35,543 [INFO] train: model biomedparse, trainable params: 215030608 / 215030608 total (freeze_backbone=False)
2026-07-16 16:23:56,362 [INFO] trainer: resuming from /scratch/lskrlj/runs/ls_biomedparse_ft_pt_f010/epoch_0450.pt
2026-07-16 16:23:59,362 [INFO] trainer: resumed: start_epoch=450 best_dice=0.7972 global_step=24300
2026-07-16 16:23:59,363 [INFO] trainer: start: epochs 451-500/500 device=cuda amp=bf16 train_batches=54 val_batches=57
2026-07-16 16:24:55,416 [INFO] trainer: epoch 451 step 50/54 loss=0.9408 lr=5.88e-06
2026-07-16 16:24:59,275 [INFO] trainer: epoch 451 done train_loss=0.9415 dt=59.9s
2026-07-16 16:25:48,366 [INFO] trainer: epoch 452 step 50/54 loss=0.9943 lr=5.69e-06
2026-07-16 16:25:52,224 [INFO] trainer: epoch 452 done train_loss=1.0008 dt=52.9s
2026-07-16 16:26:41,611 [INFO] trainer: epoch 453 step 50/54 loss=0.9822 lr=5.50e-06
2026-07-16 16:26:45,474 [INFO] trainer: epoch 453 done train_loss=0.9809 dt=53.2s
2026-07-16 16:27:34,726 [INFO] trainer: epoch 454 step 50/54 loss=0.9916 lr=5.31e-06
2026-07-16 16:27:38,586 [INFO] trainer: epoch 454 done train_loss=0.9843 dt=53.1s
2026-07-16 16:28:27,898 [INFO] trainer: epoch 455 step 50/54 loss=1.0092 lr=5.13e-06
2026-07-16 16:28:31,755 [INFO] trainer: epoch 455 done train_loss=1.0078 dt=53.2s
2026-07-16 16:29:21,062 [INFO] trainer: epoch 456 step 50/54 loss=0.9838 lr=4.95e-06
2026-07-16 16:29:24,922 [INFO] trainer: epoch 456 done train_loss=0.9847 dt=53.2s
2026-07-16 16:30:14,082 [INFO] trainer: epoch 457 step 50/54 loss=0.9847 lr=4.77e-06
2026-07-16 16:30:17,939 [INFO] trainer: epoch 457 done train_loss=0.9857 dt=53.0s
2026-07-16 16:31:07,298 [INFO] trainer: epoch 458 step 50/54 loss=0.9802 lr=4.60e-06
2026-07-16 16:31:11,161 [INFO] trainer: epoch 458 done train_loss=0.9708 dt=53.2s
2026-07-16 16:32:00,590 [INFO] trainer: epoch 459 step 50/54 loss=0.9833 lr=4.43e-06
2026-07-16 16:32:04,552 [INFO] trainer: epoch 459 done train_loss=0.9844 dt=53.4s
2026-07-16 16:32:53,898 [INFO] trainer: epoch 460 step 50/54 loss=0.9362 lr=4.27e-06
2026-07-16 16:32:57,757 [INFO] trainer: epoch 460 done train_loss=0.9477 dt=53.2s
2026-07-16 16:33:49,990 [INFO] trainer: epoch 461 step 50/54 loss=0.9478 lr=4.11e-06
2026-07-16 16:33:53,857 [INFO] trainer: epoch 461 done train_loss=0.9645 dt=53.2s
2026-07-16 16:34:43,166 [INFO] trainer: epoch 462 step 50/54 loss=0.9856 lr=3.95e-06
2026-07-16 16:34:47,024 [INFO] trainer: epoch 462 done train_loss=0.9927 dt=53.2s
2026-07-16 16:35:36,458 [INFO] trainer: epoch 463 step 50/54 loss=0.9861 lr=3.80e-06
2026-07-16 16:35:40,318 [INFO] trainer: epoch 463 done train_loss=0.9708 dt=53.3s
2026-07-16 16:36:29,956 [INFO] trainer: epoch 464 step 50/54 loss=0.9716 lr=3.65e-06
2026-07-16 16:36:33,816 [INFO] trainer: epoch 464 done train_loss=0.9721 dt=53.5s
2026-07-16 16:37:23,213 [INFO] trainer: epoch 465 step 50/54 loss=1.0197 lr=3.51e-06
2026-07-16 16:37:27,075 [INFO] trainer: epoch 465 done train_loss=1.0125 dt=53.3s
2026-07-16 16:38:16,393 [INFO] trainer: epoch 466 step 50/54 loss=0.9779 lr=3.36e-06
2026-07-16 16:38:20,255 [INFO] trainer: epoch 466 done train_loss=0.9823 dt=53.2s
2026-07-16 16:39:09,300 [INFO] trainer: epoch 467 step 50/54 loss=1.0205 lr=3.23e-06
2026-07-16 16:39:13,165 [INFO] trainer: epoch 467 done train_loss=1.0219 dt=52.9s
2026-07-16 16:40:02,302 [INFO] trainer: epoch 468 step 50/54 loss=0.9675 lr=3.10e-06
2026-07-16 16:40:06,162 [INFO] trainer: epoch 468 done train_loss=0.9773 dt=53.0s
2026-07-16 16:40:55,450 [INFO] trainer: epoch 469 step 50/54 loss=0.9528 lr=2.97e-06
2026-07-16 16:40:59,313 [INFO] trainer: epoch 469 done train_loss=0.9430 dt=53.2s
2026-07-16 16:41:48,523 [INFO] trainer: epoch 470 step 50/54 loss=0.9648 lr=2.84e-06
2026-07-16 16:41:52,386 [INFO] trainer: epoch 470 done train_loss=0.9668 dt=53.1s
2026-07-16 16:42:44,870 [INFO] trainer: epoch 471 step 50/54 loss=1.0102 lr=2.72e-06
2026-07-16 16:42:48,735 [INFO] trainer: epoch 471 done train_loss=1.0048 dt=53.1s
2026-07-16 16:43:37,783 [INFO] trainer: epoch 472 step 50/54 loss=0.9865 lr=2.61e-06
2026-07-16 16:43:41,646 [INFO] trainer: epoch 472 done train_loss=0.9926 dt=52.9s
2026-07-16 16:44:30,825 [INFO] trainer: epoch 473 step 50/54 loss=0.9789 lr=2.50e-06
2026-07-16 16:44:34,686 [INFO] trainer: epoch 473 done train_loss=0.9751 dt=53.0s
2026-07-16 16:45:27,900 [INFO] trainer: epoch 474 step 50/54 loss=0.9595 lr=2.39e-06
2026-07-16 16:45:31,761 [INFO] trainer: epoch 474 done train_loss=0.9593 dt=57.1s
2026-07-16 16:46:21,034 [INFO] trainer: epoch 475 step 50/54 loss=0.9667 lr=2.28e-06
2026-07-16 16:46:24,903 [INFO] trainer: epoch 475 done train_loss=0.9885 dt=53.1s
2026-07-16 16:50:23,166 [INFO] trainer: epoch 475 val_mean_dice=0.7974
2026-07-16 16:51:15,576 [INFO] trainer: epoch 476 step 50/54 loss=0.9844 lr=2.18e-06
2026-07-16 16:51:19,436 [INFO] trainer: epoch 476 done train_loss=0.9960 dt=53.3s
2026-07-16 16:52:08,470 [INFO] trainer: epoch 477 step 50/54 loss=0.9912 lr=2.09e-06
2026-07-16 16:52:12,366 [INFO] trainer: epoch 477 done train_loss=0.9960 dt=52.9s
2026-07-16 16:53:01,479 [INFO] trainer: epoch 478 step 50/54 loss=0.9465 lr=1.99e-06
2026-07-16 16:53:05,339 [INFO] trainer: epoch 478 done train_loss=0.9563 dt=53.0s
2026-07-16 16:53:54,524 [INFO] trainer: epoch 479 step 50/54 loss=0.9604 lr=1.91e-06
2026-07-16 16:53:58,382 [INFO] trainer: epoch 479 done train_loss=0.9709 dt=53.0s
2026-07-16 16:54:47,511 [INFO] trainer: epoch 480 step 50/54 loss=1.0365 lr=1.82e-06
2026-07-16 16:54:51,371 [INFO] trainer: epoch 480 done train_loss=1.0217 dt=53.0s
2026-07-16 16:55:43,542 [INFO] trainer: epoch 481 step 50/54 loss=0.9523 lr=1.74e-06
2026-07-16 16:55:47,400 [INFO] trainer: epoch 481 done train_loss=0.9607 dt=53.0s
2026-07-16 16:56:36,339 [INFO] trainer: epoch 482 step 50/54 loss=0.9528 lr=1.67e-06
2026-07-16 16:56:40,196 [INFO] trainer: epoch 482 done train_loss=0.9680 dt=52.8s
2026-07-16 16:57:29,270 [INFO] trainer: epoch 483 step 50/54 loss=0.9711 lr=1.60e-06
2026-07-16 16:57:33,130 [INFO] trainer: epoch 483 done train_loss=0.9898 dt=52.9s
2026-07-16 16:58:22,216 [INFO] trainer: epoch 484 step 50/54 loss=0.9521 lr=1.53e-06
2026-07-16 16:58:26,081 [INFO] trainer: epoch 484 done train_loss=0.9503 dt=53.0s
2026-07-16 16:59:15,206 [INFO] trainer: epoch 485 step 50/54 loss=1.0112 lr=1.46e-06
2026-07-16 16:59:19,064 [INFO] trainer: epoch 485 done train_loss=0.9963 dt=53.0s
2026-07-16 17:00:08,266 [INFO] trainer: epoch 486 step 50/54 loss=0.9732 lr=1.40e-06
2026-07-16 17:00:12,124 [INFO] trainer: epoch 486 done train_loss=0.9793 dt=53.1s
2026-07-16 17:01:01,206 [INFO] trainer: epoch 487 step 50/54 loss=0.9436 lr=1.35e-06
2026-07-16 17:01:05,064 [INFO] trainer: epoch 487 done train_loss=0.9545 dt=52.9s
2026-07-16 17:01:54,132 [INFO] trainer: epoch 488 step 50/54 loss=0.9537 lr=1.30e-06
2026-07-16 17:01:57,991 [INFO] trainer: epoch 488 done train_loss=0.9441 dt=52.9s
2026-07-16 17:02:47,269 [INFO] trainer: epoch 489 step 50/54 loss=0.9224 lr=1.25e-06
2026-07-16 17:02:51,132 [INFO] trainer: epoch 489 done train_loss=0.9204 dt=53.1s
2026-07-16 17:03:39,989 [INFO] trainer: epoch 490 step 50/54 loss=0.9705 lr=1.21e-06
2026-07-16 17:03:43,847 [INFO] trainer: epoch 490 done train_loss=0.9693 dt=52.7s
2026-07-16 17:04:37,166 [INFO] trainer: epoch 491 step 50/54 loss=0.9774 lr=1.17e-06
2026-07-16 17:04:41,026 [INFO] trainer: epoch 491 done train_loss=0.9768 dt=53.7s
2026-07-16 17:05:30,334 [INFO] trainer: epoch 492 step 50/54 loss=0.9458 lr=1.13e-06
2026-07-16 17:05:34,204 [INFO] trainer: epoch 492 done train_loss=0.9502 dt=53.2s
2026-07-16 17:06:23,184 [INFO] trainer: epoch 493 step 50/54 loss=1.0380 lr=1.10e-06
2026-07-16 17:06:27,043 [INFO] trainer: epoch 493 done train_loss=1.0307 dt=52.8s
2026-07-16 17:07:16,007 [INFO] trainer: epoch 494 step 50/54 loss=1.0016 lr=1.08e-06
2026-07-16 17:07:19,867 [INFO] trainer: epoch 494 done train_loss=0.9996 dt=52.8s
2026-07-16 17:08:08,793 [INFO] trainer: epoch 495 step 50/54 loss=0.9693 lr=1.05e-06
2026-07-16 17:08:12,651 [INFO] trainer: epoch 495 done train_loss=0.9693 dt=52.8s
2026-07-16 17:09:01,627 [INFO] trainer: epoch 496 step 50/54 loss=0.9838 lr=1.03e-06
2026-07-16 17:09:05,485 [INFO] trainer: epoch 496 done train_loss=0.9842 dt=52.8s
2026-07-16 17:09:54,522 [INFO] trainer: epoch 497 step 50/54 loss=0.9771 lr=1.02e-06
2026-07-16 17:09:58,385 [INFO] trainer: epoch 497 done train_loss=0.9697 dt=52.9s
2026-07-16 17:10:47,358 [INFO] trainer: epoch 498 step 50/54 loss=1.0128 lr=1.01e-06
2026-07-16 17:10:51,217 [INFO] trainer: epoch 498 done train_loss=1.0104 dt=52.8s
2026-07-16 17:11:40,434 [INFO] trainer: epoch 499 step 50/54 loss=0.9858 lr=1.00e-06
2026-07-16 17:11:44,296 [INFO] trainer: epoch 499 done train_loss=0.9868 dt=53.1s
2026-07-16 17:12:33,226 [INFO] trainer: epoch 500 step 50/54 loss=0.9778 lr=1.00e-06
2026-07-16 17:12:37,085 [INFO] trainer: epoch 500 done train_loss=0.9849 dt=52.8s
2026-07-16 17:16:10,937 [INFO] trainer: epoch 500 val_mean_dice=0.7972
2026-07-16 17:16:14,164 [INFO] trainer: total time 3134.8 s, best dice 0.7974 (epochs 451-500 / 500)
