2026-07-16 07:21:45,146 [INFO] train: ========================================================================
2026-07-16 07:21:45,147 [INFO] train: model=vista3d config=configs/lowshot/ls_vista3d_frz_pt_f010.yaml
2026-07-16 07:21:45,147 [INFO] train: output=/scratch/lskrlj/runs/ls_vista3d_frz_pt_f010 device=cuda (NVIDIA A100-SXM4-40GB)
2026-07-16 07:21:45,147 [INFO] train: epochs=500 batch_size=2 grad_accum=2 eff_batch=4 lr=0.0002 amp=False
2026-07-16 07:21:45,148 [INFO] train: ========================================================================
2026-07-16 07:21:45,150 [INFO] train: splits: train=1082 val=57 classes=117
2026-07-16 07:21:45,151 [INFO] train: low-shot: train_fraction=0.1000 seed=1234 -> 108/1082 train cases
2026-07-16 07:22:08,914 [INFO] train: disk cache: /scratch/lskrlj/cache/TotalSeg/833d9d046402 (fingerprint=833d9d046402)
2026-07-16 07:26:03,490 [INFO] train: model vista3d, trainable params: 9199832 / 184150952 total (freeze_backbone=True)
2026-07-16 07:26:33,249 [WARNING] trainer: --resume set but no checkpoint found in /scratch/lskrlj/runs/ls_vista3d_frz_pt_f010; starting fresh
2026-07-16 07:26:33,250 [INFO] trainer: start: epochs 1-500/500 device=cuda amp=off train_batches=54 val_batches=57
2026-07-16 07:26:52,495 [INFO] trainer: epoch 1 step 50/54 loss=11.0508 lr=1.85e-05
2026-07-16 07:26:53,690 [INFO] trainer: epoch 1 done train_loss=11.0329 dt=20.4s
2026-07-16 07:27:09,641 [INFO] trainer: epoch 2 step 50/54 loss=10.3436 lr=3.85e-05
2026-07-16 07:27:10,837 [INFO] trainer: epoch 2 done train_loss=10.3058 dt=17.1s
2026-07-16 07:27:26,580 [INFO] trainer: epoch 3 step 50/54 loss=9.3251 lr=5.85e-05
2026-07-16 07:27:27,775 [INFO] trainer: epoch 3 done train_loss=9.2966 dt=16.9s
2026-07-16 07:27:43,683 [INFO] trainer: epoch 4 step 50/54 loss=8.5270 lr=7.85e-05
2026-07-16 07:27:44,878 [INFO] trainer: epoch 4 done train_loss=8.5028 dt=17.1s
2026-07-16 07:28:00,918 [INFO] trainer: epoch 5 step 50/54 loss=7.9342 lr=9.85e-05
2026-07-16 07:28:02,113 [INFO] trainer: epoch 5 done train_loss=7.9107 dt=17.2s
2026-07-16 07:28:17,923 [INFO] trainer: epoch 6 step 50/54 loss=7.4009 lr=1.19e-04
2026-07-16 07:28:19,122 [INFO] trainer: epoch 6 done train_loss=7.3725 dt=17.0s
2026-07-16 07:28:35,083 [INFO] trainer: epoch 7 step 50/54 loss=6.9187 lr=1.39e-04
2026-07-16 07:28:36,279 [INFO] trainer: epoch 7 done train_loss=6.9037 dt=17.2s
2026-07-16 07:28:52,371 [INFO] trainer: epoch 8 step 50/54 loss=6.4740 lr=1.59e-04
2026-07-16 07:28:53,566 [INFO] trainer: epoch 8 done train_loss=6.4355 dt=17.3s
2026-07-16 07:29:09,346 [INFO] trainer: epoch 9 step 50/54 loss=5.9604 lr=1.79e-04
2026-07-16 07:29:10,542 [INFO] trainer: epoch 9 done train_loss=5.9456 dt=17.0s
2026-07-16 07:29:26,578 [INFO] trainer: epoch 10 step 50/54 loss=5.5323 lr=1.99e-04
2026-07-16 07:29:27,774 [INFO] trainer: epoch 10 done train_loss=5.5232 dt=17.2s
2026-07-16 07:29:44,536 [INFO] trainer: epoch 11 step 50/54 loss=5.1161 lr=2.00e-04
2026-07-16 07:29:45,731 [INFO] trainer: epoch 11 done train_loss=5.1160 dt=16.9s
2026-07-16 07:30:01,603 [INFO] trainer: epoch 12 step 50/54 loss=4.7827 lr=2.00e-04
2026-07-16 07:30:02,799 [INFO] trainer: epoch 12 done train_loss=4.7675 dt=17.1s
2026-07-16 07:30:18,856 [INFO] trainer: epoch 13 step 50/54 loss=4.5002 lr=2.00e-04
2026-07-16 07:30:20,055 [INFO] trainer: epoch 13 done train_loss=4.4929 dt=17.3s
2026-07-16 07:30:36,077 [INFO] trainer: epoch 14 step 50/54 loss=4.2923 lr=2.00e-04
2026-07-16 07:30:37,273 [INFO] trainer: epoch 14 done train_loss=4.2732 dt=17.2s
2026-07-16 07:30:53,206 [INFO] trainer: epoch 15 step 50/54 loss=4.0744 lr=2.00e-04
2026-07-16 07:30:54,402 [INFO] trainer: epoch 15 done train_loss=4.0630 dt=17.1s
2026-07-16 07:31:10,273 [INFO] trainer: epoch 16 step 50/54 loss=3.8720 lr=2.00e-04
2026-07-16 07:31:11,470 [INFO] trainer: epoch 16 done train_loss=3.8742 dt=17.1s
2026-07-16 07:31:27,482 [INFO] trainer: epoch 17 step 50/54 loss=3.7126 lr=2.00e-04
2026-07-16 07:31:28,677 [INFO] trainer: epoch 17 done train_loss=3.7080 dt=17.2s
2026-07-16 07:31:44,691 [INFO] trainer: epoch 18 step 50/54 loss=3.5594 lr=2.00e-04
2026-07-16 07:31:45,888 [INFO] trainer: epoch 18 done train_loss=3.5560 dt=17.2s
2026-07-16 07:32:01,845 [INFO] trainer: epoch 19 step 50/54 loss=3.4158 lr=2.00e-04
2026-07-16 07:32:03,041 [INFO] trainer: epoch 19 done train_loss=3.4098 dt=17.2s
2026-07-16 07:32:19,090 [INFO] trainer: epoch 20 step 50/54 loss=3.2968 lr=2.00e-04
2026-07-16 07:32:20,287 [INFO] trainer: epoch 20 done train_loss=3.2976 dt=17.2s
2026-07-16 07:32:37,637 [INFO] trainer: epoch 21 step 50/54 loss=3.1934 lr=2.00e-04
2026-07-16 07:32:38,832 [INFO] trainer: epoch 21 done train_loss=3.1818 dt=17.3s
2026-07-16 07:32:54,695 [INFO] trainer: epoch 22 step 50/54 loss=3.0641 lr=2.00e-04
2026-07-16 07:32:55,890 [INFO] trainer: epoch 22 done train_loss=3.0579 dt=17.1s
2026-07-16 07:33:11,952 [INFO] trainer: epoch 23 step 50/54 loss=2.9277 lr=2.00e-04
2026-07-16 07:33:13,147 [INFO] trainer: epoch 23 done train_loss=2.9161 dt=17.3s
2026-07-16 07:33:29,273 [INFO] trainer: epoch 24 step 50/54 loss=2.8634 lr=2.00e-04
2026-07-16 07:33:30,467 [INFO] trainer: epoch 24 done train_loss=2.8708 dt=17.3s
2026-07-16 07:33:46,389 [INFO] trainer: epoch 25 step 50/54 loss=2.7862 lr=2.00e-04
2026-07-16 07:33:47,586 [INFO] trainer: epoch 25 done train_loss=2.7860 dt=17.1s
2026-07-16 07:34:52,025 [INFO] trainer: epoch 25 val_mean_dice=0.0326
2026-07-16 07:35:08,824 [INFO] trainer: epoch 26 step 50/54 loss=2.7045 lr=1.99e-04
2026-07-16 07:35:10,020 [INFO] trainer: epoch 26 done train_loss=2.6934 dt=17.0s
2026-07-16 07:35:25,892 [INFO] trainer: epoch 27 step 50/54 loss=2.6814 lr=1.99e-04
2026-07-16 07:35:27,089 [INFO] trainer: epoch 27 done train_loss=2.6778 dt=17.1s
2026-07-16 07:35:43,062 [INFO] trainer: epoch 28 step 50/54 loss=2.6286 lr=1.99e-04
2026-07-16 07:35:44,258 [INFO] trainer: epoch 28 done train_loss=2.6221 dt=17.2s
2026-07-16 07:35:59,984 [INFO] trainer: epoch 29 step 50/54 loss=2.5770 lr=1.99e-04
2026-07-16 07:36:01,181 [INFO] trainer: epoch 29 done train_loss=2.5656 dt=16.9s
2026-07-16 07:36:17,080 [INFO] trainer: epoch 30 step 50/54 loss=2.5098 lr=1.99e-04
2026-07-16 07:36:18,275 [INFO] trainer: epoch 30 done train_loss=2.5071 dt=17.1s
2026-07-16 07:36:35,466 [INFO] trainer: epoch 31 step 50/54 loss=2.4594 lr=1.99e-04
2026-07-16 07:36:36,662 [INFO] trainer: epoch 31 done train_loss=2.4623 dt=17.2s
2026-07-16 07:36:52,560 [INFO] trainer: epoch 32 step 50/54 loss=2.4410 lr=1.99e-04
2026-07-16 07:36:53,754 [INFO] trainer: epoch 32 done train_loss=2.4383 dt=17.1s
2026-07-16 07:37:09,777 [INFO] trainer: epoch 33 step 50/54 loss=2.4328 lr=1.99e-04
2026-07-16 07:37:10,973 [INFO] trainer: epoch 33 done train_loss=2.4355 dt=17.2s
2026-07-16 07:37:26,956 [INFO] trainer: epoch 34 step 50/54 loss=2.3661 lr=1.99e-04
2026-07-16 07:37:28,155 [INFO] trainer: epoch 34 done train_loss=2.3667 dt=17.2s
2026-07-16 07:37:44,213 [INFO] trainer: epoch 35 step 50/54 loss=2.3371 lr=1.99e-04
2026-07-16 07:37:45,411 [INFO] trainer: epoch 35 done train_loss=2.3325 dt=17.3s
2026-07-16 07:38:01,266 [INFO] trainer: epoch 36 step 50/54 loss=2.3040 lr=1.99e-04
2026-07-16 07:38:02,463 [INFO] trainer: epoch 36 done train_loss=2.3010 dt=17.1s
2026-07-16 07:38:18,340 [INFO] trainer: epoch 37 step 50/54 loss=2.2593 lr=1.99e-04
2026-07-16 07:38:19,536 [INFO] trainer: epoch 37 done train_loss=2.2568 dt=17.1s
2026-07-16 07:38:35,509 [INFO] trainer: epoch 38 step 50/54 loss=2.2469 lr=1.98e-04
2026-07-16 07:38:36,706 [INFO] trainer: epoch 38 done train_loss=2.2455 dt=17.2s
2026-07-16 07:38:52,623 [INFO] trainer: epoch 39 step 50/54 loss=2.2071 lr=1.98e-04
2026-07-16 07:38:53,818 [INFO] trainer: epoch 39 done train_loss=2.1982 dt=17.1s
2026-07-16 07:39:09,770 [INFO] trainer: epoch 40 step 50/54 loss=2.1781 lr=1.98e-04
2026-07-16 07:39:10,966 [INFO] trainer: epoch 40 done train_loss=2.1773 dt=17.1s
2026-07-16 07:39:28,332 [INFO] trainer: epoch 41 step 50/54 loss=2.1364 lr=1.98e-04
2026-07-16 07:39:29,531 [INFO] trainer: epoch 41 done train_loss=2.1435 dt=17.1s
2026-07-16 07:39:45,571 [INFO] trainer: epoch 42 step 50/54 loss=2.1196 lr=1.98e-04
2026-07-16 07:39:46,769 [INFO] trainer: epoch 42 done train_loss=2.1205 dt=17.2s
2026-07-16 07:40:02,678 [INFO] trainer: epoch 43 step 50/54 loss=2.0863 lr=1.98e-04
2026-07-16 07:40:03,877 [INFO] trainer: epoch 43 done train_loss=2.0837 dt=17.1s
2026-07-16 07:40:19,560 [INFO] trainer: epoch 44 step 50/54 loss=2.0407 lr=1.98e-04
2026-07-16 07:40:20,757 [INFO] trainer: epoch 44 done train_loss=2.0363 dt=16.9s
2026-07-16 07:40:36,809 [INFO] trainer: epoch 45 step 50/54 loss=2.0409 lr=1.98e-04
2026-07-16 07:40:38,006 [INFO] trainer: epoch 45 done train_loss=2.0368 dt=17.2s
2026-07-16 07:40:53,709 [INFO] trainer: epoch 46 step 50/54 loss=1.9926 lr=1.97e-04
2026-07-16 07:40:54,910 [INFO] trainer: epoch 46 done train_loss=1.9937 dt=16.9s
2026-07-16 07:41:10,643 [INFO] trainer: epoch 47 step 50/54 loss=1.9813 lr=1.97e-04
2026-07-16 07:41:11,841 [INFO] trainer: epoch 47 done train_loss=1.9832 dt=16.9s
2026-07-16 07:41:27,553 [INFO] trainer: epoch 48 step 50/54 loss=1.9508 lr=1.97e-04
2026-07-16 07:41:28,752 [INFO] trainer: epoch 48 done train_loss=1.9436 dt=16.9s
2026-07-16 07:41:44,505 [INFO] trainer: epoch 49 step 50/54 loss=1.9026 lr=1.97e-04
2026-07-16 07:41:45,706 [INFO] trainer: epoch 49 done train_loss=1.9025 dt=17.0s
2026-07-16 07:42:01,309 [INFO] trainer: epoch 50 step 50/54 loss=1.9003 lr=1.97e-04
2026-07-16 07:42:02,511 [INFO] trainer: epoch 50 done train_loss=1.9049 dt=16.8s
2026-07-16 07:43:03,581 [INFO] trainer: epoch 50 val_mean_dice=0.3720
2026-07-16 07:43:21,912 [INFO] trainer: epoch 51 step 50/54 loss=1.9113 lr=1.97e-04
2026-07-16 07:43:23,108 [INFO] trainer: epoch 51 done train_loss=1.9042 dt=17.3s
2026-07-16 07:43:39,217 [INFO] trainer: epoch 52 step 50/54 loss=1.8622 lr=1.96e-04
2026-07-16 07:43:40,414 [INFO] trainer: epoch 52 done train_loss=1.8605 dt=17.3s
2026-07-16 07:43:56,541 [INFO] trainer: epoch 53 step 50/54 loss=1.8203 lr=1.96e-04
2026-07-16 07:43:57,737 [INFO] trainer: epoch 53 done train_loss=1.8296 dt=17.3s
2026-07-16 07:44:13,739 [INFO] trainer: epoch 54 step 50/54 loss=1.8375 lr=1.96e-04
2026-07-16 07:44:14,936 [INFO] trainer: epoch 54 done train_loss=1.8287 dt=17.2s
2026-07-16 07:44:31,082 [INFO] trainer: epoch 55 step 50/54 loss=1.7976 lr=1.96e-04
2026-07-16 07:44:32,277 [INFO] trainer: epoch 55 done train_loss=1.7999 dt=17.3s
2026-07-16 07:44:48,132 [INFO] trainer: epoch 56 step 50/54 loss=1.7844 lr=1.96e-04
2026-07-16 07:44:49,328 [INFO] trainer: epoch 56 done train_loss=1.7823 dt=17.1s
2026-07-16 07:45:05,285 [INFO] trainer: epoch 57 step 50/54 loss=1.7506 lr=1.96e-04
2026-07-16 07:45:06,482 [INFO] trainer: epoch 57 done train_loss=1.7598 dt=17.2s
2026-07-16 07:45:22,364 [INFO] trainer: epoch 58 step 50/54 loss=1.7630 lr=1.95e-04
2026-07-16 07:45:23,560 [INFO] trainer: epoch 58 done train_loss=1.7562 dt=17.1s
2026-07-16 07:45:39,436 [INFO] trainer: epoch 59 step 50/54 loss=1.7371 lr=1.95e-04
2026-07-16 07:45:40,632 [INFO] trainer: epoch 59 done train_loss=1.7391 dt=17.1s
2026-07-16 07:45:56,639 [INFO] trainer: epoch 60 step 50/54 loss=1.7258 lr=1.95e-04
2026-07-16 07:45:57,836 [INFO] trainer: epoch 60 done train_loss=1.7186 dt=17.2s
2026-07-16 07:46:15,112 [INFO] trainer: epoch 61 step 50/54 loss=1.7203 lr=1.95e-04
2026-07-16 07:46:16,307 [INFO] trainer: epoch 61 done train_loss=1.7119 dt=17.2s
2026-07-16 07:46:32,306 [INFO] trainer: epoch 62 step 50/54 loss=1.6790 lr=1.95e-04
2026-07-16 07:46:33,503 [INFO] trainer: epoch 62 done train_loss=1.6832 dt=17.2s
2026-07-16 07:46:49,416 [INFO] trainer: epoch 63 step 50/54 loss=1.6402 lr=1.94e-04
2026-07-16 07:46:50,615 [INFO] trainer: epoch 63 done train_loss=1.6486 dt=17.1s
2026-07-16 07:47:06,791 [INFO] trainer: epoch 64 step 50/54 loss=1.6364 lr=1.94e-04
2026-07-16 07:47:07,988 [INFO] trainer: epoch 64 done train_loss=1.6388 dt=17.4s
2026-07-16 07:47:23,900 [INFO] trainer: epoch 65 step 50/54 loss=1.6071 lr=1.94e-04
2026-07-16 07:47:25,096 [INFO] trainer: epoch 65 done train_loss=1.6021 dt=17.1s
2026-07-16 07:47:41,037 [INFO] trainer: epoch 66 step 50/54 loss=1.6327 lr=1.94e-04
2026-07-16 07:47:42,233 [INFO] trainer: epoch 66 done train_loss=1.6311 dt=17.1s
2026-07-16 07:47:58,258 [INFO] trainer: epoch 67 step 50/54 loss=1.5862 lr=1.93e-04
2026-07-16 07:47:59,455 [INFO] trainer: epoch 67 done train_loss=1.5936 dt=17.2s
2026-07-16 07:48:15,274 [INFO] trainer: epoch 68 step 50/54 loss=1.5944 lr=1.93e-04
2026-07-16 07:48:16,471 [INFO] trainer: epoch 68 done train_loss=1.5939 dt=17.0s
2026-07-16 07:48:32,438 [INFO] trainer: epoch 69 step 50/54 loss=1.5800 lr=1.93e-04
2026-07-16 07:48:33,634 [INFO] trainer: epoch 69 done train_loss=1.5803 dt=17.2s
2026-07-16 07:48:49,497 [INFO] trainer: epoch 70 step 50/54 loss=1.5618 lr=1.93e-04
2026-07-16 07:48:50,693 [INFO] trainer: epoch 70 done train_loss=1.5605 dt=17.1s
2026-07-16 07:49:07,769 [INFO] trainer: epoch 71 step 50/54 loss=1.5633 lr=1.93e-04
2026-07-16 07:49:08,965 [INFO] trainer: epoch 71 done train_loss=1.5791 dt=17.1s
2026-07-16 07:49:24,891 [INFO] trainer: epoch 72 step 50/54 loss=1.5581 lr=1.92e-04
2026-07-16 07:49:26,087 [INFO] trainer: epoch 72 done train_loss=1.5483 dt=17.1s
2026-07-16 07:49:42,004 [INFO] trainer: epoch 73 step 50/54 loss=1.5147 lr=1.92e-04
2026-07-16 07:49:43,201 [INFO] trainer: epoch 73 done train_loss=1.5206 dt=17.1s
2026-07-16 07:49:59,085 [INFO] trainer: epoch 74 step 50/54 loss=1.5022 lr=1.92e-04
2026-07-16 07:50:00,281 [INFO] trainer: epoch 74 done train_loss=1.5013 dt=17.1s
2026-07-16 07:50:16,168 [INFO] trainer: epoch 75 step 50/54 loss=1.5218 lr=1.92e-04
2026-07-16 07:50:17,367 [INFO] trainer: epoch 75 done train_loss=1.5168 dt=17.1s
2026-07-16 07:51:18,538 [INFO] trainer: epoch 75 val_mean_dice=0.6399
2026-07-16 07:51:35,764 [INFO] trainer: epoch 76 step 50/54 loss=1.5175 lr=1.91e-04
2026-07-16 07:51:36,959 [INFO] trainer: epoch 76 done train_loss=1.5155 dt=17.2s
2026-07-16 07:51:52,738 [INFO] trainer: epoch 77 step 50/54 loss=1.4844 lr=1.91e-04
2026-07-16 07:51:53,933 [INFO] trainer: epoch 77 done train_loss=1.4785 dt=17.0s
2026-07-16 07:52:09,722 [INFO] trainer: epoch 78 step 50/54 loss=1.4482 lr=1.91e-04
2026-07-16 07:52:10,916 [INFO] trainer: epoch 78 done train_loss=1.4535 dt=17.0s
2026-07-16 07:52:26,912 [INFO] trainer: epoch 79 step 50/54 loss=1.4485 lr=1.90e-04
2026-07-16 07:52:28,107 [INFO] trainer: epoch 79 done train_loss=1.4433 dt=17.2s
2026-07-16 07:52:44,278 [INFO] trainer: epoch 80 step 50/54 loss=1.4309 lr=1.90e-04
2026-07-16 07:52:45,474 [INFO] trainer: epoch 80 done train_loss=1.4269 dt=17.4s
2026-07-16 07:53:02,550 [INFO] trainer: epoch 81 step 50/54 loss=1.4093 lr=1.90e-04
2026-07-16 07:53:03,746 [INFO] trainer: epoch 81 done train_loss=1.4156 dt=17.1s
2026-07-16 07:53:19,755 [INFO] trainer: epoch 82 step 50/54 loss=1.4119 lr=1.90e-04
2026-07-16 07:53:20,950 [INFO] trainer: epoch 82 done train_loss=1.4194 dt=17.2s
2026-07-16 07:53:36,852 [INFO] trainer: epoch 83 step 50/54 loss=1.4312 lr=1.89e-04
2026-07-16 07:53:38,051 [INFO] trainer: epoch 83 done train_loss=1.4312 dt=17.1s
2026-07-16 07:53:54,023 [INFO] trainer: epoch 84 step 50/54 loss=1.4053 lr=1.89e-04
2026-07-16 07:53:55,219 [INFO] trainer: epoch 84 done train_loss=1.4163 dt=17.2s
2026-07-16 07:54:11,192 [INFO] trainer: epoch 85 step 50/54 loss=1.4112 lr=1.89e-04
2026-07-16 07:54:12,390 [INFO] trainer: epoch 85 done train_loss=1.4104 dt=17.2s
2026-07-16 07:54:28,180 [INFO] trainer: epoch 86 step 50/54 loss=1.3788 lr=1.88e-04
2026-07-16 07:54:29,376 [INFO] trainer: epoch 86 done train_loss=1.3798 dt=17.0s
2026-07-16 07:54:45,250 [INFO] trainer: epoch 87 step 50/54 loss=1.3967 lr=1.88e-04
2026-07-16 07:54:46,449 [INFO] trainer: epoch 87 done train_loss=1.4068 dt=17.1s
2026-07-16 07:55:02,416 [INFO] trainer: epoch 88 step 50/54 loss=1.3821 lr=1.88e-04
2026-07-16 07:55:03,614 [INFO] trainer: epoch 88 done train_loss=1.3847 dt=17.2s
2026-07-16 07:55:19,537 [INFO] trainer: epoch 89 step 50/54 loss=1.3886 lr=1.88e-04
2026-07-16 07:55:20,736 [INFO] trainer: epoch 89 done train_loss=1.3766 dt=17.1s
2026-07-16 07:55:36,661 [INFO] trainer: epoch 90 step 50/54 loss=1.3518 lr=1.87e-04
2026-07-16 07:55:37,858 [INFO] trainer: epoch 90 done train_loss=1.3631 dt=17.1s
2026-07-16 07:55:54,840 [INFO] trainer: epoch 91 step 50/54 loss=1.3719 lr=1.87e-04
2026-07-16 07:55:56,036 [INFO] trainer: epoch 91 done train_loss=1.3769 dt=17.0s
2026-07-16 07:56:11,975 [INFO] trainer: epoch 92 step 50/54 loss=1.3672 lr=1.87e-04
2026-07-16 07:56:13,172 [INFO] trainer: epoch 92 done train_loss=1.3733 dt=17.1s
2026-07-16 07:56:28,974 [INFO] trainer: epoch 93 step 50/54 loss=1.4010 lr=1.86e-04
2026-07-16 07:56:30,172 [INFO] trainer: epoch 93 done train_loss=1.3839 dt=17.0s
2026-07-16 07:56:46,132 [INFO] trainer: epoch 94 step 50/54 loss=1.3166 lr=1.86e-04
2026-07-16 07:56:47,329 [INFO] trainer: epoch 94 done train_loss=1.3309 dt=17.2s
2026-07-16 07:57:03,501 [INFO] trainer: epoch 95 step 50/54 loss=1.3680 lr=1.86e-04
2026-07-16 07:57:04,697 [INFO] trainer: epoch 95 done train_loss=1.3702 dt=17.4s
2026-07-16 07:57:20,646 [INFO] trainer: epoch 96 step 50/54 loss=1.3333 lr=1.85e-04
2026-07-16 07:57:21,843 [INFO] trainer: epoch 96 done train_loss=1.3486 dt=17.1s
2026-07-16 07:57:37,647 [INFO] trainer: epoch 97 step 50/54 loss=1.3267 lr=1.85e-04
2026-07-16 07:57:38,843 [INFO] trainer: epoch 97 done train_loss=1.3223 dt=17.0s
2026-07-16 07:57:54,884 [INFO] trainer: epoch 98 step 50/54 loss=1.3176 lr=1.85e-04
2026-07-16 07:57:56,082 [INFO] trainer: epoch 98 done train_loss=1.3189 dt=17.2s
2026-07-16 07:58:11,942 [INFO] trainer: epoch 99 step 50/54 loss=1.3316 lr=1.84e-04
2026-07-16 07:58:13,140 [INFO] trainer: epoch 99 done train_loss=1.3367 dt=17.1s
2026-07-16 07:58:28,888 [INFO] trainer: epoch 100 step 50/54 loss=1.2916 lr=1.84e-04
2026-07-16 07:58:30,085 [INFO] trainer: epoch 100 done train_loss=1.3021 dt=16.9s
2026-07-16 07:59:31,183 [INFO] trainer: epoch 100 val_mean_dice=0.7304
2026-07-16 07:59:49,371 [INFO] trainer: epoch 101 step 50/54 loss=1.3317 lr=1.84e-04
2026-07-16 07:59:50,569 [INFO] trainer: epoch 101 done train_loss=1.3317 dt=17.1s
2026-07-16 08:00:06,489 [INFO] trainer: epoch 102 step 50/54 loss=1.3310 lr=1.83e-04
2026-07-16 08:00:07,684 [INFO] trainer: epoch 102 done train_loss=1.3190 dt=17.1s
2026-07-16 08:00:23,607 [INFO] trainer: epoch 103 step 50/54 loss=1.3227 lr=1.83e-04
2026-07-16 08:00:24,803 [INFO] trainer: epoch 103 done train_loss=1.3172 dt=17.1s
2026-07-16 08:00:40,655 [INFO] trainer: epoch 104 step 50/54 loss=1.3254 lr=1.82e-04
2026-07-16 08:00:41,851 [INFO] trainer: epoch 104 done train_loss=1.3251 dt=17.0s
2026-07-16 08:00:58,105 [INFO] trainer: epoch 105 step 50/54 loss=1.2792 lr=1.82e-04
2026-07-16 08:00:59,302 [INFO] trainer: epoch 105 done train_loss=1.2795 dt=17.5s
2026-07-16 08:01:15,245 [INFO] trainer: epoch 106 step 50/54 loss=1.2900 lr=1.82e-04
2026-07-16 08:01:16,441 [INFO] trainer: epoch 106 done train_loss=1.2926 dt=17.1s
2026-07-16 08:01:32,438 [INFO] trainer: epoch 107 step 50/54 loss=1.2773 lr=1.81e-04
2026-07-16 08:01:33,634 [INFO] trainer: epoch 107 done train_loss=1.2732 dt=17.2s
2026-07-16 08:01:49,573 [INFO] trainer: epoch 108 step 50/54 loss=1.3070 lr=1.81e-04
2026-07-16 08:01:50,770 [INFO] trainer: epoch 108 done train_loss=1.3167 dt=17.1s
2026-07-16 08:02:06,810 [INFO] trainer: epoch 109 step 50/54 loss=1.2735 lr=1.81e-04
2026-07-16 08:02:08,007 [INFO] trainer: epoch 109 done train_loss=1.2783 dt=17.2s
2026-07-16 08:02:24,177 [INFO] trainer: epoch 110 step 50/54 loss=1.2856 lr=1.80e-04
2026-07-16 08:02:25,374 [INFO] trainer: epoch 110 done train_loss=1.2969 dt=17.4s
2026-07-16 08:02:42,982 [INFO] trainer: epoch 111 step 50/54 loss=1.2805 lr=1.80e-04
2026-07-16 08:02:44,178 [INFO] trainer: epoch 111 done train_loss=1.2956 dt=17.5s
2026-07-16 08:03:00,319 [INFO] trainer: epoch 112 step 50/54 loss=1.3231 lr=1.79e-04
2026-07-16 08:03:27,697 [INFO] trainer: epoch 112 done train_loss=1.3016 dt=43.5s
2026-07-16 08:03:43,764 [INFO] trainer: epoch 113 step 50/54 loss=1.2797 lr=1.79e-04
2026-07-16 08:03:44,962 [INFO] trainer: epoch 113 done train_loss=1.2665 dt=17.3s
2026-07-16 08:04:01,108 [INFO] trainer: epoch 114 step 50/54 loss=1.2771 lr=1.79e-04
2026-07-16 08:04:02,305 [INFO] trainer: epoch 114 done train_loss=1.2731 dt=17.3s
2026-07-16 08:04:18,251 [INFO] trainer: epoch 115 step 50/54 loss=1.2572 lr=1.78e-04
2026-07-16 08:04:19,448 [INFO] trainer: epoch 115 done train_loss=1.2524 dt=17.1s
2026-07-16 08:04:35,672 [INFO] trainer: epoch 116 step 50/54 loss=1.2878 lr=1.78e-04
2026-07-16 08:04:36,868 [INFO] trainer: epoch 116 done train_loss=1.2842 dt=17.4s
2026-07-16 08:04:52,908 [INFO] trainer: epoch 117 step 50/54 loss=1.1975 lr=1.78e-04
2026-07-16 08:04:54,106 [INFO] trainer: epoch 117 done train_loss=1.2247 dt=17.2s
2026-07-16 08:05:09,965 [INFO] trainer: epoch 118 step 50/54 loss=1.2142 lr=1.77e-04
2026-07-16 08:05:11,163 [INFO] trainer: epoch 118 done train_loss=1.2046 dt=17.1s
2026-07-16 08:05:27,175 [INFO] trainer: epoch 119 step 50/54 loss=1.2979 lr=1.77e-04
2026-07-16 08:05:28,373 [INFO] trainer: epoch 119 done train_loss=1.2858 dt=17.2s
2026-07-16 08:05:44,460 [INFO] trainer: epoch 120 step 50/54 loss=1.2581 lr=1.76e-04
2026-07-16 08:05:45,657 [INFO] trainer: epoch 120 done train_loss=1.2641 dt=17.3s
2026-07-16 08:06:02,856 [INFO] trainer: epoch 121 step 50/54 loss=1.2742 lr=1.76e-04
2026-07-16 08:06:04,052 [INFO] trainer: epoch 121 done train_loss=1.2728 dt=17.2s
2026-07-16 08:06:19,923 [INFO] trainer: epoch 122 step 50/54 loss=1.2548 lr=1.75e-04
2026-07-16 08:06:21,119 [INFO] trainer: epoch 122 done train_loss=1.2566 dt=17.1s
2026-07-16 08:06:37,171 [INFO] trainer: epoch 123 step 50/54 loss=1.2365 lr=1.75e-04
2026-07-16 08:06:38,370 [INFO] trainer: epoch 123 done train_loss=1.2357 dt=17.3s
2026-07-16 08:06:54,324 [INFO] trainer: epoch 124 step 50/54 loss=1.2561 lr=1.75e-04
2026-07-16 08:06:55,520 [INFO] trainer: epoch 124 done train_loss=1.2498 dt=17.1s
2026-07-16 08:07:11,371 [INFO] trainer: epoch 125 step 50/54 loss=1.2578 lr=1.74e-04
2026-07-16 08:07:12,567 [INFO] trainer: epoch 125 done train_loss=1.2472 dt=17.0s
2026-07-16 08:08:13,721 [INFO] trainer: epoch 125 val_mean_dice=0.7664
2026-07-16 08:08:31,086 [INFO] trainer: epoch 126 step 50/54 loss=1.2474 lr=1.74e-04
2026-07-16 08:08:32,282 [INFO] trainer: epoch 126 done train_loss=1.2504 dt=17.1s
2026-07-16 08:08:48,273 [INFO] trainer: epoch 127 step 50/54 loss=1.3046 lr=1.73e-04
2026-07-16 08:08:49,476 [INFO] trainer: epoch 127 done train_loss=1.2976 dt=17.2s
2026-07-16 08:09:05,470 [INFO] trainer: epoch 128 step 50/54 loss=1.2405 lr=1.73e-04
2026-07-16 08:09:06,665 [INFO] trainer: epoch 128 done train_loss=1.2454 dt=17.2s
2026-07-16 08:09:22,758 [INFO] trainer: epoch 129 step 50/54 loss=1.1799 lr=1.72e-04
2026-07-16 08:09:23,954 [INFO] trainer: epoch 129 done train_loss=1.1875 dt=17.3s
2026-07-16 08:09:39,894 [INFO] trainer: epoch 130 step 50/54 loss=1.2624 lr=1.72e-04
2026-07-16 08:09:41,092 [INFO] trainer: epoch 130 done train_loss=1.2495 dt=17.1s
2026-07-16 08:09:58,310 [INFO] trainer: epoch 131 step 50/54 loss=1.1982 lr=1.72e-04
2026-07-16 08:09:59,505 [INFO] trainer: epoch 131 done train_loss=1.2005 dt=17.2s
2026-07-16 08:10:15,490 [INFO] trainer: epoch 132 step 50/54 loss=1.2615 lr=1.71e-04
2026-07-16 08:10:16,688 [INFO] trainer: epoch 132 done train_loss=1.2660 dt=17.2s
2026-07-16 08:10:32,729 [INFO] trainer: epoch 133 step 50/54 loss=1.2379 lr=1.71e-04
2026-07-16 08:10:33,926 [INFO] trainer: epoch 133 done train_loss=1.2418 dt=17.2s
2026-07-16 08:10:50,118 [INFO] trainer: epoch 134 step 50/54 loss=1.2672 lr=1.70e-04
2026-07-16 08:10:51,315 [INFO] trainer: epoch 134 done train_loss=1.2593 dt=17.4s
2026-07-16 08:11:07,363 [INFO] trainer: epoch 135 step 50/54 loss=1.1948 lr=1.70e-04
2026-07-16 08:11:08,559 [INFO] trainer: epoch 135 done train_loss=1.2090 dt=17.2s
2026-07-16 08:11:24,530 [INFO] trainer: epoch 136 step 50/54 loss=1.2681 lr=1.69e-04
2026-07-16 08:11:25,728 [INFO] trainer: epoch 136 done train_loss=1.2448 dt=17.2s
2026-07-16 08:11:41,753 [INFO] trainer: epoch 137 step 50/54 loss=1.2186 lr=1.69e-04
2026-07-16 08:11:42,951 [INFO] trainer: epoch 137 done train_loss=1.2190 dt=17.2s
2026-07-16 08:11:59,020 [INFO] trainer: epoch 138 step 50/54 loss=1.2500 lr=1.68e-04
2026-07-16 08:12:00,219 [INFO] trainer: epoch 138 done train_loss=1.2505 dt=17.3s
2026-07-16 08:12:16,253 [INFO] trainer: epoch 139 step 50/54 loss=1.2311 lr=1.68e-04
2026-07-16 08:12:17,451 [INFO] trainer: epoch 139 done train_loss=1.2276 dt=17.2s
2026-07-16 08:12:33,397 [INFO] trainer: epoch 140 step 50/54 loss=1.2327 lr=1.67e-04
2026-07-16 08:12:34,594 [INFO] trainer: epoch 140 done train_loss=1.2334 dt=17.1s
2026-07-16 08:12:51,957 [INFO] trainer: epoch 141 step 50/54 loss=1.2052 lr=1.67e-04
2026-07-16 08:12:53,153 [INFO] trainer: epoch 141 done train_loss=1.2127 dt=17.4s
2026-07-16 08:13:09,276 [INFO] trainer: epoch 142 step 50/54 loss=1.2266 lr=1.66e-04
2026-07-16 08:13:10,478 [INFO] trainer: epoch 142 done train_loss=1.2427 dt=17.3s
2026-07-16 08:13:26,562 [INFO] trainer: epoch 143 step 50/54 loss=1.2418 lr=1.66e-04
2026-07-16 08:13:27,760 [INFO] trainer: epoch 143 done train_loss=1.2279 dt=17.3s
2026-07-16 08:13:43,872 [INFO] trainer: epoch 144 step 50/54 loss=1.2211 lr=1.66e-04
2026-07-16 08:13:45,070 [INFO] trainer: epoch 144 done train_loss=1.2276 dt=17.3s
2026-07-16 08:14:01,117 [INFO] trainer: epoch 145 step 50/54 loss=1.2262 lr=1.65e-04
2026-07-16 08:14:02,315 [INFO] trainer: epoch 145 done train_loss=1.2254 dt=17.2s
2026-07-16 08:14:18,245 [INFO] trainer: epoch 146 step 50/54 loss=1.2335 lr=1.65e-04
2026-07-16 08:14:19,443 [INFO] trainer: epoch 146 done train_loss=1.2362 dt=17.1s
2026-07-16 08:14:35,569 [INFO] trainer: epoch 147 step 50/54 loss=1.1494 lr=1.64e-04
2026-07-16 08:14:36,768 [INFO] trainer: epoch 147 done train_loss=1.1481 dt=17.3s
2026-07-16 08:14:52,772 [INFO] trainer: epoch 148 step 50/54 loss=1.2045 lr=1.64e-04
2026-07-16 08:14:53,968 [INFO] trainer: epoch 148 done train_loss=1.2204 dt=17.2s
2026-07-16 08:15:10,035 [INFO] trainer: epoch 149 step 50/54 loss=1.1894 lr=1.63e-04
2026-07-16 08:15:11,232 [INFO] trainer: epoch 149 done train_loss=1.1940 dt=17.3s
2026-07-16 08:15:27,147 [INFO] trainer: epoch 150 step 50/54 loss=1.1994 lr=1.63e-04
2026-07-16 08:15:28,345 [INFO] trainer: epoch 150 done train_loss=1.2071 dt=17.1s
2026-07-16 08:16:29,642 [INFO] trainer: epoch 150 val_mean_dice=0.7655
2026-07-16 08:16:46,921 [INFO] trainer: epoch 151 step 50/54 loss=1.2031 lr=1.62e-04
2026-07-16 08:16:48,116 [INFO] trainer: epoch 151 done train_loss=1.1996 dt=17.3s
2026-07-16 08:17:04,280 [INFO] trainer: epoch 152 step 50/54 loss=1.2173 lr=1.62e-04
2026-07-16 08:17:05,476 [INFO] trainer: epoch 152 done train_loss=1.2050 dt=17.4s
2026-07-16 08:17:21,350 [INFO] trainer: epoch 153 step 50/54 loss=1.1807 lr=1.61e-04
2026-07-16 08:17:22,547 [INFO] trainer: epoch 153 done train_loss=1.1786 dt=17.1s
2026-07-16 08:17:38,741 [INFO] trainer: epoch 154 step 50/54 loss=1.1991 lr=1.61e-04
2026-07-16 08:17:39,936 [INFO] trainer: epoch 154 done train_loss=1.1932 dt=17.4s
2026-07-16 08:17:55,954 [INFO] trainer: epoch 155 step 50/54 loss=1.1592 lr=1.60e-04
2026-07-16 08:17:57,152 [INFO] trainer: epoch 155 done train_loss=1.1611 dt=17.2s
2026-07-16 08:18:12,980 [INFO] trainer: epoch 156 step 50/54 loss=1.2103 lr=1.60e-04
2026-07-16 08:18:14,179 [INFO] trainer: epoch 156 done train_loss=1.2151 dt=17.0s
2026-07-16 08:18:30,093 [INFO] trainer: epoch 157 step 50/54 loss=1.2455 lr=1.59e-04
2026-07-16 08:18:31,291 [INFO] trainer: epoch 157 done train_loss=1.2324 dt=17.1s
2026-07-16 08:18:47,413 [INFO] trainer: epoch 158 step 50/54 loss=1.1571 lr=1.59e-04
2026-07-16 08:18:48,610 [INFO] trainer: epoch 158 done train_loss=1.1628 dt=17.3s
2026-07-16 08:19:04,667 [INFO] trainer: epoch 159 step 50/54 loss=1.1918 lr=1.58e-04
2026-07-16 08:19:05,863 [INFO] trainer: epoch 159 done train_loss=1.1949 dt=17.3s
2026-07-16 08:19:21,664 [INFO] trainer: epoch 160 step 50/54 loss=1.1718 lr=1.57e-04
2026-07-16 08:19:22,863 [INFO] trainer: epoch 160 done train_loss=1.1714 dt=17.0s
2026-07-16 08:19:40,027 [INFO] trainer: epoch 161 step 50/54 loss=1.1891 lr=1.57e-04
2026-07-16 08:19:41,225 [INFO] trainer: epoch 161 done train_loss=1.1996 dt=17.2s
2026-07-16 08:19:57,134 [INFO] trainer: epoch 162 step 50/54 loss=1.2451 lr=1.56e-04
2026-07-16 08:19:58,331 [INFO] trainer: epoch 162 done train_loss=1.2404 dt=17.1s
2026-07-16 08:20:14,279 [INFO] trainer: epoch 163 step 50/54 loss=1.1835 lr=1.56e-04
2026-07-16 08:20:15,478 [INFO] trainer: epoch 163 done train_loss=1.1946 dt=17.1s
2026-07-16 08:20:31,614 [INFO] trainer: epoch 164 step 50/54 loss=1.1940 lr=1.55e-04
2026-07-16 08:20:32,812 [INFO] trainer: epoch 164 done train_loss=1.1863 dt=17.3s
2026-07-16 08:20:48,809 [INFO] trainer: epoch 165 step 50/54 loss=1.1507 lr=1.55e-04
2026-07-16 08:20:50,008 [INFO] trainer: epoch 165 done train_loss=1.1657 dt=17.2s
2026-07-16 08:21:06,107 [INFO] trainer: epoch 166 step 50/54 loss=1.1842 lr=1.54e-04
2026-07-16 08:21:07,308 [INFO] trainer: epoch 166 done train_loss=1.1887 dt=17.3s
2026-07-16 08:21:23,292 [INFO] trainer: epoch 167 step 50/54 loss=1.1868 lr=1.54e-04
2026-07-16 08:21:24,490 [INFO] trainer: epoch 167 done train_loss=1.1884 dt=17.2s
2026-07-16 08:21:40,439 [INFO] trainer: epoch 168 step 50/54 loss=1.1729 lr=1.53e-04
2026-07-16 08:21:41,635 [INFO] trainer: epoch 168 done train_loss=1.1690 dt=17.1s
2026-07-16 08:21:57,738 [INFO] trainer: epoch 169 step 50/54 loss=1.1771 lr=1.53e-04
2026-07-16 08:21:58,936 [INFO] trainer: epoch 169 done train_loss=1.1746 dt=17.3s
2026-07-16 08:22:14,848 [INFO] trainer: epoch 170 step 50/54 loss=1.1982 lr=1.52e-04
2026-07-16 08:22:16,047 [INFO] trainer: epoch 170 done train_loss=1.2002 dt=17.1s
2026-07-16 08:22:32,925 [INFO] trainer: epoch 171 step 50/54 loss=1.1626 lr=1.52e-04
2026-07-16 08:22:34,119 [INFO] trainer: epoch 171 done train_loss=1.1630 dt=16.9s
2026-07-16 08:22:50,229 [INFO] trainer: epoch 172 step 50/54 loss=1.1908 lr=1.51e-04
2026-07-16 08:22:51,424 [INFO] trainer: epoch 172 done train_loss=1.1875 dt=17.3s
2026-07-16 08:23:07,397 [INFO] trainer: epoch 173 step 50/54 loss=1.1393 lr=1.50e-04
2026-07-16 08:23:08,595 [INFO] trainer: epoch 173 done train_loss=1.1446 dt=17.2s
2026-07-16 08:23:24,323 [INFO] trainer: epoch 174 step 50/54 loss=1.1646 lr=1.50e-04
2026-07-16 08:23:25,521 [INFO] trainer: epoch 174 done train_loss=1.1624 dt=16.9s
2026-07-16 08:23:41,465 [INFO] trainer: epoch 175 step 50/54 loss=1.1604 lr=1.49e-04
2026-07-16 08:23:42,661 [INFO] trainer: epoch 175 done train_loss=1.1523 dt=17.1s
2026-07-16 08:24:43,792 [INFO] trainer: epoch 175 val_mean_dice=0.7775
2026-07-16 08:25:00,933 [INFO] trainer: epoch 176 step 50/54 loss=1.2029 lr=1.49e-04
2026-07-16 08:25:02,130 [INFO] trainer: epoch 176 done train_loss=1.2072 dt=17.1s
2026-07-16 08:25:18,111 [INFO] trainer: epoch 177 step 50/54 loss=1.1258 lr=1.48e-04
2026-07-16 08:25:19,307 [INFO] trainer: epoch 177 done train_loss=1.1265 dt=17.2s
2026-07-16 08:25:35,435 [INFO] trainer: epoch 178 step 50/54 loss=1.1311 lr=1.48e-04
2026-07-16 08:25:36,631 [INFO] trainer: epoch 178 done train_loss=1.1307 dt=17.3s
2026-07-16 08:25:52,497 [INFO] trainer: epoch 179 step 50/54 loss=1.1715 lr=1.47e-04
2026-07-16 08:25:53,692 [INFO] trainer: epoch 179 done train_loss=1.1940 dt=17.1s
2026-07-16 08:26:09,663 [INFO] trainer: epoch 180 step 50/54 loss=1.1204 lr=1.47e-04
2026-07-16 08:26:10,859 [INFO] trainer: epoch 180 done train_loss=1.1306 dt=17.2s
2026-07-16 08:26:27,991 [INFO] trainer: epoch 181 step 50/54 loss=1.1958 lr=1.46e-04
2026-07-16 08:26:29,188 [INFO] trainer: epoch 181 done train_loss=1.1862 dt=17.1s
2026-07-16 08:26:44,870 [INFO] trainer: epoch 182 step 50/54 loss=1.1909 lr=1.45e-04
2026-07-16 08:26:46,068 [INFO] trainer: epoch 182 done train_loss=1.1982 dt=16.9s
2026-07-16 08:27:02,098 [INFO] trainer: epoch 183 step 50/54 loss=1.1717 lr=1.45e-04
2026-07-16 08:27:03,296 [INFO] trainer: epoch 183 done train_loss=1.1840 dt=17.2s
2026-07-16 08:27:19,183 [INFO] trainer: epoch 184 step 50/54 loss=1.1497 lr=1.44e-04
2026-07-16 08:27:20,380 [INFO] trainer: epoch 184 done train_loss=1.1468 dt=17.1s
2026-07-16 08:27:36,318 [INFO] trainer: epoch 185 step 50/54 loss=1.1090 lr=1.44e-04
2026-07-16 08:27:37,516 [INFO] trainer: epoch 185 done train_loss=1.1138 dt=17.1s
2026-07-16 08:27:53,352 [INFO] trainer: epoch 186 step 50/54 loss=1.1426 lr=1.43e-04
2026-07-16 08:27:54,551 [INFO] trainer: epoch 186 done train_loss=1.1407 dt=17.0s
2026-07-16 08:28:10,491 [INFO] trainer: epoch 187 step 50/54 loss=1.1677 lr=1.43e-04
2026-07-16 08:28:11,691 [INFO] trainer: epoch 187 done train_loss=1.1556 dt=17.1s
2026-07-16 08:28:27,716 [INFO] trainer: epoch 188 step 50/54 loss=1.1419 lr=1.42e-04
2026-07-16 08:28:28,914 [INFO] trainer: epoch 188 done train_loss=1.1415 dt=17.2s
2026-07-16 08:28:44,976 [INFO] trainer: epoch 189 step 50/54 loss=1.1619 lr=1.41e-04
2026-07-16 08:28:46,173 [INFO] trainer: epoch 189 done train_loss=1.1540 dt=17.3s
2026-07-16 08:29:02,215 [INFO] trainer: epoch 190 step 50/54 loss=1.1885 lr=1.41e-04
2026-07-16 08:29:03,412 [INFO] trainer: epoch 190 done train_loss=1.1757 dt=17.2s
2026-07-16 08:29:20,570 [INFO] trainer: epoch 191 step 50/54 loss=1.1506 lr=1.40e-04
2026-07-16 08:29:21,766 [INFO] trainer: epoch 191 done train_loss=1.1484 dt=17.2s
2026-07-16 08:29:37,754 [INFO] trainer: epoch 192 step 50/54 loss=1.2004 lr=1.40e-04
2026-07-16 08:29:38,953 [INFO] trainer: epoch 192 done train_loss=1.2042 dt=17.2s
2026-07-16 08:29:54,987 [INFO] trainer: epoch 193 step 50/54 loss=1.1592 lr=1.39e-04
2026-07-16 08:29:56,186 [INFO] trainer: epoch 193 done train_loss=1.1575 dt=17.2s
2026-07-16 08:30:12,249 [INFO] trainer: epoch 194 step 50/54 loss=1.1833 lr=1.38e-04
2026-07-16 08:30:13,448 [INFO] trainer: epoch 194 done train_loss=1.1828 dt=17.3s
2026-07-16 08:30:29,658 [INFO] trainer: epoch 195 step 50/54 loss=1.1674 lr=1.38e-04
2026-07-16 08:30:30,855 [INFO] trainer: epoch 195 done train_loss=1.1797 dt=17.4s
2026-07-16 08:30:46,913 [INFO] trainer: epoch 196 step 50/54 loss=1.1933 lr=1.37e-04
2026-07-16 08:30:48,111 [INFO] trainer: epoch 196 done train_loss=1.1998 dt=17.3s
2026-07-16 08:31:04,070 [INFO] trainer: epoch 197 step 50/54 loss=1.2340 lr=1.37e-04
2026-07-16 08:31:05,268 [INFO] trainer: epoch 197 done train_loss=1.2285 dt=17.2s
2026-07-16 08:31:21,371 [INFO] trainer: epoch 198 step 50/54 loss=1.1764 lr=1.36e-04
2026-07-16 08:31:22,570 [INFO] trainer: epoch 198 done train_loss=1.1677 dt=17.3s
2026-07-16 08:31:38,747 [INFO] trainer: epoch 199 step 50/54 loss=1.1695 lr=1.36e-04
2026-07-16 08:31:39,945 [INFO] trainer: epoch 199 done train_loss=1.1677 dt=17.4s
2026-07-16 08:31:55,854 [INFO] trainer: epoch 200 step 50/54 loss=1.1494 lr=1.35e-04
2026-07-16 08:31:57,053 [INFO] trainer: epoch 200 done train_loss=1.1711 dt=17.1s
2026-07-16 08:33:01,423 [INFO] trainer: epoch 200 val_mean_dice=0.7767
2026-07-16 08:33:18,753 [INFO] trainer: epoch 201 step 50/54 loss=1.1595 lr=1.34e-04
2026-07-16 08:33:19,949 [INFO] trainer: epoch 201 done train_loss=1.1716 dt=17.4s
2026-07-16 08:33:35,914 [INFO] trainer: epoch 202 step 50/54 loss=1.1228 lr=1.34e-04
2026-07-16 08:33:37,111 [INFO] trainer: epoch 202 done train_loss=1.1271 dt=17.2s
2026-07-16 08:33:53,220 [INFO] trainer: epoch 203 step 50/54 loss=1.1573 lr=1.33e-04
2026-07-16 08:33:54,418 [INFO] trainer: epoch 203 done train_loss=1.1519 dt=17.3s
2026-07-16 08:34:10,186 [INFO] trainer: epoch 204 step 50/54 loss=1.1707 lr=1.33e-04
2026-07-16 08:34:11,382 [INFO] trainer: epoch 204 done train_loss=1.1750 dt=17.0s
2026-07-16 08:34:27,183 [INFO] trainer: epoch 205 step 50/54 loss=1.1158 lr=1.32e-04
2026-07-16 08:34:28,381 [INFO] trainer: epoch 205 done train_loss=1.1374 dt=17.0s
2026-07-16 08:34:44,267 [INFO] trainer: epoch 206 step 50/54 loss=1.0983 lr=1.31e-04
2026-07-16 08:34:45,463 [INFO] trainer: epoch 206 done train_loss=1.0957 dt=17.1s
2026-07-16 08:35:01,408 [INFO] trainer: epoch 207 step 50/54 loss=1.1655 lr=1.31e-04
2026-07-16 08:35:02,605 [INFO] trainer: epoch 207 done train_loss=1.1559 dt=17.1s
2026-07-16 08:35:18,584 [INFO] trainer: epoch 208 step 50/54 loss=1.1561 lr=1.30e-04
2026-07-16 08:35:19,781 [INFO] trainer: epoch 208 done train_loss=1.1565 dt=17.2s
2026-07-16 08:35:35,861 [INFO] trainer: epoch 209 step 50/54 loss=1.1414 lr=1.29e-04
2026-07-16 08:35:37,060 [INFO] trainer: epoch 209 done train_loss=1.1343 dt=17.3s
2026-07-16 08:35:52,807 [INFO] trainer: epoch 210 step 50/54 loss=1.1771 lr=1.29e-04
2026-07-16 08:35:54,004 [INFO] trainer: epoch 210 done train_loss=1.1711 dt=16.9s
2026-07-16 08:36:11,195 [INFO] trainer: epoch 211 step 50/54 loss=1.1340 lr=1.28e-04
2026-07-16 08:36:12,394 [INFO] trainer: epoch 211 done train_loss=1.1409 dt=17.2s
2026-07-16 08:36:28,316 [INFO] trainer: epoch 212 step 50/54 loss=1.1277 lr=1.28e-04
2026-07-16 08:36:29,512 [INFO] trainer: epoch 212 done train_loss=1.1306 dt=17.1s
2026-07-16 08:36:45,613 [INFO] trainer: epoch 213 step 50/54 loss=1.1140 lr=1.27e-04
2026-07-16 08:36:46,809 [INFO] trainer: epoch 213 done train_loss=1.1128 dt=17.3s
2026-07-16 08:37:02,800 [INFO] trainer: epoch 214 step 50/54 loss=1.1717 lr=1.26e-04
2026-07-16 08:37:03,996 [INFO] trainer: epoch 214 done train_loss=1.1701 dt=17.2s
2026-07-16 08:37:20,175 [INFO] trainer: epoch 215 step 50/54 loss=1.1305 lr=1.26e-04
2026-07-16 08:37:21,372 [INFO] trainer: epoch 215 done train_loss=1.1274 dt=17.4s
2026-07-16 08:37:37,439 [INFO] trainer: epoch 216 step 50/54 loss=1.1707 lr=1.25e-04
2026-07-16 08:37:38,635 [INFO] trainer: epoch 216 done train_loss=1.1595 dt=17.3s
2026-07-16 08:37:54,393 [INFO] trainer: epoch 217 step 50/54 loss=1.1150 lr=1.25e-04
2026-07-16 08:37:55,591 [INFO] trainer: epoch 217 done train_loss=1.1137 dt=17.0s
2026-07-16 08:38:11,468 [INFO] trainer: epoch 218 step 50/54 loss=1.1177 lr=1.24e-04
2026-07-16 08:38:12,666 [INFO] trainer: epoch 218 done train_loss=1.1196 dt=17.1s
2026-07-16 08:38:28,562 [INFO] trainer: epoch 219 step 50/54 loss=1.1187 lr=1.23e-04
2026-07-16 08:38:29,764 [INFO] trainer: epoch 219 done train_loss=1.1173 dt=17.1s
2026-07-16 08:38:45,697 [INFO] trainer: epoch 220 step 50/54 loss=1.1902 lr=1.23e-04
2026-07-16 08:38:46,897 [INFO] trainer: epoch 220 done train_loss=1.1641 dt=17.1s
2026-07-16 08:39:03,817 [INFO] trainer: epoch 221 step 50/54 loss=1.1286 lr=1.22e-04
2026-07-16 08:39:05,015 [INFO] trainer: epoch 221 done train_loss=1.1333 dt=16.9s
2026-07-16 08:39:20,895 [INFO] trainer: epoch 222 step 50/54 loss=1.1692 lr=1.21e-04
2026-07-16 08:39:22,091 [INFO] trainer: epoch 222 done train_loss=1.1625 dt=17.1s
2026-07-16 08:39:38,179 [INFO] trainer: epoch 223 step 50/54 loss=1.1631 lr=1.21e-04
2026-07-16 08:39:39,375 [INFO] trainer: epoch 223 done train_loss=1.1570 dt=17.3s
2026-07-16 08:39:55,272 [INFO] trainer: epoch 224 step 50/54 loss=1.1221 lr=1.20e-04
2026-07-16 08:39:56,468 [INFO] trainer: epoch 224 done train_loss=1.1150 dt=17.1s
2026-07-16 08:40:12,560 [INFO] trainer: epoch 225 step 50/54 loss=1.1335 lr=1.20e-04
2026-07-16 08:40:13,757 [INFO] trainer: epoch 225 done train_loss=1.1266 dt=17.3s
2026-07-16 08:41:14,945 [INFO] trainer: epoch 225 val_mean_dice=0.7834
2026-07-16 08:41:32,163 [INFO] trainer: epoch 226 step 50/54 loss=1.1169 lr=1.19e-04
2026-07-16 08:41:33,361 [INFO] trainer: epoch 226 done train_loss=1.1188 dt=17.2s
2026-07-16 08:41:49,284 [INFO] trainer: epoch 227 step 50/54 loss=1.1887 lr=1.18e-04
2026-07-16 08:41:50,481 [INFO] trainer: epoch 227 done train_loss=1.1801 dt=17.1s
2026-07-16 08:42:06,455 [INFO] trainer: epoch 228 step 50/54 loss=1.1387 lr=1.18e-04
2026-07-16 08:42:07,653 [INFO] trainer: epoch 228 done train_loss=1.1574 dt=17.2s
2026-07-16 08:42:23,450 [INFO] trainer: epoch 229 step 50/54 loss=1.1506 lr=1.17e-04
2026-07-16 08:42:24,647 [INFO] trainer: epoch 229 done train_loss=1.1610 dt=17.0s
2026-07-16 08:42:40,914 [INFO] trainer: epoch 230 step 50/54 loss=1.1717 lr=1.16e-04
2026-07-16 08:42:42,110 [INFO] trainer: epoch 230 done train_loss=1.1578 dt=17.5s
2026-07-16 08:42:59,209 [INFO] trainer: epoch 231 step 50/54 loss=1.1477 lr=1.16e-04
2026-07-16 08:43:00,406 [INFO] trainer: epoch 231 done train_loss=1.1593 dt=17.1s
2026-07-16 08:43:16,222 [INFO] trainer: epoch 232 step 50/54 loss=1.1282 lr=1.15e-04
2026-07-16 08:43:17,419 [INFO] trainer: epoch 232 done train_loss=1.1253 dt=17.0s
2026-07-16 08:43:33,379 [INFO] trainer: epoch 233 step 50/54 loss=1.1361 lr=1.15e-04
2026-07-16 08:43:34,575 [INFO] trainer: epoch 233 done train_loss=1.1216 dt=17.2s
2026-07-16 08:43:50,473 [INFO] trainer: epoch 234 step 50/54 loss=1.0918 lr=1.14e-04
2026-07-16 08:43:51,670 [INFO] trainer: epoch 234 done train_loss=1.0770 dt=17.1s
2026-07-16 08:44:07,597 [INFO] trainer: epoch 235 step 50/54 loss=1.1297 lr=1.13e-04
2026-07-16 08:44:08,793 [INFO] trainer: epoch 235 done train_loss=1.1339 dt=17.1s
2026-07-16 08:44:24,771 [INFO] trainer: epoch 236 step 50/54 loss=1.1353 lr=1.13e-04
2026-07-16 08:44:25,968 [INFO] trainer: epoch 236 done train_loss=1.1450 dt=17.2s
2026-07-16 08:44:42,003 [INFO] trainer: epoch 237 step 50/54 loss=1.1587 lr=1.12e-04
2026-07-16 08:44:43,202 [INFO] trainer: epoch 237 done train_loss=1.1499 dt=17.2s
2026-07-16 08:44:59,017 [INFO] trainer: epoch 238 step 50/54 loss=1.0534 lr=1.11e-04
2026-07-16 08:45:00,215 [INFO] trainer: epoch 238 done train_loss=1.0634 dt=17.0s
2026-07-16 08:45:16,167 [INFO] trainer: epoch 239 step 50/54 loss=1.1417 lr=1.11e-04
2026-07-16 08:45:17,363 [INFO] trainer: epoch 239 done train_loss=1.1374 dt=17.1s
2026-07-16 08:45:33,488 [INFO] trainer: epoch 240 step 50/54 loss=1.0708 lr=1.10e-04
2026-07-16 08:45:34,686 [INFO] trainer: epoch 240 done train_loss=1.0774 dt=17.3s
2026-07-16 08:45:51,735 [INFO] trainer: epoch 241 step 50/54 loss=1.1037 lr=1.09e-04
2026-07-16 08:45:52,933 [INFO] trainer: epoch 241 done train_loss=1.0972 dt=17.1s
2026-07-16 08:46:09,115 [INFO] trainer: epoch 242 step 50/54 loss=1.1016 lr=1.09e-04
2026-07-16 08:46:10,315 [INFO] trainer: epoch 242 done train_loss=1.0973 dt=17.4s
2026-07-16 08:46:26,297 [INFO] trainer: epoch 243 step 50/54 loss=1.1852 lr=1.08e-04
2026-07-16 08:46:27,494 [INFO] trainer: epoch 243 done train_loss=1.1896 dt=17.2s
2026-07-16 08:46:43,524 [INFO] trainer: epoch 244 step 50/54 loss=1.0827 lr=1.08e-04
2026-07-16 08:46:44,721 [INFO] trainer: epoch 244 done train_loss=1.0833 dt=17.2s
2026-07-16 08:47:00,866 [INFO] trainer: epoch 245 step 50/54 loss=1.2155 lr=1.07e-04
2026-07-16 08:47:02,066 [INFO] trainer: epoch 245 done train_loss=1.2185 dt=17.3s
2026-07-16 08:47:18,064 [INFO] trainer: epoch 246 step 50/54 loss=1.1379 lr=1.06e-04
2026-07-16 08:47:19,262 [INFO] trainer: epoch 246 done train_loss=1.1466 dt=17.2s
2026-07-16 08:47:35,148 [INFO] trainer: epoch 247 step 50/54 loss=1.1515 lr=1.06e-04
2026-07-16 08:47:36,346 [INFO] trainer: epoch 247 done train_loss=1.1529 dt=17.1s
2026-07-16 08:47:52,339 [INFO] trainer: epoch 248 step 50/54 loss=1.1007 lr=1.05e-04
2026-07-16 08:47:53,538 [INFO] trainer: epoch 248 done train_loss=1.1190 dt=17.2s
2026-07-16 08:48:09,617 [INFO] trainer: epoch 249 step 50/54 loss=1.0946 lr=1.04e-04
2026-07-16 08:48:10,816 [INFO] trainer: epoch 249 done train_loss=1.1149 dt=17.3s
2026-07-16 08:48:26,940 [INFO] trainer: epoch 250 step 50/54 loss=1.1259 lr=1.04e-04
2026-07-16 08:48:28,140 [INFO] trainer: epoch 250 done train_loss=1.1226 dt=17.3s
2026-07-16 08:49:31,004 [INFO] trainer: epoch 250 val_mean_dice=0.7859
2026-07-16 08:49:49,439 [INFO] trainer: epoch 251 step 50/54 loss=1.1130 lr=1.03e-04
2026-07-16 08:49:50,637 [INFO] trainer: epoch 251 done train_loss=1.1067 dt=17.2s
2026-07-16 08:50:06,558 [INFO] trainer: epoch 252 step 50/54 loss=1.1781 lr=1.02e-04
2026-07-16 08:50:07,755 [INFO] trainer: epoch 252 done train_loss=1.1771 dt=17.1s
2026-07-16 08:50:23,729 [INFO] trainer: epoch 253 step 50/54 loss=1.0981 lr=1.02e-04
2026-07-16 08:50:24,927 [INFO] trainer: epoch 253 done train_loss=1.0866 dt=17.2s
2026-07-16 08:50:40,747 [INFO] trainer: epoch 254 step 50/54 loss=1.1635 lr=1.01e-04
2026-07-16 08:50:41,950 [INFO] trainer: epoch 254 done train_loss=1.1548 dt=17.0s
2026-07-16 08:50:57,835 [INFO] trainer: epoch 255 step 50/54 loss=1.1327 lr=1.01e-04
2026-07-16 08:50:59,032 [INFO] trainer: epoch 255 done train_loss=1.1345 dt=17.1s
2026-07-16 08:51:15,079 [INFO] trainer: epoch 256 step 50/54 loss=1.0811 lr=9.99e-05
2026-07-16 08:51:16,276 [INFO] trainer: epoch 256 done train_loss=1.0969 dt=17.2s
2026-07-16 08:51:32,146 [INFO] trainer: epoch 257 step 50/54 loss=1.1055 lr=9.93e-05
2026-07-16 08:51:33,342 [INFO] trainer: epoch 257 done train_loss=1.1105 dt=17.1s
2026-07-16 08:51:49,433 [INFO] trainer: epoch 258 step 50/54 loss=1.1504 lr=9.86e-05
2026-07-16 08:51:50,629 [INFO] trainer: epoch 258 done train_loss=1.1507 dt=17.3s
2026-07-16 08:52:06,594 [INFO] trainer: epoch 259 step 50/54 loss=1.0865 lr=9.80e-05
2026-07-16 08:52:07,793 [INFO] trainer: epoch 259 done train_loss=1.0855 dt=17.2s
2026-07-16 08:52:23,867 [INFO] trainer: epoch 260 step 50/54 loss=1.0960 lr=9.74e-05
2026-07-16 08:52:25,065 [INFO] trainer: epoch 260 done train_loss=1.1047 dt=17.3s
2026-07-16 08:52:42,457 [INFO] trainer: epoch 261 step 50/54 loss=1.0919 lr=9.67e-05
2026-07-16 08:52:43,656 [INFO] trainer: epoch 261 done train_loss=1.0924 dt=17.4s
2026-07-16 08:52:59,710 [INFO] trainer: epoch 262 step 50/54 loss=1.1139 lr=9.61e-05
2026-07-16 08:53:00,910 [INFO] trainer: epoch 262 done train_loss=1.1182 dt=17.3s
2026-07-16 08:53:16,732 [INFO] trainer: epoch 263 step 50/54 loss=1.1358 lr=9.54e-05
2026-07-16 08:53:17,932 [INFO] trainer: epoch 263 done train_loss=1.1316 dt=17.0s
2026-07-16 08:53:33,692 [INFO] trainer: epoch 264 step 50/54 loss=1.1065 lr=9.48e-05
2026-07-16 08:53:34,889 [INFO] trainer: epoch 264 done train_loss=1.1131 dt=17.0s
2026-07-16 08:53:50,724 [INFO] trainer: epoch 265 step 50/54 loss=1.0811 lr=9.42e-05
2026-07-16 08:53:51,923 [INFO] trainer: epoch 265 done train_loss=1.0734 dt=17.0s
2026-07-16 08:54:07,745 [INFO] trainer: epoch 266 step 50/54 loss=1.0981 lr=9.35e-05
2026-07-16 08:54:08,944 [INFO] trainer: epoch 266 done train_loss=1.1071 dt=17.0s
2026-07-16 08:54:24,840 [INFO] trainer: epoch 267 step 50/54 loss=1.0713 lr=9.29e-05
2026-07-16 08:54:26,037 [INFO] trainer: epoch 267 done train_loss=1.0967 dt=17.1s
2026-07-16 08:54:41,897 [INFO] trainer: epoch 268 step 50/54 loss=1.1061 lr=9.23e-05
2026-07-16 08:54:43,095 [INFO] trainer: epoch 268 done train_loss=1.1048 dt=17.1s
2026-07-16 08:54:59,227 [INFO] trainer: epoch 269 step 50/54 loss=1.1042 lr=9.16e-05
2026-07-16 08:55:00,428 [INFO] trainer: epoch 269 done train_loss=1.1007 dt=17.3s
2026-07-16 08:55:16,317 [INFO] trainer: epoch 270 step 50/54 loss=1.1246 lr=9.10e-05
2026-07-16 08:55:17,514 [INFO] trainer: epoch 270 done train_loss=1.1196 dt=17.1s
2026-07-16 08:55:34,730 [INFO] trainer: epoch 271 step 50/54 loss=1.1207 lr=9.04e-05
2026-07-16 08:55:35,926 [INFO] trainer: epoch 271 done train_loss=1.1344 dt=17.2s
2026-07-16 08:55:51,923 [INFO] trainer: epoch 272 step 50/54 loss=1.1188 lr=8.97e-05
2026-07-16 08:55:53,121 [INFO] trainer: epoch 272 done train_loss=1.1205 dt=17.2s
2026-07-16 08:56:08,969 [INFO] trainer: epoch 273 step 50/54 loss=1.1334 lr=8.91e-05
2026-07-16 08:56:10,168 [INFO] trainer: epoch 273 done train_loss=1.1216 dt=17.0s
2026-07-16 08:56:26,261 [INFO] trainer: epoch 274 step 50/54 loss=1.1255 lr=8.85e-05
2026-07-16 08:56:27,460 [INFO] trainer: epoch 274 done train_loss=1.1108 dt=17.3s
2026-07-16 08:56:43,580 [INFO] trainer: epoch 275 step 50/54 loss=1.1251 lr=8.78e-05
2026-07-16 08:56:44,777 [INFO] trainer: epoch 275 done train_loss=1.1185 dt=17.3s
2026-07-16 08:57:46,523 [INFO] trainer: epoch 275 val_mean_dice=0.7833
2026-07-16 08:58:02,335 [INFO] trainer: epoch 276 step 50/54 loss=1.1084 lr=8.72e-05
2026-07-16 08:58:03,532 [INFO] trainer: epoch 276 done train_loss=1.1136 dt=17.0s
2026-07-16 08:58:19,524 [INFO] trainer: epoch 277 step 50/54 loss=1.1678 lr=8.66e-05
2026-07-16 08:58:20,720 [INFO] trainer: epoch 277 done train_loss=1.1656 dt=17.2s
2026-07-16 08:58:36,980 [INFO] trainer: epoch 278 step 50/54 loss=1.0773 lr=8.59e-05
2026-07-16 08:58:38,177 [INFO] trainer: epoch 278 done train_loss=1.0727 dt=17.5s
2026-07-16 08:58:54,120 [INFO] trainer: epoch 279 step 50/54 loss=1.1068 lr=8.53e-05
2026-07-16 08:58:55,317 [INFO] trainer: epoch 279 done train_loss=1.1050 dt=17.1s
2026-07-16 08:59:11,362 [INFO] trainer: epoch 280 step 50/54 loss=1.1318 lr=8.47e-05
2026-07-16 08:59:12,559 [INFO] trainer: epoch 280 done train_loss=1.1257 dt=17.2s
2026-07-16 08:59:29,503 [INFO] trainer: epoch 281 step 50/54 loss=1.1299 lr=8.40e-05
2026-07-16 08:59:30,698 [INFO] trainer: epoch 281 done train_loss=1.1188 dt=17.0s
2026-07-16 08:59:46,546 [INFO] trainer: epoch 282 step 50/54 loss=1.0650 lr=8.34e-05
2026-07-16 08:59:47,743 [INFO] trainer: epoch 282 done train_loss=1.0757 dt=17.0s
2026-07-16 09:00:03,629 [INFO] trainer: epoch 283 step 50/54 loss=1.0924 lr=8.28e-05
2026-07-16 09:00:04,827 [INFO] trainer: epoch 283 done train_loss=1.0888 dt=17.1s
2026-07-16 09:00:20,781 [INFO] trainer: epoch 284 step 50/54 loss=1.0833 lr=8.22e-05
2026-07-16 09:00:21,979 [INFO] trainer: epoch 284 done train_loss=1.0995 dt=17.2s
2026-07-16 09:00:37,905 [INFO] trainer: epoch 285 step 50/54 loss=1.0882 lr=8.15e-05
2026-07-16 09:00:39,102 [INFO] trainer: epoch 285 done train_loss=1.0856 dt=17.1s
2026-07-16 09:00:54,875 [INFO] trainer: epoch 286 step 50/54 loss=1.0847 lr=8.09e-05
2026-07-16 09:00:56,071 [INFO] trainer: epoch 286 done train_loss=1.0884 dt=17.0s
2026-07-16 09:01:12,174 [INFO] trainer: epoch 287 step 50/54 loss=1.0493 lr=8.03e-05
2026-07-16 09:01:13,373 [INFO] trainer: epoch 287 done train_loss=1.0376 dt=17.3s
2026-07-16 09:01:29,454 [INFO] trainer: epoch 288 step 50/54 loss=1.0683 lr=7.97e-05
2026-07-16 09:01:30,650 [INFO] trainer: epoch 288 done train_loss=1.0559 dt=17.3s
2026-07-16 09:01:46,686 [INFO] trainer: epoch 289 step 50/54 loss=1.0901 lr=7.90e-05
2026-07-16 09:01:47,883 [INFO] trainer: epoch 289 done train_loss=1.1005 dt=17.2s
2026-07-16 09:02:03,893 [INFO] trainer: epoch 290 step 50/54 loss=1.0829 lr=7.84e-05
2026-07-16 09:02:05,091 [INFO] trainer: epoch 290 done train_loss=1.0906 dt=17.2s
2026-07-16 09:02:22,434 [INFO] trainer: epoch 291 step 50/54 loss=1.0760 lr=7.78e-05
2026-07-16 09:02:23,633 [INFO] trainer: epoch 291 done train_loss=1.0820 dt=17.3s
2026-07-16 09:02:39,589 [INFO] trainer: epoch 292 step 50/54 loss=1.0742 lr=7.72e-05
2026-07-16 09:02:40,786 [INFO] trainer: epoch 292 done train_loss=1.0718 dt=17.2s
2026-07-16 09:02:56,723 [INFO] trainer: epoch 293 step 50/54 loss=1.0904 lr=7.65e-05
2026-07-16 09:02:57,920 [INFO] trainer: epoch 293 done train_loss=1.0861 dt=17.1s
2026-07-16 09:03:13,965 [INFO] trainer: epoch 294 step 50/54 loss=1.0315 lr=7.59e-05
2026-07-16 09:03:15,165 [INFO] trainer: epoch 294 done train_loss=1.0366 dt=17.2s
2026-07-16 09:03:31,183 [INFO] trainer: epoch 295 step 50/54 loss=1.0767 lr=7.53e-05
2026-07-16 09:03:32,380 [INFO] trainer: epoch 295 done train_loss=1.0890 dt=17.2s
2026-07-16 09:03:48,625 [INFO] trainer: epoch 296 step 50/54 loss=1.0743 lr=7.47e-05
2026-07-16 09:03:49,825 [INFO] trainer: epoch 296 done train_loss=1.0824 dt=17.4s
2026-07-16 09:04:05,882 [INFO] trainer: epoch 297 step 50/54 loss=1.0620 lr=7.41e-05
2026-07-16 09:04:07,081 [INFO] trainer: epoch 297 done train_loss=1.0534 dt=17.3s
2026-07-16 09:04:23,043 [INFO] trainer: epoch 298 step 50/54 loss=1.0772 lr=7.35e-05
2026-07-16 09:04:24,240 [INFO] trainer: epoch 298 done train_loss=1.0781 dt=17.2s
2026-07-16 09:04:40,125 [INFO] trainer: epoch 299 step 50/54 loss=1.0541 lr=7.28e-05
2026-07-16 09:04:41,322 [INFO] trainer: epoch 299 done train_loss=1.0678 dt=17.1s
2026-07-16 09:04:57,196 [INFO] trainer: epoch 300 step 50/54 loss=1.0801 lr=7.22e-05
2026-07-16 09:04:58,393 [INFO] trainer: epoch 300 done train_loss=1.0947 dt=17.1s
2026-07-16 09:05:59,701 [INFO] trainer: epoch 300 val_mean_dice=0.7946
2026-07-16 09:06:17,944 [INFO] trainer: epoch 301 step 50/54 loss=1.0551 lr=7.16e-05
2026-07-16 09:06:19,140 [INFO] trainer: epoch 301 done train_loss=1.0510 dt=17.1s
2026-07-16 09:06:34,906 [INFO] trainer: epoch 302 step 50/54 loss=1.0812 lr=7.10e-05
2026-07-16 09:06:36,102 [INFO] trainer: epoch 302 done train_loss=1.0819 dt=17.0s
2026-07-16 09:06:51,954 [INFO] trainer: epoch 303 step 50/54 loss=1.0618 lr=7.04e-05
2026-07-16 09:06:53,148 [INFO] trainer: epoch 303 done train_loss=1.0722 dt=17.0s
2026-07-16 09:07:08,992 [INFO] trainer: epoch 304 step 50/54 loss=1.0556 lr=6.98e-05
2026-07-16 09:07:10,191 [INFO] trainer: epoch 304 done train_loss=1.0533 dt=17.0s
2026-07-16 09:07:26,163 [INFO] trainer: epoch 305 step 50/54 loss=1.0900 lr=6.92e-05
2026-07-16 09:07:27,361 [INFO] trainer: epoch 305 done train_loss=1.0892 dt=17.2s
2026-07-16 09:07:43,462 [INFO] trainer: epoch 306 step 50/54 loss=1.0964 lr=6.86e-05
2026-07-16 09:07:44,658 [INFO] trainer: epoch 306 done train_loss=1.0904 dt=17.3s
2026-07-16 09:08:00,760 [INFO] trainer: epoch 307 step 50/54 loss=1.0357 lr=6.80e-05
2026-07-16 09:08:01,959 [INFO] trainer: epoch 307 done train_loss=1.0513 dt=17.3s
2026-07-16 09:08:17,991 [INFO] trainer: epoch 308 step 50/54 loss=1.0847 lr=6.74e-05
2026-07-16 09:08:19,188 [INFO] trainer: epoch 308 done train_loss=1.0848 dt=17.2s
2026-07-16 09:08:35,214 [INFO] trainer: epoch 309 step 50/54 loss=1.1552 lr=6.68e-05
2026-07-16 09:08:36,411 [INFO] trainer: epoch 309 done train_loss=1.1599 dt=17.2s
2026-07-16 09:08:52,517 [INFO] trainer: epoch 310 step 50/54 loss=1.1107 lr=6.62e-05
2026-07-16 09:08:53,714 [INFO] trainer: epoch 310 done train_loss=1.1093 dt=17.3s
2026-07-16 09:09:10,741 [INFO] trainer: epoch 311 step 50/54 loss=1.0786 lr=6.56e-05
2026-07-16 09:09:11,939 [INFO] trainer: epoch 311 done train_loss=1.0761 dt=17.1s
2026-07-16 09:09:27,910 [INFO] trainer: epoch 312 step 50/54 loss=1.0759 lr=6.50e-05
2026-07-16 09:09:29,108 [INFO] trainer: epoch 312 done train_loss=1.0771 dt=17.2s
2026-07-16 09:09:45,297 [INFO] trainer: epoch 313 step 50/54 loss=1.0848 lr=6.44e-05
2026-07-16 09:09:46,493 [INFO] trainer: epoch 313 done train_loss=1.0677 dt=17.4s
2026-07-16 09:10:02,334 [INFO] trainer: epoch 314 step 50/54 loss=1.0332 lr=6.38e-05
2026-07-16 09:10:03,531 [INFO] trainer: epoch 314 done train_loss=1.0286 dt=17.0s
2026-07-16 09:10:19,554 [INFO] trainer: epoch 315 step 50/54 loss=1.0556 lr=6.32e-05
2026-07-16 09:10:20,751 [INFO] trainer: epoch 315 done train_loss=1.0565 dt=17.2s
2026-07-16 09:10:36,762 [INFO] trainer: epoch 316 step 50/54 loss=1.0588 lr=6.26e-05
2026-07-16 09:10:37,958 [INFO] trainer: epoch 316 done train_loss=1.0488 dt=17.2s
2026-07-16 09:10:53,885 [INFO] trainer: epoch 317 step 50/54 loss=1.0927 lr=6.20e-05
2026-07-16 09:10:55,082 [INFO] trainer: epoch 317 done train_loss=1.0914 dt=17.1s
2026-07-16 09:11:11,223 [INFO] trainer: epoch 318 step 50/54 loss=1.0445 lr=6.14e-05
2026-07-16 09:11:12,420 [INFO] trainer: epoch 318 done train_loss=1.0435 dt=17.1s
2026-07-16 09:11:28,374 [INFO] trainer: epoch 319 step 50/54 loss=1.0275 lr=6.09e-05
2026-07-16 09:11:29,572 [INFO] trainer: epoch 319 done train_loss=1.0231 dt=17.1s
2026-07-16 09:11:45,507 [INFO] trainer: epoch 320 step 50/54 loss=1.0514 lr=6.03e-05
2026-07-16 09:11:46,705 [INFO] trainer: epoch 320 done train_loss=1.0452 dt=17.1s
2026-07-16 09:12:04,008 [INFO] trainer: epoch 321 step 50/54 loss=1.0699 lr=5.97e-05
2026-07-16 09:12:05,204 [INFO] trainer: epoch 321 done train_loss=1.0696 dt=17.1s
2026-07-16 09:12:20,901 [INFO] trainer: epoch 322 step 50/54 loss=1.0233 lr=5.91e-05
2026-07-16 09:12:22,096 [INFO] trainer: epoch 322 done train_loss=1.0235 dt=16.9s
2026-07-16 09:12:37,974 [INFO] trainer: epoch 323 step 50/54 loss=1.0903 lr=5.85e-05
2026-07-16 09:12:39,174 [INFO] trainer: epoch 323 done train_loss=1.1033 dt=17.1s
2026-07-16 09:12:55,640 [INFO] trainer: epoch 324 step 50/54 loss=1.0767 lr=5.79e-05
2026-07-16 09:12:56,837 [INFO] trainer: epoch 324 done train_loss=1.0652 dt=17.7s
2026-07-16 09:13:13,122 [INFO] trainer: epoch 325 step 50/54 loss=1.0630 lr=5.74e-05
2026-07-16 09:13:14,317 [INFO] trainer: epoch 325 done train_loss=1.0631 dt=17.5s
2026-07-16 09:14:15,631 [INFO] trainer: epoch 325 val_mean_dice=0.7903
2026-07-16 09:14:31,748 [INFO] trainer: epoch 326 step 50/54 loss=1.0301 lr=5.68e-05
2026-07-16 09:14:32,945 [INFO] trainer: epoch 326 done train_loss=1.0339 dt=17.3s
2026-07-16 09:14:48,890 [INFO] trainer: epoch 327 step 50/54 loss=1.0694 lr=5.62e-05
2026-07-16 09:14:50,085 [INFO] trainer: epoch 327 done train_loss=1.0643 dt=17.1s
2026-07-16 09:15:06,047 [INFO] trainer: epoch 328 step 50/54 loss=1.0273 lr=5.57e-05
2026-07-16 09:15:07,243 [INFO] trainer: epoch 328 done train_loss=1.0305 dt=17.2s
2026-07-16 09:15:23,043 [INFO] trainer: epoch 329 step 50/54 loss=1.0868 lr=5.51e-05
2026-07-16 09:15:24,242 [INFO] trainer: epoch 329 done train_loss=1.0958 dt=17.0s
2026-07-16 09:15:40,252 [INFO] trainer: epoch 330 step 50/54 loss=1.0528 lr=5.45e-05
2026-07-16 09:15:41,447 [INFO] trainer: epoch 330 done train_loss=1.0657 dt=17.2s
2026-07-16 09:15:58,525 [INFO] trainer: epoch 331 step 50/54 loss=1.0765 lr=5.40e-05
2026-07-16 09:15:59,722 [INFO] trainer: epoch 331 done train_loss=1.0854 dt=17.1s
2026-07-16 09:16:15,547 [INFO] trainer: epoch 332 step 50/54 loss=1.0578 lr=5.34e-05
2026-07-16 09:16:16,745 [INFO] trainer: epoch 332 done train_loss=1.0724 dt=17.0s
2026-07-16 09:16:32,487 [INFO] trainer: epoch 333 step 50/54 loss=1.0517 lr=5.28e-05
2026-07-16 09:16:33,684 [INFO] trainer: epoch 333 done train_loss=1.0487 dt=16.9s
2026-07-16 09:16:49,548 [INFO] trainer: epoch 334 step 50/54 loss=1.0727 lr=5.23e-05
2026-07-16 09:16:50,745 [INFO] trainer: epoch 334 done train_loss=1.0537 dt=17.1s
2026-07-16 09:17:06,656 [INFO] trainer: epoch 335 step 50/54 loss=1.0392 lr=5.17e-05
2026-07-16 09:17:07,853 [INFO] trainer: epoch 335 done train_loss=1.0293 dt=17.1s
2026-07-16 09:17:23,807 [INFO] trainer: epoch 336 step 50/54 loss=1.0459 lr=5.12e-05
2026-07-16 09:17:25,006 [INFO] trainer: epoch 336 done train_loss=1.0469 dt=17.2s
2026-07-16 09:17:41,003 [INFO] trainer: epoch 337 step 50/54 loss=1.0910 lr=5.06e-05
2026-07-16 09:17:42,200 [INFO] trainer: epoch 337 done train_loss=1.0882 dt=17.2s
2026-07-16 09:17:58,120 [INFO] trainer: epoch 338 step 50/54 loss=1.0349 lr=5.01e-05
2026-07-16 09:17:59,319 [INFO] trainer: epoch 338 done train_loss=1.0331 dt=17.1s
2026-07-16 09:18:15,315 [INFO] trainer: epoch 339 step 50/54 loss=1.0463 lr=4.95e-05
2026-07-16 09:18:16,513 [INFO] trainer: epoch 339 done train_loss=1.0444 dt=17.2s
2026-07-16 09:18:32,427 [INFO] trainer: epoch 340 step 50/54 loss=1.0441 lr=4.90e-05
2026-07-16 09:18:33,623 [INFO] trainer: epoch 340 done train_loss=1.0477 dt=17.1s
2026-07-16 09:18:50,829 [INFO] trainer: epoch 341 step 50/54 loss=1.0215 lr=4.84e-05
2026-07-16 09:18:52,025 [INFO] trainer: epoch 341 done train_loss=1.0237 dt=17.3s
2026-07-16 09:19:07,890 [INFO] trainer: epoch 342 step 50/54 loss=1.0375 lr=4.79e-05
2026-07-16 09:19:09,088 [INFO] trainer: epoch 342 done train_loss=1.0458 dt=17.1s
2026-07-16 09:19:24,902 [INFO] trainer: epoch 343 step 50/54 loss=1.0284 lr=4.73e-05
2026-07-16 09:19:26,100 [INFO] trainer: epoch 343 done train_loss=1.0202 dt=17.0s
2026-07-16 09:19:42,139 [INFO] trainer: epoch 344 step 50/54 loss=1.0999 lr=4.68e-05
2026-07-16 09:19:43,335 [INFO] trainer: epoch 344 done train_loss=1.0846 dt=17.2s
2026-07-16 09:19:59,240 [INFO] trainer: epoch 345 step 50/54 loss=1.0318 lr=4.63e-05
2026-07-16 09:20:00,438 [INFO] trainer: epoch 345 done train_loss=1.0387 dt=17.1s
2026-07-16 09:20:16,376 [INFO] trainer: epoch 346 step 50/54 loss=1.0531 lr=4.57e-05
2026-07-16 09:20:17,573 [INFO] trainer: epoch 346 done train_loss=1.0448 dt=17.1s
2026-07-16 09:20:33,670 [INFO] trainer: epoch 347 step 50/54 loss=1.0898 lr=4.52e-05
2026-07-16 09:20:34,867 [INFO] trainer: epoch 347 done train_loss=1.0784 dt=17.3s
2026-07-16 09:20:50,879 [INFO] trainer: epoch 348 step 50/54 loss=1.0843 lr=4.47e-05
2026-07-16 09:20:52,075 [INFO] trainer: epoch 348 done train_loss=1.0768 dt=17.2s
2026-07-16 09:21:07,885 [INFO] trainer: epoch 349 step 50/54 loss=1.0433 lr=4.41e-05
2026-07-16 09:21:09,081 [INFO] trainer: epoch 349 done train_loss=1.0368 dt=17.0s
2026-07-16 09:21:25,076 [INFO] trainer: epoch 350 step 50/54 loss=0.9712 lr=4.36e-05
2026-07-16 09:21:26,274 [INFO] trainer: epoch 350 done train_loss=0.9897 dt=17.2s
2026-07-16 09:22:27,584 [INFO] trainer: epoch 350 val_mean_dice=0.7909
2026-07-16 09:22:44,586 [INFO] trainer: epoch 351 step 50/54 loss=1.0197 lr=4.31e-05
2026-07-16 09:22:45,782 [INFO] trainer: epoch 351 done train_loss=1.0141 dt=17.0s
2026-07-16 09:23:01,653 [INFO] trainer: epoch 352 step 50/54 loss=1.0263 lr=4.26e-05
2026-07-16 09:23:02,848 [INFO] trainer: epoch 352 done train_loss=1.0361 dt=17.1s
2026-07-16 09:23:18,766 [INFO] trainer: epoch 353 step 50/54 loss=1.1201 lr=4.21e-05
2026-07-16 09:23:19,962 [INFO] trainer: epoch 353 done train_loss=1.1022 dt=17.1s
2026-07-16 09:23:35,717 [INFO] trainer: epoch 354 step 50/54 loss=1.0460 lr=4.15e-05
2026-07-16 09:23:36,914 [INFO] trainer: epoch 354 done train_loss=1.0497 dt=17.0s
2026-07-16 09:23:52,891 [INFO] trainer: epoch 355 step 50/54 loss=1.0627 lr=4.10e-05
2026-07-16 09:23:54,087 [INFO] trainer: epoch 355 done train_loss=1.0655 dt=17.2s
2026-07-16 09:24:09,946 [INFO] trainer: epoch 356 step 50/54 loss=1.0341 lr=4.05e-05
2026-07-16 09:24:11,142 [INFO] trainer: epoch 356 done train_loss=1.0248 dt=17.1s
2026-07-16 09:24:27,047 [INFO] trainer: epoch 357 step 50/54 loss=1.0413 lr=4.00e-05
2026-07-16 09:24:28,245 [INFO] trainer: epoch 357 done train_loss=1.0333 dt=17.1s
2026-07-16 09:24:44,100 [INFO] trainer: epoch 358 step 50/54 loss=1.0342 lr=3.95e-05
2026-07-16 09:24:45,296 [INFO] trainer: epoch 358 done train_loss=1.0402 dt=17.1s
2026-07-16 09:25:01,043 [INFO] trainer: epoch 359 step 50/54 loss=1.0493 lr=3.90e-05
2026-07-16 09:25:02,239 [INFO] trainer: epoch 359 done train_loss=1.0539 dt=16.9s
2026-07-16 09:25:29,915 [INFO] trainer: epoch 360 step 50/54 loss=1.0670 lr=3.85e-05
2026-07-16 09:25:31,113 [INFO] trainer: epoch 360 done train_loss=1.0630 dt=28.9s
2026-07-16 09:25:48,582 [INFO] trainer: epoch 361 step 50/54 loss=1.0385 lr=3.80e-05
2026-07-16 09:25:49,777 [INFO] trainer: epoch 361 done train_loss=1.0323 dt=17.2s
2026-07-16 09:26:05,793 [INFO] trainer: epoch 362 step 50/54 loss=1.0430 lr=3.75e-05
2026-07-16 09:26:06,991 [INFO] trainer: epoch 362 done train_loss=1.0437 dt=17.2s
2026-07-16 09:26:22,960 [INFO] trainer: epoch 363 step 50/54 loss=1.0324 lr=3.70e-05
2026-07-16 09:26:24,160 [INFO] trainer: epoch 363 done train_loss=1.0430 dt=17.2s
2026-07-16 09:26:40,038 [INFO] trainer: epoch 364 step 50/54 loss=1.1096 lr=3.65e-05
2026-07-16 09:26:41,236 [INFO] trainer: epoch 364 done train_loss=1.1066 dt=17.1s
2026-07-16 09:26:57,421 [INFO] trainer: epoch 365 step 50/54 loss=1.0431 lr=3.60e-05
2026-07-16 09:26:58,619 [INFO] trainer: epoch 365 done train_loss=1.0357 dt=17.4s
2026-07-16 09:27:14,756 [INFO] trainer: epoch 366 step 50/54 loss=1.0504 lr=3.56e-05
2026-07-16 09:27:15,954 [INFO] trainer: epoch 366 done train_loss=1.0377 dt=17.3s
2026-07-16 09:27:34,180 [INFO] trainer: epoch 367 step 50/54 loss=1.0587 lr=3.51e-05
2026-07-16 09:27:35,383 [INFO] trainer: epoch 367 done train_loss=1.0597 dt=19.4s
2026-07-16 09:27:51,488 [INFO] trainer: epoch 368 step 50/54 loss=1.0410 lr=3.46e-05
2026-07-16 09:27:52,685 [INFO] trainer: epoch 368 done train_loss=1.0347 dt=17.3s
2026-07-16 09:28:11,695 [INFO] trainer: epoch 369 step 50/54 loss=1.0969 lr=3.41e-05
2026-07-16 09:28:12,893 [INFO] trainer: epoch 369 done train_loss=1.0895 dt=20.2s
2026-07-16 09:28:28,771 [INFO] trainer: epoch 370 step 50/54 loss=1.0439 lr=3.36e-05
2026-07-16 09:28:29,968 [INFO] trainer: epoch 370 done train_loss=1.0553 dt=17.1s
2026-07-16 09:28:47,336 [INFO] trainer: epoch 371 step 50/54 loss=1.0382 lr=3.32e-05
2026-07-16 09:28:48,535 [INFO] trainer: epoch 371 done train_loss=1.0385 dt=17.3s
2026-07-16 09:29:04,462 [INFO] trainer: epoch 372 step 50/54 loss=1.0423 lr=3.27e-05
2026-07-16 09:29:05,657 [INFO] trainer: epoch 372 done train_loss=1.0326 dt=17.1s
2026-07-16 09:29:21,537 [INFO] trainer: epoch 373 step 50/54 loss=1.0736 lr=3.22e-05
2026-07-16 09:29:22,734 [INFO] trainer: epoch 373 done train_loss=1.0714 dt=17.1s
2026-07-16 09:29:38,613 [INFO] trainer: epoch 374 step 50/54 loss=1.0557 lr=3.18e-05
2026-07-16 09:29:39,809 [INFO] trainer: epoch 374 done train_loss=1.0590 dt=17.1s
2026-07-16 09:29:55,797 [INFO] trainer: epoch 375 step 50/54 loss=1.0800 lr=3.13e-05
2026-07-16 09:29:56,993 [INFO] trainer: epoch 375 done train_loss=1.0673 dt=17.2s
2026-07-16 09:31:06,188 [INFO] trainer: epoch 375 val_mean_dice=0.7893
2026-07-16 09:31:22,196 [INFO] trainer: epoch 376 step 50/54 loss=1.0328 lr=3.09e-05
2026-07-16 09:31:23,390 [INFO] trainer: epoch 376 done train_loss=1.0432 dt=17.2s
2026-07-16 09:31:39,114 [INFO] trainer: epoch 377 step 50/54 loss=1.0539 lr=3.04e-05
2026-07-16 09:31:40,309 [INFO] trainer: epoch 377 done train_loss=1.0523 dt=16.9s
2026-07-16 09:31:56,207 [INFO] trainer: epoch 378 step 50/54 loss=1.0459 lr=3.00e-05
2026-07-16 09:31:57,401 [INFO] trainer: epoch 378 done train_loss=1.0482 dt=17.1s
2026-07-16 09:32:13,226 [INFO] trainer: epoch 379 step 50/54 loss=1.0495 lr=2.95e-05
2026-07-16 09:32:14,422 [INFO] trainer: epoch 379 done train_loss=1.0421 dt=17.0s
2026-07-16 09:32:30,365 [INFO] trainer: epoch 380 step 50/54 loss=1.0841 lr=2.91e-05
2026-07-16 09:32:31,562 [INFO] trainer: epoch 380 done train_loss=1.0780 dt=17.1s
2026-07-16 09:33:13,225 [INFO] trainer: epoch 381 step 50/54 loss=1.0448 lr=2.86e-05
2026-07-16 09:33:14,479 [INFO] trainer: epoch 381 done train_loss=1.0393 dt=41.8s
2026-07-16 09:33:30,670 [INFO] trainer: epoch 382 step 50/54 loss=1.0709 lr=2.82e-05
2026-07-16 09:33:31,865 [INFO] trainer: epoch 382 done train_loss=1.0832 dt=17.4s
2026-07-16 09:33:48,304 [INFO] trainer: epoch 383 step 50/54 loss=1.0527 lr=2.77e-05
2026-07-16 09:33:49,501 [INFO] trainer: epoch 383 done train_loss=1.0587 dt=17.6s
2026-07-16 09:34:05,268 [INFO] trainer: epoch 384 step 50/54 loss=1.0769 lr=2.73e-05
2026-07-16 09:34:06,464 [INFO] trainer: epoch 384 done train_loss=1.0784 dt=17.0s
2026-07-16 09:34:22,364 [INFO] trainer: epoch 385 step 50/54 loss=1.0681 lr=2.69e-05
2026-07-16 09:34:23,559 [INFO] trainer: epoch 385 done train_loss=1.0542 dt=17.1s
2026-07-16 09:34:39,529 [INFO] trainer: epoch 386 step 50/54 loss=1.0780 lr=2.64e-05
2026-07-16 09:34:40,724 [INFO] trainer: epoch 386 done train_loss=1.0694 dt=17.2s
2026-07-16 09:34:56,715 [INFO] trainer: epoch 387 step 50/54 loss=1.0289 lr=2.60e-05
2026-07-16 09:34:57,912 [INFO] trainer: epoch 387 done train_loss=1.0319 dt=17.2s
2026-07-16 09:35:13,965 [INFO] trainer: epoch 388 step 50/54 loss=1.0579 lr=2.56e-05
2026-07-16 09:35:15,162 [INFO] trainer: epoch 388 done train_loss=1.0595 dt=17.2s
2026-07-16 09:35:30,983 [INFO] trainer: epoch 389 step 50/54 loss=1.0542 lr=2.52e-05
2026-07-16 09:35:32,179 [INFO] trainer: epoch 389 done train_loss=1.0738 dt=17.0s
2026-07-16 09:35:48,044 [INFO] trainer: epoch 390 step 50/54 loss=1.0303 lr=2.48e-05
2026-07-16 09:35:49,241 [INFO] trainer: epoch 390 done train_loss=1.0366 dt=17.1s
2026-07-16 09:36:06,503 [INFO] trainer: epoch 391 step 50/54 loss=1.0512 lr=2.44e-05
2026-07-16 09:36:07,698 [INFO] trainer: epoch 391 done train_loss=1.0416 dt=17.3s
2026-07-16 09:36:23,514 [INFO] trainer: epoch 392 step 50/54 loss=1.0691 lr=2.39e-05
2026-07-16 09:36:24,711 [INFO] trainer: epoch 392 done train_loss=1.0644 dt=17.0s
2026-07-16 09:36:40,463 [INFO] trainer: epoch 393 step 50/54 loss=1.0386 lr=2.35e-05
2026-07-16 09:36:41,660 [INFO] trainer: epoch 393 done train_loss=1.0314 dt=16.9s
2026-07-16 09:36:57,484 [INFO] trainer: epoch 394 step 50/54 loss=0.9722 lr=2.31e-05
2026-07-16 09:36:58,684 [INFO] trainer: epoch 394 done train_loss=0.9693 dt=17.0s
2026-07-16 09:37:14,785 [INFO] trainer: epoch 395 step 50/54 loss=1.0026 lr=2.27e-05
2026-07-16 09:37:16,066 [INFO] trainer: epoch 395 done train_loss=1.0069 dt=17.4s
2026-07-16 09:37:32,180 [INFO] trainer: epoch 396 step 50/54 loss=0.9850 lr=2.23e-05
2026-07-16 09:37:33,379 [INFO] trainer: epoch 396 done train_loss=0.9888 dt=17.3s
2026-07-16 09:37:49,256 [INFO] trainer: epoch 397 step 50/54 loss=1.0035 lr=2.19e-05
2026-07-16 09:37:50,453 [INFO] trainer: epoch 397 done train_loss=1.0066 dt=17.1s
2026-07-16 09:38:06,466 [INFO] trainer: epoch 398 step 50/54 loss=1.0369 lr=2.16e-05
2026-07-16 09:38:07,665 [INFO] trainer: epoch 398 done train_loss=1.0343 dt=17.2s
2026-07-16 09:38:23,565 [INFO] trainer: epoch 399 step 50/54 loss=1.0653 lr=2.12e-05
2026-07-16 09:38:24,762 [INFO] trainer: epoch 399 done train_loss=1.0665 dt=17.1s
2026-07-16 09:38:40,692 [INFO] trainer: epoch 400 step 50/54 loss=1.0370 lr=2.08e-05
2026-07-16 09:38:41,890 [INFO] trainer: epoch 400 done train_loss=1.0331 dt=17.1s
2026-07-16 09:39:48,535 [INFO] trainer: epoch 400 val_mean_dice=0.7987
2026-07-16 09:40:07,192 [INFO] trainer: epoch 401 step 50/54 loss=1.0743 lr=2.04e-05
2026-07-16 09:40:08,387 [INFO] trainer: epoch 401 done train_loss=1.0584 dt=17.5s
2026-07-16 09:40:24,178 [INFO] trainer: epoch 402 step 50/54 loss=1.0305 lr=2.00e-05
2026-07-16 09:40:25,375 [INFO] trainer: epoch 402 done train_loss=1.0309 dt=17.0s
2026-07-16 09:40:41,242 [INFO] trainer: epoch 403 step 50/54 loss=1.0874 lr=1.97e-05
2026-07-16 09:40:42,440 [INFO] trainer: epoch 403 done train_loss=1.0882 dt=17.1s
2026-07-16 09:40:58,330 [INFO] trainer: epoch 404 step 50/54 loss=1.0342 lr=1.93e-05
2026-07-16 09:40:59,528 [INFO] trainer: epoch 404 done train_loss=1.0348 dt=17.1s
2026-07-16 09:41:15,378 [INFO] trainer: epoch 405 step 50/54 loss=1.0102 lr=1.89e-05
2026-07-16 09:41:16,574 [INFO] trainer: epoch 405 done train_loss=1.0110 dt=17.0s
2026-07-16 09:41:32,504 [INFO] trainer: epoch 406 step 50/54 loss=1.0368 lr=1.86e-05
2026-07-16 09:41:33,701 [INFO] trainer: epoch 406 done train_loss=1.0291 dt=17.1s
2026-07-16 09:41:49,780 [INFO] trainer: epoch 407 step 50/54 loss=1.0565 lr=1.82e-05
2026-07-16 09:41:51,028 [INFO] trainer: epoch 407 done train_loss=1.0605 dt=17.3s
2026-07-16 09:42:10,329 [INFO] trainer: epoch 408 step 50/54 loss=1.0720 lr=1.78e-05
2026-07-16 09:42:11,525 [INFO] trainer: epoch 408 done train_loss=1.0851 dt=20.5s
2026-07-16 09:42:27,455 [INFO] trainer: epoch 409 step 50/54 loss=1.0293 lr=1.75e-05
2026-07-16 09:42:28,650 [INFO] trainer: epoch 409 done train_loss=1.0311 dt=17.1s
2026-07-16 09:42:44,631 [INFO] trainer: epoch 410 step 50/54 loss=1.0440 lr=1.71e-05
2026-07-16 09:42:45,826 [INFO] trainer: epoch 410 done train_loss=1.0381 dt=17.2s
2026-07-16 09:43:02,965 [INFO] trainer: epoch 411 step 50/54 loss=1.0807 lr=1.68e-05
2026-07-16 09:43:04,164 [INFO] trainer: epoch 411 done train_loss=1.0762 dt=17.1s
2026-07-16 09:43:20,093 [INFO] trainer: epoch 412 step 50/54 loss=1.0650 lr=1.64e-05
2026-07-16 09:43:21,290 [INFO] trainer: epoch 412 done train_loss=1.0653 dt=17.1s
2026-07-16 09:43:37,099 [INFO] trainer: epoch 413 step 50/54 loss=1.0884 lr=1.61e-05
2026-07-16 09:43:38,295 [INFO] trainer: epoch 413 done train_loss=1.0820 dt=17.0s
2026-07-16 09:43:54,191 [INFO] trainer: epoch 414 step 50/54 loss=1.0380 lr=1.58e-05
2026-07-16 09:43:55,390 [INFO] trainer: epoch 414 done train_loss=1.0437 dt=17.1s
2026-07-16 09:44:11,316 [INFO] trainer: epoch 415 step 50/54 loss=1.0658 lr=1.54e-05
2026-07-16 09:44:12,513 [INFO] trainer: epoch 415 done train_loss=1.0593 dt=17.1s
2026-07-16 09:44:28,380 [INFO] trainer: epoch 416 step 50/54 loss=1.0956 lr=1.51e-05
2026-07-16 09:44:29,576 [INFO] trainer: epoch 416 done train_loss=1.0806 dt=17.1s
2026-07-16 09:44:45,573 [INFO] trainer: epoch 417 step 50/54 loss=1.0626 lr=1.48e-05
2026-07-16 09:44:46,769 [INFO] trainer: epoch 417 done train_loss=1.0579 dt=17.2s
2026-07-16 09:45:02,790 [INFO] trainer: epoch 418 step 50/54 loss=1.0420 lr=1.45e-05
2026-07-16 09:45:03,989 [INFO] trainer: epoch 418 done train_loss=1.0391 dt=17.2s
2026-07-16 09:45:19,959 [INFO] trainer: epoch 419 step 50/54 loss=1.0451 lr=1.41e-05
2026-07-16 09:45:21,155 [INFO] trainer: epoch 419 done train_loss=1.0519 dt=17.2s
2026-07-16 09:45:37,279 [INFO] trainer: epoch 420 step 50/54 loss=1.0362 lr=1.38e-05
2026-07-16 09:45:38,477 [INFO] trainer: epoch 420 done train_loss=1.0321 dt=17.3s
2026-07-16 09:45:55,585 [INFO] trainer: epoch 421 step 50/54 loss=1.0687 lr=1.35e-05
2026-07-16 09:45:56,780 [INFO] trainer: epoch 421 done train_loss=1.0745 dt=17.1s
2026-07-16 09:46:12,848 [INFO] trainer: epoch 422 step 50/54 loss=1.0862 lr=1.32e-05
2026-07-16 09:46:14,045 [INFO] trainer: epoch 422 done train_loss=1.0779 dt=17.3s
2026-07-16 09:46:29,960 [INFO] trainer: epoch 423 step 50/54 loss=1.0528 lr=1.29e-05
2026-07-16 09:46:31,156 [INFO] trainer: epoch 423 done train_loss=1.0541 dt=17.1s
2026-07-16 09:46:46,924 [INFO] trainer: epoch 424 step 50/54 loss=1.0195 lr=1.26e-05
2026-07-16 09:46:48,120 [INFO] trainer: epoch 424 done train_loss=1.0271 dt=17.0s
2026-07-16 09:47:04,000 [INFO] trainer: epoch 425 step 50/54 loss=1.0159 lr=1.23e-05
2026-07-16 09:47:05,196 [INFO] trainer: epoch 425 done train_loss=1.0098 dt=17.1s
2026-07-16 09:48:06,989 [INFO] trainer: epoch 425 val_mean_dice=0.7989
2026-07-16 09:48:24,352 [INFO] trainer: epoch 426 step 50/54 loss=1.0290 lr=1.20e-05
2026-07-16 09:48:25,594 [INFO] trainer: epoch 426 done train_loss=1.0345 dt=17.4s
2026-07-16 09:48:41,606 [INFO] trainer: epoch 427 step 50/54 loss=1.0377 lr=1.17e-05
2026-07-16 09:48:42,801 [INFO] trainer: epoch 427 done train_loss=1.0278 dt=17.2s
2026-07-16 09:48:58,706 [INFO] trainer: epoch 428 step 50/54 loss=1.0226 lr=1.14e-05
2026-07-16 09:48:59,903 [INFO] trainer: epoch 428 done train_loss=1.0290 dt=17.1s
2026-07-16 09:49:15,662 [INFO] trainer: epoch 429 step 50/54 loss=1.0702 lr=1.12e-05
2026-07-16 09:49:16,858 [INFO] trainer: epoch 429 done train_loss=1.0677 dt=17.0s
2026-07-16 09:49:32,658 [INFO] trainer: epoch 430 step 50/54 loss=1.0730 lr=1.09e-05
2026-07-16 09:49:33,854 [INFO] trainer: epoch 430 done train_loss=1.0561 dt=17.0s
2026-07-16 09:49:50,912 [INFO] trainer: epoch 431 step 50/54 loss=1.0389 lr=1.06e-05
2026-07-16 09:49:52,110 [INFO] trainer: epoch 431 done train_loss=1.0327 dt=17.1s
2026-07-16 09:50:07,942 [INFO] trainer: epoch 432 step 50/54 loss=1.0386 lr=1.03e-05
2026-07-16 09:50:09,139 [INFO] trainer: epoch 432 done train_loss=1.0311 dt=17.0s
2026-07-16 09:50:25,089 [INFO] trainer: epoch 433 step 50/54 loss=0.9955 lr=1.01e-05
2026-07-16 09:50:26,286 [INFO] trainer: epoch 433 done train_loss=0.9919 dt=17.1s
2026-07-16 09:50:42,268 [INFO] trainer: epoch 434 step 50/54 loss=1.0607 lr=9.80e-06
2026-07-16 09:50:43,466 [INFO] trainer: epoch 434 done train_loss=1.0470 dt=17.2s
2026-07-16 09:50:59,363 [INFO] trainer: epoch 435 step 50/54 loss=0.9970 lr=9.54e-06
2026-07-16 09:51:00,561 [INFO] trainer: epoch 435 done train_loss=0.9979 dt=17.1s
2026-07-16 09:51:16,385 [INFO] trainer: epoch 436 step 50/54 loss=1.0850 lr=9.28e-06
2026-07-16 09:51:17,582 [INFO] trainer: epoch 436 done train_loss=1.0751 dt=17.0s
2026-07-16 09:51:33,563 [INFO] trainer: epoch 437 step 50/54 loss=1.0564 lr=9.03e-06
2026-07-16 09:51:34,762 [INFO] trainer: epoch 437 done train_loss=1.0631 dt=17.2s
2026-07-16 09:51:50,805 [INFO] trainer: epoch 438 step 50/54 loss=1.0621 lr=8.78e-06
2026-07-16 09:51:52,004 [INFO] trainer: epoch 438 done train_loss=1.0504 dt=17.2s
2026-07-16 09:52:07,776 [INFO] trainer: epoch 439 step 50/54 loss=1.0215 lr=8.53e-06
2026-07-16 09:52:08,975 [INFO] trainer: epoch 439 done train_loss=1.0204 dt=17.0s
2026-07-16 09:52:24,866 [INFO] trainer: epoch 440 step 50/54 loss=1.0446 lr=8.29e-06
2026-07-16 09:52:26,063 [INFO] trainer: epoch 440 done train_loss=1.0522 dt=17.1s
2026-07-16 09:52:43,235 [INFO] trainer: epoch 441 step 50/54 loss=1.0968 lr=8.05e-06
2026-07-16 09:52:44,432 [INFO] trainer: epoch 441 done train_loss=1.1066 dt=17.2s
2026-07-16 09:53:00,373 [INFO] trainer: epoch 442 step 50/54 loss=1.0265 lr=7.82e-06
2026-07-16 09:53:01,572 [INFO] trainer: epoch 442 done train_loss=1.0081 dt=17.1s
2026-07-16 09:53:17,505 [INFO] trainer: epoch 443 step 50/54 loss=1.0081 lr=7.59e-06
2026-07-16 09:53:18,703 [INFO] trainer: epoch 443 done train_loss=1.0205 dt=17.1s
2026-07-16 09:53:34,558 [INFO] trainer: epoch 444 step 50/54 loss=1.0498 lr=7.36e-06
2026-07-16 09:53:35,757 [INFO] trainer: epoch 444 done train_loss=1.0557 dt=17.1s
2026-07-16 09:53:51,675 [INFO] trainer: epoch 445 step 50/54 loss=1.0393 lr=7.14e-06
2026-07-16 09:53:52,875 [INFO] trainer: epoch 445 done train_loss=1.0504 dt=17.1s
2026-07-16 09:54:08,866 [INFO] trainer: epoch 446 step 50/54 loss=1.0188 lr=6.92e-06
2026-07-16 09:54:10,063 [INFO] trainer: epoch 446 done train_loss=1.0203 dt=17.2s
2026-07-16 09:54:25,883 [INFO] trainer: epoch 447 step 50/54 loss=1.0493 lr=6.71e-06
2026-07-16 09:54:27,080 [INFO] trainer: epoch 447 done train_loss=1.0433 dt=17.0s
2026-07-16 09:54:43,022 [INFO] trainer: epoch 448 step 50/54 loss=1.0185 lr=6.49e-06
2026-07-16 09:54:44,219 [INFO] trainer: epoch 448 done train_loss=1.0274 dt=17.1s
2026-07-16 09:55:00,125 [INFO] trainer: epoch 449 step 50/54 loss=1.0075 lr=6.29e-06
2026-07-16 09:55:01,322 [INFO] trainer: epoch 449 done train_loss=1.0251 dt=17.1s
2026-07-16 09:55:17,375 [INFO] trainer: epoch 450 step 50/54 loss=1.0323 lr=6.08e-06
2026-07-16 09:55:18,572 [INFO] trainer: epoch 450 done train_loss=1.0448 dt=17.3s
2026-07-16 09:56:19,670 [INFO] trainer: epoch 450 val_mean_dice=0.7985
2026-07-16 09:56:36,721 [INFO] trainer: epoch 451 step 50/54 loss=1.0735 lr=5.88e-06
2026-07-16 09:56:37,918 [INFO] trainer: epoch 451 done train_loss=1.0696 dt=17.1s
2026-07-16 09:56:53,740 [INFO] trainer: epoch 452 step 50/54 loss=1.0676 lr=5.69e-06
2026-07-16 09:56:54,938 [INFO] trainer: epoch 452 done train_loss=1.0674 dt=17.0s
2026-07-16 09:57:10,762 [INFO] trainer: epoch 453 step 50/54 loss=1.0276 lr=5.50e-06
2026-07-16 09:57:11,959 [INFO] trainer: epoch 453 done train_loss=1.0182 dt=17.0s
2026-07-16 09:57:27,792 [INFO] trainer: epoch 454 step 50/54 loss=1.0711 lr=5.31e-06
2026-07-16 09:57:28,989 [INFO] trainer: epoch 454 done train_loss=1.0599 dt=17.0s
2026-07-16 09:57:45,002 [INFO] trainer: epoch 455 step 50/54 loss=1.0380 lr=5.13e-06
2026-07-16 09:57:46,199 [INFO] trainer: epoch 455 done train_loss=1.0309 dt=17.2s
2026-07-16 09:58:01,952 [INFO] trainer: epoch 456 step 50/54 loss=1.0337 lr=4.95e-06
2026-07-16 09:58:03,149 [INFO] trainer: epoch 456 done train_loss=1.0273 dt=16.9s
2026-07-16 09:58:19,313 [INFO] trainer: epoch 457 step 50/54 loss=1.0709 lr=4.77e-06
2026-07-16 09:58:20,511 [INFO] trainer: epoch 457 done train_loss=1.0726 dt=17.4s
2026-07-16 09:58:36,447 [INFO] trainer: epoch 458 step 50/54 loss=1.0710 lr=4.60e-06
2026-07-16 09:58:37,645 [INFO] trainer: epoch 458 done train_loss=1.0598 dt=17.1s
2026-07-16 09:58:53,587 [INFO] trainer: epoch 459 step 50/54 loss=1.0473 lr=4.43e-06
2026-07-16 09:58:54,786 [INFO] trainer: epoch 459 done train_loss=1.0378 dt=17.1s
2026-07-16 09:59:10,863 [INFO] trainer: epoch 460 step 50/54 loss=1.0289 lr=4.27e-06
2026-07-16 09:59:12,062 [INFO] trainer: epoch 460 done train_loss=1.0334 dt=17.3s
2026-07-16 09:59:31,849 [INFO] trainer: epoch 461 step 50/54 loss=1.0703 lr=4.11e-06
2026-07-16 09:59:33,046 [INFO] trainer: epoch 461 done train_loss=1.0772 dt=17.3s
2026-07-16 09:59:48,999 [INFO] trainer: epoch 462 step 50/54 loss=1.0251 lr=3.95e-06
2026-07-16 09:59:50,196 [INFO] trainer: epoch 462 done train_loss=1.0281 dt=17.1s
2026-07-16 10:00:06,246 [INFO] trainer: epoch 463 step 50/54 loss=1.0750 lr=3.80e-06
2026-07-16 10:00:07,445 [INFO] trainer: epoch 463 done train_loss=1.0607 dt=17.2s
2026-07-16 10:00:23,364 [INFO] trainer: epoch 464 step 50/54 loss=1.0397 lr=3.65e-06
2026-07-16 10:00:24,564 [INFO] trainer: epoch 464 done train_loss=1.0516 dt=17.1s
2026-07-16 10:00:40,568 [INFO] trainer: epoch 465 step 50/54 loss=1.0183 lr=3.51e-06
2026-07-16 10:00:41,766 [INFO] trainer: epoch 465 done train_loss=1.0259 dt=17.2s
2026-07-16 10:00:57,627 [INFO] trainer: epoch 466 step 50/54 loss=1.0367 lr=3.36e-06
2026-07-16 10:00:58,825 [INFO] trainer: epoch 466 done train_loss=1.0572 dt=17.1s
2026-07-16 10:01:15,008 [INFO] trainer: epoch 467 step 50/54 loss=1.0205 lr=3.23e-06
2026-07-16 10:01:16,207 [INFO] trainer: epoch 467 done train_loss=1.0221 dt=17.4s
2026-07-16 10:01:32,171 [INFO] trainer: epoch 468 step 50/54 loss=1.0372 lr=3.10e-06
2026-07-16 10:01:33,369 [INFO] trainer: epoch 468 done train_loss=1.0291 dt=17.2s
2026-07-16 10:01:49,423 [INFO] trainer: epoch 469 step 50/54 loss=1.0774 lr=2.97e-06
2026-07-16 10:01:50,620 [INFO] trainer: epoch 469 done train_loss=1.0709 dt=17.2s
2026-07-16 10:02:06,534 [INFO] trainer: epoch 470 step 50/54 loss=1.0145 lr=2.84e-06
2026-07-16 10:02:07,732 [INFO] trainer: epoch 470 done train_loss=1.0303 dt=17.1s
2026-07-16 10:02:25,178 [INFO] trainer: epoch 471 step 50/54 loss=1.0183 lr=2.72e-06
2026-07-16 10:02:26,375 [INFO] trainer: epoch 471 done train_loss=1.0270 dt=17.3s
2026-07-16 10:02:42,222 [INFO] trainer: epoch 472 step 50/54 loss=1.0215 lr=2.61e-06
2026-07-16 10:02:43,421 [INFO] trainer: epoch 472 done train_loss=1.0314 dt=17.0s
2026-07-16 10:02:59,449 [INFO] trainer: epoch 473 step 50/54 loss=1.0380 lr=2.50e-06
2026-07-16 10:03:00,644 [INFO] trainer: epoch 473 done train_loss=1.0422 dt=17.2s
2026-07-16 10:03:16,540 [INFO] trainer: epoch 474 step 50/54 loss=1.0285 lr=2.39e-06
2026-07-16 10:03:17,738 [INFO] trainer: epoch 474 done train_loss=1.0273 dt=17.1s
2026-07-16 10:03:33,650 [INFO] trainer: epoch 475 step 50/54 loss=1.0547 lr=2.28e-06
2026-07-16 10:03:34,848 [INFO] trainer: epoch 475 done train_loss=1.0614 dt=17.1s
2026-07-16 10:04:35,883 [INFO] trainer: epoch 475 val_mean_dice=0.7985
2026-07-16 10:04:51,738 [INFO] trainer: epoch 476 step 50/54 loss=1.0719 lr=2.18e-06
2026-07-16 10:04:52,935 [INFO] trainer: epoch 476 done train_loss=1.0638 dt=17.0s
2026-07-16 10:05:08,977 [INFO] trainer: epoch 477 step 50/54 loss=1.0377 lr=2.09e-06
2026-07-16 10:05:10,174 [INFO] trainer: epoch 477 done train_loss=1.0320 dt=17.2s
2026-07-16 10:05:26,046 [INFO] trainer: epoch 478 step 50/54 loss=1.0448 lr=1.99e-06
2026-07-16 10:05:27,243 [INFO] trainer: epoch 478 done train_loss=1.0417 dt=17.1s
2026-07-16 10:05:43,224 [INFO] trainer: epoch 479 step 50/54 loss=1.0592 lr=1.91e-06
2026-07-16 10:05:44,421 [INFO] trainer: epoch 479 done train_loss=1.0436 dt=17.2s
2026-07-16 10:06:00,261 [INFO] trainer: epoch 480 step 50/54 loss=1.0906 lr=1.82e-06
2026-07-16 10:06:01,458 [INFO] trainer: epoch 480 done train_loss=1.0873 dt=17.0s
2026-07-16 10:06:18,638 [INFO] trainer: epoch 481 step 50/54 loss=1.0295 lr=1.74e-06
2026-07-16 10:06:19,834 [INFO] trainer: epoch 481 done train_loss=1.0304 dt=17.2s
2026-07-16 10:06:35,915 [INFO] trainer: epoch 482 step 50/54 loss=1.0558 lr=1.67e-06
2026-07-16 10:06:37,111 [INFO] trainer: epoch 482 done train_loss=1.0432 dt=17.3s
2026-07-16 10:06:52,976 [INFO] trainer: epoch 483 step 50/54 loss=1.0525 lr=1.60e-06
2026-07-16 10:06:54,171 [INFO] trainer: epoch 483 done train_loss=1.0376 dt=17.1s
2026-07-16 10:07:10,129 [INFO] trainer: epoch 484 step 50/54 loss=1.0231 lr=1.53e-06
2026-07-16 10:07:11,325 [INFO] trainer: epoch 484 done train_loss=1.0134 dt=17.2s
2026-07-16 10:07:27,338 [INFO] trainer: epoch 485 step 50/54 loss=1.0137 lr=1.46e-06
2026-07-16 10:07:28,534 [INFO] trainer: epoch 485 done train_loss=1.0187 dt=17.2s
2026-07-16 10:07:44,531 [INFO] trainer: epoch 486 step 50/54 loss=1.0496 lr=1.40e-06
2026-07-16 10:07:45,728 [INFO] trainer: epoch 486 done train_loss=1.0540 dt=17.2s
2026-07-16 10:08:01,568 [INFO] trainer: epoch 487 step 50/54 loss=0.9939 lr=1.35e-06
2026-07-16 10:08:02,767 [INFO] trainer: epoch 487 done train_loss=0.9962 dt=17.0s
2026-07-16 10:08:18,815 [INFO] trainer: epoch 488 step 50/54 loss=1.0168 lr=1.30e-06
2026-07-16 10:08:20,012 [INFO] trainer: epoch 488 done train_loss=1.0089 dt=17.2s
2026-07-16 10:08:35,975 [INFO] trainer: epoch 489 step 50/54 loss=1.0622 lr=1.25e-06
2026-07-16 10:08:37,172 [INFO] trainer: epoch 489 done train_loss=1.0693 dt=17.2s
2026-07-16 10:08:53,232 [INFO] trainer: epoch 490 step 50/54 loss=1.0261 lr=1.21e-06
2026-07-16 10:08:54,430 [INFO] trainer: epoch 490 done train_loss=1.0250 dt=17.3s
2026-07-16 10:09:11,813 [INFO] trainer: epoch 491 step 50/54 loss=1.0681 lr=1.17e-06
2026-07-16 10:09:13,010 [INFO] trainer: epoch 491 done train_loss=1.0615 dt=17.4s
2026-07-16 10:09:28,931 [INFO] trainer: epoch 492 step 50/54 loss=1.0300 lr=1.13e-06
2026-07-16 10:09:30,129 [INFO] trainer: epoch 492 done train_loss=1.0279 dt=17.1s
2026-07-16 10:09:45,946 [INFO] trainer: epoch 493 step 50/54 loss=1.0459 lr=1.10e-06
2026-07-16 10:09:47,143 [INFO] trainer: epoch 493 done train_loss=1.0359 dt=17.0s
2026-07-16 10:10:03,264 [INFO] trainer: epoch 494 step 50/54 loss=1.0182 lr=1.08e-06
2026-07-16 10:10:04,464 [INFO] trainer: epoch 494 done train_loss=1.0165 dt=17.3s
2026-07-16 10:10:20,519 [INFO] trainer: epoch 495 step 50/54 loss=1.1192 lr=1.05e-06
2026-07-16 10:10:21,717 [INFO] trainer: epoch 495 done train_loss=1.1280 dt=17.3s
2026-07-16 10:10:37,780 [INFO] trainer: epoch 496 step 50/54 loss=1.0219 lr=1.03e-06
2026-07-16 10:10:38,979 [INFO] trainer: epoch 496 done train_loss=1.0223 dt=17.3s
2026-07-16 10:10:54,809 [INFO] trainer: epoch 497 step 50/54 loss=1.0873 lr=1.02e-06
2026-07-16 10:10:56,006 [INFO] trainer: epoch 497 done train_loss=1.1083 dt=17.0s
2026-07-16 10:11:11,999 [INFO] trainer: epoch 498 step 50/54 loss=1.0718 lr=1.01e-06
2026-07-16 10:11:13,195 [INFO] trainer: epoch 498 done train_loss=1.0795 dt=17.2s
2026-07-16 10:11:29,122 [INFO] trainer: epoch 499 step 50/54 loss=1.0472 lr=1.00e-06
2026-07-16 10:11:30,318 [INFO] trainer: epoch 499 done train_loss=1.0450 dt=17.1s
2026-07-16 10:11:46,396 [INFO] trainer: epoch 500 step 50/54 loss=1.0865 lr=1.00e-06
2026-07-16 10:11:47,593 [INFO] trainer: epoch 500 done train_loss=1.0827 dt=17.3s
2026-07-16 10:12:49,096 [INFO] trainer: epoch 500 val_mean_dice=0.7984
2026-07-16 10:12:50,272 [INFO] trainer: total time 9977.0 s, best dice 0.7989 (epochs 1-500 / 500)
