2026-07-16 07:23:14,553 [INFO] train: ========================================================================
2026-07-16 07:23:14,556 [INFO] train: model=voco_h config=configs/lowshot/ls_vocoH_ft_pt_f010.yaml
2026-07-16 07:23:14,556 [INFO] train: output=/scratch/lskrlj/runs/ls_vocoH_ft_pt_f010 device=cuda (NVIDIA A100-SXM4-40GB)
2026-07-16 07:23:14,556 [INFO] train: epochs=500 batch_size=2 grad_accum=2 eff_batch=4 lr=0.0002 amp=True
2026-07-16 07:23:14,556 [INFO] train: ========================================================================
2026-07-16 07:23:14,559 [INFO] train: splits: train=1082 val=57 classes=117
2026-07-16 07:23:14,559 [INFO] train: low-shot: train_fraction=0.1000 seed=1234 -> 108/1082 train cases
2026-07-16 07:23:14,755 [INFO] train: disk cache: /scratch/lskrlj/cache/TotalSeg/833d9d046402 (fingerprint=833d9d046402)
2026-07-16 07:26:11,876 [INFO] train: model voco_h, trainable params: 304612890 / 304612890 total (freeze_backbone=False)
2026-07-16 07:26:33,249 [WARNING] trainer: --resume set but no checkpoint found in /scratch/lskrlj/runs/ls_vocoH_ft_pt_f010; starting fresh
2026-07-16 07:26:33,250 [INFO] trainer: start: epochs 1-500/500 device=cuda amp=bf16 train_batches=54 val_batches=57
2026-07-16 07:27:05,411 [INFO] trainer: epoch 1 step 50/54 loss=10.6446 lr=1.85e-05
2026-07-16 07:27:07,637 [INFO] trainer: epoch 1 done train_loss=10.6154 dt=34.4s
2026-07-16 07:27:36,376 [INFO] trainer: epoch 2 step 50/54 loss=9.6014 lr=3.85e-05
2026-07-16 07:27:38,609 [INFO] trainer: epoch 2 done train_loss=9.5632 dt=31.0s
2026-07-16 07:28:14,256 [INFO] trainer: epoch 3 step 50/54 loss=8.5991 lr=5.85e-05
2026-07-16 07:28:16,479 [INFO] trainer: epoch 3 done train_loss=8.5758 dt=37.9s
2026-07-16 07:28:45,324 [INFO] trainer: epoch 4 step 50/54 loss=7.9211 lr=7.85e-05
2026-07-16 07:28:47,550 [INFO] trainer: epoch 4 done train_loss=7.9124 dt=31.1s
2026-07-16 07:29:16,145 [INFO] trainer: epoch 5 step 50/54 loss=7.4585 lr=9.85e-05
2026-07-16 07:29:18,375 [INFO] trainer: epoch 5 done train_loss=7.4263 dt=30.8s
2026-07-16 07:29:47,100 [INFO] trainer: epoch 6 step 50/54 loss=6.9605 lr=1.19e-04
2026-07-16 07:29:49,329 [INFO] trainer: epoch 6 done train_loss=6.9385 dt=31.0s
2026-07-16 07:30:22,062 [INFO] trainer: epoch 7 step 50/54 loss=6.4834 lr=1.39e-04
2026-07-16 07:30:24,290 [INFO] trainer: epoch 7 done train_loss=6.4700 dt=35.0s
2026-07-16 07:30:53,208 [INFO] trainer: epoch 8 step 50/54 loss=6.0703 lr=1.59e-04
2026-07-16 07:30:55,432 [INFO] trainer: epoch 8 done train_loss=6.0496 dt=31.1s
2026-07-16 07:31:23,950 [INFO] trainer: epoch 9 step 50/54 loss=5.6478 lr=1.79e-04
2026-07-16 07:31:26,172 [INFO] trainer: epoch 9 done train_loss=5.6287 dt=30.7s
2026-07-16 07:31:54,703 [INFO] trainer: epoch 10 step 50/54 loss=5.2184 lr=1.99e-04
2026-07-16 07:31:56,926 [INFO] trainer: epoch 10 done train_loss=5.2034 dt=30.8s
2026-07-16 07:32:31,755 [INFO] trainer: epoch 11 step 50/54 loss=4.8484 lr=2.00e-04
2026-07-16 07:32:33,993 [INFO] trainer: epoch 11 done train_loss=4.8306 dt=34.4s
2026-07-16 07:33:02,867 [INFO] trainer: epoch 12 step 50/54 loss=4.4511 lr=2.00e-04
2026-07-16 07:33:05,086 [INFO] trainer: epoch 12 done train_loss=4.4443 dt=31.1s
2026-07-16 07:33:33,590 [INFO] trainer: epoch 13 step 50/54 loss=4.1292 lr=2.00e-04
2026-07-16 07:33:35,811 [INFO] trainer: epoch 13 done train_loss=4.1215 dt=30.7s
2026-07-16 07:34:04,467 [INFO] trainer: epoch 14 step 50/54 loss=3.9070 lr=2.00e-04
2026-07-16 07:34:06,690 [INFO] trainer: epoch 14 done train_loss=3.8964 dt=30.9s
2026-07-16 07:34:39,481 [INFO] trainer: epoch 15 step 50/54 loss=3.6799 lr=2.00e-04
2026-07-16 07:34:41,703 [INFO] trainer: epoch 15 done train_loss=3.6828 dt=35.0s
2026-07-16 07:35:10,234 [INFO] trainer: epoch 16 step 50/54 loss=3.5523 lr=2.00e-04
2026-07-16 07:35:12,456 [INFO] trainer: epoch 16 done train_loss=3.5470 dt=30.8s
2026-07-16 07:35:41,035 [INFO] trainer: epoch 17 step 50/54 loss=3.4366 lr=2.00e-04
2026-07-16 07:35:43,258 [INFO] trainer: epoch 17 done train_loss=3.4344 dt=30.8s
2026-07-16 07:36:15,106 [INFO] trainer: epoch 18 step 50/54 loss=3.2653 lr=2.00e-04
2026-07-16 07:36:17,329 [INFO] trainer: epoch 18 done train_loss=3.2597 dt=34.1s
2026-07-16 07:36:46,068 [INFO] trainer: epoch 19 step 50/54 loss=3.1899 lr=2.00e-04
2026-07-16 07:36:48,290 [INFO] trainer: epoch 19 done train_loss=3.1919 dt=31.0s
2026-07-16 07:37:17,006 [INFO] trainer: epoch 20 step 50/54 loss=3.0993 lr=2.00e-04
2026-07-16 07:37:19,227 [INFO] trainer: epoch 20 done train_loss=3.0867 dt=30.9s
2026-07-16 07:37:50,631 [INFO] trainer: epoch 21 step 50/54 loss=2.9985 lr=2.00e-04
2026-07-16 07:37:52,851 [INFO] trainer: epoch 21 done train_loss=2.9960 dt=31.0s
2026-07-16 07:38:21,467 [INFO] trainer: epoch 22 step 50/54 loss=2.9639 lr=2.00e-04
2026-07-16 07:38:23,689 [INFO] trainer: epoch 22 done train_loss=2.9749 dt=30.8s
2026-07-16 07:38:55,921 [INFO] trainer: epoch 23 step 50/54 loss=2.9201 lr=2.00e-04
2026-07-16 07:38:58,144 [INFO] trainer: epoch 23 done train_loss=2.9218 dt=34.5s
2026-07-16 07:39:26,731 [INFO] trainer: epoch 24 step 50/54 loss=2.8499 lr=2.00e-04
2026-07-16 07:39:28,952 [INFO] trainer: epoch 24 done train_loss=2.8431 dt=30.8s
2026-07-16 07:39:57,549 [INFO] trainer: epoch 25 step 50/54 loss=2.7713 lr=2.00e-04
2026-07-16 07:39:59,768 [INFO] trainer: epoch 25 done train_loss=2.7722 dt=30.8s
2026-07-16 07:42:42,570 [INFO] trainer: epoch 25 val_mean_dice=0.0350
2026-07-16 07:43:14,921 [INFO] trainer: epoch 26 step 50/54 loss=2.7407 lr=1.99e-04
2026-07-16 07:43:20,857 [INFO] trainer: epoch 26 done train_loss=2.7292 dt=35.1s
2026-07-16 07:43:51,670 [INFO] trainer: epoch 27 step 50/54 loss=2.6992 lr=1.99e-04
2026-07-16 07:43:53,893 [INFO] trainer: epoch 27 done train_loss=2.7002 dt=32.8s
2026-07-16 07:44:22,519 [INFO] trainer: epoch 28 step 50/54 loss=2.6501 lr=1.99e-04
2026-07-16 07:44:24,737 [INFO] trainer: epoch 28 done train_loss=2.6530 dt=30.8s
2026-07-16 07:44:53,162 [INFO] trainer: epoch 29 step 50/54 loss=2.6424 lr=1.99e-04
2026-07-16 07:44:55,382 [INFO] trainer: epoch 29 done train_loss=2.6394 dt=30.6s
2026-07-16 07:45:26,950 [INFO] trainer: epoch 30 step 50/54 loss=2.6096 lr=1.99e-04
2026-07-16 07:45:29,183 [INFO] trainer: epoch 30 done train_loss=2.6029 dt=33.8s
2026-07-16 07:46:00,592 [INFO] trainer: epoch 31 step 50/54 loss=2.5415 lr=1.99e-04
2026-07-16 07:46:02,813 [INFO] trainer: epoch 31 done train_loss=2.5404 dt=31.0s
2026-07-16 07:46:31,557 [INFO] trainer: epoch 32 step 50/54 loss=2.5042 lr=1.99e-04
2026-07-16 07:46:33,775 [INFO] trainer: epoch 32 done train_loss=2.5043 dt=31.0s
2026-07-16 07:47:02,261 [INFO] trainer: epoch 33 step 50/54 loss=2.4657 lr=1.99e-04
2026-07-16 07:47:04,482 [INFO] trainer: epoch 33 done train_loss=2.4624 dt=30.7s
2026-07-16 07:47:36,657 [INFO] trainer: epoch 34 step 50/54 loss=2.4546 lr=1.99e-04
2026-07-16 07:47:38,887 [INFO] trainer: epoch 34 done train_loss=2.4519 dt=34.4s
2026-07-16 07:48:07,713 [INFO] trainer: epoch 35 step 50/54 loss=2.4021 lr=1.99e-04
2026-07-16 07:48:09,932 [INFO] trainer: epoch 35 done train_loss=2.4069 dt=31.0s
2026-07-16 07:48:38,307 [INFO] trainer: epoch 36 step 50/54 loss=2.3591 lr=1.99e-04
2026-07-16 07:48:40,526 [INFO] trainer: epoch 36 done train_loss=2.3591 dt=30.6s
2026-07-16 07:49:11,241 [INFO] trainer: epoch 37 step 50/54 loss=2.3599 lr=1.99e-04
2026-07-16 07:49:13,472 [INFO] trainer: epoch 37 done train_loss=2.3638 dt=32.9s
2026-07-16 07:49:42,385 [INFO] trainer: epoch 38 step 50/54 loss=2.3337 lr=1.98e-04
2026-07-16 07:49:44,604 [INFO] trainer: epoch 38 done train_loss=2.3348 dt=31.1s
2026-07-16 07:50:13,122 [INFO] trainer: epoch 39 step 50/54 loss=2.3329 lr=1.98e-04
2026-07-16 07:50:15,345 [INFO] trainer: epoch 39 done train_loss=2.3283 dt=30.7s
2026-07-16 07:50:43,807 [INFO] trainer: epoch 40 step 50/54 loss=2.2900 lr=1.98e-04
2026-07-16 07:50:46,028 [INFO] trainer: epoch 40 done train_loss=2.3004 dt=30.7s
2026-07-16 07:51:20,793 [INFO] trainer: epoch 41 step 50/54 loss=2.2569 lr=1.98e-04
2026-07-16 07:51:23,032 [INFO] trainer: epoch 41 done train_loss=2.2527 dt=34.4s
2026-07-16 07:51:51,563 [INFO] trainer: epoch 42 step 50/54 loss=2.2098 lr=1.98e-04
2026-07-16 07:51:53,782 [INFO] trainer: epoch 42 done train_loss=2.1979 dt=30.7s
2026-07-16 07:52:22,466 [INFO] trainer: epoch 43 step 50/54 loss=2.1730 lr=1.98e-04
2026-07-16 07:52:24,686 [INFO] trainer: epoch 43 done train_loss=2.1698 dt=30.9s
2026-07-16 07:52:53,270 [INFO] trainer: epoch 44 step 50/54 loss=2.1725 lr=1.98e-04
2026-07-16 07:52:56,155 [INFO] trainer: epoch 44 done train_loss=2.1705 dt=31.5s
2026-07-16 07:53:29,469 [INFO] trainer: epoch 45 step 50/54 loss=2.1568 lr=1.98e-04
2026-07-16 07:53:31,687 [INFO] trainer: epoch 45 done train_loss=2.1533 dt=35.5s
2026-07-16 07:54:00,449 [INFO] trainer: epoch 46 step 50/54 loss=2.1380 lr=1.97e-04
2026-07-16 07:54:02,668 [INFO] trainer: epoch 46 done train_loss=2.1346 dt=31.0s
2026-07-16 07:54:31,267 [INFO] trainer: epoch 47 step 50/54 loss=2.1178 lr=1.97e-04
2026-07-16 07:54:33,488 [INFO] trainer: epoch 47 done train_loss=2.1244 dt=30.8s
2026-07-16 07:55:02,064 [INFO] trainer: epoch 48 step 50/54 loss=2.1068 lr=1.97e-04
2026-07-16 07:55:04,285 [INFO] trainer: epoch 48 done train_loss=2.1090 dt=30.8s
2026-07-16 07:55:37,573 [INFO] trainer: epoch 49 step 50/54 loss=2.0868 lr=1.97e-04
2026-07-16 07:55:39,799 [INFO] trainer: epoch 49 done train_loss=2.0873 dt=35.5s
2026-07-16 07:56:08,466 [INFO] trainer: epoch 50 step 50/54 loss=2.0338 lr=1.97e-04
2026-07-16 07:56:10,687 [INFO] trainer: epoch 50 done train_loss=2.0387 dt=30.9s
2026-07-16 07:58:48,987 [INFO] trainer: epoch 50 val_mean_dice=0.2661
2026-07-16 07:59:31,242 [INFO] trainer: epoch 51 step 50/54 loss=2.0318 lr=1.97e-04
2026-07-16 07:59:33,537 [INFO] trainer: epoch 51 done train_loss=2.0324 dt=39.5s
2026-07-16 08:00:02,261 [INFO] trainer: epoch 52 step 50/54 loss=1.9860 lr=1.96e-04
2026-07-16 08:00:04,480 [INFO] trainer: epoch 52 done train_loss=1.9942 dt=30.9s
2026-07-16 08:00:33,081 [INFO] trainer: epoch 53 step 50/54 loss=1.9806 lr=1.96e-04
2026-07-16 08:00:35,303 [INFO] trainer: epoch 53 done train_loss=1.9765 dt=30.8s
2026-07-16 08:01:06,196 [INFO] trainer: epoch 54 step 50/54 loss=1.9772 lr=1.96e-04
2026-07-16 08:01:08,765 [INFO] trainer: epoch 54 done train_loss=1.9740 dt=33.5s
2026-07-16 08:01:46,998 [INFO] trainer: epoch 55 step 50/54 loss=1.9513 lr=1.96e-04
2026-07-16 08:01:49,219 [INFO] trainer: epoch 55 done train_loss=1.9564 dt=40.5s
2026-07-16 08:02:17,879 [INFO] trainer: epoch 56 step 50/54 loss=1.9206 lr=1.96e-04
2026-07-16 08:02:20,097 [INFO] trainer: epoch 56 done train_loss=1.9268 dt=30.9s
2026-07-16 08:02:48,712 [INFO] trainer: epoch 57 step 50/54 loss=1.9221 lr=1.96e-04
2026-07-16 08:02:50,931 [INFO] trainer: epoch 57 done train_loss=1.9102 dt=30.8s
2026-07-16 08:03:19,692 [INFO] trainer: epoch 58 step 50/54 loss=1.8918 lr=1.95e-04
2026-07-16 08:03:28,838 [INFO] trainer: epoch 58 done train_loss=1.9058 dt=37.9s
2026-07-16 08:03:57,406 [INFO] trainer: epoch 59 step 50/54 loss=1.8920 lr=1.95e-04
2026-07-16 08:03:59,624 [INFO] trainer: epoch 59 done train_loss=1.8811 dt=30.8s
2026-07-16 08:04:31,243 [INFO] trainer: epoch 60 step 50/54 loss=1.8904 lr=1.95e-04
2026-07-16 08:04:33,499 [INFO] trainer: epoch 60 done train_loss=1.8979 dt=33.9s
2026-07-16 08:05:05,041 [INFO] trainer: epoch 61 step 50/54 loss=1.8641 lr=1.95e-04
2026-07-16 08:05:07,260 [INFO] trainer: epoch 61 done train_loss=1.8709 dt=31.0s
2026-07-16 08:05:35,935 [INFO] trainer: epoch 62 step 50/54 loss=1.8586 lr=1.95e-04
2026-07-16 08:05:38,157 [INFO] trainer: epoch 62 done train_loss=1.8479 dt=30.9s
2026-07-16 08:06:06,860 [INFO] trainer: epoch 63 step 50/54 loss=1.8254 lr=1.94e-04
2026-07-16 08:06:09,081 [INFO] trainer: epoch 63 done train_loss=1.8238 dt=30.9s
2026-07-16 08:06:41,585 [INFO] trainer: epoch 64 step 50/54 loss=1.8110 lr=1.94e-04
2026-07-16 08:06:43,898 [INFO] trainer: epoch 64 done train_loss=1.8080 dt=34.8s
2026-07-16 08:07:12,578 [INFO] trainer: epoch 65 step 50/54 loss=1.8097 lr=1.94e-04
2026-07-16 08:07:14,801 [INFO] trainer: epoch 65 done train_loss=1.8070 dt=30.9s
2026-07-16 08:07:43,638 [INFO] trainer: epoch 66 step 50/54 loss=1.7758 lr=1.94e-04
2026-07-16 08:07:45,861 [INFO] trainer: epoch 66 done train_loss=1.7719 dt=31.1s
2026-07-16 08:08:14,385 [INFO] trainer: epoch 67 step 50/54 loss=1.8179 lr=1.93e-04
2026-07-16 08:08:16,605 [INFO] trainer: epoch 67 done train_loss=1.8085 dt=30.7s
2026-07-16 08:08:48,635 [INFO] trainer: epoch 68 step 50/54 loss=1.7810 lr=1.93e-04
2026-07-16 08:08:50,892 [INFO] trainer: epoch 68 done train_loss=1.7679 dt=34.3s
2026-07-16 08:09:19,548 [INFO] trainer: epoch 69 step 50/54 loss=1.7769 lr=1.93e-04
2026-07-16 08:09:21,767 [INFO] trainer: epoch 69 done train_loss=1.7724 dt=30.9s
2026-07-16 08:09:50,246 [INFO] trainer: epoch 70 step 50/54 loss=1.7471 lr=1.93e-04
2026-07-16 08:09:52,467 [INFO] trainer: epoch 70 done train_loss=1.7398 dt=30.7s
2026-07-16 08:10:34,415 [INFO] trainer: epoch 71 step 50/54 loss=1.7261 lr=1.93e-04
2026-07-16 08:10:36,843 [INFO] trainer: epoch 71 done train_loss=1.7314 dt=34.2s
2026-07-16 08:11:05,878 [INFO] trainer: epoch 72 step 50/54 loss=1.7184 lr=1.92e-04
2026-07-16 08:11:08,099 [INFO] trainer: epoch 72 done train_loss=1.7236 dt=31.3s
2026-07-16 08:11:36,806 [INFO] trainer: epoch 73 step 50/54 loss=1.7089 lr=1.92e-04
2026-07-16 08:11:39,032 [INFO] trainer: epoch 73 done train_loss=1.6962 dt=30.9s
2026-07-16 08:12:07,729 [INFO] trainer: epoch 74 step 50/54 loss=1.6747 lr=1.92e-04
2026-07-16 08:12:09,949 [INFO] trainer: epoch 74 done train_loss=1.6647 dt=30.9s
2026-07-16 08:12:41,983 [INFO] trainer: epoch 75 step 50/54 loss=1.6873 lr=1.92e-04
2026-07-16 08:12:44,219 [INFO] trainer: epoch 75 done train_loss=1.6785 dt=34.3s
2026-07-16 08:15:28,711 [INFO] trainer: epoch 75 val_mean_dice=0.5547
2026-07-16 08:16:00,802 [INFO] trainer: epoch 76 step 50/54 loss=1.6771 lr=1.91e-04
2026-07-16 08:16:03,020 [INFO] trainer: epoch 76 done train_loss=1.6892 dt=31.1s
2026-07-16 08:16:34,985 [INFO] trainer: epoch 77 step 50/54 loss=1.6768 lr=1.91e-04
2026-07-16 08:16:37,209 [INFO] trainer: epoch 77 done train_loss=1.6635 dt=34.2s
2026-07-16 08:17:06,180 [INFO] trainer: epoch 78 step 50/54 loss=1.6310 lr=1.91e-04
2026-07-16 08:17:08,398 [INFO] trainer: epoch 78 done train_loss=1.6348 dt=31.2s
2026-07-16 08:17:36,880 [INFO] trainer: epoch 79 step 50/54 loss=1.6598 lr=1.90e-04
2026-07-16 08:17:39,099 [INFO] trainer: epoch 79 done train_loss=1.6550 dt=30.7s
2026-07-16 08:18:11,362 [INFO] trainer: epoch 80 step 50/54 loss=1.6279 lr=1.90e-04
2026-07-16 08:18:13,664 [INFO] trainer: epoch 80 done train_loss=1.6337 dt=34.6s
2026-07-16 08:18:45,566 [INFO] trainer: epoch 81 step 50/54 loss=1.6251 lr=1.90e-04
2026-07-16 08:18:47,789 [INFO] trainer: epoch 81 done train_loss=1.6295 dt=31.2s
2026-07-16 08:19:16,276 [INFO] trainer: epoch 82 step 50/54 loss=1.5777 lr=1.90e-04
2026-07-16 08:19:18,498 [INFO] trainer: epoch 82 done train_loss=1.5790 dt=30.7s
2026-07-16 08:19:47,010 [INFO] trainer: epoch 83 step 50/54 loss=1.6376 lr=1.89e-04
2026-07-16 08:19:49,231 [INFO] trainer: epoch 83 done train_loss=1.6309 dt=30.7s
2026-07-16 08:20:21,339 [INFO] trainer: epoch 84 step 50/54 loss=1.5710 lr=1.89e-04
2026-07-16 08:20:23,577 [INFO] trainer: epoch 84 done train_loss=1.5783 dt=34.3s
2026-07-16 08:20:52,193 [INFO] trainer: epoch 85 step 50/54 loss=1.6160 lr=1.89e-04
2026-07-16 08:20:54,414 [INFO] trainer: epoch 85 done train_loss=1.6062 dt=30.8s
2026-07-16 08:21:22,893 [INFO] trainer: epoch 86 step 50/54 loss=1.5680 lr=1.88e-04
2026-07-16 08:21:25,124 [INFO] trainer: epoch 86 done train_loss=1.5774 dt=30.7s
2026-07-16 08:21:53,704 [INFO] trainer: epoch 87 step 50/54 loss=1.5449 lr=1.88e-04
2026-07-16 08:21:55,923 [INFO] trainer: epoch 87 done train_loss=1.5337 dt=30.8s
2026-07-16 08:22:28,194 [INFO] trainer: epoch 88 step 50/54 loss=1.5820 lr=1.88e-04
2026-07-16 08:22:30,493 [INFO] trainer: epoch 88 done train_loss=1.5764 dt=34.6s
2026-07-16 08:22:59,843 [INFO] trainer: epoch 89 step 50/54 loss=1.5237 lr=1.88e-04
2026-07-16 08:23:02,062 [INFO] trainer: epoch 89 done train_loss=1.5399 dt=31.6s
2026-07-16 08:23:30,732 [INFO] trainer: epoch 90 step 50/54 loss=1.5497 lr=1.87e-04
2026-07-16 08:23:32,952 [INFO] trainer: epoch 90 done train_loss=1.5560 dt=30.9s
2026-07-16 08:24:04,168 [INFO] trainer: epoch 91 step 50/54 loss=1.5229 lr=1.87e-04
2026-07-16 08:24:06,387 [INFO] trainer: epoch 91 done train_loss=1.5442 dt=30.9s
2026-07-16 08:24:38,891 [INFO] trainer: epoch 92 step 50/54 loss=1.5340 lr=1.87e-04
2026-07-16 08:24:41,201 [INFO] trainer: epoch 92 done train_loss=1.5363 dt=34.8s
2026-07-16 08:25:09,818 [INFO] trainer: epoch 93 step 50/54 loss=1.5348 lr=1.86e-04
2026-07-16 08:25:12,037 [INFO] trainer: epoch 93 done train_loss=1.5282 dt=30.8s
2026-07-16 08:25:40,669 [INFO] trainer: epoch 94 step 50/54 loss=1.5296 lr=1.86e-04
2026-07-16 08:25:42,887 [INFO] trainer: epoch 94 done train_loss=1.5352 dt=30.8s
2026-07-16 08:26:11,413 [INFO] trainer: epoch 95 step 50/54 loss=1.5057 lr=1.86e-04
2026-07-16 08:26:13,634 [INFO] trainer: epoch 95 done train_loss=1.5163 dt=30.7s
2026-07-16 08:26:46,152 [INFO] trainer: epoch 96 step 50/54 loss=1.5023 lr=1.85e-04
2026-07-16 08:26:48,394 [INFO] trainer: epoch 96 done train_loss=1.4967 dt=34.8s
2026-07-16 08:27:17,199 [INFO] trainer: epoch 97 step 50/54 loss=1.5318 lr=1.85e-04
2026-07-16 08:27:19,419 [INFO] trainer: epoch 97 done train_loss=1.5158 dt=31.0s
2026-07-16 08:27:47,818 [INFO] trainer: epoch 98 step 50/54 loss=1.5399 lr=1.85e-04
2026-07-16 08:27:50,037 [INFO] trainer: epoch 98 done train_loss=1.5373 dt=30.6s
2026-07-16 08:28:18,525 [INFO] trainer: epoch 99 step 50/54 loss=1.4776 lr=1.84e-04
2026-07-16 08:28:20,745 [INFO] trainer: epoch 99 done train_loss=1.4705 dt=30.7s
2026-07-16 08:28:49,173 [INFO] trainer: epoch 100 step 50/54 loss=1.5205 lr=1.84e-04
2026-07-16 08:28:54,380 [INFO] trainer: epoch 100 done train_loss=1.5113 dt=33.6s
2026-07-16 08:31:37,319 [INFO] trainer: epoch 100 val_mean_dice=0.6800
2026-07-16 08:32:11,730 [INFO] trainer: epoch 101 step 50/54 loss=1.4750 lr=1.84e-04
2026-07-16 08:32:13,948 [INFO] trainer: epoch 101 done train_loss=1.4823 dt=31.1s
2026-07-16 08:32:42,313 [INFO] trainer: epoch 102 step 50/54 loss=1.5077 lr=1.83e-04
2026-07-16 08:32:44,533 [INFO] trainer: epoch 102 done train_loss=1.5156 dt=30.6s
2026-07-16 08:33:18,156 [INFO] trainer: epoch 103 step 50/54 loss=1.4761 lr=1.83e-04
2026-07-16 08:33:20,448 [INFO] trainer: epoch 103 done train_loss=1.4809 dt=35.9s
2026-07-16 08:33:54,048 [INFO] trainer: epoch 104 step 50/54 loss=1.4621 lr=1.82e-04
2026-07-16 08:33:56,266 [INFO] trainer: epoch 104 done train_loss=1.4677 dt=35.8s
2026-07-16 08:34:24,619 [INFO] trainer: epoch 105 step 50/54 loss=1.4780 lr=1.82e-04
2026-07-16 08:34:26,838 [INFO] trainer: epoch 105 done train_loss=1.4754 dt=30.6s
2026-07-16 08:34:55,472 [INFO] trainer: epoch 106 step 50/54 loss=1.4276 lr=1.82e-04
2026-07-16 08:34:57,692 [INFO] trainer: epoch 106 done train_loss=1.4332 dt=30.9s
2026-07-16 08:35:29,933 [INFO] trainer: epoch 107 step 50/54 loss=1.4331 lr=1.81e-04
2026-07-16 08:35:32,166 [INFO] trainer: epoch 107 done train_loss=1.4384 dt=34.5s
2026-07-16 08:36:00,786 [INFO] trainer: epoch 108 step 50/54 loss=1.4739 lr=1.81e-04
2026-07-16 08:36:03,004 [INFO] trainer: epoch 108 done train_loss=1.4737 dt=30.8s
2026-07-16 08:36:31,654 [INFO] trainer: epoch 109 step 50/54 loss=1.4373 lr=1.81e-04
2026-07-16 08:36:33,874 [INFO] trainer: epoch 109 done train_loss=1.4460 dt=30.9s
2026-07-16 08:37:02,685 [INFO] trainer: epoch 110 step 50/54 loss=1.4401 lr=1.80e-04
2026-07-16 08:37:04,904 [INFO] trainer: epoch 110 done train_loss=1.4410 dt=31.0s
2026-07-16 08:37:40,047 [INFO] trainer: epoch 111 step 50/54 loss=1.4126 lr=1.80e-04
2026-07-16 08:37:42,292 [INFO] trainer: epoch 111 done train_loss=1.4104 dt=34.9s
2026-07-16 08:38:11,246 [INFO] trainer: epoch 112 step 50/54 loss=1.4479 lr=1.79e-04
2026-07-16 08:38:13,465 [INFO] trainer: epoch 112 done train_loss=1.4315 dt=31.2s
2026-07-16 08:38:41,930 [INFO] trainer: epoch 113 step 50/54 loss=1.4183 lr=1.79e-04
2026-07-16 08:38:44,149 [INFO] trainer: epoch 113 done train_loss=1.4199 dt=30.7s
2026-07-16 08:39:12,880 [INFO] trainer: epoch 114 step 50/54 loss=1.4070 lr=1.79e-04
2026-07-16 08:39:15,100 [INFO] trainer: epoch 114 done train_loss=1.4010 dt=31.0s
2026-07-16 08:39:47,584 [INFO] trainer: epoch 115 step 50/54 loss=1.3935 lr=1.78e-04
2026-07-16 08:39:49,833 [INFO] trainer: epoch 115 done train_loss=1.3808 dt=34.7s
2026-07-16 08:40:18,612 [INFO] trainer: epoch 116 step 50/54 loss=1.3912 lr=1.78e-04
2026-07-16 08:40:20,836 [INFO] trainer: epoch 116 done train_loss=1.3800 dt=31.0s
2026-07-16 08:40:49,383 [INFO] trainer: epoch 117 step 50/54 loss=1.4291 lr=1.78e-04
2026-07-16 08:40:51,604 [INFO] trainer: epoch 117 done train_loss=1.4313 dt=30.8s
2026-07-16 08:41:20,131 [INFO] trainer: epoch 118 step 50/54 loss=1.4315 lr=1.77e-04
2026-07-16 08:41:22,353 [INFO] trainer: epoch 118 done train_loss=1.4293 dt=30.7s
2026-07-16 08:41:54,247 [INFO] trainer: epoch 119 step 50/54 loss=1.4067 lr=1.77e-04
2026-07-16 08:41:56,510 [INFO] trainer: epoch 119 done train_loss=1.4089 dt=34.2s
2026-07-16 08:42:25,092 [INFO] trainer: epoch 120 step 50/54 loss=1.3770 lr=1.76e-04
2026-07-16 08:42:27,309 [INFO] trainer: epoch 120 done train_loss=1.3843 dt=30.8s
2026-07-16 08:42:58,549 [INFO] trainer: epoch 121 step 50/54 loss=1.3554 lr=1.76e-04
2026-07-16 08:43:00,770 [INFO] trainer: epoch 121 done train_loss=1.3513 dt=30.8s
2026-07-16 08:43:29,327 [INFO] trainer: epoch 122 step 50/54 loss=1.3686 lr=1.75e-04
2026-07-16 08:43:31,547 [INFO] trainer: epoch 122 done train_loss=1.3610 dt=30.8s
2026-07-16 08:43:59,947 [INFO] trainer: epoch 123 step 50/54 loss=1.3877 lr=1.75e-04
2026-07-16 08:44:02,168 [INFO] trainer: epoch 123 done train_loss=1.3825 dt=30.6s
2026-07-16 08:44:35,446 [INFO] trainer: epoch 124 step 50/54 loss=1.3997 lr=1.75e-04
2026-07-16 08:44:37,848 [INFO] trainer: epoch 124 done train_loss=1.4086 dt=35.7s
2026-07-16 08:45:06,347 [INFO] trainer: epoch 125 step 50/54 loss=1.3556 lr=1.74e-04
2026-07-16 08:45:08,569 [INFO] trainer: epoch 125 done train_loss=1.3539 dt=30.7s
2026-07-16 08:47:57,198 [INFO] trainer: epoch 125 val_mean_dice=0.7095
2026-07-16 08:48:28,861 [INFO] trainer: epoch 126 step 50/54 loss=1.3840 lr=1.74e-04
2026-07-16 08:48:31,078 [INFO] trainer: epoch 126 done train_loss=1.3790 dt=31.4s
2026-07-16 08:49:05,529 [INFO] trainer: epoch 127 step 50/54 loss=1.3899 lr=1.73e-04
2026-07-16 08:49:07,773 [INFO] trainer: epoch 127 done train_loss=1.3925 dt=36.7s
2026-07-16 08:49:36,206 [INFO] trainer: epoch 128 step 50/54 loss=1.3726 lr=1.73e-04
2026-07-16 08:49:38,425 [INFO] trainer: epoch 128 done train_loss=1.3669 dt=30.7s
2026-07-16 08:50:06,858 [INFO] trainer: epoch 129 step 50/54 loss=1.4024 lr=1.72e-04
2026-07-16 08:50:09,077 [INFO] trainer: epoch 129 done train_loss=1.3991 dt=30.7s
2026-07-16 08:50:37,550 [INFO] trainer: epoch 130 step 50/54 loss=1.3793 lr=1.72e-04
2026-07-16 08:50:39,768 [INFO] trainer: epoch 130 done train_loss=1.3930 dt=30.7s
2026-07-16 08:51:11,100 [INFO] trainer: epoch 131 step 50/54 loss=1.3531 lr=1.72e-04
2026-07-16 08:51:13,331 [INFO] trainer: epoch 131 done train_loss=1.3538 dt=30.9s
2026-07-16 08:51:41,823 [INFO] trainer: epoch 132 step 50/54 loss=1.4123 lr=1.71e-04
2026-07-16 08:51:44,042 [INFO] trainer: epoch 132 done train_loss=1.4092 dt=30.7s
2026-07-16 08:52:19,445 [INFO] trainer: epoch 133 step 50/54 loss=1.3460 lr=1.71e-04
2026-07-16 08:52:21,686 [INFO] trainer: epoch 133 done train_loss=1.3564 dt=37.6s
2026-07-16 08:52:50,332 [INFO] trainer: epoch 134 step 50/54 loss=1.3406 lr=1.70e-04
2026-07-16 08:52:52,551 [INFO] trainer: epoch 134 done train_loss=1.3436 dt=30.9s
2026-07-16 08:53:21,021 [INFO] trainer: epoch 135 step 50/54 loss=1.3855 lr=1.70e-04
2026-07-16 08:53:23,242 [INFO] trainer: epoch 135 done train_loss=1.3766 dt=30.7s
2026-07-16 08:53:51,824 [INFO] trainer: epoch 136 step 50/54 loss=1.3874 lr=1.69e-04
2026-07-16 08:53:54,048 [INFO] trainer: epoch 136 done train_loss=1.3879 dt=30.8s
2026-07-16 08:54:25,984 [INFO] trainer: epoch 137 step 50/54 loss=1.3436 lr=1.69e-04
2026-07-16 08:54:28,214 [INFO] trainer: epoch 137 done train_loss=1.3500 dt=34.2s
2026-07-16 08:54:57,145 [INFO] trainer: epoch 138 step 50/54 loss=1.3506 lr=1.68e-04
2026-07-16 08:54:59,366 [INFO] trainer: epoch 138 done train_loss=1.3530 dt=31.2s
2026-07-16 08:55:28,012 [INFO] trainer: epoch 139 step 50/54 loss=1.3673 lr=1.68e-04
2026-07-16 08:55:30,238 [INFO] trainer: epoch 139 done train_loss=1.3703 dt=30.9s
2026-07-16 08:56:01,912 [INFO] trainer: epoch 140 step 50/54 loss=1.3762 lr=1.67e-04
2026-07-16 08:56:04,231 [INFO] trainer: epoch 140 done train_loss=1.3874 dt=34.0s
2026-07-16 08:56:35,646 [INFO] trainer: epoch 141 step 50/54 loss=1.3765 lr=1.67e-04
2026-07-16 08:56:37,868 [INFO] trainer: epoch 141 done train_loss=1.3636 dt=31.1s
2026-07-16 08:57:06,461 [INFO] trainer: epoch 142 step 50/54 loss=1.3883 lr=1.66e-04
2026-07-16 08:57:08,681 [INFO] trainer: epoch 142 done train_loss=1.3833 dt=30.8s
2026-07-16 08:57:37,116 [INFO] trainer: epoch 143 step 50/54 loss=1.3187 lr=1.66e-04
2026-07-16 08:57:39,337 [INFO] trainer: epoch 143 done train_loss=1.3080 dt=30.7s
2026-07-16 08:58:11,776 [INFO] trainer: epoch 144 step 50/54 loss=1.3767 lr=1.66e-04
2026-07-16 08:58:14,049 [INFO] trainer: epoch 144 done train_loss=1.3731 dt=34.7s
2026-07-16 08:58:42,605 [INFO] trainer: epoch 145 step 50/54 loss=1.3091 lr=1.65e-04
2026-07-16 08:58:44,826 [INFO] trainer: epoch 145 done train_loss=1.3103 dt=30.8s
2026-07-16 08:59:13,787 [INFO] trainer: epoch 146 step 50/54 loss=1.3352 lr=1.65e-04
2026-07-16 08:59:16,007 [INFO] trainer: epoch 146 done train_loss=1.3373 dt=31.2s
2026-07-16 08:59:48,495 [INFO] trainer: epoch 147 step 50/54 loss=1.3713 lr=1.64e-04
2026-07-16 08:59:50,735 [INFO] trainer: epoch 147 done train_loss=1.3581 dt=34.7s
2026-07-16 09:00:20,047 [INFO] trainer: epoch 148 step 50/54 loss=1.3383 lr=1.64e-04
2026-07-16 09:00:22,267 [INFO] trainer: epoch 148 done train_loss=1.3245 dt=31.5s
2026-07-16 09:00:50,741 [INFO] trainer: epoch 149 step 50/54 loss=1.2921 lr=1.63e-04
2026-07-16 09:00:52,961 [INFO] trainer: epoch 149 done train_loss=1.2905 dt=30.7s
2026-07-16 09:01:21,694 [INFO] trainer: epoch 150 step 50/54 loss=1.3028 lr=1.63e-04
2026-07-16 09:01:23,915 [INFO] trainer: epoch 150 done train_loss=1.3069 dt=31.0s
2026-07-16 09:04:12,013 [INFO] trainer: epoch 150 val_mean_dice=0.7307
2026-07-16 09:04:51,054 [INFO] trainer: epoch 151 step 50/54 loss=1.3215 lr=1.62e-04
2026-07-16 09:04:53,274 [INFO] trainer: epoch 151 done train_loss=1.3374 dt=35.2s
2026-07-16 09:05:22,185 [INFO] trainer: epoch 152 step 50/54 loss=1.3159 lr=1.62e-04
2026-07-16 09:05:24,403 [INFO] trainer: epoch 152 done train_loss=1.3062 dt=31.1s
2026-07-16 09:05:52,806 [INFO] trainer: epoch 153 step 50/54 loss=1.3605 lr=1.61e-04
2026-07-16 09:05:55,025 [INFO] trainer: epoch 153 done train_loss=1.3470 dt=30.6s
2026-07-16 09:06:23,659 [INFO] trainer: epoch 154 step 50/54 loss=1.3108 lr=1.61e-04
2026-07-16 09:06:25,880 [INFO] trainer: epoch 154 done train_loss=1.3093 dt=30.9s
2026-07-16 09:06:58,879 [INFO] trainer: epoch 155 step 50/54 loss=1.3674 lr=1.60e-04
2026-07-16 09:07:01,099 [INFO] trainer: epoch 155 done train_loss=1.3672 dt=35.2s
2026-07-16 09:07:29,873 [INFO] trainer: epoch 156 step 50/54 loss=1.3366 lr=1.60e-04
2026-07-16 09:07:32,091 [INFO] trainer: epoch 156 done train_loss=1.3226 dt=31.0s
2026-07-16 09:08:00,403 [INFO] trainer: epoch 157 step 50/54 loss=1.3151 lr=1.59e-04
2026-07-16 09:08:02,624 [INFO] trainer: epoch 157 done train_loss=1.3157 dt=30.5s
2026-07-16 09:08:33,460 [INFO] trainer: epoch 158 step 50/54 loss=1.2777 lr=1.59e-04
2026-07-16 09:08:37,642 [INFO] trainer: epoch 158 done train_loss=1.2779 dt=35.0s
2026-07-16 09:09:06,891 [INFO] trainer: epoch 159 step 50/54 loss=1.3264 lr=1.58e-04
2026-07-16 09:09:09,112 [INFO] trainer: epoch 159 done train_loss=1.3331 dt=31.5s
2026-07-16 09:09:37,776 [INFO] trainer: epoch 160 step 50/54 loss=1.2879 lr=1.57e-04
2026-07-16 09:09:39,994 [INFO] trainer: epoch 160 done train_loss=1.2905 dt=30.9s
2026-07-16 09:10:11,333 [INFO] trainer: epoch 161 step 50/54 loss=1.3530 lr=1.57e-04
2026-07-16 09:10:13,554 [INFO] trainer: epoch 161 done train_loss=1.3475 dt=30.8s
2026-07-16 09:10:42,123 [INFO] trainer: epoch 162 step 50/54 loss=1.2766 lr=1.56e-04
2026-07-16 09:10:44,344 [INFO] trainer: epoch 162 done train_loss=1.2931 dt=30.8s
2026-07-16 09:11:12,783 [INFO] trainer: epoch 163 step 50/54 loss=1.2668 lr=1.56e-04
2026-07-16 09:11:15,003 [INFO] trainer: epoch 163 done train_loss=1.2677 dt=30.7s
2026-07-16 09:11:43,690 [INFO] trainer: epoch 164 step 50/54 loss=1.2919 lr=1.55e-04
2026-07-16 09:11:45,910 [INFO] trainer: epoch 164 done train_loss=1.3039 dt=30.9s
2026-07-16 09:12:18,528 [INFO] trainer: epoch 165 step 50/54 loss=1.3281 lr=1.55e-04
2026-07-16 09:12:21,000 [INFO] trainer: epoch 165 done train_loss=1.3186 dt=35.1s
2026-07-16 09:13:03,214 [INFO] trainer: epoch 166 step 50/54 loss=1.3108 lr=1.54e-04
2026-07-16 09:13:05,417 [INFO] trainer: epoch 166 done train_loss=1.3185 dt=44.4s
2026-07-16 09:13:33,765 [INFO] trainer: epoch 167 step 50/54 loss=1.2645 lr=1.54e-04
2026-07-16 09:13:35,985 [INFO] trainer: epoch 167 done train_loss=1.2777 dt=30.6s
2026-07-16 09:14:04,404 [INFO] trainer: epoch 168 step 50/54 loss=1.2662 lr=1.53e-04
2026-07-16 09:14:06,627 [INFO] trainer: epoch 168 done train_loss=1.2826 dt=30.6s
2026-07-16 09:14:35,052 [INFO] trainer: epoch 169 step 50/54 loss=1.2849 lr=1.53e-04
2026-07-16 09:14:37,272 [INFO] trainer: epoch 169 done train_loss=1.2865 dt=30.6s
2026-07-16 09:15:07,895 [INFO] trainer: epoch 170 step 50/54 loss=1.2881 lr=1.52e-04
2026-07-16 09:15:10,662 [INFO] trainer: epoch 170 done train_loss=1.2941 dt=33.4s
2026-07-16 09:15:43,303 [INFO] trainer: epoch 171 step 50/54 loss=1.3121 lr=1.52e-04
2026-07-16 09:15:45,515 [INFO] trainer: epoch 171 done train_loss=1.3025 dt=31.8s
2026-07-16 09:16:15,518 [INFO] trainer: epoch 172 step 50/54 loss=1.3237 lr=1.51e-04
2026-07-16 09:16:17,739 [INFO] trainer: epoch 172 done train_loss=1.3204 dt=32.2s
2026-07-16 09:16:46,161 [INFO] trainer: epoch 173 step 50/54 loss=1.2374 lr=1.50e-04
2026-07-16 09:16:48,383 [INFO] trainer: epoch 173 done train_loss=1.2436 dt=30.6s
2026-07-16 09:17:16,942 [INFO] trainer: epoch 174 step 50/54 loss=1.3126 lr=1.50e-04
2026-07-16 09:17:19,160 [INFO] trainer: epoch 174 done train_loss=1.3209 dt=30.8s
2026-07-16 09:17:47,566 [INFO] trainer: epoch 175 step 50/54 loss=1.2992 lr=1.49e-04
2026-07-16 09:17:49,787 [INFO] trainer: epoch 175 done train_loss=1.2996 dt=30.6s
2026-07-16 09:20:54,385 [INFO] trainer: epoch 175 val_mean_dice=0.7344
2026-07-16 09:21:30,454 [INFO] trainer: epoch 176 step 50/54 loss=1.2837 lr=1.49e-04
2026-07-16 09:21:32,784 [INFO] trainer: epoch 176 done train_loss=1.3026 dt=35.6s
2026-07-16 09:22:01,499 [INFO] trainer: epoch 177 step 50/54 loss=1.3111 lr=1.48e-04
2026-07-16 09:22:03,719 [INFO] trainer: epoch 177 done train_loss=1.3084 dt=30.9s
2026-07-16 09:22:32,135 [INFO] trainer: epoch 178 step 50/54 loss=1.2596 lr=1.48e-04
2026-07-16 09:22:34,352 [INFO] trainer: epoch 178 done train_loss=1.2591 dt=30.6s
2026-07-16 09:23:02,758 [INFO] trainer: epoch 179 step 50/54 loss=1.2932 lr=1.47e-04
2026-07-16 09:23:04,977 [INFO] trainer: epoch 179 done train_loss=1.2816 dt=30.6s
2026-07-16 09:23:33,612 [INFO] trainer: epoch 180 step 50/54 loss=1.2838 lr=1.47e-04
2026-07-16 09:23:35,834 [INFO] trainer: epoch 180 done train_loss=1.2950 dt=30.9s
2026-07-16 09:24:20,929 [INFO] trainer: epoch 181 step 50/54 loss=1.2673 lr=1.46e-04
2026-07-16 09:24:23,331 [INFO] trainer: epoch 181 done train_loss=1.2769 dt=38.8s
2026-07-16 09:24:51,970 [INFO] trainer: epoch 182 step 50/54 loss=1.3020 lr=1.45e-04
2026-07-16 09:24:54,190 [INFO] trainer: epoch 182 done train_loss=1.2954 dt=30.9s
2026-07-16 09:25:22,833 [INFO] trainer: epoch 183 step 50/54 loss=1.2916 lr=1.45e-04
2026-07-16 09:25:25,054 [INFO] trainer: epoch 183 done train_loss=1.2923 dt=30.9s
2026-07-16 09:25:57,107 [INFO] trainer: epoch 184 step 50/54 loss=1.2644 lr=1.44e-04
2026-07-16 09:25:59,327 [INFO] trainer: epoch 184 done train_loss=1.2538 dt=30.6s
2026-07-16 09:26:31,866 [INFO] trainer: epoch 185 step 50/54 loss=1.2423 lr=1.44e-04
2026-07-16 09:26:34,242 [INFO] trainer: epoch 185 done train_loss=1.2334 dt=34.9s
2026-07-16 09:27:09,039 [INFO] trainer: epoch 186 step 50/54 loss=1.2857 lr=1.43e-04
2026-07-16 09:27:11,253 [INFO] trainer: epoch 186 done train_loss=1.2739 dt=37.0s
2026-07-16 09:27:39,717 [INFO] trainer: epoch 187 step 50/54 loss=1.2248 lr=1.43e-04
2026-07-16 09:27:41,938 [INFO] trainer: epoch 187 done train_loss=1.2314 dt=30.7s
2026-07-16 09:28:20,180 [INFO] trainer: epoch 188 step 50/54 loss=1.2543 lr=1.42e-04
2026-07-16 09:28:22,398 [INFO] trainer: epoch 188 done train_loss=1.2532 dt=40.5s
2026-07-16 09:28:50,847 [INFO] trainer: epoch 189 step 50/54 loss=1.2659 lr=1.41e-04
2026-07-16 09:28:53,064 [INFO] trainer: epoch 189 done train_loss=1.2639 dt=30.7s
2026-07-16 09:29:21,609 [INFO] trainer: epoch 190 step 50/54 loss=1.2144 lr=1.41e-04
2026-07-16 09:29:23,828 [INFO] trainer: epoch 190 done train_loss=1.2160 dt=30.8s
2026-07-16 09:29:56,090 [INFO] trainer: epoch 191 step 50/54 loss=1.2064 lr=1.40e-04
2026-07-16 09:29:58,309 [INFO] trainer: epoch 191 done train_loss=1.2223 dt=30.8s
2026-07-16 09:30:26,916 [INFO] trainer: epoch 192 step 50/54 loss=1.2451 lr=1.40e-04
2026-07-16 09:30:29,140 [INFO] trainer: epoch 192 done train_loss=1.2432 dt=30.8s
2026-07-16 09:30:57,622 [INFO] trainer: epoch 193 step 50/54 loss=1.2307 lr=1.39e-04
2026-07-16 09:31:03,824 [INFO] trainer: epoch 193 done train_loss=1.2306 dt=34.7s
2026-07-16 09:31:37,043 [INFO] trainer: epoch 194 step 50/54 loss=1.2597 lr=1.38e-04
2026-07-16 09:31:39,264 [INFO] trainer: epoch 194 done train_loss=1.2493 dt=35.2s
2026-07-16 09:32:07,751 [INFO] trainer: epoch 195 step 50/54 loss=1.2163 lr=1.38e-04
2026-07-16 09:32:09,972 [INFO] trainer: epoch 195 done train_loss=1.2184 dt=30.7s
2026-07-16 09:32:38,524 [INFO] trainer: epoch 196 step 50/54 loss=1.2674 lr=1.37e-04
2026-07-16 09:32:40,748 [INFO] trainer: epoch 196 done train_loss=1.2613 dt=30.8s
2026-07-16 09:33:09,297 [INFO] trainer: epoch 197 step 50/54 loss=1.2580 lr=1.37e-04
2026-07-16 09:33:11,517 [INFO] trainer: epoch 197 done train_loss=1.2593 dt=30.8s
2026-07-16 09:33:40,000 [INFO] trainer: epoch 198 step 50/54 loss=1.2741 lr=1.36e-04
2026-07-16 09:33:42,220 [INFO] trainer: epoch 198 done train_loss=1.2855 dt=30.7s
2026-07-16 09:34:10,794 [INFO] trainer: epoch 199 step 50/54 loss=1.2255 lr=1.36e-04
2026-07-16 09:34:13,014 [INFO] trainer: epoch 199 done train_loss=1.2223 dt=30.8s
2026-07-16 09:34:44,943 [INFO] trainer: epoch 200 step 50/54 loss=1.3048 lr=1.35e-04
2026-07-16 09:34:47,250 [INFO] trainer: epoch 200 done train_loss=1.2950 dt=34.2s
2026-07-16 09:37:33,585 [INFO] trainer: epoch 200 val_mean_dice=0.7383
2026-07-16 09:38:13,515 [INFO] trainer: epoch 201 step 50/54 loss=1.2500 lr=1.34e-04
2026-07-16 09:38:15,731 [INFO] trainer: epoch 201 done train_loss=1.2550 dt=36.7s
2026-07-16 09:38:44,143 [INFO] trainer: epoch 202 step 50/54 loss=1.2121 lr=1.34e-04
2026-07-16 09:38:46,365 [INFO] trainer: epoch 202 done train_loss=1.2312 dt=30.6s
2026-07-16 09:39:14,833 [INFO] trainer: epoch 203 step 50/54 loss=1.2421 lr=1.33e-04
2026-07-16 09:39:17,054 [INFO] trainer: epoch 203 done train_loss=1.2492 dt=30.7s
2026-07-16 09:39:45,616 [INFO] trainer: epoch 204 step 50/54 loss=1.2557 lr=1.33e-04
2026-07-16 09:39:47,834 [INFO] trainer: epoch 204 done train_loss=1.2530 dt=30.8s
2026-07-16 09:40:16,387 [INFO] trainer: epoch 205 step 50/54 loss=1.2031 lr=1.32e-04
2026-07-16 09:40:25,306 [INFO] trainer: epoch 205 done train_loss=1.2068 dt=37.5s
2026-07-16 09:41:07,244 [INFO] trainer: epoch 206 step 50/54 loss=1.2222 lr=1.31e-04
2026-07-16 09:41:09,447 [INFO] trainer: epoch 206 done train_loss=1.2227 dt=43.7s
2026-07-16 09:41:38,173 [INFO] trainer: epoch 207 step 50/54 loss=1.2572 lr=1.31e-04
2026-07-16 09:41:40,393 [INFO] trainer: epoch 207 done train_loss=1.2600 dt=30.9s
2026-07-16 09:42:08,798 [INFO] trainer: epoch 208 step 50/54 loss=1.2309 lr=1.30e-04
2026-07-16 09:42:11,018 [INFO] trainer: epoch 208 done train_loss=1.2244 dt=30.6s
2026-07-16 09:42:39,698 [INFO] trainer: epoch 209 step 50/54 loss=1.2408 lr=1.29e-04
2026-07-16 09:42:41,918 [INFO] trainer: epoch 209 done train_loss=1.2323 dt=30.9s
2026-07-16 09:43:10,457 [INFO] trainer: epoch 210 step 50/54 loss=1.2172 lr=1.29e-04
2026-07-16 09:43:12,682 [INFO] trainer: epoch 210 done train_loss=1.2187 dt=30.8s
2026-07-16 09:43:49,077 [INFO] trainer: epoch 211 step 50/54 loss=1.2501 lr=1.28e-04
2026-07-16 09:43:51,297 [INFO] trainer: epoch 211 done train_loss=1.2400 dt=30.9s
2026-07-16 09:44:19,916 [INFO] trainer: epoch 212 step 50/54 loss=1.2080 lr=1.28e-04
2026-07-16 09:44:22,137 [INFO] trainer: epoch 212 done train_loss=1.2324 dt=30.8s
2026-07-16 09:44:55,350 [INFO] trainer: epoch 213 step 50/54 loss=1.2066 lr=1.27e-04
2026-07-16 09:44:57,852 [INFO] trainer: epoch 213 done train_loss=1.2069 dt=35.7s
2026-07-16 09:45:27,865 [INFO] trainer: epoch 214 step 50/54 loss=1.2823 lr=1.26e-04
2026-07-16 09:45:30,091 [INFO] trainer: epoch 214 done train_loss=1.2829 dt=32.2s
2026-07-16 09:45:58,551 [INFO] trainer: epoch 215 step 50/54 loss=1.2444 lr=1.26e-04
2026-07-16 09:46:00,771 [INFO] trainer: epoch 215 done train_loss=1.2490 dt=30.7s
2026-07-16 09:46:29,394 [INFO] trainer: epoch 216 step 50/54 loss=1.2227 lr=1.25e-04
2026-07-16 09:46:31,614 [INFO] trainer: epoch 216 done train_loss=1.2144 dt=30.8s
2026-07-16 09:47:00,223 [INFO] trainer: epoch 217 step 50/54 loss=1.2479 lr=1.25e-04
2026-07-16 09:47:02,448 [INFO] trainer: epoch 217 done train_loss=1.2688 dt=30.8s
2026-07-16 09:47:34,406 [INFO] trainer: epoch 218 step 50/54 loss=1.2086 lr=1.24e-04
2026-07-16 09:47:36,683 [INFO] trainer: epoch 218 done train_loss=1.2121 dt=34.2s
2026-07-16 09:48:05,272 [INFO] trainer: epoch 219 step 50/54 loss=1.2361 lr=1.23e-04
2026-07-16 09:48:07,491 [INFO] trainer: epoch 219 done train_loss=1.2205 dt=30.8s
2026-07-16 09:48:35,963 [INFO] trainer: epoch 220 step 50/54 loss=1.2077 lr=1.23e-04
2026-07-16 09:48:38,184 [INFO] trainer: epoch 220 done train_loss=1.2100 dt=30.7s
2026-07-16 09:49:10,259 [INFO] trainer: epoch 221 step 50/54 loss=1.2147 lr=1.22e-04
2026-07-16 09:49:12,478 [INFO] trainer: epoch 221 done train_loss=1.2050 dt=30.7s
2026-07-16 09:49:41,054 [INFO] trainer: epoch 222 step 50/54 loss=1.2304 lr=1.21e-04
2026-07-16 09:49:43,272 [INFO] trainer: epoch 222 done train_loss=1.2186 dt=30.8s
2026-07-16 09:50:11,807 [INFO] trainer: epoch 223 step 50/54 loss=1.2502 lr=1.21e-04
2026-07-16 09:50:14,035 [INFO] trainer: epoch 223 done train_loss=1.2494 dt=30.8s
2026-07-16 09:50:48,147 [INFO] trainer: epoch 224 step 50/54 loss=1.2200 lr=1.20e-04
2026-07-16 09:50:50,481 [INFO] trainer: epoch 224 done train_loss=1.2199 dt=36.4s
2026-07-16 09:51:19,682 [INFO] trainer: epoch 225 step 50/54 loss=1.2061 lr=1.20e-04
2026-07-16 09:51:21,900 [INFO] trainer: epoch 225 done train_loss=1.2084 dt=31.4s
2026-07-16 09:54:50,359 [INFO] trainer: epoch 225 val_mean_dice=0.7490
2026-07-16 09:55:41,831 [INFO] trainer: epoch 226 step 50/54 loss=1.2236 lr=1.19e-04
2026-07-16 09:55:44,041 [INFO] trainer: epoch 226 done train_loss=1.2312 dt=49.7s
2026-07-16 09:56:12,528 [INFO] trainer: epoch 227 step 50/54 loss=1.2829 lr=1.18e-04
2026-07-16 09:56:14,749 [INFO] trainer: epoch 227 done train_loss=1.2752 dt=30.7s
2026-07-16 09:56:43,238 [INFO] trainer: epoch 228 step 50/54 loss=1.2162 lr=1.18e-04
2026-07-16 09:56:45,460 [INFO] trainer: epoch 228 done train_loss=1.2085 dt=30.7s
2026-07-16 09:57:14,015 [INFO] trainer: epoch 229 step 50/54 loss=1.2153 lr=1.17e-04
2026-07-16 09:57:16,236 [INFO] trainer: epoch 229 done train_loss=1.2104 dt=30.8s
2026-07-16 09:57:44,735 [INFO] trainer: epoch 230 step 50/54 loss=1.2385 lr=1.16e-04
2026-07-16 09:57:46,963 [INFO] trainer: epoch 230 done train_loss=1.2412 dt=30.7s
2026-07-16 09:58:18,129 [INFO] trainer: epoch 231 step 50/54 loss=1.2289 lr=1.16e-04
2026-07-16 09:58:20,361 [INFO] trainer: epoch 231 done train_loss=1.2275 dt=30.8s
2026-07-16 09:58:48,955 [INFO] trainer: epoch 232 step 50/54 loss=1.2534 lr=1.15e-04
2026-07-16 09:58:51,178 [INFO] trainer: epoch 232 done train_loss=1.2603 dt=30.8s
2026-07-16 09:59:26,392 [INFO] trainer: epoch 233 step 50/54 loss=1.2235 lr=1.15e-04
2026-07-16 09:59:28,612 [INFO] trainer: epoch 233 done train_loss=1.2132 dt=30.7s
2026-07-16 10:00:07,060 [INFO] trainer: epoch 234 step 50/54 loss=1.2567 lr=1.14e-04
2026-07-16 10:00:09,471 [INFO] trainer: epoch 234 done train_loss=1.2458 dt=40.9s
2026-07-16 10:00:41,552 [INFO] trainer: epoch 235 step 50/54 loss=1.2315 lr=1.13e-04
2026-07-16 10:00:43,770 [INFO] trainer: epoch 235 done train_loss=1.2324 dt=34.3s
2026-07-16 10:01:12,643 [INFO] trainer: epoch 236 step 50/54 loss=1.2521 lr=1.13e-04
2026-07-16 10:01:14,865 [INFO] trainer: epoch 236 done train_loss=1.2592 dt=31.1s
2026-07-16 10:01:43,552 [INFO] trainer: epoch 237 step 50/54 loss=1.2158 lr=1.12e-04
2026-07-16 10:01:45,773 [INFO] trainer: epoch 237 done train_loss=1.2287 dt=30.7s
2026-07-16 10:02:14,278 [INFO] trainer: epoch 238 step 50/54 loss=1.2005 lr=1.11e-04
2026-07-16 10:02:16,500 [INFO] trainer: epoch 238 done train_loss=1.2117 dt=30.7s
2026-07-16 10:02:44,961 [INFO] trainer: epoch 239 step 50/54 loss=1.2160 lr=1.11e-04
2026-07-16 10:02:47,185 [INFO] trainer: epoch 239 done train_loss=1.1988 dt=30.7s
2026-07-16 10:03:15,899 [INFO] trainer: epoch 240 step 50/54 loss=1.2215 lr=1.10e-04
2026-07-16 10:03:18,119 [INFO] trainer: epoch 240 done train_loss=1.2355 dt=30.9s
2026-07-16 10:04:03,836 [INFO] trainer: epoch 241 step 50/54 loss=1.2307 lr=1.09e-04
2026-07-16 10:04:06,273 [INFO] trainer: epoch 241 done train_loss=1.2221 dt=41.6s
2026-07-16 10:04:34,885 [INFO] trainer: epoch 242 step 50/54 loss=1.2699 lr=1.09e-04
2026-07-16 10:04:37,106 [INFO] trainer: epoch 242 done train_loss=1.2689 dt=30.8s
2026-07-16 10:05:05,692 [INFO] trainer: epoch 243 step 50/54 loss=1.1790 lr=1.08e-04
2026-07-16 10:05:07,917 [INFO] trainer: epoch 243 done train_loss=1.2023 dt=30.8s
2026-07-16 10:05:36,671 [INFO] trainer: epoch 244 step 50/54 loss=1.2135 lr=1.08e-04
2026-07-16 10:05:38,900 [INFO] trainer: epoch 244 done train_loss=1.2149 dt=31.0s
2026-07-16 10:06:07,532 [INFO] trainer: epoch 245 step 50/54 loss=1.2339 lr=1.07e-04
2026-07-16 10:06:09,762 [INFO] trainer: epoch 245 done train_loss=1.2336 dt=30.9s
2026-07-16 10:06:38,397 [INFO] trainer: epoch 246 step 50/54 loss=1.2880 lr=1.06e-04
2026-07-16 10:06:40,620 [INFO] trainer: epoch 246 done train_loss=1.2755 dt=30.9s
2026-07-16 10:07:09,119 [INFO] trainer: epoch 247 step 50/54 loss=1.2658 lr=1.06e-04
2026-07-16 10:07:11,341 [INFO] trainer: epoch 247 done train_loss=1.2505 dt=30.7s
2026-07-16 10:07:47,227 [INFO] trainer: epoch 248 step 50/54 loss=1.2180 lr=1.05e-04
2026-07-16 10:07:49,872 [INFO] trainer: epoch 248 done train_loss=1.2198 dt=38.5s
2026-07-16 10:08:20,925 [INFO] trainer: epoch 249 step 50/54 loss=1.1841 lr=1.04e-04
2026-07-16 10:08:23,145 [INFO] trainer: epoch 249 done train_loss=1.1880 dt=33.3s
2026-07-16 10:08:51,796 [INFO] trainer: epoch 250 step 50/54 loss=1.2056 lr=1.04e-04
2026-07-16 10:08:54,018 [INFO] trainer: epoch 250 done train_loss=1.2036 dt=30.9s
2026-07-16 10:11:59,439 [INFO] trainer: epoch 250 val_mean_dice=0.7564
2026-07-16 10:12:36,134 [INFO] trainer: epoch 251 step 50/54 loss=1.2470 lr=1.03e-04
2026-07-16 10:12:38,350 [INFO] trainer: epoch 251 done train_loss=1.2307 dt=32.6s
2026-07-16 10:13:07,019 [INFO] trainer: epoch 252 step 50/54 loss=1.1999 lr=1.02e-04
2026-07-16 10:13:09,241 [INFO] trainer: epoch 252 done train_loss=1.1998 dt=30.9s
2026-07-16 10:13:41,931 [INFO] trainer: epoch 253 step 50/54 loss=1.2111 lr=1.02e-04
2026-07-16 10:13:44,286 [INFO] trainer: epoch 253 done train_loss=1.1985 dt=35.0s
2026-07-16 10:14:15,729 [INFO] trainer: epoch 254 step 50/54 loss=1.1834 lr=1.01e-04
2026-07-16 10:14:17,956 [INFO] trainer: epoch 254 done train_loss=1.1921 dt=33.7s
2026-07-16 10:14:46,477 [INFO] trainer: epoch 255 step 50/54 loss=1.1611 lr=1.01e-04
2026-07-16 10:14:48,696 [INFO] trainer: epoch 255 done train_loss=1.1489 dt=30.7s
2026-07-16 10:15:17,123 [INFO] trainer: epoch 256 step 50/54 loss=1.1619 lr=9.99e-05
2026-07-16 10:15:19,348 [INFO] trainer: epoch 256 done train_loss=1.1719 dt=30.7s
2026-07-16 10:15:47,954 [INFO] trainer: epoch 257 step 50/54 loss=1.2432 lr=9.93e-05
2026-07-16 10:15:50,176 [INFO] trainer: epoch 257 done train_loss=1.2344 dt=30.8s
2026-07-16 10:16:23,442 [INFO] trainer: epoch 258 step 50/54 loss=1.2038 lr=9.86e-05
2026-07-16 10:16:25,790 [INFO] trainer: epoch 258 done train_loss=1.1990 dt=35.6s
2026-07-16 10:16:55,345 [INFO] trainer: epoch 259 step 50/54 loss=1.1813 lr=9.80e-05
2026-07-16 10:16:57,567 [INFO] trainer: epoch 259 done train_loss=1.1845 dt=31.8s
2026-07-16 10:17:26,188 [INFO] trainer: epoch 260 step 50/54 loss=1.2567 lr=9.74e-05
2026-07-16 10:17:28,416 [INFO] trainer: epoch 260 done train_loss=1.2484 dt=30.8s
2026-07-16 10:17:59,674 [INFO] trainer: epoch 261 step 50/54 loss=1.1695 lr=9.67e-05
2026-07-16 10:18:01,898 [INFO] trainer: epoch 261 done train_loss=1.1662 dt=30.7s
2026-07-16 10:18:30,501 [INFO] trainer: epoch 262 step 50/54 loss=1.2384 lr=9.61e-05
2026-07-16 10:18:32,729 [INFO] trainer: epoch 262 done train_loss=1.2374 dt=30.8s
2026-07-16 10:19:10,330 [INFO] trainer: epoch 263 step 50/54 loss=1.1949 lr=9.54e-05
2026-07-16 10:19:12,753 [INFO] trainer: epoch 263 done train_loss=1.1916 dt=40.0s
2026-07-16 10:19:51,346 [INFO] trainer: epoch 264 step 50/54 loss=1.2291 lr=9.48e-05
2026-07-16 10:19:53,568 [INFO] trainer: epoch 264 done train_loss=1.2375 dt=40.8s
2026-07-16 10:20:22,295 [INFO] trainer: epoch 265 step 50/54 loss=1.1937 lr=9.42e-05
2026-07-16 10:20:24,520 [INFO] trainer: epoch 265 done train_loss=1.1916 dt=30.7s
2026-07-16 10:20:53,121 [INFO] trainer: epoch 266 step 50/54 loss=1.2614 lr=9.35e-05
2026-07-16 10:20:55,341 [INFO] trainer: epoch 266 done train_loss=1.2603 dt=30.8s
2026-07-16 10:21:23,854 [INFO] trainer: epoch 267 step 50/54 loss=1.2362 lr=9.29e-05
2026-07-16 10:21:26,076 [INFO] trainer: epoch 267 done train_loss=1.2533 dt=30.7s
2026-07-16 10:21:54,781 [INFO] trainer: epoch 268 step 50/54 loss=1.2148 lr=9.23e-05
2026-07-16 10:21:56,999 [INFO] trainer: epoch 268 done train_loss=1.2033 dt=30.9s
2026-07-16 10:22:25,634 [INFO] trainer: epoch 269 step 50/54 loss=1.2036 lr=9.16e-05
2026-07-16 10:22:27,858 [INFO] trainer: epoch 269 done train_loss=1.2004 dt=30.9s
2026-07-16 10:22:56,364 [INFO] trainer: epoch 270 step 50/54 loss=1.1960 lr=9.10e-05
2026-07-16 10:22:58,593 [INFO] trainer: epoch 270 done train_loss=1.1763 dt=30.7s
2026-07-16 10:23:29,660 [INFO] trainer: epoch 271 step 50/54 loss=1.1814 lr=9.04e-05
2026-07-16 10:23:31,888 [INFO] trainer: epoch 271 done train_loss=1.1833 dt=30.8s
2026-07-16 10:24:34,203 [INFO] trainer: epoch 272 step 50/54 loss=1.2196 lr=8.97e-05
2026-07-16 10:24:36,703 [INFO] trainer: epoch 272 done train_loss=1.2185 dt=53.0s
2026-07-16 10:25:13,021 [INFO] trainer: epoch 273 step 50/54 loss=1.1883 lr=8.91e-05
2026-07-16 10:25:15,240 [INFO] trainer: epoch 273 done train_loss=1.1935 dt=38.5s
2026-07-16 10:25:43,829 [INFO] trainer: epoch 274 step 50/54 loss=1.1904 lr=8.85e-05
2026-07-16 10:25:46,050 [INFO] trainer: epoch 274 done train_loss=1.1882 dt=30.8s
2026-07-16 10:26:14,675 [INFO] trainer: epoch 275 step 50/54 loss=1.1819 lr=8.78e-05
2026-07-16 10:26:16,895 [INFO] trainer: epoch 275 done train_loss=1.1793 dt=30.8s
2026-07-16 10:29:54,307 [INFO] trainer: epoch 275 val_mean_dice=0.7569
2026-07-16 10:30:36,496 [INFO] trainer: epoch 276 step 50/54 loss=1.2182 lr=8.72e-05
2026-07-16 10:30:38,716 [INFO] trainer: epoch 276 done train_loss=1.2193 dt=41.2s
2026-07-16 10:31:07,196 [INFO] trainer: epoch 277 step 50/54 loss=1.1686 lr=8.66e-05
2026-07-16 10:31:09,416 [INFO] trainer: epoch 277 done train_loss=1.1701 dt=30.7s
2026-07-16 10:31:38,139 [INFO] trainer: epoch 278 step 50/54 loss=1.1849 lr=8.59e-05
2026-07-16 10:31:40,363 [INFO] trainer: epoch 278 done train_loss=1.1828 dt=30.9s
2026-07-16 10:32:08,979 [INFO] trainer: epoch 279 step 50/54 loss=1.1462 lr=8.53e-05
2026-07-16 10:32:11,198 [INFO] trainer: epoch 279 done train_loss=1.1635 dt=30.8s
2026-07-16 10:32:39,793 [INFO] trainer: epoch 280 step 50/54 loss=1.2132 lr=8.47e-05
2026-07-16 10:32:42,020 [INFO] trainer: epoch 280 done train_loss=1.2106 dt=30.8s
2026-07-16 10:33:34,840 [INFO] trainer: epoch 281 step 50/54 loss=1.1888 lr=8.40e-05
2026-07-16 10:33:37,069 [INFO] trainer: epoch 281 done train_loss=1.1803 dt=30.6s
2026-07-16 10:34:05,448 [INFO] trainer: epoch 282 step 50/54 loss=1.2014 lr=8.34e-05
2026-07-16 10:34:07,668 [INFO] trainer: epoch 282 done train_loss=1.1960 dt=30.6s
2026-07-16 10:34:36,237 [INFO] trainer: epoch 283 step 50/54 loss=1.1847 lr=8.28e-05
2026-07-16 10:34:38,460 [INFO] trainer: epoch 283 done train_loss=1.1765 dt=30.8s
2026-07-16 10:35:06,981 [INFO] trainer: epoch 284 step 50/54 loss=1.2029 lr=8.22e-05
2026-07-16 10:35:09,200 [INFO] trainer: epoch 284 done train_loss=1.1957 dt=30.7s
2026-07-16 10:35:38,154 [INFO] trainer: epoch 285 step 50/54 loss=1.1823 lr=8.15e-05
2026-07-16 10:35:40,374 [INFO] trainer: epoch 285 done train_loss=1.1810 dt=31.2s
2026-07-16 10:36:09,116 [INFO] trainer: epoch 286 step 50/54 loss=1.1795 lr=8.09e-05
2026-07-16 10:36:11,335 [INFO] trainer: epoch 286 done train_loss=1.1805 dt=30.9s
2026-07-16 10:36:51,441 [INFO] trainer: epoch 287 step 50/54 loss=1.1788 lr=8.03e-05
2026-07-16 10:36:53,850 [INFO] trainer: epoch 287 done train_loss=1.1822 dt=42.4s
2026-07-16 10:37:24,481 [INFO] trainer: epoch 288 step 50/54 loss=1.2013 lr=7.97e-05
2026-07-16 10:37:26,701 [INFO] trainer: epoch 288 done train_loss=1.1855 dt=32.9s
2026-07-16 10:37:55,094 [INFO] trainer: epoch 289 step 50/54 loss=1.2033 lr=7.90e-05
2026-07-16 10:37:57,316 [INFO] trainer: epoch 289 done train_loss=1.2066 dt=30.6s
2026-07-16 10:38:26,006 [INFO] trainer: epoch 290 step 50/54 loss=1.1501 lr=7.84e-05
2026-07-16 10:38:28,225 [INFO] trainer: epoch 290 done train_loss=1.1721 dt=30.7s
2026-07-16 10:38:59,316 [INFO] trainer: epoch 291 step 50/54 loss=1.1520 lr=7.78e-05
2026-07-16 10:39:01,606 [INFO] trainer: epoch 291 done train_loss=1.1526 dt=30.9s
2026-07-16 10:39:30,186 [INFO] trainer: epoch 292 step 50/54 loss=1.1764 lr=7.72e-05
2026-07-16 10:39:32,407 [INFO] trainer: epoch 292 done train_loss=1.1889 dt=30.8s
2026-07-16 10:40:01,050 [INFO] trainer: epoch 293 step 50/54 loss=1.1539 lr=7.65e-05
2026-07-16 10:40:03,269 [INFO] trainer: epoch 293 done train_loss=1.1579 dt=30.9s
2026-07-16 10:40:37,727 [INFO] trainer: epoch 294 step 50/54 loss=1.1635 lr=7.59e-05
2026-07-16 10:40:40,116 [INFO] trainer: epoch 294 done train_loss=1.1918 dt=36.8s
2026-07-16 10:41:12,812 [INFO] trainer: epoch 295 step 50/54 loss=1.1966 lr=7.53e-05
2026-07-16 10:41:15,030 [INFO] trainer: epoch 295 done train_loss=1.1795 dt=34.9s
2026-07-16 10:41:43,584 [INFO] trainer: epoch 296 step 50/54 loss=1.2101 lr=7.47e-05
2026-07-16 10:41:45,808 [INFO] trainer: epoch 296 done train_loss=1.2196 dt=30.8s
2026-07-16 10:42:14,431 [INFO] trainer: epoch 297 step 50/54 loss=1.2210 lr=7.41e-05
2026-07-16 10:42:16,661 [INFO] trainer: epoch 297 done train_loss=1.2125 dt=30.9s
2026-07-16 10:42:45,212 [INFO] trainer: epoch 298 step 50/54 loss=1.2017 lr=7.35e-05
2026-07-16 10:42:47,439 [INFO] trainer: epoch 298 done train_loss=1.1908 dt=30.8s
2026-07-16 10:43:16,012 [INFO] trainer: epoch 299 step 50/54 loss=1.1916 lr=7.28e-05
2026-07-16 10:43:18,234 [INFO] trainer: epoch 299 done train_loss=1.2005 dt=30.8s
2026-07-16 10:43:46,553 [INFO] trainer: epoch 300 step 50/54 loss=1.1783 lr=7.22e-05
2026-07-16 10:43:48,777 [INFO] trainer: epoch 300 done train_loss=1.1719 dt=30.5s
2026-07-16 10:46:56,565 [INFO] trainer: epoch 300 val_mean_dice=0.7595
2026-07-16 10:47:49,264 [INFO] trainer: epoch 301 step 50/54 loss=1.1899 lr=7.16e-05
2026-07-16 10:47:51,474 [INFO] trainer: epoch 301 done train_loss=1.1882 dt=37.5s
2026-07-16 10:48:24,389 [INFO] trainer: epoch 302 step 50/54 loss=1.1654 lr=7.10e-05
2026-07-16 10:48:26,857 [INFO] trainer: epoch 302 done train_loss=1.1663 dt=35.4s
2026-07-16 10:48:55,567 [INFO] trainer: epoch 303 step 50/54 loss=1.1718 lr=7.04e-05
2026-07-16 10:48:57,782 [INFO] trainer: epoch 303 done train_loss=1.1680 dt=30.9s
2026-07-16 10:49:26,570 [INFO] trainer: epoch 304 step 50/54 loss=1.2077 lr=6.98e-05
2026-07-16 10:49:28,795 [INFO] trainer: epoch 304 done train_loss=1.1933 dt=31.0s
2026-07-16 10:49:57,230 [INFO] trainer: epoch 305 step 50/54 loss=1.2172 lr=6.92e-05
2026-07-16 10:49:59,451 [INFO] trainer: epoch 305 done train_loss=1.2091 dt=30.7s
2026-07-16 10:50:28,048 [INFO] trainer: epoch 306 step 50/54 loss=1.1611 lr=6.86e-05
2026-07-16 10:50:30,274 [INFO] trainer: epoch 306 done train_loss=1.1631 dt=30.8s
2026-07-16 10:50:58,789 [INFO] trainer: epoch 307 step 50/54 loss=1.1971 lr=6.80e-05
2026-07-16 10:51:01,008 [INFO] trainer: epoch 307 done train_loss=1.1987 dt=30.7s
2026-07-16 10:51:29,554 [INFO] trainer: epoch 308 step 50/54 loss=1.2262 lr=6.74e-05
2026-07-16 10:51:31,777 [INFO] trainer: epoch 308 done train_loss=1.2213 dt=30.8s
2026-07-16 10:52:03,769 [INFO] trainer: epoch 309 step 50/54 loss=1.2183 lr=6.68e-05
2026-07-16 10:52:06,055 [INFO] trainer: epoch 309 done train_loss=1.2203 dt=34.3s
2026-07-16 10:52:36,079 [INFO] trainer: epoch 310 step 50/54 loss=1.1941 lr=6.62e-05
2026-07-16 10:52:38,296 [INFO] trainer: epoch 310 done train_loss=1.1847 dt=32.2s
2026-07-16 10:53:09,314 [INFO] trainer: epoch 311 step 50/54 loss=1.2044 lr=6.56e-05
2026-07-16 10:53:11,532 [INFO] trainer: epoch 311 done train_loss=1.2190 dt=30.7s
2026-07-16 10:53:40,022 [INFO] trainer: epoch 312 step 50/54 loss=1.1844 lr=6.50e-05
2026-07-16 10:53:42,239 [INFO] trainer: epoch 312 done train_loss=1.1879 dt=30.7s
2026-07-16 10:54:10,731 [INFO] trainer: epoch 313 step 50/54 loss=1.2316 lr=6.44e-05
2026-07-16 10:54:12,954 [INFO] trainer: epoch 313 done train_loss=1.2172 dt=30.7s
2026-07-16 10:54:41,405 [INFO] trainer: epoch 314 step 50/54 loss=1.1817 lr=6.38e-05
2026-07-16 10:54:43,623 [INFO] trainer: epoch 314 done train_loss=1.1893 dt=30.7s
2026-07-16 10:55:12,301 [INFO] trainer: epoch 315 step 50/54 loss=1.1896 lr=6.32e-05
2026-07-16 10:55:14,518 [INFO] trainer: epoch 315 done train_loss=1.1925 dt=30.9s
2026-07-16 10:55:47,469 [INFO] trainer: epoch 316 step 50/54 loss=1.1989 lr=6.26e-05
2026-07-16 10:55:49,752 [INFO] trainer: epoch 316 done train_loss=1.1908 dt=35.2s
2026-07-16 10:56:19,693 [INFO] trainer: epoch 317 step 50/54 loss=1.1466 lr=6.20e-05
2026-07-16 10:56:21,926 [INFO] trainer: epoch 317 done train_loss=1.1465 dt=31.4s
2026-07-16 10:56:50,679 [INFO] trainer: epoch 318 step 50/54 loss=1.1912 lr=6.14e-05
2026-07-16 10:56:52,908 [INFO] trainer: epoch 318 done train_loss=1.2001 dt=31.0s
2026-07-16 10:57:21,339 [INFO] trainer: epoch 319 step 50/54 loss=1.1937 lr=6.09e-05
2026-07-16 10:57:23,565 [INFO] trainer: epoch 319 done train_loss=1.2115 dt=30.7s
2026-07-16 10:57:52,036 [INFO] trainer: epoch 320 step 50/54 loss=1.1347 lr=6.03e-05
2026-07-16 10:57:54,258 [INFO] trainer: epoch 320 done train_loss=1.1419 dt=30.7s
2026-07-16 10:58:30,465 [INFO] trainer: epoch 321 step 50/54 loss=1.1335 lr=5.97e-05
2026-07-16 10:58:32,791 [INFO] trainer: epoch 321 done train_loss=1.1379 dt=36.0s
2026-07-16 10:59:02,802 [INFO] trainer: epoch 322 step 50/54 loss=1.1454 lr=5.91e-05
2026-07-16 10:59:05,018 [INFO] trainer: epoch 322 done train_loss=1.1566 dt=32.2s
2026-07-16 10:59:33,664 [INFO] trainer: epoch 323 step 50/54 loss=1.1574 lr=5.85e-05
2026-07-16 10:59:35,881 [INFO] trainer: epoch 323 done train_loss=1.1531 dt=30.9s
2026-07-16 11:00:04,306 [INFO] trainer: epoch 324 step 50/54 loss=1.1479 lr=5.79e-05
2026-07-16 11:00:06,523 [INFO] trainer: epoch 324 done train_loss=1.1544 dt=30.6s
2026-07-16 11:00:38,083 [INFO] trainer: epoch 325 step 50/54 loss=1.2095 lr=5.74e-05
2026-07-16 11:00:40,369 [INFO] trainer: epoch 325 done train_loss=1.2207 dt=33.8s
2026-07-16 11:03:40,346 [INFO] trainer: epoch 325 val_mean_dice=0.7523
2026-07-16 11:04:15,255 [INFO] trainer: epoch 326 step 50/54 loss=1.1690 lr=5.68e-05
2026-07-16 11:04:17,559 [INFO] trainer: epoch 326 done train_loss=1.1760 dt=37.1s
2026-07-16 11:04:46,794 [INFO] trainer: epoch 327 step 50/54 loss=1.1960 lr=5.62e-05
2026-07-16 11:04:49,016 [INFO] trainer: epoch 327 done train_loss=1.1856 dt=31.5s
2026-07-16 11:05:17,699 [INFO] trainer: epoch 328 step 50/54 loss=1.1644 lr=5.57e-05
2026-07-16 11:05:19,919 [INFO] trainer: epoch 328 done train_loss=1.1604 dt=30.9s
2026-07-16 11:05:48,542 [INFO] trainer: epoch 329 step 50/54 loss=1.1550 lr=5.51e-05
2026-07-16 11:05:50,760 [INFO] trainer: epoch 329 done train_loss=1.1598 dt=30.8s
2026-07-16 11:06:23,161 [INFO] trainer: epoch 330 step 50/54 loss=1.1422 lr=5.45e-05
2026-07-16 11:06:25,417 [INFO] trainer: epoch 330 done train_loss=1.1432 dt=34.7s
2026-07-16 11:06:57,532 [INFO] trainer: epoch 331 step 50/54 loss=1.1918 lr=5.40e-05
2026-07-16 11:06:59,753 [INFO] trainer: epoch 331 done train_loss=1.1709 dt=31.5s
2026-07-16 11:07:28,502 [INFO] trainer: epoch 332 step 50/54 loss=1.1234 lr=5.34e-05
2026-07-16 11:07:30,724 [INFO] trainer: epoch 332 done train_loss=1.1368 dt=31.0s
2026-07-16 11:07:59,166 [INFO] trainer: epoch 333 step 50/54 loss=1.1442 lr=5.28e-05
2026-07-16 11:08:01,384 [INFO] trainer: epoch 333 done train_loss=1.1599 dt=30.7s
2026-07-16 11:08:32,646 [INFO] trainer: epoch 334 step 50/54 loss=1.1534 lr=5.23e-05
2026-07-16 11:08:34,979 [INFO] trainer: epoch 334 done train_loss=1.1401 dt=33.6s
2026-07-16 11:09:04,045 [INFO] trainer: epoch 335 step 50/54 loss=1.1142 lr=5.17e-05
2026-07-16 11:09:06,263 [INFO] trainer: epoch 335 done train_loss=1.1250 dt=31.3s
2026-07-16 11:09:34,683 [INFO] trainer: epoch 336 step 50/54 loss=1.1659 lr=5.12e-05
2026-07-16 11:09:36,901 [INFO] trainer: epoch 336 done train_loss=1.1914 dt=30.6s
2026-07-16 11:10:05,444 [INFO] trainer: epoch 337 step 50/54 loss=1.1337 lr=5.06e-05
2026-07-16 11:10:07,663 [INFO] trainer: epoch 337 done train_loss=1.1437 dt=30.8s
2026-07-16 11:10:36,181 [INFO] trainer: epoch 338 step 50/54 loss=1.1627 lr=5.01e-05
2026-07-16 11:10:38,400 [INFO] trainer: epoch 338 done train_loss=1.1576 dt=30.7s
2026-07-16 11:11:06,834 [INFO] trainer: epoch 339 step 50/54 loss=1.1718 lr=4.95e-05
2026-07-16 11:11:09,052 [INFO] trainer: epoch 339 done train_loss=1.1705 dt=30.7s
2026-07-16 11:11:37,620 [INFO] trainer: epoch 340 step 50/54 loss=1.1602 lr=4.90e-05
2026-07-16 11:11:39,837 [INFO] trainer: epoch 340 done train_loss=1.1612 dt=30.8s
2026-07-16 11:12:16,332 [INFO] trainer: epoch 341 step 50/54 loss=1.1375 lr=4.84e-05
2026-07-16 11:12:18,579 [INFO] trainer: epoch 341 done train_loss=1.1378 dt=35.6s
2026-07-16 11:12:47,153 [INFO] trainer: epoch 342 step 50/54 loss=1.1684 lr=4.79e-05
2026-07-16 11:12:49,375 [INFO] trainer: epoch 342 done train_loss=1.1659 dt=30.8s
2026-07-16 11:13:17,926 [INFO] trainer: epoch 343 step 50/54 loss=1.1390 lr=4.73e-05
2026-07-16 11:13:20,146 [INFO] trainer: epoch 343 done train_loss=1.1340 dt=30.8s
2026-07-16 11:13:48,842 [INFO] trainer: epoch 344 step 50/54 loss=1.1909 lr=4.68e-05
2026-07-16 11:13:51,060 [INFO] trainer: epoch 344 done train_loss=1.1968 dt=30.9s
2026-07-16 11:14:23,340 [INFO] trainer: epoch 345 step 50/54 loss=1.1636 lr=4.63e-05
2026-07-16 11:14:25,646 [INFO] trainer: epoch 345 done train_loss=1.1702 dt=34.6s
2026-07-16 11:14:54,592 [INFO] trainer: epoch 346 step 50/54 loss=1.1702 lr=4.57e-05
2026-07-16 11:14:56,811 [INFO] trainer: epoch 346 done train_loss=1.1609 dt=31.2s
2026-07-16 11:15:25,473 [INFO] trainer: epoch 347 step 50/54 loss=1.1717 lr=4.52e-05
2026-07-16 11:15:27,691 [INFO] trainer: epoch 347 done train_loss=1.1816 dt=30.9s
2026-07-16 11:15:56,146 [INFO] trainer: epoch 348 step 50/54 loss=1.1506 lr=4.47e-05
2026-07-16 11:15:58,365 [INFO] trainer: epoch 348 done train_loss=1.1482 dt=30.7s
2026-07-16 11:16:26,895 [INFO] trainer: epoch 349 step 50/54 loss=1.1510 lr=4.41e-05
2026-07-16 11:16:29,113 [INFO] trainer: epoch 349 done train_loss=1.1632 dt=30.7s
2026-07-16 11:17:00,176 [INFO] trainer: epoch 350 step 50/54 loss=1.1644 lr=4.36e-05
2026-07-16 11:17:02,437 [INFO] trainer: epoch 350 done train_loss=1.1496 dt=33.3s
2026-07-16 11:19:59,120 [INFO] trainer: epoch 350 val_mean_dice=0.7667
2026-07-16 11:20:36,406 [INFO] trainer: epoch 351 step 50/54 loss=1.1572 lr=4.31e-05
2026-07-16 11:20:38,633 [INFO] trainer: epoch 351 done train_loss=1.1589 dt=31.7s
2026-07-16 11:21:27,425 [INFO] trainer: epoch 352 step 50/54 loss=1.1706 lr=4.26e-05
2026-07-16 11:21:29,640 [INFO] trainer: epoch 352 done train_loss=1.1514 dt=51.0s
2026-07-16 11:21:58,496 [INFO] trainer: epoch 353 step 50/54 loss=1.1727 lr=4.21e-05
2026-07-16 11:22:00,723 [INFO] trainer: epoch 353 done train_loss=1.1635 dt=31.1s
2026-07-16 11:22:29,116 [INFO] trainer: epoch 354 step 50/54 loss=1.1634 lr=4.15e-05
2026-07-16 11:22:31,334 [INFO] trainer: epoch 354 done train_loss=1.1586 dt=30.6s
2026-07-16 11:22:59,786 [INFO] trainer: epoch 355 step 50/54 loss=1.1446 lr=4.10e-05
2026-07-16 11:23:02,003 [INFO] trainer: epoch 355 done train_loss=1.1445 dt=30.7s
2026-07-16 11:23:36,861 [INFO] trainer: epoch 356 step 50/54 loss=1.1516 lr=4.05e-05
2026-07-16 11:23:39,243 [INFO] trainer: epoch 356 done train_loss=1.1698 dt=37.2s
2026-07-16 11:24:08,099 [INFO] trainer: epoch 357 step 50/54 loss=1.1339 lr=4.00e-05
2026-07-16 11:24:10,316 [INFO] trainer: epoch 357 done train_loss=1.1491 dt=31.1s
2026-07-16 11:24:38,803 [INFO] trainer: epoch 358 step 50/54 loss=1.2329 lr=3.95e-05
2026-07-16 11:24:41,023 [INFO] trainer: epoch 358 done train_loss=1.2338 dt=30.7s
2026-07-16 11:25:09,800 [INFO] trainer: epoch 359 step 50/54 loss=1.1686 lr=3.90e-05
2026-07-16 11:25:12,024 [INFO] trainer: epoch 359 done train_loss=1.1686 dt=31.0s
2026-07-16 11:25:40,567 [INFO] trainer: epoch 360 step 50/54 loss=1.1440 lr=3.85e-05
2026-07-16 11:25:42,792 [INFO] trainer: epoch 360 done train_loss=1.1487 dt=30.8s
2026-07-16 11:26:21,919 [INFO] trainer: epoch 361 step 50/54 loss=1.1145 lr=3.80e-05
2026-07-16 11:26:24,222 [INFO] trainer: epoch 361 done train_loss=1.1284 dt=34.9s
2026-07-16 11:26:52,985 [INFO] trainer: epoch 362 step 50/54 loss=1.1281 lr=3.75e-05
2026-07-16 11:26:55,205 [INFO] trainer: epoch 362 done train_loss=1.1232 dt=31.0s
2026-07-16 11:27:23,540 [INFO] trainer: epoch 363 step 50/54 loss=1.1572 lr=3.70e-05
2026-07-16 11:27:25,757 [INFO] trainer: epoch 363 done train_loss=1.1388 dt=30.6s
2026-07-16 11:27:54,235 [INFO] trainer: epoch 364 step 50/54 loss=1.1987 lr=3.65e-05
2026-07-16 11:27:56,456 [INFO] trainer: epoch 364 done train_loss=1.1878 dt=30.7s
2026-07-16 11:28:24,892 [INFO] trainer: epoch 365 step 50/54 loss=1.1817 lr=3.60e-05
2026-07-16 11:28:27,109 [INFO] trainer: epoch 365 done train_loss=1.1713 dt=30.7s
2026-07-16 11:28:55,678 [INFO] trainer: epoch 366 step 50/54 loss=1.1471 lr=3.56e-05
2026-07-16 11:28:57,897 [INFO] trainer: epoch 366 done train_loss=1.1358 dt=30.8s
2026-07-16 11:29:30,077 [INFO] trainer: epoch 367 step 50/54 loss=1.1710 lr=3.51e-05
2026-07-16 11:29:32,441 [INFO] trainer: epoch 367 done train_loss=1.1574 dt=34.5s
2026-07-16 11:30:01,257 [INFO] trainer: epoch 368 step 50/54 loss=1.1287 lr=3.46e-05
2026-07-16 11:30:04,061 [INFO] trainer: epoch 368 done train_loss=1.1170 dt=31.6s
2026-07-16 11:30:38,344 [INFO] trainer: epoch 369 step 50/54 loss=1.1501 lr=3.41e-05
2026-07-16 11:30:40,562 [INFO] trainer: epoch 369 done train_loss=1.1437 dt=36.5s
2026-07-16 11:31:09,087 [INFO] trainer: epoch 370 step 50/54 loss=1.1580 lr=3.36e-05
2026-07-16 11:31:11,306 [INFO] trainer: epoch 370 done train_loss=1.1669 dt=30.7s
2026-07-16 11:31:45,080 [INFO] trainer: epoch 371 step 50/54 loss=1.1474 lr=3.32e-05
2026-07-16 11:32:27,536 [INFO] trainer: epoch 371 done train_loss=1.1423 dt=71.0s
2026-07-16 11:33:02,872 [INFO] trainer: epoch 372 step 50/54 loss=1.1180 lr=3.27e-05
2026-07-16 11:33:25,724 [INFO] trainer: epoch 372 done train_loss=1.1170 dt=51.3s
2026-07-16 11:33:54,366 [INFO] trainer: epoch 373 step 50/54 loss=1.1797 lr=3.22e-05
2026-07-16 11:33:56,584 [INFO] trainer: epoch 373 done train_loss=1.1673 dt=30.9s
2026-07-16 11:34:28,259 [INFO] trainer: epoch 374 step 50/54 loss=1.1521 lr=3.18e-05
2026-07-16 11:34:30,578 [INFO] trainer: epoch 374 done train_loss=1.1375 dt=34.0s
2026-07-16 11:34:59,653 [INFO] trainer: epoch 375 step 50/54 loss=1.1376 lr=3.13e-05
2026-07-16 11:35:01,875 [INFO] trainer: epoch 375 done train_loss=1.1429 dt=31.3s
2026-07-16 11:37:54,074 [INFO] trainer: epoch 375 val_mean_dice=0.7713
2026-07-16 11:38:27,069 [INFO] trainer: epoch 376 step 50/54 loss=1.1550 lr=3.09e-05
2026-07-16 11:38:29,287 [INFO] trainer: epoch 376 done train_loss=1.1509 dt=32.2s
2026-07-16 11:39:00,122 [INFO] trainer: epoch 377 step 50/54 loss=1.1314 lr=3.04e-05
2026-07-16 11:39:02,377 [INFO] trainer: epoch 377 done train_loss=1.1383 dt=33.1s
2026-07-16 11:39:31,857 [INFO] trainer: epoch 378 step 50/54 loss=1.1759 lr=3.00e-05
2026-07-16 11:39:34,075 [INFO] trainer: epoch 378 done train_loss=1.1747 dt=31.7s
2026-07-16 11:40:02,741 [INFO] trainer: epoch 379 step 50/54 loss=1.1823 lr=2.95e-05
2026-07-16 11:40:04,960 [INFO] trainer: epoch 379 done train_loss=1.1821 dt=30.9s
2026-07-16 11:40:33,438 [INFO] trainer: epoch 380 step 50/54 loss=1.1689 lr=2.91e-05
2026-07-16 11:40:35,658 [INFO] trainer: epoch 380 done train_loss=1.1664 dt=30.7s
2026-07-16 11:41:10,331 [INFO] trainer: epoch 381 step 50/54 loss=1.1519 lr=2.86e-05
2026-07-16 11:41:12,604 [INFO] trainer: epoch 381 done train_loss=1.1440 dt=34.4s
2026-07-16 11:41:41,890 [INFO] trainer: epoch 382 step 50/54 loss=1.1191 lr=2.82e-05
2026-07-16 11:41:44,118 [INFO] trainer: epoch 382 done train_loss=1.1328 dt=31.5s
2026-07-16 11:42:12,560 [INFO] trainer: epoch 383 step 50/54 loss=1.1679 lr=2.77e-05
2026-07-16 11:42:14,781 [INFO] trainer: epoch 383 done train_loss=1.1626 dt=30.7s
2026-07-16 11:42:43,258 [INFO] trainer: epoch 384 step 50/54 loss=1.1214 lr=2.73e-05
2026-07-16 11:42:45,476 [INFO] trainer: epoch 384 done train_loss=1.1416 dt=30.7s
2026-07-16 11:43:14,134 [INFO] trainer: epoch 385 step 50/54 loss=1.1933 lr=2.69e-05
2026-07-16 11:43:16,359 [INFO] trainer: epoch 385 done train_loss=1.1790 dt=30.9s
2026-07-16 11:43:44,987 [INFO] trainer: epoch 386 step 50/54 loss=1.1267 lr=2.64e-05
2026-07-16 11:43:47,206 [INFO] trainer: epoch 386 done train_loss=1.1408 dt=30.8s
2026-07-16 11:44:17,965 [INFO] trainer: epoch 387 step 50/54 loss=1.1367 lr=2.60e-05
2026-07-16 11:44:20,282 [INFO] trainer: epoch 387 done train_loss=1.1376 dt=33.1s
2026-07-16 11:45:38,778 [INFO] trainer: epoch 388 step 50/54 loss=1.1392 lr=2.56e-05
2026-07-16 11:45:40,995 [INFO] trainer: epoch 388 done train_loss=1.1320 dt=80.7s
2026-07-16 11:46:09,679 [INFO] trainer: epoch 389 step 50/54 loss=1.1433 lr=2.52e-05
2026-07-16 11:46:11,896 [INFO] trainer: epoch 389 done train_loss=1.1481 dt=30.9s
2026-07-16 11:46:40,326 [INFO] trainer: epoch 390 step 50/54 loss=1.1182 lr=2.48e-05
2026-07-16 11:46:42,543 [INFO] trainer: epoch 390 done train_loss=1.1147 dt=30.6s
2026-07-16 11:47:14,567 [INFO] trainer: epoch 391 step 50/54 loss=1.1267 lr=2.44e-05
2026-07-16 11:47:16,785 [INFO] trainer: epoch 391 done train_loss=1.1124 dt=30.8s
2026-07-16 11:47:48,547 [INFO] trainer: epoch 392 step 50/54 loss=1.1471 lr=2.39e-05
2026-07-16 11:47:50,788 [INFO] trainer: epoch 392 done train_loss=1.1501 dt=34.0s
2026-07-16 11:48:19,325 [INFO] trainer: epoch 393 step 50/54 loss=1.1587 lr=2.35e-05
2026-07-16 11:48:21,548 [INFO] trainer: epoch 393 done train_loss=1.1795 dt=30.8s
2026-07-16 11:48:50,149 [INFO] trainer: epoch 394 step 50/54 loss=1.1632 lr=2.31e-05
2026-07-16 11:48:52,369 [INFO] trainer: epoch 394 done train_loss=1.1736 dt=30.8s
2026-07-16 11:49:20,706 [INFO] trainer: epoch 395 step 50/54 loss=1.1593 lr=2.27e-05
2026-07-16 11:49:22,928 [INFO] trainer: epoch 395 done train_loss=1.1579 dt=30.6s
2026-07-16 11:49:54,197 [INFO] trainer: epoch 396 step 50/54 loss=1.1133 lr=2.23e-05
2026-07-16 11:49:56,444 [INFO] trainer: epoch 396 done train_loss=1.1126 dt=33.5s
2026-07-16 11:50:25,376 [INFO] trainer: epoch 397 step 50/54 loss=1.1527 lr=2.19e-05
2026-07-16 11:50:27,598 [INFO] trainer: epoch 397 done train_loss=1.1632 dt=31.2s
2026-07-16 11:50:56,260 [INFO] trainer: epoch 398 step 50/54 loss=1.1450 lr=2.16e-05
2026-07-16 11:50:58,478 [INFO] trainer: epoch 398 done train_loss=1.1499 dt=30.9s
2026-07-16 11:51:27,133 [INFO] trainer: epoch 399 step 50/54 loss=1.1524 lr=2.12e-05
2026-07-16 11:51:29,353 [INFO] trainer: epoch 399 done train_loss=1.1507 dt=30.9s
2026-07-16 11:51:58,051 [INFO] trainer: epoch 400 step 50/54 loss=1.1220 lr=2.08e-05
2026-07-16 11:52:00,275 [INFO] trainer: epoch 400 done train_loss=1.1195 dt=30.9s
2026-07-16 11:54:49,654 [INFO] trainer: epoch 400 val_mean_dice=0.7717
2026-07-16 11:55:26,047 [INFO] trainer: epoch 401 step 50/54 loss=1.1262 lr=2.04e-05
2026-07-16 11:55:28,264 [INFO] trainer: epoch 401 done train_loss=1.1218 dt=31.8s
2026-07-16 11:55:56,859 [INFO] trainer: epoch 402 step 50/54 loss=1.1801 lr=2.00e-05
2026-07-16 11:55:59,076 [INFO] trainer: epoch 402 done train_loss=1.1697 dt=30.8s
2026-07-16 11:56:27,656 [INFO] trainer: epoch 403 step 50/54 loss=1.1360 lr=1.97e-05
2026-07-16 11:56:29,874 [INFO] trainer: epoch 403 done train_loss=1.1336 dt=30.8s
2026-07-16 11:56:58,459 [INFO] trainer: epoch 404 step 50/54 loss=1.1930 lr=1.93e-05
2026-07-16 11:57:00,678 [INFO] trainer: epoch 404 done train_loss=1.1932 dt=30.8s
2026-07-16 11:57:35,083 [INFO] trainer: epoch 405 step 50/54 loss=1.1402 lr=1.89e-05
2026-07-16 11:57:37,367 [INFO] trainer: epoch 405 done train_loss=1.1515 dt=36.7s
2026-07-16 11:58:06,141 [INFO] trainer: epoch 406 step 50/54 loss=1.1430 lr=1.86e-05
2026-07-16 11:58:08,360 [INFO] trainer: epoch 406 done train_loss=1.1468 dt=31.0s
2026-07-16 11:58:36,985 [INFO] trainer: epoch 407 step 50/54 loss=1.1212 lr=1.82e-05
2026-07-16 11:58:39,205 [INFO] trainer: epoch 407 done train_loss=1.1225 dt=30.8s
2026-07-16 11:59:07,628 [INFO] trainer: epoch 408 step 50/54 loss=1.1266 lr=1.78e-05
2026-07-16 11:59:09,847 [INFO] trainer: epoch 408 done train_loss=1.1355 dt=30.6s
2026-07-16 11:59:41,410 [INFO] trainer: epoch 409 step 50/54 loss=1.1178 lr=1.75e-05
2026-07-16 11:59:43,659 [INFO] trainer: epoch 409 done train_loss=1.1327 dt=33.8s
2026-07-16 12:00:12,752 [INFO] trainer: epoch 410 step 50/54 loss=1.1662 lr=1.71e-05
2026-07-16 12:00:14,969 [INFO] trainer: epoch 410 done train_loss=1.1680 dt=31.3s
2026-07-16 12:00:46,920 [INFO] trainer: epoch 411 step 50/54 loss=1.1570 lr=1.68e-05
2026-07-16 12:00:49,140 [INFO] trainer: epoch 411 done train_loss=1.1535 dt=30.6s
2026-07-16 12:01:17,664 [INFO] trainer: epoch 412 step 50/54 loss=1.1369 lr=1.64e-05
2026-07-16 12:01:19,884 [INFO] trainer: epoch 412 done train_loss=1.1278 dt=30.7s
2026-07-16 12:01:55,311 [INFO] trainer: epoch 413 step 50/54 loss=1.1507 lr=1.61e-05
2026-07-16 12:01:58,021 [INFO] trainer: epoch 413 done train_loss=1.1502 dt=38.1s
2026-07-16 12:02:30,180 [INFO] trainer: epoch 414 step 50/54 loss=1.1421 lr=1.58e-05
2026-07-16 12:02:32,401 [INFO] trainer: epoch 414 done train_loss=1.1481 dt=34.4s
2026-07-16 12:03:00,984 [INFO] trainer: epoch 415 step 50/54 loss=1.1958 lr=1.54e-05
2026-07-16 12:03:03,202 [INFO] trainer: epoch 415 done train_loss=1.1874 dt=30.8s
2026-07-16 12:03:31,715 [INFO] trainer: epoch 416 step 50/54 loss=1.0922 lr=1.51e-05
2026-07-16 12:03:33,939 [INFO] trainer: epoch 416 done train_loss=1.0953 dt=30.7s
2026-07-16 12:04:02,390 [INFO] trainer: epoch 417 step 50/54 loss=1.1624 lr=1.48e-05
2026-07-16 12:04:04,611 [INFO] trainer: epoch 417 done train_loss=1.1473 dt=30.7s
2026-07-16 12:04:33,305 [INFO] trainer: epoch 418 step 50/54 loss=1.1088 lr=1.45e-05
2026-07-16 12:04:35,525 [INFO] trainer: epoch 418 done train_loss=1.1185 dt=30.9s
2026-07-16 12:05:04,080 [INFO] trainer: epoch 419 step 50/54 loss=1.1615 lr=1.41e-05
2026-07-16 12:05:06,300 [INFO] trainer: epoch 419 done train_loss=1.1550 dt=30.8s
2026-07-16 12:05:37,907 [INFO] trainer: epoch 420 step 50/54 loss=1.1492 lr=1.38e-05
2026-07-16 12:05:40,178 [INFO] trainer: epoch 420 done train_loss=1.1550 dt=33.9s
2026-07-16 12:06:41,869 [INFO] trainer: epoch 421 step 50/54 loss=1.1791 lr=1.35e-05
2026-07-16 12:06:44,086 [INFO] trainer: epoch 421 done train_loss=1.1733 dt=31.1s
2026-07-16 12:07:12,447 [INFO] trainer: epoch 422 step 50/54 loss=1.1352 lr=1.32e-05
2026-07-16 12:07:14,665 [INFO] trainer: epoch 422 done train_loss=1.1441 dt=30.6s
2026-07-16 12:07:46,539 [INFO] trainer: epoch 423 step 50/54 loss=1.0724 lr=1.29e-05
2026-07-16 12:07:48,972 [INFO] trainer: epoch 423 done train_loss=1.0901 dt=34.3s
2026-07-16 12:08:36,398 [INFO] trainer: epoch 424 step 50/54 loss=1.1272 lr=1.26e-05
2026-07-16 12:08:38,618 [INFO] trainer: epoch 424 done train_loss=1.1227 dt=49.6s
2026-07-16 12:09:06,990 [INFO] trainer: epoch 425 step 50/54 loss=1.1174 lr=1.23e-05
2026-07-16 12:09:09,208 [INFO] trainer: epoch 425 done train_loss=1.1198 dt=30.6s
2026-07-16 12:12:20,199 [INFO] trainer: epoch 425 val_mean_dice=0.7719
2026-07-16 12:12:53,904 [INFO] trainer: epoch 426 step 50/54 loss=1.1224 lr=1.20e-05
2026-07-16 12:12:56,143 [INFO] trainer: epoch 426 done train_loss=1.1258 dt=31.1s
2026-07-16 12:13:24,764 [INFO] trainer: epoch 427 step 50/54 loss=1.1526 lr=1.17e-05
2026-07-16 12:13:26,984 [INFO] trainer: epoch 427 done train_loss=1.1520 dt=30.8s
2026-07-16 12:14:03,879 [INFO] trainer: epoch 428 step 50/54 loss=1.1120 lr=1.14e-05
2026-07-16 12:14:06,213 [INFO] trainer: epoch 428 done train_loss=1.1250 dt=39.2s
2026-07-16 12:14:40,459 [INFO] trainer: epoch 429 step 50/54 loss=1.1409 lr=1.12e-05
2026-07-16 12:14:42,678 [INFO] trainer: epoch 429 done train_loss=1.1375 dt=36.5s
2026-07-16 12:15:11,350 [INFO] trainer: epoch 430 step 50/54 loss=1.1386 lr=1.09e-05
2026-07-16 12:15:13,568 [INFO] trainer: epoch 430 done train_loss=1.1550 dt=30.9s
2026-07-16 12:16:00,878 [INFO] trainer: epoch 431 step 50/54 loss=1.1066 lr=1.06e-05
2026-07-16 12:16:03,096 [INFO] trainer: epoch 431 done train_loss=1.1124 dt=30.8s
2026-07-16 12:16:31,752 [INFO] trainer: epoch 432 step 50/54 loss=1.1559 lr=1.03e-05
2026-07-16 12:16:33,972 [INFO] trainer: epoch 432 done train_loss=1.1583 dt=30.9s
2026-07-16 12:17:06,589 [INFO] trainer: epoch 433 step 50/54 loss=1.1242 lr=1.01e-05
2026-07-16 12:17:09,067 [INFO] trainer: epoch 433 done train_loss=1.1290 dt=35.1s
2026-07-16 12:17:44,972 [INFO] trainer: epoch 434 step 50/54 loss=1.1045 lr=9.80e-06
2026-07-16 12:17:47,179 [INFO] trainer: epoch 434 done train_loss=1.1150 dt=38.1s
2026-07-16 12:18:15,833 [INFO] trainer: epoch 435 step 50/54 loss=1.0897 lr=9.54e-06
2026-07-16 12:18:18,052 [INFO] trainer: epoch 435 done train_loss=1.0914 dt=30.9s
2026-07-16 12:18:46,577 [INFO] trainer: epoch 436 step 50/54 loss=1.1959 lr=9.28e-06
2026-07-16 12:18:48,794 [INFO] trainer: epoch 436 done train_loss=1.1820 dt=30.7s
2026-07-16 12:19:17,355 [INFO] trainer: epoch 437 step 50/54 loss=1.1344 lr=9.03e-06
2026-07-16 12:19:19,572 [INFO] trainer: epoch 437 done train_loss=1.1334 dt=30.8s
2026-07-16 12:19:48,082 [INFO] trainer: epoch 438 step 50/54 loss=1.1388 lr=8.78e-06
2026-07-16 12:19:50,305 [INFO] trainer: epoch 438 done train_loss=1.1474 dt=30.7s
2026-07-16 12:20:24,200 [INFO] trainer: epoch 439 step 50/54 loss=1.1543 lr=8.53e-06
2026-07-16 12:20:26,541 [INFO] trainer: epoch 439 done train_loss=1.1466 dt=36.2s
2026-07-16 12:20:55,933 [INFO] trainer: epoch 440 step 50/54 loss=1.1953 lr=8.29e-06
2026-07-16 12:20:58,152 [INFO] trainer: epoch 440 done train_loss=1.1989 dt=31.6s
2026-07-16 12:21:30,430 [INFO] trainer: epoch 441 step 50/54 loss=1.1023 lr=8.05e-06
2026-07-16 12:21:32,648 [INFO] trainer: epoch 441 done train_loss=1.1001 dt=30.9s
2026-07-16 12:22:01,151 [INFO] trainer: epoch 442 step 50/54 loss=1.1403 lr=7.82e-06
2026-07-16 12:22:03,370 [INFO] trainer: epoch 442 done train_loss=1.1385 dt=30.7s
2026-07-16 12:22:32,111 [INFO] trainer: epoch 443 step 50/54 loss=1.1417 lr=7.59e-06
2026-07-16 12:22:34,331 [INFO] trainer: epoch 443 done train_loss=1.1338 dt=31.0s
2026-07-16 12:23:08,216 [INFO] trainer: epoch 444 step 50/54 loss=1.1115 lr=7.36e-06
2026-07-16 12:23:10,567 [INFO] trainer: epoch 444 done train_loss=1.1050 dt=36.2s
2026-07-16 12:23:39,227 [INFO] trainer: epoch 445 step 50/54 loss=1.1511 lr=7.14e-06
2026-07-16 12:23:41,445 [INFO] trainer: epoch 445 done train_loss=1.1373 dt=30.9s
2026-07-16 12:24:10,164 [INFO] trainer: epoch 446 step 50/54 loss=1.1642 lr=6.92e-06
2026-07-16 12:24:12,388 [INFO] trainer: epoch 446 done train_loss=1.1554 dt=30.9s
2026-07-16 12:24:41,373 [INFO] trainer: epoch 447 step 50/54 loss=1.1661 lr=6.71e-06
2026-07-16 12:24:43,593 [INFO] trainer: epoch 447 done train_loss=1.1691 dt=31.2s
2026-07-16 12:25:16,657 [INFO] trainer: epoch 448 step 50/54 loss=1.1077 lr=6.49e-06
2026-07-16 12:25:19,272 [INFO] trainer: epoch 448 done train_loss=1.1075 dt=35.7s
2026-07-16 12:25:50,952 [INFO] trainer: epoch 449 step 50/54 loss=1.1823 lr=6.29e-06
2026-07-16 12:25:53,172 [INFO] trainer: epoch 449 done train_loss=1.1767 dt=33.9s
2026-07-16 12:26:21,849 [INFO] trainer: epoch 450 step 50/54 loss=1.0953 lr=6.08e-06
2026-07-16 12:26:24,070 [INFO] trainer: epoch 450 done train_loss=1.1093 dt=30.9s
2026-07-16 12:29:29,567 [INFO] trainer: epoch 450 val_mean_dice=0.7726
2026-07-16 12:30:07,669 [INFO] trainer: epoch 451 step 50/54 loss=1.1239 lr=5.88e-06
2026-07-16 12:30:09,955 [INFO] trainer: epoch 451 done train_loss=1.1402 dt=34.1s
2026-07-16 12:30:38,902 [INFO] trainer: epoch 452 step 50/54 loss=1.1087 lr=5.69e-06
2026-07-16 12:30:41,122 [INFO] trainer: epoch 452 done train_loss=1.1085 dt=31.2s
2026-07-16 12:31:09,741 [INFO] trainer: epoch 453 step 50/54 loss=1.1368 lr=5.50e-06
2026-07-16 12:31:11,963 [INFO] trainer: epoch 453 done train_loss=1.1451 dt=30.8s
2026-07-16 12:31:40,538 [INFO] trainer: epoch 454 step 50/54 loss=1.1049 lr=5.31e-06
2026-07-16 12:31:42,758 [INFO] trainer: epoch 454 done train_loss=1.1387 dt=30.8s
2026-07-16 12:32:17,417 [INFO] trainer: epoch 455 step 50/54 loss=1.1618 lr=5.13e-06
2026-07-16 12:32:19,717 [INFO] trainer: epoch 455 done train_loss=1.1638 dt=37.0s
2026-07-16 12:32:49,978 [INFO] trainer: epoch 456 step 50/54 loss=1.0905 lr=4.95e-06
2026-07-16 12:32:52,199 [INFO] trainer: epoch 456 done train_loss=1.0923 dt=32.5s
2026-07-16 12:33:20,593 [INFO] trainer: epoch 457 step 50/54 loss=1.1616 lr=4.77e-06
2026-07-16 12:33:22,813 [INFO] trainer: epoch 457 done train_loss=1.1563 dt=30.6s
2026-07-16 12:33:51,301 [INFO] trainer: epoch 458 step 50/54 loss=1.1139 lr=4.60e-06
2026-07-16 12:33:53,529 [INFO] trainer: epoch 458 done train_loss=1.1082 dt=30.7s
2026-07-16 12:34:22,209 [INFO] trainer: epoch 459 step 50/54 loss=1.1514 lr=4.43e-06
2026-07-16 12:34:24,429 [INFO] trainer: epoch 459 done train_loss=1.1430 dt=30.9s
2026-07-16 12:34:57,175 [INFO] trainer: epoch 460 step 50/54 loss=1.1175 lr=4.27e-06
2026-07-16 12:34:59,504 [INFO] trainer: epoch 460 done train_loss=1.1254 dt=35.1s
2026-07-16 12:35:33,167 [INFO] trainer: epoch 461 step 50/54 loss=1.1448 lr=4.11e-06
2026-07-16 12:35:35,378 [INFO] trainer: epoch 461 done train_loss=1.1359 dt=32.9s
2026-07-16 12:36:03,792 [INFO] trainer: epoch 462 step 50/54 loss=1.1576 lr=3.95e-06
2026-07-16 12:36:06,010 [INFO] trainer: epoch 462 done train_loss=1.1603 dt=30.6s
2026-07-16 12:36:34,631 [INFO] trainer: epoch 463 step 50/54 loss=1.1232 lr=3.80e-06
2026-07-16 12:36:36,851 [INFO] trainer: epoch 463 done train_loss=1.1230 dt=30.8s
2026-07-16 12:37:05,553 [INFO] trainer: epoch 464 step 50/54 loss=1.1103 lr=3.65e-06
2026-07-16 12:37:07,778 [INFO] trainer: epoch 464 done train_loss=1.1161 dt=30.9s
2026-07-16 12:37:40,214 [INFO] trainer: epoch 465 step 50/54 loss=1.1341 lr=3.51e-06
2026-07-16 12:37:42,494 [INFO] trainer: epoch 465 done train_loss=1.1295 dt=34.7s
2026-07-16 12:38:14,248 [INFO] trainer: epoch 466 step 50/54 loss=1.0868 lr=3.36e-06
2026-07-16 12:38:16,477 [INFO] trainer: epoch 466 done train_loss=1.0923 dt=34.0s
2026-07-16 12:38:45,049 [INFO] trainer: epoch 467 step 50/54 loss=1.1361 lr=3.23e-06
2026-07-16 12:38:47,277 [INFO] trainer: epoch 467 done train_loss=1.1317 dt=30.8s
2026-07-16 12:39:15,951 [INFO] trainer: epoch 468 step 50/54 loss=1.1002 lr=3.10e-06
2026-07-16 12:39:18,172 [INFO] trainer: epoch 468 done train_loss=1.1037 dt=30.9s
2026-07-16 12:39:46,743 [INFO] trainer: epoch 469 step 50/54 loss=1.1226 lr=2.97e-06
2026-07-16 12:39:48,963 [INFO] trainer: epoch 469 done train_loss=1.1164 dt=30.8s
2026-07-16 12:40:20,482 [INFO] trainer: epoch 470 step 50/54 loss=1.0914 lr=2.84e-06
2026-07-16 12:40:22,761 [INFO] trainer: epoch 470 done train_loss=1.1013 dt=33.8s
2026-07-16 12:40:54,778 [INFO] trainer: epoch 471 step 50/54 loss=1.1508 lr=2.72e-06
2026-07-16 12:40:56,998 [INFO] trainer: epoch 471 done train_loss=1.1492 dt=31.4s
2026-07-16 12:41:25,634 [INFO] trainer: epoch 472 step 50/54 loss=1.1309 lr=2.61e-06
2026-07-16 12:41:27,855 [INFO] trainer: epoch 472 done train_loss=1.1170 dt=30.9s
2026-07-16 12:41:56,399 [INFO] trainer: epoch 473 step 50/54 loss=1.1667 lr=2.50e-06
2026-07-16 12:41:58,619 [INFO] trainer: epoch 473 done train_loss=1.1567 dt=30.8s
2026-07-16 12:42:30,999 [INFO] trainer: epoch 474 step 50/54 loss=1.1432 lr=2.39e-06
2026-07-16 12:42:33,259 [INFO] trainer: epoch 474 done train_loss=1.1506 dt=34.6s
2026-07-16 12:43:02,228 [INFO] trainer: epoch 475 step 50/54 loss=1.1290 lr=2.28e-06
2026-07-16 12:43:04,447 [INFO] trainer: epoch 475 done train_loss=1.1235 dt=31.2s
2026-07-16 12:46:02,193 [INFO] trainer: epoch 475 val_mean_dice=0.7730
2026-07-16 12:46:36,094 [INFO] trainer: epoch 476 step 50/54 loss=1.1469 lr=2.18e-06
2026-07-16 12:46:38,311 [INFO] trainer: epoch 476 done train_loss=1.1531 dt=32.0s
2026-07-16 12:47:07,098 [INFO] trainer: epoch 477 step 50/54 loss=1.1705 lr=2.09e-06
2026-07-16 12:47:09,326 [INFO] trainer: epoch 477 done train_loss=1.1658 dt=31.0s
2026-07-16 12:47:41,381 [INFO] trainer: epoch 478 step 50/54 loss=1.1005 lr=1.99e-06
2026-07-16 12:47:43,726 [INFO] trainer: epoch 478 done train_loss=1.0986 dt=34.4s
2026-07-16 12:48:12,517 [INFO] trainer: epoch 479 step 50/54 loss=1.0797 lr=1.91e-06
2026-07-16 12:48:14,743 [INFO] trainer: epoch 479 done train_loss=1.0825 dt=31.0s
2026-07-16 12:48:43,274 [INFO] trainer: epoch 480 step 50/54 loss=1.1564 lr=1.82e-06
2026-07-16 12:48:45,511 [INFO] trainer: epoch 480 done train_loss=1.1529 dt=30.8s
2026-07-16 12:49:16,755 [INFO] trainer: epoch 481 step 50/54 loss=1.1219 lr=1.74e-06
2026-07-16 12:49:21,775 [INFO] trainer: epoch 481 done train_loss=1.1192 dt=33.6s
2026-07-16 12:49:51,727 [INFO] trainer: epoch 482 step 50/54 loss=1.1570 lr=1.67e-06
2026-07-16 12:49:53,947 [INFO] trainer: epoch 482 done train_loss=1.1437 dt=32.2s
2026-07-16 12:50:22,442 [INFO] trainer: epoch 483 step 50/54 loss=1.1023 lr=1.60e-06
2026-07-16 12:50:24,662 [INFO] trainer: epoch 483 done train_loss=1.0999 dt=30.7s
2026-07-16 12:50:53,050 [INFO] trainer: epoch 484 step 50/54 loss=1.1064 lr=1.53e-06
2026-07-16 12:50:55,271 [INFO] trainer: epoch 484 done train_loss=1.0906 dt=30.6s
2026-07-16 12:51:26,304 [INFO] trainer: epoch 485 step 50/54 loss=1.1257 lr=1.46e-06
2026-07-16 12:51:28,578 [INFO] trainer: epoch 485 done train_loss=1.1136 dt=33.3s
2026-07-16 12:52:00,132 [INFO] trainer: epoch 486 step 50/54 loss=1.1581 lr=1.40e-06
2026-07-16 12:52:02,352 [INFO] trainer: epoch 486 done train_loss=1.1484 dt=33.8s
2026-07-16 12:52:30,886 [INFO] trainer: epoch 487 step 50/54 loss=1.1441 lr=1.35e-06
2026-07-16 12:52:33,107 [INFO] trainer: epoch 487 done train_loss=1.1468 dt=30.8s
2026-07-16 12:53:01,562 [INFO] trainer: epoch 488 step 50/54 loss=1.1007 lr=1.30e-06
2026-07-16 12:53:03,781 [INFO] trainer: epoch 488 done train_loss=1.0998 dt=30.7s
2026-07-16 12:53:37,199 [INFO] trainer: epoch 489 step 50/54 loss=1.1326 lr=1.25e-06
2026-07-16 12:53:39,594 [INFO] trainer: epoch 489 done train_loss=1.1284 dt=35.8s
2026-07-16 12:54:09,385 [INFO] trainer: epoch 490 step 50/54 loss=1.0961 lr=1.21e-06
2026-07-16 12:54:11,609 [INFO] trainer: epoch 490 done train_loss=1.1098 dt=32.0s
2026-07-16 12:54:42,922 [INFO] trainer: epoch 491 step 50/54 loss=1.1182 lr=1.17e-06
2026-07-16 12:54:45,143 [INFO] trainer: epoch 491 done train_loss=1.1113 dt=30.7s
2026-07-16 12:55:13,801 [INFO] trainer: epoch 492 step 50/54 loss=1.1607 lr=1.13e-06
2026-07-16 12:55:16,022 [INFO] trainer: epoch 492 done train_loss=1.1556 dt=30.9s
2026-07-16 12:55:44,423 [INFO] trainer: epoch 493 step 50/54 loss=1.1729 lr=1.10e-06
2026-07-16 12:55:46,640 [INFO] trainer: epoch 493 done train_loss=1.1749 dt=30.6s
2026-07-16 12:56:15,100 [INFO] trainer: epoch 494 step 50/54 loss=1.1863 lr=1.08e-06
2026-07-16 12:56:17,320 [INFO] trainer: epoch 494 done train_loss=1.1888 dt=30.7s
2026-07-16 12:56:45,776 [INFO] trainer: epoch 495 step 50/54 loss=1.1764 lr=1.05e-06
2026-07-16 12:56:47,994 [INFO] trainer: epoch 495 done train_loss=1.1757 dt=30.7s
2026-07-16 12:57:16,737 [INFO] trainer: epoch 496 step 50/54 loss=1.0739 lr=1.03e-06
2026-07-16 12:57:18,956 [INFO] trainer: epoch 496 done train_loss=1.0724 dt=31.0s
2026-07-16 12:57:52,419 [INFO] trainer: epoch 497 step 50/54 loss=1.1498 lr=1.02e-06
2026-07-16 12:57:54,665 [INFO] trainer: epoch 497 done train_loss=1.1481 dt=35.7s
2026-07-16 12:58:23,240 [INFO] trainer: epoch 498 step 50/54 loss=1.1435 lr=1.01e-06
2026-07-16 12:58:25,465 [INFO] trainer: epoch 498 done train_loss=1.1476 dt=30.8s
2026-07-16 12:58:53,963 [INFO] trainer: epoch 499 step 50/54 loss=1.1151 lr=1.00e-06
2026-07-16 12:58:56,183 [INFO] trainer: epoch 499 done train_loss=1.1173 dt=30.7s
2026-07-16 12:59:24,657 [INFO] trainer: epoch 500 step 50/54 loss=1.1561 lr=1.00e-06
2026-07-16 12:59:26,880 [INFO] trainer: epoch 500 done train_loss=1.1579 dt=30.7s
2026-07-16 13:02:52,990 [INFO] trainer: epoch 500 val_mean_dice=0.7731
2026-07-16 13:03:03,639 [INFO] trainer: early stopping at epoch 500: 5 val rounds without >=0.0020 dice gain (best=0.7731)
2026-07-16 13:03:08,222 [INFO] trainer: total time 20195.0 s, best dice 0.7731 (epochs 1-500 / 500)
